# Logfile created on 2026-09-09 20:57:37 +0200 by logger.rb/v1.5.3
2026-09-09 20:57:37 +0200: Memory Usage (454280K) : Starting running IHP-SG13G2 KLayout DRC runset on /foss/designs/aion_chip/flow/regress/AION_nand2_o21ai_0/baseline/reference_AION_nand2_o21ai_0.gds
2026-09-09 20:57:37 +0200: Memory Usage (454280K) : Ruby Version for klayout: 3.2.3
2026-09-09 20:57:37 +0200: Memory Usage (455460K) : Loading database to memory is complete.
2026-09-09 20:57:37 +0200: Memory Usage (455460K) : IHP-SG13G2 KLayout DRC runset output at: /foss/designs/aion_chip/flow/regress/AION_nand2_o21ai_0/baseline/drc/reference_AION_nand2_o21ai_0.klayout.drc/reference_AION_nand2_o21ai_0_reference_AION_nand2_o21ai_0_schottkydiode.lyrdb
2026-09-09 20:57:37 +0200: Memory Usage (455460K) : Evaluate switches.
2026-09-09 20:57:37 +0200: Memory Usage (455460K) : tables selected: schottkydiode
2026-09-09 20:57:37 +0200: Memory Usage (455460K) : KLayout will use 15 thread(s) in tiling mode.
2026-09-09 20:57:37 +0200: Memory Usage (455460K) : deep mode is enabled.
2026-09-09 20:57:37 +0200: Memory Usage (455460K) : FEOL enabled: false
2026-09-09 20:57:37 +0200: Memory Usage (455460K) : BEOL enabled: false
2026-09-09 20:57:37 +0200: Memory Usage (455460K) : OFFGRID enabled: true
2026-09-09 20:57:37 +0200: Memory Usage (455460K) : ANGLE enabled: true
2026-09-09 20:57:37 +0200: Memory Usage (455460K) : PIN enabled: false
2026-09-09 20:57:37 +0200: Memory Usage (455460K) : FORBIDDEN enabled: false
2026-09-09 20:57:37 +0200: Memory Usage (455460K) : RECOMMENDED enabled: true
2026-09-09 20:57:37 +0200: Memory Usage (455460K) : PreCheck DRC enabled: false
2026-09-09 20:57:37 +0200: Memory Usage (455460K) : CONNECTIVITY_RULES enabled: false.
2026-09-09 20:57:37 +0200: Memory Usage (455460K) : Read in polygons from layers.
2026-09-09 20:57:37 +0200: Memory Usage (456600K) : activ_drw has 6 polygons
2026-09-09 20:57:37 +0200: Memory Usage (456600K) : activ_pin has 0 polygons
2026-09-09 20:57:37 +0200: Memory Usage (456600K) : activ_mask has 0 polygons
2026-09-09 20:57:37 +0200: Memory Usage (456600K) : activ_filler has 0 polygons
2026-09-09 20:57:37 +0200: Memory Usage (456600K) : activ_nofill has 0 polygons
2026-09-09 20:57:37 +0200: Memory Usage (456600K) : activ_opc has 0 polygons
2026-09-09 20:57:37 +0200: Memory Usage (456600K) : activ_iopc has 0 polygons
2026-09-09 20:57:37 +0200: Memory Usage (456600K) : activ_noqrc has 0 polygons
2026-09-09 20:57:37 +0200: Memory Usage (456600K) : biwind_drw has 0 polygons
2026-09-09 20:57:37 +0200: Memory Usage (456600K) : biwind_opc has 0 polygons
2026-09-09 20:57:37 +0200: Memory Usage (456600K) : pemwind_drw has 0 polygons
2026-09-09 20:57:37 +0200: Memory Usage (456792K) : gatpoly_drw has 5 polygons
2026-09-09 20:57:37 +0200: Memory Usage (456792K) : gatpoly_pin has 0 polygons
2026-09-09 20:57:37 +0200: Memory Usage (456792K) : gatpoly_filler has 0 polygons
2026-09-09 20:57:37 +0200: Memory Usage (456792K) : gatpoly_nofill has 0 polygons
2026-09-09 20:57:37 +0200: Memory Usage (456792K) : gatpoly_opc has 0 polygons
2026-09-09 20:57:37 +0200: Memory Usage (456792K) : gatpoly_iopc has 0 polygons
2026-09-09 20:57:37 +0200: Memory Usage (456792K) : gatpoly_noqrc has 0 polygons
2026-09-09 20:57:37 +0200: Memory Usage (456792K) : cont_drw has 51 polygons
2026-09-09 20:57:37 +0200: Memory Usage (456952K) : cont_opc has 0 polygons
2026-09-09 20:57:37 +0200: Memory Usage (456952K) : nsd_drw has 0 polygons
2026-09-09 20:57:37 +0200: Memory Usage (456952K) : nsd_block has 0 polygons
2026-09-09 20:57:37 +0200: Memory Usage (457152K) : metal1_drw has 11 polygons
2026-09-09 20:57:37 +0200: Memory Usage (457152K) : metal1_pin has 7 polygons
2026-09-09 20:57:37 +0200: Memory Usage (457152K) : metal1_mask has 0 polygons
2026-09-09 20:57:37 +0200: Memory Usage (457312K) : metal1_filler has 0 polygons
2026-09-09 20:57:37 +0200: Memory Usage (457312K) : metal1_nofill has 0 polygons
2026-09-09 20:57:37 +0200: Memory Usage (457312K) : metal1_slit has 0 polygons
2026-09-09 20:57:37 +0200: Memory Usage (457664K) : metal1_text has 7 polygons
2026-09-09 20:57:37 +0200: Memory Usage (457664K) : metal1_opc has 0 polygons
2026-09-09 20:57:37 +0200: Memory Usage (457664K) : metal1_noqrc has 0 polygons
2026-09-09 20:57:37 +0200: Memory Usage (457824K) : metal1_res has 0 polygons
2026-09-09 20:57:37 +0200: Memory Usage (457824K) : metal1_iprobe has 0 polygons
2026-09-09 20:57:37 +0200: Memory Usage (457824K) : metal1_diffprb has 0 polygons
2026-09-09 20:57:37 +0200: Memory Usage (457984K) : passiv_drw has 0 polygons
2026-09-09 20:57:37 +0200: Memory Usage (457984K) : passiv_pin has 0 polygons
2026-09-09 20:57:37 +0200: Memory Usage (457984K) : passiv_sbump has 0 polygons
2026-09-09 20:57:37 +0200: Memory Usage (458144K) : passiv_pillar has 0 polygons
2026-09-09 20:57:37 +0200: Memory Usage (458144K) : passiv_pdl has 0 polygons
2026-09-09 20:57:37 +0200: Memory Usage (458144K) : metal2_drw has 1 polygons
2026-09-09 20:57:37 +0200: Memory Usage (458144K) : metal2_pin has 0 polygons
2026-09-09 20:57:37 +0200: Memory Usage (458144K) : metal2_mask has 0 polygons
2026-09-09 20:57:37 +0200: Memory Usage (458144K) : metal2_filler has 0 polygons
2026-09-09 20:57:37 +0200: Memory Usage (458144K) : metal2_nofill has 0 polygons
2026-09-09 20:57:37 +0200: Memory Usage (458144K) : metal2_slit has 0 polygons
2026-09-09 20:57:37 +0200: Memory Usage (458144K) : metal2_text has 0 polygons
2026-09-09 20:57:37 +0200: Memory Usage (458144K) : metal2_opc has 0 polygons
2026-09-09 20:57:37 +0200: Memory Usage (458464K) : metal2_noqrc has 0 polygons
2026-09-09 20:57:37 +0200: Memory Usage (458464K) : metal2_res has 0 polygons
2026-09-09 20:57:37 +0200: Memory Usage (458464K) : metal2_iprobe has 0 polygons
2026-09-09 20:57:37 +0200: Memory Usage (458464K) : metal2_diffprb has 0 polygons
2026-09-09 20:57:37 +0200: Memory Usage (458464K) : baspoly_drw has 0 polygons
2026-09-09 20:57:37 +0200: Memory Usage (458464K) : baspoly_pin has 0 polygons
2026-09-09 20:57:37 +0200: Memory Usage (458464K) : psd_drw has 2 polygons
2026-09-09 20:57:37 +0200: Memory Usage (458624K) : nldb_drw has 0 polygons
2026-09-09 20:57:37 +0200: Memory Usage (458624K) : digibnd_drw has 0 polygons
2026-09-09 20:57:37 +0200: Memory Usage (458784K) : via1_drw has 2 polygons
2026-09-09 20:57:37 +0200: Memory Usage (458784K) : backmetal1_drw has 0 polygons
2026-09-09 20:57:37 +0200: Memory Usage (458784K) : backmetal1_pin has 0 polygons
2026-09-09 20:57:37 +0200: Memory Usage (458944K) : backmetal1_mask has 0 polygons
2026-09-09 20:57:37 +0200: Memory Usage (458944K) : backmetal1_filler has 0 polygons
2026-09-09 20:57:37 +0200: Memory Usage (458944K) : backmetal1_nofill has 0 polygons
2026-09-09 20:57:37 +0200: Memory Usage (459104K) : backmetal1_slit has 0 polygons
2026-09-09 20:57:37 +0200: Memory Usage (459104K) : backmetal1_text has 0 polygons
2026-09-09 20:57:37 +0200: Memory Usage (459104K) : backmetal1_opc has 0 polygons
2026-09-09 20:57:37 +0200: Memory Usage (459264K) : backmetal1_noqrc has 0 polygons
2026-09-09 20:57:37 +0200: Memory Usage (459264K) : backmetal1_res has 0 polygons
2026-09-09 20:57:37 +0200: Memory Usage (459424K) : backmetal1_iprobe has 0 polygons
2026-09-09 20:57:37 +0200: Memory Usage (459424K) : backmetal1_diffprb has 0 polygons
2026-09-09 20:57:37 +0200: Memory Usage (459584K) : backpassiv_drw has 0 polygons
2026-09-09 20:57:37 +0200: Memory Usage (459584K) : res_drw has 0 polygons
2026-09-09 20:57:37 +0200: Memory Usage (459584K) : sram_drw has 0 polygons
2026-09-09 20:57:37 +0200: Memory Usage (459744K) : trans_drw has 0 polygons
2026-09-09 20:57:37 +0200: Memory Usage (459744K) : ind_drw has 0 polygons
2026-09-09 20:57:37 +0200: Memory Usage (459744K) : ind_pin has 0 polygons
2026-09-09 20:57:37 +0200: Memory Usage (459904K) : ind_text has 0 polygons
2026-09-09 20:57:37 +0200: Memory Usage (459904K) : salblock_drw has 0 polygons
2026-09-09 20:57:37 +0200: Memory Usage (459904K) : via2_drw has 0 polygons
2026-09-09 20:57:37 +0200: Memory Usage (460064K) : metal3_drw has 0 polygons
2026-09-09 20:57:37 +0200: Memory Usage (460064K) : metal3_pin has 0 polygons
2026-09-09 20:57:37 +0200: Memory Usage (460064K) : metal3_mask has 0 polygons
2026-09-09 20:57:37 +0200: Memory Usage (460224K) : metal3_filler has 0 polygons
2026-09-09 20:57:37 +0200: Memory Usage (460224K) : metal3_nofill has 0 polygons
2026-09-09 20:57:37 +0200: Memory Usage (460384K) : metal3_slit has 0 polygons
2026-09-09 20:57:37 +0200: Memory Usage (460384K) : metal3_text has 0 polygons
2026-09-09 20:57:37 +0200: Memory Usage (460544K) : metal3_opc has 0 polygons
2026-09-09 20:57:37 +0200: Memory Usage (460544K) : metal3_noqrc has 0 polygons
2026-09-09 20:57:37 +0200: Memory Usage (460544K) : metal3_res has 0 polygons
2026-09-09 20:57:37 +0200: Memory Usage (460704K) : metal3_iprobe has 0 polygons
2026-09-09 20:57:37 +0200: Memory Usage (460704K) : metal3_diffprb has 0 polygons
2026-09-09 20:57:37 +0200: Memory Usage (460704K) : nwell_drw has 1 polygons
2026-09-09 20:57:37 +0200: Memory Usage (460704K) : nwell_pin has 0 polygons
2026-09-09 20:57:37 +0200: Memory Usage (460864K) : nbulay_drw has 0 polygons
2026-09-09 20:57:37 +0200: Memory Usage (460864K) : nbulay_pin has 0 polygons
2026-09-09 20:57:37 +0200: Memory Usage (460864K) : nbulay_block has 0 polygons
2026-09-09 20:57:37 +0200: Memory Usage (460864K) : emwind_drw has 0 polygons
2026-09-09 20:57:37 +0200: Memory Usage (461024K) : emwind_opc has 0 polygons
2026-09-09 20:57:37 +0200: Memory Usage (461024K) : deepco_drw has 0 polygons
2026-09-09 20:57:37 +0200: Memory Usage (461024K) : deepco_drw has 0 polygons
2026-09-09 20:57:37 +0200: Memory Usage (461024K) : mim_drw has 0 polygons
2026-09-09 20:57:37 +0200: Memory Usage (461024K) : edgeseal_drw has 0 polygons
2026-09-09 20:57:37 +0200: Memory Usage (461184K) : edgeseal_bound has 0 polygons
2026-09-09 20:57:37 +0200: Memory Usage (461184K) : substrate_drw has 0 polygons
2026-09-09 20:57:37 +0200: Memory Usage (461184K) : substrate_text has 0 polygons
2026-09-09 20:57:37 +0200: Memory Usage (461184K) : dfpad_drw has 0 polygons
2026-09-09 20:57:37 +0200: Memory Usage (461184K) : dfpad_pillar has 0 polygons
2026-09-09 20:57:37 +0200: Memory Usage (461184K) : dfpad_sbump has 0 polygons
2026-09-09 20:57:37 +0200: Memory Usage (461184K) : thickgateox_drw has 0 polygons
2026-09-09 20:57:37 +0200: Memory Usage (461344K) : pldb_drw has 0 polygons
2026-09-09 20:57:37 +0200: Memory Usage (461344K) : pwell_drw has 0 polygons
2026-09-09 20:57:37 +0200: Memory Usage (461344K) : pwell_pin has 0 polygons
2026-09-09 20:57:37 +0200: Memory Usage (461344K) : pwell_block has 0 polygons
2026-09-09 20:57:37 +0200: Memory Usage (461504K) : ic_drw has 0 polygons
2026-09-09 20:57:37 +0200: Memory Usage (461504K) : via3_drw has 0 polygons
2026-09-09 20:57:37 +0200: Memory Usage (461504K) : metal4_drw has 0 polygons
2026-09-09 20:57:37 +0200: Memory Usage (461664K) : metal4_pin has 0 polygons
2026-09-09 20:57:37 +0200: Memory Usage (461664K) : metal4_mask has 0 polygons
2026-09-09 20:57:37 +0200: Memory Usage (461664K) : metal4_filler has 0 polygons
2026-09-09 20:57:37 +0200: Memory Usage (461824K) : metal4_nofill has 0 polygons
2026-09-09 20:57:37 +0200: Memory Usage (461824K) : metal4_slit has 0 polygons
2026-09-09 20:57:37 +0200: Memory Usage (461824K) : metal4_text has 0 polygons
2026-09-09 20:57:37 +0200: Memory Usage (461984K) : metal4_opc has 0 polygons
2026-09-09 20:57:37 +0200: Memory Usage (461984K) : metal4_noqrc has 0 polygons
2026-09-09 20:57:37 +0200: Memory Usage (461984K) : metal4_res has 0 polygons
2026-09-09 20:57:37 +0200: Memory Usage (462144K) : metal4_iprobe has 0 polygons
2026-09-09 20:57:37 +0200: Memory Usage (462144K) : metal4_diffprb has 0 polygons
2026-09-09 20:57:37 +0200: Memory Usage (462144K) : heattrans_drw has 0 polygons
2026-09-09 20:57:37 +0200: Memory Usage (462304K) : heatres_drw has 0 polygons
2026-09-09 20:57:37 +0200: Memory Usage (462304K) : pempoly_drw has 0 polygons
2026-09-09 20:57:37 +0200: Memory Usage (462304K) : fbe_drw has 0 polygons
2026-09-09 20:57:37 +0200: Memory Usage (462304K) : empoly_drw has 0 polygons
2026-09-09 20:57:37 +0200: Memory Usage (462304K) : ldmos_drw has 0 polygons
2026-09-09 20:57:37 +0200: Memory Usage (462304K) : pbiwind_drw has 0 polygons
2026-09-09 20:57:37 +0200: Memory Usage (462464K) : digisub_drw has 0 polygons
2026-09-09 20:57:37 +0200: Memory Usage (462464K) : nodrc_drw has 0 polygons
2026-09-09 20:57:37 +0200: Memory Usage (462464K) : text_drw has 0 polygons
2026-09-09 20:57:37 +0200: Memory Usage (462464K) : via4_drw has 0 polygons
2026-09-09 20:57:37 +0200: Memory Usage (462624K) : metal5_drw has 0 polygons
2026-09-09 20:57:37 +0200: Memory Usage (462624K) : metal5_pin has 0 polygons
2026-09-09 20:57:37 +0200: Memory Usage (462624K) : metal5_mask has 0 polygons
2026-09-09 20:57:37 +0200: Memory Usage (462624K) : metal5_filler has 0 polygons
2026-09-09 20:57:37 +0200: Memory Usage (462784K) : metal5_nofill has 0 polygons
2026-09-09 20:57:37 +0200: Memory Usage (462784K) : metal5_slit has 0 polygons
2026-09-09 20:57:37 +0200: Memory Usage (462944K) : metal5_text has 0 polygons
2026-09-09 20:57:37 +0200: Memory Usage (462944K) : metal5_opc has 0 polygons
2026-09-09 20:57:37 +0200: Memory Usage (462944K) : metal5_noqrc has 0 polygons
2026-09-09 20:57:37 +0200: Memory Usage (463104K) : metal5_res has 0 polygons
2026-09-09 20:57:37 +0200: Memory Usage (463104K) : metal5_iprobe has 0 polygons
2026-09-09 20:57:37 +0200: Memory Usage (463104K) : metal5_diffprb has 0 polygons
2026-09-09 20:57:37 +0200: Memory Usage (463264K) : radhard_drw has 0 polygons
2026-09-09 20:57:37 +0200: Memory Usage (463264K) : memcap_drw has 0 polygons
2026-09-09 20:57:37 +0200: Memory Usage (463264K) : varicap_drw has 0 polygons
2026-09-09 20:57:37 +0200: Memory Usage (463424K) : flash_drw has 0 polygons
2026-09-09 20:57:37 +0200: Memory Usage (463424K) : intbondvia_drw has 0 polygons
2026-09-09 20:57:37 +0200: Memory Usage (463424K) : intbondmet_drw has 0 polygons
2026-09-09 20:57:37 +0200: Memory Usage (463584K) : devbondvia_drw has 0 polygons
2026-09-09 20:57:37 +0200: Memory Usage (463584K) : devbondmet_drw has 0 polygons
2026-09-09 20:57:37 +0200: Memory Usage (463584K) : devtrench_drw has 0 polygons
2026-09-09 20:57:37 +0200: Memory Usage (463744K) : redist_drw has 0 polygons
2026-09-09 20:57:37 +0200: Memory Usage (463744K) : graphbot_drw has 0 polygons
2026-09-09 20:57:37 +0200: Memory Usage (463744K) : graphtop_drw has 0 polygons
2026-09-09 20:57:37 +0200: Memory Usage (463904K) : antvia1_drw has 0 polygons
2026-09-09 20:57:37 +0200: Memory Usage (463904K) : antmetal2_drw has 0 polygons
2026-09-09 20:57:37 +0200: Memory Usage (463904K) : graphcont_drw has 0 polygons
2026-09-09 20:57:37 +0200: Memory Usage (464064K) : siwg_drw has 0 polygons
2026-09-09 20:57:37 +0200: Memory Usage (464064K) : siwg_filler has 0 polygons
2026-09-09 20:57:37 +0200: Memory Usage (464064K) : siwg_nofill has 0 polygons
2026-09-09 20:57:37 +0200: Memory Usage (464224K) : sigrating_drw has 0 polygons
2026-09-09 20:57:37 +0200: Memory Usage (464224K) : singrating_drw has 0 polygons
2026-09-09 20:57:37 +0200: Memory Usage (464224K) : graphpas_drw has 0 polygons
2026-09-09 20:57:37 +0200: Memory Usage (464224K) : emwind3_drw has 0 polygons
2026-09-09 20:57:37 +0200: Memory Usage (464384K) : emwihv3_drw has 0 polygons
2026-09-09 20:57:37 +0200: Memory Usage (464384K) : redbulay_drw has 0 polygons
2026-09-09 20:57:37 +0200: Memory Usage (464384K) : smos_drw has 0 polygons
2026-09-09 20:57:37 +0200: Memory Usage (464384K) : graphpad_drw has 0 polygons
2026-09-09 20:57:37 +0200: Memory Usage (464544K) : polimide_drw has 0 polygons
2026-09-09 20:57:37 +0200: Memory Usage (464544K) : polimide_pin has 0 polygons
2026-09-09 20:57:37 +0200: Memory Usage (464544K) : recog_drw has 0 polygons
2026-09-09 20:57:37 +0200: Memory Usage (464544K) : recog_pin has 0 polygons
2026-09-09 20:57:37 +0200: Memory Usage (464704K) : recog_esd has 0 polygons
2026-09-09 20:57:37 +0200: Memory Usage (464704K) : recog_diode has 0 polygons
2026-09-09 20:57:37 +0200: Memory Usage (464704K) : recog_tsv has 0 polygons
2026-09-09 20:57:37 +0200: Memory Usage (464864K) : recog_iprobe has 0 polygons
2026-09-09 20:57:37 +0200: Memory Usage (464864K) : recog_diffprb has 0 polygons
2026-09-09 20:57:37 +0200: Memory Usage (464864K) : recog_pillar has 0 polygons
2026-09-09 20:57:37 +0200: Memory Usage (465024K) : recog_sbump has 0 polygons
2026-09-09 20:57:37 +0200: Memory Usage (465024K) : recog_otp has 0 polygons
2026-09-09 20:57:37 +0200: Memory Usage (465024K) : recog_pdiode has 0 polygons
2026-09-09 20:57:37 +0200: Memory Usage (465184K) : recog_mom has 0 polygons
2026-09-09 20:57:37 +0200: Memory Usage (465184K) : recog_pcm has 0 polygons
2026-09-09 20:57:37 +0200: Memory Usage (465184K) : colopen_drw has 0 polygons
2026-09-09 20:57:37 +0200: Memory Usage (465344K) : graphmetal1_drw has 0 polygons
2026-09-09 20:57:37 +0200: Memory Usage (465344K) : graphmetal1_filler has 0 polygons
2026-09-09 20:57:37 +0200: Memory Usage (465344K) : graphmetal1_nofill has 0 polygons
2026-09-09 20:57:37 +0200: Memory Usage (465504K) : graphmetal1_slit has 0 polygons
2026-09-09 20:57:37 +0200: Memory Usage (465504K) : graphmetal1_opc has 0 polygons
2026-09-09 20:57:37 +0200: Memory Usage (465504K) : graphmet1l_drw has 0 polygons
2026-09-09 20:57:37 +0200: Memory Usage (465664K) : graphmet1l_filler has 0 polygons
2026-09-09 20:57:37 +0200: Memory Usage (465664K) : graphmet1l_nofill has 0 polygons
2026-09-09 20:57:37 +0200: Memory Usage (465664K) : graphmet1l_slit has 0 polygons
2026-09-09 20:57:37 +0200: Memory Usage (465824K) : graphmet1l_opc has 0 polygons
2026-09-09 20:57:37 +0200: Memory Usage (465824K) : extblock_drw has 0 polygons
2026-09-09 20:57:37 +0200: Memory Usage (465824K) : nldd_drw has 0 polygons
2026-09-09 20:57:37 +0200: Memory Usage (465984K) : pldd_drw has 0 polygons
2026-09-09 20:57:37 +0200: Memory Usage (465984K) : next_drw has 0 polygons
2026-09-09 20:57:37 +0200: Memory Usage (465984K) : pext_drw has 0 polygons
2026-09-09 20:57:37 +0200: Memory Usage (466144K) : nexthv_drw has 0 polygons
2026-09-09 20:57:37 +0200: Memory Usage (466144K) : pexthv_drw has 0 polygons
2026-09-09 20:57:37 +0200: Memory Usage (466144K) : graphgate_drw has 0 polygons
2026-09-09 20:57:37 +0200: Memory Usage (466304K) : sinwg_drw has 0 polygons
2026-09-09 20:57:37 +0200: Memory Usage (466304K) : sinwg_filler has 0 polygons
2026-09-09 20:57:37 +0200: Memory Usage (466304K) : sinwg_nofill has 0 polygons
2026-09-09 20:57:37 +0200: Memory Usage (466464K) : mempad_drw has 0 polygons
2026-09-09 20:57:37 +0200: Memory Usage (466464K) : topvia1_drw has 0 polygons
2026-09-09 20:57:37 +0200: Memory Usage (466464K) : topmetal1_drw has 0 polygons
2026-09-09 20:57:37 +0200: Memory Usage (466464K) : topmetal1_pin has 0 polygons
2026-09-09 20:57:37 +0200: Memory Usage (466464K) : topmetal1_mask has 0 polygons
2026-09-09 20:57:37 +0200: Memory Usage (466464K) : topmetal1_filler has 0 polygons
2026-09-09 20:57:37 +0200: Memory Usage (466464K) : topmetal1_nofill has 0 polygons
2026-09-09 20:57:37 +0200: Memory Usage (466464K) : topmetal1_slit has 0 polygons
2026-09-09 20:57:37 +0200: Memory Usage (466464K) : topmetal1_text has 0 polygons
2026-09-09 20:57:37 +0200: Memory Usage (466624K) : topmetal1_noqrc has 0 polygons
2026-09-09 20:57:37 +0200: Memory Usage (466624K) : topmetal1_res has 0 polygons
2026-09-09 20:57:37 +0200: Memory Usage (466624K) : topmetal1_iprobe has 0 polygons
2026-09-09 20:57:37 +0200: Memory Usage (466624K) : topmetal1_diffprb has 0 polygons
2026-09-09 20:57:37 +0200: Memory Usage (466784K) : inldpwl_drw has 0 polygons
2026-09-09 20:57:37 +0200: Memory Usage (466784K) : polyres_drw has 0 polygons
2026-09-09 20:57:37 +0200: Memory Usage (466944K) : polyres_pin has 0 polygons
2026-09-09 20:57:37 +0200: Memory Usage (466944K) : vmim_drw has 0 polygons
2026-09-09 20:57:37 +0200: Memory Usage (466944K) : nbulaycut_drw has 0 polygons
2026-09-09 20:57:37 +0200: Memory Usage (466944K) : antmetal1_drw has 0 polygons
2026-09-09 20:57:37 +0200: Memory Usage (467104K) : topvia2_drw has 0 polygons
2026-09-09 20:57:37 +0200: Memory Usage (467104K) : topmetal2_drw has 0 polygons
2026-09-09 20:57:37 +0200: Memory Usage (467264K) : topmetal2_pin has 0 polygons
2026-09-09 20:57:37 +0200: Memory Usage (467264K) : topmetal2_mask has 0 polygons
2026-09-09 20:57:37 +0200: Memory Usage (467264K) : topmetal2_filler has 0 polygons
2026-09-09 20:57:37 +0200: Memory Usage (467424K) : topmetal2_nofill has 0 polygons
2026-09-09 20:57:37 +0200: Memory Usage (467424K) : topmetal2_slit has 0 polygons
2026-09-09 20:57:37 +0200: Memory Usage (467424K) : topmetal2_text has 0 polygons
2026-09-09 20:57:37 +0200: Memory Usage (467584K) : topmetal2_noqrc has 0 polygons
2026-09-09 20:57:37 +0200: Memory Usage (467584K) : topmetal2_res has 0 polygons
2026-09-09 20:57:37 +0200: Memory Usage (467584K) : topmetal2_iprobe has 0 polygons
2026-09-09 20:57:37 +0200: Memory Usage (467744K) : topmetal2_diffprb has 0 polygons
2026-09-09 20:57:37 +0200: Memory Usage (467744K) : snsring_drw has 0 polygons
2026-09-09 20:57:37 +0200: Memory Usage (467744K) : sensor_drw has 0 polygons
2026-09-09 20:57:37 +0200: Memory Usage (467904K) : snsarms_drw has 0 polygons
2026-09-09 20:57:37 +0200: Memory Usage (467904K) : snscmosvia_drw has 0 polygons
2026-09-09 20:57:37 +0200: Memory Usage (467904K) : colwind_drw has 0 polygons
2026-09-09 20:57:37 +0200: Memory Usage (467904K) : flm_drw has 0 polygons
2026-09-09 20:57:37 +0200: Memory Usage (468064K) : hafniumox_drw has 0 polygons
2026-09-09 20:57:37 +0200: Memory Usage (468064K) : memvia_drw has 0 polygons
2026-09-09 20:57:37 +0200: Memory Usage (468224K) : thinfilmres_drw has 0 polygons
2026-09-09 20:57:37 +0200: Memory Usage (468224K) : rfmem_drw has 0 polygons
2026-09-09 20:57:37 +0200: Memory Usage (468224K) : norcx_drw has 0 polygons
2026-09-09 20:57:37 +0200: Memory Usage (468384K) : norcx_m2m3 has 0 polygons
2026-09-09 20:57:37 +0200: Memory Usage (468384K) : norcx_m2m4 has 0 polygons
2026-09-09 20:57:37 +0200: Memory Usage (468384K) : norcx_m2m5 has 0 polygons
2026-09-09 20:57:37 +0200: Memory Usage (468544K) : norcx_m2tm1 has 0 polygons
2026-09-09 20:57:37 +0200: Memory Usage (468544K) : norcx_m2tm2 has 0 polygons
2026-09-09 20:57:37 +0200: Memory Usage (468544K) : norcx_m3m4 has 0 polygons
2026-09-09 20:57:37 +0200: Memory Usage (468704K) : norcx_m3m5 has 0 polygons
2026-09-09 20:57:37 +0200: Memory Usage (468704K) : norcx_m3tm1 has 0 polygons
2026-09-09 20:57:37 +0200: Memory Usage (468704K) : norcx_m3tm2 has 0 polygons
2026-09-09 20:57:37 +0200: Memory Usage (468864K) : norcx_m4m5 has 0 polygons
2026-09-09 20:57:37 +0200: Memory Usage (468864K) : norcx_m4tm1 has 0 polygons
2026-09-09 20:57:37 +0200: Memory Usage (468864K) : norcx_m4tm2 has 0 polygons
2026-09-09 20:57:37 +0200: Memory Usage (469024K) : norcx_m5tm1 has 0 polygons
2026-09-09 20:57:37 +0200: Memory Usage (469024K) : norcx_m5tm2 has 0 polygons
2026-09-09 20:57:37 +0200: Memory Usage (469024K) : norcx_tm1tm2 has 0 polygons
2026-09-09 20:57:37 +0200: Memory Usage (469184K) : norcx_m1sub has 0 polygons
2026-09-09 20:57:37 +0200: Memory Usage (469184K) : norcx_m2sub has 0 polygons
2026-09-09 20:57:37 +0200: Memory Usage (469184K) : norcx_m3sub has 0 polygons
2026-09-09 20:57:37 +0200: Memory Usage (469344K) : norcx_m4sub has 0 polygons
2026-09-09 20:57:37 +0200: Memory Usage (469344K) : norcx_m5sub has 0 polygons
2026-09-09 20:57:37 +0200: Memory Usage (469344K) : norcx_tm1sub has 0 polygons
2026-09-09 20:57:37 +0200: Memory Usage (469504K) : norcx_tm2sub has 0 polygons
2026-09-09 20:57:37 +0200: Memory Usage (469504K) : snsbotvia_drw has 0 polygons
2026-09-09 20:57:37 +0200: Memory Usage (469504K) : snstopvia_drw has 0 polygons
2026-09-09 20:57:37 +0200: Memory Usage (469664K) : deepvia_drw has 0 polygons
2026-09-09 20:57:37 +0200: Memory Usage (469664K) : fgetch_drw has 0 polygons
2026-09-09 20:57:37 +0200: Memory Usage (469664K) : ctrgat_drw has 0 polygons
2026-09-09 20:57:37 +0200: Memory Usage (469824K) : fgimp_drw has 0 polygons
2026-09-09 20:57:37 +0200: Memory Usage (469824K) : emwihv_drw has 0 polygons
2026-09-09 20:57:37 +0200: Memory Usage (469824K) : lbe_drw has 0 polygons
2026-09-09 20:57:37 +0200: Memory Usage (469984K) : alcustop_drw has 0 polygons
2026-09-09 20:57:37 +0200: Memory Usage (469984K) : nometfiller_drw has 0 polygons
2026-09-09 20:57:37 +0200: Memory Usage (469984K) : prboundary_drw has 0 polygons
2026-09-09 20:57:37 +0200: Memory Usage (470144K) : exchange0_drw has 0 polygons
2026-09-09 20:57:37 +0200: Memory Usage (470144K) : exchange0_pin has 0 polygons
2026-09-09 20:57:37 +0200: Memory Usage (470144K) : exchange0_text has 0 polygons
2026-09-09 20:57:37 +0200: Memory Usage (470304K) : exchange1_drw has 0 polygons
2026-09-09 20:57:37 +0200: Memory Usage (470304K) : exchange1_pin has 0 polygons
2026-09-09 20:57:37 +0200: Memory Usage (470304K) : exchange1_text has 0 polygons
2026-09-09 20:57:37 +0200: Memory Usage (470464K) : exchange2_drw has 0 polygons
2026-09-09 20:57:37 +0200: Memory Usage (470464K) : exchange2_pin has 0 polygons
2026-09-09 20:57:37 +0200: Memory Usage (470464K) : exchange2_text has 0 polygons
2026-09-09 20:57:37 +0200: Memory Usage (470624K) : exchange3_drw has 0 polygons
2026-09-09 20:57:37 +0200: Memory Usage (470624K) : exchange3_pin has 0 polygons
2026-09-09 20:57:37 +0200: Memory Usage (470624K) : exchange3_text has 0 polygons
2026-09-09 20:57:37 +0200: Memory Usage (470784K) : exchange4_drw has 0 polygons
2026-09-09 20:57:37 +0200: Memory Usage (470784K) : exchange4_pin has 0 polygons
2026-09-09 20:57:37 +0200: Memory Usage (470784K) : exchange4_text has 0 polygons
2026-09-09 20:57:37 +0200: Memory Usage (470944K) : isonwell_drw has 0 polygons
2026-09-09 20:57:37 +0200: Memory Usage (470944K) : Total no. of polygons in the design is 93
2026-09-09 20:57:37 +0200: Memory Usage (470944K) : Loaded TECH DRC rules values from /foss/pdks/ihp-sg13g2/libs.tech/klayout/python/sg13g2_pycell_lib/sg13g2_tech_mod.json
2026-09-09 20:57:37 +0200: Memory Usage (470944K) : Loaded default DRC rules values from /foss/pdks/ihp-sg13g2/libs.tech/klayout/tech/drc/rule_decks/sg13g2_tech_default.json
2026-09-09 20:57:37 +0200: Memory Usage (470944K) : The following rules values were missing in tech json and default values were used:
2026-09-09 20:57:37 +0200: Memory Usage (470944K) :   - NW_f1_digibnd
2026-09-09 20:57:37 +0200: Memory Usage (470944K) :   - Cnt_c_digibnd
2026-09-09 20:57:37 +0200: Memory Usage (470944K) :   - Cnt_c_sram
2026-09-09 20:57:37 +0200: Memory Usage (470944K) :   - Sdiod_b
2026-09-09 20:57:37 +0200: Memory Usage (470944K) :   - Sdiod_c
2026-09-09 20:57:37 +0200: Memory Usage (471888K) : Total area of the design is 21.2915 um^2.
2026-09-09 20:57:37 +0200: Memory Usage (471888K) : The design dimensions are 4.8500000000000005 µm * 4.39 µm.
2026-09-09 20:57:37 +0200: Memory Usage (471888K) : Starting general IHP-SG13G2 derivations.
2026-09-09 20:57:37 +0200: Memory Usage (471888K) : Starting Pwell derivations
2026-09-09 20:57:37 +0200: Memory Usage (473800K) : Starting p-Activ derivations
2026-09-09 20:57:37 +0200: Memory Usage (473960K) : Starting ptap derivations
2026-09-09 20:57:37 +0200: Memory Usage (474120K) : Starting cont/contbar general derivations
2026-09-09 20:57:37 +0200: Memory Usage (474120K) : Starting schottky_nbl general derivations
2026-09-09 20:57:37 +0200: Memory Usage (474120K) : Starting IHP-SG13G2 DRC rules.
2026-09-09 20:57:37 +0200: Memory Usage (474120K) : Starting 6.7 Schottky diode table
2026-09-09 20:57:37 +0200: Memory Usage (474120K) : Executing rule Sdiod.b
2026-09-09 20:57:37 +0200: Memory Usage (474312K) : Executing rule Sdiod.c
2026-09-09 20:57:37 +0200: Memory Usage (474312K) : Executing rule Sdiod.d
2026-09-09 20:57:37 +0200: Memory Usage (474312K) : Executing rule Sdiod.e
2026-09-09 20:57:37 +0200: Memory Usage (474312K) : KLayout DRC run for tables 'schottkydiode' completed in 0.32 seconds
