# Logfile created on 2026-09-09 20:57:40 +0200 by logger.rb/v1.5.3
2026-09-09 20:57:40 +0200: Memory Usage (457056K) : Starting running IHP-SG13G2 KLayout DRC runset on /foss/designs/aion_chip/flow/regress/AION_nand2_o21ai_0/baseline/reference_AION_nand2_o21ai_0.gds
2026-09-09 20:57:40 +0200: Memory Usage (457056K) : Ruby Version for klayout: 3.2.3
2026-09-09 20:57:40 +0200: Memory Usage (457984K) : Loading database to memory is complete.
2026-09-09 20:57:40 +0200: Memory Usage (457984K) : IHP-SG13G2 KLayout DRC runset output at: /foss/designs/aion_chip/flow/regress/AION_nand2_o21ai_0/baseline/drc/reference_AION_nand2_o21ai_0.klayout.drc/reference_AION_nand2_o21ai_0_reference_AION_nand2_o21ai_0_pad.lyrdb
2026-09-09 20:57:40 +0200: Memory Usage (457984K) : Evaluate switches.
2026-09-09 20:57:40 +0200: Memory Usage (457984K) : tables selected: pad
2026-09-09 20:57:40 +0200: Memory Usage (457984K) : KLayout will use 15 thread(s) in tiling mode.
2026-09-09 20:57:40 +0200: Memory Usage (457984K) : deep mode is enabled.
2026-09-09 20:57:40 +0200: Memory Usage (457984K) : FEOL enabled: false
2026-09-09 20:57:40 +0200: Memory Usage (457984K) : BEOL enabled: false
2026-09-09 20:57:40 +0200: Memory Usage (457984K) : OFFGRID enabled: true
2026-09-09 20:57:40 +0200: Memory Usage (457984K) : ANGLE enabled: true
2026-09-09 20:57:40 +0200: Memory Usage (457984K) : PIN enabled: false
2026-09-09 20:57:40 +0200: Memory Usage (457984K) : FORBIDDEN enabled: false
2026-09-09 20:57:40 +0200: Memory Usage (457984K) : RECOMMENDED enabled: true
2026-09-09 20:57:40 +0200: Memory Usage (457984K) : PreCheck DRC enabled: false
2026-09-09 20:57:40 +0200: Memory Usage (457984K) : CONNECTIVITY_RULES enabled: false.
2026-09-09 20:57:40 +0200: Memory Usage (457984K) : Read in polygons from layers.
2026-09-09 20:57:40 +0200: Memory Usage (459132K) : activ_drw has 6 polygons
2026-09-09 20:57:40 +0200: Memory Usage (459132K) : activ_pin has 0 polygons
2026-09-09 20:57:40 +0200: Memory Usage (459132K) : activ_mask has 0 polygons
2026-09-09 20:57:40 +0200: Memory Usage (459132K) : activ_filler has 0 polygons
2026-09-09 20:57:40 +0200: Memory Usage (459132K) : activ_nofill has 0 polygons
2026-09-09 20:57:40 +0200: Memory Usage (459132K) : activ_opc has 0 polygons
2026-09-09 20:57:40 +0200: Memory Usage (459132K) : activ_iopc has 0 polygons
2026-09-09 20:57:40 +0200: Memory Usage (459132K) : activ_noqrc has 0 polygons
2026-09-09 20:57:40 +0200: Memory Usage (459132K) : biwind_drw has 0 polygons
2026-09-09 20:57:40 +0200: Memory Usage (459132K) : biwind_opc has 0 polygons
2026-09-09 20:57:40 +0200: Memory Usage (459132K) : pemwind_drw has 0 polygons
2026-09-09 20:57:40 +0200: Memory Usage (459324K) : gatpoly_drw has 5 polygons
2026-09-09 20:57:40 +0200: Memory Usage (459324K) : gatpoly_pin has 0 polygons
2026-09-09 20:57:40 +0200: Memory Usage (459324K) : gatpoly_filler has 0 polygons
2026-09-09 20:57:40 +0200: Memory Usage (459484K) : gatpoly_nofill has 0 polygons
2026-09-09 20:57:40 +0200: Memory Usage (459484K) : gatpoly_opc has 0 polygons
2026-09-09 20:57:40 +0200: Memory Usage (459484K) : gatpoly_iopc has 0 polygons
2026-09-09 20:57:40 +0200: Memory Usage (459484K) : gatpoly_noqrc has 0 polygons
2026-09-09 20:57:40 +0200: Memory Usage (459484K) : cont_drw has 51 polygons
2026-09-09 20:57:40 +0200: Memory Usage (459644K) : cont_opc has 0 polygons
2026-09-09 20:57:40 +0200: Memory Usage (459644K) : nsd_drw has 0 polygons
2026-09-09 20:57:40 +0200: Memory Usage (459644K) : nsd_block has 0 polygons
2026-09-09 20:57:40 +0200: Memory Usage (459836K) : metal1_drw has 11 polygons
2026-09-09 20:57:40 +0200: Memory Usage (459836K) : metal1_pin has 7 polygons
2026-09-09 20:57:40 +0200: Memory Usage (459836K) : metal1_mask has 0 polygons
2026-09-09 20:57:40 +0200: Memory Usage (459836K) : metal1_filler has 0 polygons
2026-09-09 20:57:40 +0200: Memory Usage (459996K) : metal1_nofill has 0 polygons
2026-09-09 20:57:40 +0200: Memory Usage (459996K) : metal1_slit has 0 polygons
2026-09-09 20:57:40 +0200: Memory Usage (460188K) : metal1_text has 7 polygons
2026-09-09 20:57:40 +0200: Memory Usage (460348K) : metal1_opc has 0 polygons
2026-09-09 20:57:40 +0200: Memory Usage (460348K) : metal1_noqrc has 0 polygons
2026-09-09 20:57:40 +0200: Memory Usage (460348K) : metal1_res has 0 polygons
2026-09-09 20:57:40 +0200: Memory Usage (460508K) : metal1_iprobe has 0 polygons
2026-09-09 20:57:40 +0200: Memory Usage (460508K) : metal1_diffprb has 0 polygons
2026-09-09 20:57:40 +0200: Memory Usage (460508K) : passiv_drw has 0 polygons
2026-09-09 20:57:40 +0200: Memory Usage (460668K) : passiv_pin has 0 polygons
2026-09-09 20:57:40 +0200: Memory Usage (460668K) : passiv_sbump has 0 polygons
2026-09-09 20:57:40 +0200: Memory Usage (460668K) : passiv_pillar has 0 polygons
2026-09-09 20:57:40 +0200: Memory Usage (460828K) : passiv_pdl has 0 polygons
2026-09-09 20:57:40 +0200: Memory Usage (460828K) : metal2_drw has 1 polygons
2026-09-09 20:57:40 +0200: Memory Usage (460828K) : metal2_pin has 0 polygons
2026-09-09 20:57:40 +0200: Memory Usage (460828K) : metal2_mask has 0 polygons
2026-09-09 20:57:40 +0200: Memory Usage (460828K) : metal2_filler has 0 polygons
2026-09-09 20:57:40 +0200: Memory Usage (460828K) : metal2_nofill has 0 polygons
2026-09-09 20:57:40 +0200: Memory Usage (460828K) : metal2_slit has 0 polygons
2026-09-09 20:57:40 +0200: Memory Usage (460828K) : metal2_text has 0 polygons
2026-09-09 20:57:40 +0200: Memory Usage (460828K) : metal2_opc has 0 polygons
2026-09-09 20:57:40 +0200: Memory Usage (460988K) : metal2_noqrc has 0 polygons
2026-09-09 20:57:40 +0200: Memory Usage (460988K) : metal2_res has 0 polygons
2026-09-09 20:57:40 +0200: Memory Usage (460988K) : metal2_iprobe has 0 polygons
2026-09-09 20:57:40 +0200: Memory Usage (460988K) : metal2_diffprb has 0 polygons
2026-09-09 20:57:40 +0200: Memory Usage (460988K) : baspoly_drw has 0 polygons
2026-09-09 20:57:40 +0200: Memory Usage (461148K) : baspoly_pin has 0 polygons
2026-09-09 20:57:40 +0200: Memory Usage (461148K) : psd_drw has 2 polygons
2026-09-09 20:57:40 +0200: Memory Usage (461148K) : nldb_drw has 0 polygons
2026-09-09 20:57:40 +0200: Memory Usage (461308K) : digibnd_drw has 0 polygons
2026-09-09 20:57:40 +0200: Memory Usage (461308K) : via1_drw has 2 polygons
2026-09-09 20:57:40 +0200: Memory Usage (461308K) : backmetal1_drw has 0 polygons
2026-09-09 20:57:40 +0200: Memory Usage (461468K) : backmetal1_pin has 0 polygons
2026-09-09 20:57:40 +0200: Memory Usage (461468K) : backmetal1_mask has 0 polygons
2026-09-09 20:57:40 +0200: Memory Usage (461468K) : backmetal1_filler has 0 polygons
2026-09-09 20:57:40 +0200: Memory Usage (461628K) : backmetal1_nofill has 0 polygons
2026-09-09 20:57:40 +0200: Memory Usage (461628K) : backmetal1_slit has 0 polygons
2026-09-09 20:57:40 +0200: Memory Usage (461788K) : backmetal1_text has 0 polygons
2026-09-09 20:57:40 +0200: Memory Usage (461788K) : backmetal1_opc has 0 polygons
2026-09-09 20:57:40 +0200: Memory Usage (461788K) : backmetal1_noqrc has 0 polygons
2026-09-09 20:57:40 +0200: Memory Usage (461948K) : backmetal1_res has 0 polygons
2026-09-09 20:57:40 +0200: Memory Usage (461948K) : backmetal1_iprobe has 0 polygons
2026-09-09 20:57:40 +0200: Memory Usage (462108K) : backmetal1_diffprb has 0 polygons
2026-09-09 20:57:40 +0200: Memory Usage (462108K) : backpassiv_drw has 0 polygons
2026-09-09 20:57:40 +0200: Memory Usage (462268K) : res_drw has 0 polygons
2026-09-09 20:57:40 +0200: Memory Usage (462268K) : sram_drw has 0 polygons
2026-09-09 20:57:40 +0200: Memory Usage (462268K) : trans_drw has 0 polygons
2026-09-09 20:57:40 +0200: Memory Usage (462428K) : ind_drw has 0 polygons
2026-09-09 20:57:40 +0200: Memory Usage (462428K) : ind_pin has 0 polygons
2026-09-09 20:57:40 +0200: Memory Usage (462428K) : ind_text has 0 polygons
2026-09-09 20:57:40 +0200: Memory Usage (462588K) : salblock_drw has 0 polygons
2026-09-09 20:57:40 +0200: Memory Usage (462588K) : via2_drw has 0 polygons
2026-09-09 20:57:40 +0200: Memory Usage (462588K) : metal3_drw has 0 polygons
2026-09-09 20:57:40 +0200: Memory Usage (462748K) : metal3_pin has 0 polygons
2026-09-09 20:57:40 +0200: Memory Usage (462748K) : metal3_mask has 0 polygons
2026-09-09 20:57:40 +0200: Memory Usage (462908K) : metal3_filler has 0 polygons
2026-09-09 20:57:40 +0200: Memory Usage (462908K) : metal3_nofill has 0 polygons
2026-09-09 20:57:40 +0200: Memory Usage (462908K) : metal3_slit has 0 polygons
2026-09-09 20:57:40 +0200: Memory Usage (462908K) : metal3_text has 0 polygons
2026-09-09 20:57:40 +0200: Memory Usage (463068K) : metal3_opc has 0 polygons
2026-09-09 20:57:40 +0200: Memory Usage (463228K) : metal3_noqrc has 0 polygons
2026-09-09 20:57:40 +0200: Memory Usage (463228K) : metal3_res has 0 polygons
2026-09-09 20:57:40 +0200: Memory Usage (463228K) : metal3_iprobe has 0 polygons
2026-09-09 20:57:40 +0200: Memory Usage (463388K) : metal3_diffprb has 0 polygons
2026-09-09 20:57:40 +0200: Memory Usage (463388K) : nwell_drw has 1 polygons
2026-09-09 20:57:40 +0200: Memory Usage (463388K) : nwell_pin has 0 polygons
2026-09-09 20:57:40 +0200: Memory Usage (463388K) : nbulay_drw has 0 polygons
2026-09-09 20:57:40 +0200: Memory Usage (463388K) : nbulay_pin has 0 polygons
2026-09-09 20:57:40 +0200: Memory Usage (463548K) : nbulay_block has 0 polygons
2026-09-09 20:57:40 +0200: Memory Usage (463548K) : emwind_drw has 0 polygons
2026-09-09 20:57:40 +0200: Memory Usage (463548K) : emwind_opc has 0 polygons
2026-09-09 20:57:40 +0200: Memory Usage (463548K) : deepco_drw has 0 polygons
2026-09-09 20:57:40 +0200: Memory Usage (463708K) : deepco_drw has 0 polygons
2026-09-09 20:57:40 +0200: Memory Usage (463708K) : mim_drw has 0 polygons
2026-09-09 20:57:40 +0200: Memory Usage (463708K) : edgeseal_drw has 0 polygons
2026-09-09 20:57:40 +0200: Memory Usage (463708K) : edgeseal_bound has 0 polygons
2026-09-09 20:57:40 +0200: Memory Usage (463868K) : substrate_drw has 0 polygons
2026-09-09 20:57:40 +0200: Memory Usage (463868K) : substrate_text has 0 polygons
2026-09-09 20:57:40 +0200: Memory Usage (463868K) : dfpad_drw has 0 polygons
2026-09-09 20:57:40 +0200: Memory Usage (463868K) : dfpad_pillar has 0 polygons
2026-09-09 20:57:40 +0200: Memory Usage (464028K) : dfpad_sbump has 0 polygons
2026-09-09 20:57:40 +0200: Memory Usage (464028K) : thickgateox_drw has 0 polygons
2026-09-09 20:57:40 +0200: Memory Usage (464028K) : pldb_drw has 0 polygons
2026-09-09 20:57:40 +0200: Memory Usage (464188K) : pwell_drw has 0 polygons
2026-09-09 20:57:40 +0200: Memory Usage (464188K) : pwell_pin has 0 polygons
2026-09-09 20:57:40 +0200: Memory Usage (464188K) : pwell_block has 0 polygons
2026-09-09 20:57:40 +0200: Memory Usage (464348K) : ic_drw has 0 polygons
2026-09-09 20:57:40 +0200: Memory Usage (464348K) : via3_drw has 0 polygons
2026-09-09 20:57:40 +0200: Memory Usage (464348K) : metal4_drw has 0 polygons
2026-09-09 20:57:40 +0200: Memory Usage (464508K) : metal4_pin has 0 polygons
2026-09-09 20:57:40 +0200: Memory Usage (464508K) : metal4_mask has 0 polygons
2026-09-09 20:57:40 +0200: Memory Usage (464508K) : metal4_filler has 0 polygons
2026-09-09 20:57:40 +0200: Memory Usage (464668K) : metal4_nofill has 0 polygons
2026-09-09 20:57:40 +0200: Memory Usage (464668K) : metal4_slit has 0 polygons
2026-09-09 20:57:40 +0200: Memory Usage (464668K) : metal4_text has 0 polygons
2026-09-09 20:57:40 +0200: Memory Usage (464828K) : metal4_opc has 0 polygons
2026-09-09 20:57:40 +0200: Memory Usage (464828K) : metal4_noqrc has 0 polygons
2026-09-09 20:57:40 +0200: Memory Usage (464828K) : metal4_res has 0 polygons
2026-09-09 20:57:40 +0200: Memory Usage (464988K) : metal4_iprobe has 0 polygons
2026-09-09 20:57:40 +0200: Memory Usage (464988K) : metal4_diffprb has 0 polygons
2026-09-09 20:57:40 +0200: Memory Usage (464988K) : heattrans_drw has 0 polygons
2026-09-09 20:57:40 +0200: Memory Usage (465148K) : heatres_drw has 0 polygons
2026-09-09 20:57:40 +0200: Memory Usage (465148K) : pempoly_drw has 0 polygons
2026-09-09 20:57:40 +0200: Memory Usage (465148K) : fbe_drw has 0 polygons
2026-09-09 20:57:40 +0200: Memory Usage (465308K) : empoly_drw has 0 polygons
2026-09-09 20:57:40 +0200: Memory Usage (465308K) : ldmos_drw has 0 polygons
2026-09-09 20:57:40 +0200: Memory Usage (465308K) : pbiwind_drw has 0 polygons
2026-09-09 20:57:40 +0200: Memory Usage (465468K) : digisub_drw has 0 polygons
2026-09-09 20:57:40 +0200: Memory Usage (465468K) : nodrc_drw has 0 polygons
2026-09-09 20:57:40 +0200: Memory Usage (465468K) : text_drw has 0 polygons
2026-09-09 20:57:40 +0200: Memory Usage (465468K) : via4_drw has 0 polygons
2026-09-09 20:57:40 +0200: Memory Usage (465628K) : metal5_drw has 0 polygons
2026-09-09 20:57:40 +0200: Memory Usage (465628K) : metal5_pin has 0 polygons
2026-09-09 20:57:40 +0200: Memory Usage (465628K) : metal5_mask has 0 polygons
2026-09-09 20:57:40 +0200: Memory Usage (465628K) : metal5_filler has 0 polygons
2026-09-09 20:57:40 +0200: Memory Usage (465788K) : metal5_nofill has 0 polygons
2026-09-09 20:57:40 +0200: Memory Usage (465788K) : metal5_slit has 0 polygons
2026-09-09 20:57:40 +0200: Memory Usage (465788K) : metal5_text has 0 polygons
2026-09-09 20:57:40 +0200: Memory Usage (465948K) : metal5_opc has 0 polygons
2026-09-09 20:57:40 +0200: Memory Usage (465948K) : metal5_noqrc has 0 polygons
2026-09-09 20:57:40 +0200: Memory Usage (465948K) : metal5_res has 0 polygons
2026-09-09 20:57:40 +0200: Memory Usage (466108K) : metal5_iprobe has 0 polygons
2026-09-09 20:57:40 +0200: Memory Usage (466108K) : metal5_diffprb has 0 polygons
2026-09-09 20:57:40 +0200: Memory Usage (466108K) : radhard_drw has 0 polygons
2026-09-09 20:57:40 +0200: Memory Usage (466268K) : memcap_drw has 0 polygons
2026-09-09 20:57:40 +0200: Memory Usage (466268K) : varicap_drw has 0 polygons
2026-09-09 20:57:40 +0200: Memory Usage (466268K) : flash_drw has 0 polygons
2026-09-09 20:57:40 +0200: Memory Usage (466428K) : intbondvia_drw has 0 polygons
2026-09-09 20:57:40 +0200: Memory Usage (466428K) : intbondmet_drw has 0 polygons
2026-09-09 20:57:40 +0200: Memory Usage (466428K) : devbondvia_drw has 0 polygons
2026-09-09 20:57:40 +0200: Memory Usage (466588K) : devbondmet_drw has 0 polygons
2026-09-09 20:57:40 +0200: Memory Usage (466588K) : devtrench_drw has 0 polygons
2026-09-09 20:57:40 +0200: Memory Usage (466588K) : redist_drw has 0 polygons
2026-09-09 20:57:40 +0200: Memory Usage (466748K) : graphbot_drw has 0 polygons
2026-09-09 20:57:40 +0200: Memory Usage (466748K) : graphtop_drw has 0 polygons
2026-09-09 20:57:40 +0200: Memory Usage (466748K) : antvia1_drw has 0 polygons
2026-09-09 20:57:40 +0200: Memory Usage (466908K) : antmetal2_drw has 0 polygons
2026-09-09 20:57:40 +0200: Memory Usage (466908K) : graphcont_drw has 0 polygons
2026-09-09 20:57:40 +0200: Memory Usage (466908K) : siwg_drw has 0 polygons
2026-09-09 20:57:40 +0200: Memory Usage (467068K) : siwg_filler has 0 polygons
2026-09-09 20:57:40 +0200: Memory Usage (467068K) : siwg_nofill has 0 polygons
2026-09-09 20:57:40 +0200: Memory Usage (467068K) : sigrating_drw has 0 polygons
2026-09-09 20:57:40 +0200: Memory Usage (467228K) : singrating_drw has 0 polygons
2026-09-09 20:57:40 +0200: Memory Usage (467228K) : graphpas_drw has 0 polygons
2026-09-09 20:57:40 +0200: Memory Usage (467228K) : emwind3_drw has 0 polygons
2026-09-09 20:57:40 +0200: Memory Usage (467228K) : emwihv3_drw has 0 polygons
2026-09-09 20:57:40 +0200: Memory Usage (467388K) : redbulay_drw has 0 polygons
2026-09-09 20:57:40 +0200: Memory Usage (467388K) : smos_drw has 0 polygons
2026-09-09 20:57:40 +0200: Memory Usage (467388K) : graphpad_drw has 0 polygons
2026-09-09 20:57:40 +0200: Memory Usage (467388K) : polimide_drw has 0 polygons
2026-09-09 20:57:40 +0200: Memory Usage (467548K) : polimide_pin has 0 polygons
2026-09-09 20:57:40 +0200: Memory Usage (467548K) : recog_drw has 0 polygons
2026-09-09 20:57:40 +0200: Memory Usage (467548K) : recog_pin has 0 polygons
2026-09-09 20:57:40 +0200: Memory Usage (467548K) : recog_esd has 0 polygons
2026-09-09 20:57:40 +0200: Memory Usage (467708K) : recog_diode has 0 polygons
2026-09-09 20:57:40 +0200: Memory Usage (467708K) : recog_tsv has 0 polygons
2026-09-09 20:57:40 +0200: Memory Usage (467708K) : recog_iprobe has 0 polygons
2026-09-09 20:57:40 +0200: Memory Usage (467868K) : recog_diffprb has 0 polygons
2026-09-09 20:57:40 +0200: Memory Usage (467868K) : recog_pillar has 0 polygons
2026-09-09 20:57:40 +0200: Memory Usage (467868K) : recog_sbump has 0 polygons
2026-09-09 20:57:40 +0200: Memory Usage (468028K) : recog_otp has 0 polygons
2026-09-09 20:57:40 +0200: Memory Usage (468028K) : recog_pdiode has 0 polygons
2026-09-09 20:57:40 +0200: Memory Usage (468028K) : recog_mom has 0 polygons
2026-09-09 20:57:40 +0200: Memory Usage (468188K) : recog_pcm has 0 polygons
2026-09-09 20:57:40 +0200: Memory Usage (468188K) : colopen_drw has 0 polygons
2026-09-09 20:57:40 +0200: Memory Usage (468188K) : graphmetal1_drw has 0 polygons
2026-09-09 20:57:40 +0200: Memory Usage (468348K) : graphmetal1_filler has 0 polygons
2026-09-09 20:57:40 +0200: Memory Usage (468348K) : graphmetal1_nofill has 0 polygons
2026-09-09 20:57:40 +0200: Memory Usage (468348K) : graphmetal1_slit has 0 polygons
2026-09-09 20:57:40 +0200: Memory Usage (468508K) : graphmetal1_opc has 0 polygons
2026-09-09 20:57:40 +0200: Memory Usage (468508K) : graphmet1l_drw has 0 polygons
2026-09-09 20:57:40 +0200: Memory Usage (468508K) : graphmet1l_filler has 0 polygons
2026-09-09 20:57:40 +0200: Memory Usage (468668K) : graphmet1l_nofill has 0 polygons
2026-09-09 20:57:40 +0200: Memory Usage (468668K) : graphmet1l_slit has 0 polygons
2026-09-09 20:57:40 +0200: Memory Usage (468668K) : graphmet1l_opc has 0 polygons
2026-09-09 20:57:40 +0200: Memory Usage (468828K) : extblock_drw has 0 polygons
2026-09-09 20:57:40 +0200: Memory Usage (468828K) : nldd_drw has 0 polygons
2026-09-09 20:57:40 +0200: Memory Usage (468988K) : pldd_drw has 0 polygons
2026-09-09 20:57:40 +0200: Memory Usage (468988K) : next_drw has 0 polygons
2026-09-09 20:57:40 +0200: Memory Usage (468988K) : pext_drw has 0 polygons
2026-09-09 20:57:40 +0200: Memory Usage (469148K) : nexthv_drw has 0 polygons
2026-09-09 20:57:40 +0200: Memory Usage (469148K) : pexthv_drw has 0 polygons
2026-09-09 20:57:40 +0200: Memory Usage (469148K) : graphgate_drw has 0 polygons
2026-09-09 20:57:40 +0200: Memory Usage (469308K) : sinwg_drw has 0 polygons
2026-09-09 20:57:40 +0200: Memory Usage (469308K) : sinwg_filler has 0 polygons
2026-09-09 20:57:40 +0200: Memory Usage (469308K) : sinwg_nofill has 0 polygons
2026-09-09 20:57:40 +0200: Memory Usage (469468K) : mempad_drw has 0 polygons
2026-09-09 20:57:40 +0200: Memory Usage (469468K) : topvia1_drw has 0 polygons
2026-09-09 20:57:40 +0200: Memory Usage (469468K) : topmetal1_drw has 0 polygons
2026-09-09 20:57:40 +0200: Memory Usage (469468K) : topmetal1_pin has 0 polygons
2026-09-09 20:57:40 +0200: Memory Usage (469468K) : topmetal1_mask has 0 polygons
2026-09-09 20:57:40 +0200: Memory Usage (469468K) : topmetal1_filler has 0 polygons
2026-09-09 20:57:40 +0200: Memory Usage (469468K) : topmetal1_nofill has 0 polygons
2026-09-09 20:57:40 +0200: Memory Usage (469468K) : topmetal1_slit has 0 polygons
2026-09-09 20:57:40 +0200: Memory Usage (469468K) : topmetal1_text has 0 polygons
2026-09-09 20:57:40 +0200: Memory Usage (469468K) : topmetal1_noqrc has 0 polygons
2026-09-09 20:57:40 +0200: Memory Usage (469628K) : topmetal1_res has 0 polygons
2026-09-09 20:57:40 +0200: Memory Usage (469628K) : topmetal1_iprobe has 0 polygons
2026-09-09 20:57:40 +0200: Memory Usage (469628K) : topmetal1_diffprb has 0 polygons
2026-09-09 20:57:40 +0200: Memory Usage (469788K) : inldpwl_drw has 0 polygons
2026-09-09 20:57:40 +0200: Memory Usage (469788K) : polyres_drw has 0 polygons
2026-09-09 20:57:40 +0200: Memory Usage (469788K) : polyres_pin has 0 polygons
2026-09-09 20:57:40 +0200: Memory Usage (469948K) : vmim_drw has 0 polygons
2026-09-09 20:57:40 +0200: Memory Usage (469948K) : nbulaycut_drw has 0 polygons
2026-09-09 20:57:40 +0200: Memory Usage (469948K) : antmetal1_drw has 0 polygons
2026-09-09 20:57:40 +0200: Memory Usage (470108K) : topvia2_drw has 0 polygons
2026-09-09 20:57:40 +0200: Memory Usage (470108K) : topmetal2_drw has 0 polygons
2026-09-09 20:57:40 +0200: Memory Usage (470108K) : topmetal2_pin has 0 polygons
2026-09-09 20:57:40 +0200: Memory Usage (470268K) : topmetal2_mask has 0 polygons
2026-09-09 20:57:40 +0200: Memory Usage (470268K) : topmetal2_filler has 0 polygons
2026-09-09 20:57:40 +0200: Memory Usage (470268K) : topmetal2_nofill has 0 polygons
2026-09-09 20:57:40 +0200: Memory Usage (470428K) : topmetal2_slit has 0 polygons
2026-09-09 20:57:40 +0200: Memory Usage (470428K) : topmetal2_text has 0 polygons
2026-09-09 20:57:40 +0200: Memory Usage (470428K) : topmetal2_noqrc has 0 polygons
2026-09-09 20:57:40 +0200: Memory Usage (470588K) : topmetal2_res has 0 polygons
2026-09-09 20:57:40 +0200: Memory Usage (470588K) : topmetal2_iprobe has 0 polygons
2026-09-09 20:57:40 +0200: Memory Usage (470588K) : topmetal2_diffprb has 0 polygons
2026-09-09 20:57:40 +0200: Memory Usage (470748K) : snsring_drw has 0 polygons
2026-09-09 20:57:40 +0200: Memory Usage (470748K) : sensor_drw has 0 polygons
2026-09-09 20:57:40 +0200: Memory Usage (470748K) : snsarms_drw has 0 polygons
2026-09-09 20:57:40 +0200: Memory Usage (470908K) : snscmosvia_drw has 0 polygons
2026-09-09 20:57:40 +0200: Memory Usage (470908K) : colwind_drw has 0 polygons
2026-09-09 20:57:40 +0200: Memory Usage (470908K) : flm_drw has 0 polygons
2026-09-09 20:57:40 +0200: Memory Usage (471068K) : hafniumox_drw has 0 polygons
2026-09-09 20:57:40 +0200: Memory Usage (471068K) : memvia_drw has 0 polygons
2026-09-09 20:57:40 +0200: Memory Usage (471068K) : thinfilmres_drw has 0 polygons
2026-09-09 20:57:40 +0200: Memory Usage (471228K) : rfmem_drw has 0 polygons
2026-09-09 20:57:40 +0200: Memory Usage (471228K) : norcx_drw has 0 polygons
2026-09-09 20:57:40 +0200: Memory Usage (471228K) : norcx_m2m3 has 0 polygons
2026-09-09 20:57:40 +0200: Memory Usage (471388K) : norcx_m2m4 has 0 polygons
2026-09-09 20:57:40 +0200: Memory Usage (471388K) : norcx_m2m5 has 0 polygons
2026-09-09 20:57:40 +0200: Memory Usage (471388K) : norcx_m2tm1 has 0 polygons
2026-09-09 20:57:40 +0200: Memory Usage (471548K) : norcx_m2tm2 has 0 polygons
2026-09-09 20:57:40 +0200: Memory Usage (471548K) : norcx_m3m4 has 0 polygons
2026-09-09 20:57:40 +0200: Memory Usage (471548K) : norcx_m3m5 has 0 polygons
2026-09-09 20:57:40 +0200: Memory Usage (471708K) : norcx_m3tm1 has 0 polygons
2026-09-09 20:57:40 +0200: Memory Usage (471708K) : norcx_m3tm2 has 0 polygons
2026-09-09 20:57:40 +0200: Memory Usage (471708K) : norcx_m4m5 has 0 polygons
2026-09-09 20:57:40 +0200: Memory Usage (471868K) : norcx_m4tm1 has 0 polygons
2026-09-09 20:57:40 +0200: Memory Usage (471868K) : norcx_m4tm2 has 0 polygons
2026-09-09 20:57:40 +0200: Memory Usage (471868K) : norcx_m5tm1 has 0 polygons
2026-09-09 20:57:40 +0200: Memory Usage (472028K) : norcx_m5tm2 has 0 polygons
2026-09-09 20:57:40 +0200: Memory Usage (472028K) : norcx_tm1tm2 has 0 polygons
2026-09-09 20:57:40 +0200: Memory Usage (472028K) : norcx_m1sub has 0 polygons
2026-09-09 20:57:40 +0200: Memory Usage (472188K) : norcx_m2sub has 0 polygons
2026-09-09 20:57:40 +0200: Memory Usage (472188K) : norcx_m3sub has 0 polygons
2026-09-09 20:57:40 +0200: Memory Usage (472188K) : norcx_m4sub has 0 polygons
2026-09-09 20:57:40 +0200: Memory Usage (472348K) : norcx_m5sub has 0 polygons
2026-09-09 20:57:40 +0200: Memory Usage (472348K) : norcx_tm1sub has 0 polygons
2026-09-09 20:57:40 +0200: Memory Usage (472348K) : norcx_tm2sub has 0 polygons
2026-09-09 20:57:40 +0200: Memory Usage (472508K) : snsbotvia_drw has 0 polygons
2026-09-09 20:57:40 +0200: Memory Usage (472508K) : snstopvia_drw has 0 polygons
2026-09-09 20:57:40 +0200: Memory Usage (472508K) : deepvia_drw has 0 polygons
2026-09-09 20:57:40 +0200: Memory Usage (472668K) : fgetch_drw has 0 polygons
2026-09-09 20:57:40 +0200: Memory Usage (472668K) : ctrgat_drw has 0 polygons
2026-09-09 20:57:40 +0200: Memory Usage (472668K) : fgimp_drw has 0 polygons
2026-09-09 20:57:40 +0200: Memory Usage (472828K) : emwihv_drw has 0 polygons
2026-09-09 20:57:40 +0200: Memory Usage (472828K) : lbe_drw has 0 polygons
2026-09-09 20:57:40 +0200: Memory Usage (472828K) : alcustop_drw has 0 polygons
2026-09-09 20:57:40 +0200: Memory Usage (472988K) : nometfiller_drw has 0 polygons
2026-09-09 20:57:40 +0200: Memory Usage (472988K) : prboundary_drw has 0 polygons
2026-09-09 20:57:40 +0200: Memory Usage (472988K) : exchange0_drw has 0 polygons
2026-09-09 20:57:40 +0200: Memory Usage (473148K) : exchange0_pin has 0 polygons
2026-09-09 20:57:40 +0200: Memory Usage (473148K) : exchange0_text has 0 polygons
2026-09-09 20:57:40 +0200: Memory Usage (473148K) : exchange1_drw has 0 polygons
2026-09-09 20:57:40 +0200: Memory Usage (473308K) : exchange1_pin has 0 polygons
2026-09-09 20:57:40 +0200: Memory Usage (473308K) : exchange1_text has 0 polygons
2026-09-09 20:57:40 +0200: Memory Usage (473308K) : exchange2_drw has 0 polygons
2026-09-09 20:57:40 +0200: Memory Usage (473468K) : exchange2_pin has 0 polygons
2026-09-09 20:57:40 +0200: Memory Usage (473468K) : exchange2_text has 0 polygons
2026-09-09 20:57:40 +0200: Memory Usage (473468K) : exchange3_drw has 0 polygons
2026-09-09 20:57:40 +0200: Memory Usage (473628K) : exchange3_pin has 0 polygons
2026-09-09 20:57:40 +0200: Memory Usage (473628K) : exchange3_text has 0 polygons
2026-09-09 20:57:40 +0200: Memory Usage (473628K) : exchange4_drw has 0 polygons
2026-09-09 20:57:40 +0200: Memory Usage (473788K) : exchange4_pin has 0 polygons
2026-09-09 20:57:40 +0200: Memory Usage (473788K) : exchange4_text has 0 polygons
2026-09-09 20:57:40 +0200: Memory Usage (473788K) : isonwell_drw has 0 polygons
2026-09-09 20:57:40 +0200: Memory Usage (473788K) : Total no. of polygons in the design is 93
2026-09-09 20:57:40 +0200: Memory Usage (473788K) : Loaded TECH DRC rules values from /foss/pdks/ihp-sg13g2/libs.tech/klayout/python/sg13g2_pycell_lib/sg13g2_tech_mod.json
2026-09-09 20:57:40 +0200: Memory Usage (473948K) : Loaded default DRC rules values from /foss/pdks/ihp-sg13g2/libs.tech/klayout/tech/drc/rule_decks/sg13g2_tech_default.json
2026-09-09 20:57:40 +0200: Memory Usage (473948K) : The following rules values were missing in tech json and default values were used:
2026-09-09 20:57:40 +0200: Memory Usage (473948K) :   - NW_f1_digibnd
2026-09-09 20:57:40 +0200: Memory Usage (473948K) :   - Cnt_c_digibnd
2026-09-09 20:57:40 +0200: Memory Usage (473948K) :   - Cnt_c_sram
2026-09-09 20:57:40 +0200: Memory Usage (473948K) :   - Sdiod_b
2026-09-09 20:57:40 +0200: Memory Usage (473948K) :   - Sdiod_c
2026-09-09 20:57:40 +0200: Memory Usage (474912K) : Total area of the design is 21.2915 um^2.
2026-09-09 20:57:40 +0200: Memory Usage (474912K) : The design dimensions are 4.8500000000000005 µm * 4.39 µm.
2026-09-09 20:57:40 +0200: Memory Usage (474912K) : Starting general IHP-SG13G2 derivations.
2026-09-09 20:57:40 +0200: Memory Usage (474912K) : Starting Pwell derivations
2026-09-09 20:57:40 +0200: Memory Usage (477316K) : Starting pad general derivations
2026-09-09 20:57:40 +0200: Memory Usage (477316K) : Starting IHP-SG13G2 DRC rules.
2026-09-09 20:57:40 +0200: Memory Usage (477316K) : Starting 6.9 Pad table
2026-09-09 20:57:40 +0200: Memory Usage (477316K) : Executing rule Pad.m
2026-09-09 20:57:40 +0200: Memory Usage (477316K) : Executing rule Pad.fR_M1
2026-09-09 20:57:40 +0200: Memory Usage (477316K) : Executing rule Pad.fR_M2
2026-09-09 20:57:40 +0200: Memory Usage (477316K) : Executing rule Pad.fR_M3
2026-09-09 20:57:40 +0200: Memory Usage (477316K) : Executing rule Pad.fR_M4
2026-09-09 20:57:40 +0200: Memory Usage (477316K) : Executing rule Pad.fR_M5
2026-09-09 20:57:40 +0200: Memory Usage (477316K) : Executing rule Pad.fR_TM1
2026-09-09 20:57:40 +0200: Memory Usage (477316K) : Executing rule Pad.fR_TM2
2026-09-09 20:57:40 +0200: Memory Usage (477316K) : Executing rule Pad.i
2026-09-09 20:57:40 +0200: Memory Usage (477316K) : KLayout DRC run for tables 'pad' completed in 0.22 seconds
