# Logfile created on 2026-09-09 20:57:39 +0200 by logger.rb/v1.5.3
2026-09-09 20:57:39 +0200: Memory Usage (456440K) : Starting running IHP-SG13G2 KLayout DRC runset on /foss/designs/aion_chip/flow/regress/AION_nand2_o21ai_0/baseline/reference_AION_nand2_o21ai_0.gds
2026-09-09 20:57:39 +0200: Memory Usage (456440K) : Ruby Version for klayout: 3.2.3
2026-09-09 20:57:39 +0200: Memory Usage (457800K) : Loading database to memory is complete.
2026-09-09 20:57:39 +0200: Memory Usage (457800K) : IHP-SG13G2 KLayout DRC runset output at: /foss/designs/aion_chip/flow/regress/AION_nand2_o21ai_0/baseline/drc/reference_AION_nand2_o21ai_0.klayout.drc/reference_AION_nand2_o21ai_0_reference_AION_nand2_o21ai_0_topmetal2.lyrdb
2026-09-09 20:57:39 +0200: Memory Usage (457800K) : Evaluate switches.
2026-09-09 20:57:39 +0200: Memory Usage (457800K) : tables selected: topmetal2
2026-09-09 20:57:39 +0200: Memory Usage (457800K) : KLayout will use 15 thread(s) in tiling mode.
2026-09-09 20:57:39 +0200: Memory Usage (457800K) : deep mode is enabled.
2026-09-09 20:57:39 +0200: Memory Usage (457800K) : FEOL enabled: false
2026-09-09 20:57:39 +0200: Memory Usage (457800K) : BEOL enabled: false
2026-09-09 20:57:39 +0200: Memory Usage (457800K) : OFFGRID enabled: true
2026-09-09 20:57:39 +0200: Memory Usage (457800K) : ANGLE enabled: true
2026-09-09 20:57:39 +0200: Memory Usage (457800K) : PIN enabled: false
2026-09-09 20:57:39 +0200: Memory Usage (457800K) : FORBIDDEN enabled: false
2026-09-09 20:57:39 +0200: Memory Usage (457800K) : RECOMMENDED enabled: true
2026-09-09 20:57:39 +0200: Memory Usage (457800K) : PreCheck DRC enabled: false
2026-09-09 20:57:39 +0200: Memory Usage (457800K) : CONNECTIVITY_RULES enabled: false.
2026-09-09 20:57:39 +0200: Memory Usage (457800K) : Read in polygons from layers.
2026-09-09 20:57:39 +0200: Memory Usage (458760K) : activ_drw has 6 polygons
2026-09-09 20:57:39 +0200: Memory Usage (458760K) : activ_pin has 0 polygons
2026-09-09 20:57:39 +0200: Memory Usage (458760K) : activ_mask has 0 polygons
2026-09-09 20:57:39 +0200: Memory Usage (458760K) : activ_filler has 0 polygons
2026-09-09 20:57:39 +0200: Memory Usage (458760K) : activ_nofill has 0 polygons
2026-09-09 20:57:39 +0200: Memory Usage (458760K) : activ_opc has 0 polygons
2026-09-09 20:57:39 +0200: Memory Usage (458760K) : activ_iopc has 0 polygons
2026-09-09 20:57:39 +0200: Memory Usage (458760K) : activ_noqrc has 0 polygons
2026-09-09 20:57:39 +0200: Memory Usage (458760K) : biwind_drw has 0 polygons
2026-09-09 20:57:39 +0200: Memory Usage (458760K) : biwind_opc has 0 polygons
2026-09-09 20:57:39 +0200: Memory Usage (458760K) : pemwind_drw has 0 polygons
2026-09-09 20:57:39 +0200: Memory Usage (458760K) : gatpoly_drw has 5 polygons
2026-09-09 20:57:39 +0200: Memory Usage (458760K) : gatpoly_pin has 0 polygons
2026-09-09 20:57:39 +0200: Memory Usage (458760K) : gatpoly_filler has 0 polygons
2026-09-09 20:57:39 +0200: Memory Usage (458920K) : gatpoly_nofill has 0 polygons
2026-09-09 20:57:39 +0200: Memory Usage (458920K) : gatpoly_opc has 0 polygons
2026-09-09 20:57:39 +0200: Memory Usage (458920K) : gatpoly_iopc has 0 polygons
2026-09-09 20:57:39 +0200: Memory Usage (458920K) : gatpoly_noqrc has 0 polygons
2026-09-09 20:57:39 +0200: Memory Usage (458920K) : cont_drw has 51 polygons
2026-09-09 20:57:39 +0200: Memory Usage (459080K) : cont_opc has 0 polygons
2026-09-09 20:57:39 +0200: Memory Usage (459080K) : nsd_drw has 0 polygons
2026-09-09 20:57:39 +0200: Memory Usage (459080K) : nsd_block has 0 polygons
2026-09-09 20:57:39 +0200: Memory Usage (459464K) : metal1_drw has 11 polygons
2026-09-09 20:57:39 +0200: Memory Usage (459464K) : metal1_pin has 7 polygons
2026-09-09 20:57:39 +0200: Memory Usage (459464K) : metal1_mask has 0 polygons
2026-09-09 20:57:39 +0200: Memory Usage (459464K) : metal1_filler has 0 polygons
2026-09-09 20:57:39 +0200: Memory Usage (459624K) : metal1_nofill has 0 polygons
2026-09-09 20:57:39 +0200: Memory Usage (459624K) : metal1_slit has 0 polygons
2026-09-09 20:57:39 +0200: Memory Usage (459816K) : metal1_text has 7 polygons
2026-09-09 20:57:39 +0200: Memory Usage (459976K) : metal1_opc has 0 polygons
2026-09-09 20:57:39 +0200: Memory Usage (459976K) : metal1_noqrc has 0 polygons
2026-09-09 20:57:39 +0200: Memory Usage (459976K) : metal1_res has 0 polygons
2026-09-09 20:57:39 +0200: Memory Usage (460136K) : metal1_iprobe has 0 polygons
2026-09-09 20:57:39 +0200: Memory Usage (460136K) : metal1_diffprb has 0 polygons
2026-09-09 20:57:39 +0200: Memory Usage (460136K) : passiv_drw has 0 polygons
2026-09-09 20:57:39 +0200: Memory Usage (460296K) : passiv_pin has 0 polygons
2026-09-09 20:57:39 +0200: Memory Usage (460296K) : passiv_sbump has 0 polygons
2026-09-09 20:57:39 +0200: Memory Usage (460296K) : passiv_pillar has 0 polygons
2026-09-09 20:57:39 +0200: Memory Usage (460456K) : passiv_pdl has 0 polygons
2026-09-09 20:57:39 +0200: Memory Usage (460456K) : metal2_drw has 1 polygons
2026-09-09 20:57:39 +0200: Memory Usage (460456K) : metal2_pin has 0 polygons
2026-09-09 20:57:39 +0200: Memory Usage (460456K) : metal2_mask has 0 polygons
2026-09-09 20:57:39 +0200: Memory Usage (460456K) : metal2_filler has 0 polygons
2026-09-09 20:57:39 +0200: Memory Usage (460456K) : metal2_nofill has 0 polygons
2026-09-09 20:57:39 +0200: Memory Usage (460456K) : metal2_slit has 0 polygons
2026-09-09 20:57:39 +0200: Memory Usage (460456K) : metal2_text has 0 polygons
2026-09-09 20:57:39 +0200: Memory Usage (460456K) : metal2_opc has 0 polygons
2026-09-09 20:57:39 +0200: Memory Usage (460616K) : metal2_noqrc has 0 polygons
2026-09-09 20:57:39 +0200: Memory Usage (460616K) : metal2_res has 0 polygons
2026-09-09 20:57:39 +0200: Memory Usage (460616K) : metal2_iprobe has 0 polygons
2026-09-09 20:57:39 +0200: Memory Usage (460616K) : metal2_diffprb has 0 polygons
2026-09-09 20:57:39 +0200: Memory Usage (460616K) : baspoly_drw has 0 polygons
2026-09-09 20:57:39 +0200: Memory Usage (460776K) : baspoly_pin has 0 polygons
2026-09-09 20:57:39 +0200: Memory Usage (460776K) : psd_drw has 2 polygons
2026-09-09 20:57:39 +0200: Memory Usage (460776K) : nldb_drw has 0 polygons
2026-09-09 20:57:39 +0200: Memory Usage (460936K) : digibnd_drw has 0 polygons
2026-09-09 20:57:39 +0200: Memory Usage (460936K) : via1_drw has 2 polygons
2026-09-09 20:57:39 +0200: Memory Usage (460936K) : backmetal1_drw has 0 polygons
2026-09-09 20:57:39 +0200: Memory Usage (461096K) : backmetal1_pin has 0 polygons
2026-09-09 20:57:39 +0200: Memory Usage (461096K) : backmetal1_mask has 0 polygons
2026-09-09 20:57:39 +0200: Memory Usage (461096K) : backmetal1_filler has 0 polygons
2026-09-09 20:57:39 +0200: Memory Usage (461256K) : backmetal1_nofill has 0 polygons
2026-09-09 20:57:39 +0200: Memory Usage (461256K) : backmetal1_slit has 0 polygons
2026-09-09 20:57:39 +0200: Memory Usage (461256K) : backmetal1_text has 0 polygons
2026-09-09 20:57:39 +0200: Memory Usage (461416K) : backmetal1_opc has 0 polygons
2026-09-09 20:57:39 +0200: Memory Usage (461416K) : backmetal1_noqrc has 0 polygons
2026-09-09 20:57:39 +0200: Memory Usage (461576K) : backmetal1_res has 0 polygons
2026-09-09 20:57:39 +0200: Memory Usage (461576K) : backmetal1_iprobe has 0 polygons
2026-09-09 20:57:39 +0200: Memory Usage (461736K) : backmetal1_diffprb has 0 polygons
2026-09-09 20:57:39 +0200: Memory Usage (461736K) : backpassiv_drw has 0 polygons
2026-09-09 20:57:39 +0200: Memory Usage (461896K) : res_drw has 0 polygons
2026-09-09 20:57:39 +0200: Memory Usage (461896K) : sram_drw has 0 polygons
2026-09-09 20:57:39 +0200: Memory Usage (461896K) : trans_drw has 0 polygons
2026-09-09 20:57:39 +0200: Memory Usage (462056K) : ind_drw has 0 polygons
2026-09-09 20:57:39 +0200: Memory Usage (462056K) : ind_pin has 0 polygons
2026-09-09 20:57:39 +0200: Memory Usage (462056K) : ind_text has 0 polygons
2026-09-09 20:57:39 +0200: Memory Usage (462216K) : salblock_drw has 0 polygons
2026-09-09 20:57:39 +0200: Memory Usage (462216K) : via2_drw has 0 polygons
2026-09-09 20:57:39 +0200: Memory Usage (462216K) : metal3_drw has 0 polygons
2026-09-09 20:57:39 +0200: Memory Usage (462376K) : metal3_pin has 0 polygons
2026-09-09 20:57:39 +0200: Memory Usage (462376K) : metal3_mask has 0 polygons
2026-09-09 20:57:39 +0200: Memory Usage (462376K) : metal3_filler has 0 polygons
2026-09-09 20:57:39 +0200: Memory Usage (462536K) : metal3_nofill has 0 polygons
2026-09-09 20:57:39 +0200: Memory Usage (462536K) : metal3_slit has 0 polygons
2026-09-09 20:57:39 +0200: Memory Usage (462536K) : metal3_text has 0 polygons
2026-09-09 20:57:39 +0200: Memory Usage (462696K) : metal3_opc has 0 polygons
2026-09-09 20:57:39 +0200: Memory Usage (462696K) : metal3_noqrc has 0 polygons
2026-09-09 20:57:39 +0200: Memory Usage (462856K) : metal3_res has 0 polygons
2026-09-09 20:57:39 +0200: Memory Usage (462856K) : metal3_iprobe has 0 polygons
2026-09-09 20:57:39 +0200: Memory Usage (463016K) : metal3_diffprb has 0 polygons
2026-09-09 20:57:39 +0200: Memory Usage (463016K) : nwell_drw has 1 polygons
2026-09-09 20:57:39 +0200: Memory Usage (463016K) : nwell_pin has 0 polygons
2026-09-09 20:57:39 +0200: Memory Usage (463016K) : nbulay_drw has 0 polygons
2026-09-09 20:57:39 +0200: Memory Usage (463016K) : nbulay_pin has 0 polygons
2026-09-09 20:57:39 +0200: Memory Usage (463176K) : nbulay_block has 0 polygons
2026-09-09 20:57:39 +0200: Memory Usage (463176K) : emwind_drw has 0 polygons
2026-09-09 20:57:39 +0200: Memory Usage (463176K) : emwind_opc has 0 polygons
2026-09-09 20:57:39 +0200: Memory Usage (463176K) : deepco_drw has 0 polygons
2026-09-09 20:57:39 +0200: Memory Usage (463336K) : deepco_drw has 0 polygons
2026-09-09 20:57:39 +0200: Memory Usage (463336K) : mim_drw has 0 polygons
2026-09-09 20:57:39 +0200: Memory Usage (463336K) : edgeseal_drw has 0 polygons
2026-09-09 20:57:39 +0200: Memory Usage (463336K) : edgeseal_bound has 0 polygons
2026-09-09 20:57:39 +0200: Memory Usage (463336K) : substrate_drw has 0 polygons
2026-09-09 20:57:39 +0200: Memory Usage (463496K) : substrate_text has 0 polygons
2026-09-09 20:57:39 +0200: Memory Usage (463496K) : dfpad_drw has 0 polygons
2026-09-09 20:57:39 +0200: Memory Usage (463496K) : dfpad_pillar has 0 polygons
2026-09-09 20:57:39 +0200: Memory Usage (463656K) : dfpad_sbump has 0 polygons
2026-09-09 20:57:39 +0200: Memory Usage (463656K) : thickgateox_drw has 0 polygons
2026-09-09 20:57:39 +0200: Memory Usage (463656K) : pldb_drw has 0 polygons
2026-09-09 20:57:39 +0200: Memory Usage (463656K) : pwell_drw has 0 polygons
2026-09-09 20:57:39 +0200: Memory Usage (463816K) : pwell_pin has 0 polygons
2026-09-09 20:57:39 +0200: Memory Usage (463816K) : pwell_block has 0 polygons
2026-09-09 20:57:39 +0200: Memory Usage (463976K) : ic_drw has 0 polygons
2026-09-09 20:57:39 +0200: Memory Usage (463976K) : via3_drw has 0 polygons
2026-09-09 20:57:39 +0200: Memory Usage (463976K) : metal4_drw has 0 polygons
2026-09-09 20:57:39 +0200: Memory Usage (464136K) : metal4_pin has 0 polygons
2026-09-09 20:57:39 +0200: Memory Usage (464136K) : metal4_mask has 0 polygons
2026-09-09 20:57:39 +0200: Memory Usage (464136K) : metal4_filler has 0 polygons
2026-09-09 20:57:39 +0200: Memory Usage (464296K) : metal4_nofill has 0 polygons
2026-09-09 20:57:39 +0200: Memory Usage (464296K) : metal4_slit has 0 polygons
2026-09-09 20:57:39 +0200: Memory Usage (464296K) : metal4_text has 0 polygons
2026-09-09 20:57:39 +0200: Memory Usage (464456K) : metal4_opc has 0 polygons
2026-09-09 20:57:39 +0200: Memory Usage (464456K) : metal4_noqrc has 0 polygons
2026-09-09 20:57:39 +0200: Memory Usage (464456K) : metal4_res has 0 polygons
2026-09-09 20:57:39 +0200: Memory Usage (464616K) : metal4_iprobe has 0 polygons
2026-09-09 20:57:39 +0200: Memory Usage (464616K) : metal4_diffprb has 0 polygons
2026-09-09 20:57:39 +0200: Memory Usage (464616K) : heattrans_drw has 0 polygons
2026-09-09 20:57:39 +0200: Memory Usage (464776K) : heatres_drw has 0 polygons
2026-09-09 20:57:39 +0200: Memory Usage (464776K) : pempoly_drw has 0 polygons
2026-09-09 20:57:39 +0200: Memory Usage (464776K) : fbe_drw has 0 polygons
2026-09-09 20:57:39 +0200: Memory Usage (464936K) : empoly_drw has 0 polygons
2026-09-09 20:57:39 +0200: Memory Usage (464936K) : ldmos_drw has 0 polygons
2026-09-09 20:57:39 +0200: Memory Usage (464936K) : pbiwind_drw has 0 polygons
2026-09-09 20:57:39 +0200: Memory Usage (465096K) : digisub_drw has 0 polygons
2026-09-09 20:57:39 +0200: Memory Usage (465096K) : nodrc_drw has 0 polygons
2026-09-09 20:57:39 +0200: Memory Usage (465096K) : text_drw has 0 polygons
2026-09-09 20:57:39 +0200: Memory Usage (465096K) : via4_drw has 0 polygons
2026-09-09 20:57:39 +0200: Memory Usage (465256K) : metal5_drw has 0 polygons
2026-09-09 20:57:39 +0200: Memory Usage (465256K) : metal5_pin has 0 polygons
2026-09-09 20:57:39 +0200: Memory Usage (465256K) : metal5_mask has 0 polygons
2026-09-09 20:57:39 +0200: Memory Usage (465256K) : metal5_filler has 0 polygons
2026-09-09 20:57:39 +0200: Memory Usage (465416K) : metal5_nofill has 0 polygons
2026-09-09 20:57:39 +0200: Memory Usage (465416K) : metal5_slit has 0 polygons
2026-09-09 20:57:39 +0200: Memory Usage (465416K) : metal5_text has 0 polygons
2026-09-09 20:57:39 +0200: Memory Usage (465576K) : metal5_opc has 0 polygons
2026-09-09 20:57:39 +0200: Memory Usage (465576K) : metal5_noqrc has 0 polygons
2026-09-09 20:57:39 +0200: Memory Usage (465576K) : metal5_res has 0 polygons
2026-09-09 20:57:39 +0200: Memory Usage (465736K) : metal5_iprobe has 0 polygons
2026-09-09 20:57:39 +0200: Memory Usage (465736K) : metal5_diffprb has 0 polygons
2026-09-09 20:57:39 +0200: Memory Usage (465736K) : radhard_drw has 0 polygons
2026-09-09 20:57:39 +0200: Memory Usage (465896K) : memcap_drw has 0 polygons
2026-09-09 20:57:39 +0200: Memory Usage (465896K) : varicap_drw has 0 polygons
2026-09-09 20:57:39 +0200: Memory Usage (465896K) : flash_drw has 0 polygons
2026-09-09 20:57:39 +0200: Memory Usage (466056K) : intbondvia_drw has 0 polygons
2026-09-09 20:57:39 +0200: Memory Usage (466056K) : intbondmet_drw has 0 polygons
2026-09-09 20:57:39 +0200: Memory Usage (466056K) : devbondvia_drw has 0 polygons
2026-09-09 20:57:39 +0200: Memory Usage (466216K) : devbondmet_drw has 0 polygons
2026-09-09 20:57:39 +0200: Memory Usage (466216K) : devtrench_drw has 0 polygons
2026-09-09 20:57:39 +0200: Memory Usage (466216K) : redist_drw has 0 polygons
2026-09-09 20:57:39 +0200: Memory Usage (466376K) : graphbot_drw has 0 polygons
2026-09-09 20:57:39 +0200: Memory Usage (466376K) : graphtop_drw has 0 polygons
2026-09-09 20:57:39 +0200: Memory Usage (466376K) : antvia1_drw has 0 polygons
2026-09-09 20:57:39 +0200: Memory Usage (466536K) : antmetal2_drw has 0 polygons
2026-09-09 20:57:39 +0200: Memory Usage (466536K) : graphcont_drw has 0 polygons
2026-09-09 20:57:39 +0200: Memory Usage (466536K) : siwg_drw has 0 polygons
2026-09-09 20:57:39 +0200: Memory Usage (466696K) : siwg_filler has 0 polygons
2026-09-09 20:57:39 +0200: Memory Usage (466696K) : siwg_nofill has 0 polygons
2026-09-09 20:57:39 +0200: Memory Usage (466696K) : sigrating_drw has 0 polygons
2026-09-09 20:57:39 +0200: Memory Usage (466856K) : singrating_drw has 0 polygons
2026-09-09 20:57:39 +0200: Memory Usage (466856K) : graphpas_drw has 0 polygons
2026-09-09 20:57:39 +0200: Memory Usage (466856K) : emwind3_drw has 0 polygons
2026-09-09 20:57:39 +0200: Memory Usage (467016K) : emwihv3_drw has 0 polygons
2026-09-09 20:57:39 +0200: Memory Usage (467016K) : redbulay_drw has 0 polygons
2026-09-09 20:57:39 +0200: Memory Usage (467016K) : smos_drw has 0 polygons
2026-09-09 20:57:39 +0200: Memory Usage (467016K) : graphpad_drw has 0 polygons
2026-09-09 20:57:39 +0200: Memory Usage (467016K) : polimide_drw has 0 polygons
2026-09-09 20:57:39 +0200: Memory Usage (467176K) : polimide_pin has 0 polygons
2026-09-09 20:57:39 +0200: Memory Usage (467176K) : recog_drw has 0 polygons
2026-09-09 20:57:39 +0200: Memory Usage (467176K) : recog_pin has 0 polygons
2026-09-09 20:57:39 +0200: Memory Usage (467176K) : recog_esd has 0 polygons
2026-09-09 20:57:39 +0200: Memory Usage (467336K) : recog_diode has 0 polygons
2026-09-09 20:57:39 +0200: Memory Usage (467336K) : recog_tsv has 0 polygons
2026-09-09 20:57:39 +0200: Memory Usage (467336K) : recog_iprobe has 0 polygons
2026-09-09 20:57:39 +0200: Memory Usage (467496K) : recog_diffprb has 0 polygons
2026-09-09 20:57:39 +0200: Memory Usage (467496K) : recog_pillar has 0 polygons
2026-09-09 20:57:39 +0200: Memory Usage (467496K) : recog_sbump has 0 polygons
2026-09-09 20:57:39 +0200: Memory Usage (467656K) : recog_otp has 0 polygons
2026-09-09 20:57:39 +0200: Memory Usage (467656K) : recog_pdiode has 0 polygons
2026-09-09 20:57:39 +0200: Memory Usage (467656K) : recog_mom has 0 polygons
2026-09-09 20:57:39 +0200: Memory Usage (467816K) : recog_pcm has 0 polygons
2026-09-09 20:57:39 +0200: Memory Usage (467816K) : colopen_drw has 0 polygons
2026-09-09 20:57:39 +0200: Memory Usage (467816K) : graphmetal1_drw has 0 polygons
2026-09-09 20:57:39 +0200: Memory Usage (467976K) : graphmetal1_filler has 0 polygons
2026-09-09 20:57:39 +0200: Memory Usage (467976K) : graphmetal1_nofill has 0 polygons
2026-09-09 20:57:39 +0200: Memory Usage (467976K) : graphmetal1_slit has 0 polygons
2026-09-09 20:57:39 +0200: Memory Usage (468136K) : graphmetal1_opc has 0 polygons
2026-09-09 20:57:39 +0200: Memory Usage (468136K) : graphmet1l_drw has 0 polygons
2026-09-09 20:57:39 +0200: Memory Usage (468136K) : graphmet1l_filler has 0 polygons
2026-09-09 20:57:39 +0200: Memory Usage (468296K) : graphmet1l_nofill has 0 polygons
2026-09-09 20:57:39 +0200: Memory Usage (468296K) : graphmet1l_slit has 0 polygons
2026-09-09 20:57:39 +0200: Memory Usage (468296K) : graphmet1l_opc has 0 polygons
2026-09-09 20:57:39 +0200: Memory Usage (468456K) : extblock_drw has 0 polygons
2026-09-09 20:57:39 +0200: Memory Usage (468456K) : nldd_drw has 0 polygons
2026-09-09 20:57:39 +0200: Memory Usage (468456K) : pldd_drw has 0 polygons
2026-09-09 20:57:39 +0200: Memory Usage (468616K) : next_drw has 0 polygons
2026-09-09 20:57:39 +0200: Memory Usage (468616K) : pext_drw has 0 polygons
2026-09-09 20:57:39 +0200: Memory Usage (468616K) : nexthv_drw has 0 polygons
2026-09-09 20:57:39 +0200: Memory Usage (468776K) : pexthv_drw has 0 polygons
2026-09-09 20:57:39 +0200: Memory Usage (468776K) : graphgate_drw has 0 polygons
2026-09-09 20:57:39 +0200: Memory Usage (468776K) : sinwg_drw has 0 polygons
2026-09-09 20:57:39 +0200: Memory Usage (468936K) : sinwg_filler has 0 polygons
2026-09-09 20:57:39 +0200: Memory Usage (468936K) : sinwg_nofill has 0 polygons
2026-09-09 20:57:39 +0200: Memory Usage (468936K) : mempad_drw has 0 polygons
2026-09-09 20:57:39 +0200: Memory Usage (469096K) : topvia1_drw has 0 polygons
2026-09-09 20:57:39 +0200: Memory Usage (469096K) : topmetal1_drw has 0 polygons
2026-09-09 20:57:39 +0200: Memory Usage (469096K) : topmetal1_pin has 0 polygons
2026-09-09 20:57:39 +0200: Memory Usage (469096K) : topmetal1_mask has 0 polygons
2026-09-09 20:57:39 +0200: Memory Usage (469096K) : topmetal1_filler has 0 polygons
2026-09-09 20:57:39 +0200: Memory Usage (469096K) : topmetal1_nofill has 0 polygons
2026-09-09 20:57:39 +0200: Memory Usage (469096K) : topmetal1_slit has 0 polygons
2026-09-09 20:57:39 +0200: Memory Usage (469096K) : topmetal1_text has 0 polygons
2026-09-09 20:57:39 +0200: Memory Usage (469096K) : topmetal1_noqrc has 0 polygons
2026-09-09 20:57:39 +0200: Memory Usage (469256K) : topmetal1_res has 0 polygons
2026-09-09 20:57:39 +0200: Memory Usage (469256K) : topmetal1_iprobe has 0 polygons
2026-09-09 20:57:39 +0200: Memory Usage (469256K) : topmetal1_diffprb has 0 polygons
2026-09-09 20:57:39 +0200: Memory Usage (469416K) : inldpwl_drw has 0 polygons
2026-09-09 20:57:39 +0200: Memory Usage (469416K) : polyres_drw has 0 polygons
2026-09-09 20:57:39 +0200: Memory Usage (469416K) : polyres_pin has 0 polygons
2026-09-09 20:57:39 +0200: Memory Usage (469576K) : vmim_drw has 0 polygons
2026-09-09 20:57:39 +0200: Memory Usage (469576K) : nbulaycut_drw has 0 polygons
2026-09-09 20:57:39 +0200: Memory Usage (469576K) : antmetal1_drw has 0 polygons
2026-09-09 20:57:39 +0200: Memory Usage (469736K) : topvia2_drw has 0 polygons
2026-09-09 20:57:39 +0200: Memory Usage (469736K) : topmetal2_drw has 0 polygons
2026-09-09 20:57:39 +0200: Memory Usage (469736K) : topmetal2_pin has 0 polygons
2026-09-09 20:57:39 +0200: Memory Usage (469896K) : topmetal2_mask has 0 polygons
2026-09-09 20:57:39 +0200: Memory Usage (469896K) : topmetal2_filler has 0 polygons
2026-09-09 20:57:39 +0200: Memory Usage (469896K) : topmetal2_nofill has 0 polygons
2026-09-09 20:57:39 +0200: Memory Usage (470056K) : topmetal2_slit has 0 polygons
2026-09-09 20:57:39 +0200: Memory Usage (470056K) : topmetal2_text has 0 polygons
2026-09-09 20:57:39 +0200: Memory Usage (470056K) : topmetal2_noqrc has 0 polygons
2026-09-09 20:57:39 +0200: Memory Usage (470216K) : topmetal2_res has 0 polygons
2026-09-09 20:57:39 +0200: Memory Usage (470216K) : topmetal2_iprobe has 0 polygons
2026-09-09 20:57:39 +0200: Memory Usage (470216K) : topmetal2_diffprb has 0 polygons
2026-09-09 20:57:39 +0200: Memory Usage (470376K) : snsring_drw has 0 polygons
2026-09-09 20:57:39 +0200: Memory Usage (470376K) : sensor_drw has 0 polygons
2026-09-09 20:57:39 +0200: Memory Usage (470376K) : snsarms_drw has 0 polygons
2026-09-09 20:57:39 +0200: Memory Usage (470536K) : snscmosvia_drw has 0 polygons
2026-09-09 20:57:39 +0200: Memory Usage (470536K) : colwind_drw has 0 polygons
2026-09-09 20:57:39 +0200: Memory Usage (470536K) : flm_drw has 0 polygons
2026-09-09 20:57:39 +0200: Memory Usage (470536K) : hafniumox_drw has 0 polygons
2026-09-09 20:57:39 +0200: Memory Usage (470696K) : memvia_drw has 0 polygons
2026-09-09 20:57:39 +0200: Memory Usage (470696K) : thinfilmres_drw has 0 polygons
2026-09-09 20:57:39 +0200: Memory Usage (470696K) : rfmem_drw has 0 polygons
2026-09-09 20:57:39 +0200: Memory Usage (470856K) : norcx_drw has 0 polygons
2026-09-09 20:57:39 +0200: Memory Usage (470856K) : norcx_m2m3 has 0 polygons
2026-09-09 20:57:39 +0200: Memory Usage (470856K) : norcx_m2m4 has 0 polygons
2026-09-09 20:57:39 +0200: Memory Usage (471016K) : norcx_m2m5 has 0 polygons
2026-09-09 20:57:39 +0200: Memory Usage (471016K) : norcx_m2tm1 has 0 polygons
2026-09-09 20:57:39 +0200: Memory Usage (471176K) : norcx_m2tm2 has 0 polygons
2026-09-09 20:57:39 +0200: Memory Usage (471176K) : norcx_m3m4 has 0 polygons
2026-09-09 20:57:39 +0200: Memory Usage (471176K) : norcx_m3m5 has 0 polygons
2026-09-09 20:57:39 +0200: Memory Usage (471176K) : norcx_m3tm1 has 0 polygons
2026-09-09 20:57:39 +0200: Memory Usage (471336K) : norcx_m3tm2 has 0 polygons
2026-09-09 20:57:39 +0200: Memory Usage (471336K) : norcx_m4m5 has 0 polygons
2026-09-09 20:57:39 +0200: Memory Usage (471496K) : norcx_m4tm1 has 0 polygons
2026-09-09 20:57:39 +0200: Memory Usage (471496K) : norcx_m4tm2 has 0 polygons
2026-09-09 20:57:39 +0200: Memory Usage (471496K) : norcx_m5tm1 has 0 polygons
2026-09-09 20:57:39 +0200: Memory Usage (471656K) : norcx_m5tm2 has 0 polygons
2026-09-09 20:57:39 +0200: Memory Usage (471656K) : norcx_tm1tm2 has 0 polygons
2026-09-09 20:57:39 +0200: Memory Usage (471656K) : norcx_m1sub has 0 polygons
2026-09-09 20:57:39 +0200: Memory Usage (471816K) : norcx_m2sub has 0 polygons
2026-09-09 20:57:39 +0200: Memory Usage (471816K) : norcx_m3sub has 0 polygons
2026-09-09 20:57:39 +0200: Memory Usage (471816K) : norcx_m4sub has 0 polygons
2026-09-09 20:57:39 +0200: Memory Usage (471976K) : norcx_m5sub has 0 polygons
2026-09-09 20:57:39 +0200: Memory Usage (471976K) : norcx_tm1sub has 0 polygons
2026-09-09 20:57:39 +0200: Memory Usage (471976K) : norcx_tm2sub has 0 polygons
2026-09-09 20:57:39 +0200: Memory Usage (472136K) : snsbotvia_drw has 0 polygons
2026-09-09 20:57:39 +0200: Memory Usage (472136K) : snstopvia_drw has 0 polygons
2026-09-09 20:57:39 +0200: Memory Usage (472136K) : deepvia_drw has 0 polygons
2026-09-09 20:57:39 +0200: Memory Usage (472296K) : fgetch_drw has 0 polygons
2026-09-09 20:57:39 +0200: Memory Usage (472296K) : ctrgat_drw has 0 polygons
2026-09-09 20:57:39 +0200: Memory Usage (472296K) : fgimp_drw has 0 polygons
2026-09-09 20:57:39 +0200: Memory Usage (472456K) : emwihv_drw has 0 polygons
2026-09-09 20:57:39 +0200: Memory Usage (472456K) : lbe_drw has 0 polygons
2026-09-09 20:57:39 +0200: Memory Usage (472456K) : alcustop_drw has 0 polygons
2026-09-09 20:57:39 +0200: Memory Usage (472616K) : nometfiller_drw has 0 polygons
2026-09-09 20:57:39 +0200: Memory Usage (472616K) : prboundary_drw has 0 polygons
2026-09-09 20:57:39 +0200: Memory Usage (472616K) : exchange0_drw has 0 polygons
2026-09-09 20:57:39 +0200: Memory Usage (472776K) : exchange0_pin has 0 polygons
2026-09-09 20:57:39 +0200: Memory Usage (472776K) : exchange0_text has 0 polygons
2026-09-09 20:57:39 +0200: Memory Usage (472776K) : exchange1_drw has 0 polygons
2026-09-09 20:57:39 +0200: Memory Usage (472936K) : exchange1_pin has 0 polygons
2026-09-09 20:57:39 +0200: Memory Usage (472936K) : exchange1_text has 0 polygons
2026-09-09 20:57:39 +0200: Memory Usage (472936K) : exchange2_drw has 0 polygons
2026-09-09 20:57:39 +0200: Memory Usage (473096K) : exchange2_pin has 0 polygons
2026-09-09 20:57:39 +0200: Memory Usage (473096K) : exchange2_text has 0 polygons
2026-09-09 20:57:39 +0200: Memory Usage (473096K) : exchange3_drw has 0 polygons
2026-09-09 20:57:39 +0200: Memory Usage (473256K) : exchange3_pin has 0 polygons
2026-09-09 20:57:39 +0200: Memory Usage (473256K) : exchange3_text has 0 polygons
2026-09-09 20:57:39 +0200: Memory Usage (473256K) : exchange4_drw has 0 polygons
2026-09-09 20:57:39 +0200: Memory Usage (473256K) : exchange4_pin has 0 polygons
2026-09-09 20:57:39 +0200: Memory Usage (473416K) : exchange4_text has 0 polygons
2026-09-09 20:57:39 +0200: Memory Usage (473416K) : isonwell_drw has 0 polygons
2026-09-09 20:57:39 +0200: Memory Usage (473416K) : Total no. of polygons in the design is 93
2026-09-09 20:57:39 +0200: Memory Usage (473416K) : Loaded TECH DRC rules values from /foss/pdks/ihp-sg13g2/libs.tech/klayout/python/sg13g2_pycell_lib/sg13g2_tech_mod.json
2026-09-09 20:57:39 +0200: Memory Usage (473416K) : Loaded default DRC rules values from /foss/pdks/ihp-sg13g2/libs.tech/klayout/tech/drc/rule_decks/sg13g2_tech_default.json
2026-09-09 20:57:39 +0200: Memory Usage (473416K) : The following rules values were missing in tech json and default values were used:
2026-09-09 20:57:39 +0200: Memory Usage (473416K) :   - NW_f1_digibnd
2026-09-09 20:57:39 +0200: Memory Usage (473576K) :   - Cnt_c_digibnd
2026-09-09 20:57:39 +0200: Memory Usage (473576K) :   - Cnt_c_sram
2026-09-09 20:57:39 +0200: Memory Usage (473576K) :   - Sdiod_b
2026-09-09 20:57:39 +0200: Memory Usage (473576K) :   - Sdiod_c
2026-09-09 20:57:39 +0200: Memory Usage (474728K) : Total area of the design is 21.2915 um^2.
2026-09-09 20:57:39 +0200: Memory Usage (474728K) : The design dimensions are 4.8500000000000005 µm * 4.39 µm.
2026-09-09 20:57:39 +0200: Memory Usage (474728K) : Starting general IHP-SG13G2 derivations.
2026-09-09 20:57:39 +0200: Memory Usage (474728K) : Starting Pwell derivations
2026-09-09 20:57:39 +0200: Memory Usage (476584K) : Starting IHP-SG13G2 DRC rules.
2026-09-09 20:57:39 +0200: Memory Usage (476584K) : Starting 5.25. TopMetal2 table
2026-09-09 20:57:39 +0200: Memory Usage (476584K) : Executing rule TM2.a
2026-09-09 20:57:39 +0200: Memory Usage (476776K) : Executing rule TM2.b
2026-09-09 20:57:39 +0200: Memory Usage (476776K) : Executing rule TM2.bR
2026-09-09 20:57:39 +0200: Memory Usage (476776K) : KLayout DRC run for tables 'topmetal2' completed in 0.22 seconds
