# Logfile created on 2026-09-09 20:57:41 +0200 by logger.rb/v1.5.3
2026-09-09 20:57:41 +0200: Memory Usage (453596K) : Starting running IHP-SG13G2 KLayout DRC runset on /foss/designs/aion_chip/flow/regress/AION_nand2_o21ai_0/baseline/reference_AION_nand2_o21ai_0.gds
2026-09-09 20:57:41 +0200: Memory Usage (453596K) : Ruby Version for klayout: 3.2.3
2026-09-09 20:57:41 +0200: Memory Usage (454980K) : Loading database to memory is complete.
2026-09-09 20:57:41 +0200: Memory Usage (454980K) : IHP-SG13G2 KLayout DRC runset output at: /foss/designs/aion_chip/flow/regress/AION_nand2_o21ai_0/baseline/drc/reference_AION_nand2_o21ai_0.klayout.drc/reference_AION_nand2_o21ai_0_reference_AION_nand2_o21ai_0_offgrid.lyrdb
2026-09-09 20:57:41 +0200: Memory Usage (454980K) : Evaluate switches.
2026-09-09 20:57:41 +0200: Memory Usage (454980K) : tables selected: offgrid
2026-09-09 20:57:41 +0200: Memory Usage (454980K) : KLayout will use 15 thread(s) in tiling mode.
2026-09-09 20:57:41 +0200: Memory Usage (454980K) : deep mode is enabled.
2026-09-09 20:57:41 +0200: Memory Usage (454980K) : FEOL enabled: false
2026-09-09 20:57:41 +0200: Memory Usage (454980K) : BEOL enabled: false
2026-09-09 20:57:41 +0200: Memory Usage (454980K) : OFFGRID enabled: true
2026-09-09 20:57:41 +0200: Memory Usage (454980K) : ANGLE enabled: true
2026-09-09 20:57:41 +0200: Memory Usage (454980K) : PIN enabled: false
2026-09-09 20:57:41 +0200: Memory Usage (454980K) : FORBIDDEN enabled: false
2026-09-09 20:57:41 +0200: Memory Usage (454980K) : RECOMMENDED enabled: true
2026-09-09 20:57:41 +0200: Memory Usage (454980K) : PreCheck DRC enabled: false
2026-09-09 20:57:41 +0200: Memory Usage (454980K) : CONNECTIVITY_RULES enabled: false.
2026-09-09 20:57:41 +0200: Memory Usage (454980K) : Read in polygons from layers.
2026-09-09 20:57:41 +0200: Memory Usage (455764K) : activ_drw has 6 polygons
2026-09-09 20:57:41 +0200: Memory Usage (455764K) : activ_pin has 0 polygons
2026-09-09 20:57:41 +0200: Memory Usage (455764K) : activ_mask has 0 polygons
2026-09-09 20:57:41 +0200: Memory Usage (455764K) : activ_filler has 0 polygons
2026-09-09 20:57:41 +0200: Memory Usage (455764K) : activ_nofill has 0 polygons
2026-09-09 20:57:41 +0200: Memory Usage (455764K) : activ_opc has 0 polygons
2026-09-09 20:57:41 +0200: Memory Usage (455764K) : activ_iopc has 0 polygons
2026-09-09 20:57:41 +0200: Memory Usage (455764K) : activ_noqrc has 0 polygons
2026-09-09 20:57:41 +0200: Memory Usage (455764K) : biwind_drw has 0 polygons
2026-09-09 20:57:41 +0200: Memory Usage (455764K) : biwind_opc has 0 polygons
2026-09-09 20:57:41 +0200: Memory Usage (455764K) : pemwind_drw has 0 polygons
2026-09-09 20:57:41 +0200: Memory Usage (455956K) : gatpoly_drw has 5 polygons
2026-09-09 20:57:41 +0200: Memory Usage (455956K) : gatpoly_pin has 0 polygons
2026-09-09 20:57:41 +0200: Memory Usage (455956K) : gatpoly_filler has 0 polygons
2026-09-09 20:57:41 +0200: Memory Usage (455956K) : gatpoly_nofill has 0 polygons
2026-09-09 20:57:41 +0200: Memory Usage (455956K) : gatpoly_opc has 0 polygons
2026-09-09 20:57:41 +0200: Memory Usage (455956K) : gatpoly_iopc has 0 polygons
2026-09-09 20:57:41 +0200: Memory Usage (455956K) : gatpoly_noqrc has 0 polygons
2026-09-09 20:57:41 +0200: Memory Usage (455956K) : cont_drw has 51 polygons
2026-09-09 20:57:41 +0200: Memory Usage (456116K) : cont_opc has 0 polygons
2026-09-09 20:57:41 +0200: Memory Usage (456116K) : nsd_drw has 0 polygons
2026-09-09 20:57:41 +0200: Memory Usage (456116K) : nsd_block has 0 polygons
2026-09-09 20:57:41 +0200: Memory Usage (456308K) : metal1_drw has 11 polygons
2026-09-09 20:57:41 +0200: Memory Usage (456308K) : metal1_pin has 7 polygons
2026-09-09 20:57:41 +0200: Memory Usage (456308K) : metal1_mask has 0 polygons
2026-09-09 20:57:41 +0200: Memory Usage (456468K) : metal1_filler has 0 polygons
2026-09-09 20:57:41 +0200: Memory Usage (456468K) : metal1_nofill has 0 polygons
2026-09-09 20:57:41 +0200: Memory Usage (456628K) : metal1_slit has 0 polygons
2026-09-09 20:57:41 +0200: Memory Usage (456820K) : metal1_text has 7 polygons
2026-09-09 20:57:41 +0200: Memory Usage (456820K) : metal1_opc has 0 polygons
2026-09-09 20:57:41 +0200: Memory Usage (456980K) : metal1_noqrc has 0 polygons
2026-09-09 20:57:41 +0200: Memory Usage (456980K) : metal1_res has 0 polygons
2026-09-09 20:57:41 +0200: Memory Usage (456980K) : metal1_iprobe has 0 polygons
2026-09-09 20:57:41 +0200: Memory Usage (457140K) : metal1_diffprb has 0 polygons
2026-09-09 20:57:41 +0200: Memory Usage (457140K) : passiv_drw has 0 polygons
2026-09-09 20:57:41 +0200: Memory Usage (457140K) : passiv_pin has 0 polygons
2026-09-09 20:57:41 +0200: Memory Usage (457300K) : passiv_sbump has 0 polygons
2026-09-09 20:57:41 +0200: Memory Usage (457300K) : passiv_pillar has 0 polygons
2026-09-09 20:57:41 +0200: Memory Usage (457300K) : passiv_pdl has 0 polygons
2026-09-09 20:57:41 +0200: Memory Usage (457300K) : metal2_drw has 1 polygons
2026-09-09 20:57:41 +0200: Memory Usage (457460K) : metal2_pin has 0 polygons
2026-09-09 20:57:41 +0200: Memory Usage (457460K) : metal2_mask has 0 polygons
2026-09-09 20:57:41 +0200: Memory Usage (457460K) : metal2_filler has 0 polygons
2026-09-09 20:57:41 +0200: Memory Usage (457460K) : metal2_nofill has 0 polygons
2026-09-09 20:57:41 +0200: Memory Usage (457460K) : metal2_slit has 0 polygons
2026-09-09 20:57:41 +0200: Memory Usage (457460K) : metal2_text has 0 polygons
2026-09-09 20:57:41 +0200: Memory Usage (457460K) : metal2_opc has 0 polygons
2026-09-09 20:57:41 +0200: Memory Usage (457620K) : metal2_noqrc has 0 polygons
2026-09-09 20:57:41 +0200: Memory Usage (457620K) : metal2_res has 0 polygons
2026-09-09 20:57:41 +0200: Memory Usage (457620K) : metal2_iprobe has 0 polygons
2026-09-09 20:57:41 +0200: Memory Usage (457620K) : metal2_diffprb has 0 polygons
2026-09-09 20:57:41 +0200: Memory Usage (457620K) : baspoly_drw has 0 polygons
2026-09-09 20:57:41 +0200: Memory Usage (457620K) : baspoly_pin has 0 polygons
2026-09-09 20:57:41 +0200: Memory Usage (457780K) : psd_drw has 2 polygons
2026-09-09 20:57:41 +0200: Memory Usage (457780K) : nldb_drw has 0 polygons
2026-09-09 20:57:41 +0200: Memory Usage (457780K) : digibnd_drw has 0 polygons
2026-09-09 20:57:41 +0200: Memory Usage (457940K) : via1_drw has 2 polygons
2026-09-09 20:57:41 +0200: Memory Usage (457940K) : backmetal1_drw has 0 polygons
2026-09-09 20:57:41 +0200: Memory Usage (457940K) : backmetal1_pin has 0 polygons
2026-09-09 20:57:41 +0200: Memory Usage (458100K) : backmetal1_mask has 0 polygons
2026-09-09 20:57:41 +0200: Memory Usage (458100K) : backmetal1_filler has 0 polygons
2026-09-09 20:57:41 +0200: Memory Usage (458100K) : backmetal1_nofill has 0 polygons
2026-09-09 20:57:41 +0200: Memory Usage (458260K) : backmetal1_slit has 0 polygons
2026-09-09 20:57:41 +0200: Memory Usage (458260K) : backmetal1_text has 0 polygons
2026-09-09 20:57:41 +0200: Memory Usage (458260K) : backmetal1_opc has 0 polygons
2026-09-09 20:57:41 +0200: Memory Usage (458420K) : backmetal1_noqrc has 0 polygons
2026-09-09 20:57:41 +0200: Memory Usage (458420K) : backmetal1_res has 0 polygons
2026-09-09 20:57:41 +0200: Memory Usage (458580K) : backmetal1_iprobe has 0 polygons
2026-09-09 20:57:41 +0200: Memory Usage (458740K) : backmetal1_diffprb has 0 polygons
2026-09-09 20:57:41 +0200: Memory Usage (458740K) : backpassiv_drw has 0 polygons
2026-09-09 20:57:41 +0200: Memory Usage (458740K) : res_drw has 0 polygons
2026-09-09 20:57:41 +0200: Memory Usage (458900K) : sram_drw has 0 polygons
2026-09-09 20:57:41 +0200: Memory Usage (458900K) : trans_drw has 0 polygons
2026-09-09 20:57:41 +0200: Memory Usage (458900K) : ind_drw has 0 polygons
2026-09-09 20:57:41 +0200: Memory Usage (459060K) : ind_pin has 0 polygons
2026-09-09 20:57:41 +0200: Memory Usage (459060K) : ind_text has 0 polygons
2026-09-09 20:57:41 +0200: Memory Usage (459060K) : salblock_drw has 0 polygons
2026-09-09 20:57:41 +0200: Memory Usage (459220K) : via2_drw has 0 polygons
2026-09-09 20:57:41 +0200: Memory Usage (459220K) : metal3_drw has 0 polygons
2026-09-09 20:57:41 +0200: Memory Usage (459220K) : metal3_pin has 0 polygons
2026-09-09 20:57:41 +0200: Memory Usage (459380K) : metal3_mask has 0 polygons
2026-09-09 20:57:41 +0200: Memory Usage (459380K) : metal3_filler has 0 polygons
2026-09-09 20:57:41 +0200: Memory Usage (459380K) : metal3_nofill has 0 polygons
2026-09-09 20:57:41 +0200: Memory Usage (459540K) : metal3_slit has 0 polygons
2026-09-09 20:57:41 +0200: Memory Usage (459540K) : metal3_text has 0 polygons
2026-09-09 20:57:41 +0200: Memory Usage (459700K) : metal3_opc has 0 polygons
2026-09-09 20:57:41 +0200: Memory Usage (459700K) : metal3_noqrc has 0 polygons
2026-09-09 20:57:41 +0200: Memory Usage (459700K) : metal3_res has 0 polygons
2026-09-09 20:57:41 +0200: Memory Usage (459860K) : metal3_iprobe has 0 polygons
2026-09-09 20:57:41 +0200: Memory Usage (459860K) : metal3_diffprb has 0 polygons
2026-09-09 20:57:41 +0200: Memory Usage (459860K) : nwell_drw has 1 polygons
2026-09-09 20:57:41 +0200: Memory Usage (459860K) : nwell_pin has 0 polygons
2026-09-09 20:57:41 +0200: Memory Usage (460020K) : nbulay_drw has 0 polygons
2026-09-09 20:57:41 +0200: Memory Usage (460020K) : nbulay_pin has 0 polygons
2026-09-09 20:57:41 +0200: Memory Usage (460020K) : nbulay_block has 0 polygons
2026-09-09 20:57:41 +0200: Memory Usage (460020K) : emwind_drw has 0 polygons
2026-09-09 20:57:41 +0200: Memory Usage (460180K) : emwind_opc has 0 polygons
2026-09-09 20:57:41 +0200: Memory Usage (460180K) : deepco_drw has 0 polygons
2026-09-09 20:57:41 +0200: Memory Usage (460180K) : deepco_drw has 0 polygons
2026-09-09 20:57:41 +0200: Memory Usage (460180K) : mim_drw has 0 polygons
2026-09-09 20:57:41 +0200: Memory Usage (460340K) : edgeseal_drw has 0 polygons
2026-09-09 20:57:41 +0200: Memory Usage (460340K) : edgeseal_bound has 0 polygons
2026-09-09 20:57:41 +0200: Memory Usage (460340K) : substrate_drw has 0 polygons
2026-09-09 20:57:41 +0200: Memory Usage (460340K) : substrate_text has 0 polygons
2026-09-09 20:57:41 +0200: Memory Usage (460340K) : dfpad_drw has 0 polygons
2026-09-09 20:57:41 +0200: Memory Usage (460500K) : dfpad_pillar has 0 polygons
2026-09-09 20:57:41 +0200: Memory Usage (460500K) : dfpad_sbump has 0 polygons
2026-09-09 20:57:41 +0200: Memory Usage (460500K) : thickgateox_drw has 0 polygons
2026-09-09 20:57:41 +0200: Memory Usage (460660K) : pldb_drw has 0 polygons
2026-09-09 20:57:41 +0200: Memory Usage (460660K) : pwell_drw has 0 polygons
2026-09-09 20:57:41 +0200: Memory Usage (460660K) : pwell_pin has 0 polygons
2026-09-09 20:57:41 +0200: Memory Usage (460820K) : pwell_block has 0 polygons
2026-09-09 20:57:41 +0200: Memory Usage (460820K) : ic_drw has 0 polygons
2026-09-09 20:57:42 +0200: Memory Usage (460820K) : via3_drw has 0 polygons
2026-09-09 20:57:42 +0200: Memory Usage (460980K) : metal4_drw has 0 polygons
2026-09-09 20:57:42 +0200: Memory Usage (460980K) : metal4_pin has 0 polygons
2026-09-09 20:57:42 +0200: Memory Usage (460980K) : metal4_mask has 0 polygons
2026-09-09 20:57:42 +0200: Memory Usage (461140K) : metal4_filler has 0 polygons
2026-09-09 20:57:42 +0200: Memory Usage (461140K) : metal4_nofill has 0 polygons
2026-09-09 20:57:42 +0200: Memory Usage (461140K) : metal4_slit has 0 polygons
2026-09-09 20:57:42 +0200: Memory Usage (461300K) : metal4_text has 0 polygons
2026-09-09 20:57:42 +0200: Memory Usage (461300K) : metal4_opc has 0 polygons
2026-09-09 20:57:42 +0200: Memory Usage (461300K) : metal4_noqrc has 0 polygons
2026-09-09 20:57:42 +0200: Memory Usage (461460K) : metal4_res has 0 polygons
2026-09-09 20:57:42 +0200: Memory Usage (461460K) : metal4_iprobe has 0 polygons
2026-09-09 20:57:42 +0200: Memory Usage (461620K) : metal4_diffprb has 0 polygons
2026-09-09 20:57:42 +0200: Memory Usage (461620K) : heattrans_drw has 0 polygons
2026-09-09 20:57:42 +0200: Memory Usage (461620K) : heatres_drw has 0 polygons
2026-09-09 20:57:42 +0200: Memory Usage (461780K) : pempoly_drw has 0 polygons
2026-09-09 20:57:42 +0200: Memory Usage (461780K) : fbe_drw has 0 polygons
2026-09-09 20:57:42 +0200: Memory Usage (461780K) : empoly_drw has 0 polygons
2026-09-09 20:57:42 +0200: Memory Usage (461940K) : ldmos_drw has 0 polygons
2026-09-09 20:57:42 +0200: Memory Usage (461940K) : pbiwind_drw has 0 polygons
2026-09-09 20:57:42 +0200: Memory Usage (461940K) : digisub_drw has 0 polygons
2026-09-09 20:57:42 +0200: Memory Usage (461940K) : nodrc_drw has 0 polygons
2026-09-09 20:57:42 +0200: Memory Usage (461940K) : text_drw has 0 polygons
2026-09-09 20:57:42 +0200: Memory Usage (462100K) : via4_drw has 0 polygons
2026-09-09 20:57:42 +0200: Memory Usage (462100K) : metal5_drw has 0 polygons
2026-09-09 20:57:42 +0200: Memory Usage (462100K) : metal5_pin has 0 polygons
2026-09-09 20:57:42 +0200: Memory Usage (462100K) : metal5_mask has 0 polygons
2026-09-09 20:57:42 +0200: Memory Usage (462260K) : metal5_filler has 0 polygons
2026-09-09 20:57:42 +0200: Memory Usage (462260K) : metal5_nofill has 0 polygons
2026-09-09 20:57:42 +0200: Memory Usage (462260K) : metal5_slit has 0 polygons
2026-09-09 20:57:42 +0200: Memory Usage (462420K) : metal5_text has 0 polygons
2026-09-09 20:57:42 +0200: Memory Usage (462420K) : metal5_opc has 0 polygons
2026-09-09 20:57:42 +0200: Memory Usage (462420K) : metal5_noqrc has 0 polygons
2026-09-09 20:57:42 +0200: Memory Usage (462580K) : metal5_res has 0 polygons
2026-09-09 20:57:42 +0200: Memory Usage (462580K) : metal5_iprobe has 0 polygons
2026-09-09 20:57:42 +0200: Memory Usage (462580K) : metal5_diffprb has 0 polygons
2026-09-09 20:57:42 +0200: Memory Usage (462740K) : radhard_drw has 0 polygons
2026-09-09 20:57:42 +0200: Memory Usage (462740K) : memcap_drw has 0 polygons
2026-09-09 20:57:42 +0200: Memory Usage (462740K) : varicap_drw has 0 polygons
2026-09-09 20:57:42 +0200: Memory Usage (462900K) : flash_drw has 0 polygons
2026-09-09 20:57:42 +0200: Memory Usage (462900K) : intbondvia_drw has 0 polygons
2026-09-09 20:57:42 +0200: Memory Usage (462900K) : intbondmet_drw has 0 polygons
2026-09-09 20:57:42 +0200: Memory Usage (463060K) : devbondvia_drw has 0 polygons
2026-09-09 20:57:42 +0200: Memory Usage (463060K) : devbondmet_drw has 0 polygons
2026-09-09 20:57:42 +0200: Memory Usage (463060K) : devtrench_drw has 0 polygons
2026-09-09 20:57:42 +0200: Memory Usage (463220K) : redist_drw has 0 polygons
2026-09-09 20:57:42 +0200: Memory Usage (463220K) : graphbot_drw has 0 polygons
2026-09-09 20:57:42 +0200: Memory Usage (463220K) : graphtop_drw has 0 polygons
2026-09-09 20:57:42 +0200: Memory Usage (463380K) : antvia1_drw has 0 polygons
2026-09-09 20:57:42 +0200: Memory Usage (463380K) : antmetal2_drw has 0 polygons
2026-09-09 20:57:42 +0200: Memory Usage (463540K) : graphcont_drw has 0 polygons
2026-09-09 20:57:42 +0200: Memory Usage (463540K) : siwg_drw has 0 polygons
2026-09-09 20:57:42 +0200: Memory Usage (463540K) : siwg_filler has 0 polygons
2026-09-09 20:57:42 +0200: Memory Usage (463700K) : siwg_nofill has 0 polygons
2026-09-09 20:57:42 +0200: Memory Usage (463700K) : sigrating_drw has 0 polygons
2026-09-09 20:57:42 +0200: Memory Usage (463700K) : singrating_drw has 0 polygons
2026-09-09 20:57:42 +0200: Memory Usage (463860K) : graphpas_drw has 0 polygons
2026-09-09 20:57:42 +0200: Memory Usage (463860K) : emwind3_drw has 0 polygons
2026-09-09 20:57:42 +0200: Memory Usage (463860K) : emwihv3_drw has 0 polygons
2026-09-09 20:57:42 +0200: Memory Usage (463860K) : redbulay_drw has 0 polygons
2026-09-09 20:57:42 +0200: Memory Usage (463860K) : smos_drw has 0 polygons
2026-09-09 20:57:42 +0200: Memory Usage (464020K) : graphpad_drw has 0 polygons
2026-09-09 20:57:42 +0200: Memory Usage (464020K) : polimide_drw has 0 polygons
2026-09-09 20:57:42 +0200: Memory Usage (464020K) : polimide_pin has 0 polygons
2026-09-09 20:57:42 +0200: Memory Usage (464020K) : recog_drw has 0 polygons
2026-09-09 20:57:42 +0200: Memory Usage (464180K) : recog_pin has 0 polygons
2026-09-09 20:57:42 +0200: Memory Usage (464180K) : recog_esd has 0 polygons
2026-09-09 20:57:42 +0200: Memory Usage (464180K) : recog_diode has 0 polygons
2026-09-09 20:57:42 +0200: Memory Usage (464340K) : recog_tsv has 0 polygons
2026-09-09 20:57:42 +0200: Memory Usage (464340K) : recog_iprobe has 0 polygons
2026-09-09 20:57:42 +0200: Memory Usage (464340K) : recog_diffprb has 0 polygons
2026-09-09 20:57:42 +0200: Memory Usage (464500K) : recog_pillar has 0 polygons
2026-09-09 20:57:42 +0200: Memory Usage (464500K) : recog_sbump has 0 polygons
2026-09-09 20:57:42 +0200: Memory Usage (464500K) : recog_otp has 0 polygons
2026-09-09 20:57:42 +0200: Memory Usage (464660K) : recog_pdiode has 0 polygons
2026-09-09 20:57:42 +0200: Memory Usage (464660K) : recog_mom has 0 polygons
2026-09-09 20:57:42 +0200: Memory Usage (464660K) : recog_pcm has 0 polygons
2026-09-09 20:57:42 +0200: Memory Usage (464820K) : colopen_drw has 0 polygons
2026-09-09 20:57:42 +0200: Memory Usage (464820K) : graphmetal1_drw has 0 polygons
2026-09-09 20:57:42 +0200: Memory Usage (464820K) : graphmetal1_filler has 0 polygons
2026-09-09 20:57:42 +0200: Memory Usage (464980K) : graphmetal1_nofill has 0 polygons
2026-09-09 20:57:42 +0200: Memory Usage (464980K) : graphmetal1_slit has 0 polygons
2026-09-09 20:57:42 +0200: Memory Usage (464980K) : graphmetal1_opc has 0 polygons
2026-09-09 20:57:42 +0200: Memory Usage (465140K) : graphmet1l_drw has 0 polygons
2026-09-09 20:57:42 +0200: Memory Usage (465140K) : graphmet1l_filler has 0 polygons
2026-09-09 20:57:42 +0200: Memory Usage (465140K) : graphmet1l_nofill has 0 polygons
2026-09-09 20:57:42 +0200: Memory Usage (465300K) : graphmet1l_slit has 0 polygons
2026-09-09 20:57:42 +0200: Memory Usage (465300K) : graphmet1l_opc has 0 polygons
2026-09-09 20:57:42 +0200: Memory Usage (465300K) : extblock_drw has 0 polygons
2026-09-09 20:57:42 +0200: Memory Usage (465460K) : nldd_drw has 0 polygons
2026-09-09 20:57:42 +0200: Memory Usage (465460K) : pldd_drw has 0 polygons
2026-09-09 20:57:42 +0200: Memory Usage (465460K) : next_drw has 0 polygons
2026-09-09 20:57:42 +0200: Memory Usage (465620K) : pext_drw has 0 polygons
2026-09-09 20:57:42 +0200: Memory Usage (465620K) : nexthv_drw has 0 polygons
2026-09-09 20:57:42 +0200: Memory Usage (465620K) : pexthv_drw has 0 polygons
2026-09-09 20:57:42 +0200: Memory Usage (465780K) : graphgate_drw has 0 polygons
2026-09-09 20:57:42 +0200: Memory Usage (465780K) : sinwg_drw has 0 polygons
2026-09-09 20:57:42 +0200: Memory Usage (465780K) : sinwg_filler has 0 polygons
2026-09-09 20:57:42 +0200: Memory Usage (465940K) : sinwg_nofill has 0 polygons
2026-09-09 20:57:42 +0200: Memory Usage (465940K) : mempad_drw has 0 polygons
2026-09-09 20:57:42 +0200: Memory Usage (465940K) : topvia1_drw has 0 polygons
2026-09-09 20:57:42 +0200: Memory Usage (465940K) : topmetal1_drw has 0 polygons
2026-09-09 20:57:42 +0200: Memory Usage (465940K) : topmetal1_pin has 0 polygons
2026-09-09 20:57:42 +0200: Memory Usage (465940K) : topmetal1_mask has 0 polygons
2026-09-09 20:57:42 +0200: Memory Usage (465940K) : topmetal1_filler has 0 polygons
2026-09-09 20:57:42 +0200: Memory Usage (465940K) : topmetal1_nofill has 0 polygons
2026-09-09 20:57:42 +0200: Memory Usage (465940K) : topmetal1_slit has 0 polygons
2026-09-09 20:57:42 +0200: Memory Usage (465940K) : topmetal1_text has 0 polygons
2026-09-09 20:57:42 +0200: Memory Usage (466100K) : topmetal1_noqrc has 0 polygons
2026-09-09 20:57:42 +0200: Memory Usage (466100K) : topmetal1_res has 0 polygons
2026-09-09 20:57:42 +0200: Memory Usage (466100K) : topmetal1_iprobe has 0 polygons
2026-09-09 20:57:42 +0200: Memory Usage (466260K) : topmetal1_diffprb has 0 polygons
2026-09-09 20:57:42 +0200: Memory Usage (466260K) : inldpwl_drw has 0 polygons
2026-09-09 20:57:42 +0200: Memory Usage (466260K) : polyres_drw has 0 polygons
2026-09-09 20:57:42 +0200: Memory Usage (466420K) : polyres_pin has 0 polygons
2026-09-09 20:57:42 +0200: Memory Usage (466420K) : vmim_drw has 0 polygons
2026-09-09 20:57:42 +0200: Memory Usage (466420K) : nbulaycut_drw has 0 polygons
2026-09-09 20:57:42 +0200: Memory Usage (466580K) : antmetal1_drw has 0 polygons
2026-09-09 20:57:42 +0200: Memory Usage (466580K) : topvia2_drw has 0 polygons
2026-09-09 20:57:42 +0200: Memory Usage (466580K) : topmetal2_drw has 0 polygons
2026-09-09 20:57:42 +0200: Memory Usage (466740K) : topmetal2_pin has 0 polygons
2026-09-09 20:57:42 +0200: Memory Usage (466740K) : topmetal2_mask has 0 polygons
2026-09-09 20:57:42 +0200: Memory Usage (466740K) : topmetal2_filler has 0 polygons
2026-09-09 20:57:42 +0200: Memory Usage (466900K) : topmetal2_nofill has 0 polygons
2026-09-09 20:57:42 +0200: Memory Usage (466900K) : topmetal2_slit has 0 polygons
2026-09-09 20:57:42 +0200: Memory Usage (466900K) : topmetal2_text has 0 polygons
2026-09-09 20:57:42 +0200: Memory Usage (467060K) : topmetal2_noqrc has 0 polygons
2026-09-09 20:57:42 +0200: Memory Usage (467060K) : topmetal2_res has 0 polygons
2026-09-09 20:57:42 +0200: Memory Usage (467060K) : topmetal2_iprobe has 0 polygons
2026-09-09 20:57:42 +0200: Memory Usage (467220K) : topmetal2_diffprb has 0 polygons
2026-09-09 20:57:42 +0200: Memory Usage (467220K) : snsring_drw has 0 polygons
2026-09-09 20:57:42 +0200: Memory Usage (467380K) : sensor_drw has 0 polygons
2026-09-09 20:57:42 +0200: Memory Usage (467380K) : snsarms_drw has 0 polygons
2026-09-09 20:57:42 +0200: Memory Usage (467380K) : snscmosvia_drw has 0 polygons
2026-09-09 20:57:42 +0200: Memory Usage (467380K) : colwind_drw has 0 polygons
2026-09-09 20:57:42 +0200: Memory Usage (467540K) : flm_drw has 0 polygons
2026-09-09 20:57:42 +0200: Memory Usage (467540K) : hafniumox_drw has 0 polygons
2026-09-09 20:57:42 +0200: Memory Usage (467540K) : memvia_drw has 0 polygons
2026-09-09 20:57:42 +0200: Memory Usage (467700K) : thinfilmres_drw has 0 polygons
2026-09-09 20:57:42 +0200: Memory Usage (467700K) : rfmem_drw has 0 polygons
2026-09-09 20:57:42 +0200: Memory Usage (467700K) : norcx_drw has 0 polygons
2026-09-09 20:57:42 +0200: Memory Usage (467860K) : norcx_m2m3 has 0 polygons
2026-09-09 20:57:42 +0200: Memory Usage (467860K) : norcx_m2m4 has 0 polygons
2026-09-09 20:57:42 +0200: Memory Usage (467860K) : norcx_m2m5 has 0 polygons
2026-09-09 20:57:42 +0200: Memory Usage (468020K) : norcx_m2tm1 has 0 polygons
2026-09-09 20:57:42 +0200: Memory Usage (468020K) : norcx_m2tm2 has 0 polygons
2026-09-09 20:57:42 +0200: Memory Usage (468180K) : norcx_m3m4 has 0 polygons
2026-09-09 20:57:42 +0200: Memory Usage (468180K) : norcx_m3m5 has 0 polygons
2026-09-09 20:57:42 +0200: Memory Usage (468180K) : norcx_m3tm1 has 0 polygons
2026-09-09 20:57:42 +0200: Memory Usage (468340K) : norcx_m3tm2 has 0 polygons
2026-09-09 20:57:42 +0200: Memory Usage (468340K) : norcx_m4m5 has 0 polygons
2026-09-09 20:57:42 +0200: Memory Usage (468340K) : norcx_m4tm1 has 0 polygons
2026-09-09 20:57:42 +0200: Memory Usage (468500K) : norcx_m4tm2 has 0 polygons
2026-09-09 20:57:42 +0200: Memory Usage (468500K) : norcx_m5tm1 has 0 polygons
2026-09-09 20:57:42 +0200: Memory Usage (468500K) : norcx_m5tm2 has 0 polygons
2026-09-09 20:57:42 +0200: Memory Usage (468660K) : norcx_tm1tm2 has 0 polygons
2026-09-09 20:57:42 +0200: Memory Usage (468660K) : norcx_m1sub has 0 polygons
2026-09-09 20:57:42 +0200: Memory Usage (468660K) : norcx_m2sub has 0 polygons
2026-09-09 20:57:42 +0200: Memory Usage (468820K) : norcx_m3sub has 0 polygons
2026-09-09 20:57:42 +0200: Memory Usage (468820K) : norcx_m4sub has 0 polygons
2026-09-09 20:57:42 +0200: Memory Usage (468820K) : norcx_m5sub has 0 polygons
2026-09-09 20:57:42 +0200: Memory Usage (468980K) : norcx_tm1sub has 0 polygons
2026-09-09 20:57:42 +0200: Memory Usage (468980K) : norcx_tm2sub has 0 polygons
2026-09-09 20:57:42 +0200: Memory Usage (468980K) : snsbotvia_drw has 0 polygons
2026-09-09 20:57:42 +0200: Memory Usage (469140K) : snstopvia_drw has 0 polygons
2026-09-09 20:57:42 +0200: Memory Usage (469140K) : deepvia_drw has 0 polygons
2026-09-09 20:57:42 +0200: Memory Usage (469140K) : fgetch_drw has 0 polygons
2026-09-09 20:57:42 +0200: Memory Usage (469300K) : ctrgat_drw has 0 polygons
2026-09-09 20:57:42 +0200: Memory Usage (469300K) : fgimp_drw has 0 polygons
2026-09-09 20:57:42 +0200: Memory Usage (469300K) : emwihv_drw has 0 polygons
2026-09-09 20:57:42 +0200: Memory Usage (469460K) : lbe_drw has 0 polygons
2026-09-09 20:57:42 +0200: Memory Usage (469460K) : alcustop_drw has 0 polygons
2026-09-09 20:57:42 +0200: Memory Usage (469460K) : nometfiller_drw has 0 polygons
2026-09-09 20:57:42 +0200: Memory Usage (469620K) : prboundary_drw has 0 polygons
2026-09-09 20:57:42 +0200: Memory Usage (469620K) : exchange0_drw has 0 polygons
2026-09-09 20:57:42 +0200: Memory Usage (469620K) : exchange0_pin has 0 polygons
2026-09-09 20:57:42 +0200: Memory Usage (469780K) : exchange0_text has 0 polygons
2026-09-09 20:57:42 +0200: Memory Usage (469780K) : exchange1_drw has 0 polygons
2026-09-09 20:57:42 +0200: Memory Usage (469780K) : exchange1_pin has 0 polygons
2026-09-09 20:57:42 +0200: Memory Usage (469940K) : exchange1_text has 0 polygons
2026-09-09 20:57:42 +0200: Memory Usage (469940K) : exchange2_drw has 0 polygons
2026-09-09 20:57:42 +0200: Memory Usage (469940K) : exchange2_pin has 0 polygons
2026-09-09 20:57:42 +0200: Memory Usage (470100K) : exchange2_text has 0 polygons
2026-09-09 20:57:42 +0200: Memory Usage (470100K) : exchange3_drw has 0 polygons
2026-09-09 20:57:42 +0200: Memory Usage (470100K) : exchange3_pin has 0 polygons
2026-09-09 20:57:42 +0200: Memory Usage (470260K) : exchange3_text has 0 polygons
2026-09-09 20:57:42 +0200: Memory Usage (470260K) : exchange4_drw has 0 polygons
2026-09-09 20:57:42 +0200: Memory Usage (470260K) : exchange4_pin has 0 polygons
2026-09-09 20:57:42 +0200: Memory Usage (470420K) : exchange4_text has 0 polygons
2026-09-09 20:57:42 +0200: Memory Usage (470420K) : isonwell_drw has 0 polygons
2026-09-09 20:57:42 +0200: Memory Usage (470420K) : Total no. of polygons in the design is 93
2026-09-09 20:57:42 +0200: Memory Usage (470420K) : Loaded TECH DRC rules values from /foss/pdks/ihp-sg13g2/libs.tech/klayout/python/sg13g2_pycell_lib/sg13g2_tech_mod.json
2026-09-09 20:57:42 +0200: Memory Usage (470420K) : Loaded default DRC rules values from /foss/pdks/ihp-sg13g2/libs.tech/klayout/tech/drc/rule_decks/sg13g2_tech_default.json
2026-09-09 20:57:42 +0200: Memory Usage (470420K) : The following rules values were missing in tech json and default values were used:
2026-09-09 20:57:42 +0200: Memory Usage (470420K) :   - NW_f1_digibnd
2026-09-09 20:57:42 +0200: Memory Usage (470420K) :   - Cnt_c_digibnd
2026-09-09 20:57:42 +0200: Memory Usage (470420K) :   - Cnt_c_sram
2026-09-09 20:57:42 +0200: Memory Usage (470420K) :   - Sdiod_b
2026-09-09 20:57:42 +0200: Memory Usage (470420K) :   - Sdiod_c
2026-09-09 20:57:42 +0200: Memory Usage (471576K) : Total area of the design is 21.2915 um^2.
2026-09-09 20:57:42 +0200: Memory Usage (471576K) : The design dimensions are 4.8500000000000005 µm * 4.39 µm.
2026-09-09 20:57:42 +0200: Memory Usage (471576K) : Starting general IHP-SG13G2 derivations.
2026-09-09 20:57:42 +0200: Memory Usage (471576K) : Starting Pwell derivations
2026-09-09 20:57:42 +0200: Memory Usage (473396K) : Starting IHP-SG13G2 DRC rules.
2026-09-09 20:57:42 +0200: Memory Usage (473396K) : Starting 3.1. offgrid table
2026-09-09 20:57:42 +0200: Memory Usage (473396K) : Executing rule activ_drw_Offgrid
2026-09-09 20:57:42 +0200: Memory Usage (473556K) : Executing rule activ_mask_Offgrid
2026-09-09 20:57:42 +0200: Memory Usage (473556K) : Executing rule activ_filler_Offgrid
2026-09-09 20:57:42 +0200: Memory Usage (473556K) : Executing rule activ_opc_Offgrid
2026-09-09 20:57:42 +0200: Memory Usage (473556K) : Executing rule activ_iopc_Offgrid
2026-09-09 20:57:42 +0200: Memory Usage (473556K) : Executing rule biwind_drw_Offgrid
2026-09-09 20:57:42 +0200: Memory Usage (473556K) : Executing rule biwind_opc_Offgrid
2026-09-09 20:57:42 +0200: Memory Usage (473556K) : Executing rule pemwind_drw_Offgrid
2026-09-09 20:57:42 +0200: Memory Usage (473556K) : Executing rule gatpoly_drw_Offgrid
2026-09-09 20:57:42 +0200: Memory Usage (473876K) : Executing rule gatpoly_filler_Offgrid
2026-09-09 20:57:42 +0200: Memory Usage (474356K) : Executing rule gatpoly_opc_Offgrid
2026-09-09 20:57:42 +0200: Memory Usage (474836K) : Executing rule gatpoly_iopc_Offgrid
2026-09-09 20:57:42 +0200: Memory Usage (475316K) : Executing rule gatpoly_noqrc_Offgrid
2026-09-09 20:57:42 +0200: Memory Usage (475796K) : Executing rule cont_drw_Offgrid
2026-09-09 20:57:42 +0200: Memory Usage (476276K) : Executing rule cont_opc_Offgrid
2026-09-09 20:57:42 +0200: Memory Usage (476756K) : Executing rule nsd_drw_Offgrid
2026-09-09 20:57:42 +0200: Memory Usage (477076K) : Executing rule nsd_block_Offgrid
2026-09-09 20:57:42 +0200: Memory Usage (477716K) : Executing rule metal1_drw_Offgrid
2026-09-09 20:57:42 +0200: Memory Usage (478036K) : Executing rule metal1_mask_Offgrid
2026-09-09 20:57:42 +0200: Memory Usage (478516K) : Executing rule metal1_filler_Offgrid
2026-09-09 20:57:42 +0200: Memory Usage (478996K) : Executing rule metal1_slit_Offgrid
2026-09-09 20:57:42 +0200: Memory Usage (479476K) : Executing rule metal1_opc_Offgrid
2026-09-09 20:57:42 +0200: Memory Usage (479956K) : Executing rule metal1_noqrc_Offgrid
2026-09-09 20:57:42 +0200: Memory Usage (480276K) : Executing rule metal1_res_Offgrid
2026-09-09 20:57:42 +0200: Memory Usage (480276K) : Executing rule metal1_iprobe_Offgrid
2026-09-09 20:57:42 +0200: Memory Usage (480276K) : Executing rule metal1_diffprb_Offgrid
2026-09-09 20:57:42 +0200: Memory Usage (480276K) : Executing rule passiv_drw_Offgrid
2026-09-09 20:57:42 +0200: Memory Usage (480276K) : Executing rule passiv_pillar_Offgrid
2026-09-09 20:57:42 +0200: Memory Usage (480276K) : Executing rule passiv_sbump_Offgrid
2026-09-09 20:57:42 +0200: Memory Usage (480436K) : Executing rule passiv_pdl_Offgrid
2026-09-09 20:57:42 +0200: Memory Usage (480916K) : Executing rule metal2_drw_Offgrid
2026-09-09 20:57:42 +0200: Memory Usage (481076K) : Executing rule metal2_mask_Offgrid
2026-09-09 20:57:42 +0200: Memory Usage (481076K) : Executing rule metal2_filler_Offgrid
2026-09-09 20:57:42 +0200: Memory Usage (481076K) : Executing rule metal2_slit_Offgrid
2026-09-09 20:57:42 +0200: Memory Usage (481076K) : Executing rule metal2_opc_Offgrid
2026-09-09 20:57:42 +0200: Memory Usage (481076K) : Executing rule metal2_noqrc_Offgrid
2026-09-09 20:57:42 +0200: Memory Usage (481236K) : Executing rule metal2_res_Offgrid
2026-09-09 20:57:42 +0200: Memory Usage (481396K) : Executing rule metal2_iprobe_Offgrid
2026-09-09 20:57:42 +0200: Memory Usage (481396K) : Executing rule metal2_diffprb_Offgrid
2026-09-09 20:57:42 +0200: Memory Usage (481396K) : Executing rule baspoly_drw_Offgrid
2026-09-09 20:57:42 +0200: Memory Usage (481396K) : Executing rule psd_drw_Offgrid
2026-09-09 20:57:42 +0200: Memory Usage (481396K) : Executing rule nldb_drw_Offgrid
2026-09-09 20:57:42 +0200: Memory Usage (481396K) : Executing rule via1_drw_Offgrid
2026-09-09 20:57:42 +0200: Memory Usage (481556K) : Executing rule backmetal1_drw_Offgrid
2026-09-09 20:57:42 +0200: Memory Usage (481716K) : Executing rule backmetal1_mask_Offgrid
2026-09-09 20:57:42 +0200: Memory Usage (481876K) : Executing rule backmetal1_filler_Offgrid
2026-09-09 20:57:42 +0200: Memory Usage (481876K) : Executing rule backmetal1_slit_Offgrid
2026-09-09 20:57:42 +0200: Memory Usage (481876K) : Executing rule backmetal1_opc_Offgrid
2026-09-09 20:57:42 +0200: Memory Usage (481876K) : Executing rule backmetal1_noqrc_Offgrid
2026-09-09 20:57:42 +0200: Memory Usage (481876K) : Executing rule backmetal1_res_Offgrid
2026-09-09 20:57:42 +0200: Memory Usage (481876K) : Executing rule backmetal1_iprobe_Offgrid
2026-09-09 20:57:42 +0200: Memory Usage (482036K) : Executing rule backmetal1_diffprb_Offgrid
2026-09-09 20:57:42 +0200: Memory Usage (482356K) : Executing rule backpassiv_drw_Offgrid
2026-09-09 20:57:42 +0200: Memory Usage (482676K) : Executing rule salblock_drw_Offgrid
2026-09-09 20:57:42 +0200: Memory Usage (482996K) : Executing rule via2_drw_Offgrid
2026-09-09 20:57:42 +0200: Memory Usage (482996K) : Executing rule metal3_drw_Offgrid
2026-09-09 20:57:42 +0200: Memory Usage (482996K) : Executing rule metal3_mask_Offgrid
2026-09-09 20:57:42 +0200: Memory Usage (482996K) : Executing rule metal3_filler_Offgrid
2026-09-09 20:57:42 +0200: Memory Usage (482996K) : Executing rule metal3_slit_Offgrid
2026-09-09 20:57:42 +0200: Memory Usage (482996K) : Executing rule metal3_opc_Offgrid
2026-09-09 20:57:42 +0200: Memory Usage (482996K) : Executing rule metal3_noqrc_Offgrid
2026-09-09 20:57:42 +0200: Memory Usage (483156K) : Executing rule metal3_res_Offgrid
2026-09-09 20:57:42 +0200: Memory Usage (483476K) : Executing rule metal3_iprobe_Offgrid
2026-09-09 20:57:42 +0200: Memory Usage (483476K) : Executing rule metal3_diffprb_Offgrid
2026-09-09 20:57:42 +0200: Memory Usage (483476K) : Executing rule nwell_drw_Offgrid
2026-09-09 20:57:42 +0200: Memory Usage (483476K) : Executing rule nbulay_drw_Offgrid
2026-09-09 20:57:42 +0200: Memory Usage (483476K) : Executing rule nbulay_block_Offgrid
2026-09-09 20:57:42 +0200: Memory Usage (483476K) : Executing rule pwell_drw_Offgrid
2026-09-09 20:57:42 +0200: Memory Usage (483476K) : Executing rule pwell_block_Offgrid
2026-09-09 20:57:42 +0200: Memory Usage (483476K) : Executing rule emwind_drw_Offgrid
2026-09-09 20:57:42 +0200: Memory Usage (483476K) : Executing rule emwind_opc_Offgrid
2026-09-09 20:57:42 +0200: Memory Usage (483476K) : Executing rule deepco_drw_Offgrid
2026-09-09 20:57:42 +0200: Memory Usage (483476K) : Executing rule mim_drw_Offgrid
2026-09-09 20:57:42 +0200: Memory Usage (483476K) : Executing rule substrate_drw_Offgrid
2026-09-09 20:57:42 +0200: Memory Usage (483476K) : Executing rule ic_drw_Offgrid
2026-09-09 20:57:42 +0200: Memory Usage (483476K) : Executing rule via3_drw_Offgrid
2026-09-09 20:57:42 +0200: Memory Usage (483476K) : Executing rule pldb_drw_Offgrid
2026-09-09 20:57:42 +0200: Memory Usage (483476K) : Executing rule metal4_drw_Offgrid
2026-09-09 20:57:42 +0200: Memory Usage (483476K) : Executing rule metal4_mask_Offgrid
2026-09-09 20:57:42 +0200: Memory Usage (483956K) : Executing rule metal4_filler_Offgrid
2026-09-09 20:57:42 +0200: Memory Usage (484436K) : Executing rule metal4_slit_Offgrid
2026-09-09 20:57:42 +0200: Memory Usage (484916K) : Executing rule metal4_opc_Offgrid
2026-09-09 20:57:42 +0200: Memory Usage (485236K) : Executing rule metal4_noqrc_Offgrid
2026-09-09 20:57:42 +0200: Memory Usage (485716K) : Executing rule metal4_res_Offgrid
2026-09-09 20:57:42 +0200: Memory Usage (486196K) : Executing rule metal4_iprobe_Offgrid
2026-09-09 20:57:42 +0200: Memory Usage (486516K) : Executing rule metal4_diffprb_Offgrid
2026-09-09 20:57:42 +0200: Memory Usage (486996K) : Executing rule via4_drw_Offgrid
2026-09-09 20:57:42 +0200: Memory Usage (487476K) : Executing rule metal5_drw_Offgrid
2026-09-09 20:57:42 +0200: Memory Usage (487476K) : Executing rule metal5_mask_Offgrid
2026-09-09 20:57:42 +0200: Memory Usage (487476K) : Executing rule metal5_filler_Offgrid
2026-09-09 20:57:42 +0200: Memory Usage (487476K) : Executing rule metal5_slit_Offgrid
2026-09-09 20:57:42 +0200: Memory Usage (487476K) : Executing rule metal5_opc_Offgrid
2026-09-09 20:57:42 +0200: Memory Usage (487476K) : Executing rule metal5_noqrc_Offgrid
2026-09-09 20:57:42 +0200: Memory Usage (487476K) : Executing rule metal5_res_Offgrid
2026-09-09 20:57:42 +0200: Memory Usage (487476K) : Executing rule metal5_iprobe_Offgrid
2026-09-09 20:57:42 +0200: Memory Usage (487476K) : Executing rule metal5_diffprb_Offgrid
2026-09-09 20:57:42 +0200: Memory Usage (487476K) : Executing rule prboundary_drw_Offgrid
2026-09-09 20:57:42 +0200: Memory Usage (487476K) : Executing rule exchange0_drw_Offgrid
2026-09-09 20:57:42 +0200: Memory Usage (487476K) : Executing rule exchange1_drw_Offgrid
2026-09-09 20:57:42 +0200: Memory Usage (487476K) : Executing rule exchange2_drw_Offgrid
2026-09-09 20:57:42 +0200: Memory Usage (487476K) : Executing rule exchange3_drw_Offgrid
2026-09-09 20:57:42 +0200: Memory Usage (487476K) : Executing rule exchange4_drw_Offgrid
2026-09-09 20:57:42 +0200: Memory Usage (487476K) : Executing rule isonwell_drw_Offgrid
2026-09-09 20:57:42 +0200: Memory Usage (487476K) : Executing rule thickgateox_drw_Offgrid
2026-09-09 20:57:42 +0200: Memory Usage (487476K) : Executing rule pempoly_drw_Offgrid
2026-09-09 20:57:42 +0200: Memory Usage (487476K) : Executing rule fbe_drw_Offgrid
2026-09-09 20:57:42 +0200: Memory Usage (487476K) : Executing rule empoly_drw_Offgrid
2026-09-09 20:57:42 +0200: Memory Usage (487476K) : Executing rule ldmos_drw_Offgrid
2026-09-09 20:57:42 +0200: Memory Usage (487476K) : Executing rule pbiwind_drw_Offgrid
2026-09-09 20:57:42 +0200: Memory Usage (487476K) : Executing rule colopen_drw_Offgrid
2026-09-09 20:57:42 +0200: Memory Usage (487476K) : Executing rule extblock_drw_Offgrid
2026-09-09 20:57:42 +0200: Memory Usage (487476K) : Executing rule nldd_drw_Offgrid
2026-09-09 20:57:42 +0200: Memory Usage (487476K) : Executing rule pldd_drw_Offgrid
2026-09-09 20:57:42 +0200: Memory Usage (487476K) : Executing rule next_drw_Offgrid
2026-09-09 20:57:42 +0200: Memory Usage (487476K) : Executing rule pext_drw_Offgrid
2026-09-09 20:57:42 +0200: Memory Usage (487476K) : Executing rule nexthv_drw_Offgrid
2026-09-09 20:57:42 +0200: Memory Usage (487476K) : Executing rule pexthv_drw_Offgrid
2026-09-09 20:57:42 +0200: Memory Usage (487476K) : Executing rule graphgate_drw_Offgrid
2026-09-09 20:57:42 +0200: Memory Usage (487476K) : Executing rule mempad_drw_Offgrid
2026-09-09 20:57:42 +0200: Memory Usage (487476K) : Executing rule topvia1_drw_Offgrid
2026-09-09 20:57:42 +0200: Memory Usage (487476K) : Executing rule topmetal1_drw_Offgrid
2026-09-09 20:57:42 +0200: Memory Usage (487476K) : Executing rule topmetal1_mask_Offgrid
2026-09-09 20:57:42 +0200: Memory Usage (487476K) : Executing rule topmetal1_filler_Offgrid
2026-09-09 20:57:42 +0200: Memory Usage (487476K) : Executing rule topmetal1_slit_Offgrid
2026-09-09 20:57:42 +0200: Memory Usage (487476K) : Executing rule topmetal1_noqrc_Offgrid
2026-09-09 20:57:42 +0200: Memory Usage (487476K) : Executing rule topmetal1_res_Offgrid
2026-09-09 20:57:42 +0200: Memory Usage (487476K) : Executing rule topmetal1_iprobe_Offgrid
2026-09-09 20:57:42 +0200: Memory Usage (487476K) : Executing rule topmetal1_diffprb_Offgrid
2026-09-09 20:57:42 +0200: Memory Usage (487476K) : Executing rule inldpwl_drw_Offgrid
2026-09-09 20:57:42 +0200: Memory Usage (487476K) : Executing rule polyres_drw_Offgrid
2026-09-09 20:57:42 +0200: Memory Usage (487476K) : Executing rule vmim_drw_Offgrid
2026-09-09 20:57:42 +0200: Memory Usage (487476K) : Executing rule nbulaycut_drw_Offgrid
2026-09-09 20:57:42 +0200: Memory Usage (487476K) : Executing rule antmetal1_drw_Offgrid
2026-09-09 20:57:42 +0200: Memory Usage (487476K) : Executing rule topvia2_drw_Offgrid
2026-09-09 20:57:42 +0200: Memory Usage (487476K) : Executing rule topmetal2_drw_Offgrid
2026-09-09 20:57:42 +0200: Memory Usage (487476K) : Executing rule topmetal2_mask_Offgrid
2026-09-09 20:57:42 +0200: Memory Usage (487476K) : Executing rule topmetal2_filler_Offgrid
2026-09-09 20:57:42 +0200: Memory Usage (487476K) : Executing rule topmetal2_slit_Offgrid
2026-09-09 20:57:42 +0200: Memory Usage (487476K) : Executing rule topmetal2_noqrc_Offgrid
2026-09-09 20:57:42 +0200: Memory Usage (487476K) : Executing rule topmetal2_res_Offgrid
2026-09-09 20:57:42 +0200: Memory Usage (487476K) : Executing rule topmetal2_iprobe_Offgrid
2026-09-09 20:57:42 +0200: Memory Usage (487476K) : Executing rule topmetal2_diffprb_Offgrid
2026-09-09 20:57:42 +0200: Memory Usage (487476K) : Executing rule snsring_drw_Offgrid
2026-09-09 20:57:42 +0200: Memory Usage (487476K) : Executing rule sensor_drw_Offgrid
2026-09-09 20:57:42 +0200: Memory Usage (487476K) : Executing rule snsarms_drw_Offgrid
2026-09-09 20:57:42 +0200: Memory Usage (487476K) : Executing rule snscmosvia_drw_Offgrid
2026-09-09 20:57:42 +0200: Memory Usage (487476K) : Executing rule colwind_drw_Offgrid
2026-09-09 20:57:42 +0200: Memory Usage (487476K) : Executing rule flm_drw_Offgrid
2026-09-09 20:57:42 +0200: Memory Usage (487476K) : Executing rule hafniumox_drw_Offgrid
2026-09-09 20:57:42 +0200: Memory Usage (487476K) : Executing rule memvia_drw_Offgrid
2026-09-09 20:57:42 +0200: Memory Usage (487476K) : Executing rule thinfilmres_drw_Offgrid
2026-09-09 20:57:42 +0200: Memory Usage (487476K) : Executing rule rfmem_drw_Offgrid
2026-09-09 20:57:42 +0200: Memory Usage (487476K) : Executing rule snsbotvia_drw_Offgrid
2026-09-09 20:57:42 +0200: Memory Usage (487476K) : Executing rule snstopvia_drw_Offgrid
2026-09-09 20:57:42 +0200: Memory Usage (487476K) : Executing rule deepvia_drw_Offgrid
2026-09-09 20:57:42 +0200: Memory Usage (487476K) : Executing rule fgetch_drw_Offgrid
2026-09-09 20:57:42 +0200: Memory Usage (487476K) : Executing rule ctrgat_drw_Offgrid
2026-09-09 20:57:42 +0200: Memory Usage (487476K) : Executing rule fgimp_drw_Offgrid
2026-09-09 20:57:42 +0200: Memory Usage (487476K) : Executing rule emwihv_drw_Offgrid
2026-09-09 20:57:42 +0200: Memory Usage (487476K) : Executing rule lbe_drw_Offgrid
2026-09-09 20:57:42 +0200: Memory Usage (487476K) : Executing rule alcustop_drw_Offgrid
2026-09-09 20:57:42 +0200: Memory Usage (487476K) : KLayout DRC run for tables 'offgrid' completed in 0.58 seconds
