# Logfile created on 2026-09-09 20:57:36 +0200 by logger.rb/v1.5.3
2026-09-09 20:57:36 +0200: Memory Usage (455196K) : Starting running IHP-SG13G2 KLayout DRC runset on /foss/designs/aion_chip/flow/regress/AION_nand2_o21ai_0/baseline/reference_AION_nand2_o21ai_0.gds
2026-09-09 20:57:36 +0200: Memory Usage (455196K) : Ruby Version for klayout: 3.2.3
2026-09-09 20:57:36 +0200: Memory Usage (456140K) : Loading database to memory is complete.
2026-09-09 20:57:36 +0200: Memory Usage (456140K) : IHP-SG13G2 KLayout DRC runset output at: /foss/designs/aion_chip/flow/regress/AION_nand2_o21ai_0/baseline/drc/reference_AION_nand2_o21ai_0.klayout.drc/reference_AION_nand2_o21ai_0_reference_AION_nand2_o21ai_0_nwell.lyrdb
2026-09-09 20:57:36 +0200: Memory Usage (456140K) : Evaluate switches.
2026-09-09 20:57:36 +0200: Memory Usage (456140K) : tables selected: nwell
2026-09-09 20:57:36 +0200: Memory Usage (456140K) : KLayout will use 15 thread(s) in tiling mode.
2026-09-09 20:57:36 +0200: Memory Usage (456140K) : deep mode is enabled.
2026-09-09 20:57:36 +0200: Memory Usage (456140K) : FEOL enabled: false
2026-09-09 20:57:36 +0200: Memory Usage (456140K) : BEOL enabled: false
2026-09-09 20:57:36 +0200: Memory Usage (456140K) : OFFGRID enabled: true
2026-09-09 20:57:36 +0200: Memory Usage (456140K) : ANGLE enabled: true
2026-09-09 20:57:36 +0200: Memory Usage (456140K) : PIN enabled: false
2026-09-09 20:57:36 +0200: Memory Usage (456140K) : FORBIDDEN enabled: false
2026-09-09 20:57:36 +0200: Memory Usage (456140K) : RECOMMENDED enabled: true
2026-09-09 20:57:36 +0200: Memory Usage (456140K) : PreCheck DRC enabled: false
2026-09-09 20:57:36 +0200: Memory Usage (456140K) : CONNECTIVITY_RULES enabled: true.
2026-09-09 20:57:36 +0200: Memory Usage (456140K) : Read in polygons from layers.
2026-09-09 20:57:36 +0200: Memory Usage (457088K) : activ_drw has 6 polygons
2026-09-09 20:57:36 +0200: Memory Usage (457088K) : activ_pin has 0 polygons
2026-09-09 20:57:36 +0200: Memory Usage (457088K) : activ_mask has 0 polygons
2026-09-09 20:57:36 +0200: Memory Usage (457088K) : activ_filler has 0 polygons
2026-09-09 20:57:36 +0200: Memory Usage (457088K) : activ_nofill has 0 polygons
2026-09-09 20:57:36 +0200: Memory Usage (457088K) : activ_opc has 0 polygons
2026-09-09 20:57:36 +0200: Memory Usage (457088K) : activ_iopc has 0 polygons
2026-09-09 20:57:36 +0200: Memory Usage (457088K) : activ_noqrc has 0 polygons
2026-09-09 20:57:36 +0200: Memory Usage (457088K) : biwind_drw has 0 polygons
2026-09-09 20:57:36 +0200: Memory Usage (457088K) : biwind_opc has 0 polygons
2026-09-09 20:57:36 +0200: Memory Usage (457088K) : pemwind_drw has 0 polygons
2026-09-09 20:57:36 +0200: Memory Usage (457248K) : gatpoly_drw has 5 polygons
2026-09-09 20:57:36 +0200: Memory Usage (457248K) : gatpoly_pin has 0 polygons
2026-09-09 20:57:36 +0200: Memory Usage (457248K) : gatpoly_filler has 0 polygons
2026-09-09 20:57:36 +0200: Memory Usage (457248K) : gatpoly_nofill has 0 polygons
2026-09-09 20:57:36 +0200: Memory Usage (457248K) : gatpoly_opc has 0 polygons
2026-09-09 20:57:36 +0200: Memory Usage (457248K) : gatpoly_iopc has 0 polygons
2026-09-09 20:57:36 +0200: Memory Usage (457248K) : gatpoly_noqrc has 0 polygons
2026-09-09 20:57:36 +0200: Memory Usage (457248K) : cont_drw has 51 polygons
2026-09-09 20:57:36 +0200: Memory Usage (457408K) : cont_opc has 0 polygons
2026-09-09 20:57:36 +0200: Memory Usage (457408K) : nsd_drw has 0 polygons
2026-09-09 20:57:36 +0200: Memory Usage (457408K) : nsd_block has 0 polygons
2026-09-09 20:57:36 +0200: Memory Usage (457580K) : metal1_drw has 11 polygons
2026-09-09 20:57:36 +0200: Memory Usage (457580K) : metal1_pin has 7 polygons
2026-09-09 20:57:36 +0200: Memory Usage (457580K) : metal1_mask has 0 polygons
2026-09-09 20:57:36 +0200: Memory Usage (457740K) : metal1_filler has 0 polygons
2026-09-09 20:57:36 +0200: Memory Usage (457740K) : metal1_nofill has 0 polygons
2026-09-09 20:57:36 +0200: Memory Usage (457740K) : metal1_slit has 0 polygons
2026-09-09 20:57:36 +0200: Memory Usage (458104K) : metal1_text has 7 polygons
2026-09-09 20:57:36 +0200: Memory Usage (458104K) : metal1_opc has 0 polygons
2026-09-09 20:57:36 +0200: Memory Usage (458104K) : metal1_noqrc has 0 polygons
2026-09-09 20:57:36 +0200: Memory Usage (458264K) : metal1_res has 0 polygons
2026-09-09 20:57:36 +0200: Memory Usage (458264K) : metal1_iprobe has 0 polygons
2026-09-09 20:57:36 +0200: Memory Usage (458424K) : metal1_diffprb has 0 polygons
2026-09-09 20:57:36 +0200: Memory Usage (458424K) : passiv_drw has 0 polygons
2026-09-09 20:57:36 +0200: Memory Usage (458424K) : passiv_pin has 0 polygons
2026-09-09 20:57:36 +0200: Memory Usage (458584K) : passiv_sbump has 0 polygons
2026-09-09 20:57:36 +0200: Memory Usage (458584K) : passiv_pillar has 0 polygons
2026-09-09 20:57:36 +0200: Memory Usage (458584K) : passiv_pdl has 0 polygons
2026-09-09 20:57:36 +0200: Memory Usage (458584K) : metal2_drw has 1 polygons
2026-09-09 20:57:36 +0200: Memory Usage (458744K) : metal2_pin has 0 polygons
2026-09-09 20:57:36 +0200: Memory Usage (458744K) : metal2_mask has 0 polygons
2026-09-09 20:57:36 +0200: Memory Usage (458744K) : metal2_filler has 0 polygons
2026-09-09 20:57:36 +0200: Memory Usage (458744K) : metal2_nofill has 0 polygons
2026-09-09 20:57:36 +0200: Memory Usage (458744K) : metal2_slit has 0 polygons
2026-09-09 20:57:36 +0200: Memory Usage (458744K) : metal2_text has 0 polygons
2026-09-09 20:57:36 +0200: Memory Usage (458744K) : metal2_opc has 0 polygons
2026-09-09 20:57:36 +0200: Memory Usage (458904K) : metal2_noqrc has 0 polygons
2026-09-09 20:57:36 +0200: Memory Usage (458904K) : metal2_res has 0 polygons
2026-09-09 20:57:36 +0200: Memory Usage (458904K) : metal2_iprobe has 0 polygons
2026-09-09 20:57:36 +0200: Memory Usage (458904K) : metal2_diffprb has 0 polygons
2026-09-09 20:57:36 +0200: Memory Usage (458904K) : baspoly_drw has 0 polygons
2026-09-09 20:57:36 +0200: Memory Usage (458904K) : baspoly_pin has 0 polygons
2026-09-09 20:57:36 +0200: Memory Usage (459064K) : psd_drw has 2 polygons
2026-09-09 20:57:36 +0200: Memory Usage (459064K) : nldb_drw has 0 polygons
2026-09-09 20:57:36 +0200: Memory Usage (459064K) : digibnd_drw has 0 polygons
2026-09-09 20:57:36 +0200: Memory Usage (459224K) : via1_drw has 2 polygons
2026-09-09 20:57:36 +0200: Memory Usage (459224K) : backmetal1_drw has 0 polygons
2026-09-09 20:57:36 +0200: Memory Usage (459224K) : backmetal1_pin has 0 polygons
2026-09-09 20:57:36 +0200: Memory Usage (459384K) : backmetal1_mask has 0 polygons
2026-09-09 20:57:36 +0200: Memory Usage (459384K) : backmetal1_filler has 0 polygons
2026-09-09 20:57:36 +0200: Memory Usage (459384K) : backmetal1_nofill has 0 polygons
2026-09-09 20:57:36 +0200: Memory Usage (459544K) : backmetal1_slit has 0 polygons
2026-09-09 20:57:36 +0200: Memory Usage (459544K) : backmetal1_text has 0 polygons
2026-09-09 20:57:36 +0200: Memory Usage (459544K) : backmetal1_opc has 0 polygons
2026-09-09 20:57:36 +0200: Memory Usage (459704K) : backmetal1_noqrc has 0 polygons
2026-09-09 20:57:36 +0200: Memory Usage (459704K) : backmetal1_res has 0 polygons
2026-09-09 20:57:36 +0200: Memory Usage (459864K) : backmetal1_iprobe has 0 polygons
2026-09-09 20:57:36 +0200: Memory Usage (459864K) : backmetal1_diffprb has 0 polygons
2026-09-09 20:57:36 +0200: Memory Usage (460024K) : backpassiv_drw has 0 polygons
2026-09-09 20:57:36 +0200: Memory Usage (460024K) : res_drw has 0 polygons
2026-09-09 20:57:36 +0200: Memory Usage (460184K) : sram_drw has 0 polygons
2026-09-09 20:57:36 +0200: Memory Usage (460184K) : trans_drw has 0 polygons
2026-09-09 20:57:36 +0200: Memory Usage (460184K) : ind_drw has 0 polygons
2026-09-09 20:57:36 +0200: Memory Usage (460344K) : ind_pin has 0 polygons
2026-09-09 20:57:36 +0200: Memory Usage (460344K) : ind_text has 0 polygons
2026-09-09 20:57:36 +0200: Memory Usage (460344K) : salblock_drw has 0 polygons
2026-09-09 20:57:36 +0200: Memory Usage (460504K) : via2_drw has 0 polygons
2026-09-09 20:57:36 +0200: Memory Usage (460504K) : metal3_drw has 0 polygons
2026-09-09 20:57:36 +0200: Memory Usage (460504K) : metal3_pin has 0 polygons
2026-09-09 20:57:36 +0200: Memory Usage (460664K) : metal3_mask has 0 polygons
2026-09-09 20:57:36 +0200: Memory Usage (460664K) : metal3_filler has 0 polygons
2026-09-09 20:57:36 +0200: Memory Usage (460664K) : metal3_nofill has 0 polygons
2026-09-09 20:57:36 +0200: Memory Usage (460824K) : metal3_slit has 0 polygons
2026-09-09 20:57:36 +0200: Memory Usage (460824K) : metal3_text has 0 polygons
2026-09-09 20:57:36 +0200: Memory Usage (460824K) : metal3_opc has 0 polygons
2026-09-09 20:57:36 +0200: Memory Usage (460984K) : metal3_noqrc has 0 polygons
2026-09-09 20:57:36 +0200: Memory Usage (460984K) : metal3_res has 0 polygons
2026-09-09 20:57:36 +0200: Memory Usage (461144K) : metal3_iprobe has 0 polygons
2026-09-09 20:57:36 +0200: Memory Usage (461144K) : metal3_diffprb has 0 polygons
2026-09-09 20:57:36 +0200: Memory Usage (461144K) : nwell_drw has 1 polygons
2026-09-09 20:57:36 +0200: Memory Usage (461304K) : nwell_pin has 0 polygons
2026-09-09 20:57:36 +0200: Memory Usage (461304K) : nbulay_drw has 0 polygons
2026-09-09 20:57:36 +0200: Memory Usage (461304K) : nbulay_pin has 0 polygons
2026-09-09 20:57:36 +0200: Memory Usage (461304K) : nbulay_block has 0 polygons
2026-09-09 20:57:36 +0200: Memory Usage (461464K) : emwind_drw has 0 polygons
2026-09-09 20:57:36 +0200: Memory Usage (461464K) : emwind_opc has 0 polygons
2026-09-09 20:57:36 +0200: Memory Usage (461464K) : deepco_drw has 0 polygons
2026-09-09 20:57:36 +0200: Memory Usage (461464K) : deepco_drw has 0 polygons
2026-09-09 20:57:36 +0200: Memory Usage (461624K) : mim_drw has 0 polygons
2026-09-09 20:57:36 +0200: Memory Usage (461624K) : edgeseal_drw has 0 polygons
2026-09-09 20:57:36 +0200: Memory Usage (461624K) : edgeseal_bound has 0 polygons
2026-09-09 20:57:36 +0200: Memory Usage (461624K) : substrate_drw has 0 polygons
2026-09-09 20:57:36 +0200: Memory Usage (461784K) : substrate_text has 0 polygons
2026-09-09 20:57:36 +0200: Memory Usage (461784K) : dfpad_drw has 0 polygons
2026-09-09 20:57:36 +0200: Memory Usage (461784K) : dfpad_pillar has 0 polygons
2026-09-09 20:57:36 +0200: Memory Usage (461784K) : dfpad_sbump has 0 polygons
2026-09-09 20:57:36 +0200: Memory Usage (461784K) : thickgateox_drw has 0 polygons
2026-09-09 20:57:36 +0200: Memory Usage (461944K) : pldb_drw has 0 polygons
2026-09-09 20:57:36 +0200: Memory Usage (461944K) : pwell_drw has 0 polygons
2026-09-09 20:57:36 +0200: Memory Usage (461944K) : pwell_pin has 0 polygons
2026-09-09 20:57:36 +0200: Memory Usage (462104K) : pwell_block has 0 polygons
2026-09-09 20:57:36 +0200: Memory Usage (462104K) : ic_drw has 0 polygons
2026-09-09 20:57:36 +0200: Memory Usage (462104K) : via3_drw has 0 polygons
2026-09-09 20:57:36 +0200: Memory Usage (462264K) : metal4_drw has 0 polygons
2026-09-09 20:57:36 +0200: Memory Usage (462264K) : metal4_pin has 0 polygons
2026-09-09 20:57:36 +0200: Memory Usage (462264K) : metal4_mask has 0 polygons
2026-09-09 20:57:36 +0200: Memory Usage (462424K) : metal4_filler has 0 polygons
2026-09-09 20:57:36 +0200: Memory Usage (462424K) : metal4_nofill has 0 polygons
2026-09-09 20:57:36 +0200: Memory Usage (462424K) : metal4_slit has 0 polygons
2026-09-09 20:57:36 +0200: Memory Usage (462584K) : metal4_text has 0 polygons
2026-09-09 20:57:36 +0200: Memory Usage (462584K) : metal4_opc has 0 polygons
2026-09-09 20:57:36 +0200: Memory Usage (462584K) : metal4_noqrc has 0 polygons
2026-09-09 20:57:36 +0200: Memory Usage (462744K) : metal4_res has 0 polygons
2026-09-09 20:57:36 +0200: Memory Usage (462744K) : metal4_iprobe has 0 polygons
2026-09-09 20:57:36 +0200: Memory Usage (462904K) : metal4_diffprb has 0 polygons
2026-09-09 20:57:36 +0200: Memory Usage (462904K) : heattrans_drw has 0 polygons
2026-09-09 20:57:36 +0200: Memory Usage (462904K) : heatres_drw has 0 polygons
2026-09-09 20:57:36 +0200: Memory Usage (462904K) : pempoly_drw has 0 polygons
2026-09-09 20:57:36 +0200: Memory Usage (463064K) : fbe_drw has 0 polygons
2026-09-09 20:57:36 +0200: Memory Usage (463064K) : empoly_drw has 0 polygons
2026-09-09 20:57:36 +0200: Memory Usage (463224K) : ldmos_drw has 0 polygons
2026-09-09 20:57:36 +0200: Memory Usage (463224K) : pbiwind_drw has 0 polygons
2026-09-09 20:57:36 +0200: Memory Usage (463224K) : digisub_drw has 0 polygons
2026-09-09 20:57:36 +0200: Memory Usage (463384K) : nodrc_drw has 0 polygons
2026-09-09 20:57:36 +0200: Memory Usage (463384K) : text_drw has 0 polygons
2026-09-09 20:57:36 +0200: Memory Usage (463384K) : via4_drw has 0 polygons
2026-09-09 20:57:36 +0200: Memory Usage (463384K) : metal5_drw has 0 polygons
2026-09-09 20:57:36 +0200: Memory Usage (463384K) : metal5_pin has 0 polygons
2026-09-09 20:57:36 +0200: Memory Usage (463544K) : metal5_mask has 0 polygons
2026-09-09 20:57:36 +0200: Memory Usage (463544K) : metal5_filler has 0 polygons
2026-09-09 20:57:36 +0200: Memory Usage (463544K) : metal5_nofill has 0 polygons
2026-09-09 20:57:36 +0200: Memory Usage (463704K) : metal5_slit has 0 polygons
2026-09-09 20:57:36 +0200: Memory Usage (463704K) : metal5_text has 0 polygons
2026-09-09 20:57:36 +0200: Memory Usage (463704K) : metal5_opc has 0 polygons
2026-09-09 20:57:36 +0200: Memory Usage (463704K) : metal5_noqrc has 0 polygons
2026-09-09 20:57:36 +0200: Memory Usage (463864K) : metal5_res has 0 polygons
2026-09-09 20:57:36 +0200: Memory Usage (463864K) : metal5_iprobe has 0 polygons
2026-09-09 20:57:36 +0200: Memory Usage (463864K) : metal5_diffprb has 0 polygons
2026-09-09 20:57:36 +0200: Memory Usage (464024K) : radhard_drw has 0 polygons
2026-09-09 20:57:36 +0200: Memory Usage (464024K) : memcap_drw has 0 polygons
2026-09-09 20:57:36 +0200: Memory Usage (464024K) : varicap_drw has 0 polygons
2026-09-09 20:57:36 +0200: Memory Usage (464184K) : flash_drw has 0 polygons
2026-09-09 20:57:36 +0200: Memory Usage (464184K) : intbondvia_drw has 0 polygons
2026-09-09 20:57:36 +0200: Memory Usage (464184K) : intbondmet_drw has 0 polygons
2026-09-09 20:57:36 +0200: Memory Usage (464344K) : devbondvia_drw has 0 polygons
2026-09-09 20:57:36 +0200: Memory Usage (464344K) : devbondmet_drw has 0 polygons
2026-09-09 20:57:36 +0200: Memory Usage (464344K) : devtrench_drw has 0 polygons
2026-09-09 20:57:36 +0200: Memory Usage (464504K) : redist_drw has 0 polygons
2026-09-09 20:57:36 +0200: Memory Usage (464504K) : graphbot_drw has 0 polygons
2026-09-09 20:57:36 +0200: Memory Usage (464504K) : graphtop_drw has 0 polygons
2026-09-09 20:57:36 +0200: Memory Usage (464664K) : antvia1_drw has 0 polygons
2026-09-09 20:57:36 +0200: Memory Usage (464664K) : antmetal2_drw has 0 polygons
2026-09-09 20:57:36 +0200: Memory Usage (464824K) : graphcont_drw has 0 polygons
2026-09-09 20:57:36 +0200: Memory Usage (464824K) : siwg_drw has 0 polygons
2026-09-09 20:57:36 +0200: Memory Usage (464824K) : siwg_filler has 0 polygons
2026-09-09 20:57:36 +0200: Memory Usage (464824K) : siwg_nofill has 0 polygons
2026-09-09 20:57:36 +0200: Memory Usage (464984K) : sigrating_drw has 0 polygons
2026-09-09 20:57:36 +0200: Memory Usage (464984K) : singrating_drw has 0 polygons
2026-09-09 20:57:36 +0200: Memory Usage (465144K) : graphpas_drw has 0 polygons
2026-09-09 20:57:36 +0200: Memory Usage (465144K) : emwind3_drw has 0 polygons
2026-09-09 20:57:36 +0200: Memory Usage (465144K) : emwihv3_drw has 0 polygons
2026-09-09 20:57:36 +0200: Memory Usage (465304K) : redbulay_drw has 0 polygons
2026-09-09 20:57:36 +0200: Memory Usage (465304K) : smos_drw has 0 polygons
2026-09-09 20:57:36 +0200: Memory Usage (465304K) : graphpad_drw has 0 polygons
2026-09-09 20:57:36 +0200: Memory Usage (465304K) : polimide_drw has 0 polygons
2026-09-09 20:57:36 +0200: Memory Usage (465304K) : polimide_pin has 0 polygons
2026-09-09 20:57:36 +0200: Memory Usage (465464K) : recog_drw has 0 polygons
2026-09-09 20:57:36 +0200: Memory Usage (465464K) : recog_pin has 0 polygons
2026-09-09 20:57:36 +0200: Memory Usage (465464K) : recog_esd has 0 polygons
2026-09-09 20:57:36 +0200: Memory Usage (465464K) : recog_diode has 0 polygons
2026-09-09 20:57:36 +0200: Memory Usage (465624K) : recog_tsv has 0 polygons
2026-09-09 20:57:36 +0200: Memory Usage (465624K) : recog_iprobe has 0 polygons
2026-09-09 20:57:36 +0200: Memory Usage (465624K) : recog_diffprb has 0 polygons
2026-09-09 20:57:36 +0200: Memory Usage (465784K) : recog_pillar has 0 polygons
2026-09-09 20:57:36 +0200: Memory Usage (465784K) : recog_sbump has 0 polygons
2026-09-09 20:57:36 +0200: Memory Usage (465784K) : recog_otp has 0 polygons
2026-09-09 20:57:36 +0200: Memory Usage (465944K) : recog_pdiode has 0 polygons
2026-09-09 20:57:36 +0200: Memory Usage (465944K) : recog_mom has 0 polygons
2026-09-09 20:57:36 +0200: Memory Usage (465944K) : recog_pcm has 0 polygons
2026-09-09 20:57:36 +0200: Memory Usage (466104K) : colopen_drw has 0 polygons
2026-09-09 20:57:36 +0200: Memory Usage (466104K) : graphmetal1_drw has 0 polygons
2026-09-09 20:57:36 +0200: Memory Usage (466104K) : graphmetal1_filler has 0 polygons
2026-09-09 20:57:36 +0200: Memory Usage (466264K) : graphmetal1_nofill has 0 polygons
2026-09-09 20:57:36 +0200: Memory Usage (466264K) : graphmetal1_slit has 0 polygons
2026-09-09 20:57:36 +0200: Memory Usage (466264K) : graphmetal1_opc has 0 polygons
2026-09-09 20:57:36 +0200: Memory Usage (466424K) : graphmet1l_drw has 0 polygons
2026-09-09 20:57:36 +0200: Memory Usage (466424K) : graphmet1l_filler has 0 polygons
2026-09-09 20:57:36 +0200: Memory Usage (466424K) : graphmet1l_nofill has 0 polygons
2026-09-09 20:57:36 +0200: Memory Usage (466584K) : graphmet1l_slit has 0 polygons
2026-09-09 20:57:36 +0200: Memory Usage (466584K) : graphmet1l_opc has 0 polygons
2026-09-09 20:57:36 +0200: Memory Usage (466584K) : extblock_drw has 0 polygons
2026-09-09 20:57:36 +0200: Memory Usage (466744K) : nldd_drw has 0 polygons
2026-09-09 20:57:36 +0200: Memory Usage (466744K) : pldd_drw has 0 polygons
2026-09-09 20:57:36 +0200: Memory Usage (466744K) : next_drw has 0 polygons
2026-09-09 20:57:36 +0200: Memory Usage (466904K) : pext_drw has 0 polygons
2026-09-09 20:57:36 +0200: Memory Usage (466904K) : nexthv_drw has 0 polygons
2026-09-09 20:57:36 +0200: Memory Usage (466904K) : pexthv_drw has 0 polygons
2026-09-09 20:57:36 +0200: Memory Usage (467064K) : graphgate_drw has 0 polygons
2026-09-09 20:57:36 +0200: Memory Usage (467064K) : sinwg_drw has 0 polygons
2026-09-09 20:57:36 +0200: Memory Usage (467064K) : sinwg_filler has 0 polygons
2026-09-09 20:57:36 +0200: Memory Usage (467224K) : sinwg_nofill has 0 polygons
2026-09-09 20:57:36 +0200: Memory Usage (467224K) : mempad_drw has 0 polygons
2026-09-09 20:57:36 +0200: Memory Usage (467224K) : topvia1_drw has 0 polygons
2026-09-09 20:57:36 +0200: Memory Usage (467384K) : topmetal1_drw has 0 polygons
2026-09-09 20:57:36 +0200: Memory Usage (467384K) : topmetal1_pin has 0 polygons
2026-09-09 20:57:36 +0200: Memory Usage (467384K) : topmetal1_mask has 0 polygons
2026-09-09 20:57:36 +0200: Memory Usage (467384K) : topmetal1_filler has 0 polygons
2026-09-09 20:57:36 +0200: Memory Usage (467384K) : topmetal1_nofill has 0 polygons
2026-09-09 20:57:36 +0200: Memory Usage (467384K) : topmetal1_slit has 0 polygons
2026-09-09 20:57:36 +0200: Memory Usage (467384K) : topmetal1_text has 0 polygons
2026-09-09 20:57:36 +0200: Memory Usage (467384K) : topmetal1_noqrc has 0 polygons
2026-09-09 20:57:36 +0200: Memory Usage (467384K) : topmetal1_res has 0 polygons
2026-09-09 20:57:36 +0200: Memory Usage (467384K) : topmetal1_iprobe has 0 polygons
2026-09-09 20:57:36 +0200: Memory Usage (467544K) : topmetal1_diffprb has 0 polygons
2026-09-09 20:57:36 +0200: Memory Usage (467544K) : inldpwl_drw has 0 polygons
2026-09-09 20:57:36 +0200: Memory Usage (467544K) : polyres_drw has 0 polygons
2026-09-09 20:57:36 +0200: Memory Usage (467704K) : polyres_pin has 0 polygons
2026-09-09 20:57:36 +0200: Memory Usage (467704K) : vmim_drw has 0 polygons
2026-09-09 20:57:36 +0200: Memory Usage (467704K) : nbulaycut_drw has 0 polygons
2026-09-09 20:57:36 +0200: Memory Usage (467864K) : antmetal1_drw has 0 polygons
2026-09-09 20:57:36 +0200: Memory Usage (467864K) : topvia2_drw has 0 polygons
2026-09-09 20:57:36 +0200: Memory Usage (467864K) : topmetal2_drw has 0 polygons
2026-09-09 20:57:36 +0200: Memory Usage (468024K) : topmetal2_pin has 0 polygons
2026-09-09 20:57:36 +0200: Memory Usage (468024K) : topmetal2_mask has 0 polygons
2026-09-09 20:57:36 +0200: Memory Usage (468024K) : topmetal2_filler has 0 polygons
2026-09-09 20:57:36 +0200: Memory Usage (468184K) : topmetal2_nofill has 0 polygons
2026-09-09 20:57:36 +0200: Memory Usage (468184K) : topmetal2_slit has 0 polygons
2026-09-09 20:57:36 +0200: Memory Usage (468184K) : topmetal2_text has 0 polygons
2026-09-09 20:57:36 +0200: Memory Usage (468344K) : topmetal2_noqrc has 0 polygons
2026-09-09 20:57:36 +0200: Memory Usage (468344K) : topmetal2_res has 0 polygons
2026-09-09 20:57:36 +0200: Memory Usage (468344K) : topmetal2_iprobe has 0 polygons
2026-09-09 20:57:36 +0200: Memory Usage (468504K) : topmetal2_diffprb has 0 polygons
2026-09-09 20:57:36 +0200: Memory Usage (468504K) : snsring_drw has 0 polygons
2026-09-09 20:57:36 +0200: Memory Usage (468504K) : sensor_drw has 0 polygons
2026-09-09 20:57:36 +0200: Memory Usage (468664K) : snsarms_drw has 0 polygons
2026-09-09 20:57:36 +0200: Memory Usage (468664K) : snscmosvia_drw has 0 polygons
2026-09-09 20:57:36 +0200: Memory Usage (468664K) : colwind_drw has 0 polygons
2026-09-09 20:57:36 +0200: Memory Usage (468824K) : flm_drw has 0 polygons
2026-09-09 20:57:36 +0200: Memory Usage (468824K) : hafniumox_drw has 0 polygons
2026-09-09 20:57:36 +0200: Memory Usage (468824K) : memvia_drw has 0 polygons
2026-09-09 20:57:36 +0200: Memory Usage (468984K) : thinfilmres_drw has 0 polygons
2026-09-09 20:57:36 +0200: Memory Usage (468984K) : rfmem_drw has 0 polygons
2026-09-09 20:57:36 +0200: Memory Usage (468984K) : norcx_drw has 0 polygons
2026-09-09 20:57:36 +0200: Memory Usage (469144K) : norcx_m2m3 has 0 polygons
2026-09-09 20:57:36 +0200: Memory Usage (469144K) : norcx_m2m4 has 0 polygons
2026-09-09 20:57:36 +0200: Memory Usage (469144K) : norcx_m2m5 has 0 polygons
2026-09-09 20:57:36 +0200: Memory Usage (469304K) : norcx_m2tm1 has 0 polygons
2026-09-09 20:57:36 +0200: Memory Usage (469304K) : norcx_m2tm2 has 0 polygons
2026-09-09 20:57:36 +0200: Memory Usage (469304K) : norcx_m3m4 has 0 polygons
2026-09-09 20:57:36 +0200: Memory Usage (469464K) : norcx_m3m5 has 0 polygons
2026-09-09 20:57:36 +0200: Memory Usage (469464K) : norcx_m3tm1 has 0 polygons
2026-09-09 20:57:36 +0200: Memory Usage (469464K) : norcx_m3tm2 has 0 polygons
2026-09-09 20:57:36 +0200: Memory Usage (469624K) : norcx_m4m5 has 0 polygons
2026-09-09 20:57:36 +0200: Memory Usage (469624K) : norcx_m4tm1 has 0 polygons
2026-09-09 20:57:36 +0200: Memory Usage (469624K) : norcx_m4tm2 has 0 polygons
2026-09-09 20:57:36 +0200: Memory Usage (469784K) : norcx_m5tm1 has 0 polygons
2026-09-09 20:57:36 +0200: Memory Usage (469784K) : norcx_m5tm2 has 0 polygons
2026-09-09 20:57:36 +0200: Memory Usage (469784K) : norcx_tm1tm2 has 0 polygons
2026-09-09 20:57:36 +0200: Memory Usage (469944K) : norcx_m1sub has 0 polygons
2026-09-09 20:57:36 +0200: Memory Usage (469944K) : norcx_m2sub has 0 polygons
2026-09-09 20:57:36 +0200: Memory Usage (469944K) : norcx_m3sub has 0 polygons
2026-09-09 20:57:36 +0200: Memory Usage (470104K) : norcx_m4sub has 0 polygons
2026-09-09 20:57:36 +0200: Memory Usage (470104K) : norcx_m5sub has 0 polygons
2026-09-09 20:57:36 +0200: Memory Usage (470264K) : norcx_tm1sub has 0 polygons
2026-09-09 20:57:36 +0200: Memory Usage (470264K) : norcx_tm2sub has 0 polygons
2026-09-09 20:57:36 +0200: Memory Usage (470264K) : snsbotvia_drw has 0 polygons
2026-09-09 20:57:36 +0200: Memory Usage (470424K) : snstopvia_drw has 0 polygons
2026-09-09 20:57:36 +0200: Memory Usage (470424K) : deepvia_drw has 0 polygons
2026-09-09 20:57:36 +0200: Memory Usage (470424K) : fgetch_drw has 0 polygons
2026-09-09 20:57:36 +0200: Memory Usage (470584K) : ctrgat_drw has 0 polygons
2026-09-09 20:57:36 +0200: Memory Usage (470584K) : fgimp_drw has 0 polygons
2026-09-09 20:57:36 +0200: Memory Usage (470584K) : emwihv_drw has 0 polygons
2026-09-09 20:57:36 +0200: Memory Usage (470744K) : lbe_drw has 0 polygons
2026-09-09 20:57:36 +0200: Memory Usage (470744K) : alcustop_drw has 0 polygons
2026-09-09 20:57:36 +0200: Memory Usage (470744K) : nometfiller_drw has 0 polygons
2026-09-09 20:57:36 +0200: Memory Usage (470904K) : prboundary_drw has 0 polygons
2026-09-09 20:57:36 +0200: Memory Usage (470904K) : exchange0_drw has 0 polygons
2026-09-09 20:57:36 +0200: Memory Usage (470904K) : exchange0_pin has 0 polygons
2026-09-09 20:57:36 +0200: Memory Usage (471064K) : exchange0_text has 0 polygons
2026-09-09 20:57:36 +0200: Memory Usage (471064K) : exchange1_drw has 0 polygons
2026-09-09 20:57:36 +0200: Memory Usage (471064K) : exchange1_pin has 0 polygons
2026-09-09 20:57:36 +0200: Memory Usage (471064K) : exchange1_text has 0 polygons
2026-09-09 20:57:36 +0200: Memory Usage (471224K) : exchange2_drw has 0 polygons
2026-09-09 20:57:36 +0200: Memory Usage (471224K) : exchange2_pin has 0 polygons
2026-09-09 20:57:36 +0200: Memory Usage (471224K) : exchange2_text has 0 polygons
2026-09-09 20:57:36 +0200: Memory Usage (471384K) : exchange3_drw has 0 polygons
2026-09-09 20:57:36 +0200: Memory Usage (471384K) : exchange3_pin has 0 polygons
2026-09-09 20:57:36 +0200: Memory Usage (471384K) : exchange3_text has 0 polygons
2026-09-09 20:57:36 +0200: Memory Usage (471544K) : exchange4_drw has 0 polygons
2026-09-09 20:57:36 +0200: Memory Usage (471544K) : exchange4_pin has 0 polygons
2026-09-09 20:57:36 +0200: Memory Usage (471544K) : exchange4_text has 0 polygons
2026-09-09 20:57:36 +0200: Memory Usage (471704K) : isonwell_drw has 0 polygons
2026-09-09 20:57:36 +0200: Memory Usage (471704K) : Total no. of polygons in the design is 93
2026-09-09 20:57:36 +0200: Memory Usage (471704K) : Loaded TECH DRC rules values from /foss/pdks/ihp-sg13g2/libs.tech/klayout/python/sg13g2_pycell_lib/sg13g2_tech_mod.json
2026-09-09 20:57:36 +0200: Memory Usage (471704K) : Loaded default DRC rules values from /foss/pdks/ihp-sg13g2/libs.tech/klayout/tech/drc/rule_decks/sg13g2_tech_default.json
2026-09-09 20:57:36 +0200: Memory Usage (471704K) : The following rules values were missing in tech json and default values were used:
2026-09-09 20:57:36 +0200: Memory Usage (471704K) :   - NW_f1_digibnd
2026-09-09 20:57:36 +0200: Memory Usage (471704K) :   - Cnt_c_digibnd
2026-09-09 20:57:36 +0200: Memory Usage (471704K) :   - Cnt_c_sram
2026-09-09 20:57:36 +0200: Memory Usage (471704K) :   - Sdiod_b
2026-09-09 20:57:36 +0200: Memory Usage (471704K) :   - Sdiod_c
2026-09-09 20:57:36 +0200: Memory Usage (472812K) : Total area of the design is 21.2915 um^2.
2026-09-09 20:57:36 +0200: Memory Usage (472812K) : The design dimensions are 4.8500000000000005 µm * 4.39 µm.
2026-09-09 20:57:36 +0200: Memory Usage (472812K) : Starting general IHP-SG13G2 derivations.
2026-09-09 20:57:36 +0200: Memory Usage (472812K) : Starting Pwell derivations
2026-09-09 20:57:36 +0200: Memory Usage (474540K) : Starting n-Activ derivations
2026-09-09 20:57:36 +0200: Memory Usage (474700K) : Starting p-Activ derivations
2026-09-09 20:57:36 +0200: Memory Usage (474860K) : Starting ptap derivations
2026-09-09 20:57:36 +0200: Memory Usage (474860K) : Starting ntap derivations
2026-09-09 20:57:36 +0200: Memory Usage (474860K) : Starting pact FET derivations
2026-09-09 20:57:36 +0200: Memory Usage (475020K) : Starting nact FET derivations
2026-09-09 20:57:36 +0200: Memory Usage (474860K) : Starting Gate derivations
2026-09-09 20:57:36 +0200: Memory Usage (475020K) : Starting SVaricap general derivations
2026-09-09 20:57:36 +0200: Memory Usage (475020K) : Starting IHP-SG13G2 DRC connectivity related derivations.
2026-09-09 20:57:36 +0200: Memory Usage (475020K) : Starting IHP-SG13G2 DRC connectivity setup
2026-09-09 20:57:36 +0200: Memory Usage (475424K) : Starting IHP-SG13G2 DRC rules.
2026-09-09 20:57:36 +0200: Memory Usage (475424K) : Starting 5.1 NWell table
2026-09-09 20:57:36 +0200: Memory Usage (475424K) : Executing rule NW.b
2026-09-09 20:57:36 +0200: Memory Usage (476160K) : Executing rule NW.b1
2026-09-09 20:57:36 +0200: Memory Usage (475992K) : Executing rule NW.f1
2026-09-09 20:57:36 +0200: Memory Usage (475992K) : Executing rule NW.f1.digibnd
2026-09-09 20:57:36 +0200: Memory Usage (475992K) : KLayout DRC run for tables 'nwell' completed in 0.25 seconds
