# Logfile created on 2026-09-09 20:57:42 +0200 by logger.rb/v1.5.3
2026-09-09 20:57:42 +0200: Memory Usage (456264K) : Starting running IHP-SG13G2 KLayout DRC runset on /foss/designs/aion_chip/flow/regress/AION_nand2_o21ai_0/baseline/reference_AION_nand2_o21ai_0.gds
2026-09-09 20:57:42 +0200: Memory Usage (456264K) : Ruby Version for klayout: 3.2.3
2026-09-09 20:57:42 +0200: Memory Usage (457060K) : Loading database to memory is complete.
2026-09-09 20:57:42 +0200: Memory Usage (457060K) : IHP-SG13G2 KLayout DRC runset output at: /foss/designs/aion_chip/flow/regress/AION_nand2_o21ai_0/baseline/drc/reference_AION_nand2_o21ai_0.klayout.drc/reference_AION_nand2_o21ai_0_reference_AION_nand2_o21ai_0_angle.lyrdb
2026-09-09 20:57:42 +0200: Memory Usage (457252K) : Evaluate switches.
2026-09-09 20:57:42 +0200: Memory Usage (457252K) : tables selected: angle
2026-09-09 20:57:42 +0200: Memory Usage (457252K) : KLayout will use 15 thread(s) in tiling mode.
2026-09-09 20:57:42 +0200: Memory Usage (457252K) : deep mode is enabled.
2026-09-09 20:57:42 +0200: Memory Usage (457252K) : FEOL enabled: false
2026-09-09 20:57:42 +0200: Memory Usage (457252K) : BEOL enabled: false
2026-09-09 20:57:42 +0200: Memory Usage (457252K) : OFFGRID enabled: true
2026-09-09 20:57:42 +0200: Memory Usage (457252K) : ANGLE enabled: true
2026-09-09 20:57:42 +0200: Memory Usage (457252K) : PIN enabled: false
2026-09-09 20:57:42 +0200: Memory Usage (457252K) : FORBIDDEN enabled: false
2026-09-09 20:57:42 +0200: Memory Usage (457252K) : RECOMMENDED enabled: true
2026-09-09 20:57:42 +0200: Memory Usage (457252K) : PreCheck DRC enabled: false
2026-09-09 20:57:42 +0200: Memory Usage (457252K) : CONNECTIVITY_RULES enabled: false.
2026-09-09 20:57:42 +0200: Memory Usage (457252K) : Read in polygons from layers.
2026-09-09 20:57:42 +0200: Memory Usage (458204K) : activ_drw has 6 polygons
2026-09-09 20:57:42 +0200: Memory Usage (458204K) : activ_pin has 0 polygons
2026-09-09 20:57:42 +0200: Memory Usage (458204K) : activ_mask has 0 polygons
2026-09-09 20:57:42 +0200: Memory Usage (458204K) : activ_filler has 0 polygons
2026-09-09 20:57:42 +0200: Memory Usage (458204K) : activ_nofill has 0 polygons
2026-09-09 20:57:42 +0200: Memory Usage (458204K) : activ_opc has 0 polygons
2026-09-09 20:57:42 +0200: Memory Usage (458204K) : activ_iopc has 0 polygons
2026-09-09 20:57:42 +0200: Memory Usage (458204K) : activ_noqrc has 0 polygons
2026-09-09 20:57:42 +0200: Memory Usage (458204K) : biwind_drw has 0 polygons
2026-09-09 20:57:42 +0200: Memory Usage (458204K) : biwind_opc has 0 polygons
2026-09-09 20:57:42 +0200: Memory Usage (458204K) : pemwind_drw has 0 polygons
2026-09-09 20:57:42 +0200: Memory Usage (458400K) : gatpoly_drw has 5 polygons
2026-09-09 20:57:42 +0200: Memory Usage (458400K) : gatpoly_pin has 0 polygons
2026-09-09 20:57:42 +0200: Memory Usage (458400K) : gatpoly_filler has 0 polygons
2026-09-09 20:57:42 +0200: Memory Usage (458400K) : gatpoly_nofill has 0 polygons
2026-09-09 20:57:42 +0200: Memory Usage (458560K) : gatpoly_opc has 0 polygons
2026-09-09 20:57:42 +0200: Memory Usage (458560K) : gatpoly_iopc has 0 polygons
2026-09-09 20:57:42 +0200: Memory Usage (458560K) : gatpoly_noqrc has 0 polygons
2026-09-09 20:57:42 +0200: Memory Usage (458560K) : cont_drw has 51 polygons
2026-09-09 20:57:42 +0200: Memory Usage (458560K) : cont_opc has 0 polygons
2026-09-09 20:57:42 +0200: Memory Usage (458560K) : nsd_drw has 0 polygons
2026-09-09 20:57:42 +0200: Memory Usage (458560K) : nsd_block has 0 polygons
2026-09-09 20:57:42 +0200: Memory Usage (458752K) : metal1_drw has 11 polygons
2026-09-09 20:57:42 +0200: Memory Usage (458752K) : metal1_pin has 7 polygons
2026-09-09 20:57:42 +0200: Memory Usage (458912K) : metal1_mask has 0 polygons
2026-09-09 20:57:42 +0200: Memory Usage (458912K) : metal1_filler has 0 polygons
2026-09-09 20:57:42 +0200: Memory Usage (458912K) : metal1_nofill has 0 polygons
2026-09-09 20:57:42 +0200: Memory Usage (459072K) : metal1_slit has 0 polygons
2026-09-09 20:57:42 +0200: Memory Usage (459264K) : metal1_text has 7 polygons
2026-09-09 20:57:42 +0200: Memory Usage (459264K) : metal1_opc has 0 polygons
2026-09-09 20:57:42 +0200: Memory Usage (459424K) : metal1_noqrc has 0 polygons
2026-09-09 20:57:42 +0200: Memory Usage (459424K) : metal1_res has 0 polygons
2026-09-09 20:57:42 +0200: Memory Usage (459424K) : metal1_iprobe has 0 polygons
2026-09-09 20:57:42 +0200: Memory Usage (459584K) : metal1_diffprb has 0 polygons
2026-09-09 20:57:42 +0200: Memory Usage (459584K) : passiv_drw has 0 polygons
2026-09-09 20:57:42 +0200: Memory Usage (459584K) : passiv_pin has 0 polygons
2026-09-09 20:57:42 +0200: Memory Usage (459744K) : passiv_sbump has 0 polygons
2026-09-09 20:57:42 +0200: Memory Usage (459744K) : passiv_pillar has 0 polygons
2026-09-09 20:57:42 +0200: Memory Usage (459744K) : passiv_pdl has 0 polygons
2026-09-09 20:57:42 +0200: Memory Usage (459744K) : metal2_drw has 1 polygons
2026-09-09 20:57:42 +0200: Memory Usage (459904K) : metal2_pin has 0 polygons
2026-09-09 20:57:42 +0200: Memory Usage (459904K) : metal2_mask has 0 polygons
2026-09-09 20:57:42 +0200: Memory Usage (459904K) : metal2_filler has 0 polygons
2026-09-09 20:57:42 +0200: Memory Usage (459904K) : metal2_nofill has 0 polygons
2026-09-09 20:57:42 +0200: Memory Usage (459904K) : metal2_slit has 0 polygons
2026-09-09 20:57:42 +0200: Memory Usage (459904K) : metal2_text has 0 polygons
2026-09-09 20:57:42 +0200: Memory Usage (459904K) : metal2_opc has 0 polygons
2026-09-09 20:57:42 +0200: Memory Usage (460064K) : metal2_noqrc has 0 polygons
2026-09-09 20:57:42 +0200: Memory Usage (460064K) : metal2_res has 0 polygons
2026-09-09 20:57:42 +0200: Memory Usage (460064K) : metal2_iprobe has 0 polygons
2026-09-09 20:57:42 +0200: Memory Usage (460064K) : metal2_diffprb has 0 polygons
2026-09-09 20:57:42 +0200: Memory Usage (460064K) : baspoly_drw has 0 polygons
2026-09-09 20:57:42 +0200: Memory Usage (460224K) : baspoly_pin has 0 polygons
2026-09-09 20:57:42 +0200: Memory Usage (460224K) : psd_drw has 2 polygons
2026-09-09 20:57:42 +0200: Memory Usage (460224K) : nldb_drw has 0 polygons
2026-09-09 20:57:42 +0200: Memory Usage (460224K) : digibnd_drw has 0 polygons
2026-09-09 20:57:42 +0200: Memory Usage (460384K) : via1_drw has 2 polygons
2026-09-09 20:57:42 +0200: Memory Usage (460384K) : backmetal1_drw has 0 polygons
2026-09-09 20:57:42 +0200: Memory Usage (460544K) : backmetal1_pin has 0 polygons
2026-09-09 20:57:42 +0200: Memory Usage (460544K) : backmetal1_mask has 0 polygons
2026-09-09 20:57:42 +0200: Memory Usage (460544K) : backmetal1_filler has 0 polygons
2026-09-09 20:57:42 +0200: Memory Usage (460704K) : backmetal1_nofill has 0 polygons
2026-09-09 20:57:42 +0200: Memory Usage (460704K) : backmetal1_slit has 0 polygons
2026-09-09 20:57:42 +0200: Memory Usage (460704K) : backmetal1_text has 0 polygons
2026-09-09 20:57:42 +0200: Memory Usage (460864K) : backmetal1_opc has 0 polygons
2026-09-09 20:57:42 +0200: Memory Usage (460864K) : backmetal1_noqrc has 0 polygons
2026-09-09 20:57:42 +0200: Memory Usage (461024K) : backmetal1_res has 0 polygons
2026-09-09 20:57:42 +0200: Memory Usage (461024K) : backmetal1_iprobe has 0 polygons
2026-09-09 20:57:42 +0200: Memory Usage (461184K) : backmetal1_diffprb has 0 polygons
2026-09-09 20:57:42 +0200: Memory Usage (461184K) : backpassiv_drw has 0 polygons
2026-09-09 20:57:42 +0200: Memory Usage (461344K) : res_drw has 0 polygons
2026-09-09 20:57:42 +0200: Memory Usage (461344K) : sram_drw has 0 polygons
2026-09-09 20:57:42 +0200: Memory Usage (461344K) : trans_drw has 0 polygons
2026-09-09 20:57:42 +0200: Memory Usage (461344K) : ind_drw has 0 polygons
2026-09-09 20:57:42 +0200: Memory Usage (461504K) : ind_pin has 0 polygons
2026-09-09 20:57:42 +0200: Memory Usage (461504K) : ind_text has 0 polygons
2026-09-09 20:57:42 +0200: Memory Usage (461504K) : salblock_drw has 0 polygons
2026-09-09 20:57:42 +0200: Memory Usage (461664K) : via2_drw has 0 polygons
2026-09-09 20:57:42 +0200: Memory Usage (461664K) : metal3_drw has 0 polygons
2026-09-09 20:57:42 +0200: Memory Usage (461824K) : metal3_pin has 0 polygons
2026-09-09 20:57:42 +0200: Memory Usage (461824K) : metal3_mask has 0 polygons
2026-09-09 20:57:42 +0200: Memory Usage (461824K) : metal3_filler has 0 polygons
2026-09-09 20:57:42 +0200: Memory Usage (461984K) : metal3_nofill has 0 polygons
2026-09-09 20:57:42 +0200: Memory Usage (461984K) : metal3_slit has 0 polygons
2026-09-09 20:57:42 +0200: Memory Usage (461984K) : metal3_text has 0 polygons
2026-09-09 20:57:42 +0200: Memory Usage (462144K) : metal3_opc has 0 polygons
2026-09-09 20:57:42 +0200: Memory Usage (462144K) : metal3_noqrc has 0 polygons
2026-09-09 20:57:42 +0200: Memory Usage (462304K) : metal3_res has 0 polygons
2026-09-09 20:57:42 +0200: Memory Usage (462304K) : metal3_iprobe has 0 polygons
2026-09-09 20:57:42 +0200: Memory Usage (462304K) : metal3_diffprb has 0 polygons
2026-09-09 20:57:42 +0200: Memory Usage (462464K) : nwell_drw has 1 polygons
2026-09-09 20:57:42 +0200: Memory Usage (462464K) : nwell_pin has 0 polygons
2026-09-09 20:57:42 +0200: Memory Usage (462464K) : nbulay_drw has 0 polygons
2026-09-09 20:57:42 +0200: Memory Usage (462464K) : nbulay_pin has 0 polygons
2026-09-09 20:57:42 +0200: Memory Usage (462464K) : nbulay_block has 0 polygons
2026-09-09 20:57:42 +0200: Memory Usage (462624K) : emwind_drw has 0 polygons
2026-09-09 20:57:42 +0200: Memory Usage (462624K) : emwind_opc has 0 polygons
2026-09-09 20:57:42 +0200: Memory Usage (462624K) : deepco_drw has 0 polygons
2026-09-09 20:57:42 +0200: Memory Usage (462624K) : deepco_drw has 0 polygons
2026-09-09 20:57:42 +0200: Memory Usage (462784K) : mim_drw has 0 polygons
2026-09-09 20:57:42 +0200: Memory Usage (462784K) : edgeseal_drw has 0 polygons
2026-09-09 20:57:42 +0200: Memory Usage (462784K) : edgeseal_bound has 0 polygons
2026-09-09 20:57:42 +0200: Memory Usage (462784K) : substrate_drw has 0 polygons
2026-09-09 20:57:42 +0200: Memory Usage (462944K) : substrate_text has 0 polygons
2026-09-09 20:57:42 +0200: Memory Usage (462944K) : dfpad_drw has 0 polygons
2026-09-09 20:57:42 +0200: Memory Usage (462944K) : dfpad_pillar has 0 polygons
2026-09-09 20:57:42 +0200: Memory Usage (462944K) : dfpad_sbump has 0 polygons
2026-09-09 20:57:42 +0200: Memory Usage (463104K) : thickgateox_drw has 0 polygons
2026-09-09 20:57:42 +0200: Memory Usage (463104K) : pldb_drw has 0 polygons
2026-09-09 20:57:42 +0200: Memory Usage (463104K) : pwell_drw has 0 polygons
2026-09-09 20:57:42 +0200: Memory Usage (463264K) : pwell_pin has 0 polygons
2026-09-09 20:57:42 +0200: Memory Usage (463264K) : pwell_block has 0 polygons
2026-09-09 20:57:42 +0200: Memory Usage (463264K) : ic_drw has 0 polygons
2026-09-09 20:57:42 +0200: Memory Usage (463424K) : via3_drw has 0 polygons
2026-09-09 20:57:42 +0200: Memory Usage (463424K) : metal4_drw has 0 polygons
2026-09-09 20:57:42 +0200: Memory Usage (463424K) : metal4_pin has 0 polygons
2026-09-09 20:57:42 +0200: Memory Usage (463584K) : metal4_mask has 0 polygons
2026-09-09 20:57:42 +0200: Memory Usage (463584K) : metal4_filler has 0 polygons
2026-09-09 20:57:42 +0200: Memory Usage (463584K) : metal4_nofill has 0 polygons
2026-09-09 20:57:42 +0200: Memory Usage (463744K) : metal4_slit has 0 polygons
2026-09-09 20:57:42 +0200: Memory Usage (463744K) : metal4_text has 0 polygons
2026-09-09 20:57:42 +0200: Memory Usage (463744K) : metal4_opc has 0 polygons
2026-09-09 20:57:42 +0200: Memory Usage (463904K) : metal4_noqrc has 0 polygons
2026-09-09 20:57:42 +0200: Memory Usage (463904K) : metal4_res has 0 polygons
2026-09-09 20:57:42 +0200: Memory Usage (463904K) : metal4_iprobe has 0 polygons
2026-09-09 20:57:42 +0200: Memory Usage (464064K) : metal4_diffprb has 0 polygons
2026-09-09 20:57:42 +0200: Memory Usage (464064K) : heattrans_drw has 0 polygons
2026-09-09 20:57:42 +0200: Memory Usage (464064K) : heatres_drw has 0 polygons
2026-09-09 20:57:42 +0200: Memory Usage (464224K) : pempoly_drw has 0 polygons
2026-09-09 20:57:42 +0200: Memory Usage (464224K) : fbe_drw has 0 polygons
2026-09-09 20:57:42 +0200: Memory Usage (464384K) : empoly_drw has 0 polygons
2026-09-09 20:57:42 +0200: Memory Usage (464384K) : ldmos_drw has 0 polygons
2026-09-09 20:57:42 +0200: Memory Usage (464384K) : pbiwind_drw has 0 polygons
2026-09-09 20:57:42 +0200: Memory Usage (464544K) : digisub_drw has 0 polygons
2026-09-09 20:57:42 +0200: Memory Usage (464544K) : nodrc_drw has 0 polygons
2026-09-09 20:57:42 +0200: Memory Usage (464544K) : text_drw has 0 polygons
2026-09-09 20:57:42 +0200: Memory Usage (464544K) : via4_drw has 0 polygons
2026-09-09 20:57:42 +0200: Memory Usage (464544K) : metal5_drw has 0 polygons
2026-09-09 20:57:42 +0200: Memory Usage (464704K) : metal5_pin has 0 polygons
2026-09-09 20:57:42 +0200: Memory Usage (464704K) : metal5_mask has 0 polygons
2026-09-09 20:57:42 +0200: Memory Usage (464704K) : metal5_filler has 0 polygons
2026-09-09 20:57:42 +0200: Memory Usage (464704K) : metal5_nofill has 0 polygons
2026-09-09 20:57:42 +0200: Memory Usage (464864K) : metal5_slit has 0 polygons
2026-09-09 20:57:42 +0200: Memory Usage (464864K) : metal5_text has 0 polygons
2026-09-09 20:57:42 +0200: Memory Usage (464864K) : metal5_opc has 0 polygons
2026-09-09 20:57:42 +0200: Memory Usage (465024K) : metal5_noqrc has 0 polygons
2026-09-09 20:57:42 +0200: Memory Usage (465024K) : metal5_res has 0 polygons
2026-09-09 20:57:42 +0200: Memory Usage (465024K) : metal5_iprobe has 0 polygons
2026-09-09 20:57:42 +0200: Memory Usage (465184K) : metal5_diffprb has 0 polygons
2026-09-09 20:57:42 +0200: Memory Usage (465184K) : radhard_drw has 0 polygons
2026-09-09 20:57:42 +0200: Memory Usage (465184K) : memcap_drw has 0 polygons
2026-09-09 20:57:42 +0200: Memory Usage (465344K) : varicap_drw has 0 polygons
2026-09-09 20:57:42 +0200: Memory Usage (465344K) : flash_drw has 0 polygons
2026-09-09 20:57:42 +0200: Memory Usage (465344K) : intbondvia_drw has 0 polygons
2026-09-09 20:57:42 +0200: Memory Usage (465504K) : intbondmet_drw has 0 polygons
2026-09-09 20:57:42 +0200: Memory Usage (465504K) : devbondvia_drw has 0 polygons
2026-09-09 20:57:42 +0200: Memory Usage (465504K) : devbondmet_drw has 0 polygons
2026-09-09 20:57:42 +0200: Memory Usage (465664K) : devtrench_drw has 0 polygons
2026-09-09 20:57:42 +0200: Memory Usage (465664K) : redist_drw has 0 polygons
2026-09-09 20:57:42 +0200: Memory Usage (465824K) : graphbot_drw has 0 polygons
2026-09-09 20:57:42 +0200: Memory Usage (465824K) : graphtop_drw has 0 polygons
2026-09-09 20:57:42 +0200: Memory Usage (465824K) : antvia1_drw has 0 polygons
2026-09-09 20:57:42 +0200: Memory Usage (465984K) : antmetal2_drw has 0 polygons
2026-09-09 20:57:42 +0200: Memory Usage (465984K) : graphcont_drw has 0 polygons
2026-09-09 20:57:42 +0200: Memory Usage (465984K) : siwg_drw has 0 polygons
2026-09-09 20:57:42 +0200: Memory Usage (466144K) : siwg_filler has 0 polygons
2026-09-09 20:57:42 +0200: Memory Usage (466144K) : siwg_nofill has 0 polygons
2026-09-09 20:57:42 +0200: Memory Usage (466144K) : sigrating_drw has 0 polygons
2026-09-09 20:57:42 +0200: Memory Usage (466144K) : singrating_drw has 0 polygons
2026-09-09 20:57:42 +0200: Memory Usage (466304K) : graphpas_drw has 0 polygons
2026-09-09 20:57:42 +0200: Memory Usage (466304K) : emwind3_drw has 0 polygons
2026-09-09 20:57:42 +0200: Memory Usage (466304K) : emwihv3_drw has 0 polygons
2026-09-09 20:57:42 +0200: Memory Usage (466464K) : redbulay_drw has 0 polygons
2026-09-09 20:57:42 +0200: Memory Usage (466464K) : smos_drw has 0 polygons
2026-09-09 20:57:42 +0200: Memory Usage (466464K) : graphpad_drw has 0 polygons
2026-09-09 20:57:42 +0200: Memory Usage (466464K) : polimide_drw has 0 polygons
2026-09-09 20:57:42 +0200: Memory Usage (466464K) : polimide_pin has 0 polygons
2026-09-09 20:57:42 +0200: Memory Usage (466464K) : recog_drw has 0 polygons
2026-09-09 20:57:42 +0200: Memory Usage (466624K) : recog_pin has 0 polygons
2026-09-09 20:57:42 +0200: Memory Usage (466624K) : recog_esd has 0 polygons
2026-09-09 20:57:42 +0200: Memory Usage (466624K) : recog_diode has 0 polygons
2026-09-09 20:57:42 +0200: Memory Usage (466784K) : recog_tsv has 0 polygons
2026-09-09 20:57:42 +0200: Memory Usage (466784K) : recog_iprobe has 0 polygons
2026-09-09 20:57:42 +0200: Memory Usage (466784K) : recog_diffprb has 0 polygons
2026-09-09 20:57:42 +0200: Memory Usage (466944K) : recog_pillar has 0 polygons
2026-09-09 20:57:42 +0200: Memory Usage (466944K) : recog_sbump has 0 polygons
2026-09-09 20:57:42 +0200: Memory Usage (466944K) : recog_otp has 0 polygons
2026-09-09 20:57:42 +0200: Memory Usage (467104K) : recog_pdiode has 0 polygons
2026-09-09 20:57:42 +0200: Memory Usage (467104K) : recog_mom has 0 polygons
2026-09-09 20:57:42 +0200: Memory Usage (467104K) : recog_pcm has 0 polygons
2026-09-09 20:57:42 +0200: Memory Usage (467264K) : colopen_drw has 0 polygons
2026-09-09 20:57:42 +0200: Memory Usage (467264K) : graphmetal1_drw has 0 polygons
2026-09-09 20:57:42 +0200: Memory Usage (467264K) : graphmetal1_filler has 0 polygons
2026-09-09 20:57:42 +0200: Memory Usage (467424K) : graphmetal1_nofill has 0 polygons
2026-09-09 20:57:42 +0200: Memory Usage (467424K) : graphmetal1_slit has 0 polygons
2026-09-09 20:57:42 +0200: Memory Usage (467424K) : graphmetal1_opc has 0 polygons
2026-09-09 20:57:42 +0200: Memory Usage (467584K) : graphmet1l_drw has 0 polygons
2026-09-09 20:57:42 +0200: Memory Usage (467584K) : graphmet1l_filler has 0 polygons
2026-09-09 20:57:42 +0200: Memory Usage (467584K) : graphmet1l_nofill has 0 polygons
2026-09-09 20:57:42 +0200: Memory Usage (467744K) : graphmet1l_slit has 0 polygons
2026-09-09 20:57:42 +0200: Memory Usage (467744K) : graphmet1l_opc has 0 polygons
2026-09-09 20:57:42 +0200: Memory Usage (467744K) : extblock_drw has 0 polygons
2026-09-09 20:57:42 +0200: Memory Usage (467904K) : nldd_drw has 0 polygons
2026-09-09 20:57:42 +0200: Memory Usage (467904K) : pldd_drw has 0 polygons
2026-09-09 20:57:42 +0200: Memory Usage (467904K) : next_drw has 0 polygons
2026-09-09 20:57:42 +0200: Memory Usage (468064K) : pext_drw has 0 polygons
2026-09-09 20:57:42 +0200: Memory Usage (468064K) : nexthv_drw has 0 polygons
2026-09-09 20:57:42 +0200: Memory Usage (468064K) : pexthv_drw has 0 polygons
2026-09-09 20:57:42 +0200: Memory Usage (468224K) : graphgate_drw has 0 polygons
2026-09-09 20:57:42 +0200: Memory Usage (468224K) : sinwg_drw has 0 polygons
2026-09-09 20:57:42 +0200: Memory Usage (468224K) : sinwg_filler has 0 polygons
2026-09-09 20:57:42 +0200: Memory Usage (468384K) : sinwg_nofill has 0 polygons
2026-09-09 20:57:42 +0200: Memory Usage (468384K) : mempad_drw has 0 polygons
2026-09-09 20:57:42 +0200: Memory Usage (468384K) : topvia1_drw has 0 polygons
2026-09-09 20:57:42 +0200: Memory Usage (468384K) : topmetal1_drw has 0 polygons
2026-09-09 20:57:42 +0200: Memory Usage (468384K) : topmetal1_pin has 0 polygons
2026-09-09 20:57:42 +0200: Memory Usage (468384K) : topmetal1_mask has 0 polygons
2026-09-09 20:57:42 +0200: Memory Usage (468384K) : topmetal1_filler has 0 polygons
2026-09-09 20:57:42 +0200: Memory Usage (468384K) : topmetal1_nofill has 0 polygons
2026-09-09 20:57:42 +0200: Memory Usage (468384K) : topmetal1_slit has 0 polygons
2026-09-09 20:57:42 +0200: Memory Usage (468544K) : topmetal1_text has 0 polygons
2026-09-09 20:57:42 +0200: Memory Usage (468544K) : topmetal1_noqrc has 0 polygons
2026-09-09 20:57:42 +0200: Memory Usage (468544K) : topmetal1_res has 0 polygons
2026-09-09 20:57:42 +0200: Memory Usage (468544K) : topmetal1_iprobe has 0 polygons
2026-09-09 20:57:42 +0200: Memory Usage (468704K) : topmetal1_diffprb has 0 polygons
2026-09-09 20:57:42 +0200: Memory Usage (468704K) : inldpwl_drw has 0 polygons
2026-09-09 20:57:42 +0200: Memory Usage (468704K) : polyres_drw has 0 polygons
2026-09-09 20:57:42 +0200: Memory Usage (468864K) : polyres_pin has 0 polygons
2026-09-09 20:57:42 +0200: Memory Usage (468864K) : vmim_drw has 0 polygons
2026-09-09 20:57:42 +0200: Memory Usage (468864K) : nbulaycut_drw has 0 polygons
2026-09-09 20:57:42 +0200: Memory Usage (469024K) : antmetal1_drw has 0 polygons
2026-09-09 20:57:42 +0200: Memory Usage (469024K) : topvia2_drw has 0 polygons
2026-09-09 20:57:42 +0200: Memory Usage (469024K) : topmetal2_drw has 0 polygons
2026-09-09 20:57:42 +0200: Memory Usage (469184K) : topmetal2_pin has 0 polygons
2026-09-09 20:57:42 +0200: Memory Usage (469184K) : topmetal2_mask has 0 polygons
2026-09-09 20:57:42 +0200: Memory Usage (469184K) : topmetal2_filler has 0 polygons
2026-09-09 20:57:42 +0200: Memory Usage (469344K) : topmetal2_nofill has 0 polygons
2026-09-09 20:57:42 +0200: Memory Usage (469344K) : topmetal2_slit has 0 polygons
2026-09-09 20:57:42 +0200: Memory Usage (469344K) : topmetal2_text has 0 polygons
2026-09-09 20:57:42 +0200: Memory Usage (469504K) : topmetal2_noqrc has 0 polygons
2026-09-09 20:57:42 +0200: Memory Usage (469504K) : topmetal2_res has 0 polygons
2026-09-09 20:57:42 +0200: Memory Usage (469504K) : topmetal2_iprobe has 0 polygons
2026-09-09 20:57:42 +0200: Memory Usage (469664K) : topmetal2_diffprb has 0 polygons
2026-09-09 20:57:42 +0200: Memory Usage (469664K) : snsring_drw has 0 polygons
2026-09-09 20:57:42 +0200: Memory Usage (469664K) : sensor_drw has 0 polygons
2026-09-09 20:57:42 +0200: Memory Usage (469824K) : snsarms_drw has 0 polygons
2026-09-09 20:57:42 +0200: Memory Usage (469824K) : snscmosvia_drw has 0 polygons
2026-09-09 20:57:42 +0200: Memory Usage (469824K) : colwind_drw has 0 polygons
2026-09-09 20:57:42 +0200: Memory Usage (469984K) : flm_drw has 0 polygons
2026-09-09 20:57:42 +0200: Memory Usage (469984K) : hafniumox_drw has 0 polygons
2026-09-09 20:57:42 +0200: Memory Usage (469984K) : memvia_drw has 0 polygons
2026-09-09 20:57:42 +0200: Memory Usage (470144K) : thinfilmres_drw has 0 polygons
2026-09-09 20:57:42 +0200: Memory Usage (470144K) : rfmem_drw has 0 polygons
2026-09-09 20:57:42 +0200: Memory Usage (470144K) : norcx_drw has 0 polygons
2026-09-09 20:57:42 +0200: Memory Usage (470304K) : norcx_m2m3 has 0 polygons
2026-09-09 20:57:42 +0200: Memory Usage (470304K) : norcx_m2m4 has 0 polygons
2026-09-09 20:57:42 +0200: Memory Usage (470304K) : norcx_m2m5 has 0 polygons
2026-09-09 20:57:42 +0200: Memory Usage (470464K) : norcx_m2tm1 has 0 polygons
2026-09-09 20:57:42 +0200: Memory Usage (470464K) : norcx_m2tm2 has 0 polygons
2026-09-09 20:57:42 +0200: Memory Usage (470464K) : norcx_m3m4 has 0 polygons
2026-09-09 20:57:42 +0200: Memory Usage (470624K) : norcx_m3m5 has 0 polygons
2026-09-09 20:57:42 +0200: Memory Usage (470624K) : norcx_m3tm1 has 0 polygons
2026-09-09 20:57:42 +0200: Memory Usage (470624K) : norcx_m3tm2 has 0 polygons
2026-09-09 20:57:42 +0200: Memory Usage (470784K) : norcx_m4m5 has 0 polygons
2026-09-09 20:57:42 +0200: Memory Usage (470784K) : norcx_m4tm1 has 0 polygons
2026-09-09 20:57:42 +0200: Memory Usage (470784K) : norcx_m4tm2 has 0 polygons
2026-09-09 20:57:42 +0200: Memory Usage (470944K) : norcx_m5tm1 has 0 polygons
2026-09-09 20:57:42 +0200: Memory Usage (470944K) : norcx_m5tm2 has 0 polygons
2026-09-09 20:57:42 +0200: Memory Usage (470944K) : norcx_tm1tm2 has 0 polygons
2026-09-09 20:57:42 +0200: Memory Usage (471104K) : norcx_m1sub has 0 polygons
2026-09-09 20:57:42 +0200: Memory Usage (471104K) : norcx_m2sub has 0 polygons
2026-09-09 20:57:42 +0200: Memory Usage (471104K) : norcx_m3sub has 0 polygons
2026-09-09 20:57:42 +0200: Memory Usage (471264K) : norcx_m4sub has 0 polygons
2026-09-09 20:57:42 +0200: Memory Usage (471264K) : norcx_m5sub has 0 polygons
2026-09-09 20:57:42 +0200: Memory Usage (471264K) : norcx_tm1sub has 0 polygons
2026-09-09 20:57:42 +0200: Memory Usage (471424K) : norcx_tm2sub has 0 polygons
2026-09-09 20:57:42 +0200: Memory Usage (471424K) : snsbotvia_drw has 0 polygons
2026-09-09 20:57:42 +0200: Memory Usage (471424K) : snstopvia_drw has 0 polygons
2026-09-09 20:57:42 +0200: Memory Usage (471584K) : deepvia_drw has 0 polygons
2026-09-09 20:57:42 +0200: Memory Usage (471584K) : fgetch_drw has 0 polygons
2026-09-09 20:57:42 +0200: Memory Usage (471584K) : ctrgat_drw has 0 polygons
2026-09-09 20:57:42 +0200: Memory Usage (471744K) : fgimp_drw has 0 polygons
2026-09-09 20:57:42 +0200: Memory Usage (471744K) : emwihv_drw has 0 polygons
2026-09-09 20:57:42 +0200: Memory Usage (471744K) : lbe_drw has 0 polygons
2026-09-09 20:57:42 +0200: Memory Usage (471904K) : alcustop_drw has 0 polygons
2026-09-09 20:57:42 +0200: Memory Usage (471904K) : nometfiller_drw has 0 polygons
2026-09-09 20:57:42 +0200: Memory Usage (471904K) : prboundary_drw has 0 polygons
2026-09-09 20:57:42 +0200: Memory Usage (471904K) : exchange0_drw has 0 polygons
2026-09-09 20:57:42 +0200: Memory Usage (472064K) : exchange0_pin has 0 polygons
2026-09-09 20:57:42 +0200: Memory Usage (472064K) : exchange0_text has 0 polygons
2026-09-09 20:57:42 +0200: Memory Usage (472064K) : exchange1_drw has 0 polygons
2026-09-09 20:57:42 +0200: Memory Usage (472224K) : exchange1_pin has 0 polygons
2026-09-09 20:57:42 +0200: Memory Usage (472224K) : exchange1_text has 0 polygons
2026-09-09 20:57:42 +0200: Memory Usage (472224K) : exchange2_drw has 0 polygons
2026-09-09 20:57:42 +0200: Memory Usage (472384K) : exchange2_pin has 0 polygons
2026-09-09 20:57:42 +0200: Memory Usage (472384K) : exchange2_text has 0 polygons
2026-09-09 20:57:42 +0200: Memory Usage (472384K) : exchange3_drw has 0 polygons
2026-09-09 20:57:42 +0200: Memory Usage (472544K) : exchange3_pin has 0 polygons
2026-09-09 20:57:42 +0200: Memory Usage (472544K) : exchange3_text has 0 polygons
2026-09-09 20:57:42 +0200: Memory Usage (472544K) : exchange4_drw has 0 polygons
2026-09-09 20:57:42 +0200: Memory Usage (472704K) : exchange4_pin has 0 polygons
2026-09-09 20:57:42 +0200: Memory Usage (472704K) : exchange4_text has 0 polygons
2026-09-09 20:57:42 +0200: Memory Usage (472704K) : isonwell_drw has 0 polygons
2026-09-09 20:57:42 +0200: Memory Usage (472704K) : Total no. of polygons in the design is 93
2026-09-09 20:57:42 +0200: Memory Usage (472704K) : Loaded TECH DRC rules values from /foss/pdks/ihp-sg13g2/libs.tech/klayout/python/sg13g2_pycell_lib/sg13g2_tech_mod.json
2026-09-09 20:57:42 +0200: Memory Usage (472704K) : Loaded default DRC rules values from /foss/pdks/ihp-sg13g2/libs.tech/klayout/tech/drc/rule_decks/sg13g2_tech_default.json
2026-09-09 20:57:42 +0200: Memory Usage (472704K) : The following rules values were missing in tech json and default values were used:
2026-09-09 20:57:42 +0200: Memory Usage (472864K) :   - NW_f1_digibnd
2026-09-09 20:57:42 +0200: Memory Usage (472864K) :   - Cnt_c_digibnd
2026-09-09 20:57:42 +0200: Memory Usage (472864K) :   - Cnt_c_sram
2026-09-09 20:57:42 +0200: Memory Usage (472864K) :   - Sdiod_b
2026-09-09 20:57:42 +0200: Memory Usage (472864K) :   - Sdiod_c
2026-09-09 20:57:42 +0200: Memory Usage (473640K) : Total area of the design is 21.2915 um^2.
2026-09-09 20:57:42 +0200: Memory Usage (473640K) : The design dimensions are 4.8500000000000005 µm * 4.39 µm.
2026-09-09 20:57:42 +0200: Memory Usage (473640K) : Starting general IHP-SG13G2 derivations.
2026-09-09 20:57:42 +0200: Memory Usage (473640K) : Starting Pwell derivations
2026-09-09 20:57:42 +0200: Memory Usage (475956K) : Starting IHP-SG13G2 DRC rules.
2026-09-09 20:57:42 +0200: Memory Usage (475956K) : Starting 3.2. angle table
2026-09-09 20:57:42 +0200: Memory Usage (475956K) : Executing rule activ_drw_Acute
2026-09-09 20:57:42 +0200: Memory Usage (476360K) : Executing rule activ_pin_Acute
2026-09-09 20:57:42 +0200: Memory Usage (476360K) : Executing rule activ_mask_Acute
2026-09-09 20:57:42 +0200: Memory Usage (476360K) : Executing rule activ_filler_Acute
2026-09-09 20:57:42 +0200: Memory Usage (476360K) : Executing rule activ_nofill_Acute
2026-09-09 20:57:42 +0200: Memory Usage (476360K) : Executing rule activ_opc_Acute
2026-09-09 20:57:42 +0200: Memory Usage (476360K) : Executing rule activ_iopc_Acute
2026-09-09 20:57:42 +0200: Memory Usage (476360K) : Executing rule activ_noqrc_Acute
2026-09-09 20:57:42 +0200: Memory Usage (476360K) : Executing rule biwind_drw_Acute
2026-09-09 20:57:42 +0200: Memory Usage (476680K) : Executing rule biwind_opc_Acute
2026-09-09 20:57:42 +0200: Memory Usage (477160K) : Executing rule pemwind_drw_Acute
2026-09-09 20:57:42 +0200: Memory Usage (477640K) : Executing rule gatpoly_drw_Acute
2026-09-09 20:57:42 +0200: Memory Usage (478120K) : Executing rule gatpoly_pin_Acute
2026-09-09 20:57:42 +0200: Memory Usage (478600K) : Executing rule gatpoly_filler_Acute
2026-09-09 20:57:42 +0200: Memory Usage (479080K) : Executing rule gatpoly_nofill_Acute
2026-09-09 20:57:42 +0200: Memory Usage (479560K) : Executing rule gatpoly_opc_Acute
2026-09-09 20:57:42 +0200: Memory Usage (480040K) : Executing rule gatpoly_iopc_Acute
2026-09-09 20:57:42 +0200: Memory Usage (480680K) : Executing rule gatpoly_noqrc_Acute
2026-09-09 20:57:42 +0200: Memory Usage (481160K) : Executing rule cont_drw_Acute
2026-09-09 20:57:42 +0200: Memory Usage (481640K) : Executing rule cont_opc_Acute
2026-09-09 20:57:42 +0200: Memory Usage (482120K) : Executing rule nsd_drw_Acute
2026-09-09 20:57:42 +0200: Memory Usage (482600K) : Executing rule nsd_block_Acute
2026-09-09 20:57:42 +0200: Memory Usage (483080K) : Executing rule metal1_drw_Acute
2026-09-09 20:57:42 +0200: Memory Usage (483080K) : Executing rule metal1_pin_Acute
2026-09-09 20:57:42 +0200: Memory Usage (483080K) : Executing rule metal1_mask_Acute
2026-09-09 20:57:42 +0200: Memory Usage (483080K) : Executing rule metal1_filler_Acute
2026-09-09 20:57:42 +0200: Memory Usage (483080K) : Executing rule metal1_nofill_Acute
2026-09-09 20:57:42 +0200: Memory Usage (483080K) : Executing rule metal1_slit_Acute
2026-09-09 20:57:42 +0200: Memory Usage (483240K) : Executing rule metal1_opc_Acute
2026-09-09 20:57:42 +0200: Memory Usage (483720K) : Executing rule metal1_noqrc_Acute
2026-09-09 20:57:42 +0200: Memory Usage (483880K) : Executing rule metal1_res_Acute
2026-09-09 20:57:42 +0200: Memory Usage (483880K) : Executing rule metal1_iprobe_Acute
2026-09-09 20:57:42 +0200: Memory Usage (483880K) : Executing rule metal1_diffprb_Acute
2026-09-09 20:57:42 +0200: Memory Usage (483880K) : Executing rule passiv_drw_Acute
2026-09-09 20:57:42 +0200: Memory Usage (483880K) : Executing rule passiv_pin_Acute
2026-09-09 20:57:42 +0200: Memory Usage (483880K) : Executing rule passiv_pillar_Acute
2026-09-09 20:57:42 +0200: Memory Usage (484200K) : Executing rule passiv_sbump_Acute
2026-09-09 20:57:42 +0200: Memory Usage (484200K) : Executing rule passiv_pdl_Acute
2026-09-09 20:57:42 +0200: Memory Usage (484200K) : Executing rule metal2_drw_Acute
2026-09-09 20:57:42 +0200: Memory Usage (484200K) : Executing rule metal2_pin_Acute
2026-09-09 20:57:42 +0200: Memory Usage (484200K) : Executing rule metal2_mask_Acute
2026-09-09 20:57:42 +0200: Memory Usage (484200K) : Executing rule metal2_filler_Acute
2026-09-09 20:57:42 +0200: Memory Usage (484200K) : Executing rule metal2_nofill_Acute
2026-09-09 20:57:42 +0200: Memory Usage (484200K) : Executing rule metal2_slit_Acute
2026-09-09 20:57:42 +0200: Memory Usage (484200K) : Executing rule metal2_opc_Acute
2026-09-09 20:57:42 +0200: Memory Usage (484200K) : Executing rule metal2_noqrc_Acute
2026-09-09 20:57:42 +0200: Memory Usage (484200K) : Executing rule metal2_res_Acute
2026-09-09 20:57:42 +0200: Memory Usage (484200K) : Executing rule metal2_iprobe_Acute
2026-09-09 20:57:42 +0200: Memory Usage (484200K) : Executing rule metal2_diffprb_Acute
2026-09-09 20:57:42 +0200: Memory Usage (484360K) : Executing rule baspoly_drw_Acute
2026-09-09 20:57:42 +0200: Memory Usage (484840K) : Executing rule baspoly_pin_Acute
2026-09-09 20:57:42 +0200: Memory Usage (485160K) : Executing rule psd_drw_Acute
2026-09-09 20:57:42 +0200: Memory Usage (485640K) : Executing rule nldb_drw_Acute
2026-09-09 20:57:42 +0200: Memory Usage (485800K) : Executing rule via1_drw_Acute
2026-09-09 20:57:42 +0200: Memory Usage (485800K) : Executing rule backmetal1_drw_Acute
2026-09-09 20:57:42 +0200: Memory Usage (485800K) : Executing rule backmetal1_pin_Acute
2026-09-09 20:57:42 +0200: Memory Usage (485800K) : Executing rule backmetal1_mask_Acute
2026-09-09 20:57:42 +0200: Memory Usage (485800K) : Executing rule backmetal1_filler_Acute
2026-09-09 20:57:42 +0200: Memory Usage (485800K) : Executing rule backmetal1_nofill_Acute
2026-09-09 20:57:42 +0200: Memory Usage (486120K) : Executing rule backmetal1_slit_Acute
2026-09-09 20:57:42 +0200: Memory Usage (486440K) : Executing rule backmetal1_opc_Acute
2026-09-09 20:57:42 +0200: Memory Usage (486440K) : Executing rule backmetal1_noqrc_Acute
2026-09-09 20:57:42 +0200: Memory Usage (486440K) : Executing rule backmetal1_res_Acute
2026-09-09 20:57:42 +0200: Memory Usage (486440K) : Executing rule backmetal1_iprobe_Acute
2026-09-09 20:57:42 +0200: Memory Usage (486440K) : Executing rule backmetal1_diffprb_Acute
2026-09-09 20:57:42 +0200: Memory Usage (486440K) : Executing rule backpassiv_drw_Acute
2026-09-09 20:57:42 +0200: Memory Usage (486440K) : Executing rule salblock_drw_Acute
2026-09-09 20:57:42 +0200: Memory Usage (486440K) : Executing rule via2_drw_Acute
2026-09-09 20:57:42 +0200: Memory Usage (486440K) : Executing rule metal3_drw_Acute
2026-09-09 20:57:42 +0200: Memory Usage (486440K) : Executing rule metal3_pin_Acute
2026-09-09 20:57:42 +0200: Memory Usage (486440K) : Executing rule metal3_mask_Acute
2026-09-09 20:57:42 +0200: Memory Usage (486440K) : Executing rule metal3_filler_Acute
2026-09-09 20:57:42 +0200: Memory Usage (486440K) : Executing rule metal3_nofill_Acute
2026-09-09 20:57:42 +0200: Memory Usage (486440K) : Executing rule metal3_slit_Acute
2026-09-09 20:57:42 +0200: Memory Usage (486440K) : Executing rule metal3_opc_Acute
2026-09-09 20:57:42 +0200: Memory Usage (486600K) : Executing rule metal3_noqrc_Acute
2026-09-09 20:57:42 +0200: Memory Usage (487080K) : Executing rule metal3_res_Acute
2026-09-09 20:57:42 +0200: Memory Usage (487400K) : Executing rule metal3_iprobe_Acute
2026-09-09 20:57:42 +0200: Memory Usage (487880K) : Executing rule metal3_diffprb_Acute
2026-09-09 20:57:42 +0200: Memory Usage (488360K) : Executing rule nwell_drw_Acute
2026-09-09 20:57:42 +0200: Memory Usage (488840K) : Executing rule nwell_pin_Acute
2026-09-09 20:57:42 +0200: Memory Usage (489320K) : Executing rule nbulay_drw_Acute
2026-09-09 20:57:42 +0200: Memory Usage (489800K) : Executing rule nbulay_pin_Acute
2026-09-09 20:57:42 +0200: Memory Usage (490280K) : Executing rule nbulay_block_Acute
2026-09-09 20:57:42 +0200: Memory Usage (490760K) : Executing rule pwell_drw_Acute
2026-09-09 20:57:42 +0200: Memory Usage (491240K) : Executing rule pwell_pin_Acute
2026-09-09 20:57:42 +0200: Memory Usage (491400K) : Executing rule pwell_block_Acute
2026-09-09 20:57:42 +0200: Memory Usage (491400K) : Executing rule emwind_drw_Acute
2026-09-09 20:57:42 +0200: Memory Usage (491400K) : Executing rule emwind_opc_Acute
2026-09-09 20:57:42 +0200: Memory Usage (491400K) : Executing rule deepco_drw_Acute
2026-09-09 20:57:42 +0200: Memory Usage (491400K) : Executing rule mim_drw_Acute
2026-09-09 20:57:42 +0200: Memory Usage (491400K) : Executing rule substrate_drw_Acute
2026-09-09 20:57:42 +0200: Memory Usage (491400K) : Executing rule ic_drw_Acute
2026-09-09 20:57:42 +0200: Memory Usage (491400K) : Executing rule via3_drw_Acute
2026-09-09 20:57:42 +0200: Memory Usage (491400K) : Executing rule pldb_drw_Acute
2026-09-09 20:57:42 +0200: Memory Usage (491400K) : Executing rule metal4_drw_Acute
2026-09-09 20:57:42 +0200: Memory Usage (491400K) : Executing rule metal4_pin_Acute
2026-09-09 20:57:42 +0200: Memory Usage (491400K) : Executing rule metal4_mask_Acute
2026-09-09 20:57:42 +0200: Memory Usage (491400K) : Executing rule metal4_filler_Acute
2026-09-09 20:57:42 +0200: Memory Usage (491400K) : Executing rule metal4_nofill_Acute
2026-09-09 20:57:42 +0200: Memory Usage (491400K) : Executing rule metal4_slit_Acute
2026-09-09 20:57:42 +0200: Memory Usage (491400K) : Executing rule metal4_opc_Acute
2026-09-09 20:57:42 +0200: Memory Usage (491400K) : Executing rule metal4_noqrc_Acute
2026-09-09 20:57:42 +0200: Memory Usage (491400K) : Executing rule metal4_res_Acute
2026-09-09 20:57:42 +0200: Memory Usage (491400K) : Executing rule metal4_iprobe_Acute
2026-09-09 20:57:42 +0200: Memory Usage (491400K) : Executing rule metal4_diffprb_Acute
2026-09-09 20:57:42 +0200: Memory Usage (491400K) : Executing rule via4_drw_Acute
2026-09-09 20:57:42 +0200: Memory Usage (491400K) : Executing rule metal5_drw_Acute
2026-09-09 20:57:42 +0200: Memory Usage (491400K) : Executing rule metal5_pin_Acute
2026-09-09 20:57:42 +0200: Memory Usage (491400K) : Executing rule metal5_mask_Acute
2026-09-09 20:57:42 +0200: Memory Usage (491400K) : Executing rule metal5_filler_Acute
2026-09-09 20:57:42 +0200: Memory Usage (491400K) : Executing rule metal5_nofill_Acute
2026-09-09 20:57:42 +0200: Memory Usage (491400K) : Executing rule metal5_slit_Acute
2026-09-09 20:57:42 +0200: Memory Usage (491400K) : Executing rule metal5_opc_Acute
2026-09-09 20:57:42 +0200: Memory Usage (491400K) : Executing rule metal5_noqrc_Acute
2026-09-09 20:57:42 +0200: Memory Usage (491400K) : Executing rule metal5_res_Acute
2026-09-09 20:57:42 +0200: Memory Usage (491400K) : Executing rule metal5_iprobe_Acute
2026-09-09 20:57:42 +0200: Memory Usage (491400K) : Executing rule metal5_diffprb_Acute
2026-09-09 20:57:42 +0200: Memory Usage (491400K) : Executing rule prboundary_drw_Acute
2026-09-09 20:57:42 +0200: Memory Usage (491400K) : Executing rule exchange0_drw_Acute
2026-09-09 20:57:42 +0200: Memory Usage (491400K) : Executing rule exchange0_pin_Acute
2026-09-09 20:57:42 +0200: Memory Usage (491400K) : Executing rule exchange1_drw_Acute
2026-09-09 20:57:42 +0200: Memory Usage (491400K) : Executing rule exchange1_pin_Acute
2026-09-09 20:57:42 +0200: Memory Usage (491400K) : Executing rule exchange2_drw_Acute
2026-09-09 20:57:42 +0200: Memory Usage (491400K) : Executing rule exchange2_pin_Acute
2026-09-09 20:57:42 +0200: Memory Usage (491400K) : Executing rule exchange3_drw_Acute
2026-09-09 20:57:42 +0200: Memory Usage (491400K) : Executing rule exchange3_pin_Acute
2026-09-09 20:57:42 +0200: Memory Usage (491400K) : Executing rule exchange4_drw_Acute
2026-09-09 20:57:42 +0200: Memory Usage (491400K) : Executing rule exchange4_pin_Acute
2026-09-09 20:57:42 +0200: Memory Usage (491400K) : Executing rule isonwell_drw_Acute
2026-09-09 20:57:42 +0200: Memory Usage (491400K) : Executing rule thickgateox_drw_Acute
2026-09-09 20:57:42 +0200: Memory Usage (491400K) : Executing rule pempoly_drw_Acute
2026-09-09 20:57:42 +0200: Memory Usage (491400K) : Executing rule fbe_drw_Acute
2026-09-09 20:57:42 +0200: Memory Usage (491400K) : Executing rule empoly_drw_Acute
2026-09-09 20:57:42 +0200: Memory Usage (491400K) : Executing rule ldmos_drw_Acute
2026-09-09 20:57:42 +0200: Memory Usage (491400K) : Executing rule pbiwind_drw_Acute
2026-09-09 20:57:42 +0200: Memory Usage (491400K) : Executing rule colopen_drw_Acute
2026-09-09 20:57:42 +0200: Memory Usage (491400K) : Executing rule extblock_drw_Acute
2026-09-09 20:57:42 +0200: Memory Usage (491400K) : Executing rule nldd_drw_Acute
2026-09-09 20:57:42 +0200: Memory Usage (491400K) : Executing rule pldd_drw_Acute
2026-09-09 20:57:42 +0200: Memory Usage (491400K) : Executing rule next_drw_Acute
2026-09-09 20:57:42 +0200: Memory Usage (491400K) : Executing rule pext_drw_Acute
2026-09-09 20:57:42 +0200: Memory Usage (491400K) : Executing rule nexthv_drw_Acute
2026-09-09 20:57:42 +0200: Memory Usage (491400K) : Executing rule pexthv_drw_Acute
2026-09-09 20:57:42 +0200: Memory Usage (491400K) : Executing rule graphgate_drw_Acute
2026-09-09 20:57:42 +0200: Memory Usage (491400K) : Executing rule mempad_drw_Acute
2026-09-09 20:57:42 +0200: Memory Usage (491400K) : Executing rule topvia1_drw_Acute
2026-09-09 20:57:42 +0200: Memory Usage (491400K) : Executing rule topmetal1_drw_Acute
2026-09-09 20:57:42 +0200: Memory Usage (491400K) : Executing rule topmetal1_pin_Acute
2026-09-09 20:57:42 +0200: Memory Usage (491400K) : Executing rule topmetal1_mask_Acute
2026-09-09 20:57:42 +0200: Memory Usage (491400K) : Executing rule topmetal1_filler_Acute
2026-09-09 20:57:42 +0200: Memory Usage (491400K) : Executing rule topmetal1_nofill_Acute
2026-09-09 20:57:42 +0200: Memory Usage (491400K) : Executing rule topmetal1_slit_Acute
2026-09-09 20:57:42 +0200: Memory Usage (491400K) : Executing rule topmetal1_noqrc_Acute
2026-09-09 20:57:42 +0200: Memory Usage (491400K) : Executing rule topmetal1_res_Acute
2026-09-09 20:57:42 +0200: Memory Usage (491400K) : Executing rule topmetal1_iprobe_Acute
2026-09-09 20:57:42 +0200: Memory Usage (491400K) : Executing rule topmetal1_diffprb_Acute
2026-09-09 20:57:42 +0200: Memory Usage (491400K) : Executing rule inldpwl_drw_Acute
2026-09-09 20:57:42 +0200: Memory Usage (491400K) : Executing rule polyres_drw_Acute
2026-09-09 20:57:42 +0200: Memory Usage (491400K) : Executing rule polyres_pin_Acute
2026-09-09 20:57:42 +0200: Memory Usage (491400K) : Executing rule vmim_drw_Acute
2026-09-09 20:57:42 +0200: Memory Usage (491400K) : Executing rule nbulaycut_drw_Acute
2026-09-09 20:57:42 +0200: Memory Usage (491400K) : Executing rule antmetal1_drw_Acute
2026-09-09 20:57:42 +0200: Memory Usage (491400K) : Executing rule topvia2_drw_Acute
2026-09-09 20:57:42 +0200: Memory Usage (491400K) : Executing rule topmetal2_drw_Acute
2026-09-09 20:57:42 +0200: Memory Usage (491400K) : Executing rule topmetal2_pin_Acute
2026-09-09 20:57:42 +0200: Memory Usage (491400K) : Executing rule topmetal2_mask_Acute
2026-09-09 20:57:42 +0200: Memory Usage (491400K) : Executing rule topmetal2_filler_Acute
2026-09-09 20:57:42 +0200: Memory Usage (491400K) : Executing rule topmetal2_nofill_Acute
2026-09-09 20:57:42 +0200: Memory Usage (491400K) : Executing rule topmetal2_slit_Acute
2026-09-09 20:57:42 +0200: Memory Usage (491400K) : Executing rule topmetal2_noqrc_Acute
2026-09-09 20:57:42 +0200: Memory Usage (491400K) : Executing rule topmetal2_res_Acute
2026-09-09 20:57:42 +0200: Memory Usage (491400K) : Executing rule topmetal2_iprobe_Acute
2026-09-09 20:57:42 +0200: Memory Usage (491400K) : Executing rule topmetal2_diffprb_Acute
2026-09-09 20:57:42 +0200: Memory Usage (491400K) : Executing rule snsring_drw_Acute
2026-09-09 20:57:42 +0200: Memory Usage (491400K) : Executing rule sensor_drw_Acute
2026-09-09 20:57:42 +0200: Memory Usage (491400K) : Executing rule snsarms_drw_Acute
2026-09-09 20:57:42 +0200: Memory Usage (491400K) : Executing rule snscmosvia_drw_Acute
2026-09-09 20:57:42 +0200: Memory Usage (491400K) : Executing rule colwind_drw_Acute
2026-09-09 20:57:42 +0200: Memory Usage (491400K) : Executing rule flm_drw_Acute
2026-09-09 20:57:42 +0200: Memory Usage (491400K) : Executing rule hafniumox_drw_Acute
2026-09-09 20:57:42 +0200: Memory Usage (491400K) : Executing rule memvia_drw_Acute
2026-09-09 20:57:42 +0200: Memory Usage (491400K) : Executing rule thinfilmres_drw_Acute
2026-09-09 20:57:42 +0200: Memory Usage (491400K) : Executing rule rfmem_drw_Acute
2026-09-09 20:57:42 +0200: Memory Usage (491400K) : Executing rule snsbotvia_drw_Acute
2026-09-09 20:57:42 +0200: Memory Usage (491400K) : Executing rule snstopvia_drw_Acute
2026-09-09 20:57:42 +0200: Memory Usage (491400K) : Executing rule deepvia_drw_Acute
2026-09-09 20:57:42 +0200: Memory Usage (491400K) : Executing rule fgetch_drw_Acute
2026-09-09 20:57:42 +0200: Memory Usage (491400K) : Executing rule ctrgat_drw_Acute
2026-09-09 20:57:42 +0200: Memory Usage (491400K) : Executing rule fgimp_drw_Acute
2026-09-09 20:57:42 +0200: Memory Usage (491400K) : Executing rule emwihv_drw_Acute
2026-09-09 20:57:42 +0200: Memory Usage (491400K) : Executing rule lbe_drw_Acute
2026-09-09 20:57:42 +0200: Memory Usage (491400K) : Executing rule alcustop_drw_Acute
2026-09-09 20:57:42 +0200: Memory Usage (491400K) : Executing rule cont_drw_Angle90
2026-09-09 20:57:42 +0200: Memory Usage (491984K) : Executing rule via1_drw_Angle90
2026-09-09 20:57:42 +0200: Memory Usage (492144K) : Executing rule via2_drw_Angle90
2026-09-09 20:57:42 +0200: Memory Usage (492144K) : Executing rule via3_drw_Angle90
2026-09-09 20:57:42 +0200: Memory Usage (492144K) : Executing rule via4_drw_Angle90
2026-09-09 20:57:42 +0200: Memory Usage (492144K) : Executing rule vmim_drw_Angle90
2026-09-09 20:57:42 +0200: Memory Usage (492144K) : Executing rule topvia1_drw_Angle90
2026-09-09 20:57:42 +0200: Memory Usage (492144K) : Executing rule topvia2_drw_Angle90
2026-09-09 20:57:42 +0200: Memory Usage (492144K) : Executing rule gatpoly_drw_Angle45
2026-09-09 20:57:42 +0200: Memory Usage (492304K) : Executing rule activ_drw_Angle45
2026-09-09 20:57:42 +0200: Memory Usage (492464K) : Executing rule metal1_drw_Angle45
2026-09-09 20:57:42 +0200: Memory Usage (492464K) : Executing rule metal2_drw_Angle45
2026-09-09 20:57:42 +0200: Memory Usage (492784K) : Executing rule metal3_drw_Angle45
2026-09-09 20:57:42 +0200: Memory Usage (492784K) : Executing rule metal4_drw_Angle45
2026-09-09 20:57:42 +0200: Memory Usage (492784K) : Executing rule metal5_drw_Angle45
2026-09-09 20:57:42 +0200: Memory Usage (492784K) : Executing rule topmetal1_drw_Angle45
2026-09-09 20:57:42 +0200: Memory Usage (492784K) : Executing rule topmetal2_drw_Angle45
2026-09-09 20:57:42 +0200: Memory Usage (492784K) : KLayout DRC run for tables 'angle' completed in 0.71 seconds
