# Logfile created on 2026-09-09 20:57:37 +0200 by logger.rb/v1.5.3
2026-09-09 20:57:37 +0200: Memory Usage (455808K) : Starting running IHP-SG13G2 KLayout DRC runset on /foss/designs/aion_chip/flow/regress/AION_nand2_o21ai_0/baseline/reference_AION_nand2_o21ai_0.gds
2026-09-09 20:57:37 +0200: Memory Usage (455808K) : Ruby Version for klayout: 3.2.3
2026-09-09 20:57:37 +0200: Memory Usage (456988K) : Loading database to memory is complete.
2026-09-09 20:57:37 +0200: Memory Usage (456988K) : IHP-SG13G2 KLayout DRC runset output at: /foss/designs/aion_chip/flow/regress/AION_nand2_o21ai_0/baseline/drc/reference_AION_nand2_o21ai_0.klayout.drc/reference_AION_nand2_o21ai_0_reference_AION_nand2_o21ai_0_metal1.lyrdb
2026-09-09 20:57:37 +0200: Memory Usage (456988K) : Evaluate switches.
2026-09-09 20:57:37 +0200: Memory Usage (456988K) : tables selected: metal1
2026-09-09 20:57:37 +0200: Memory Usage (456988K) : KLayout will use 15 thread(s) in tiling mode.
2026-09-09 20:57:37 +0200: Memory Usage (456988K) : deep mode is enabled.
2026-09-09 20:57:37 +0200: Memory Usage (456988K) : FEOL enabled: false
2026-09-09 20:57:37 +0200: Memory Usage (456988K) : BEOL enabled: false
2026-09-09 20:57:37 +0200: Memory Usage (456988K) : OFFGRID enabled: true
2026-09-09 20:57:37 +0200: Memory Usage (456988K) : ANGLE enabled: true
2026-09-09 20:57:37 +0200: Memory Usage (456988K) : PIN enabled: false
2026-09-09 20:57:37 +0200: Memory Usage (456988K) : FORBIDDEN enabled: false
2026-09-09 20:57:37 +0200: Memory Usage (456988K) : RECOMMENDED enabled: true
2026-09-09 20:57:37 +0200: Memory Usage (456988K) : PreCheck DRC enabled: false
2026-09-09 20:57:37 +0200: Memory Usage (456988K) : CONNECTIVITY_RULES enabled: false.
2026-09-09 20:57:37 +0200: Memory Usage (456988K) : Read in polygons from layers.
2026-09-09 20:57:37 +0200: Memory Usage (457948K) : activ_drw has 6 polygons
2026-09-09 20:57:37 +0200: Memory Usage (457948K) : activ_pin has 0 polygons
2026-09-09 20:57:37 +0200: Memory Usage (457948K) : activ_mask has 0 polygons
2026-09-09 20:57:37 +0200: Memory Usage (457948K) : activ_filler has 0 polygons
2026-09-09 20:57:37 +0200: Memory Usage (457948K) : activ_nofill has 0 polygons
2026-09-09 20:57:37 +0200: Memory Usage (457948K) : activ_opc has 0 polygons
2026-09-09 20:57:37 +0200: Memory Usage (457948K) : activ_iopc has 0 polygons
2026-09-09 20:57:37 +0200: Memory Usage (457948K) : activ_noqrc has 0 polygons
2026-09-09 20:57:37 +0200: Memory Usage (457948K) : biwind_drw has 0 polygons
2026-09-09 20:57:37 +0200: Memory Usage (457948K) : biwind_opc has 0 polygons
2026-09-09 20:57:37 +0200: Memory Usage (457948K) : pemwind_drw has 0 polygons
2026-09-09 20:57:37 +0200: Memory Usage (457948K) : gatpoly_drw has 5 polygons
2026-09-09 20:57:37 +0200: Memory Usage (457948K) : gatpoly_pin has 0 polygons
2026-09-09 20:57:37 +0200: Memory Usage (457948K) : gatpoly_filler has 0 polygons
2026-09-09 20:57:37 +0200: Memory Usage (457948K) : gatpoly_nofill has 0 polygons
2026-09-09 20:57:37 +0200: Memory Usage (457948K) : gatpoly_opc has 0 polygons
2026-09-09 20:57:37 +0200: Memory Usage (457948K) : gatpoly_iopc has 0 polygons
2026-09-09 20:57:37 +0200: Memory Usage (457948K) : gatpoly_noqrc has 0 polygons
2026-09-09 20:57:37 +0200: Memory Usage (457948K) : cont_drw has 51 polygons
2026-09-09 20:57:37 +0200: Memory Usage (458108K) : cont_opc has 0 polygons
2026-09-09 20:57:37 +0200: Memory Usage (458108K) : nsd_drw has 0 polygons
2026-09-09 20:57:37 +0200: Memory Usage (458108K) : nsd_block has 0 polygons
2026-09-09 20:57:37 +0200: Memory Usage (458520K) : metal1_drw has 11 polygons
2026-09-09 20:57:37 +0200: Memory Usage (458520K) : metal1_pin has 7 polygons
2026-09-09 20:57:37 +0200: Memory Usage (458520K) : metal1_mask has 0 polygons
2026-09-09 20:57:37 +0200: Memory Usage (458680K) : metal1_filler has 0 polygons
2026-09-09 20:57:37 +0200: Memory Usage (458680K) : metal1_nofill has 0 polygons
2026-09-09 20:57:37 +0200: Memory Usage (458680K) : metal1_slit has 0 polygons
2026-09-09 20:57:37 +0200: Memory Usage (459032K) : metal1_text has 7 polygons
2026-09-09 20:57:37 +0200: Memory Usage (459032K) : metal1_opc has 0 polygons
2026-09-09 20:57:37 +0200: Memory Usage (459032K) : metal1_noqrc has 0 polygons
2026-09-09 20:57:37 +0200: Memory Usage (459192K) : metal1_res has 0 polygons
2026-09-09 20:57:37 +0200: Memory Usage (459192K) : metal1_iprobe has 0 polygons
2026-09-09 20:57:37 +0200: Memory Usage (459192K) : metal1_diffprb has 0 polygons
2026-09-09 20:57:37 +0200: Memory Usage (459352K) : passiv_drw has 0 polygons
2026-09-09 20:57:37 +0200: Memory Usage (459352K) : passiv_pin has 0 polygons
2026-09-09 20:57:37 +0200: Memory Usage (459352K) : passiv_sbump has 0 polygons
2026-09-09 20:57:37 +0200: Memory Usage (459512K) : passiv_pillar has 0 polygons
2026-09-09 20:57:37 +0200: Memory Usage (459512K) : passiv_pdl has 0 polygons
2026-09-09 20:57:37 +0200: Memory Usage (459512K) : metal2_drw has 1 polygons
2026-09-09 20:57:37 +0200: Memory Usage (459512K) : metal2_pin has 0 polygons
2026-09-09 20:57:37 +0200: Memory Usage (459512K) : metal2_mask has 0 polygons
2026-09-09 20:57:37 +0200: Memory Usage (459512K) : metal2_filler has 0 polygons
2026-09-09 20:57:37 +0200: Memory Usage (459512K) : metal2_nofill has 0 polygons
2026-09-09 20:57:37 +0200: Memory Usage (459512K) : metal2_slit has 0 polygons
2026-09-09 20:57:37 +0200: Memory Usage (459512K) : metal2_text has 0 polygons
2026-09-09 20:57:37 +0200: Memory Usage (459512K) : metal2_opc has 0 polygons
2026-09-09 20:57:37 +0200: Memory Usage (459672K) : metal2_noqrc has 0 polygons
2026-09-09 20:57:37 +0200: Memory Usage (459672K) : metal2_res has 0 polygons
2026-09-09 20:57:37 +0200: Memory Usage (459672K) : metal2_iprobe has 0 polygons
2026-09-09 20:57:37 +0200: Memory Usage (459832K) : metal2_diffprb has 0 polygons
2026-09-09 20:57:37 +0200: Memory Usage (459832K) : baspoly_drw has 0 polygons
2026-09-09 20:57:37 +0200: Memory Usage (459832K) : baspoly_pin has 0 polygons
2026-09-09 20:57:37 +0200: Memory Usage (459832K) : psd_drw has 2 polygons
2026-09-09 20:57:37 +0200: Memory Usage (459992K) : nldb_drw has 0 polygons
2026-09-09 20:57:37 +0200: Memory Usage (459992K) : digibnd_drw has 0 polygons
2026-09-09 20:57:37 +0200: Memory Usage (459992K) : via1_drw has 2 polygons
2026-09-09 20:57:37 +0200: Memory Usage (460152K) : backmetal1_drw has 0 polygons
2026-09-09 20:57:37 +0200: Memory Usage (460152K) : backmetal1_pin has 0 polygons
2026-09-09 20:57:37 +0200: Memory Usage (460152K) : backmetal1_mask has 0 polygons
2026-09-09 20:57:37 +0200: Memory Usage (460312K) : backmetal1_filler has 0 polygons
2026-09-09 20:57:37 +0200: Memory Usage (460312K) : backmetal1_nofill has 0 polygons
2026-09-09 20:57:37 +0200: Memory Usage (460312K) : backmetal1_slit has 0 polygons
2026-09-09 20:57:37 +0200: Memory Usage (460472K) : backmetal1_text has 0 polygons
2026-09-09 20:57:37 +0200: Memory Usage (460472K) : backmetal1_opc has 0 polygons
2026-09-09 20:57:37 +0200: Memory Usage (460632K) : backmetal1_noqrc has 0 polygons
2026-09-09 20:57:37 +0200: Memory Usage (460632K) : backmetal1_res has 0 polygons
2026-09-09 20:57:37 +0200: Memory Usage (460792K) : backmetal1_iprobe has 0 polygons
2026-09-09 20:57:37 +0200: Memory Usage (460792K) : backmetal1_diffprb has 0 polygons
2026-09-09 20:57:37 +0200: Memory Usage (460952K) : backpassiv_drw has 0 polygons
2026-09-09 20:57:37 +0200: Memory Usage (460952K) : res_drw has 0 polygons
2026-09-09 20:57:37 +0200: Memory Usage (460952K) : sram_drw has 0 polygons
2026-09-09 20:57:37 +0200: Memory Usage (461112K) : trans_drw has 0 polygons
2026-09-09 20:57:37 +0200: Memory Usage (461112K) : ind_drw has 0 polygons
2026-09-09 20:57:37 +0200: Memory Usage (461112K) : ind_pin has 0 polygons
2026-09-09 20:57:37 +0200: Memory Usage (461272K) : ind_text has 0 polygons
2026-09-09 20:57:37 +0200: Memory Usage (461272K) : salblock_drw has 0 polygons
2026-09-09 20:57:37 +0200: Memory Usage (461272K) : via2_drw has 0 polygons
2026-09-09 20:57:37 +0200: Memory Usage (461432K) : metal3_drw has 0 polygons
2026-09-09 20:57:37 +0200: Memory Usage (461432K) : metal3_pin has 0 polygons
2026-09-09 20:57:37 +0200: Memory Usage (461432K) : metal3_mask has 0 polygons
2026-09-09 20:57:37 +0200: Memory Usage (461592K) : metal3_filler has 0 polygons
2026-09-09 20:57:37 +0200: Memory Usage (461592K) : metal3_nofill has 0 polygons
2026-09-09 20:57:37 +0200: Memory Usage (461592K) : metal3_slit has 0 polygons
2026-09-09 20:57:37 +0200: Memory Usage (461752K) : metal3_text has 0 polygons
2026-09-09 20:57:37 +0200: Memory Usage (461752K) : metal3_opc has 0 polygons
2026-09-09 20:57:37 +0200: Memory Usage (461912K) : metal3_noqrc has 0 polygons
2026-09-09 20:57:37 +0200: Memory Usage (461912K) : metal3_res has 0 polygons
2026-09-09 20:57:37 +0200: Memory Usage (461912K) : metal3_iprobe has 0 polygons
2026-09-09 20:57:37 +0200: Memory Usage (461912K) : metal3_diffprb has 0 polygons
2026-09-09 20:57:37 +0200: Memory Usage (462072K) : nwell_drw has 1 polygons
2026-09-09 20:57:37 +0200: Memory Usage (462072K) : nwell_pin has 0 polygons
2026-09-09 20:57:37 +0200: Memory Usage (462072K) : nbulay_drw has 0 polygons
2026-09-09 20:57:37 +0200: Memory Usage (462072K) : nbulay_pin has 0 polygons
2026-09-09 20:57:37 +0200: Memory Usage (462232K) : nbulay_block has 0 polygons
2026-09-09 20:57:37 +0200: Memory Usage (462232K) : emwind_drw has 0 polygons
2026-09-09 20:57:37 +0200: Memory Usage (462232K) : emwind_opc has 0 polygons
2026-09-09 20:57:37 +0200: Memory Usage (462232K) : deepco_drw has 0 polygons
2026-09-09 20:57:37 +0200: Memory Usage (462392K) : deepco_drw has 0 polygons
2026-09-09 20:57:37 +0200: Memory Usage (462392K) : mim_drw has 0 polygons
2026-09-09 20:57:37 +0200: Memory Usage (462392K) : edgeseal_drw has 0 polygons
2026-09-09 20:57:37 +0200: Memory Usage (462392K) : edgeseal_bound has 0 polygons
2026-09-09 20:57:37 +0200: Memory Usage (462392K) : substrate_drw has 0 polygons
2026-09-09 20:57:37 +0200: Memory Usage (462552K) : substrate_text has 0 polygons
2026-09-09 20:57:37 +0200: Memory Usage (462552K) : dfpad_drw has 0 polygons
2026-09-09 20:57:37 +0200: Memory Usage (462552K) : dfpad_pillar has 0 polygons
2026-09-09 20:57:37 +0200: Memory Usage (462712K) : dfpad_sbump has 0 polygons
2026-09-09 20:57:37 +0200: Memory Usage (462712K) : thickgateox_drw has 0 polygons
2026-09-09 20:57:37 +0200: Memory Usage (462712K) : pldb_drw has 0 polygons
2026-09-09 20:57:37 +0200: Memory Usage (462872K) : pwell_drw has 0 polygons
2026-09-09 20:57:37 +0200: Memory Usage (462872K) : pwell_pin has 0 polygons
2026-09-09 20:57:37 +0200: Memory Usage (462872K) : pwell_block has 0 polygons
2026-09-09 20:57:37 +0200: Memory Usage (463032K) : ic_drw has 0 polygons
2026-09-09 20:57:37 +0200: Memory Usage (463032K) : via3_drw has 0 polygons
2026-09-09 20:57:37 +0200: Memory Usage (463032K) : metal4_drw has 0 polygons
2026-09-09 20:57:37 +0200: Memory Usage (463192K) : metal4_pin has 0 polygons
2026-09-09 20:57:37 +0200: Memory Usage (463192K) : metal4_mask has 0 polygons
2026-09-09 20:57:37 +0200: Memory Usage (463192K) : metal4_filler has 0 polygons
2026-09-09 20:57:37 +0200: Memory Usage (463352K) : metal4_nofill has 0 polygons
2026-09-09 20:57:37 +0200: Memory Usage (463352K) : metal4_slit has 0 polygons
2026-09-09 20:57:37 +0200: Memory Usage (463352K) : metal4_text has 0 polygons
2026-09-09 20:57:37 +0200: Memory Usage (463512K) : metal4_opc has 0 polygons
2026-09-09 20:57:37 +0200: Memory Usage (463512K) : metal4_noqrc has 0 polygons
2026-09-09 20:57:37 +0200: Memory Usage (463512K) : metal4_res has 0 polygons
2026-09-09 20:57:37 +0200: Memory Usage (463672K) : metal4_iprobe has 0 polygons
2026-09-09 20:57:37 +0200: Memory Usage (463672K) : metal4_diffprb has 0 polygons
2026-09-09 20:57:37 +0200: Memory Usage (463672K) : heattrans_drw has 0 polygons
2026-09-09 20:57:37 +0200: Memory Usage (463832K) : heatres_drw has 0 polygons
2026-09-09 20:57:37 +0200: Memory Usage (463832K) : pempoly_drw has 0 polygons
2026-09-09 20:57:37 +0200: Memory Usage (463832K) : fbe_drw has 0 polygons
2026-09-09 20:57:37 +0200: Memory Usage (463992K) : empoly_drw has 0 polygons
2026-09-09 20:57:37 +0200: Memory Usage (463992K) : ldmos_drw has 0 polygons
2026-09-09 20:57:37 +0200: Memory Usage (463992K) : pbiwind_drw has 0 polygons
2026-09-09 20:57:37 +0200: Memory Usage (464152K) : digisub_drw has 0 polygons
2026-09-09 20:57:37 +0200: Memory Usage (464152K) : nodrc_drw has 0 polygons
2026-09-09 20:57:37 +0200: Memory Usage (464152K) : text_drw has 0 polygons
2026-09-09 20:57:37 +0200: Memory Usage (464152K) : via4_drw has 0 polygons
2026-09-09 20:57:37 +0200: Memory Usage (464312K) : metal5_drw has 0 polygons
2026-09-09 20:57:37 +0200: Memory Usage (464312K) : metal5_pin has 0 polygons
2026-09-09 20:57:37 +0200: Memory Usage (464312K) : metal5_mask has 0 polygons
2026-09-09 20:57:37 +0200: Memory Usage (464312K) : metal5_filler has 0 polygons
2026-09-09 20:57:37 +0200: Memory Usage (464472K) : metal5_nofill has 0 polygons
2026-09-09 20:57:37 +0200: Memory Usage (464472K) : metal5_slit has 0 polygons
2026-09-09 20:57:37 +0200: Memory Usage (464472K) : metal5_text has 0 polygons
2026-09-09 20:57:37 +0200: Memory Usage (464632K) : metal5_opc has 0 polygons
2026-09-09 20:57:37 +0200: Memory Usage (464632K) : metal5_noqrc has 0 polygons
2026-09-09 20:57:37 +0200: Memory Usage (464632K) : metal5_res has 0 polygons
2026-09-09 20:57:37 +0200: Memory Usage (464792K) : metal5_iprobe has 0 polygons
2026-09-09 20:57:37 +0200: Memory Usage (464792K) : metal5_diffprb has 0 polygons
2026-09-09 20:57:37 +0200: Memory Usage (464792K) : radhard_drw has 0 polygons
2026-09-09 20:57:37 +0200: Memory Usage (464952K) : memcap_drw has 0 polygons
2026-09-09 20:57:37 +0200: Memory Usage (464952K) : varicap_drw has 0 polygons
2026-09-09 20:57:37 +0200: Memory Usage (464952K) : flash_drw has 0 polygons
2026-09-09 20:57:37 +0200: Memory Usage (465112K) : intbondvia_drw has 0 polygons
2026-09-09 20:57:37 +0200: Memory Usage (465112K) : intbondmet_drw has 0 polygons
2026-09-09 20:57:37 +0200: Memory Usage (465112K) : devbondvia_drw has 0 polygons
2026-09-09 20:57:37 +0200: Memory Usage (465272K) : devbondmet_drw has 0 polygons
2026-09-09 20:57:37 +0200: Memory Usage (465272K) : devtrench_drw has 0 polygons
2026-09-09 20:57:37 +0200: Memory Usage (465432K) : redist_drw has 0 polygons
2026-09-09 20:57:37 +0200: Memory Usage (465432K) : graphbot_drw has 0 polygons
2026-09-09 20:57:37 +0200: Memory Usage (465432K) : graphtop_drw has 0 polygons
2026-09-09 20:57:37 +0200: Memory Usage (465432K) : antvia1_drw has 0 polygons
2026-09-09 20:57:37 +0200: Memory Usage (465592K) : antmetal2_drw has 0 polygons
2026-09-09 20:57:37 +0200: Memory Usage (465592K) : graphcont_drw has 0 polygons
2026-09-09 20:57:37 +0200: Memory Usage (465752K) : siwg_drw has 0 polygons
2026-09-09 20:57:37 +0200: Memory Usage (465752K) : siwg_filler has 0 polygons
2026-09-09 20:57:37 +0200: Memory Usage (465752K) : siwg_nofill has 0 polygons
2026-09-09 20:57:37 +0200: Memory Usage (465912K) : sigrating_drw has 0 polygons
2026-09-09 20:57:37 +0200: Memory Usage (465912K) : singrating_drw has 0 polygons
2026-09-09 20:57:37 +0200: Memory Usage (465912K) : graphpas_drw has 0 polygons
2026-09-09 20:57:37 +0200: Memory Usage (465912K) : emwind3_drw has 0 polygons
2026-09-09 20:57:37 +0200: Memory Usage (465912K) : emwihv3_drw has 0 polygons
2026-09-09 20:57:37 +0200: Memory Usage (466072K) : redbulay_drw has 0 polygons
2026-09-09 20:57:37 +0200: Memory Usage (466072K) : smos_drw has 0 polygons
2026-09-09 20:57:37 +0200: Memory Usage (466072K) : graphpad_drw has 0 polygons
2026-09-09 20:57:37 +0200: Memory Usage (466072K) : polimide_drw has 0 polygons
2026-09-09 20:57:37 +0200: Memory Usage (466232K) : polimide_pin has 0 polygons
2026-09-09 20:57:37 +0200: Memory Usage (466232K) : recog_drw has 0 polygons
2026-09-09 20:57:37 +0200: Memory Usage (466232K) : recog_pin has 0 polygons
2026-09-09 20:57:37 +0200: Memory Usage (466392K) : recog_esd has 0 polygons
2026-09-09 20:57:37 +0200: Memory Usage (466392K) : recog_diode has 0 polygons
2026-09-09 20:57:37 +0200: Memory Usage (466392K) : recog_tsv has 0 polygons
2026-09-09 20:57:37 +0200: Memory Usage (466552K) : recog_iprobe has 0 polygons
2026-09-09 20:57:37 +0200: Memory Usage (466552K) : recog_diffprb has 0 polygons
2026-09-09 20:57:37 +0200: Memory Usage (466552K) : recog_pillar has 0 polygons
2026-09-09 20:57:37 +0200: Memory Usage (466712K) : recog_sbump has 0 polygons
2026-09-09 20:57:37 +0200: Memory Usage (466712K) : recog_otp has 0 polygons
2026-09-09 20:57:37 +0200: Memory Usage (466712K) : recog_pdiode has 0 polygons
2026-09-09 20:57:37 +0200: Memory Usage (466872K) : recog_mom has 0 polygons
2026-09-09 20:57:37 +0200: Memory Usage (466872K) : recog_pcm has 0 polygons
2026-09-09 20:57:37 +0200: Memory Usage (466872K) : colopen_drw has 0 polygons
2026-09-09 20:57:37 +0200: Memory Usage (467032K) : graphmetal1_drw has 0 polygons
2026-09-09 20:57:37 +0200: Memory Usage (467032K) : graphmetal1_filler has 0 polygons
2026-09-09 20:57:37 +0200: Memory Usage (467032K) : graphmetal1_nofill has 0 polygons
2026-09-09 20:57:37 +0200: Memory Usage (467192K) : graphmetal1_slit has 0 polygons
2026-09-09 20:57:37 +0200: Memory Usage (467192K) : graphmetal1_opc has 0 polygons
2026-09-09 20:57:37 +0200: Memory Usage (467192K) : graphmet1l_drw has 0 polygons
2026-09-09 20:57:37 +0200: Memory Usage (467352K) : graphmet1l_filler has 0 polygons
2026-09-09 20:57:37 +0200: Memory Usage (467352K) : graphmet1l_nofill has 0 polygons
2026-09-09 20:57:37 +0200: Memory Usage (467352K) : graphmet1l_slit has 0 polygons
2026-09-09 20:57:37 +0200: Memory Usage (467512K) : graphmet1l_opc has 0 polygons
2026-09-09 20:57:37 +0200: Memory Usage (467512K) : extblock_drw has 0 polygons
2026-09-09 20:57:37 +0200: Memory Usage (467512K) : nldd_drw has 0 polygons
2026-09-09 20:57:37 +0200: Memory Usage (467672K) : pldd_drw has 0 polygons
2026-09-09 20:57:37 +0200: Memory Usage (467672K) : next_drw has 0 polygons
2026-09-09 20:57:37 +0200: Memory Usage (467672K) : pext_drw has 0 polygons
2026-09-09 20:57:37 +0200: Memory Usage (467832K) : nexthv_drw has 0 polygons
2026-09-09 20:57:37 +0200: Memory Usage (467832K) : pexthv_drw has 0 polygons
2026-09-09 20:57:37 +0200: Memory Usage (467832K) : graphgate_drw has 0 polygons
2026-09-09 20:57:37 +0200: Memory Usage (467992K) : sinwg_drw has 0 polygons
2026-09-09 20:57:37 +0200: Memory Usage (467992K) : sinwg_filler has 0 polygons
2026-09-09 20:57:37 +0200: Memory Usage (467992K) : sinwg_nofill has 0 polygons
2026-09-09 20:57:37 +0200: Memory Usage (468152K) : mempad_drw has 0 polygons
2026-09-09 20:57:37 +0200: Memory Usage (468152K) : topvia1_drw has 0 polygons
2026-09-09 20:57:37 +0200: Memory Usage (468152K) : topmetal1_drw has 0 polygons
2026-09-09 20:57:37 +0200: Memory Usage (468152K) : topmetal1_pin has 0 polygons
2026-09-09 20:57:37 +0200: Memory Usage (468152K) : topmetal1_mask has 0 polygons
2026-09-09 20:57:37 +0200: Memory Usage (468152K) : topmetal1_filler has 0 polygons
2026-09-09 20:57:37 +0200: Memory Usage (468152K) : topmetal1_nofill has 0 polygons
2026-09-09 20:57:37 +0200: Memory Usage (468152K) : topmetal1_slit has 0 polygons
2026-09-09 20:57:37 +0200: Memory Usage (468152K) : topmetal1_text has 0 polygons
2026-09-09 20:57:37 +0200: Memory Usage (468152K) : topmetal1_noqrc has 0 polygons
2026-09-09 20:57:37 +0200: Memory Usage (468312K) : topmetal1_res has 0 polygons
2026-09-09 20:57:37 +0200: Memory Usage (468312K) : topmetal1_iprobe has 0 polygons
2026-09-09 20:57:37 +0200: Memory Usage (468312K) : topmetal1_diffprb has 0 polygons
2026-09-09 20:57:37 +0200: Memory Usage (468472K) : inldpwl_drw has 0 polygons
2026-09-09 20:57:37 +0200: Memory Usage (468472K) : polyres_drw has 0 polygons
2026-09-09 20:57:37 +0200: Memory Usage (468472K) : polyres_pin has 0 polygons
2026-09-09 20:57:37 +0200: Memory Usage (468632K) : vmim_drw has 0 polygons
2026-09-09 20:57:37 +0200: Memory Usage (468632K) : nbulaycut_drw has 0 polygons
2026-09-09 20:57:37 +0200: Memory Usage (468632K) : antmetal1_drw has 0 polygons
2026-09-09 20:57:37 +0200: Memory Usage (468792K) : topvia2_drw has 0 polygons
2026-09-09 20:57:37 +0200: Memory Usage (468792K) : topmetal2_drw has 0 polygons
2026-09-09 20:57:37 +0200: Memory Usage (468952K) : topmetal2_pin has 0 polygons
2026-09-09 20:57:37 +0200: Memory Usage (468952K) : topmetal2_mask has 0 polygons
2026-09-09 20:57:37 +0200: Memory Usage (468952K) : topmetal2_filler has 0 polygons
2026-09-09 20:57:37 +0200: Memory Usage (469112K) : topmetal2_nofill has 0 polygons
2026-09-09 20:57:37 +0200: Memory Usage (469112K) : topmetal2_slit has 0 polygons
2026-09-09 20:57:37 +0200: Memory Usage (469112K) : topmetal2_text has 0 polygons
2026-09-09 20:57:37 +0200: Memory Usage (469272K) : topmetal2_noqrc has 0 polygons
2026-09-09 20:57:37 +0200: Memory Usage (469272K) : topmetal2_res has 0 polygons
2026-09-09 20:57:37 +0200: Memory Usage (469272K) : topmetal2_iprobe has 0 polygons
2026-09-09 20:57:37 +0200: Memory Usage (469432K) : topmetal2_diffprb has 0 polygons
2026-09-09 20:57:37 +0200: Memory Usage (469432K) : snsring_drw has 0 polygons
2026-09-09 20:57:37 +0200: Memory Usage (469432K) : sensor_drw has 0 polygons
2026-09-09 20:57:37 +0200: Memory Usage (469592K) : snsarms_drw has 0 polygons
2026-09-09 20:57:37 +0200: Memory Usage (469592K) : snscmosvia_drw has 0 polygons
2026-09-09 20:57:37 +0200: Memory Usage (469592K) : colwind_drw has 0 polygons
2026-09-09 20:57:37 +0200: Memory Usage (469592K) : flm_drw has 0 polygons
2026-09-09 20:57:37 +0200: Memory Usage (469752K) : hafniumox_drw has 0 polygons
2026-09-09 20:57:37 +0200: Memory Usage (469752K) : memvia_drw has 0 polygons
2026-09-09 20:57:37 +0200: Memory Usage (469752K) : thinfilmres_drw has 0 polygons
2026-09-09 20:57:37 +0200: Memory Usage (469912K) : rfmem_drw has 0 polygons
2026-09-09 20:57:37 +0200: Memory Usage (469912K) : norcx_drw has 0 polygons
2026-09-09 20:57:37 +0200: Memory Usage (470072K) : norcx_m2m3 has 0 polygons
2026-09-09 20:57:37 +0200: Memory Usage (470072K) : norcx_m2m4 has 0 polygons
2026-09-09 20:57:37 +0200: Memory Usage (470072K) : norcx_m2m5 has 0 polygons
2026-09-09 20:57:37 +0200: Memory Usage (470232K) : norcx_m2tm1 has 0 polygons
2026-09-09 20:57:37 +0200: Memory Usage (470232K) : norcx_m2tm2 has 0 polygons
2026-09-09 20:57:37 +0200: Memory Usage (470232K) : norcx_m3m4 has 0 polygons
2026-09-09 20:57:37 +0200: Memory Usage (470232K) : norcx_m3m5 has 0 polygons
2026-09-09 20:57:37 +0200: Memory Usage (470392K) : norcx_m3tm1 has 0 polygons
2026-09-09 20:57:37 +0200: Memory Usage (470392K) : norcx_m3tm2 has 0 polygons
2026-09-09 20:57:37 +0200: Memory Usage (470392K) : norcx_m4m5 has 0 polygons
2026-09-09 20:57:37 +0200: Memory Usage (470552K) : norcx_m4tm1 has 0 polygons
2026-09-09 20:57:37 +0200: Memory Usage (470552K) : norcx_m4tm2 has 0 polygons
2026-09-09 20:57:37 +0200: Memory Usage (470552K) : norcx_m5tm1 has 0 polygons
2026-09-09 20:57:37 +0200: Memory Usage (470712K) : norcx_m5tm2 has 0 polygons
2026-09-09 20:57:37 +0200: Memory Usage (470712K) : norcx_tm1tm2 has 0 polygons
2026-09-09 20:57:37 +0200: Memory Usage (470712K) : norcx_m1sub has 0 polygons
2026-09-09 20:57:37 +0200: Memory Usage (470872K) : norcx_m2sub has 0 polygons
2026-09-09 20:57:37 +0200: Memory Usage (470872K) : norcx_m3sub has 0 polygons
2026-09-09 20:57:37 +0200: Memory Usage (470872K) : norcx_m4sub has 0 polygons
2026-09-09 20:57:37 +0200: Memory Usage (471032K) : norcx_m5sub has 0 polygons
2026-09-09 20:57:37 +0200: Memory Usage (471032K) : norcx_tm1sub has 0 polygons
2026-09-09 20:57:37 +0200: Memory Usage (471032K) : norcx_tm2sub has 0 polygons
2026-09-09 20:57:37 +0200: Memory Usage (471192K) : snsbotvia_drw has 0 polygons
2026-09-09 20:57:37 +0200: Memory Usage (471192K) : snstopvia_drw has 0 polygons
2026-09-09 20:57:37 +0200: Memory Usage (471192K) : deepvia_drw has 0 polygons
2026-09-09 20:57:37 +0200: Memory Usage (471352K) : fgetch_drw has 0 polygons
2026-09-09 20:57:37 +0200: Memory Usage (471352K) : ctrgat_drw has 0 polygons
2026-09-09 20:57:37 +0200: Memory Usage (471352K) : fgimp_drw has 0 polygons
2026-09-09 20:57:37 +0200: Memory Usage (471512K) : emwihv_drw has 0 polygons
2026-09-09 20:57:37 +0200: Memory Usage (471512K) : lbe_drw has 0 polygons
2026-09-09 20:57:37 +0200: Memory Usage (471512K) : alcustop_drw has 0 polygons
2026-09-09 20:57:37 +0200: Memory Usage (471672K) : nometfiller_drw has 0 polygons
2026-09-09 20:57:37 +0200: Memory Usage (471672K) : prboundary_drw has 0 polygons
2026-09-09 20:57:37 +0200: Memory Usage (471672K) : exchange0_drw has 0 polygons
2026-09-09 20:57:37 +0200: Memory Usage (471832K) : exchange0_pin has 0 polygons
2026-09-09 20:57:37 +0200: Memory Usage (471832K) : exchange0_text has 0 polygons
2026-09-09 20:57:37 +0200: Memory Usage (471832K) : exchange1_drw has 0 polygons
2026-09-09 20:57:37 +0200: Memory Usage (471992K) : exchange1_pin has 0 polygons
2026-09-09 20:57:37 +0200: Memory Usage (471992K) : exchange1_text has 0 polygons
2026-09-09 20:57:37 +0200: Memory Usage (471992K) : exchange2_drw has 0 polygons
2026-09-09 20:57:37 +0200: Memory Usage (472152K) : exchange2_pin has 0 polygons
2026-09-09 20:57:37 +0200: Memory Usage (472152K) : exchange2_text has 0 polygons
2026-09-09 20:57:37 +0200: Memory Usage (472152K) : exchange3_drw has 0 polygons
2026-09-09 20:57:37 +0200: Memory Usage (472312K) : exchange3_pin has 0 polygons
2026-09-09 20:57:37 +0200: Memory Usage (472312K) : exchange3_text has 0 polygons
2026-09-09 20:57:37 +0200: Memory Usage (472312K) : exchange4_drw has 0 polygons
2026-09-09 20:57:37 +0200: Memory Usage (472312K) : exchange4_pin has 0 polygons
2026-09-09 20:57:37 +0200: Memory Usage (472472K) : exchange4_text has 0 polygons
2026-09-09 20:57:37 +0200: Memory Usage (472472K) : isonwell_drw has 0 polygons
2026-09-09 20:57:37 +0200: Memory Usage (472472K) : Total no. of polygons in the design is 93
2026-09-09 20:57:37 +0200: Memory Usage (472472K) : Loaded TECH DRC rules values from /foss/pdks/ihp-sg13g2/libs.tech/klayout/python/sg13g2_pycell_lib/sg13g2_tech_mod.json
2026-09-09 20:57:37 +0200: Memory Usage (472472K) : Loaded default DRC rules values from /foss/pdks/ihp-sg13g2/libs.tech/klayout/tech/drc/rule_decks/sg13g2_tech_default.json
2026-09-09 20:57:37 +0200: Memory Usage (472472K) : The following rules values were missing in tech json and default values were used:
2026-09-09 20:57:37 +0200: Memory Usage (472472K) :   - NW_f1_digibnd
2026-09-09 20:57:37 +0200: Memory Usage (472472K) :   - Cnt_c_digibnd
2026-09-09 20:57:37 +0200: Memory Usage (472472K) :   - Cnt_c_sram
2026-09-09 20:57:37 +0200: Memory Usage (472472K) :   - Sdiod_b
2026-09-09 20:57:37 +0200: Memory Usage (472472K) :   - Sdiod_c
2026-09-09 20:57:37 +0200: Memory Usage (473636K) : Total area of the design is 21.2915 um^2.
2026-09-09 20:57:37 +0200: Memory Usage (473636K) : The design dimensions are 4.8500000000000005 µm * 4.39 µm.
2026-09-09 20:57:37 +0200: Memory Usage (473636K) : Starting general IHP-SG13G2 derivations.
2026-09-09 20:57:37 +0200: Memory Usage (473636K) : Starting Pwell derivations
2026-09-09 20:57:37 +0200: Memory Usage (475288K) : Starting IHP-SG13G2 DRC rules.
2026-09-09 20:57:37 +0200: Memory Usage (475288K) : Starting 5.16. Metal1 table
2026-09-09 20:57:37 +0200: Memory Usage (475288K) : Executing rule M1.a
2026-09-09 20:57:37 +0200: Memory Usage (475480K) : Executing rule M1.b
2026-09-09 20:57:37 +0200: Memory Usage (475864K) : Executing rule M1.e
2026-09-09 20:57:37 +0200: Memory Usage (476024K) : Executing rule M1.f
2026-09-09 20:57:37 +0200: Memory Usage (476024K) : Executing rule M1.g
2026-09-09 20:57:37 +0200: Memory Usage (476228K) : Executing rule M1.i
2026-09-09 20:57:37 +0200: Memory Usage (476388K) : KLayout DRC run for tables 'metal1' completed in 0.26 seconds
