# Logfile created on 2026-09-09 20:57:41 +0200 by logger.rb/v1.5.3
2026-09-09 20:57:41 +0200: Memory Usage (456968K) : Starting running IHP-SG13G2 KLayout DRC runset on /foss/designs/aion_chip/flow/regress/AION_nand2_o21ai_0/baseline/reference_AION_nand2_o21ai_0.gds
2026-09-09 20:57:41 +0200: Memory Usage (456968K) : Ruby Version for klayout: 3.2.3
2026-09-09 20:57:41 +0200: Memory Usage (457896K) : Loading database to memory is complete.
2026-09-09 20:57:41 +0200: Memory Usage (457896K) : IHP-SG13G2 KLayout DRC runset output at: /foss/designs/aion_chip/flow/regress/AION_nand2_o21ai_0/baseline/drc/reference_AION_nand2_o21ai_0.klayout.drc/reference_AION_nand2_o21ai_0_reference_AION_nand2_o21ai_0_lbe.lyrdb
2026-09-09 20:57:41 +0200: Memory Usage (457896K) : Evaluate switches.
2026-09-09 20:57:41 +0200: Memory Usage (457896K) : tables selected: lbe
2026-09-09 20:57:41 +0200: Memory Usage (457896K) : KLayout will use 15 thread(s) in tiling mode.
2026-09-09 20:57:41 +0200: Memory Usage (457896K) : deep mode is enabled.
2026-09-09 20:57:41 +0200: Memory Usage (457896K) : FEOL enabled: false
2026-09-09 20:57:41 +0200: Memory Usage (457896K) : BEOL enabled: false
2026-09-09 20:57:41 +0200: Memory Usage (457896K) : OFFGRID enabled: true
2026-09-09 20:57:41 +0200: Memory Usage (457896K) : ANGLE enabled: true
2026-09-09 20:57:41 +0200: Memory Usage (457896K) : PIN enabled: false
2026-09-09 20:57:41 +0200: Memory Usage (457896K) : FORBIDDEN enabled: false
2026-09-09 20:57:41 +0200: Memory Usage (457896K) : RECOMMENDED enabled: true
2026-09-09 20:57:41 +0200: Memory Usage (457896K) : PreCheck DRC enabled: false
2026-09-09 20:57:41 +0200: Memory Usage (457896K) : CONNECTIVITY_RULES enabled: false.
2026-09-09 20:57:41 +0200: Memory Usage (457896K) : Read in polygons from layers.
2026-09-09 20:57:41 +0200: Memory Usage (459032K) : activ_drw has 6 polygons
2026-09-09 20:57:41 +0200: Memory Usage (459032K) : activ_pin has 0 polygons
2026-09-09 20:57:41 +0200: Memory Usage (459032K) : activ_mask has 0 polygons
2026-09-09 20:57:41 +0200: Memory Usage (459032K) : activ_filler has 0 polygons
2026-09-09 20:57:41 +0200: Memory Usage (459032K) : activ_nofill has 0 polygons
2026-09-09 20:57:41 +0200: Memory Usage (459032K) : activ_opc has 0 polygons
2026-09-09 20:57:41 +0200: Memory Usage (459032K) : activ_iopc has 0 polygons
2026-09-09 20:57:41 +0200: Memory Usage (459032K) : activ_noqrc has 0 polygons
2026-09-09 20:57:41 +0200: Memory Usage (459032K) : biwind_drw has 0 polygons
2026-09-09 20:57:41 +0200: Memory Usage (459032K) : biwind_opc has 0 polygons
2026-09-09 20:57:41 +0200: Memory Usage (459032K) : pemwind_drw has 0 polygons
2026-09-09 20:57:41 +0200: Memory Usage (459224K) : gatpoly_drw has 5 polygons
2026-09-09 20:57:41 +0200: Memory Usage (459224K) : gatpoly_pin has 0 polygons
2026-09-09 20:57:41 +0200: Memory Usage (459224K) : gatpoly_filler has 0 polygons
2026-09-09 20:57:41 +0200: Memory Usage (459224K) : gatpoly_nofill has 0 polygons
2026-09-09 20:57:41 +0200: Memory Usage (459224K) : gatpoly_opc has 0 polygons
2026-09-09 20:57:41 +0200: Memory Usage (459224K) : gatpoly_iopc has 0 polygons
2026-09-09 20:57:41 +0200: Memory Usage (459224K) : gatpoly_noqrc has 0 polygons
2026-09-09 20:57:41 +0200: Memory Usage (459224K) : cont_drw has 51 polygons
2026-09-09 20:57:41 +0200: Memory Usage (459384K) : cont_opc has 0 polygons
2026-09-09 20:57:41 +0200: Memory Usage (459384K) : nsd_drw has 0 polygons
2026-09-09 20:57:41 +0200: Memory Usage (459384K) : nsd_block has 0 polygons
2026-09-09 20:57:41 +0200: Memory Usage (459576K) : metal1_drw has 11 polygons
2026-09-09 20:57:41 +0200: Memory Usage (459576K) : metal1_pin has 7 polygons
2026-09-09 20:57:41 +0200: Memory Usage (459576K) : metal1_mask has 0 polygons
2026-09-09 20:57:41 +0200: Memory Usage (459736K) : metal1_filler has 0 polygons
2026-09-09 20:57:41 +0200: Memory Usage (459736K) : metal1_nofill has 0 polygons
2026-09-09 20:57:41 +0200: Memory Usage (459736K) : metal1_slit has 0 polygons
2026-09-09 20:57:41 +0200: Memory Usage (460088K) : metal1_text has 7 polygons
2026-09-09 20:57:41 +0200: Memory Usage (460088K) : metal1_opc has 0 polygons
2026-09-09 20:57:41 +0200: Memory Usage (460088K) : metal1_noqrc has 0 polygons
2026-09-09 20:57:41 +0200: Memory Usage (460248K) : metal1_res has 0 polygons
2026-09-09 20:57:41 +0200: Memory Usage (460248K) : metal1_iprobe has 0 polygons
2026-09-09 20:57:41 +0200: Memory Usage (460248K) : metal1_diffprb has 0 polygons
2026-09-09 20:57:41 +0200: Memory Usage (460408K) : passiv_drw has 0 polygons
2026-09-09 20:57:41 +0200: Memory Usage (460408K) : passiv_pin has 0 polygons
2026-09-09 20:57:41 +0200: Memory Usage (460408K) : passiv_sbump has 0 polygons
2026-09-09 20:57:41 +0200: Memory Usage (460568K) : passiv_pillar has 0 polygons
2026-09-09 20:57:41 +0200: Memory Usage (460568K) : passiv_pdl has 0 polygons
2026-09-09 20:57:41 +0200: Memory Usage (460568K) : metal2_drw has 1 polygons
2026-09-09 20:57:41 +0200: Memory Usage (460728K) : metal2_pin has 0 polygons
2026-09-09 20:57:41 +0200: Memory Usage (460728K) : metal2_mask has 0 polygons
2026-09-09 20:57:41 +0200: Memory Usage (460728K) : metal2_filler has 0 polygons
2026-09-09 20:57:41 +0200: Memory Usage (460728K) : metal2_nofill has 0 polygons
2026-09-09 20:57:41 +0200: Memory Usage (460728K) : metal2_slit has 0 polygons
2026-09-09 20:57:41 +0200: Memory Usage (460728K) : metal2_text has 0 polygons
2026-09-09 20:57:41 +0200: Memory Usage (460728K) : metal2_opc has 0 polygons
2026-09-09 20:57:41 +0200: Memory Usage (460888K) : metal2_noqrc has 0 polygons
2026-09-09 20:57:41 +0200: Memory Usage (460888K) : metal2_res has 0 polygons
2026-09-09 20:57:41 +0200: Memory Usage (460888K) : metal2_iprobe has 0 polygons
2026-09-09 20:57:41 +0200: Memory Usage (460888K) : metal2_diffprb has 0 polygons
2026-09-09 20:57:41 +0200: Memory Usage (460888K) : baspoly_drw has 0 polygons
2026-09-09 20:57:41 +0200: Memory Usage (460888K) : baspoly_pin has 0 polygons
2026-09-09 20:57:41 +0200: Memory Usage (460888K) : psd_drw has 2 polygons
2026-09-09 20:57:41 +0200: Memory Usage (461048K) : nldb_drw has 0 polygons
2026-09-09 20:57:41 +0200: Memory Usage (461048K) : digibnd_drw has 0 polygons
2026-09-09 20:57:41 +0200: Memory Usage (461208K) : via1_drw has 2 polygons
2026-09-09 20:57:41 +0200: Memory Usage (461208K) : backmetal1_drw has 0 polygons
2026-09-09 20:57:41 +0200: Memory Usage (461208K) : backmetal1_pin has 0 polygons
2026-09-09 20:57:41 +0200: Memory Usage (461368K) : backmetal1_mask has 0 polygons
2026-09-09 20:57:41 +0200: Memory Usage (461368K) : backmetal1_filler has 0 polygons
2026-09-09 20:57:41 +0200: Memory Usage (461368K) : backmetal1_nofill has 0 polygons
2026-09-09 20:57:41 +0200: Memory Usage (461528K) : backmetal1_slit has 0 polygons
2026-09-09 20:57:41 +0200: Memory Usage (461528K) : backmetal1_text has 0 polygons
2026-09-09 20:57:41 +0200: Memory Usage (461528K) : backmetal1_opc has 0 polygons
2026-09-09 20:57:41 +0200: Memory Usage (461688K) : backmetal1_noqrc has 0 polygons
2026-09-09 20:57:41 +0200: Memory Usage (461688K) : backmetal1_res has 0 polygons
2026-09-09 20:57:41 +0200: Memory Usage (461848K) : backmetal1_iprobe has 0 polygons
2026-09-09 20:57:41 +0200: Memory Usage (461848K) : backmetal1_diffprb has 0 polygons
2026-09-09 20:57:41 +0200: Memory Usage (462008K) : backpassiv_drw has 0 polygons
2026-09-09 20:57:41 +0200: Memory Usage (462008K) : res_drw has 0 polygons
2026-09-09 20:57:41 +0200: Memory Usage (462008K) : sram_drw has 0 polygons
2026-09-09 20:57:41 +0200: Memory Usage (462168K) : trans_drw has 0 polygons
2026-09-09 20:57:41 +0200: Memory Usage (462168K) : ind_drw has 0 polygons
2026-09-09 20:57:41 +0200: Memory Usage (462328K) : ind_pin has 0 polygons
2026-09-09 20:57:41 +0200: Memory Usage (462328K) : ind_text has 0 polygons
2026-09-09 20:57:41 +0200: Memory Usage (462328K) : salblock_drw has 0 polygons
2026-09-09 20:57:41 +0200: Memory Usage (462488K) : via2_drw has 0 polygons
2026-09-09 20:57:41 +0200: Memory Usage (462488K) : metal3_drw has 0 polygons
2026-09-09 20:57:41 +0200: Memory Usage (462488K) : metal3_pin has 0 polygons
2026-09-09 20:57:41 +0200: Memory Usage (462648K) : metal3_mask has 0 polygons
2026-09-09 20:57:41 +0200: Memory Usage (462648K) : metal3_filler has 0 polygons
2026-09-09 20:57:41 +0200: Memory Usage (462648K) : metal3_nofill has 0 polygons
2026-09-09 20:57:41 +0200: Memory Usage (462808K) : metal3_slit has 0 polygons
2026-09-09 20:57:41 +0200: Memory Usage (462808K) : metal3_text has 0 polygons
2026-09-09 20:57:41 +0200: Memory Usage (462968K) : metal3_opc has 0 polygons
2026-09-09 20:57:41 +0200: Memory Usage (462968K) : metal3_noqrc has 0 polygons
2026-09-09 20:57:41 +0200: Memory Usage (462968K) : metal3_res has 0 polygons
2026-09-09 20:57:41 +0200: Memory Usage (463128K) : metal3_iprobe has 0 polygons
2026-09-09 20:57:41 +0200: Memory Usage (463128K) : metal3_diffprb has 0 polygons
2026-09-09 20:57:41 +0200: Memory Usage (463128K) : nwell_drw has 1 polygons
2026-09-09 20:57:41 +0200: Memory Usage (463288K) : nwell_pin has 0 polygons
2026-09-09 20:57:41 +0200: Memory Usage (463288K) : nbulay_drw has 0 polygons
2026-09-09 20:57:41 +0200: Memory Usage (463288K) : nbulay_pin has 0 polygons
2026-09-09 20:57:41 +0200: Memory Usage (463288K) : nbulay_block has 0 polygons
2026-09-09 20:57:41 +0200: Memory Usage (463288K) : emwind_drw has 0 polygons
2026-09-09 20:57:41 +0200: Memory Usage (463448K) : emwind_opc has 0 polygons
2026-09-09 20:57:41 +0200: Memory Usage (463448K) : deepco_drw has 0 polygons
2026-09-09 20:57:41 +0200: Memory Usage (463448K) : deepco_drw has 0 polygons
2026-09-09 20:57:41 +0200: Memory Usage (463448K) : mim_drw has 0 polygons
2026-09-09 20:57:41 +0200: Memory Usage (463608K) : edgeseal_drw has 0 polygons
2026-09-09 20:57:41 +0200: Memory Usage (463608K) : edgeseal_bound has 0 polygons
2026-09-09 20:57:41 +0200: Memory Usage (463608K) : substrate_drw has 0 polygons
2026-09-09 20:57:41 +0200: Memory Usage (463608K) : substrate_text has 0 polygons
2026-09-09 20:57:41 +0200: Memory Usage (463768K) : dfpad_drw has 0 polygons
2026-09-09 20:57:41 +0200: Memory Usage (463768K) : dfpad_pillar has 0 polygons
2026-09-09 20:57:41 +0200: Memory Usage (463768K) : dfpad_sbump has 0 polygons
2026-09-09 20:57:41 +0200: Memory Usage (463768K) : thickgateox_drw has 0 polygons
2026-09-09 20:57:41 +0200: Memory Usage (463928K) : pldb_drw has 0 polygons
2026-09-09 20:57:41 +0200: Memory Usage (463928K) : pwell_drw has 0 polygons
2026-09-09 20:57:41 +0200: Memory Usage (463928K) : pwell_pin has 0 polygons
2026-09-09 20:57:41 +0200: Memory Usage (464088K) : pwell_block has 0 polygons
2026-09-09 20:57:41 +0200: Memory Usage (464088K) : ic_drw has 0 polygons
2026-09-09 20:57:41 +0200: Memory Usage (464088K) : via3_drw has 0 polygons
2026-09-09 20:57:41 +0200: Memory Usage (464248K) : metal4_drw has 0 polygons
2026-09-09 20:57:41 +0200: Memory Usage (464248K) : metal4_pin has 0 polygons
2026-09-09 20:57:41 +0200: Memory Usage (464248K) : metal4_mask has 0 polygons
2026-09-09 20:57:41 +0200: Memory Usage (464408K) : metal4_filler has 0 polygons
2026-09-09 20:57:41 +0200: Memory Usage (464408K) : metal4_nofill has 0 polygons
2026-09-09 20:57:41 +0200: Memory Usage (464408K) : metal4_slit has 0 polygons
2026-09-09 20:57:41 +0200: Memory Usage (464568K) : metal4_text has 0 polygons
2026-09-09 20:57:41 +0200: Memory Usage (464568K) : metal4_opc has 0 polygons
2026-09-09 20:57:41 +0200: Memory Usage (464568K) : metal4_noqrc has 0 polygons
2026-09-09 20:57:41 +0200: Memory Usage (464728K) : metal4_res has 0 polygons
2026-09-09 20:57:41 +0200: Memory Usage (464728K) : metal4_iprobe has 0 polygons
2026-09-09 20:57:41 +0200: Memory Usage (464728K) : metal4_diffprb has 0 polygons
2026-09-09 20:57:41 +0200: Memory Usage (464888K) : heattrans_drw has 0 polygons
2026-09-09 20:57:41 +0200: Memory Usage (464888K) : heatres_drw has 0 polygons
2026-09-09 20:57:41 +0200: Memory Usage (464888K) : pempoly_drw has 0 polygons
2026-09-09 20:57:41 +0200: Memory Usage (465048K) : fbe_drw has 0 polygons
2026-09-09 20:57:41 +0200: Memory Usage (465048K) : empoly_drw has 0 polygons
2026-09-09 20:57:41 +0200: Memory Usage (465208K) : ldmos_drw has 0 polygons
2026-09-09 20:57:41 +0200: Memory Usage (465208K) : pbiwind_drw has 0 polygons
2026-09-09 20:57:41 +0200: Memory Usage (465208K) : digisub_drw has 0 polygons
2026-09-09 20:57:41 +0200: Memory Usage (465208K) : nodrc_drw has 0 polygons
2026-09-09 20:57:41 +0200: Memory Usage (465368K) : text_drw has 0 polygons
2026-09-09 20:57:41 +0200: Memory Usage (465368K) : via4_drw has 0 polygons
2026-09-09 20:57:41 +0200: Memory Usage (465368K) : metal5_drw has 0 polygons
2026-09-09 20:57:41 +0200: Memory Usage (465368K) : metal5_pin has 0 polygons
2026-09-09 20:57:41 +0200: Memory Usage (465528K) : metal5_mask has 0 polygons
2026-09-09 20:57:41 +0200: Memory Usage (465528K) : metal5_filler has 0 polygons
2026-09-09 20:57:41 +0200: Memory Usage (465528K) : metal5_nofill has 0 polygons
2026-09-09 20:57:41 +0200: Memory Usage (465528K) : metal5_slit has 0 polygons
2026-09-09 20:57:41 +0200: Memory Usage (465688K) : metal5_text has 0 polygons
2026-09-09 20:57:41 +0200: Memory Usage (465688K) : metal5_opc has 0 polygons
2026-09-09 20:57:41 +0200: Memory Usage (465688K) : metal5_noqrc has 0 polygons
2026-09-09 20:57:41 +0200: Memory Usage (465848K) : metal5_res has 0 polygons
2026-09-09 20:57:41 +0200: Memory Usage (465848K) : metal5_iprobe has 0 polygons
2026-09-09 20:57:41 +0200: Memory Usage (465848K) : metal5_diffprb has 0 polygons
2026-09-09 20:57:41 +0200: Memory Usage (466008K) : radhard_drw has 0 polygons
2026-09-09 20:57:41 +0200: Memory Usage (466008K) : memcap_drw has 0 polygons
2026-09-09 20:57:41 +0200: Memory Usage (466168K) : varicap_drw has 0 polygons
2026-09-09 20:57:41 +0200: Memory Usage (466168K) : flash_drw has 0 polygons
2026-09-09 20:57:41 +0200: Memory Usage (466168K) : intbondvia_drw has 0 polygons
2026-09-09 20:57:41 +0200: Memory Usage (466328K) : intbondmet_drw has 0 polygons
2026-09-09 20:57:41 +0200: Memory Usage (466328K) : devbondvia_drw has 0 polygons
2026-09-09 20:57:41 +0200: Memory Usage (466328K) : devbondmet_drw has 0 polygons
2026-09-09 20:57:41 +0200: Memory Usage (466488K) : devtrench_drw has 0 polygons
2026-09-09 20:57:41 +0200: Memory Usage (466488K) : redist_drw has 0 polygons
2026-09-09 20:57:41 +0200: Memory Usage (466488K) : graphbot_drw has 0 polygons
2026-09-09 20:57:41 +0200: Memory Usage (466648K) : graphtop_drw has 0 polygons
2026-09-09 20:57:41 +0200: Memory Usage (466648K) : antvia1_drw has 0 polygons
2026-09-09 20:57:41 +0200: Memory Usage (466648K) : antmetal2_drw has 0 polygons
2026-09-09 20:57:41 +0200: Memory Usage (466808K) : graphcont_drw has 0 polygons
2026-09-09 20:57:41 +0200: Memory Usage (466808K) : siwg_drw has 0 polygons
2026-09-09 20:57:41 +0200: Memory Usage (466808K) : siwg_filler has 0 polygons
2026-09-09 20:57:41 +0200: Memory Usage (466968K) : siwg_nofill has 0 polygons
2026-09-09 20:57:41 +0200: Memory Usage (466968K) : sigrating_drw has 0 polygons
2026-09-09 20:57:41 +0200: Memory Usage (466968K) : singrating_drw has 0 polygons
2026-09-09 20:57:41 +0200: Memory Usage (467128K) : graphpas_drw has 0 polygons
2026-09-09 20:57:41 +0200: Memory Usage (467128K) : emwind3_drw has 0 polygons
2026-09-09 20:57:41 +0200: Memory Usage (467128K) : emwihv3_drw has 0 polygons
2026-09-09 20:57:41 +0200: Memory Usage (467128K) : redbulay_drw has 0 polygons
2026-09-09 20:57:41 +0200: Memory Usage (467128K) : smos_drw has 0 polygons
2026-09-09 20:57:41 +0200: Memory Usage (467288K) : graphpad_drw has 0 polygons
2026-09-09 20:57:41 +0200: Memory Usage (467288K) : polimide_drw has 0 polygons
2026-09-09 20:57:41 +0200: Memory Usage (467288K) : polimide_pin has 0 polygons
2026-09-09 20:57:41 +0200: Memory Usage (467288K) : recog_drw has 0 polygons
2026-09-09 20:57:41 +0200: Memory Usage (467448K) : recog_pin has 0 polygons
2026-09-09 20:57:41 +0200: Memory Usage (467448K) : recog_esd has 0 polygons
2026-09-09 20:57:41 +0200: Memory Usage (467448K) : recog_diode has 0 polygons
2026-09-09 20:57:41 +0200: Memory Usage (467608K) : recog_tsv has 0 polygons
2026-09-09 20:57:41 +0200: Memory Usage (467608K) : recog_iprobe has 0 polygons
2026-09-09 20:57:41 +0200: Memory Usage (467608K) : recog_diffprb has 0 polygons
2026-09-09 20:57:41 +0200: Memory Usage (467768K) : recog_pillar has 0 polygons
2026-09-09 20:57:41 +0200: Memory Usage (467768K) : recog_sbump has 0 polygons
2026-09-09 20:57:41 +0200: Memory Usage (467768K) : recog_otp has 0 polygons
2026-09-09 20:57:41 +0200: Memory Usage (467928K) : recog_pdiode has 0 polygons
2026-09-09 20:57:41 +0200: Memory Usage (467928K) : recog_mom has 0 polygons
2026-09-09 20:57:41 +0200: Memory Usage (467928K) : recog_pcm has 0 polygons
2026-09-09 20:57:41 +0200: Memory Usage (468088K) : colopen_drw has 0 polygons
2026-09-09 20:57:41 +0200: Memory Usage (468088K) : graphmetal1_drw has 0 polygons
2026-09-09 20:57:41 +0200: Memory Usage (468088K) : graphmetal1_filler has 0 polygons
2026-09-09 20:57:41 +0200: Memory Usage (468248K) : graphmetal1_nofill has 0 polygons
2026-09-09 20:57:41 +0200: Memory Usage (468248K) : graphmetal1_slit has 0 polygons
2026-09-09 20:57:41 +0200: Memory Usage (468248K) : graphmetal1_opc has 0 polygons
2026-09-09 20:57:41 +0200: Memory Usage (468408K) : graphmet1l_drw has 0 polygons
2026-09-09 20:57:41 +0200: Memory Usage (468408K) : graphmet1l_filler has 0 polygons
2026-09-09 20:57:41 +0200: Memory Usage (468408K) : graphmet1l_nofill has 0 polygons
2026-09-09 20:57:41 +0200: Memory Usage (468568K) : graphmet1l_slit has 0 polygons
2026-09-09 20:57:41 +0200: Memory Usage (468568K) : graphmet1l_opc has 0 polygons
2026-09-09 20:57:41 +0200: Memory Usage (468568K) : extblock_drw has 0 polygons
2026-09-09 20:57:41 +0200: Memory Usage (468728K) : nldd_drw has 0 polygons
2026-09-09 20:57:41 +0200: Memory Usage (468728K) : pldd_drw has 0 polygons
2026-09-09 20:57:41 +0200: Memory Usage (468728K) : next_drw has 0 polygons
2026-09-09 20:57:41 +0200: Memory Usage (468888K) : pext_drw has 0 polygons
2026-09-09 20:57:41 +0200: Memory Usage (468888K) : nexthv_drw has 0 polygons
2026-09-09 20:57:41 +0200: Memory Usage (468888K) : pexthv_drw has 0 polygons
2026-09-09 20:57:41 +0200: Memory Usage (469048K) : graphgate_drw has 0 polygons
2026-09-09 20:57:41 +0200: Memory Usage (469048K) : sinwg_drw has 0 polygons
2026-09-09 20:57:41 +0200: Memory Usage (469048K) : sinwg_filler has 0 polygons
2026-09-09 20:57:41 +0200: Memory Usage (469208K) : sinwg_nofill has 0 polygons
2026-09-09 20:57:41 +0200: Memory Usage (469208K) : mempad_drw has 0 polygons
2026-09-09 20:57:41 +0200: Memory Usage (469208K) : topvia1_drw has 0 polygons
2026-09-09 20:57:41 +0200: Memory Usage (469208K) : topmetal1_drw has 0 polygons
2026-09-09 20:57:41 +0200: Memory Usage (469208K) : topmetal1_pin has 0 polygons
2026-09-09 20:57:41 +0200: Memory Usage (469208K) : topmetal1_mask has 0 polygons
2026-09-09 20:57:41 +0200: Memory Usage (469208K) : topmetal1_filler has 0 polygons
2026-09-09 20:57:41 +0200: Memory Usage (469208K) : topmetal1_nofill has 0 polygons
2026-09-09 20:57:41 +0200: Memory Usage (469208K) : topmetal1_slit has 0 polygons
2026-09-09 20:57:41 +0200: Memory Usage (469208K) : topmetal1_text has 0 polygons
2026-09-09 20:57:41 +0200: Memory Usage (469368K) : topmetal1_noqrc has 0 polygons
2026-09-09 20:57:41 +0200: Memory Usage (469368K) : topmetal1_res has 0 polygons
2026-09-09 20:57:41 +0200: Memory Usage (469368K) : topmetal1_iprobe has 0 polygons
2026-09-09 20:57:41 +0200: Memory Usage (469528K) : topmetal1_diffprb has 0 polygons
2026-09-09 20:57:41 +0200: Memory Usage (469528K) : inldpwl_drw has 0 polygons
2026-09-09 20:57:41 +0200: Memory Usage (469528K) : polyres_drw has 0 polygons
2026-09-09 20:57:41 +0200: Memory Usage (469688K) : polyres_pin has 0 polygons
2026-09-09 20:57:41 +0200: Memory Usage (469688K) : vmim_drw has 0 polygons
2026-09-09 20:57:41 +0200: Memory Usage (469688K) : nbulaycut_drw has 0 polygons
2026-09-09 20:57:41 +0200: Memory Usage (469848K) : antmetal1_drw has 0 polygons
2026-09-09 20:57:41 +0200: Memory Usage (469848K) : topvia2_drw has 0 polygons
2026-09-09 20:57:41 +0200: Memory Usage (469848K) : topmetal2_drw has 0 polygons
2026-09-09 20:57:41 +0200: Memory Usage (470008K) : topmetal2_pin has 0 polygons
2026-09-09 20:57:41 +0200: Memory Usage (470008K) : topmetal2_mask has 0 polygons
2026-09-09 20:57:41 +0200: Memory Usage (470008K) : topmetal2_filler has 0 polygons
2026-09-09 20:57:41 +0200: Memory Usage (470168K) : topmetal2_nofill has 0 polygons
2026-09-09 20:57:41 +0200: Memory Usage (470168K) : topmetal2_slit has 0 polygons
2026-09-09 20:57:41 +0200: Memory Usage (470168K) : topmetal2_text has 0 polygons
2026-09-09 20:57:41 +0200: Memory Usage (470328K) : topmetal2_noqrc has 0 polygons
2026-09-09 20:57:41 +0200: Memory Usage (470328K) : topmetal2_res has 0 polygons
2026-09-09 20:57:41 +0200: Memory Usage (470328K) : topmetal2_iprobe has 0 polygons
2026-09-09 20:57:41 +0200: Memory Usage (470488K) : topmetal2_diffprb has 0 polygons
2026-09-09 20:57:41 +0200: Memory Usage (470488K) : snsring_drw has 0 polygons
2026-09-09 20:57:41 +0200: Memory Usage (470488K) : sensor_drw has 0 polygons
2026-09-09 20:57:41 +0200: Memory Usage (470648K) : snsarms_drw has 0 polygons
2026-09-09 20:57:41 +0200: Memory Usage (470648K) : snscmosvia_drw has 0 polygons
2026-09-09 20:57:41 +0200: Memory Usage (470648K) : colwind_drw has 0 polygons
2026-09-09 20:57:41 +0200: Memory Usage (470808K) : flm_drw has 0 polygons
2026-09-09 20:57:41 +0200: Memory Usage (470808K) : hafniumox_drw has 0 polygons
2026-09-09 20:57:41 +0200: Memory Usage (470808K) : memvia_drw has 0 polygons
2026-09-09 20:57:41 +0200: Memory Usage (470968K) : thinfilmres_drw has 0 polygons
2026-09-09 20:57:41 +0200: Memory Usage (470968K) : rfmem_drw has 0 polygons
2026-09-09 20:57:41 +0200: Memory Usage (470968K) : norcx_drw has 0 polygons
2026-09-09 20:57:41 +0200: Memory Usage (471128K) : norcx_m2m3 has 0 polygons
2026-09-09 20:57:41 +0200: Memory Usage (471128K) : norcx_m2m4 has 0 polygons
2026-09-09 20:57:41 +0200: Memory Usage (471128K) : norcx_m2m5 has 0 polygons
2026-09-09 20:57:41 +0200: Memory Usage (471288K) : norcx_m2tm1 has 0 polygons
2026-09-09 20:57:41 +0200: Memory Usage (471288K) : norcx_m2tm2 has 0 polygons
2026-09-09 20:57:41 +0200: Memory Usage (471288K) : norcx_m3m4 has 0 polygons
2026-09-09 20:57:41 +0200: Memory Usage (471448K) : norcx_m3m5 has 0 polygons
2026-09-09 20:57:41 +0200: Memory Usage (471448K) : norcx_m3tm1 has 0 polygons
2026-09-09 20:57:41 +0200: Memory Usage (471448K) : norcx_m3tm2 has 0 polygons
2026-09-09 20:57:41 +0200: Memory Usage (471608K) : norcx_m4m5 has 0 polygons
2026-09-09 20:57:41 +0200: Memory Usage (471608K) : norcx_m4tm1 has 0 polygons
2026-09-09 20:57:41 +0200: Memory Usage (471608K) : norcx_m4tm2 has 0 polygons
2026-09-09 20:57:41 +0200: Memory Usage (471768K) : norcx_m5tm1 has 0 polygons
2026-09-09 20:57:41 +0200: Memory Usage (471768K) : norcx_m5tm2 has 0 polygons
2026-09-09 20:57:41 +0200: Memory Usage (471768K) : norcx_tm1tm2 has 0 polygons
2026-09-09 20:57:41 +0200: Memory Usage (471928K) : norcx_m1sub has 0 polygons
2026-09-09 20:57:41 +0200: Memory Usage (471928K) : norcx_m2sub has 0 polygons
2026-09-09 20:57:41 +0200: Memory Usage (472088K) : norcx_m3sub has 0 polygons
2026-09-09 20:57:41 +0200: Memory Usage (472088K) : norcx_m4sub has 0 polygons
2026-09-09 20:57:41 +0200: Memory Usage (472088K) : norcx_m5sub has 0 polygons
2026-09-09 20:57:41 +0200: Memory Usage (472248K) : norcx_tm1sub has 0 polygons
2026-09-09 20:57:41 +0200: Memory Usage (472248K) : norcx_tm2sub has 0 polygons
2026-09-09 20:57:41 +0200: Memory Usage (472248K) : snsbotvia_drw has 0 polygons
2026-09-09 20:57:41 +0200: Memory Usage (472408K) : snstopvia_drw has 0 polygons
2026-09-09 20:57:41 +0200: Memory Usage (472408K) : deepvia_drw has 0 polygons
2026-09-09 20:57:41 +0200: Memory Usage (472408K) : fgetch_drw has 0 polygons
2026-09-09 20:57:41 +0200: Memory Usage (472568K) : ctrgat_drw has 0 polygons
2026-09-09 20:57:41 +0200: Memory Usage (472568K) : fgimp_drw has 0 polygons
2026-09-09 20:57:41 +0200: Memory Usage (472568K) : emwihv_drw has 0 polygons
2026-09-09 20:57:41 +0200: Memory Usage (472728K) : lbe_drw has 0 polygons
2026-09-09 20:57:41 +0200: Memory Usage (472728K) : alcustop_drw has 0 polygons
2026-09-09 20:57:41 +0200: Memory Usage (472728K) : nometfiller_drw has 0 polygons
2026-09-09 20:57:41 +0200: Memory Usage (472888K) : prboundary_drw has 0 polygons
2026-09-09 20:57:41 +0200: Memory Usage (472888K) : exchange0_drw has 0 polygons
2026-09-09 20:57:41 +0200: Memory Usage (472888K) : exchange0_pin has 0 polygons
2026-09-09 20:57:41 +0200: Memory Usage (473048K) : exchange0_text has 0 polygons
2026-09-09 20:57:41 +0200: Memory Usage (473048K) : exchange1_drw has 0 polygons
2026-09-09 20:57:41 +0200: Memory Usage (473048K) : exchange1_pin has 0 polygons
2026-09-09 20:57:41 +0200: Memory Usage (473208K) : exchange1_text has 0 polygons
2026-09-09 20:57:41 +0200: Memory Usage (473208K) : exchange2_drw has 0 polygons
2026-09-09 20:57:41 +0200: Memory Usage (473208K) : exchange2_pin has 0 polygons
2026-09-09 20:57:41 +0200: Memory Usage (473208K) : exchange2_text has 0 polygons
2026-09-09 20:57:41 +0200: Memory Usage (473368K) : exchange3_drw has 0 polygons
2026-09-09 20:57:41 +0200: Memory Usage (473368K) : exchange3_pin has 0 polygons
2026-09-09 20:57:41 +0200: Memory Usage (473368K) : exchange3_text has 0 polygons
2026-09-09 20:57:41 +0200: Memory Usage (473528K) : exchange4_drw has 0 polygons
2026-09-09 20:57:41 +0200: Memory Usage (473528K) : exchange4_pin has 0 polygons
2026-09-09 20:57:41 +0200: Memory Usage (473528K) : exchange4_text has 0 polygons
2026-09-09 20:57:41 +0200: Memory Usage (473688K) : isonwell_drw has 0 polygons
2026-09-09 20:57:41 +0200: Memory Usage (473688K) : Total no. of polygons in the design is 93
2026-09-09 20:57:41 +0200: Memory Usage (473688K) : Loaded TECH DRC rules values from /foss/pdks/ihp-sg13g2/libs.tech/klayout/python/sg13g2_pycell_lib/sg13g2_tech_mod.json
2026-09-09 20:57:41 +0200: Memory Usage (473688K) : Loaded default DRC rules values from /foss/pdks/ihp-sg13g2/libs.tech/klayout/tech/drc/rule_decks/sg13g2_tech_default.json
2026-09-09 20:57:41 +0200: Memory Usage (473688K) : The following rules values were missing in tech json and default values were used:
2026-09-09 20:57:41 +0200: Memory Usage (473688K) :   - NW_f1_digibnd
2026-09-09 20:57:41 +0200: Memory Usage (473688K) :   - Cnt_c_digibnd
2026-09-09 20:57:41 +0200: Memory Usage (473688K) :   - Cnt_c_sram
2026-09-09 20:57:41 +0200: Memory Usage (473688K) :   - Sdiod_b
2026-09-09 20:57:41 +0200: Memory Usage (473688K) :   - Sdiod_c
2026-09-09 20:57:41 +0200: Memory Usage (474824K) : Total area of the design is 21.2915 um^2.
2026-09-09 20:57:41 +0200: Memory Usage (474824K) : The design dimensions are 4.8500000000000005 µm * 4.39 µm.
2026-09-09 20:57:41 +0200: Memory Usage (474824K) : Starting general IHP-SG13G2 derivations.
2026-09-09 20:57:41 +0200: Memory Usage (474824K) : Starting Pwell derivations
2026-09-09 20:57:41 +0200: Memory Usage (476520K) : Starting IHP-SG13G2 DRC rules.
2026-09-09 20:57:41 +0200: Memory Usage (476520K) : Starting 9.1. LBE table
2026-09-09 20:57:41 +0200: Memory Usage (476520K) : Executing rule LBE.a
2026-09-09 20:57:41 +0200: Memory Usage (476712K) : Executing rule LBE.b
2026-09-09 20:57:41 +0200: Memory Usage (476712K) : Executing rule LBE.b1
2026-09-09 20:57:41 +0200: Memory Usage (476712K) : Executing rule LBE.c
2026-09-09 20:57:41 +0200: Memory Usage (476712K) : Executing rule LBE.d
2026-09-09 20:57:41 +0200: Memory Usage (476712K) : Executing rule LBE.h
2026-09-09 20:57:41 +0200: Memory Usage (476712K) : KLayout DRC run for tables 'lbe' completed in 0.13 seconds
