# Logfile created on 2026-09-09 20:57:37 +0200 by logger.rb/v1.5.3
2026-09-09 20:57:37 +0200: Memory Usage (456916K) : Starting running IHP-SG13G2 KLayout DRC runset on /foss/designs/aion_chip/flow/regress/AION_nand2_o21ai_0/baseline/reference_AION_nand2_o21ai_0.gds
2026-09-09 20:57:37 +0200: Memory Usage (456916K) : Ruby Version for klayout: 3.2.3
2026-09-09 20:57:37 +0200: Memory Usage (458068K) : Loading database to memory is complete.
2026-09-09 20:57:37 +0200: Memory Usage (458068K) : IHP-SG13G2 KLayout DRC runset output at: /foss/designs/aion_chip/flow/regress/AION_nand2_o21ai_0/baseline/drc/reference_AION_nand2_o21ai_0.klayout.drc/reference_AION_nand2_o21ai_0_reference_AION_nand2_o21ai_0_activ.lyrdb
2026-09-09 20:57:37 +0200: Memory Usage (458260K) : Evaluate switches.
2026-09-09 20:57:37 +0200: Memory Usage (458260K) : tables selected: activ
2026-09-09 20:57:37 +0200: Memory Usage (458260K) : KLayout will use 15 thread(s) in tiling mode.
2026-09-09 20:57:37 +0200: Memory Usage (458260K) : deep mode is enabled.
2026-09-09 20:57:37 +0200: Memory Usage (458260K) : FEOL enabled: false
2026-09-09 20:57:37 +0200: Memory Usage (458260K) : BEOL enabled: false
2026-09-09 20:57:37 +0200: Memory Usage (458260K) : OFFGRID enabled: true
2026-09-09 20:57:37 +0200: Memory Usage (458260K) : ANGLE enabled: true
2026-09-09 20:57:37 +0200: Memory Usage (458260K) : PIN enabled: false
2026-09-09 20:57:37 +0200: Memory Usage (458260K) : FORBIDDEN enabled: false
2026-09-09 20:57:37 +0200: Memory Usage (458260K) : RECOMMENDED enabled: true
2026-09-09 20:57:37 +0200: Memory Usage (458260K) : PreCheck DRC enabled: false
2026-09-09 20:57:37 +0200: Memory Usage (458260K) : CONNECTIVITY_RULES enabled: false.
2026-09-09 20:57:37 +0200: Memory Usage (458260K) : Read in polygons from layers.
2026-09-09 20:57:37 +0200: Memory Usage (459028K) : activ_drw has 6 polygons
2026-09-09 20:57:37 +0200: Memory Usage (459028K) : activ_pin has 0 polygons
2026-09-09 20:57:37 +0200: Memory Usage (459028K) : activ_mask has 0 polygons
2026-09-09 20:57:37 +0200: Memory Usage (459028K) : activ_filler has 0 polygons
2026-09-09 20:57:37 +0200: Memory Usage (459028K) : activ_nofill has 0 polygons
2026-09-09 20:57:37 +0200: Memory Usage (459028K) : activ_opc has 0 polygons
2026-09-09 20:57:37 +0200: Memory Usage (459028K) : activ_iopc has 0 polygons
2026-09-09 20:57:37 +0200: Memory Usage (459028K) : activ_noqrc has 0 polygons
2026-09-09 20:57:37 +0200: Memory Usage (459028K) : biwind_drw has 0 polygons
2026-09-09 20:57:37 +0200: Memory Usage (459028K) : biwind_opc has 0 polygons
2026-09-09 20:57:37 +0200: Memory Usage (459028K) : pemwind_drw has 0 polygons
2026-09-09 20:57:37 +0200: Memory Usage (459028K) : gatpoly_drw has 5 polygons
2026-09-09 20:57:37 +0200: Memory Usage (459028K) : gatpoly_pin has 0 polygons
2026-09-09 20:57:37 +0200: Memory Usage (459028K) : gatpoly_filler has 0 polygons
2026-09-09 20:57:37 +0200: Memory Usage (459028K) : gatpoly_nofill has 0 polygons
2026-09-09 20:57:37 +0200: Memory Usage (459028K) : gatpoly_opc has 0 polygons
2026-09-09 20:57:37 +0200: Memory Usage (459028K) : gatpoly_iopc has 0 polygons
2026-09-09 20:57:37 +0200: Memory Usage (459028K) : gatpoly_noqrc has 0 polygons
2026-09-09 20:57:37 +0200: Memory Usage (459028K) : cont_drw has 51 polygons
2026-09-09 20:57:37 +0200: Memory Usage (459188K) : cont_opc has 0 polygons
2026-09-09 20:57:37 +0200: Memory Usage (459188K) : nsd_drw has 0 polygons
2026-09-09 20:57:37 +0200: Memory Usage (459188K) : nsd_block has 0 polygons
2026-09-09 20:57:37 +0200: Memory Usage (459572K) : metal1_drw has 11 polygons
2026-09-09 20:57:37 +0200: Memory Usage (459572K) : metal1_pin has 7 polygons
2026-09-09 20:57:37 +0200: Memory Usage (459572K) : metal1_mask has 0 polygons
2026-09-09 20:57:37 +0200: Memory Usage (459732K) : metal1_filler has 0 polygons
2026-09-09 20:57:37 +0200: Memory Usage (459732K) : metal1_nofill has 0 polygons
2026-09-09 20:57:37 +0200: Memory Usage (459732K) : metal1_slit has 0 polygons
2026-09-09 20:57:37 +0200: Memory Usage (460084K) : metal1_text has 7 polygons
2026-09-09 20:57:37 +0200: Memory Usage (460084K) : metal1_opc has 0 polygons
2026-09-09 20:57:37 +0200: Memory Usage (460084K) : metal1_noqrc has 0 polygons
2026-09-09 20:57:37 +0200: Memory Usage (460244K) : metal1_res has 0 polygons
2026-09-09 20:57:37 +0200: Memory Usage (460244K) : metal1_iprobe has 0 polygons
2026-09-09 20:57:37 +0200: Memory Usage (460244K) : metal1_diffprb has 0 polygons
2026-09-09 20:57:37 +0200: Memory Usage (460404K) : passiv_drw has 0 polygons
2026-09-09 20:57:37 +0200: Memory Usage (460404K) : passiv_pin has 0 polygons
2026-09-09 20:57:37 +0200: Memory Usage (460404K) : passiv_sbump has 0 polygons
2026-09-09 20:57:37 +0200: Memory Usage (460564K) : passiv_pillar has 0 polygons
2026-09-09 20:57:37 +0200: Memory Usage (460564K) : passiv_pdl has 0 polygons
2026-09-09 20:57:37 +0200: Memory Usage (460564K) : metal2_drw has 1 polygons
2026-09-09 20:57:37 +0200: Memory Usage (460564K) : metal2_pin has 0 polygons
2026-09-09 20:57:37 +0200: Memory Usage (460564K) : metal2_mask has 0 polygons
2026-09-09 20:57:37 +0200: Memory Usage (460564K) : metal2_filler has 0 polygons
2026-09-09 20:57:37 +0200: Memory Usage (460564K) : metal2_nofill has 0 polygons
2026-09-09 20:57:37 +0200: Memory Usage (460564K) : metal2_slit has 0 polygons
2026-09-09 20:57:37 +0200: Memory Usage (460564K) : metal2_text has 0 polygons
2026-09-09 20:57:37 +0200: Memory Usage (460564K) : metal2_opc has 0 polygons
2026-09-09 20:57:37 +0200: Memory Usage (460884K) : metal2_noqrc has 0 polygons
2026-09-09 20:57:37 +0200: Memory Usage (460884K) : metal2_res has 0 polygons
2026-09-09 20:57:37 +0200: Memory Usage (460884K) : metal2_iprobe has 0 polygons
2026-09-09 20:57:37 +0200: Memory Usage (460884K) : metal2_diffprb has 0 polygons
2026-09-09 20:57:37 +0200: Memory Usage (460884K) : baspoly_drw has 0 polygons
2026-09-09 20:57:37 +0200: Memory Usage (460884K) : baspoly_pin has 0 polygons
2026-09-09 20:57:37 +0200: Memory Usage (461044K) : psd_drw has 2 polygons
2026-09-09 20:57:37 +0200: Memory Usage (461044K) : nldb_drw has 0 polygons
2026-09-09 20:57:37 +0200: Memory Usage (461044K) : digibnd_drw has 0 polygons
2026-09-09 20:57:37 +0200: Memory Usage (461204K) : via1_drw has 2 polygons
2026-09-09 20:57:37 +0200: Memory Usage (461204K) : backmetal1_drw has 0 polygons
2026-09-09 20:57:37 +0200: Memory Usage (461204K) : backmetal1_pin has 0 polygons
2026-09-09 20:57:37 +0200: Memory Usage (461364K) : backmetal1_mask has 0 polygons
2026-09-09 20:57:37 +0200: Memory Usage (461364K) : backmetal1_filler has 0 polygons
2026-09-09 20:57:37 +0200: Memory Usage (461364K) : backmetal1_nofill has 0 polygons
2026-09-09 20:57:37 +0200: Memory Usage (461524K) : backmetal1_slit has 0 polygons
2026-09-09 20:57:37 +0200: Memory Usage (461524K) : backmetal1_text has 0 polygons
2026-09-09 20:57:37 +0200: Memory Usage (461524K) : backmetal1_opc has 0 polygons
2026-09-09 20:57:37 +0200: Memory Usage (461684K) : backmetal1_noqrc has 0 polygons
2026-09-09 20:57:37 +0200: Memory Usage (461684K) : backmetal1_res has 0 polygons
2026-09-09 20:57:37 +0200: Memory Usage (461844K) : backmetal1_iprobe has 0 polygons
2026-09-09 20:57:37 +0200: Memory Usage (461844K) : backmetal1_diffprb has 0 polygons
2026-09-09 20:57:37 +0200: Memory Usage (462004K) : backpassiv_drw has 0 polygons
2026-09-09 20:57:37 +0200: Memory Usage (462004K) : res_drw has 0 polygons
2026-09-09 20:57:37 +0200: Memory Usage (462004K) : sram_drw has 0 polygons
2026-09-09 20:57:37 +0200: Memory Usage (462164K) : trans_drw has 0 polygons
2026-09-09 20:57:37 +0200: Memory Usage (462164K) : ind_drw has 0 polygons
2026-09-09 20:57:37 +0200: Memory Usage (462324K) : ind_pin has 0 polygons
2026-09-09 20:57:37 +0200: Memory Usage (462324K) : ind_text has 0 polygons
2026-09-09 20:57:37 +0200: Memory Usage (462324K) : salblock_drw has 0 polygons
2026-09-09 20:57:37 +0200: Memory Usage (462484K) : via2_drw has 0 polygons
2026-09-09 20:57:37 +0200: Memory Usage (462484K) : metal3_drw has 0 polygons
2026-09-09 20:57:37 +0200: Memory Usage (462484K) : metal3_pin has 0 polygons
2026-09-09 20:57:37 +0200: Memory Usage (462644K) : metal3_mask has 0 polygons
2026-09-09 20:57:37 +0200: Memory Usage (462644K) : metal3_filler has 0 polygons
2026-09-09 20:57:37 +0200: Memory Usage (462644K) : metal3_nofill has 0 polygons
2026-09-09 20:57:37 +0200: Memory Usage (462804K) : metal3_slit has 0 polygons
2026-09-09 20:57:37 +0200: Memory Usage (462804K) : metal3_text has 0 polygons
2026-09-09 20:57:37 +0200: Memory Usage (462804K) : metal3_opc has 0 polygons
2026-09-09 20:57:37 +0200: Memory Usage (462964K) : metal3_noqrc has 0 polygons
2026-09-09 20:57:37 +0200: Memory Usage (462964K) : metal3_res has 0 polygons
2026-09-09 20:57:37 +0200: Memory Usage (463124K) : metal3_iprobe has 0 polygons
2026-09-09 20:57:37 +0200: Memory Usage (463124K) : metal3_diffprb has 0 polygons
2026-09-09 20:57:37 +0200: Memory Usage (463124K) : nwell_drw has 1 polygons
2026-09-09 20:57:37 +0200: Memory Usage (463124K) : nwell_pin has 0 polygons
2026-09-09 20:57:37 +0200: Memory Usage (463284K) : nbulay_drw has 0 polygons
2026-09-09 20:57:37 +0200: Memory Usage (463284K) : nbulay_pin has 0 polygons
2026-09-09 20:57:37 +0200: Memory Usage (463284K) : nbulay_block has 0 polygons
2026-09-09 20:57:37 +0200: Memory Usage (463284K) : emwind_drw has 0 polygons
2026-09-09 20:57:37 +0200: Memory Usage (463444K) : emwind_opc has 0 polygons
2026-09-09 20:57:37 +0200: Memory Usage (463444K) : deepco_drw has 0 polygons
2026-09-09 20:57:37 +0200: Memory Usage (463444K) : deepco_drw has 0 polygons
2026-09-09 20:57:37 +0200: Memory Usage (463444K) : mim_drw has 0 polygons
2026-09-09 20:57:37 +0200: Memory Usage (463604K) : edgeseal_drw has 0 polygons
2026-09-09 20:57:37 +0200: Memory Usage (463604K) : edgeseal_bound has 0 polygons
2026-09-09 20:57:37 +0200: Memory Usage (463604K) : substrate_drw has 0 polygons
2026-09-09 20:57:37 +0200: Memory Usage (463604K) : substrate_text has 0 polygons
2026-09-09 20:57:37 +0200: Memory Usage (463764K) : dfpad_drw has 0 polygons
2026-09-09 20:57:37 +0200: Memory Usage (463764K) : dfpad_pillar has 0 polygons
2026-09-09 20:57:37 +0200: Memory Usage (463764K) : dfpad_sbump has 0 polygons
2026-09-09 20:57:37 +0200: Memory Usage (463764K) : thickgateox_drw has 0 polygons
2026-09-09 20:57:37 +0200: Memory Usage (463924K) : pldb_drw has 0 polygons
2026-09-09 20:57:37 +0200: Memory Usage (463924K) : pwell_drw has 0 polygons
2026-09-09 20:57:37 +0200: Memory Usage (463924K) : pwell_pin has 0 polygons
2026-09-09 20:57:37 +0200: Memory Usage (464084K) : pwell_block has 0 polygons
2026-09-09 20:57:37 +0200: Memory Usage (464084K) : ic_drw has 0 polygons
2026-09-09 20:57:37 +0200: Memory Usage (464084K) : via3_drw has 0 polygons
2026-09-09 20:57:37 +0200: Memory Usage (464244K) : metal4_drw has 0 polygons
2026-09-09 20:57:37 +0200: Memory Usage (464244K) : metal4_pin has 0 polygons
2026-09-09 20:57:37 +0200: Memory Usage (464244K) : metal4_mask has 0 polygons
2026-09-09 20:57:37 +0200: Memory Usage (464404K) : metal4_filler has 0 polygons
2026-09-09 20:57:37 +0200: Memory Usage (464404K) : metal4_nofill has 0 polygons
2026-09-09 20:57:37 +0200: Memory Usage (464404K) : metal4_slit has 0 polygons
2026-09-09 20:57:37 +0200: Memory Usage (464564K) : metal4_text has 0 polygons
2026-09-09 20:57:37 +0200: Memory Usage (464564K) : metal4_opc has 0 polygons
2026-09-09 20:57:37 +0200: Memory Usage (464564K) : metal4_noqrc has 0 polygons
2026-09-09 20:57:37 +0200: Memory Usage (464724K) : metal4_res has 0 polygons
2026-09-09 20:57:37 +0200: Memory Usage (464724K) : metal4_iprobe has 0 polygons
2026-09-09 20:57:37 +0200: Memory Usage (464884K) : metal4_diffprb has 0 polygons
2026-09-09 20:57:37 +0200: Memory Usage (464884K) : heattrans_drw has 0 polygons
2026-09-09 20:57:37 +0200: Memory Usage (464884K) : heatres_drw has 0 polygons
2026-09-09 20:57:37 +0200: Memory Usage (465044K) : pempoly_drw has 0 polygons
2026-09-09 20:57:37 +0200: Memory Usage (465044K) : fbe_drw has 0 polygons
2026-09-09 20:57:37 +0200: Memory Usage (465044K) : empoly_drw has 0 polygons
2026-09-09 20:57:37 +0200: Memory Usage (465204K) : ldmos_drw has 0 polygons
2026-09-09 20:57:37 +0200: Memory Usage (465204K) : pbiwind_drw has 0 polygons
2026-09-09 20:57:37 +0200: Memory Usage (465204K) : digisub_drw has 0 polygons
2026-09-09 20:57:37 +0200: Memory Usage (465204K) : nodrc_drw has 0 polygons
2026-09-09 20:57:37 +0200: Memory Usage (465364K) : text_drw has 0 polygons
2026-09-09 20:57:37 +0200: Memory Usage (465364K) : via4_drw has 0 polygons
2026-09-09 20:57:37 +0200: Memory Usage (465364K) : metal5_drw has 0 polygons
2026-09-09 20:57:37 +0200: Memory Usage (465364K) : metal5_pin has 0 polygons
2026-09-09 20:57:37 +0200: Memory Usage (465524K) : metal5_mask has 0 polygons
2026-09-09 20:57:37 +0200: Memory Usage (465524K) : metal5_filler has 0 polygons
2026-09-09 20:57:37 +0200: Memory Usage (465524K) : metal5_nofill has 0 polygons
2026-09-09 20:57:37 +0200: Memory Usage (465524K) : metal5_slit has 0 polygons
2026-09-09 20:57:37 +0200: Memory Usage (465684K) : metal5_text has 0 polygons
2026-09-09 20:57:37 +0200: Memory Usage (465684K) : metal5_opc has 0 polygons
2026-09-09 20:57:37 +0200: Memory Usage (465684K) : metal5_noqrc has 0 polygons
2026-09-09 20:57:37 +0200: Memory Usage (465844K) : metal5_res has 0 polygons
2026-09-09 20:57:37 +0200: Memory Usage (465844K) : metal5_iprobe has 0 polygons
2026-09-09 20:57:37 +0200: Memory Usage (465844K) : metal5_diffprb has 0 polygons
2026-09-09 20:57:37 +0200: Memory Usage (466004K) : radhard_drw has 0 polygons
2026-09-09 20:57:37 +0200: Memory Usage (466004K) : memcap_drw has 0 polygons
2026-09-09 20:57:37 +0200: Memory Usage (466004K) : varicap_drw has 0 polygons
2026-09-09 20:57:37 +0200: Memory Usage (466164K) : flash_drw has 0 polygons
2026-09-09 20:57:37 +0200: Memory Usage (466164K) : intbondvia_drw has 0 polygons
2026-09-09 20:57:37 +0200: Memory Usage (466164K) : intbondmet_drw has 0 polygons
2026-09-09 20:57:37 +0200: Memory Usage (466324K) : devbondvia_drw has 0 polygons
2026-09-09 20:57:37 +0200: Memory Usage (466324K) : devbondmet_drw has 0 polygons
2026-09-09 20:57:37 +0200: Memory Usage (466324K) : devtrench_drw has 0 polygons
2026-09-09 20:57:37 +0200: Memory Usage (466484K) : redist_drw has 0 polygons
2026-09-09 20:57:37 +0200: Memory Usage (466484K) : graphbot_drw has 0 polygons
2026-09-09 20:57:37 +0200: Memory Usage (466484K) : graphtop_drw has 0 polygons
2026-09-09 20:57:37 +0200: Memory Usage (466644K) : antvia1_drw has 0 polygons
2026-09-09 20:57:37 +0200: Memory Usage (466644K) : antmetal2_drw has 0 polygons
2026-09-09 20:57:37 +0200: Memory Usage (466644K) : graphcont_drw has 0 polygons
2026-09-09 20:57:37 +0200: Memory Usage (466804K) : siwg_drw has 0 polygons
2026-09-09 20:57:37 +0200: Memory Usage (466804K) : siwg_filler has 0 polygons
2026-09-09 20:57:37 +0200: Memory Usage (466804K) : siwg_nofill has 0 polygons
2026-09-09 20:57:37 +0200: Memory Usage (466964K) : sigrating_drw has 0 polygons
2026-09-09 20:57:37 +0200: Memory Usage (466964K) : singrating_drw has 0 polygons
2026-09-09 20:57:37 +0200: Memory Usage (467124K) : graphpas_drw has 0 polygons
2026-09-09 20:57:37 +0200: Memory Usage (467124K) : emwind3_drw has 0 polygons
2026-09-09 20:57:37 +0200: Memory Usage (467124K) : emwihv3_drw has 0 polygons
2026-09-09 20:57:37 +0200: Memory Usage (467124K) : redbulay_drw has 0 polygons
2026-09-09 20:57:37 +0200: Memory Usage (467284K) : smos_drw has 0 polygons
2026-09-09 20:57:37 +0200: Memory Usage (467284K) : graphpad_drw has 0 polygons
2026-09-09 20:57:37 +0200: Memory Usage (467284K) : polimide_drw has 0 polygons
2026-09-09 20:57:37 +0200: Memory Usage (467284K) : polimide_pin has 0 polygons
2026-09-09 20:57:37 +0200: Memory Usage (467284K) : recog_drw has 0 polygons
2026-09-09 20:57:37 +0200: Memory Usage (467444K) : recog_pin has 0 polygons
2026-09-09 20:57:37 +0200: Memory Usage (467444K) : recog_esd has 0 polygons
2026-09-09 20:57:37 +0200: Memory Usage (467444K) : recog_diode has 0 polygons
2026-09-09 20:57:37 +0200: Memory Usage (467604K) : recog_tsv has 0 polygons
2026-09-09 20:57:37 +0200: Memory Usage (467604K) : recog_iprobe has 0 polygons
2026-09-09 20:57:37 +0200: Memory Usage (467604K) : recog_diffprb has 0 polygons
2026-09-09 20:57:37 +0200: Memory Usage (467764K) : recog_pillar has 0 polygons
2026-09-09 20:57:37 +0200: Memory Usage (467764K) : recog_sbump has 0 polygons
2026-09-09 20:57:37 +0200: Memory Usage (467764K) : recog_otp has 0 polygons
2026-09-09 20:57:37 +0200: Memory Usage (467924K) : recog_pdiode has 0 polygons
2026-09-09 20:57:37 +0200: Memory Usage (467924K) : recog_mom has 0 polygons
2026-09-09 20:57:37 +0200: Memory Usage (467924K) : recog_pcm has 0 polygons
2026-09-09 20:57:37 +0200: Memory Usage (468084K) : colopen_drw has 0 polygons
2026-09-09 20:57:37 +0200: Memory Usage (468084K) : graphmetal1_drw has 0 polygons
2026-09-09 20:57:37 +0200: Memory Usage (468084K) : graphmetal1_filler has 0 polygons
2026-09-09 20:57:37 +0200: Memory Usage (468244K) : graphmetal1_nofill has 0 polygons
2026-09-09 20:57:37 +0200: Memory Usage (468244K) : graphmetal1_slit has 0 polygons
2026-09-09 20:57:37 +0200: Memory Usage (468244K) : graphmetal1_opc has 0 polygons
2026-09-09 20:57:37 +0200: Memory Usage (468404K) : graphmet1l_drw has 0 polygons
2026-09-09 20:57:37 +0200: Memory Usage (468404K) : graphmet1l_filler has 0 polygons
2026-09-09 20:57:37 +0200: Memory Usage (468404K) : graphmet1l_nofill has 0 polygons
2026-09-09 20:57:37 +0200: Memory Usage (468564K) : graphmet1l_slit has 0 polygons
2026-09-09 20:57:37 +0200: Memory Usage (468564K) : graphmet1l_opc has 0 polygons
2026-09-09 20:57:37 +0200: Memory Usage (468564K) : extblock_drw has 0 polygons
2026-09-09 20:57:37 +0200: Memory Usage (468724K) : nldd_drw has 0 polygons
2026-09-09 20:57:37 +0200: Memory Usage (468724K) : pldd_drw has 0 polygons
2026-09-09 20:57:37 +0200: Memory Usage (468724K) : next_drw has 0 polygons
2026-09-09 20:57:37 +0200: Memory Usage (468884K) : pext_drw has 0 polygons
2026-09-09 20:57:37 +0200: Memory Usage (468884K) : nexthv_drw has 0 polygons
2026-09-09 20:57:37 +0200: Memory Usage (468884K) : pexthv_drw has 0 polygons
2026-09-09 20:57:37 +0200: Memory Usage (469044K) : graphgate_drw has 0 polygons
2026-09-09 20:57:37 +0200: Memory Usage (469044K) : sinwg_drw has 0 polygons
2026-09-09 20:57:37 +0200: Memory Usage (469044K) : sinwg_filler has 0 polygons
2026-09-09 20:57:37 +0200: Memory Usage (469204K) : sinwg_nofill has 0 polygons
2026-09-09 20:57:37 +0200: Memory Usage (469204K) : mempad_drw has 0 polygons
2026-09-09 20:57:37 +0200: Memory Usage (469204K) : topvia1_drw has 0 polygons
2026-09-09 20:57:37 +0200: Memory Usage (469364K) : topmetal1_drw has 0 polygons
2026-09-09 20:57:37 +0200: Memory Usage (469364K) : topmetal1_pin has 0 polygons
2026-09-09 20:57:37 +0200: Memory Usage (469364K) : topmetal1_mask has 0 polygons
2026-09-09 20:57:37 +0200: Memory Usage (469364K) : topmetal1_filler has 0 polygons
2026-09-09 20:57:37 +0200: Memory Usage (469364K) : topmetal1_nofill has 0 polygons
2026-09-09 20:57:37 +0200: Memory Usage (469364K) : topmetal1_slit has 0 polygons
2026-09-09 20:57:37 +0200: Memory Usage (469364K) : topmetal1_text has 0 polygons
2026-09-09 20:57:37 +0200: Memory Usage (469364K) : topmetal1_noqrc has 0 polygons
2026-09-09 20:57:37 +0200: Memory Usage (469364K) : topmetal1_res has 0 polygons
2026-09-09 20:57:37 +0200: Memory Usage (469364K) : topmetal1_iprobe has 0 polygons
2026-09-09 20:57:37 +0200: Memory Usage (469524K) : topmetal1_diffprb has 0 polygons
2026-09-09 20:57:37 +0200: Memory Usage (469524K) : inldpwl_drw has 0 polygons
2026-09-09 20:57:37 +0200: Memory Usage (469524K) : polyres_drw has 0 polygons
2026-09-09 20:57:37 +0200: Memory Usage (469684K) : polyres_pin has 0 polygons
2026-09-09 20:57:37 +0200: Memory Usage (469684K) : vmim_drw has 0 polygons
2026-09-09 20:57:37 +0200: Memory Usage (469684K) : nbulaycut_drw has 0 polygons
2026-09-09 20:57:37 +0200: Memory Usage (469844K) : antmetal1_drw has 0 polygons
2026-09-09 20:57:37 +0200: Memory Usage (469844K) : topvia2_drw has 0 polygons
2026-09-09 20:57:37 +0200: Memory Usage (469844K) : topmetal2_drw has 0 polygons
2026-09-09 20:57:37 +0200: Memory Usage (470004K) : topmetal2_pin has 0 polygons
2026-09-09 20:57:37 +0200: Memory Usage (470004K) : topmetal2_mask has 0 polygons
2026-09-09 20:57:37 +0200: Memory Usage (470004K) : topmetal2_filler has 0 polygons
2026-09-09 20:57:37 +0200: Memory Usage (470164K) : topmetal2_nofill has 0 polygons
2026-09-09 20:57:37 +0200: Memory Usage (470164K) : topmetal2_slit has 0 polygons
2026-09-09 20:57:37 +0200: Memory Usage (470164K) : topmetal2_text has 0 polygons
2026-09-09 20:57:37 +0200: Memory Usage (470324K) : topmetal2_noqrc has 0 polygons
2026-09-09 20:57:37 +0200: Memory Usage (470324K) : topmetal2_res has 0 polygons
2026-09-09 20:57:37 +0200: Memory Usage (470484K) : topmetal2_iprobe has 0 polygons
2026-09-09 20:57:37 +0200: Memory Usage (470484K) : topmetal2_diffprb has 0 polygons
2026-09-09 20:57:37 +0200: Memory Usage (470484K) : snsring_drw has 0 polygons
2026-09-09 20:57:37 +0200: Memory Usage (470644K) : sensor_drw has 0 polygons
2026-09-09 20:57:37 +0200: Memory Usage (470644K) : snsarms_drw has 0 polygons
2026-09-09 20:57:37 +0200: Memory Usage (470644K) : snscmosvia_drw has 0 polygons
2026-09-09 20:57:37 +0200: Memory Usage (470644K) : colwind_drw has 0 polygons
2026-09-09 20:57:37 +0200: Memory Usage (470804K) : flm_drw has 0 polygons
2026-09-09 20:57:37 +0200: Memory Usage (470804K) : hafniumox_drw has 0 polygons
2026-09-09 20:57:37 +0200: Memory Usage (470804K) : memvia_drw has 0 polygons
2026-09-09 20:57:37 +0200: Memory Usage (470964K) : thinfilmres_drw has 0 polygons
2026-09-09 20:57:37 +0200: Memory Usage (470964K) : rfmem_drw has 0 polygons
2026-09-09 20:57:37 +0200: Memory Usage (470964K) : norcx_drw has 0 polygons
2026-09-09 20:57:37 +0200: Memory Usage (471124K) : norcx_m2m3 has 0 polygons
2026-09-09 20:57:37 +0200: Memory Usage (471124K) : norcx_m2m4 has 0 polygons
2026-09-09 20:57:37 +0200: Memory Usage (471124K) : norcx_m2m5 has 0 polygons
2026-09-09 20:57:37 +0200: Memory Usage (471284K) : norcx_m2tm1 has 0 polygons
2026-09-09 20:57:37 +0200: Memory Usage (471284K) : norcx_m2tm2 has 0 polygons
2026-09-09 20:57:37 +0200: Memory Usage (471284K) : norcx_m3m4 has 0 polygons
2026-09-09 20:57:37 +0200: Memory Usage (471444K) : norcx_m3m5 has 0 polygons
2026-09-09 20:57:37 +0200: Memory Usage (471444K) : norcx_m3tm1 has 0 polygons
2026-09-09 20:57:37 +0200: Memory Usage (471444K) : norcx_m3tm2 has 0 polygons
2026-09-09 20:57:37 +0200: Memory Usage (471604K) : norcx_m4m5 has 0 polygons
2026-09-09 20:57:37 +0200: Memory Usage (471604K) : norcx_m4tm1 has 0 polygons
2026-09-09 20:57:37 +0200: Memory Usage (471604K) : norcx_m4tm2 has 0 polygons
2026-09-09 20:57:37 +0200: Memory Usage (471764K) : norcx_m5tm1 has 0 polygons
2026-09-09 20:57:37 +0200: Memory Usage (471764K) : norcx_m5tm2 has 0 polygons
2026-09-09 20:57:37 +0200: Memory Usage (471764K) : norcx_tm1tm2 has 0 polygons
2026-09-09 20:57:37 +0200: Memory Usage (471924K) : norcx_m1sub has 0 polygons
2026-09-09 20:57:37 +0200: Memory Usage (471924K) : norcx_m2sub has 0 polygons
2026-09-09 20:57:37 +0200: Memory Usage (472084K) : norcx_m3sub has 0 polygons
2026-09-09 20:57:37 +0200: Memory Usage (472084K) : norcx_m4sub has 0 polygons
2026-09-09 20:57:37 +0200: Memory Usage (472084K) : norcx_m5sub has 0 polygons
2026-09-09 20:57:37 +0200: Memory Usage (472244K) : norcx_tm1sub has 0 polygons
2026-09-09 20:57:37 +0200: Memory Usage (472244K) : norcx_tm2sub has 0 polygons
2026-09-09 20:57:37 +0200: Memory Usage (472244K) : snsbotvia_drw has 0 polygons
2026-09-09 20:57:37 +0200: Memory Usage (472404K) : snstopvia_drw has 0 polygons
2026-09-09 20:57:37 +0200: Memory Usage (472404K) : deepvia_drw has 0 polygons
2026-09-09 20:57:37 +0200: Memory Usage (472404K) : fgetch_drw has 0 polygons
2026-09-09 20:57:37 +0200: Memory Usage (472564K) : ctrgat_drw has 0 polygons
2026-09-09 20:57:37 +0200: Memory Usage (472564K) : fgimp_drw has 0 polygons
2026-09-09 20:57:37 +0200: Memory Usage (472564K) : emwihv_drw has 0 polygons
2026-09-09 20:57:37 +0200: Memory Usage (472724K) : lbe_drw has 0 polygons
2026-09-09 20:57:37 +0200: Memory Usage (472724K) : alcustop_drw has 0 polygons
2026-09-09 20:57:37 +0200: Memory Usage (472724K) : nometfiller_drw has 0 polygons
2026-09-09 20:57:37 +0200: Memory Usage (472884K) : prboundary_drw has 0 polygons
2026-09-09 20:57:37 +0200: Memory Usage (472884K) : exchange0_drw has 0 polygons
2026-09-09 20:57:37 +0200: Memory Usage (472884K) : exchange0_pin has 0 polygons
2026-09-09 20:57:37 +0200: Memory Usage (473044K) : exchange0_text has 0 polygons
2026-09-09 20:57:37 +0200: Memory Usage (473044K) : exchange1_drw has 0 polygons
2026-09-09 20:57:37 +0200: Memory Usage (473044K) : exchange1_pin has 0 polygons
2026-09-09 20:57:37 +0200: Memory Usage (473204K) : exchange1_text has 0 polygons
2026-09-09 20:57:37 +0200: Memory Usage (473204K) : exchange2_drw has 0 polygons
2026-09-09 20:57:37 +0200: Memory Usage (473204K) : exchange2_pin has 0 polygons
2026-09-09 20:57:37 +0200: Memory Usage (473204K) : exchange2_text has 0 polygons
2026-09-09 20:57:37 +0200: Memory Usage (473364K) : exchange3_drw has 0 polygons
2026-09-09 20:57:37 +0200: Memory Usage (473364K) : exchange3_pin has 0 polygons
2026-09-09 20:57:37 +0200: Memory Usage (473364K) : exchange3_text has 0 polygons
2026-09-09 20:57:37 +0200: Memory Usage (473524K) : exchange4_drw has 0 polygons
2026-09-09 20:57:37 +0200: Memory Usage (473524K) : exchange4_pin has 0 polygons
2026-09-09 20:57:37 +0200: Memory Usage (473524K) : exchange4_text has 0 polygons
2026-09-09 20:57:37 +0200: Memory Usage (473684K) : isonwell_drw has 0 polygons
2026-09-09 20:57:37 +0200: Memory Usage (473684K) : Total no. of polygons in the design is 93
2026-09-09 20:57:37 +0200: Memory Usage (473684K) : Loaded TECH DRC rules values from /foss/pdks/ihp-sg13g2/libs.tech/klayout/python/sg13g2_pycell_lib/sg13g2_tech_mod.json
2026-09-09 20:57:37 +0200: Memory Usage (473684K) : Loaded default DRC rules values from /foss/pdks/ihp-sg13g2/libs.tech/klayout/tech/drc/rule_decks/sg13g2_tech_default.json
2026-09-09 20:57:37 +0200: Memory Usage (473684K) : The following rules values were missing in tech json and default values were used:
2026-09-09 20:57:37 +0200: Memory Usage (473684K) :   - NW_f1_digibnd
2026-09-09 20:57:37 +0200: Memory Usage (473684K) :   - Cnt_c_digibnd
2026-09-09 20:57:37 +0200: Memory Usage (473684K) :   - Cnt_c_sram
2026-09-09 20:57:37 +0200: Memory Usage (473684K) :   - Sdiod_b
2026-09-09 20:57:37 +0200: Memory Usage (473684K) :   - Sdiod_c
2026-09-09 20:57:37 +0200: Memory Usage (474996K) : Total area of the design is 21.2915 um^2.
2026-09-09 20:57:37 +0200: Memory Usage (474996K) : The design dimensions are 4.8500000000000005 µm * 4.39 µm.
2026-09-09 20:57:37 +0200: Memory Usage (474996K) : Starting general IHP-SG13G2 derivations.
2026-09-09 20:57:37 +0200: Memory Usage (474996K) : Starting Pwell derivations
2026-09-09 20:57:37 +0200: Memory Usage (476500K) : Starting IHP-SG13G2 DRC rules.
2026-09-09 20:57:37 +0200: Memory Usage (476500K) : Starting 5.5. Activ table
2026-09-09 20:57:37 +0200: Memory Usage (476500K) : Executing rule Act.a
2026-09-09 20:57:37 +0200: Memory Usage (476660K) : Executing rule Act.b
2026-09-09 20:57:37 +0200: Memory Usage (476992K) : KLayout DRC run for tables 'activ' completed in 0.22 seconds
