# Logfile created on 2026-09-09 20:57:35 +0200 by logger.rb/v1.5.3
2026-09-09 20:57:35 +0200: Memory Usage (457676K) : Starting running IHP-SG13G2 KLayout DRC runset on /foss/designs/aion_chip/flow/regress/AION_nand2_o21ai_0/baseline/reference_AION_nand2_o21ai_0.gds
2026-09-09 20:57:35 +0200: Memory Usage (457676K) : Ruby Version for klayout: 3.2.3
2026-09-09 20:57:35 +0200: Memory Usage (458644K) : Loading database to memory is complete.
2026-09-09 20:57:35 +0200: Memory Usage (458644K) : IHP-SG13G2 KLayout DRC runset output at: /foss/designs/aion_chip/flow/regress/AION_nand2_o21ai_0/baseline/drc/reference_AION_nand2_o21ai_0.klayout.drc/reference_AION_nand2_o21ai_0_reference_AION_nand2_o21ai_0_nbulay.lyrdb
2026-09-09 20:57:35 +0200: Memory Usage (458836K) : Evaluate switches.
2026-09-09 20:57:35 +0200: Memory Usage (458836K) : tables selected: nbulay
2026-09-09 20:57:35 +0200: Memory Usage (458836K) : KLayout will use 15 thread(s) in tiling mode.
2026-09-09 20:57:35 +0200: Memory Usage (458836K) : deep mode is enabled.
2026-09-09 20:57:35 +0200: Memory Usage (458836K) : FEOL enabled: false
2026-09-09 20:57:35 +0200: Memory Usage (458836K) : BEOL enabled: false
2026-09-09 20:57:35 +0200: Memory Usage (458836K) : OFFGRID enabled: true
2026-09-09 20:57:35 +0200: Memory Usage (458836K) : ANGLE enabled: true
2026-09-09 20:57:35 +0200: Memory Usage (458836K) : PIN enabled: false
2026-09-09 20:57:35 +0200: Memory Usage (458836K) : FORBIDDEN enabled: false
2026-09-09 20:57:35 +0200: Memory Usage (458836K) : RECOMMENDED enabled: true
2026-09-09 20:57:35 +0200: Memory Usage (458836K) : PreCheck DRC enabled: false
2026-09-09 20:57:35 +0200: Memory Usage (458836K) : CONNECTIVITY_RULES enabled: true.
2026-09-09 20:57:35 +0200: Memory Usage (458836K) : Read in polygons from layers.
2026-09-09 20:57:35 +0200: Memory Usage (459796K) : activ_drw has 6 polygons
2026-09-09 20:57:35 +0200: Memory Usage (459796K) : activ_pin has 0 polygons
2026-09-09 20:57:35 +0200: Memory Usage (459796K) : activ_mask has 0 polygons
2026-09-09 20:57:35 +0200: Memory Usage (459796K) : activ_filler has 0 polygons
2026-09-09 20:57:35 +0200: Memory Usage (459796K) : activ_nofill has 0 polygons
2026-09-09 20:57:35 +0200: Memory Usage (459796K) : activ_opc has 0 polygons
2026-09-09 20:57:35 +0200: Memory Usage (459796K) : activ_iopc has 0 polygons
2026-09-09 20:57:35 +0200: Memory Usage (459796K) : activ_noqrc has 0 polygons
2026-09-09 20:57:35 +0200: Memory Usage (459796K) : biwind_drw has 0 polygons
2026-09-09 20:57:35 +0200: Memory Usage (459796K) : biwind_opc has 0 polygons
2026-09-09 20:57:35 +0200: Memory Usage (459796K) : pemwind_drw has 0 polygons
2026-09-09 20:57:35 +0200: Memory Usage (459988K) : gatpoly_drw has 5 polygons
2026-09-09 20:57:35 +0200: Memory Usage (459988K) : gatpoly_pin has 0 polygons
2026-09-09 20:57:35 +0200: Memory Usage (459988K) : gatpoly_filler has 0 polygons
2026-09-09 20:57:35 +0200: Memory Usage (459988K) : gatpoly_nofill has 0 polygons
2026-09-09 20:57:35 +0200: Memory Usage (459988K) : gatpoly_opc has 0 polygons
2026-09-09 20:57:35 +0200: Memory Usage (459988K) : gatpoly_iopc has 0 polygons
2026-09-09 20:57:35 +0200: Memory Usage (459988K) : gatpoly_noqrc has 0 polygons
2026-09-09 20:57:35 +0200: Memory Usage (459988K) : cont_drw has 51 polygons
2026-09-09 20:57:35 +0200: Memory Usage (459988K) : cont_opc has 0 polygons
2026-09-09 20:57:35 +0200: Memory Usage (459988K) : nsd_drw has 0 polygons
2026-09-09 20:57:35 +0200: Memory Usage (459988K) : nsd_block has 0 polygons
2026-09-09 20:57:35 +0200: Memory Usage (460340K) : metal1_drw has 11 polygons
2026-09-09 20:57:35 +0200: Memory Usage (460340K) : metal1_pin has 7 polygons
2026-09-09 20:57:35 +0200: Memory Usage (460340K) : metal1_mask has 0 polygons
2026-09-09 20:57:35 +0200: Memory Usage (460500K) : metal1_filler has 0 polygons
2026-09-09 20:57:35 +0200: Memory Usage (460500K) : metal1_nofill has 0 polygons
2026-09-09 20:57:35 +0200: Memory Usage (460500K) : metal1_slit has 0 polygons
2026-09-09 20:57:35 +0200: Memory Usage (460852K) : metal1_text has 7 polygons
2026-09-09 20:57:35 +0200: Memory Usage (460852K) : metal1_opc has 0 polygons
2026-09-09 20:57:35 +0200: Memory Usage (460852K) : metal1_noqrc has 0 polygons
2026-09-09 20:57:35 +0200: Memory Usage (461012K) : metal1_res has 0 polygons
2026-09-09 20:57:35 +0200: Memory Usage (461012K) : metal1_iprobe has 0 polygons
2026-09-09 20:57:35 +0200: Memory Usage (461012K) : metal1_diffprb has 0 polygons
2026-09-09 20:57:35 +0200: Memory Usage (461172K) : passiv_drw has 0 polygons
2026-09-09 20:57:35 +0200: Memory Usage (461172K) : passiv_pin has 0 polygons
2026-09-09 20:57:35 +0200: Memory Usage (461172K) : passiv_sbump has 0 polygons
2026-09-09 20:57:35 +0200: Memory Usage (461332K) : passiv_pillar has 0 polygons
2026-09-09 20:57:35 +0200: Memory Usage (461332K) : passiv_pdl has 0 polygons
2026-09-09 20:57:35 +0200: Memory Usage (461332K) : metal2_drw has 1 polygons
2026-09-09 20:57:35 +0200: Memory Usage (461332K) : metal2_pin has 0 polygons
2026-09-09 20:57:35 +0200: Memory Usage (461332K) : metal2_mask has 0 polygons
2026-09-09 20:57:35 +0200: Memory Usage (461332K) : metal2_filler has 0 polygons
2026-09-09 20:57:35 +0200: Memory Usage (461332K) : metal2_nofill has 0 polygons
2026-09-09 20:57:35 +0200: Memory Usage (461332K) : metal2_slit has 0 polygons
2026-09-09 20:57:35 +0200: Memory Usage (461332K) : metal2_text has 0 polygons
2026-09-09 20:57:35 +0200: Memory Usage (461332K) : metal2_opc has 0 polygons
2026-09-09 20:57:35 +0200: Memory Usage (461652K) : metal2_noqrc has 0 polygons
2026-09-09 20:57:35 +0200: Memory Usage (461652K) : metal2_res has 0 polygons
2026-09-09 20:57:35 +0200: Memory Usage (461652K) : metal2_iprobe has 0 polygons
2026-09-09 20:57:35 +0200: Memory Usage (461652K) : metal2_diffprb has 0 polygons
2026-09-09 20:57:35 +0200: Memory Usage (461652K) : baspoly_drw has 0 polygons
2026-09-09 20:57:35 +0200: Memory Usage (461652K) : baspoly_pin has 0 polygons
2026-09-09 20:57:35 +0200: Memory Usage (461652K) : psd_drw has 2 polygons
2026-09-09 20:57:35 +0200: Memory Usage (461812K) : nldb_drw has 0 polygons
2026-09-09 20:57:35 +0200: Memory Usage (461812K) : digibnd_drw has 0 polygons
2026-09-09 20:57:35 +0200: Memory Usage (461972K) : via1_drw has 2 polygons
2026-09-09 20:57:35 +0200: Memory Usage (461972K) : backmetal1_drw has 0 polygons
2026-09-09 20:57:35 +0200: Memory Usage (461972K) : backmetal1_pin has 0 polygons
2026-09-09 20:57:35 +0200: Memory Usage (462132K) : backmetal1_mask has 0 polygons
2026-09-09 20:57:35 +0200: Memory Usage (462132K) : backmetal1_filler has 0 polygons
2026-09-09 20:57:35 +0200: Memory Usage (462132K) : backmetal1_nofill has 0 polygons
2026-09-09 20:57:35 +0200: Memory Usage (462292K) : backmetal1_slit has 0 polygons
2026-09-09 20:57:35 +0200: Memory Usage (462292K) : backmetal1_text has 0 polygons
2026-09-09 20:57:35 +0200: Memory Usage (462292K) : backmetal1_opc has 0 polygons
2026-09-09 20:57:35 +0200: Memory Usage (462452K) : backmetal1_noqrc has 0 polygons
2026-09-09 20:57:35 +0200: Memory Usage (462452K) : backmetal1_res has 0 polygons
2026-09-09 20:57:35 +0200: Memory Usage (462612K) : backmetal1_iprobe has 0 polygons
2026-09-09 20:57:35 +0200: Memory Usage (462612K) : backmetal1_diffprb has 0 polygons
2026-09-09 20:57:35 +0200: Memory Usage (462772K) : backpassiv_drw has 0 polygons
2026-09-09 20:57:35 +0200: Memory Usage (462772K) : res_drw has 0 polygons
2026-09-09 20:57:35 +0200: Memory Usage (462772K) : sram_drw has 0 polygons
2026-09-09 20:57:35 +0200: Memory Usage (462932K) : trans_drw has 0 polygons
2026-09-09 20:57:35 +0200: Memory Usage (462932K) : ind_drw has 0 polygons
2026-09-09 20:57:35 +0200: Memory Usage (463092K) : ind_pin has 0 polygons
2026-09-09 20:57:35 +0200: Memory Usage (463092K) : ind_text has 0 polygons
2026-09-09 20:57:35 +0200: Memory Usage (463092K) : salblock_drw has 0 polygons
2026-09-09 20:57:35 +0200: Memory Usage (463092K) : via2_drw has 0 polygons
2026-09-09 20:57:35 +0200: Memory Usage (463252K) : metal3_drw has 0 polygons
2026-09-09 20:57:35 +0200: Memory Usage (463252K) : metal3_pin has 0 polygons
2026-09-09 20:57:35 +0200: Memory Usage (463412K) : metal3_mask has 0 polygons
2026-09-09 20:57:35 +0200: Memory Usage (463412K) : metal3_filler has 0 polygons
2026-09-09 20:57:35 +0200: Memory Usage (463412K) : metal3_nofill has 0 polygons
2026-09-09 20:57:35 +0200: Memory Usage (463572K) : metal3_slit has 0 polygons
2026-09-09 20:57:35 +0200: Memory Usage (463572K) : metal3_text has 0 polygons
2026-09-09 20:57:35 +0200: Memory Usage (463732K) : metal3_opc has 0 polygons
2026-09-09 20:57:35 +0200: Memory Usage (463732K) : metal3_noqrc has 0 polygons
2026-09-09 20:57:35 +0200: Memory Usage (463732K) : metal3_res has 0 polygons
2026-09-09 20:57:35 +0200: Memory Usage (463892K) : metal3_iprobe has 0 polygons
2026-09-09 20:57:35 +0200: Memory Usage (463892K) : metal3_diffprb has 0 polygons
2026-09-09 20:57:35 +0200: Memory Usage (463892K) : nwell_drw has 1 polygons
2026-09-09 20:57:35 +0200: Memory Usage (463892K) : nwell_pin has 0 polygons
2026-09-09 20:57:35 +0200: Memory Usage (464052K) : nbulay_drw has 0 polygons
2026-09-09 20:57:35 +0200: Memory Usage (464052K) : nbulay_pin has 0 polygons
2026-09-09 20:57:35 +0200: Memory Usage (464052K) : nbulay_block has 0 polygons
2026-09-09 20:57:35 +0200: Memory Usage (464052K) : emwind_drw has 0 polygons
2026-09-09 20:57:35 +0200: Memory Usage (464052K) : emwind_opc has 0 polygons
2026-09-09 20:57:35 +0200: Memory Usage (464212K) : deepco_drw has 0 polygons
2026-09-09 20:57:35 +0200: Memory Usage (464212K) : deepco_drw has 0 polygons
2026-09-09 20:57:35 +0200: Memory Usage (464212K) : mim_drw has 0 polygons
2026-09-09 20:57:35 +0200: Memory Usage (464212K) : edgeseal_drw has 0 polygons
2026-09-09 20:57:35 +0200: Memory Usage (464372K) : edgeseal_bound has 0 polygons
2026-09-09 20:57:35 +0200: Memory Usage (464372K) : substrate_drw has 0 polygons
2026-09-09 20:57:35 +0200: Memory Usage (464372K) : substrate_text has 0 polygons
2026-09-09 20:57:35 +0200: Memory Usage (464372K) : dfpad_drw has 0 polygons
2026-09-09 20:57:35 +0200: Memory Usage (464532K) : dfpad_pillar has 0 polygons
2026-09-09 20:57:35 +0200: Memory Usage (464532K) : dfpad_sbump has 0 polygons
2026-09-09 20:57:35 +0200: Memory Usage (464532K) : thickgateox_drw has 0 polygons
2026-09-09 20:57:35 +0200: Memory Usage (464692K) : pldb_drw has 0 polygons
2026-09-09 20:57:35 +0200: Memory Usage (464692K) : pwell_drw has 0 polygons
2026-09-09 20:57:35 +0200: Memory Usage (464692K) : pwell_pin has 0 polygons
2026-09-09 20:57:35 +0200: Memory Usage (464852K) : pwell_block has 0 polygons
2026-09-09 20:57:35 +0200: Memory Usage (464852K) : ic_drw has 0 polygons
2026-09-09 20:57:35 +0200: Memory Usage (464852K) : via3_drw has 0 polygons
2026-09-09 20:57:35 +0200: Memory Usage (465012K) : metal4_drw has 0 polygons
2026-09-09 20:57:35 +0200: Memory Usage (465012K) : metal4_pin has 0 polygons
2026-09-09 20:57:35 +0200: Memory Usage (465012K) : metal4_mask has 0 polygons
2026-09-09 20:57:35 +0200: Memory Usage (465172K) : metal4_filler has 0 polygons
2026-09-09 20:57:35 +0200: Memory Usage (465172K) : metal4_nofill has 0 polygons
2026-09-09 20:57:35 +0200: Memory Usage (465172K) : metal4_slit has 0 polygons
2026-09-09 20:57:35 +0200: Memory Usage (465332K) : metal4_text has 0 polygons
2026-09-09 20:57:35 +0200: Memory Usage (465332K) : metal4_opc has 0 polygons
2026-09-09 20:57:35 +0200: Memory Usage (465332K) : metal4_noqrc has 0 polygons
2026-09-09 20:57:35 +0200: Memory Usage (465492K) : metal4_res has 0 polygons
2026-09-09 20:57:35 +0200: Memory Usage (465492K) : metal4_iprobe has 0 polygons
2026-09-09 20:57:35 +0200: Memory Usage (465492K) : metal4_diffprb has 0 polygons
2026-09-09 20:57:35 +0200: Memory Usage (465652K) : heattrans_drw has 0 polygons
2026-09-09 20:57:35 +0200: Memory Usage (465652K) : heatres_drw has 0 polygons
2026-09-09 20:57:35 +0200: Memory Usage (465652K) : pempoly_drw has 0 polygons
2026-09-09 20:57:35 +0200: Memory Usage (465812K) : fbe_drw has 0 polygons
2026-09-09 20:57:35 +0200: Memory Usage (465812K) : empoly_drw has 0 polygons
2026-09-09 20:57:35 +0200: Memory Usage (465812K) : ldmos_drw has 0 polygons
2026-09-09 20:57:35 +0200: Memory Usage (465972K) : pbiwind_drw has 0 polygons
2026-09-09 20:57:35 +0200: Memory Usage (465972K) : digisub_drw has 0 polygons
2026-09-09 20:57:35 +0200: Memory Usage (465972K) : nodrc_drw has 0 polygons
2026-09-09 20:57:35 +0200: Memory Usage (465972K) : text_drw has 0 polygons
2026-09-09 20:57:35 +0200: Memory Usage (465972K) : via4_drw has 0 polygons
2026-09-09 20:57:35 +0200: Memory Usage (466132K) : metal5_drw has 0 polygons
2026-09-09 20:57:35 +0200: Memory Usage (466132K) : metal5_pin has 0 polygons
2026-09-09 20:57:35 +0200: Memory Usage (466132K) : metal5_mask has 0 polygons
2026-09-09 20:57:35 +0200: Memory Usage (466292K) : metal5_filler has 0 polygons
2026-09-09 20:57:36 +0200: Memory Usage (466292K) : metal5_nofill has 0 polygons
2026-09-09 20:57:36 +0200: Memory Usage (466292K) : metal5_slit has 0 polygons
2026-09-09 20:57:36 +0200: Memory Usage (466452K) : metal5_text has 0 polygons
2026-09-09 20:57:36 +0200: Memory Usage (466452K) : metal5_opc has 0 polygons
2026-09-09 20:57:36 +0200: Memory Usage (466452K) : metal5_noqrc has 0 polygons
2026-09-09 20:57:36 +0200: Memory Usage (466612K) : metal5_res has 0 polygons
2026-09-09 20:57:36 +0200: Memory Usage (466612K) : metal5_iprobe has 0 polygons
2026-09-09 20:57:36 +0200: Memory Usage (466612K) : metal5_diffprb has 0 polygons
2026-09-09 20:57:36 +0200: Memory Usage (466772K) : radhard_drw has 0 polygons
2026-09-09 20:57:36 +0200: Memory Usage (466772K) : memcap_drw has 0 polygons
2026-09-09 20:57:36 +0200: Memory Usage (466772K) : varicap_drw has 0 polygons
2026-09-09 20:57:36 +0200: Memory Usage (466932K) : flash_drw has 0 polygons
2026-09-09 20:57:36 +0200: Memory Usage (466932K) : intbondvia_drw has 0 polygons
2026-09-09 20:57:36 +0200: Memory Usage (466932K) : intbondmet_drw has 0 polygons
2026-09-09 20:57:36 +0200: Memory Usage (467092K) : devbondvia_drw has 0 polygons
2026-09-09 20:57:36 +0200: Memory Usage (467092K) : devbondmet_drw has 0 polygons
2026-09-09 20:57:36 +0200: Memory Usage (467092K) : devtrench_drw has 0 polygons
2026-09-09 20:57:36 +0200: Memory Usage (467252K) : redist_drw has 0 polygons
2026-09-09 20:57:36 +0200: Memory Usage (467252K) : graphbot_drw has 0 polygons
2026-09-09 20:57:36 +0200: Memory Usage (467252K) : graphtop_drw has 0 polygons
2026-09-09 20:57:36 +0200: Memory Usage (467412K) : antvia1_drw has 0 polygons
2026-09-09 20:57:36 +0200: Memory Usage (467412K) : antmetal2_drw has 0 polygons
2026-09-09 20:57:36 +0200: Memory Usage (467412K) : graphcont_drw has 0 polygons
2026-09-09 20:57:36 +0200: Memory Usage (467572K) : siwg_drw has 0 polygons
2026-09-09 20:57:36 +0200: Memory Usage (467572K) : siwg_filler has 0 polygons
2026-09-09 20:57:36 +0200: Memory Usage (467572K) : siwg_nofill has 0 polygons
2026-09-09 20:57:36 +0200: Memory Usage (467732K) : sigrating_drw has 0 polygons
2026-09-09 20:57:36 +0200: Memory Usage (467732K) : singrating_drw has 0 polygons
2026-09-09 20:57:36 +0200: Memory Usage (467732K) : graphpas_drw has 0 polygons
2026-09-09 20:57:36 +0200: Memory Usage (467892K) : emwind3_drw has 0 polygons
2026-09-09 20:57:36 +0200: Memory Usage (467892K) : emwihv3_drw has 0 polygons
2026-09-09 20:57:36 +0200: Memory Usage (467892K) : redbulay_drw has 0 polygons
2026-09-09 20:57:36 +0200: Memory Usage (467892K) : smos_drw has 0 polygons
2026-09-09 20:57:36 +0200: Memory Usage (468052K) : graphpad_drw has 0 polygons
2026-09-09 20:57:36 +0200: Memory Usage (468052K) : polimide_drw has 0 polygons
2026-09-09 20:57:36 +0200: Memory Usage (468052K) : polimide_pin has 0 polygons
2026-09-09 20:57:36 +0200: Memory Usage (468052K) : recog_drw has 0 polygons
2026-09-09 20:57:36 +0200: Memory Usage (468052K) : recog_pin has 0 polygons
2026-09-09 20:57:36 +0200: Memory Usage (468212K) : recog_esd has 0 polygons
2026-09-09 20:57:36 +0200: Memory Usage (468212K) : recog_diode has 0 polygons
2026-09-09 20:57:36 +0200: Memory Usage (468212K) : recog_tsv has 0 polygons
2026-09-09 20:57:36 +0200: Memory Usage (468372K) : recog_iprobe has 0 polygons
2026-09-09 20:57:36 +0200: Memory Usage (468372K) : recog_diffprb has 0 polygons
2026-09-09 20:57:36 +0200: Memory Usage (468372K) : recog_pillar has 0 polygons
2026-09-09 20:57:36 +0200: Memory Usage (468532K) : recog_sbump has 0 polygons
2026-09-09 20:57:36 +0200: Memory Usage (468532K) : recog_otp has 0 polygons
2026-09-09 20:57:36 +0200: Memory Usage (468692K) : recog_pdiode has 0 polygons
2026-09-09 20:57:36 +0200: Memory Usage (468692K) : recog_mom has 0 polygons
2026-09-09 20:57:36 +0200: Memory Usage (468692K) : recog_pcm has 0 polygons
2026-09-09 20:57:36 +0200: Memory Usage (468852K) : colopen_drw has 0 polygons
2026-09-09 20:57:36 +0200: Memory Usage (468852K) : graphmetal1_drw has 0 polygons
2026-09-09 20:57:36 +0200: Memory Usage (468852K) : graphmetal1_filler has 0 polygons
2026-09-09 20:57:36 +0200: Memory Usage (469012K) : graphmetal1_nofill has 0 polygons
2026-09-09 20:57:36 +0200: Memory Usage (469012K) : graphmetal1_slit has 0 polygons
2026-09-09 20:57:36 +0200: Memory Usage (469012K) : graphmetal1_opc has 0 polygons
2026-09-09 20:57:36 +0200: Memory Usage (469172K) : graphmet1l_drw has 0 polygons
2026-09-09 20:57:36 +0200: Memory Usage (469172K) : graphmet1l_filler has 0 polygons
2026-09-09 20:57:36 +0200: Memory Usage (469172K) : graphmet1l_nofill has 0 polygons
2026-09-09 20:57:36 +0200: Memory Usage (469332K) : graphmet1l_slit has 0 polygons
2026-09-09 20:57:36 +0200: Memory Usage (469332K) : graphmet1l_opc has 0 polygons
2026-09-09 20:57:36 +0200: Memory Usage (469332K) : extblock_drw has 0 polygons
2026-09-09 20:57:36 +0200: Memory Usage (469492K) : nldd_drw has 0 polygons
2026-09-09 20:57:36 +0200: Memory Usage (469492K) : pldd_drw has 0 polygons
2026-09-09 20:57:36 +0200: Memory Usage (469492K) : next_drw has 0 polygons
2026-09-09 20:57:36 +0200: Memory Usage (469652K) : pext_drw has 0 polygons
2026-09-09 20:57:36 +0200: Memory Usage (469652K) : nexthv_drw has 0 polygons
2026-09-09 20:57:36 +0200: Memory Usage (469652K) : pexthv_drw has 0 polygons
2026-09-09 20:57:36 +0200: Memory Usage (469812K) : graphgate_drw has 0 polygons
2026-09-09 20:57:36 +0200: Memory Usage (469812K) : sinwg_drw has 0 polygons
2026-09-09 20:57:36 +0200: Memory Usage (469812K) : sinwg_filler has 0 polygons
2026-09-09 20:57:36 +0200: Memory Usage (469972K) : sinwg_nofill has 0 polygons
2026-09-09 20:57:36 +0200: Memory Usage (469972K) : mempad_drw has 0 polygons
2026-09-09 20:57:36 +0200: Memory Usage (469972K) : topvia1_drw has 0 polygons
2026-09-09 20:57:36 +0200: Memory Usage (469972K) : topmetal1_drw has 0 polygons
2026-09-09 20:57:36 +0200: Memory Usage (469972K) : topmetal1_pin has 0 polygons
2026-09-09 20:57:36 +0200: Memory Usage (469972K) : topmetal1_mask has 0 polygons
2026-09-09 20:57:36 +0200: Memory Usage (469972K) : topmetal1_filler has 0 polygons
2026-09-09 20:57:36 +0200: Memory Usage (469972K) : topmetal1_nofill has 0 polygons
2026-09-09 20:57:36 +0200: Memory Usage (469972K) : topmetal1_slit has 0 polygons
2026-09-09 20:57:36 +0200: Memory Usage (469972K) : topmetal1_text has 0 polygons
2026-09-09 20:57:36 +0200: Memory Usage (470132K) : topmetal1_noqrc has 0 polygons
2026-09-09 20:57:36 +0200: Memory Usage (470132K) : topmetal1_res has 0 polygons
2026-09-09 20:57:36 +0200: Memory Usage (470132K) : topmetal1_iprobe has 0 polygons
2026-09-09 20:57:36 +0200: Memory Usage (470132K) : topmetal1_diffprb has 0 polygons
2026-09-09 20:57:36 +0200: Memory Usage (470292K) : inldpwl_drw has 0 polygons
2026-09-09 20:57:36 +0200: Memory Usage (470292K) : polyres_drw has 0 polygons
2026-09-09 20:57:36 +0200: Memory Usage (470292K) : polyres_pin has 0 polygons
2026-09-09 20:57:36 +0200: Memory Usage (470452K) : vmim_drw has 0 polygons
2026-09-09 20:57:36 +0200: Memory Usage (470452K) : nbulaycut_drw has 0 polygons
2026-09-09 20:57:36 +0200: Memory Usage (470452K) : antmetal1_drw has 0 polygons
2026-09-09 20:57:36 +0200: Memory Usage (470612K) : topvia2_drw has 0 polygons
2026-09-09 20:57:36 +0200: Memory Usage (470612K) : topmetal2_drw has 0 polygons
2026-09-09 20:57:36 +0200: Memory Usage (470612K) : topmetal2_pin has 0 polygons
2026-09-09 20:57:36 +0200: Memory Usage (470772K) : topmetal2_mask has 0 polygons
2026-09-09 20:57:36 +0200: Memory Usage (470772K) : topmetal2_filler has 0 polygons
2026-09-09 20:57:36 +0200: Memory Usage (470772K) : topmetal2_nofill has 0 polygons
2026-09-09 20:57:36 +0200: Memory Usage (470932K) : topmetal2_slit has 0 polygons
2026-09-09 20:57:36 +0200: Memory Usage (470932K) : topmetal2_text has 0 polygons
2026-09-09 20:57:36 +0200: Memory Usage (471092K) : topmetal2_noqrc has 0 polygons
2026-09-09 20:57:36 +0200: Memory Usage (471092K) : topmetal2_res has 0 polygons
2026-09-09 20:57:36 +0200: Memory Usage (471092K) : topmetal2_iprobe has 0 polygons
2026-09-09 20:57:36 +0200: Memory Usage (471252K) : topmetal2_diffprb has 0 polygons
2026-09-09 20:57:36 +0200: Memory Usage (471252K) : snsring_drw has 0 polygons
2026-09-09 20:57:36 +0200: Memory Usage (471252K) : sensor_drw has 0 polygons
2026-09-09 20:57:36 +0200: Memory Usage (471412K) : snsarms_drw has 0 polygons
2026-09-09 20:57:36 +0200: Memory Usage (471412K) : snscmosvia_drw has 0 polygons
2026-09-09 20:57:36 +0200: Memory Usage (471412K) : colwind_drw has 0 polygons
2026-09-09 20:57:36 +0200: Memory Usage (471572K) : flm_drw has 0 polygons
2026-09-09 20:57:36 +0200: Memory Usage (471572K) : hafniumox_drw has 0 polygons
2026-09-09 20:57:36 +0200: Memory Usage (471572K) : memvia_drw has 0 polygons
2026-09-09 20:57:36 +0200: Memory Usage (471732K) : thinfilmres_drw has 0 polygons
2026-09-09 20:57:36 +0200: Memory Usage (471732K) : rfmem_drw has 0 polygons
2026-09-09 20:57:36 +0200: Memory Usage (471732K) : norcx_drw has 0 polygons
2026-09-09 20:57:36 +0200: Memory Usage (471892K) : norcx_m2m3 has 0 polygons
2026-09-09 20:57:36 +0200: Memory Usage (471892K) : norcx_m2m4 has 0 polygons
2026-09-09 20:57:36 +0200: Memory Usage (471892K) : norcx_m2m5 has 0 polygons
2026-09-09 20:57:36 +0200: Memory Usage (472052K) : norcx_m2tm1 has 0 polygons
2026-09-09 20:57:36 +0200: Memory Usage (472052K) : norcx_m2tm2 has 0 polygons
2026-09-09 20:57:36 +0200: Memory Usage (472052K) : norcx_m3m4 has 0 polygons
2026-09-09 20:57:36 +0200: Memory Usage (472212K) : norcx_m3m5 has 0 polygons
2026-09-09 20:57:36 +0200: Memory Usage (472212K) : norcx_m3tm1 has 0 polygons
2026-09-09 20:57:36 +0200: Memory Usage (472212K) : norcx_m3tm2 has 0 polygons
2026-09-09 20:57:36 +0200: Memory Usage (472372K) : norcx_m4m5 has 0 polygons
2026-09-09 20:57:36 +0200: Memory Usage (472372K) : norcx_m4tm1 has 0 polygons
2026-09-09 20:57:36 +0200: Memory Usage (472372K) : norcx_m4tm2 has 0 polygons
2026-09-09 20:57:36 +0200: Memory Usage (472532K) : norcx_m5tm1 has 0 polygons
2026-09-09 20:57:36 +0200: Memory Usage (472532K) : norcx_m5tm2 has 0 polygons
2026-09-09 20:57:36 +0200: Memory Usage (472532K) : norcx_tm1tm2 has 0 polygons
2026-09-09 20:57:36 +0200: Memory Usage (472692K) : norcx_m1sub has 0 polygons
2026-09-09 20:57:36 +0200: Memory Usage (472692K) : norcx_m2sub has 0 polygons
2026-09-09 20:57:36 +0200: Memory Usage (472692K) : norcx_m3sub has 0 polygons
2026-09-09 20:57:36 +0200: Memory Usage (472852K) : norcx_m4sub has 0 polygons
2026-09-09 20:57:36 +0200: Memory Usage (472852K) : norcx_m5sub has 0 polygons
2026-09-09 20:57:36 +0200: Memory Usage (472852K) : norcx_tm1sub has 0 polygons
2026-09-09 20:57:36 +0200: Memory Usage (473012K) : norcx_tm2sub has 0 polygons
2026-09-09 20:57:36 +0200: Memory Usage (473012K) : snsbotvia_drw has 0 polygons
2026-09-09 20:57:36 +0200: Memory Usage (473012K) : snstopvia_drw has 0 polygons
2026-09-09 20:57:36 +0200: Memory Usage (473172K) : deepvia_drw has 0 polygons
2026-09-09 20:57:36 +0200: Memory Usage (473172K) : fgetch_drw has 0 polygons
2026-09-09 20:57:36 +0200: Memory Usage (473172K) : ctrgat_drw has 0 polygons
2026-09-09 20:57:36 +0200: Memory Usage (473332K) : fgimp_drw has 0 polygons
2026-09-09 20:57:36 +0200: Memory Usage (473332K) : emwihv_drw has 0 polygons
2026-09-09 20:57:36 +0200: Memory Usage (473332K) : lbe_drw has 0 polygons
2026-09-09 20:57:36 +0200: Memory Usage (473492K) : alcustop_drw has 0 polygons
2026-09-09 20:57:36 +0200: Memory Usage (473492K) : nometfiller_drw has 0 polygons
2026-09-09 20:57:36 +0200: Memory Usage (473492K) : prboundary_drw has 0 polygons
2026-09-09 20:57:36 +0200: Memory Usage (473652K) : exchange0_drw has 0 polygons
2026-09-09 20:57:36 +0200: Memory Usage (473652K) : exchange0_pin has 0 polygons
2026-09-09 20:57:36 +0200: Memory Usage (473652K) : exchange0_text has 0 polygons
2026-09-09 20:57:36 +0200: Memory Usage (473812K) : exchange1_drw has 0 polygons
2026-09-09 20:57:36 +0200: Memory Usage (473812K) : exchange1_pin has 0 polygons
2026-09-09 20:57:36 +0200: Memory Usage (473812K) : exchange1_text has 0 polygons
2026-09-09 20:57:36 +0200: Memory Usage (473972K) : exchange2_drw has 0 polygons
2026-09-09 20:57:36 +0200: Memory Usage (473972K) : exchange2_pin has 0 polygons
2026-09-09 20:57:36 +0200: Memory Usage (473972K) : exchange2_text has 0 polygons
2026-09-09 20:57:36 +0200: Memory Usage (474132K) : exchange3_drw has 0 polygons
2026-09-09 20:57:36 +0200: Memory Usage (474132K) : exchange3_pin has 0 polygons
2026-09-09 20:57:36 +0200: Memory Usage (474132K) : exchange3_text has 0 polygons
2026-09-09 20:57:36 +0200: Memory Usage (474292K) : exchange4_drw has 0 polygons
2026-09-09 20:57:36 +0200: Memory Usage (474292K) : exchange4_pin has 0 polygons
2026-09-09 20:57:36 +0200: Memory Usage (474452K) : exchange4_text has 0 polygons
2026-09-09 20:57:36 +0200: Memory Usage (474452K) : isonwell_drw has 0 polygons
2026-09-09 20:57:36 +0200: Memory Usage (474452K) : Total no. of polygons in the design is 93
2026-09-09 20:57:36 +0200: Memory Usage (474452K) : Loaded TECH DRC rules values from /foss/pdks/ihp-sg13g2/libs.tech/klayout/python/sg13g2_pycell_lib/sg13g2_tech_mod.json
2026-09-09 20:57:36 +0200: Memory Usage (474452K) : Loaded default DRC rules values from /foss/pdks/ihp-sg13g2/libs.tech/klayout/tech/drc/rule_decks/sg13g2_tech_default.json
2026-09-09 20:57:36 +0200: Memory Usage (474452K) : The following rules values were missing in tech json and default values were used:
2026-09-09 20:57:36 +0200: Memory Usage (474452K) :   - NW_f1_digibnd
2026-09-09 20:57:36 +0200: Memory Usage (474452K) :   - Cnt_c_digibnd
2026-09-09 20:57:36 +0200: Memory Usage (474452K) :   - Cnt_c_sram
2026-09-09 20:57:36 +0200: Memory Usage (474452K) :   - Sdiod_b
2026-09-09 20:57:36 +0200: Memory Usage (474452K) :   - Sdiod_c
2026-09-09 20:57:36 +0200: Memory Usage (475412K) : Total area of the design is 21.2915 um^2.
2026-09-09 20:57:36 +0200: Memory Usage (475412K) : The design dimensions are 4.8500000000000005 µm * 4.39 µm.
2026-09-09 20:57:36 +0200: Memory Usage (475412K) : Starting general IHP-SG13G2 derivations.
2026-09-09 20:57:36 +0200: Memory Usage (475412K) : Starting Pwell derivations
2026-09-09 20:57:36 +0200: Memory Usage (476968K) : Starting n-Activ derivations
2026-09-09 20:57:36 +0200: Memory Usage (477128K) : Starting p-Activ derivations
2026-09-09 20:57:36 +0200: Memory Usage (477288K) : Starting ptap derivations
2026-09-09 20:57:36 +0200: Memory Usage (477288K) : Starting ntap derivations
2026-09-09 20:57:36 +0200: Memory Usage (477124K) : Starting pact FET derivations
2026-09-09 20:57:36 +0200: Memory Usage (477284K) : Starting nact FET derivations
2026-09-09 20:57:36 +0200: Memory Usage (477444K) : Starting Gate derivations
2026-09-09 20:57:36 +0200: Memory Usage (477444K) : Starting SVaricap general derivations
2026-09-09 20:57:36 +0200: Memory Usage (477444K) : Starting IHP-SG13G2 DRC connectivity related derivations.
2026-09-09 20:57:36 +0200: Memory Usage (477444K) : Starting IHP-SG13G2 DRC connectivity setup
2026-09-09 20:57:36 +0200: Memory Usage (477828K) : Starting IHP-SG13G2 DRC rules.
2026-09-09 20:57:36 +0200: Memory Usage (477828K) : Starting 5.3 nBuLay table
2026-09-09 20:57:36 +0200: Memory Usage (477828K) : Executing rule NBL.b
2026-09-09 20:57:36 +0200: Memory Usage (478020K) : Executing rule NBL.c
2026-09-09 20:57:36 +0200: Memory Usage (478020K) : Executing rule NBL.d
2026-09-09 20:57:36 +0200: Memory Usage (478020K) : Executing rule NBL.e
2026-09-09 20:57:36 +0200: Memory Usage (478020K) : Executing rule NBL.f
2026-09-09 20:57:36 +0200: Memory Usage (478020K) : KLayout DRC run for tables 'nbulay' completed in 0.19 seconds
