# Logfile created on 2026-09-09 20:57:40 +0200 by logger.rb/v1.5.3
2026-09-09 20:57:40 +0200: Memory Usage (457096K) : Starting running IHP-SG13G2 KLayout DRC runset on /foss/designs/aion_chip/flow/regress/AION_nand2_o21ai_0/baseline/reference_AION_nand2_o21ai_0.gds
2026-09-09 20:57:40 +0200: Memory Usage (457096K) : Ruby Version for klayout: 3.2.3
2026-09-09 20:57:40 +0200: Memory Usage (458084K) : Loading database to memory is complete.
2026-09-09 20:57:40 +0200: Memory Usage (458084K) : IHP-SG13G2 KLayout DRC runset output at: /foss/designs/aion_chip/flow/regress/AION_nand2_o21ai_0/baseline/drc/reference_AION_nand2_o21ai_0.klayout.drc/reference_AION_nand2_o21ai_0_reference_AION_nand2_o21ai_0_copperpillar.lyrdb
2026-09-09 20:57:40 +0200: Memory Usage (458084K) : Evaluate switches.
2026-09-09 20:57:40 +0200: Memory Usage (458084K) : tables selected: copperpillar
2026-09-09 20:57:40 +0200: Memory Usage (458084K) : KLayout will use 15 thread(s) in tiling mode.
2026-09-09 20:57:40 +0200: Memory Usage (458084K) : deep mode is enabled.
2026-09-09 20:57:40 +0200: Memory Usage (458084K) : FEOL enabled: false
2026-09-09 20:57:40 +0200: Memory Usage (458084K) : BEOL enabled: false
2026-09-09 20:57:40 +0200: Memory Usage (458084K) : OFFGRID enabled: true
2026-09-09 20:57:40 +0200: Memory Usage (458084K) : ANGLE enabled: true
2026-09-09 20:57:40 +0200: Memory Usage (458084K) : PIN enabled: false
2026-09-09 20:57:40 +0200: Memory Usage (458084K) : FORBIDDEN enabled: false
2026-09-09 20:57:40 +0200: Memory Usage (458084K) : RECOMMENDED enabled: true
2026-09-09 20:57:40 +0200: Memory Usage (458084K) : PreCheck DRC enabled: false
2026-09-09 20:57:40 +0200: Memory Usage (458084K) : CONNECTIVITY_RULES enabled: false.
2026-09-09 20:57:40 +0200: Memory Usage (458084K) : Read in polygons from layers.
2026-09-09 20:57:40 +0200: Memory Usage (459216K) : activ_drw has 6 polygons
2026-09-09 20:57:40 +0200: Memory Usage (459216K) : activ_pin has 0 polygons
2026-09-09 20:57:40 +0200: Memory Usage (459216K) : activ_mask has 0 polygons
2026-09-09 20:57:40 +0200: Memory Usage (459216K) : activ_filler has 0 polygons
2026-09-09 20:57:40 +0200: Memory Usage (459216K) : activ_nofill has 0 polygons
2026-09-09 20:57:40 +0200: Memory Usage (459216K) : activ_opc has 0 polygons
2026-09-09 20:57:40 +0200: Memory Usage (459216K) : activ_iopc has 0 polygons
2026-09-09 20:57:40 +0200: Memory Usage (459216K) : activ_noqrc has 0 polygons
2026-09-09 20:57:40 +0200: Memory Usage (459216K) : biwind_drw has 0 polygons
2026-09-09 20:57:40 +0200: Memory Usage (459216K) : biwind_opc has 0 polygons
2026-09-09 20:57:40 +0200: Memory Usage (459216K) : pemwind_drw has 0 polygons
2026-09-09 20:57:40 +0200: Memory Usage (459216K) : gatpoly_drw has 5 polygons
2026-09-09 20:57:40 +0200: Memory Usage (459216K) : gatpoly_pin has 0 polygons
2026-09-09 20:57:40 +0200: Memory Usage (459216K) : gatpoly_filler has 0 polygons
2026-09-09 20:57:40 +0200: Memory Usage (459216K) : gatpoly_nofill has 0 polygons
2026-09-09 20:57:40 +0200: Memory Usage (459216K) : gatpoly_opc has 0 polygons
2026-09-09 20:57:40 +0200: Memory Usage (459216K) : gatpoly_iopc has 0 polygons
2026-09-09 20:57:40 +0200: Memory Usage (459216K) : gatpoly_noqrc has 0 polygons
2026-09-09 20:57:40 +0200: Memory Usage (459216K) : cont_drw has 51 polygons
2026-09-09 20:57:40 +0200: Memory Usage (459376K) : cont_opc has 0 polygons
2026-09-09 20:57:40 +0200: Memory Usage (459376K) : nsd_drw has 0 polygons
2026-09-09 20:57:40 +0200: Memory Usage (459376K) : nsd_block has 0 polygons
2026-09-09 20:57:40 +0200: Memory Usage (459568K) : metal1_drw has 11 polygons
2026-09-09 20:57:40 +0200: Memory Usage (459568K) : metal1_pin has 7 polygons
2026-09-09 20:57:40 +0200: Memory Usage (459568K) : metal1_mask has 0 polygons
2026-09-09 20:57:40 +0200: Memory Usage (459728K) : metal1_filler has 0 polygons
2026-09-09 20:57:40 +0200: Memory Usage (459728K) : metal1_nofill has 0 polygons
2026-09-09 20:57:40 +0200: Memory Usage (459728K) : metal1_slit has 0 polygons
2026-09-09 20:57:40 +0200: Memory Usage (460272K) : metal1_text has 7 polygons
2026-09-09 20:57:40 +0200: Memory Usage (460272K) : metal1_opc has 0 polygons
2026-09-09 20:57:40 +0200: Memory Usage (460432K) : metal1_noqrc has 0 polygons
2026-09-09 20:57:40 +0200: Memory Usage (460432K) : metal1_res has 0 polygons
2026-09-09 20:57:40 +0200: Memory Usage (460432K) : metal1_iprobe has 0 polygons
2026-09-09 20:57:40 +0200: Memory Usage (460592K) : metal1_diffprb has 0 polygons
2026-09-09 20:57:40 +0200: Memory Usage (460592K) : passiv_drw has 0 polygons
2026-09-09 20:57:40 +0200: Memory Usage (460592K) : passiv_pin has 0 polygons
2026-09-09 20:57:40 +0200: Memory Usage (460752K) : passiv_sbump has 0 polygons
2026-09-09 20:57:40 +0200: Memory Usage (460752K) : passiv_pillar has 0 polygons
2026-09-09 20:57:40 +0200: Memory Usage (460752K) : passiv_pdl has 0 polygons
2026-09-09 20:57:40 +0200: Memory Usage (460752K) : metal2_drw has 1 polygons
2026-09-09 20:57:40 +0200: Memory Usage (460912K) : metal2_pin has 0 polygons
2026-09-09 20:57:40 +0200: Memory Usage (460912K) : metal2_mask has 0 polygons
2026-09-09 20:57:40 +0200: Memory Usage (460912K) : metal2_filler has 0 polygons
2026-09-09 20:57:40 +0200: Memory Usage (460912K) : metal2_nofill has 0 polygons
2026-09-09 20:57:40 +0200: Memory Usage (460912K) : metal2_slit has 0 polygons
2026-09-09 20:57:40 +0200: Memory Usage (460912K) : metal2_text has 0 polygons
2026-09-09 20:57:40 +0200: Memory Usage (460912K) : metal2_opc has 0 polygons
2026-09-09 20:57:40 +0200: Memory Usage (461072K) : metal2_noqrc has 0 polygons
2026-09-09 20:57:40 +0200: Memory Usage (461072K) : metal2_res has 0 polygons
2026-09-09 20:57:40 +0200: Memory Usage (461072K) : metal2_iprobe has 0 polygons
2026-09-09 20:57:40 +0200: Memory Usage (461072K) : metal2_diffprb has 0 polygons
2026-09-09 20:57:40 +0200: Memory Usage (461072K) : baspoly_drw has 0 polygons
2026-09-09 20:57:40 +0200: Memory Usage (461072K) : baspoly_pin has 0 polygons
2026-09-09 20:57:40 +0200: Memory Usage (461232K) : psd_drw has 2 polygons
2026-09-09 20:57:40 +0200: Memory Usage (461232K) : nldb_drw has 0 polygons
2026-09-09 20:57:40 +0200: Memory Usage (461232K) : digibnd_drw has 0 polygons
2026-09-09 20:57:40 +0200: Memory Usage (461392K) : via1_drw has 2 polygons
2026-09-09 20:57:40 +0200: Memory Usage (461392K) : backmetal1_drw has 0 polygons
2026-09-09 20:57:40 +0200: Memory Usage (461392K) : backmetal1_pin has 0 polygons
2026-09-09 20:57:40 +0200: Memory Usage (461552K) : backmetal1_mask has 0 polygons
2026-09-09 20:57:40 +0200: Memory Usage (461552K) : backmetal1_filler has 0 polygons
2026-09-09 20:57:40 +0200: Memory Usage (461552K) : backmetal1_nofill has 0 polygons
2026-09-09 20:57:40 +0200: Memory Usage (461712K) : backmetal1_slit has 0 polygons
2026-09-09 20:57:40 +0200: Memory Usage (461712K) : backmetal1_text has 0 polygons
2026-09-09 20:57:40 +0200: Memory Usage (461712K) : backmetal1_opc has 0 polygons
2026-09-09 20:57:40 +0200: Memory Usage (461872K) : backmetal1_noqrc has 0 polygons
2026-09-09 20:57:40 +0200: Memory Usage (461872K) : backmetal1_res has 0 polygons
2026-09-09 20:57:40 +0200: Memory Usage (462032K) : backmetal1_iprobe has 0 polygons
2026-09-09 20:57:40 +0200: Memory Usage (462032K) : backmetal1_diffprb has 0 polygons
2026-09-09 20:57:40 +0200: Memory Usage (462192K) : backpassiv_drw has 0 polygons
2026-09-09 20:57:40 +0200: Memory Usage (462192K) : res_drw has 0 polygons
2026-09-09 20:57:40 +0200: Memory Usage (462352K) : sram_drw has 0 polygons
2026-09-09 20:57:40 +0200: Memory Usage (462352K) : trans_drw has 0 polygons
2026-09-09 20:57:40 +0200: Memory Usage (462352K) : ind_drw has 0 polygons
2026-09-09 20:57:40 +0200: Memory Usage (462512K) : ind_pin has 0 polygons
2026-09-09 20:57:40 +0200: Memory Usage (462512K) : ind_text has 0 polygons
2026-09-09 20:57:40 +0200: Memory Usage (462512K) : salblock_drw has 0 polygons
2026-09-09 20:57:40 +0200: Memory Usage (462672K) : via2_drw has 0 polygons
2026-09-09 20:57:40 +0200: Memory Usage (462672K) : metal3_drw has 0 polygons
2026-09-09 20:57:40 +0200: Memory Usage (462672K) : metal3_pin has 0 polygons
2026-09-09 20:57:40 +0200: Memory Usage (462832K) : metal3_mask has 0 polygons
2026-09-09 20:57:40 +0200: Memory Usage (462832K) : metal3_filler has 0 polygons
2026-09-09 20:57:40 +0200: Memory Usage (462832K) : metal3_nofill has 0 polygons
2026-09-09 20:57:40 +0200: Memory Usage (462992K) : metal3_slit has 0 polygons
2026-09-09 20:57:40 +0200: Memory Usage (462992K) : metal3_text has 0 polygons
2026-09-09 20:57:40 +0200: Memory Usage (463152K) : metal3_opc has 0 polygons
2026-09-09 20:57:40 +0200: Memory Usage (463152K) : metal3_noqrc has 0 polygons
2026-09-09 20:57:40 +0200: Memory Usage (463152K) : metal3_res has 0 polygons
2026-09-09 20:57:40 +0200: Memory Usage (463312K) : metal3_iprobe has 0 polygons
2026-09-09 20:57:40 +0200: Memory Usage (463312K) : metal3_diffprb has 0 polygons
2026-09-09 20:57:40 +0200: Memory Usage (463312K) : nwell_drw has 1 polygons
2026-09-09 20:57:40 +0200: Memory Usage (463312K) : nwell_pin has 0 polygons
2026-09-09 20:57:40 +0200: Memory Usage (463472K) : nbulay_drw has 0 polygons
2026-09-09 20:57:40 +0200: Memory Usage (463472K) : nbulay_pin has 0 polygons
2026-09-09 20:57:40 +0200: Memory Usage (463472K) : nbulay_block has 0 polygons
2026-09-09 20:57:40 +0200: Memory Usage (463472K) : emwind_drw has 0 polygons
2026-09-09 20:57:40 +0200: Memory Usage (463632K) : emwind_opc has 0 polygons
2026-09-09 20:57:40 +0200: Memory Usage (463632K) : deepco_drw has 0 polygons
2026-09-09 20:57:40 +0200: Memory Usage (463632K) : deepco_drw has 0 polygons
2026-09-09 20:57:40 +0200: Memory Usage (463632K) : mim_drw has 0 polygons
2026-09-09 20:57:40 +0200: Memory Usage (463792K) : edgeseal_drw has 0 polygons
2026-09-09 20:57:40 +0200: Memory Usage (463792K) : edgeseal_bound has 0 polygons
2026-09-09 20:57:40 +0200: Memory Usage (463792K) : substrate_drw has 0 polygons
2026-09-09 20:57:40 +0200: Memory Usage (463792K) : substrate_text has 0 polygons
2026-09-09 20:57:40 +0200: Memory Usage (463952K) : dfpad_drw has 0 polygons
2026-09-09 20:57:40 +0200: Memory Usage (463952K) : dfpad_pillar has 0 polygons
2026-09-09 20:57:40 +0200: Memory Usage (463952K) : dfpad_sbump has 0 polygons
2026-09-09 20:57:40 +0200: Memory Usage (463952K) : thickgateox_drw has 0 polygons
2026-09-09 20:57:40 +0200: Memory Usage (464112K) : pldb_drw has 0 polygons
2026-09-09 20:57:40 +0200: Memory Usage (464112K) : pwell_drw has 0 polygons
2026-09-09 20:57:40 +0200: Memory Usage (464112K) : pwell_pin has 0 polygons
2026-09-09 20:57:40 +0200: Memory Usage (464272K) : pwell_block has 0 polygons
2026-09-09 20:57:40 +0200: Memory Usage (464272K) : ic_drw has 0 polygons
2026-09-09 20:57:40 +0200: Memory Usage (464272K) : via3_drw has 0 polygons
2026-09-09 20:57:40 +0200: Memory Usage (464432K) : metal4_drw has 0 polygons
2026-09-09 20:57:40 +0200: Memory Usage (464432K) : metal4_pin has 0 polygons
2026-09-09 20:57:40 +0200: Memory Usage (464432K) : metal4_mask has 0 polygons
2026-09-09 20:57:40 +0200: Memory Usage (464592K) : metal4_filler has 0 polygons
2026-09-09 20:57:40 +0200: Memory Usage (464592K) : metal4_nofill has 0 polygons
2026-09-09 20:57:40 +0200: Memory Usage (464592K) : metal4_slit has 0 polygons
2026-09-09 20:57:40 +0200: Memory Usage (464752K) : metal4_text has 0 polygons
2026-09-09 20:57:40 +0200: Memory Usage (464752K) : metal4_opc has 0 polygons
2026-09-09 20:57:40 +0200: Memory Usage (464752K) : metal4_noqrc has 0 polygons
2026-09-09 20:57:40 +0200: Memory Usage (464912K) : metal4_res has 0 polygons
2026-09-09 20:57:40 +0200: Memory Usage (464912K) : metal4_iprobe has 0 polygons
2026-09-09 20:57:40 +0200: Memory Usage (464912K) : metal4_diffprb has 0 polygons
2026-09-09 20:57:40 +0200: Memory Usage (465072K) : heattrans_drw has 0 polygons
2026-09-09 20:57:40 +0200: Memory Usage (465072K) : heatres_drw has 0 polygons
2026-09-09 20:57:40 +0200: Memory Usage (465072K) : pempoly_drw has 0 polygons
2026-09-09 20:57:40 +0200: Memory Usage (465232K) : fbe_drw has 0 polygons
2026-09-09 20:57:40 +0200: Memory Usage (465232K) : empoly_drw has 0 polygons
2026-09-09 20:57:40 +0200: Memory Usage (465392K) : ldmos_drw has 0 polygons
2026-09-09 20:57:40 +0200: Memory Usage (465392K) : pbiwind_drw has 0 polygons
2026-09-09 20:57:40 +0200: Memory Usage (465392K) : digisub_drw has 0 polygons
2026-09-09 20:57:40 +0200: Memory Usage (465392K) : nodrc_drw has 0 polygons
2026-09-09 20:57:40 +0200: Memory Usage (465392K) : text_drw has 0 polygons
2026-09-09 20:57:40 +0200: Memory Usage (465552K) : via4_drw has 0 polygons
2026-09-09 20:57:40 +0200: Memory Usage (465552K) : metal5_drw has 0 polygons
2026-09-09 20:57:40 +0200: Memory Usage (465552K) : metal5_pin has 0 polygons
2026-09-09 20:57:40 +0200: Memory Usage (465552K) : metal5_mask has 0 polygons
2026-09-09 20:57:40 +0200: Memory Usage (465712K) : metal5_filler has 0 polygons
2026-09-09 20:57:40 +0200: Memory Usage (465712K) : metal5_nofill has 0 polygons
2026-09-09 20:57:40 +0200: Memory Usage (465712K) : metal5_slit has 0 polygons
2026-09-09 20:57:40 +0200: Memory Usage (465872K) : metal5_text has 0 polygons
2026-09-09 20:57:40 +0200: Memory Usage (465872K) : metal5_opc has 0 polygons
2026-09-09 20:57:40 +0200: Memory Usage (465872K) : metal5_noqrc has 0 polygons
2026-09-09 20:57:40 +0200: Memory Usage (466032K) : metal5_res has 0 polygons
2026-09-09 20:57:40 +0200: Memory Usage (466032K) : metal5_iprobe has 0 polygons
2026-09-09 20:57:40 +0200: Memory Usage (466032K) : metal5_diffprb has 0 polygons
2026-09-09 20:57:40 +0200: Memory Usage (466192K) : radhard_drw has 0 polygons
2026-09-09 20:57:40 +0200: Memory Usage (466192K) : memcap_drw has 0 polygons
2026-09-09 20:57:40 +0200: Memory Usage (466192K) : varicap_drw has 0 polygons
2026-09-09 20:57:40 +0200: Memory Usage (466352K) : flash_drw has 0 polygons
2026-09-09 20:57:40 +0200: Memory Usage (466352K) : intbondvia_drw has 0 polygons
2026-09-09 20:57:40 +0200: Memory Usage (466512K) : intbondmet_drw has 0 polygons
2026-09-09 20:57:40 +0200: Memory Usage (466512K) : devbondvia_drw has 0 polygons
2026-09-09 20:57:40 +0200: Memory Usage (466512K) : devbondmet_drw has 0 polygons
2026-09-09 20:57:40 +0200: Memory Usage (466672K) : devtrench_drw has 0 polygons
2026-09-09 20:57:40 +0200: Memory Usage (466672K) : redist_drw has 0 polygons
2026-09-09 20:57:40 +0200: Memory Usage (466672K) : graphbot_drw has 0 polygons
2026-09-09 20:57:40 +0200: Memory Usage (466832K) : graphtop_drw has 0 polygons
2026-09-09 20:57:40 +0200: Memory Usage (466832K) : antvia1_drw has 0 polygons
2026-09-09 20:57:40 +0200: Memory Usage (466832K) : antmetal2_drw has 0 polygons
2026-09-09 20:57:40 +0200: Memory Usage (466992K) : graphcont_drw has 0 polygons
2026-09-09 20:57:40 +0200: Memory Usage (466992K) : siwg_drw has 0 polygons
2026-09-09 20:57:40 +0200: Memory Usage (466992K) : siwg_filler has 0 polygons
2026-09-09 20:57:40 +0200: Memory Usage (466992K) : siwg_nofill has 0 polygons
2026-09-09 20:57:40 +0200: Memory Usage (467152K) : sigrating_drw has 0 polygons
2026-09-09 20:57:40 +0200: Memory Usage (467152K) : singrating_drw has 0 polygons
2026-09-09 20:57:40 +0200: Memory Usage (467312K) : graphpas_drw has 0 polygons
2026-09-09 20:57:40 +0200: Memory Usage (467312K) : emwind3_drw has 0 polygons
2026-09-09 20:57:40 +0200: Memory Usage (467312K) : emwihv3_drw has 0 polygons
2026-09-09 20:57:40 +0200: Memory Usage (467312K) : redbulay_drw has 0 polygons
2026-09-09 20:57:40 +0200: Memory Usage (467312K) : smos_drw has 0 polygons
2026-09-09 20:57:40 +0200: Memory Usage (467472K) : graphpad_drw has 0 polygons
2026-09-09 20:57:40 +0200: Memory Usage (467472K) : polimide_drw has 0 polygons
2026-09-09 20:57:40 +0200: Memory Usage (467472K) : polimide_pin has 0 polygons
2026-09-09 20:57:40 +0200: Memory Usage (467472K) : recog_drw has 0 polygons
2026-09-09 20:57:40 +0200: Memory Usage (467632K) : recog_pin has 0 polygons
2026-09-09 20:57:40 +0200: Memory Usage (467632K) : recog_esd has 0 polygons
2026-09-09 20:57:40 +0200: Memory Usage (467632K) : recog_diode has 0 polygons
2026-09-09 20:57:40 +0200: Memory Usage (467792K) : recog_tsv has 0 polygons
2026-09-09 20:57:40 +0200: Memory Usage (467792K) : recog_iprobe has 0 polygons
2026-09-09 20:57:40 +0200: Memory Usage (467792K) : recog_diffprb has 0 polygons
2026-09-09 20:57:40 +0200: Memory Usage (467952K) : recog_pillar has 0 polygons
2026-09-09 20:57:40 +0200: Memory Usage (467952K) : recog_sbump has 0 polygons
2026-09-09 20:57:40 +0200: Memory Usage (467952K) : recog_otp has 0 polygons
2026-09-09 20:57:40 +0200: Memory Usage (468112K) : recog_pdiode has 0 polygons
2026-09-09 20:57:40 +0200: Memory Usage (468112K) : recog_mom has 0 polygons
2026-09-09 20:57:40 +0200: Memory Usage (468112K) : recog_pcm has 0 polygons
2026-09-09 20:57:40 +0200: Memory Usage (468272K) : colopen_drw has 0 polygons
2026-09-09 20:57:40 +0200: Memory Usage (468272K) : graphmetal1_drw has 0 polygons
2026-09-09 20:57:40 +0200: Memory Usage (468272K) : graphmetal1_filler has 0 polygons
2026-09-09 20:57:40 +0200: Memory Usage (468432K) : graphmetal1_nofill has 0 polygons
2026-09-09 20:57:40 +0200: Memory Usage (468432K) : graphmetal1_slit has 0 polygons
2026-09-09 20:57:40 +0200: Memory Usage (468432K) : graphmetal1_opc has 0 polygons
2026-09-09 20:57:40 +0200: Memory Usage (468592K) : graphmet1l_drw has 0 polygons
2026-09-09 20:57:40 +0200: Memory Usage (468592K) : graphmet1l_filler has 0 polygons
2026-09-09 20:57:40 +0200: Memory Usage (468592K) : graphmet1l_nofill has 0 polygons
2026-09-09 20:57:40 +0200: Memory Usage (468752K) : graphmet1l_slit has 0 polygons
2026-09-09 20:57:40 +0200: Memory Usage (468752K) : graphmet1l_opc has 0 polygons
2026-09-09 20:57:40 +0200: Memory Usage (468752K) : extblock_drw has 0 polygons
2026-09-09 20:57:40 +0200: Memory Usage (468912K) : nldd_drw has 0 polygons
2026-09-09 20:57:40 +0200: Memory Usage (468912K) : pldd_drw has 0 polygons
2026-09-09 20:57:40 +0200: Memory Usage (468912K) : next_drw has 0 polygons
2026-09-09 20:57:40 +0200: Memory Usage (469072K) : pext_drw has 0 polygons
2026-09-09 20:57:40 +0200: Memory Usage (469072K) : nexthv_drw has 0 polygons
2026-09-09 20:57:40 +0200: Memory Usage (469072K) : pexthv_drw has 0 polygons
2026-09-09 20:57:40 +0200: Memory Usage (469232K) : graphgate_drw has 0 polygons
2026-09-09 20:57:40 +0200: Memory Usage (469232K) : sinwg_drw has 0 polygons
2026-09-09 20:57:40 +0200: Memory Usage (469232K) : sinwg_filler has 0 polygons
2026-09-09 20:57:40 +0200: Memory Usage (469392K) : sinwg_nofill has 0 polygons
2026-09-09 20:57:40 +0200: Memory Usage (469392K) : mempad_drw has 0 polygons
2026-09-09 20:57:40 +0200: Memory Usage (469392K) : topvia1_drw has 0 polygons
2026-09-09 20:57:40 +0200: Memory Usage (469392K) : topmetal1_drw has 0 polygons
2026-09-09 20:57:40 +0200: Memory Usage (469392K) : topmetal1_pin has 0 polygons
2026-09-09 20:57:40 +0200: Memory Usage (469392K) : topmetal1_mask has 0 polygons
2026-09-09 20:57:40 +0200: Memory Usage (469392K) : topmetal1_filler has 0 polygons
2026-09-09 20:57:40 +0200: Memory Usage (469392K) : topmetal1_nofill has 0 polygons
2026-09-09 20:57:40 +0200: Memory Usage (469392K) : topmetal1_slit has 0 polygons
2026-09-09 20:57:40 +0200: Memory Usage (469392K) : topmetal1_text has 0 polygons
2026-09-09 20:57:40 +0200: Memory Usage (469552K) : topmetal1_noqrc has 0 polygons
2026-09-09 20:57:40 +0200: Memory Usage (469552K) : topmetal1_res has 0 polygons
2026-09-09 20:57:40 +0200: Memory Usage (469552K) : topmetal1_iprobe has 0 polygons
2026-09-09 20:57:40 +0200: Memory Usage (469712K) : topmetal1_diffprb has 0 polygons
2026-09-09 20:57:40 +0200: Memory Usage (469712K) : inldpwl_drw has 0 polygons
2026-09-09 20:57:40 +0200: Memory Usage (469712K) : polyres_drw has 0 polygons
2026-09-09 20:57:40 +0200: Memory Usage (469872K) : polyres_pin has 0 polygons
2026-09-09 20:57:40 +0200: Memory Usage (469872K) : vmim_drw has 0 polygons
2026-09-09 20:57:40 +0200: Memory Usage (469872K) : nbulaycut_drw has 0 polygons
2026-09-09 20:57:41 +0200: Memory Usage (470032K) : antmetal1_drw has 0 polygons
2026-09-09 20:57:41 +0200: Memory Usage (470032K) : topvia2_drw has 0 polygons
2026-09-09 20:57:41 +0200: Memory Usage (470032K) : topmetal2_drw has 0 polygons
2026-09-09 20:57:41 +0200: Memory Usage (470192K) : topmetal2_pin has 0 polygons
2026-09-09 20:57:41 +0200: Memory Usage (470192K) : topmetal2_mask has 0 polygons
2026-09-09 20:57:41 +0200: Memory Usage (470192K) : topmetal2_filler has 0 polygons
2026-09-09 20:57:41 +0200: Memory Usage (470352K) : topmetal2_nofill has 0 polygons
2026-09-09 20:57:41 +0200: Memory Usage (470352K) : topmetal2_slit has 0 polygons
2026-09-09 20:57:41 +0200: Memory Usage (470352K) : topmetal2_text has 0 polygons
2026-09-09 20:57:41 +0200: Memory Usage (470512K) : topmetal2_noqrc has 0 polygons
2026-09-09 20:57:41 +0200: Memory Usage (470512K) : topmetal2_res has 0 polygons
2026-09-09 20:57:41 +0200: Memory Usage (470512K) : topmetal2_iprobe has 0 polygons
2026-09-09 20:57:41 +0200: Memory Usage (470672K) : topmetal2_diffprb has 0 polygons
2026-09-09 20:57:41 +0200: Memory Usage (470672K) : snsring_drw has 0 polygons
2026-09-09 20:57:41 +0200: Memory Usage (470832K) : sensor_drw has 0 polygons
2026-09-09 20:57:41 +0200: Memory Usage (470832K) : snsarms_drw has 0 polygons
2026-09-09 20:57:41 +0200: Memory Usage (470832K) : snscmosvia_drw has 0 polygons
2026-09-09 20:57:41 +0200: Memory Usage (470832K) : colwind_drw has 0 polygons
2026-09-09 20:57:41 +0200: Memory Usage (470992K) : flm_drw has 0 polygons
2026-09-09 20:57:41 +0200: Memory Usage (470992K) : hafniumox_drw has 0 polygons
2026-09-09 20:57:41 +0200: Memory Usage (470992K) : memvia_drw has 0 polygons
2026-09-09 20:57:41 +0200: Memory Usage (471152K) : thinfilmres_drw has 0 polygons
2026-09-09 20:57:41 +0200: Memory Usage (471152K) : rfmem_drw has 0 polygons
2026-09-09 20:57:41 +0200: Memory Usage (471152K) : norcx_drw has 0 polygons
2026-09-09 20:57:41 +0200: Memory Usage (471312K) : norcx_m2m3 has 0 polygons
2026-09-09 20:57:41 +0200: Memory Usage (471312K) : norcx_m2m4 has 0 polygons
2026-09-09 20:57:41 +0200: Memory Usage (471312K) : norcx_m2m5 has 0 polygons
2026-09-09 20:57:41 +0200: Memory Usage (471472K) : norcx_m2tm1 has 0 polygons
2026-09-09 20:57:41 +0200: Memory Usage (471472K) : norcx_m2tm2 has 0 polygons
2026-09-09 20:57:41 +0200: Memory Usage (471472K) : norcx_m3m4 has 0 polygons
2026-09-09 20:57:41 +0200: Memory Usage (471632K) : norcx_m3m5 has 0 polygons
2026-09-09 20:57:41 +0200: Memory Usage (471632K) : norcx_m3tm1 has 0 polygons
2026-09-09 20:57:41 +0200: Memory Usage (471792K) : norcx_m3tm2 has 0 polygons
2026-09-09 20:57:41 +0200: Memory Usage (471792K) : norcx_m4m5 has 0 polygons
2026-09-09 20:57:41 +0200: Memory Usage (471792K) : norcx_m4tm1 has 0 polygons
2026-09-09 20:57:41 +0200: Memory Usage (471952K) : norcx_m4tm2 has 0 polygons
2026-09-09 20:57:41 +0200: Memory Usage (471952K) : norcx_m5tm1 has 0 polygons
2026-09-09 20:57:41 +0200: Memory Usage (471952K) : norcx_m5tm2 has 0 polygons
2026-09-09 20:57:41 +0200: Memory Usage (472112K) : norcx_tm1tm2 has 0 polygons
2026-09-09 20:57:41 +0200: Memory Usage (472112K) : norcx_m1sub has 0 polygons
2026-09-09 20:57:41 +0200: Memory Usage (472112K) : norcx_m2sub has 0 polygons
2026-09-09 20:57:41 +0200: Memory Usage (472272K) : norcx_m3sub has 0 polygons
2026-09-09 20:57:41 +0200: Memory Usage (472272K) : norcx_m4sub has 0 polygons
2026-09-09 20:57:41 +0200: Memory Usage (472272K) : norcx_m5sub has 0 polygons
2026-09-09 20:57:41 +0200: Memory Usage (472432K) : norcx_tm1sub has 0 polygons
2026-09-09 20:57:41 +0200: Memory Usage (472432K) : norcx_tm2sub has 0 polygons
2026-09-09 20:57:41 +0200: Memory Usage (472432K) : snsbotvia_drw has 0 polygons
2026-09-09 20:57:41 +0200: Memory Usage (472592K) : snstopvia_drw has 0 polygons
2026-09-09 20:57:41 +0200: Memory Usage (472592K) : deepvia_drw has 0 polygons
2026-09-09 20:57:41 +0200: Memory Usage (472592K) : fgetch_drw has 0 polygons
2026-09-09 20:57:41 +0200: Memory Usage (472752K) : ctrgat_drw has 0 polygons
2026-09-09 20:57:41 +0200: Memory Usage (472752K) : fgimp_drw has 0 polygons
2026-09-09 20:57:41 +0200: Memory Usage (472752K) : emwihv_drw has 0 polygons
2026-09-09 20:57:41 +0200: Memory Usage (472912K) : lbe_drw has 0 polygons
2026-09-09 20:57:41 +0200: Memory Usage (472912K) : alcustop_drw has 0 polygons
2026-09-09 20:57:41 +0200: Memory Usage (472912K) : nometfiller_drw has 0 polygons
2026-09-09 20:57:41 +0200: Memory Usage (473072K) : prboundary_drw has 0 polygons
2026-09-09 20:57:41 +0200: Memory Usage (473072K) : exchange0_drw has 0 polygons
2026-09-09 20:57:41 +0200: Memory Usage (473072K) : exchange0_pin has 0 polygons
2026-09-09 20:57:41 +0200: Memory Usage (473232K) : exchange0_text has 0 polygons
2026-09-09 20:57:41 +0200: Memory Usage (473232K) : exchange1_drw has 0 polygons
2026-09-09 20:57:41 +0200: Memory Usage (473232K) : exchange1_pin has 0 polygons
2026-09-09 20:57:41 +0200: Memory Usage (473392K) : exchange1_text has 0 polygons
2026-09-09 20:57:41 +0200: Memory Usage (473392K) : exchange2_drw has 0 polygons
2026-09-09 20:57:41 +0200: Memory Usage (473392K) : exchange2_pin has 0 polygons
2026-09-09 20:57:41 +0200: Memory Usage (473552K) : exchange2_text has 0 polygons
2026-09-09 20:57:41 +0200: Memory Usage (473552K) : exchange3_drw has 0 polygons
2026-09-09 20:57:41 +0200: Memory Usage (473552K) : exchange3_pin has 0 polygons
2026-09-09 20:57:41 +0200: Memory Usage (473712K) : exchange3_text has 0 polygons
2026-09-09 20:57:41 +0200: Memory Usage (473712K) : exchange4_drw has 0 polygons
2026-09-09 20:57:41 +0200: Memory Usage (473712K) : exchange4_pin has 0 polygons
2026-09-09 20:57:41 +0200: Memory Usage (473872K) : exchange4_text has 0 polygons
2026-09-09 20:57:41 +0200: Memory Usage (473872K) : isonwell_drw has 0 polygons
2026-09-09 20:57:41 +0200: Memory Usage (473872K) : Total no. of polygons in the design is 93
2026-09-09 20:57:41 +0200: Memory Usage (473872K) : Loaded TECH DRC rules values from /foss/pdks/ihp-sg13g2/libs.tech/klayout/python/sg13g2_pycell_lib/sg13g2_tech_mod.json
2026-09-09 20:57:41 +0200: Memory Usage (473872K) : Loaded default DRC rules values from /foss/pdks/ihp-sg13g2/libs.tech/klayout/tech/drc/rule_decks/sg13g2_tech_default.json
2026-09-09 20:57:41 +0200: Memory Usage (473872K) : The following rules values were missing in tech json and default values were used:
2026-09-09 20:57:41 +0200: Memory Usage (473872K) :   - NW_f1_digibnd
2026-09-09 20:57:41 +0200: Memory Usage (473872K) :   - Cnt_c_digibnd
2026-09-09 20:57:41 +0200: Memory Usage (473872K) :   - Cnt_c_sram
2026-09-09 20:57:41 +0200: Memory Usage (473872K) :   - Sdiod_b
2026-09-09 20:57:41 +0200: Memory Usage (473872K) :   - Sdiod_c
2026-09-09 20:57:41 +0200: Memory Usage (474660K) : Total area of the design is 21.2915 um^2.
2026-09-09 20:57:41 +0200: Memory Usage (474660K) : The design dimensions are 4.8500000000000005 µm * 4.39 µm.
2026-09-09 20:57:41 +0200: Memory Usage (474660K) : Starting general IHP-SG13G2 derivations.
2026-09-09 20:57:41 +0200: Memory Usage (474660K) : Starting Pwell derivations
2026-09-09 20:57:41 +0200: Memory Usage (476880K) : Starting pad general derivations
2026-09-09 20:57:41 +0200: Memory Usage (476880K) : Starting IHP-SG13G2 DRC rules.
2026-09-09 20:57:41 +0200: Memory Usage (476880K) : Starting 6.9.2 Copper Pillar table
2026-09-09 20:57:41 +0200: Memory Usage (476880K) : Executing rule Padc.a
2026-09-09 20:57:41 +0200: Memory Usage (477060K) : Executing rule Padc.b
2026-09-09 20:57:41 +0200: Memory Usage (477060K) : Executing rule Padc.c
2026-09-09 20:57:41 +0200: Memory Usage (477060K) : Executing rule Padb.f
2026-09-09 20:57:41 +0200: Memory Usage (477060K) : KLayout DRC run for tables 'copperpillar' completed in 0.18 seconds
