# Logfile created on 2026-09-09 20:57:37 +0200 by logger.rb/v1.5.3
2026-09-09 20:57:37 +0200: Memory Usage (455348K) : Starting running IHP-SG13G2 KLayout DRC runset on /foss/designs/aion_chip/flow/regress/AION_nand2_o21ai_0/baseline/reference_AION_nand2_o21ai_0.gds
2026-09-09 20:57:37 +0200: Memory Usage (455348K) : Ruby Version for klayout: 3.2.3
2026-09-09 20:57:37 +0200: Memory Usage (456316K) : Loading database to memory is complete.
2026-09-09 20:57:37 +0200: Memory Usage (456316K) : IHP-SG13G2 KLayout DRC runset output at: /foss/designs/aion_chip/flow/regress/AION_nand2_o21ai_0/baseline/drc/reference_AION_nand2_o21ai_0.klayout.drc/reference_AION_nand2_o21ai_0_reference_AION_nand2_o21ai_0_npnsubstratetie.lyrdb
2026-09-09 20:57:37 +0200: Memory Usage (456316K) : Evaluate switches.
2026-09-09 20:57:37 +0200: Memory Usage (456316K) : tables selected: npnsubstratetie
2026-09-09 20:57:37 +0200: Memory Usage (456316K) : KLayout will use 15 thread(s) in tiling mode.
2026-09-09 20:57:37 +0200: Memory Usage (456316K) : deep mode is enabled.
2026-09-09 20:57:37 +0200: Memory Usage (456316K) : FEOL enabled: false
2026-09-09 20:57:37 +0200: Memory Usage (456316K) : BEOL enabled: false
2026-09-09 20:57:37 +0200: Memory Usage (456316K) : OFFGRID enabled: true
2026-09-09 20:57:37 +0200: Memory Usage (456316K) : ANGLE enabled: true
2026-09-09 20:57:37 +0200: Memory Usage (456316K) : PIN enabled: false
2026-09-09 20:57:37 +0200: Memory Usage (456316K) : FORBIDDEN enabled: false
2026-09-09 20:57:37 +0200: Memory Usage (456316K) : RECOMMENDED enabled: true
2026-09-09 20:57:37 +0200: Memory Usage (456316K) : PreCheck DRC enabled: false
2026-09-09 20:57:37 +0200: Memory Usage (456316K) : CONNECTIVITY_RULES enabled: false.
2026-09-09 20:57:37 +0200: Memory Usage (456316K) : Read in polygons from layers.
2026-09-09 20:57:37 +0200: Memory Usage (457476K) : activ_drw has 6 polygons
2026-09-09 20:57:37 +0200: Memory Usage (457476K) : activ_pin has 0 polygons
2026-09-09 20:57:37 +0200: Memory Usage (457476K) : activ_mask has 0 polygons
2026-09-09 20:57:37 +0200: Memory Usage (457476K) : activ_filler has 0 polygons
2026-09-09 20:57:37 +0200: Memory Usage (457476K) : activ_nofill has 0 polygons
2026-09-09 20:57:37 +0200: Memory Usage (457476K) : activ_opc has 0 polygons
2026-09-09 20:57:37 +0200: Memory Usage (457476K) : activ_iopc has 0 polygons
2026-09-09 20:57:37 +0200: Memory Usage (457476K) : activ_noqrc has 0 polygons
2026-09-09 20:57:37 +0200: Memory Usage (457476K) : biwind_drw has 0 polygons
2026-09-09 20:57:37 +0200: Memory Usage (457476K) : biwind_opc has 0 polygons
2026-09-09 20:57:37 +0200: Memory Usage (457476K) : pemwind_drw has 0 polygons
2026-09-09 20:57:37 +0200: Memory Usage (457668K) : gatpoly_drw has 5 polygons
2026-09-09 20:57:37 +0200: Memory Usage (457668K) : gatpoly_pin has 0 polygons
2026-09-09 20:57:37 +0200: Memory Usage (457668K) : gatpoly_filler has 0 polygons
2026-09-09 20:57:37 +0200: Memory Usage (457668K) : gatpoly_nofill has 0 polygons
2026-09-09 20:57:37 +0200: Memory Usage (457828K) : gatpoly_opc has 0 polygons
2026-09-09 20:57:37 +0200: Memory Usage (457828K) : gatpoly_iopc has 0 polygons
2026-09-09 20:57:37 +0200: Memory Usage (457828K) : gatpoly_noqrc has 0 polygons
2026-09-09 20:57:37 +0200: Memory Usage (457828K) : cont_drw has 51 polygons
2026-09-09 20:57:37 +0200: Memory Usage (457988K) : cont_opc has 0 polygons
2026-09-09 20:57:37 +0200: Memory Usage (457988K) : nsd_drw has 0 polygons
2026-09-09 20:57:37 +0200: Memory Usage (457988K) : nsd_block has 0 polygons
2026-09-09 20:57:37 +0200: Memory Usage (458180K) : metal1_drw has 11 polygons
2026-09-09 20:57:37 +0200: Memory Usage (458180K) : metal1_pin has 7 polygons
2026-09-09 20:57:37 +0200: Memory Usage (458180K) : metal1_mask has 0 polygons
2026-09-09 20:57:37 +0200: Memory Usage (458180K) : metal1_filler has 0 polygons
2026-09-09 20:57:37 +0200: Memory Usage (458340K) : metal1_nofill has 0 polygons
2026-09-09 20:57:37 +0200: Memory Usage (458340K) : metal1_slit has 0 polygons
2026-09-09 20:57:37 +0200: Memory Usage (458532K) : metal1_text has 7 polygons
2026-09-09 20:57:37 +0200: Memory Usage (458532K) : metal1_opc has 0 polygons
2026-09-09 20:57:37 +0200: Memory Usage (458692K) : metal1_noqrc has 0 polygons
2026-09-09 20:57:37 +0200: Memory Usage (458692K) : metal1_res has 0 polygons
2026-09-09 20:57:37 +0200: Memory Usage (458692K) : metal1_iprobe has 0 polygons
2026-09-09 20:57:37 +0200: Memory Usage (458852K) : metal1_diffprb has 0 polygons
2026-09-09 20:57:37 +0200: Memory Usage (458852K) : passiv_drw has 0 polygons
2026-09-09 20:57:37 +0200: Memory Usage (458852K) : passiv_pin has 0 polygons
2026-09-09 20:57:37 +0200: Memory Usage (459012K) : passiv_sbump has 0 polygons
2026-09-09 20:57:37 +0200: Memory Usage (459012K) : passiv_pillar has 0 polygons
2026-09-09 20:57:37 +0200: Memory Usage (459012K) : passiv_pdl has 0 polygons
2026-09-09 20:57:37 +0200: Memory Usage (459012K) : metal2_drw has 1 polygons
2026-09-09 20:57:37 +0200: Memory Usage (459172K) : metal2_pin has 0 polygons
2026-09-09 20:57:37 +0200: Memory Usage (459172K) : metal2_mask has 0 polygons
2026-09-09 20:57:37 +0200: Memory Usage (459172K) : metal2_filler has 0 polygons
2026-09-09 20:57:37 +0200: Memory Usage (459172K) : metal2_nofill has 0 polygons
2026-09-09 20:57:37 +0200: Memory Usage (459172K) : metal2_slit has 0 polygons
2026-09-09 20:57:37 +0200: Memory Usage (459172K) : metal2_text has 0 polygons
2026-09-09 20:57:37 +0200: Memory Usage (459172K) : metal2_opc has 0 polygons
2026-09-09 20:57:37 +0200: Memory Usage (459332K) : metal2_noqrc has 0 polygons
2026-09-09 20:57:37 +0200: Memory Usage (459332K) : metal2_res has 0 polygons
2026-09-09 20:57:37 +0200: Memory Usage (459332K) : metal2_iprobe has 0 polygons
2026-09-09 20:57:37 +0200: Memory Usage (459332K) : metal2_diffprb has 0 polygons
2026-09-09 20:57:37 +0200: Memory Usage (459332K) : baspoly_drw has 0 polygons
2026-09-09 20:57:37 +0200: Memory Usage (459332K) : baspoly_pin has 0 polygons
2026-09-09 20:57:37 +0200: Memory Usage (459492K) : psd_drw has 2 polygons
2026-09-09 20:57:37 +0200: Memory Usage (459492K) : nldb_drw has 0 polygons
2026-09-09 20:57:37 +0200: Memory Usage (459492K) : digibnd_drw has 0 polygons
2026-09-09 20:57:37 +0200: Memory Usage (459652K) : via1_drw has 2 polygons
2026-09-09 20:57:37 +0200: Memory Usage (459652K) : backmetal1_drw has 0 polygons
2026-09-09 20:57:37 +0200: Memory Usage (459652K) : backmetal1_pin has 0 polygons
2026-09-09 20:57:37 +0200: Memory Usage (459812K) : backmetal1_mask has 0 polygons
2026-09-09 20:57:37 +0200: Memory Usage (459812K) : backmetal1_filler has 0 polygons
2026-09-09 20:57:37 +0200: Memory Usage (459812K) : backmetal1_nofill has 0 polygons
2026-09-09 20:57:37 +0200: Memory Usage (459972K) : backmetal1_slit has 0 polygons
2026-09-09 20:57:37 +0200: Memory Usage (459972K) : backmetal1_text has 0 polygons
2026-09-09 20:57:37 +0200: Memory Usage (459972K) : backmetal1_opc has 0 polygons
2026-09-09 20:57:37 +0200: Memory Usage (460132K) : backmetal1_noqrc has 0 polygons
2026-09-09 20:57:37 +0200: Memory Usage (460132K) : backmetal1_res has 0 polygons
2026-09-09 20:57:37 +0200: Memory Usage (460292K) : backmetal1_iprobe has 0 polygons
2026-09-09 20:57:37 +0200: Memory Usage (460452K) : backmetal1_diffprb has 0 polygons
2026-09-09 20:57:37 +0200: Memory Usage (460452K) : backpassiv_drw has 0 polygons
2026-09-09 20:57:37 +0200: Memory Usage (460452K) : res_drw has 0 polygons
2026-09-09 20:57:37 +0200: Memory Usage (460612K) : sram_drw has 0 polygons
2026-09-09 20:57:37 +0200: Memory Usage (460612K) : trans_drw has 0 polygons
2026-09-09 20:57:37 +0200: Memory Usage (460612K) : ind_drw has 0 polygons
2026-09-09 20:57:37 +0200: Memory Usage (460772K) : ind_pin has 0 polygons
2026-09-09 20:57:37 +0200: Memory Usage (460772K) : ind_text has 0 polygons
2026-09-09 20:57:37 +0200: Memory Usage (460772K) : salblock_drw has 0 polygons
2026-09-09 20:57:37 +0200: Memory Usage (460932K) : via2_drw has 0 polygons
2026-09-09 20:57:37 +0200: Memory Usage (460932K) : metal3_drw has 0 polygons
2026-09-09 20:57:37 +0200: Memory Usage (460932K) : metal3_pin has 0 polygons
2026-09-09 20:57:37 +0200: Memory Usage (461092K) : metal3_mask has 0 polygons
2026-09-09 20:57:37 +0200: Memory Usage (461092K) : metal3_filler has 0 polygons
2026-09-09 20:57:37 +0200: Memory Usage (461092K) : metal3_nofill has 0 polygons
2026-09-09 20:57:37 +0200: Memory Usage (461252K) : metal3_slit has 0 polygons
2026-09-09 20:57:37 +0200: Memory Usage (461252K) : metal3_text has 0 polygons
2026-09-09 20:57:37 +0200: Memory Usage (461252K) : metal3_opc has 0 polygons
2026-09-09 20:57:37 +0200: Memory Usage (461412K) : metal3_noqrc has 0 polygons
2026-09-09 20:57:37 +0200: Memory Usage (461412K) : metal3_res has 0 polygons
2026-09-09 20:57:37 +0200: Memory Usage (461572K) : metal3_iprobe has 0 polygons
2026-09-09 20:57:37 +0200: Memory Usage (461572K) : metal3_diffprb has 0 polygons
2026-09-09 20:57:37 +0200: Memory Usage (461732K) : nwell_drw has 1 polygons
2026-09-09 20:57:37 +0200: Memory Usage (461732K) : nwell_pin has 0 polygons
2026-09-09 20:57:37 +0200: Memory Usage (461732K) : nbulay_drw has 0 polygons
2026-09-09 20:57:37 +0200: Memory Usage (461732K) : nbulay_pin has 0 polygons
2026-09-09 20:57:37 +0200: Memory Usage (461732K) : nbulay_block has 0 polygons
2026-09-09 20:57:37 +0200: Memory Usage (461892K) : emwind_drw has 0 polygons
2026-09-09 20:57:37 +0200: Memory Usage (461892K) : emwind_opc has 0 polygons
2026-09-09 20:57:37 +0200: Memory Usage (461892K) : deepco_drw has 0 polygons
2026-09-09 20:57:37 +0200: Memory Usage (461892K) : deepco_drw has 0 polygons
2026-09-09 20:57:37 +0200: Memory Usage (462052K) : mim_drw has 0 polygons
2026-09-09 20:57:37 +0200: Memory Usage (462052K) : edgeseal_drw has 0 polygons
2026-09-09 20:57:37 +0200: Memory Usage (462052K) : edgeseal_bound has 0 polygons
2026-09-09 20:57:37 +0200: Memory Usage (462052K) : substrate_drw has 0 polygons
2026-09-09 20:57:37 +0200: Memory Usage (462212K) : substrate_text has 0 polygons
2026-09-09 20:57:37 +0200: Memory Usage (462212K) : dfpad_drw has 0 polygons
2026-09-09 20:57:37 +0200: Memory Usage (462212K) : dfpad_pillar has 0 polygons
2026-09-09 20:57:37 +0200: Memory Usage (462212K) : dfpad_sbump has 0 polygons
2026-09-09 20:57:37 +0200: Memory Usage (462372K) : thickgateox_drw has 0 polygons
2026-09-09 20:57:37 +0200: Memory Usage (462372K) : pldb_drw has 0 polygons
2026-09-09 20:57:37 +0200: Memory Usage (462372K) : pwell_drw has 0 polygons
2026-09-09 20:57:37 +0200: Memory Usage (462372K) : pwell_pin has 0 polygons
2026-09-09 20:57:37 +0200: Memory Usage (462532K) : pwell_block has 0 polygons
2026-09-09 20:57:37 +0200: Memory Usage (462532K) : ic_drw has 0 polygons
2026-09-09 20:57:37 +0200: Memory Usage (462692K) : via3_drw has 0 polygons
2026-09-09 20:57:37 +0200: Memory Usage (462692K) : metal4_drw has 0 polygons
2026-09-09 20:57:37 +0200: Memory Usage (462692K) : metal4_pin has 0 polygons
2026-09-09 20:57:37 +0200: Memory Usage (462852K) : metal4_mask has 0 polygons
2026-09-09 20:57:37 +0200: Memory Usage (462852K) : metal4_filler has 0 polygons
2026-09-09 20:57:37 +0200: Memory Usage (462852K) : metal4_nofill has 0 polygons
2026-09-09 20:57:37 +0200: Memory Usage (463012K) : metal4_slit has 0 polygons
2026-09-09 20:57:37 +0200: Memory Usage (463012K) : metal4_text has 0 polygons
2026-09-09 20:57:37 +0200: Memory Usage (463012K) : metal4_opc has 0 polygons
2026-09-09 20:57:37 +0200: Memory Usage (463172K) : metal4_noqrc has 0 polygons
2026-09-09 20:57:37 +0200: Memory Usage (463172K) : metal4_res has 0 polygons
2026-09-09 20:57:37 +0200: Memory Usage (463172K) : metal4_iprobe has 0 polygons
2026-09-09 20:57:37 +0200: Memory Usage (463332K) : metal4_diffprb has 0 polygons
2026-09-09 20:57:37 +0200: Memory Usage (463332K) : heattrans_drw has 0 polygons
2026-09-09 20:57:37 +0200: Memory Usage (463332K) : heatres_drw has 0 polygons
2026-09-09 20:57:37 +0200: Memory Usage (463492K) : pempoly_drw has 0 polygons
2026-09-09 20:57:37 +0200: Memory Usage (463492K) : fbe_drw has 0 polygons
2026-09-09 20:57:37 +0200: Memory Usage (463492K) : empoly_drw has 0 polygons
2026-09-09 20:57:37 +0200: Memory Usage (463652K) : ldmos_drw has 0 polygons
2026-09-09 20:57:37 +0200: Memory Usage (463652K) : pbiwind_drw has 0 polygons
2026-09-09 20:57:37 +0200: Memory Usage (463652K) : digisub_drw has 0 polygons
2026-09-09 20:57:37 +0200: Memory Usage (463812K) : nodrc_drw has 0 polygons
2026-09-09 20:57:37 +0200: Memory Usage (463812K) : text_drw has 0 polygons
2026-09-09 20:57:37 +0200: Memory Usage (463812K) : via4_drw has 0 polygons
2026-09-09 20:57:37 +0200: Memory Usage (463812K) : metal5_drw has 0 polygons
2026-09-09 20:57:37 +0200: Memory Usage (463972K) : metal5_pin has 0 polygons
2026-09-09 20:57:37 +0200: Memory Usage (463972K) : metal5_mask has 0 polygons
2026-09-09 20:57:37 +0200: Memory Usage (463972K) : metal5_filler has 0 polygons
2026-09-09 20:57:37 +0200: Memory Usage (463972K) : metal5_nofill has 0 polygons
2026-09-09 20:57:37 +0200: Memory Usage (464132K) : metal5_slit has 0 polygons
2026-09-09 20:57:37 +0200: Memory Usage (464132K) : metal5_text has 0 polygons
2026-09-09 20:57:37 +0200: Memory Usage (464132K) : metal5_opc has 0 polygons
2026-09-09 20:57:37 +0200: Memory Usage (464132K) : metal5_noqrc has 0 polygons
2026-09-09 20:57:37 +0200: Memory Usage (464292K) : metal5_res has 0 polygons
2026-09-09 20:57:37 +0200: Memory Usage (464292K) : metal5_iprobe has 0 polygons
2026-09-09 20:57:37 +0200: Memory Usage (464452K) : metal5_diffprb has 0 polygons
2026-09-09 20:57:37 +0200: Memory Usage (464452K) : radhard_drw has 0 polygons
2026-09-09 20:57:37 +0200: Memory Usage (464452K) : memcap_drw has 0 polygons
2026-09-09 20:57:37 +0200: Memory Usage (464612K) : varicap_drw has 0 polygons
2026-09-09 20:57:37 +0200: Memory Usage (464612K) : flash_drw has 0 polygons
2026-09-09 20:57:37 +0200: Memory Usage (464612K) : intbondvia_drw has 0 polygons
2026-09-09 20:57:37 +0200: Memory Usage (464772K) : intbondmet_drw has 0 polygons
2026-09-09 20:57:37 +0200: Memory Usage (464772K) : devbondvia_drw has 0 polygons
2026-09-09 20:57:37 +0200: Memory Usage (464772K) : devbondmet_drw has 0 polygons
2026-09-09 20:57:37 +0200: Memory Usage (464932K) : devtrench_drw has 0 polygons
2026-09-09 20:57:37 +0200: Memory Usage (464932K) : redist_drw has 0 polygons
2026-09-09 20:57:37 +0200: Memory Usage (464932K) : graphbot_drw has 0 polygons
2026-09-09 20:57:37 +0200: Memory Usage (465092K) : graphtop_drw has 0 polygons
2026-09-09 20:57:37 +0200: Memory Usage (465092K) : antvia1_drw has 0 polygons
2026-09-09 20:57:37 +0200: Memory Usage (465092K) : antmetal2_drw has 0 polygons
2026-09-09 20:57:37 +0200: Memory Usage (465252K) : graphcont_drw has 0 polygons
2026-09-09 20:57:37 +0200: Memory Usage (465252K) : siwg_drw has 0 polygons
2026-09-09 20:57:37 +0200: Memory Usage (465252K) : siwg_filler has 0 polygons
2026-09-09 20:57:37 +0200: Memory Usage (465412K) : siwg_nofill has 0 polygons
2026-09-09 20:57:37 +0200: Memory Usage (465412K) : sigrating_drw has 0 polygons
2026-09-09 20:57:37 +0200: Memory Usage (465412K) : singrating_drw has 0 polygons
2026-09-09 20:57:37 +0200: Memory Usage (465572K) : graphpas_drw has 0 polygons
2026-09-09 20:57:37 +0200: Memory Usage (465572K) : emwind3_drw has 0 polygons
2026-09-09 20:57:37 +0200: Memory Usage (465572K) : emwihv3_drw has 0 polygons
2026-09-09 20:57:37 +0200: Memory Usage (465732K) : redbulay_drw has 0 polygons
2026-09-09 20:57:37 +0200: Memory Usage (465732K) : smos_drw has 0 polygons
2026-09-09 20:57:37 +0200: Memory Usage (465732K) : graphpad_drw has 0 polygons
2026-09-09 20:57:37 +0200: Memory Usage (465732K) : polimide_drw has 0 polygons
2026-09-09 20:57:37 +0200: Memory Usage (465732K) : polimide_pin has 0 polygons
2026-09-09 20:57:37 +0200: Memory Usage (465732K) : recog_drw has 0 polygons
2026-09-09 20:57:37 +0200: Memory Usage (465892K) : recog_pin has 0 polygons
2026-09-09 20:57:37 +0200: Memory Usage (465892K) : recog_esd has 0 polygons
2026-09-09 20:57:37 +0200: Memory Usage (465892K) : recog_diode has 0 polygons
2026-09-09 20:57:37 +0200: Memory Usage (466052K) : recog_tsv has 0 polygons
2026-09-09 20:57:37 +0200: Memory Usage (466052K) : recog_iprobe has 0 polygons
2026-09-09 20:57:37 +0200: Memory Usage (466052K) : recog_diffprb has 0 polygons
2026-09-09 20:57:37 +0200: Memory Usage (466212K) : recog_pillar has 0 polygons
2026-09-09 20:57:37 +0200: Memory Usage (466212K) : recog_sbump has 0 polygons
2026-09-09 20:57:37 +0200: Memory Usage (466212K) : recog_otp has 0 polygons
2026-09-09 20:57:37 +0200: Memory Usage (466372K) : recog_pdiode has 0 polygons
2026-09-09 20:57:37 +0200: Memory Usage (466372K) : recog_mom has 0 polygons
2026-09-09 20:57:37 +0200: Memory Usage (466372K) : recog_pcm has 0 polygons
2026-09-09 20:57:37 +0200: Memory Usage (466532K) : colopen_drw has 0 polygons
2026-09-09 20:57:37 +0200: Memory Usage (466532K) : graphmetal1_drw has 0 polygons
2026-09-09 20:57:37 +0200: Memory Usage (466532K) : graphmetal1_filler has 0 polygons
2026-09-09 20:57:37 +0200: Memory Usage (466692K) : graphmetal1_nofill has 0 polygons
2026-09-09 20:57:37 +0200: Memory Usage (466692K) : graphmetal1_slit has 0 polygons
2026-09-09 20:57:37 +0200: Memory Usage (466692K) : graphmetal1_opc has 0 polygons
2026-09-09 20:57:37 +0200: Memory Usage (466852K) : graphmet1l_drw has 0 polygons
2026-09-09 20:57:37 +0200: Memory Usage (466852K) : graphmet1l_filler has 0 polygons
2026-09-09 20:57:37 +0200: Memory Usage (466852K) : graphmet1l_nofill has 0 polygons
2026-09-09 20:57:37 +0200: Memory Usage (467012K) : graphmet1l_slit has 0 polygons
2026-09-09 20:57:37 +0200: Memory Usage (467012K) : graphmet1l_opc has 0 polygons
2026-09-09 20:57:37 +0200: Memory Usage (467012K) : extblock_drw has 0 polygons
2026-09-09 20:57:37 +0200: Memory Usage (467172K) : nldd_drw has 0 polygons
2026-09-09 20:57:37 +0200: Memory Usage (467172K) : pldd_drw has 0 polygons
2026-09-09 20:57:37 +0200: Memory Usage (467172K) : next_drw has 0 polygons
2026-09-09 20:57:37 +0200: Memory Usage (467332K) : pext_drw has 0 polygons
2026-09-09 20:57:37 +0200: Memory Usage (467332K) : nexthv_drw has 0 polygons
2026-09-09 20:57:37 +0200: Memory Usage (467332K) : pexthv_drw has 0 polygons
2026-09-09 20:57:37 +0200: Memory Usage (467492K) : graphgate_drw has 0 polygons
2026-09-09 20:57:37 +0200: Memory Usage (467492K) : sinwg_drw has 0 polygons
2026-09-09 20:57:37 +0200: Memory Usage (467492K) : sinwg_filler has 0 polygons
2026-09-09 20:57:37 +0200: Memory Usage (467652K) : sinwg_nofill has 0 polygons
2026-09-09 20:57:37 +0200: Memory Usage (467652K) : mempad_drw has 0 polygons
2026-09-09 20:57:37 +0200: Memory Usage (467652K) : topvia1_drw has 0 polygons
2026-09-09 20:57:37 +0200: Memory Usage (467812K) : topmetal1_drw has 0 polygons
2026-09-09 20:57:37 +0200: Memory Usage (467812K) : topmetal1_pin has 0 polygons
2026-09-09 20:57:37 +0200: Memory Usage (467812K) : topmetal1_mask has 0 polygons
2026-09-09 20:57:37 +0200: Memory Usage (467812K) : topmetal1_filler has 0 polygons
2026-09-09 20:57:37 +0200: Memory Usage (467812K) : topmetal1_nofill has 0 polygons
2026-09-09 20:57:37 +0200: Memory Usage (467812K) : topmetal1_slit has 0 polygons
2026-09-09 20:57:37 +0200: Memory Usage (467812K) : topmetal1_text has 0 polygons
2026-09-09 20:57:37 +0200: Memory Usage (467812K) : topmetal1_noqrc has 0 polygons
2026-09-09 20:57:37 +0200: Memory Usage (467812K) : topmetal1_res has 0 polygons
2026-09-09 20:57:37 +0200: Memory Usage (467812K) : topmetal1_iprobe has 0 polygons
2026-09-09 20:57:37 +0200: Memory Usage (467972K) : topmetal1_diffprb has 0 polygons
2026-09-09 20:57:37 +0200: Memory Usage (467972K) : inldpwl_drw has 0 polygons
2026-09-09 20:57:37 +0200: Memory Usage (467972K) : polyres_drw has 0 polygons
2026-09-09 20:57:37 +0200: Memory Usage (468132K) : polyres_pin has 0 polygons
2026-09-09 20:57:37 +0200: Memory Usage (468132K) : vmim_drw has 0 polygons
2026-09-09 20:57:37 +0200: Memory Usage (468292K) : nbulaycut_drw has 0 polygons
2026-09-09 20:57:37 +0200: Memory Usage (468292K) : antmetal1_drw has 0 polygons
2026-09-09 20:57:37 +0200: Memory Usage (468292K) : topvia2_drw has 0 polygons
2026-09-09 20:57:37 +0200: Memory Usage (468452K) : topmetal2_drw has 0 polygons
2026-09-09 20:57:37 +0200: Memory Usage (468452K) : topmetal2_pin has 0 polygons
2026-09-09 20:57:37 +0200: Memory Usage (468452K) : topmetal2_mask has 0 polygons
2026-09-09 20:57:37 +0200: Memory Usage (468612K) : topmetal2_filler has 0 polygons
2026-09-09 20:57:37 +0200: Memory Usage (468612K) : topmetal2_nofill has 0 polygons
2026-09-09 20:57:37 +0200: Memory Usage (468612K) : topmetal2_slit has 0 polygons
2026-09-09 20:57:37 +0200: Memory Usage (468772K) : topmetal2_text has 0 polygons
2026-09-09 20:57:37 +0200: Memory Usage (468772K) : topmetal2_noqrc has 0 polygons
2026-09-09 20:57:37 +0200: Memory Usage (468772K) : topmetal2_res has 0 polygons
2026-09-09 20:57:37 +0200: Memory Usage (468932K) : topmetal2_iprobe has 0 polygons
2026-09-09 20:57:37 +0200: Memory Usage (468932K) : topmetal2_diffprb has 0 polygons
2026-09-09 20:57:37 +0200: Memory Usage (468932K) : snsring_drw has 0 polygons
2026-09-09 20:57:37 +0200: Memory Usage (469092K) : sensor_drw has 0 polygons
2026-09-09 20:57:37 +0200: Memory Usage (469092K) : snsarms_drw has 0 polygons
2026-09-09 20:57:37 +0200: Memory Usage (469092K) : snscmosvia_drw has 0 polygons
2026-09-09 20:57:37 +0200: Memory Usage (469252K) : colwind_drw has 0 polygons
2026-09-09 20:57:37 +0200: Memory Usage (469252K) : flm_drw has 0 polygons
2026-09-09 20:57:37 +0200: Memory Usage (469252K) : hafniumox_drw has 0 polygons
2026-09-09 20:57:37 +0200: Memory Usage (469252K) : memvia_drw has 0 polygons
2026-09-09 20:57:37 +0200: Memory Usage (469412K) : thinfilmres_drw has 0 polygons
2026-09-09 20:57:37 +0200: Memory Usage (469412K) : rfmem_drw has 0 polygons
2026-09-09 20:57:37 +0200: Memory Usage (469572K) : norcx_drw has 0 polygons
2026-09-09 20:57:37 +0200: Memory Usage (469572K) : norcx_m2m3 has 0 polygons
2026-09-09 20:57:37 +0200: Memory Usage (469572K) : norcx_m2m4 has 0 polygons
2026-09-09 20:57:37 +0200: Memory Usage (469572K) : norcx_m2m5 has 0 polygons
2026-09-09 20:57:37 +0200: Memory Usage (469732K) : norcx_m2tm1 has 0 polygons
2026-09-09 20:57:37 +0200: Memory Usage (469732K) : norcx_m2tm2 has 0 polygons
2026-09-09 20:57:37 +0200: Memory Usage (469892K) : norcx_m3m4 has 0 polygons
2026-09-09 20:57:37 +0200: Memory Usage (469892K) : norcx_m3m5 has 0 polygons
2026-09-09 20:57:37 +0200: Memory Usage (469892K) : norcx_m3tm1 has 0 polygons
2026-09-09 20:57:37 +0200: Memory Usage (470052K) : norcx_m3tm2 has 0 polygons
2026-09-09 20:57:37 +0200: Memory Usage (470052K) : norcx_m4m5 has 0 polygons
2026-09-09 20:57:37 +0200: Memory Usage (470052K) : norcx_m4tm1 has 0 polygons
2026-09-09 20:57:37 +0200: Memory Usage (470212K) : norcx_m4tm2 has 0 polygons
2026-09-09 20:57:37 +0200: Memory Usage (470212K) : norcx_m5tm1 has 0 polygons
2026-09-09 20:57:37 +0200: Memory Usage (470212K) : norcx_m5tm2 has 0 polygons
2026-09-09 20:57:37 +0200: Memory Usage (470372K) : norcx_tm1tm2 has 0 polygons
2026-09-09 20:57:37 +0200: Memory Usage (470372K) : norcx_m1sub has 0 polygons
2026-09-09 20:57:37 +0200: Memory Usage (470372K) : norcx_m2sub has 0 polygons
2026-09-09 20:57:37 +0200: Memory Usage (470532K) : norcx_m3sub has 0 polygons
2026-09-09 20:57:37 +0200: Memory Usage (470532K) : norcx_m4sub has 0 polygons
2026-09-09 20:57:37 +0200: Memory Usage (470532K) : norcx_m5sub has 0 polygons
2026-09-09 20:57:37 +0200: Memory Usage (470692K) : norcx_tm1sub has 0 polygons
2026-09-09 20:57:37 +0200: Memory Usage (470692K) : norcx_tm2sub has 0 polygons
2026-09-09 20:57:37 +0200: Memory Usage (470692K) : snsbotvia_drw has 0 polygons
2026-09-09 20:57:37 +0200: Memory Usage (470852K) : snstopvia_drw has 0 polygons
2026-09-09 20:57:37 +0200: Memory Usage (470852K) : deepvia_drw has 0 polygons
2026-09-09 20:57:37 +0200: Memory Usage (470852K) : fgetch_drw has 0 polygons
2026-09-09 20:57:37 +0200: Memory Usage (471012K) : ctrgat_drw has 0 polygons
2026-09-09 20:57:37 +0200: Memory Usage (471012K) : fgimp_drw has 0 polygons
2026-09-09 20:57:37 +0200: Memory Usage (471012K) : emwihv_drw has 0 polygons
2026-09-09 20:57:37 +0200: Memory Usage (471172K) : lbe_drw has 0 polygons
2026-09-09 20:57:37 +0200: Memory Usage (471172K) : alcustop_drw has 0 polygons
2026-09-09 20:57:37 +0200: Memory Usage (471172K) : nometfiller_drw has 0 polygons
2026-09-09 20:57:37 +0200: Memory Usage (471332K) : prboundary_drw has 0 polygons
2026-09-09 20:57:37 +0200: Memory Usage (471332K) : exchange0_drw has 0 polygons
2026-09-09 20:57:37 +0200: Memory Usage (471332K) : exchange0_pin has 0 polygons
2026-09-09 20:57:37 +0200: Memory Usage (471492K) : exchange0_text has 0 polygons
2026-09-09 20:57:37 +0200: Memory Usage (471492K) : exchange1_drw has 0 polygons
2026-09-09 20:57:37 +0200: Memory Usage (471492K) : exchange1_pin has 0 polygons
2026-09-09 20:57:37 +0200: Memory Usage (471652K) : exchange1_text has 0 polygons
2026-09-09 20:57:37 +0200: Memory Usage (471652K) : exchange2_drw has 0 polygons
2026-09-09 20:57:37 +0200: Memory Usage (471652K) : exchange2_pin has 0 polygons
2026-09-09 20:57:37 +0200: Memory Usage (471812K) : exchange2_text has 0 polygons
2026-09-09 20:57:37 +0200: Memory Usage (471812K) : exchange3_drw has 0 polygons
2026-09-09 20:57:37 +0200: Memory Usage (471812K) : exchange3_pin has 0 polygons
2026-09-09 20:57:37 +0200: Memory Usage (471972K) : exchange3_text has 0 polygons
2026-09-09 20:57:37 +0200: Memory Usage (471972K) : exchange4_drw has 0 polygons
2026-09-09 20:57:37 +0200: Memory Usage (471972K) : exchange4_pin has 0 polygons
2026-09-09 20:57:37 +0200: Memory Usage (471972K) : exchange4_text has 0 polygons
2026-09-09 20:57:37 +0200: Memory Usage (472132K) : isonwell_drw has 0 polygons
2026-09-09 20:57:37 +0200: Memory Usage (472132K) : Total no. of polygons in the design is 93
2026-09-09 20:57:37 +0200: Memory Usage (472132K) : Loaded TECH DRC rules values from /foss/pdks/ihp-sg13g2/libs.tech/klayout/python/sg13g2_pycell_lib/sg13g2_tech_mod.json
2026-09-09 20:57:37 +0200: Memory Usage (472132K) : Loaded default DRC rules values from /foss/pdks/ihp-sg13g2/libs.tech/klayout/tech/drc/rule_decks/sg13g2_tech_default.json
2026-09-09 20:57:37 +0200: Memory Usage (472132K) : The following rules values were missing in tech json and default values were used:
2026-09-09 20:57:37 +0200: Memory Usage (472132K) :   - NW_f1_digibnd
2026-09-09 20:57:37 +0200: Memory Usage (472132K) :   - Cnt_c_digibnd
2026-09-09 20:57:37 +0200: Memory Usage (472132K) :   - Cnt_c_sram
2026-09-09 20:57:37 +0200: Memory Usage (472132K) :   - Sdiod_b
2026-09-09 20:57:37 +0200: Memory Usage (472132K) :   - Sdiod_c
2026-09-09 20:57:37 +0200: Memory Usage (473264K) : Total area of the design is 21.2915 um^2.
2026-09-09 20:57:37 +0200: Memory Usage (473264K) : The design dimensions are 4.8500000000000005 µm * 4.39 µm.
2026-09-09 20:57:37 +0200: Memory Usage (473264K) : Starting general IHP-SG13G2 derivations.
2026-09-09 20:57:37 +0200: Memory Usage (473264K) : Starting Pwell derivations
2026-09-09 20:57:37 +0200: Memory Usage (475320K) : Starting p-Activ derivations
2026-09-09 20:57:37 +0200: Memory Usage (475480K) : Starting ptap derivations
2026-09-09 20:57:37 +0200: Memory Usage (475480K) : Starting HBT general derivations
2026-09-09 20:57:37 +0200: Memory Usage (475480K) : Starting IHP-SG13G2 DRC rules.
2026-09-09 20:57:37 +0200: Memory Usage (475480K) : Starting 6.1.3 NPN Substrate-Tie table
2026-09-09 20:57:37 +0200: Memory Usage (475480K) : Executing rule npn13G2.bR 
2026-09-09 20:57:37 +0200: Memory Usage (475480K) : Executing rule npn13G2L.cR 
2026-09-09 20:57:37 +0200: Memory Usage (475480K) : Executing rule npn13G2V.cR 
2026-09-09 20:57:37 +0200: Memory Usage (475480K) : KLayout DRC run for tables 'npnsubstratetie' completed in 0.18 seconds
