# Logfile created on 2026-09-09 20:57:42 +0200 by logger.rb/v1.5.3
2026-09-09 20:57:42 +0200: Memory Usage (455956K) : Starting running IHP-SG13G2 KLayout DRC runset on /foss/designs/aion_chip/flow/regress/AION_nand2_o21ai_0/baseline/reference_AION_nand2_o21ai_0.gds
2026-09-09 20:57:42 +0200: Memory Usage (455956K) : Ruby Version for klayout: 3.2.3
2026-09-09 20:57:42 +0200: Memory Usage (456884K) : Loading database to memory is complete.
2026-09-09 20:57:42 +0200: Memory Usage (456884K) : IHP-SG13G2 KLayout DRC runset output at: /foss/designs/aion_chip/flow/regress/AION_nand2_o21ai_0/baseline/drc/reference_AION_nand2_o21ai_0.klayout.drc/reference_AION_nand2_o21ai_0_reference_AION_nand2_o21ai_0_pin.lyrdb
2026-09-09 20:57:42 +0200: Memory Usage (456884K) : Evaluate switches.
2026-09-09 20:57:42 +0200: Memory Usage (456884K) : tables selected: pin
2026-09-09 20:57:42 +0200: Memory Usage (456884K) : KLayout will use 15 thread(s) in tiling mode.
2026-09-09 20:57:42 +0200: Memory Usage (456884K) : deep mode is enabled.
2026-09-09 20:57:42 +0200: Memory Usage (456884K) : FEOL enabled: false
2026-09-09 20:57:42 +0200: Memory Usage (456884K) : BEOL enabled: false
2026-09-09 20:57:42 +0200: Memory Usage (456884K) : OFFGRID enabled: true
2026-09-09 20:57:42 +0200: Memory Usage (456884K) : ANGLE enabled: true
2026-09-09 20:57:42 +0200: Memory Usage (456884K) : PIN enabled: false
2026-09-09 20:57:42 +0200: Memory Usage (456884K) : FORBIDDEN enabled: false
2026-09-09 20:57:42 +0200: Memory Usage (456884K) : RECOMMENDED enabled: true
2026-09-09 20:57:42 +0200: Memory Usage (456884K) : PreCheck DRC enabled: false
2026-09-09 20:57:42 +0200: Memory Usage (456884K) : CONNECTIVITY_RULES enabled: false.
2026-09-09 20:57:42 +0200: Memory Usage (456884K) : Read in polygons from layers.
2026-09-09 20:57:42 +0200: Memory Usage (458032K) : activ_drw has 6 polygons
2026-09-09 20:57:42 +0200: Memory Usage (458032K) : activ_pin has 0 polygons
2026-09-09 20:57:42 +0200: Memory Usage (458032K) : activ_mask has 0 polygons
2026-09-09 20:57:42 +0200: Memory Usage (458032K) : activ_filler has 0 polygons
2026-09-09 20:57:42 +0200: Memory Usage (458032K) : activ_nofill has 0 polygons
2026-09-09 20:57:42 +0200: Memory Usage (458032K) : activ_opc has 0 polygons
2026-09-09 20:57:42 +0200: Memory Usage (458032K) : activ_iopc has 0 polygons
2026-09-09 20:57:42 +0200: Memory Usage (458032K) : activ_noqrc has 0 polygons
2026-09-09 20:57:42 +0200: Memory Usage (458032K) : biwind_drw has 0 polygons
2026-09-09 20:57:42 +0200: Memory Usage (458032K) : biwind_opc has 0 polygons
2026-09-09 20:57:42 +0200: Memory Usage (458032K) : pemwind_drw has 0 polygons
2026-09-09 20:57:42 +0200: Memory Usage (458224K) : gatpoly_drw has 5 polygons
2026-09-09 20:57:42 +0200: Memory Usage (458224K) : gatpoly_pin has 0 polygons
2026-09-09 20:57:42 +0200: Memory Usage (458224K) : gatpoly_filler has 0 polygons
2026-09-09 20:57:42 +0200: Memory Usage (458384K) : gatpoly_nofill has 0 polygons
2026-09-09 20:57:42 +0200: Memory Usage (458384K) : gatpoly_opc has 0 polygons
2026-09-09 20:57:42 +0200: Memory Usage (458384K) : gatpoly_iopc has 0 polygons
2026-09-09 20:57:42 +0200: Memory Usage (458384K) : gatpoly_noqrc has 0 polygons
2026-09-09 20:57:42 +0200: Memory Usage (458384K) : cont_drw has 51 polygons
2026-09-09 20:57:42 +0200: Memory Usage (458544K) : cont_opc has 0 polygons
2026-09-09 20:57:42 +0200: Memory Usage (458544K) : nsd_drw has 0 polygons
2026-09-09 20:57:42 +0200: Memory Usage (458544K) : nsd_block has 0 polygons
2026-09-09 20:57:42 +0200: Memory Usage (458736K) : metal1_drw has 11 polygons
2026-09-09 20:57:42 +0200: Memory Usage (458736K) : metal1_pin has 7 polygons
2026-09-09 20:57:42 +0200: Memory Usage (458736K) : metal1_mask has 0 polygons
2026-09-09 20:57:42 +0200: Memory Usage (458736K) : metal1_filler has 0 polygons
2026-09-09 20:57:42 +0200: Memory Usage (458896K) : metal1_nofill has 0 polygons
2026-09-09 20:57:42 +0200: Memory Usage (458896K) : metal1_slit has 0 polygons
2026-09-09 20:57:42 +0200: Memory Usage (459088K) : metal1_text has 7 polygons
2026-09-09 20:57:42 +0200: Memory Usage (459248K) : metal1_opc has 0 polygons
2026-09-09 20:57:42 +0200: Memory Usage (459248K) : metal1_noqrc has 0 polygons
2026-09-09 20:57:42 +0200: Memory Usage (459248K) : metal1_res has 0 polygons
2026-09-09 20:57:42 +0200: Memory Usage (459408K) : metal1_iprobe has 0 polygons
2026-09-09 20:57:42 +0200: Memory Usage (459408K) : metal1_diffprb has 0 polygons
2026-09-09 20:57:42 +0200: Memory Usage (459408K) : passiv_drw has 0 polygons
2026-09-09 20:57:42 +0200: Memory Usage (459568K) : passiv_pin has 0 polygons
2026-09-09 20:57:42 +0200: Memory Usage (459568K) : passiv_sbump has 0 polygons
2026-09-09 20:57:42 +0200: Memory Usage (459568K) : passiv_pillar has 0 polygons
2026-09-09 20:57:42 +0200: Memory Usage (459728K) : passiv_pdl has 0 polygons
2026-09-09 20:57:42 +0200: Memory Usage (459728K) : metal2_drw has 1 polygons
2026-09-09 20:57:42 +0200: Memory Usage (459728K) : metal2_pin has 0 polygons
2026-09-09 20:57:42 +0200: Memory Usage (459728K) : metal2_mask has 0 polygons
2026-09-09 20:57:42 +0200: Memory Usage (459728K) : metal2_filler has 0 polygons
2026-09-09 20:57:42 +0200: Memory Usage (459728K) : metal2_nofill has 0 polygons
2026-09-09 20:57:42 +0200: Memory Usage (459728K) : metal2_slit has 0 polygons
2026-09-09 20:57:42 +0200: Memory Usage (459728K) : metal2_text has 0 polygons
2026-09-09 20:57:42 +0200: Memory Usage (459728K) : metal2_opc has 0 polygons
2026-09-09 20:57:42 +0200: Memory Usage (459888K) : metal2_noqrc has 0 polygons
2026-09-09 20:57:42 +0200: Memory Usage (459888K) : metal2_res has 0 polygons
2026-09-09 20:57:42 +0200: Memory Usage (459888K) : metal2_iprobe has 0 polygons
2026-09-09 20:57:42 +0200: Memory Usage (459888K) : metal2_diffprb has 0 polygons
2026-09-09 20:57:42 +0200: Memory Usage (459888K) : baspoly_drw has 0 polygons
2026-09-09 20:57:42 +0200: Memory Usage (460048K) : baspoly_pin has 0 polygons
2026-09-09 20:57:42 +0200: Memory Usage (460048K) : psd_drw has 2 polygons
2026-09-09 20:57:42 +0200: Memory Usage (460048K) : nldb_drw has 0 polygons
2026-09-09 20:57:42 +0200: Memory Usage (460208K) : digibnd_drw has 0 polygons
2026-09-09 20:57:42 +0200: Memory Usage (460208K) : via1_drw has 2 polygons
2026-09-09 20:57:42 +0200: Memory Usage (460208K) : backmetal1_drw has 0 polygons
2026-09-09 20:57:42 +0200: Memory Usage (460368K) : backmetal1_pin has 0 polygons
2026-09-09 20:57:42 +0200: Memory Usage (460368K) : backmetal1_mask has 0 polygons
2026-09-09 20:57:42 +0200: Memory Usage (460368K) : backmetal1_filler has 0 polygons
2026-09-09 20:57:42 +0200: Memory Usage (460528K) : backmetal1_nofill has 0 polygons
2026-09-09 20:57:42 +0200: Memory Usage (460528K) : backmetal1_slit has 0 polygons
2026-09-09 20:57:42 +0200: Memory Usage (460528K) : backmetal1_text has 0 polygons
2026-09-09 20:57:42 +0200: Memory Usage (460688K) : backmetal1_opc has 0 polygons
2026-09-09 20:57:42 +0200: Memory Usage (460688K) : backmetal1_noqrc has 0 polygons
2026-09-09 20:57:42 +0200: Memory Usage (460848K) : backmetal1_res has 0 polygons
2026-09-09 20:57:42 +0200: Memory Usage (461008K) : backmetal1_iprobe has 0 polygons
2026-09-09 20:57:42 +0200: Memory Usage (461008K) : backmetal1_diffprb has 0 polygons
2026-09-09 20:57:42 +0200: Memory Usage (461008K) : backpassiv_drw has 0 polygons
2026-09-09 20:57:42 +0200: Memory Usage (461168K) : res_drw has 0 polygons
2026-09-09 20:57:42 +0200: Memory Usage (461168K) : sram_drw has 0 polygons
2026-09-09 20:57:42 +0200: Memory Usage (461168K) : trans_drw has 0 polygons
2026-09-09 20:57:42 +0200: Memory Usage (461328K) : ind_drw has 0 polygons
2026-09-09 20:57:42 +0200: Memory Usage (461328K) : ind_pin has 0 polygons
2026-09-09 20:57:42 +0200: Memory Usage (461328K) : ind_text has 0 polygons
2026-09-09 20:57:42 +0200: Memory Usage (461488K) : salblock_drw has 0 polygons
2026-09-09 20:57:42 +0200: Memory Usage (461488K) : via2_drw has 0 polygons
2026-09-09 20:57:42 +0200: Memory Usage (461488K) : metal3_drw has 0 polygons
2026-09-09 20:57:42 +0200: Memory Usage (461648K) : metal3_pin has 0 polygons
2026-09-09 20:57:42 +0200: Memory Usage (461648K) : metal3_mask has 0 polygons
2026-09-09 20:57:42 +0200: Memory Usage (461648K) : metal3_filler has 0 polygons
2026-09-09 20:57:42 +0200: Memory Usage (461808K) : metal3_nofill has 0 polygons
2026-09-09 20:57:42 +0200: Memory Usage (461808K) : metal3_slit has 0 polygons
2026-09-09 20:57:42 +0200: Memory Usage (461808K) : metal3_text has 0 polygons
2026-09-09 20:57:42 +0200: Memory Usage (461968K) : metal3_opc has 0 polygons
2026-09-09 20:57:42 +0200: Memory Usage (461968K) : metal3_noqrc has 0 polygons
2026-09-09 20:57:42 +0200: Memory Usage (462128K) : metal3_res has 0 polygons
2026-09-09 20:57:42 +0200: Memory Usage (462128K) : metal3_iprobe has 0 polygons
2026-09-09 20:57:42 +0200: Memory Usage (462128K) : metal3_diffprb has 0 polygons
2026-09-09 20:57:42 +0200: Memory Usage (462128K) : nwell_drw has 1 polygons
2026-09-09 20:57:42 +0200: Memory Usage (462288K) : nwell_pin has 0 polygons
2026-09-09 20:57:42 +0200: Memory Usage (462288K) : nbulay_drw has 0 polygons
2026-09-09 20:57:42 +0200: Memory Usage (462288K) : nbulay_pin has 0 polygons
2026-09-09 20:57:42 +0200: Memory Usage (462288K) : nbulay_block has 0 polygons
2026-09-09 20:57:42 +0200: Memory Usage (462448K) : emwind_drw has 0 polygons
2026-09-09 20:57:42 +0200: Memory Usage (462448K) : emwind_opc has 0 polygons
2026-09-09 20:57:42 +0200: Memory Usage (462448K) : deepco_drw has 0 polygons
2026-09-09 20:57:42 +0200: Memory Usage (462448K) : deepco_drw has 0 polygons
2026-09-09 20:57:42 +0200: Memory Usage (462608K) : mim_drw has 0 polygons
2026-09-09 20:57:42 +0200: Memory Usage (462608K) : edgeseal_drw has 0 polygons
2026-09-09 20:57:42 +0200: Memory Usage (462608K) : edgeseal_bound has 0 polygons
2026-09-09 20:57:42 +0200: Memory Usage (462608K) : substrate_drw has 0 polygons
2026-09-09 20:57:42 +0200: Memory Usage (462608K) : substrate_text has 0 polygons
2026-09-09 20:57:42 +0200: Memory Usage (462768K) : dfpad_drw has 0 polygons
2026-09-09 20:57:42 +0200: Memory Usage (462768K) : dfpad_pillar has 0 polygons
2026-09-09 20:57:42 +0200: Memory Usage (462768K) : dfpad_sbump has 0 polygons
2026-09-09 20:57:42 +0200: Memory Usage (462928K) : thickgateox_drw has 0 polygons
2026-09-09 20:57:42 +0200: Memory Usage (462928K) : pldb_drw has 0 polygons
2026-09-09 20:57:42 +0200: Memory Usage (462928K) : pwell_drw has 0 polygons
2026-09-09 20:57:42 +0200: Memory Usage (463088K) : pwell_pin has 0 polygons
2026-09-09 20:57:42 +0200: Memory Usage (463088K) : pwell_block has 0 polygons
2026-09-09 20:57:42 +0200: Memory Usage (463088K) : ic_drw has 0 polygons
2026-09-09 20:57:42 +0200: Memory Usage (463248K) : via3_drw has 0 polygons
2026-09-09 20:57:42 +0200: Memory Usage (463248K) : metal4_drw has 0 polygons
2026-09-09 20:57:42 +0200: Memory Usage (463248K) : metal4_pin has 0 polygons
2026-09-09 20:57:42 +0200: Memory Usage (463408K) : metal4_mask has 0 polygons
2026-09-09 20:57:42 +0200: Memory Usage (463408K) : metal4_filler has 0 polygons
2026-09-09 20:57:42 +0200: Memory Usage (463408K) : metal4_nofill has 0 polygons
2026-09-09 20:57:42 +0200: Memory Usage (463568K) : metal4_slit has 0 polygons
2026-09-09 20:57:42 +0200: Memory Usage (463568K) : metal4_text has 0 polygons
2026-09-09 20:57:42 +0200: Memory Usage (463568K) : metal4_opc has 0 polygons
2026-09-09 20:57:42 +0200: Memory Usage (463728K) : metal4_noqrc has 0 polygons
2026-09-09 20:57:42 +0200: Memory Usage (463728K) : metal4_res has 0 polygons
2026-09-09 20:57:42 +0200: Memory Usage (463888K) : metal4_iprobe has 0 polygons
2026-09-09 20:57:42 +0200: Memory Usage (463888K) : metal4_diffprb has 0 polygons
2026-09-09 20:57:42 +0200: Memory Usage (463888K) : heattrans_drw has 0 polygons
2026-09-09 20:57:42 +0200: Memory Usage (464048K) : heatres_drw has 0 polygons
2026-09-09 20:57:42 +0200: Memory Usage (464048K) : pempoly_drw has 0 polygons
2026-09-09 20:57:42 +0200: Memory Usage (464048K) : fbe_drw has 0 polygons
2026-09-09 20:57:42 +0200: Memory Usage (464208K) : empoly_drw has 0 polygons
2026-09-09 20:57:42 +0200: Memory Usage (464208K) : ldmos_drw has 0 polygons
2026-09-09 20:57:42 +0200: Memory Usage (464208K) : pbiwind_drw has 0 polygons
2026-09-09 20:57:42 +0200: Memory Usage (464208K) : digisub_drw has 0 polygons
2026-09-09 20:57:42 +0200: Memory Usage (464368K) : nodrc_drw has 0 polygons
2026-09-09 20:57:42 +0200: Memory Usage (464368K) : text_drw has 0 polygons
2026-09-09 20:57:42 +0200: Memory Usage (464368K) : via4_drw has 0 polygons
2026-09-09 20:57:42 +0200: Memory Usage (464368K) : metal5_drw has 0 polygons
2026-09-09 20:57:42 +0200: Memory Usage (464528K) : metal5_pin has 0 polygons
2026-09-09 20:57:42 +0200: Memory Usage (464528K) : metal5_mask has 0 polygons
2026-09-09 20:57:42 +0200: Memory Usage (464528K) : metal5_filler has 0 polygons
2026-09-09 20:57:42 +0200: Memory Usage (464688K) : metal5_nofill has 0 polygons
2026-09-09 20:57:42 +0200: Memory Usage (464688K) : metal5_slit has 0 polygons
2026-09-09 20:57:42 +0200: Memory Usage (464688K) : metal5_text has 0 polygons
2026-09-09 20:57:42 +0200: Memory Usage (464848K) : metal5_opc has 0 polygons
2026-09-09 20:57:42 +0200: Memory Usage (464848K) : metal5_noqrc has 0 polygons
2026-09-09 20:57:42 +0200: Memory Usage (464848K) : metal5_res has 0 polygons
2026-09-09 20:57:42 +0200: Memory Usage (465008K) : metal5_iprobe has 0 polygons
2026-09-09 20:57:42 +0200: Memory Usage (465008K) : metal5_diffprb has 0 polygons
2026-09-09 20:57:42 +0200: Memory Usage (465008K) : radhard_drw has 0 polygons
2026-09-09 20:57:42 +0200: Memory Usage (465168K) : memcap_drw has 0 polygons
2026-09-09 20:57:42 +0200: Memory Usage (465168K) : varicap_drw has 0 polygons
2026-09-09 20:57:42 +0200: Memory Usage (465168K) : flash_drw has 0 polygons
2026-09-09 20:57:42 +0200: Memory Usage (465328K) : intbondvia_drw has 0 polygons
2026-09-09 20:57:42 +0200: Memory Usage (465328K) : intbondmet_drw has 0 polygons
2026-09-09 20:57:42 +0200: Memory Usage (465328K) : devbondvia_drw has 0 polygons
2026-09-09 20:57:42 +0200: Memory Usage (465488K) : devbondmet_drw has 0 polygons
2026-09-09 20:57:42 +0200: Memory Usage (465488K) : devtrench_drw has 0 polygons
2026-09-09 20:57:42 +0200: Memory Usage (465488K) : redist_drw has 0 polygons
2026-09-09 20:57:42 +0200: Memory Usage (465648K) : graphbot_drw has 0 polygons
2026-09-09 20:57:42 +0200: Memory Usage (465648K) : graphtop_drw has 0 polygons
2026-09-09 20:57:42 +0200: Memory Usage (465648K) : antvia1_drw has 0 polygons
2026-09-09 20:57:42 +0200: Memory Usage (465808K) : antmetal2_drw has 0 polygons
2026-09-09 20:57:42 +0200: Memory Usage (465808K) : graphcont_drw has 0 polygons
2026-09-09 20:57:42 +0200: Memory Usage (465808K) : siwg_drw has 0 polygons
2026-09-09 20:57:42 +0200: Memory Usage (465968K) : siwg_filler has 0 polygons
2026-09-09 20:57:42 +0200: Memory Usage (465968K) : siwg_nofill has 0 polygons
2026-09-09 20:57:42 +0200: Memory Usage (465968K) : sigrating_drw has 0 polygons
2026-09-09 20:57:42 +0200: Memory Usage (466128K) : singrating_drw has 0 polygons
2026-09-09 20:57:42 +0200: Memory Usage (466128K) : graphpas_drw has 0 polygons
2026-09-09 20:57:42 +0200: Memory Usage (466128K) : emwind3_drw has 0 polygons
2026-09-09 20:57:42 +0200: Memory Usage (466128K) : emwihv3_drw has 0 polygons
2026-09-09 20:57:42 +0200: Memory Usage (466128K) : redbulay_drw has 0 polygons
2026-09-09 20:57:42 +0200: Memory Usage (466288K) : smos_drw has 0 polygons
2026-09-09 20:57:42 +0200: Memory Usage (466288K) : graphpad_drw has 0 polygons
2026-09-09 20:57:42 +0200: Memory Usage (466288K) : polimide_drw has 0 polygons
2026-09-09 20:57:42 +0200: Memory Usage (466288K) : polimide_pin has 0 polygons
2026-09-09 20:57:42 +0200: Memory Usage (466448K) : recog_drw has 0 polygons
2026-09-09 20:57:42 +0200: Memory Usage (466448K) : recog_pin has 0 polygons
2026-09-09 20:57:42 +0200: Memory Usage (466448K) : recog_esd has 0 polygons
2026-09-09 20:57:42 +0200: Memory Usage (466608K) : recog_diode has 0 polygons
2026-09-09 20:57:42 +0200: Memory Usage (466608K) : recog_tsv has 0 polygons
2026-09-09 20:57:42 +0200: Memory Usage (466608K) : recog_iprobe has 0 polygons
2026-09-09 20:57:42 +0200: Memory Usage (466768K) : recog_diffprb has 0 polygons
2026-09-09 20:57:42 +0200: Memory Usage (466768K) : recog_pillar has 0 polygons
2026-09-09 20:57:42 +0200: Memory Usage (466768K) : recog_sbump has 0 polygons
2026-09-09 20:57:42 +0200: Memory Usage (466928K) : recog_otp has 0 polygons
2026-09-09 20:57:42 +0200: Memory Usage (466928K) : recog_pdiode has 0 polygons
2026-09-09 20:57:42 +0200: Memory Usage (466928K) : recog_mom has 0 polygons
2026-09-09 20:57:42 +0200: Memory Usage (467088K) : recog_pcm has 0 polygons
2026-09-09 20:57:42 +0200: Memory Usage (467088K) : colopen_drw has 0 polygons
2026-09-09 20:57:42 +0200: Memory Usage (467088K) : graphmetal1_drw has 0 polygons
2026-09-09 20:57:42 +0200: Memory Usage (467248K) : graphmetal1_filler has 0 polygons
2026-09-09 20:57:42 +0200: Memory Usage (467248K) : graphmetal1_nofill has 0 polygons
2026-09-09 20:57:42 +0200: Memory Usage (467248K) : graphmetal1_slit has 0 polygons
2026-09-09 20:57:42 +0200: Memory Usage (467408K) : graphmetal1_opc has 0 polygons
2026-09-09 20:57:42 +0200: Memory Usage (467408K) : graphmet1l_drw has 0 polygons
2026-09-09 20:57:42 +0200: Memory Usage (467408K) : graphmet1l_filler has 0 polygons
2026-09-09 20:57:42 +0200: Memory Usage (467568K) : graphmet1l_nofill has 0 polygons
2026-09-09 20:57:42 +0200: Memory Usage (467568K) : graphmet1l_slit has 0 polygons
2026-09-09 20:57:42 +0200: Memory Usage (467568K) : graphmet1l_opc has 0 polygons
2026-09-09 20:57:42 +0200: Memory Usage (467728K) : extblock_drw has 0 polygons
2026-09-09 20:57:42 +0200: Memory Usage (467728K) : nldd_drw has 0 polygons
2026-09-09 20:57:42 +0200: Memory Usage (467728K) : pldd_drw has 0 polygons
2026-09-09 20:57:42 +0200: Memory Usage (467888K) : next_drw has 0 polygons
2026-09-09 20:57:42 +0200: Memory Usage (467888K) : pext_drw has 0 polygons
2026-09-09 20:57:42 +0200: Memory Usage (468048K) : nexthv_drw has 0 polygons
2026-09-09 20:57:42 +0200: Memory Usage (468048K) : pexthv_drw has 0 polygons
2026-09-09 20:57:42 +0200: Memory Usage (468048K) : graphgate_drw has 0 polygons
2026-09-09 20:57:42 +0200: Memory Usage (468208K) : sinwg_drw has 0 polygons
2026-09-09 20:57:42 +0200: Memory Usage (468208K) : sinwg_filler has 0 polygons
2026-09-09 20:57:42 +0200: Memory Usage (468208K) : sinwg_nofill has 0 polygons
2026-09-09 20:57:42 +0200: Memory Usage (468368K) : mempad_drw has 0 polygons
2026-09-09 20:57:42 +0200: Memory Usage (468368K) : topvia1_drw has 0 polygons
2026-09-09 20:57:42 +0200: Memory Usage (468368K) : topmetal1_drw has 0 polygons
2026-09-09 20:57:42 +0200: Memory Usage (468368K) : topmetal1_pin has 0 polygons
2026-09-09 20:57:42 +0200: Memory Usage (468368K) : topmetal1_mask has 0 polygons
2026-09-09 20:57:42 +0200: Memory Usage (468368K) : topmetal1_filler has 0 polygons
2026-09-09 20:57:42 +0200: Memory Usage (468368K) : topmetal1_nofill has 0 polygons
2026-09-09 20:57:42 +0200: Memory Usage (468368K) : topmetal1_slit has 0 polygons
2026-09-09 20:57:42 +0200: Memory Usage (468368K) : topmetal1_text has 0 polygons
2026-09-09 20:57:42 +0200: Memory Usage (468368K) : topmetal1_noqrc has 0 polygons
2026-09-09 20:57:42 +0200: Memory Usage (468528K) : topmetal1_res has 0 polygons
2026-09-09 20:57:42 +0200: Memory Usage (468528K) : topmetal1_iprobe has 0 polygons
2026-09-09 20:57:42 +0200: Memory Usage (468528K) : topmetal1_diffprb has 0 polygons
2026-09-09 20:57:42 +0200: Memory Usage (468688K) : inldpwl_drw has 0 polygons
2026-09-09 20:57:42 +0200: Memory Usage (468688K) : polyres_drw has 0 polygons
2026-09-09 20:57:42 +0200: Memory Usage (468688K) : polyres_pin has 0 polygons
2026-09-09 20:57:42 +0200: Memory Usage (468688K) : vmim_drw has 0 polygons
2026-09-09 20:57:42 +0200: Memory Usage (468848K) : nbulaycut_drw has 0 polygons
2026-09-09 20:57:42 +0200: Memory Usage (468848K) : antmetal1_drw has 0 polygons
2026-09-09 20:57:42 +0200: Memory Usage (468848K) : topvia2_drw has 0 polygons
2026-09-09 20:57:42 +0200: Memory Usage (469008K) : topmetal2_drw has 0 polygons
2026-09-09 20:57:42 +0200: Memory Usage (469008K) : topmetal2_pin has 0 polygons
2026-09-09 20:57:42 +0200: Memory Usage (469008K) : topmetal2_mask has 0 polygons
2026-09-09 20:57:42 +0200: Memory Usage (469168K) : topmetal2_filler has 0 polygons
2026-09-09 20:57:42 +0200: Memory Usage (469168K) : topmetal2_nofill has 0 polygons
2026-09-09 20:57:42 +0200: Memory Usage (469168K) : topmetal2_slit has 0 polygons
2026-09-09 20:57:42 +0200: Memory Usage (469328K) : topmetal2_text has 0 polygons
2026-09-09 20:57:42 +0200: Memory Usage (469328K) : topmetal2_noqrc has 0 polygons
2026-09-09 20:57:42 +0200: Memory Usage (469328K) : topmetal2_res has 0 polygons
2026-09-09 20:57:42 +0200: Memory Usage (469488K) : topmetal2_iprobe has 0 polygons
2026-09-09 20:57:42 +0200: Memory Usage (469488K) : topmetal2_diffprb has 0 polygons
2026-09-09 20:57:42 +0200: Memory Usage (469488K) : snsring_drw has 0 polygons
2026-09-09 20:57:42 +0200: Memory Usage (469648K) : sensor_drw has 0 polygons
2026-09-09 20:57:42 +0200: Memory Usage (469648K) : snsarms_drw has 0 polygons
2026-09-09 20:57:42 +0200: Memory Usage (469648K) : snscmosvia_drw has 0 polygons
2026-09-09 20:57:42 +0200: Memory Usage (469648K) : colwind_drw has 0 polygons
2026-09-09 20:57:42 +0200: Memory Usage (469808K) : flm_drw has 0 polygons
2026-09-09 20:57:42 +0200: Memory Usage (469808K) : hafniumox_drw has 0 polygons
2026-09-09 20:57:42 +0200: Memory Usage (469808K) : memvia_drw has 0 polygons
2026-09-09 20:57:42 +0200: Memory Usage (469968K) : thinfilmres_drw has 0 polygons
2026-09-09 20:57:42 +0200: Memory Usage (469968K) : rfmem_drw has 0 polygons
2026-09-09 20:57:42 +0200: Memory Usage (470128K) : norcx_drw has 0 polygons
2026-09-09 20:57:42 +0200: Memory Usage (470128K) : norcx_m2m3 has 0 polygons
2026-09-09 20:57:42 +0200: Memory Usage (470128K) : norcx_m2m4 has 0 polygons
2026-09-09 20:57:42 +0200: Memory Usage (470288K) : norcx_m2m5 has 0 polygons
2026-09-09 20:57:42 +0200: Memory Usage (470288K) : norcx_m2tm1 has 0 polygons
2026-09-09 20:57:42 +0200: Memory Usage (470288K) : norcx_m2tm2 has 0 polygons
2026-09-09 20:57:42 +0200: Memory Usage (470448K) : norcx_m3m4 has 0 polygons
2026-09-09 20:57:42 +0200: Memory Usage (470448K) : norcx_m3m5 has 0 polygons
2026-09-09 20:57:42 +0200: Memory Usage (470448K) : norcx_m3tm1 has 0 polygons
2026-09-09 20:57:42 +0200: Memory Usage (470608K) : norcx_m3tm2 has 0 polygons
2026-09-09 20:57:42 +0200: Memory Usage (470608K) : norcx_m4m5 has 0 polygons
2026-09-09 20:57:42 +0200: Memory Usage (470608K) : norcx_m4tm1 has 0 polygons
2026-09-09 20:57:42 +0200: Memory Usage (470768K) : norcx_m4tm2 has 0 polygons
2026-09-09 20:57:42 +0200: Memory Usage (470768K) : norcx_m5tm1 has 0 polygons
2026-09-09 20:57:42 +0200: Memory Usage (470768K) : norcx_m5tm2 has 0 polygons
2026-09-09 20:57:42 +0200: Memory Usage (470928K) : norcx_tm1tm2 has 0 polygons
2026-09-09 20:57:42 +0200: Memory Usage (470928K) : norcx_m1sub has 0 polygons
2026-09-09 20:57:42 +0200: Memory Usage (471088K) : norcx_m2sub has 0 polygons
2026-09-09 20:57:42 +0200: Memory Usage (471088K) : norcx_m3sub has 0 polygons
2026-09-09 20:57:42 +0200: Memory Usage (471088K) : norcx_m4sub has 0 polygons
2026-09-09 20:57:42 +0200: Memory Usage (471248K) : norcx_m5sub has 0 polygons
2026-09-09 20:57:42 +0200: Memory Usage (471248K) : norcx_tm1sub has 0 polygons
2026-09-09 20:57:42 +0200: Memory Usage (471248K) : norcx_tm2sub has 0 polygons
2026-09-09 20:57:42 +0200: Memory Usage (471408K) : snsbotvia_drw has 0 polygons
2026-09-09 20:57:42 +0200: Memory Usage (471408K) : snstopvia_drw has 0 polygons
2026-09-09 20:57:42 +0200: Memory Usage (471408K) : deepvia_drw has 0 polygons
2026-09-09 20:57:42 +0200: Memory Usage (471568K) : fgetch_drw has 0 polygons
2026-09-09 20:57:42 +0200: Memory Usage (471568K) : ctrgat_drw has 0 polygons
2026-09-09 20:57:42 +0200: Memory Usage (471568K) : fgimp_drw has 0 polygons
2026-09-09 20:57:42 +0200: Memory Usage (471728K) : emwihv_drw has 0 polygons
2026-09-09 20:57:42 +0200: Memory Usage (471728K) : lbe_drw has 0 polygons
2026-09-09 20:57:42 +0200: Memory Usage (471728K) : alcustop_drw has 0 polygons
2026-09-09 20:57:42 +0200: Memory Usage (471888K) : nometfiller_drw has 0 polygons
2026-09-09 20:57:42 +0200: Memory Usage (471888K) : prboundary_drw has 0 polygons
2026-09-09 20:57:42 +0200: Memory Usage (471888K) : exchange0_drw has 0 polygons
2026-09-09 20:57:42 +0200: Memory Usage (472048K) : exchange0_pin has 0 polygons
2026-09-09 20:57:42 +0200: Memory Usage (472048K) : exchange0_text has 0 polygons
2026-09-09 20:57:42 +0200: Memory Usage (472048K) : exchange1_drw has 0 polygons
2026-09-09 20:57:42 +0200: Memory Usage (472208K) : exchange1_pin has 0 polygons
2026-09-09 20:57:42 +0200: Memory Usage (472208K) : exchange1_text has 0 polygons
2026-09-09 20:57:42 +0200: Memory Usage (472208K) : exchange2_drw has 0 polygons
2026-09-09 20:57:42 +0200: Memory Usage (472368K) : exchange2_pin has 0 polygons
2026-09-09 20:57:42 +0200: Memory Usage (472368K) : exchange2_text has 0 polygons
2026-09-09 20:57:42 +0200: Memory Usage (472368K) : exchange3_drw has 0 polygons
2026-09-09 20:57:42 +0200: Memory Usage (472528K) : exchange3_pin has 0 polygons
2026-09-09 20:57:42 +0200: Memory Usage (472528K) : exchange3_text has 0 polygons
2026-09-09 20:57:42 +0200: Memory Usage (472528K) : exchange4_drw has 0 polygons
2026-09-09 20:57:42 +0200: Memory Usage (472528K) : exchange4_pin has 0 polygons
2026-09-09 20:57:42 +0200: Memory Usage (472688K) : exchange4_text has 0 polygons
2026-09-09 20:57:42 +0200: Memory Usage (472688K) : isonwell_drw has 0 polygons
2026-09-09 20:57:42 +0200: Memory Usage (472688K) : Total no. of polygons in the design is 93
2026-09-09 20:57:42 +0200: Memory Usage (472688K) : Loaded TECH DRC rules values from /foss/pdks/ihp-sg13g2/libs.tech/klayout/python/sg13g2_pycell_lib/sg13g2_tech_mod.json
2026-09-09 20:57:42 +0200: Memory Usage (472688K) : Loaded default DRC rules values from /foss/pdks/ihp-sg13g2/libs.tech/klayout/tech/drc/rule_decks/sg13g2_tech_default.json
2026-09-09 20:57:42 +0200: Memory Usage (472688K) : The following rules values were missing in tech json and default values were used:
2026-09-09 20:57:42 +0200: Memory Usage (472688K) :   - NW_f1_digibnd
2026-09-09 20:57:42 +0200: Memory Usage (472688K) :   - Cnt_c_digibnd
2026-09-09 20:57:42 +0200: Memory Usage (472688K) :   - Cnt_c_sram
2026-09-09 20:57:42 +0200: Memory Usage (472688K) :   - Sdiod_b
2026-09-09 20:57:42 +0200: Memory Usage (472688K) :   - Sdiod_c
2026-09-09 20:57:42 +0200: Memory Usage (473652K) : Total area of the design is 21.2915 um^2.
2026-09-09 20:57:42 +0200: Memory Usage (473652K) : The design dimensions are 4.8500000000000005 µm * 4.39 µm.
2026-09-09 20:57:42 +0200: Memory Usage (473652K) : Starting general IHP-SG13G2 derivations.
2026-09-09 20:57:42 +0200: Memory Usage (473652K) : Starting Pwell derivations
2026-09-09 20:57:42 +0200: Memory Usage (475700K) : Starting IHP-SG13G2 DRC rules.
2026-09-09 20:57:42 +0200: Memory Usage (475700K) : Starting 7.4. PIN table
2026-09-09 20:57:42 +0200: Memory Usage (475700K) : Executing rule Pin.a
2026-09-09 20:57:42 +0200: Memory Usage (475700K) : Executing rule Pin.b
2026-09-09 20:57:42 +0200: Memory Usage (475700K) : Executing rule Pin.e
2026-09-09 20:57:42 +0200: Memory Usage (475860K) : Executing rule Pin.f_M2
2026-09-09 20:57:42 +0200: Memory Usage (475860K) : Executing rule Pin.f_M3
2026-09-09 20:57:42 +0200: Memory Usage (475860K) : Executing rule Pin.f_M4
2026-09-09 20:57:42 +0200: Memory Usage (475860K) : Executing rule Pin.f_M5
2026-09-09 20:57:42 +0200: Memory Usage (475860K) : Executing rule Pin.g
2026-09-09 20:57:42 +0200: Memory Usage (475860K) : Executing rule Pin.h
2026-09-09 20:57:42 +0200: Memory Usage (475860K) : KLayout DRC run for tables 'pin' completed in 0.14 seconds
