# Logfile created on 2026-09-09 20:57:37 +0200 by logger.rb/v1.5.3
2026-09-09 20:57:37 +0200: Memory Usage (454780K) : Starting running IHP-SG13G2 KLayout DRC runset on /foss/designs/aion_chip/flow/regress/AION_nand2_o21ai_0/baseline/reference_AION_nand2_o21ai_0.gds
2026-09-09 20:57:37 +0200: Memory Usage (454780K) : Ruby Version for klayout: 3.2.3
2026-09-09 20:57:37 +0200: Memory Usage (455736K) : Loading database to memory is complete.
2026-09-09 20:57:37 +0200: Memory Usage (455736K) : IHP-SG13G2 KLayout DRC runset output at: /foss/designs/aion_chip/flow/regress/AION_nand2_o21ai_0/baseline/drc/reference_AION_nand2_o21ai_0.klayout.drc/reference_AION_nand2_o21ai_0_reference_AION_nand2_o21ai_0_latchup.lyrdb
2026-09-09 20:57:37 +0200: Memory Usage (455736K) : Evaluate switches.
2026-09-09 20:57:37 +0200: Memory Usage (455736K) : tables selected: latchup
2026-09-09 20:57:37 +0200: Memory Usage (455736K) : KLayout will use 15 thread(s) in tiling mode.
2026-09-09 20:57:37 +0200: Memory Usage (455736K) : deep mode is enabled.
2026-09-09 20:57:37 +0200: Memory Usage (455736K) : FEOL enabled: false
2026-09-09 20:57:37 +0200: Memory Usage (455736K) : BEOL enabled: false
2026-09-09 20:57:37 +0200: Memory Usage (455736K) : OFFGRID enabled: true
2026-09-09 20:57:37 +0200: Memory Usage (455736K) : ANGLE enabled: true
2026-09-09 20:57:37 +0200: Memory Usage (455736K) : PIN enabled: false
2026-09-09 20:57:37 +0200: Memory Usage (455736K) : FORBIDDEN enabled: false
2026-09-09 20:57:37 +0200: Memory Usage (455736K) : RECOMMENDED enabled: true
2026-09-09 20:57:37 +0200: Memory Usage (455736K) : PreCheck DRC enabled: false
2026-09-09 20:57:37 +0200: Memory Usage (455736K) : CONNECTIVITY_RULES enabled: false.
2026-09-09 20:57:37 +0200: Memory Usage (455736K) : Read in polygons from layers.
2026-09-09 20:57:37 +0200: Memory Usage (456896K) : activ_drw has 6 polygons
2026-09-09 20:57:37 +0200: Memory Usage (456896K) : activ_pin has 0 polygons
2026-09-09 20:57:37 +0200: Memory Usage (456896K) : activ_mask has 0 polygons
2026-09-09 20:57:37 +0200: Memory Usage (456896K) : activ_filler has 0 polygons
2026-09-09 20:57:37 +0200: Memory Usage (456896K) : activ_nofill has 0 polygons
2026-09-09 20:57:37 +0200: Memory Usage (456896K) : activ_opc has 0 polygons
2026-09-09 20:57:37 +0200: Memory Usage (456896K) : activ_iopc has 0 polygons
2026-09-09 20:57:37 +0200: Memory Usage (456896K) : activ_noqrc has 0 polygons
2026-09-09 20:57:37 +0200: Memory Usage (456896K) : biwind_drw has 0 polygons
2026-09-09 20:57:37 +0200: Memory Usage (456896K) : biwind_opc has 0 polygons
2026-09-09 20:57:37 +0200: Memory Usage (456896K) : pemwind_drw has 0 polygons
2026-09-09 20:57:37 +0200: Memory Usage (457108K) : gatpoly_drw has 5 polygons
2026-09-09 20:57:37 +0200: Memory Usage (457108K) : gatpoly_pin has 0 polygons
2026-09-09 20:57:37 +0200: Memory Usage (457108K) : gatpoly_filler has 0 polygons
2026-09-09 20:57:37 +0200: Memory Usage (457108K) : gatpoly_nofill has 0 polygons
2026-09-09 20:57:37 +0200: Memory Usage (457108K) : gatpoly_opc has 0 polygons
2026-09-09 20:57:37 +0200: Memory Usage (457108K) : gatpoly_iopc has 0 polygons
2026-09-09 20:57:37 +0200: Memory Usage (457108K) : gatpoly_noqrc has 0 polygons
2026-09-09 20:57:37 +0200: Memory Usage (457108K) : cont_drw has 51 polygons
2026-09-09 20:57:37 +0200: Memory Usage (457268K) : cont_opc has 0 polygons
2026-09-09 20:57:37 +0200: Memory Usage (457268K) : nsd_drw has 0 polygons
2026-09-09 20:57:37 +0200: Memory Usage (457268K) : nsd_block has 0 polygons
2026-09-09 20:57:37 +0200: Memory Usage (457460K) : metal1_drw has 11 polygons
2026-09-09 20:57:37 +0200: Memory Usage (457460K) : metal1_pin has 7 polygons
2026-09-09 20:57:37 +0200: Memory Usage (457460K) : metal1_mask has 0 polygons
2026-09-09 20:57:37 +0200: Memory Usage (457620K) : metal1_filler has 0 polygons
2026-09-09 20:57:37 +0200: Memory Usage (457620K) : metal1_nofill has 0 polygons
2026-09-09 20:57:37 +0200: Memory Usage (457620K) : metal1_slit has 0 polygons
2026-09-09 20:57:37 +0200: Memory Usage (457972K) : metal1_text has 7 polygons
2026-09-09 20:57:37 +0200: Memory Usage (457972K) : metal1_opc has 0 polygons
2026-09-09 20:57:37 +0200: Memory Usage (457972K) : metal1_noqrc has 0 polygons
2026-09-09 20:57:37 +0200: Memory Usage (458132K) : metal1_res has 0 polygons
2026-09-09 20:57:37 +0200: Memory Usage (458132K) : metal1_iprobe has 0 polygons
2026-09-09 20:57:37 +0200: Memory Usage (458132K) : metal1_diffprb has 0 polygons
2026-09-09 20:57:37 +0200: Memory Usage (458292K) : passiv_drw has 0 polygons
2026-09-09 20:57:37 +0200: Memory Usage (458292K) : passiv_pin has 0 polygons
2026-09-09 20:57:37 +0200: Memory Usage (458292K) : passiv_sbump has 0 polygons
2026-09-09 20:57:37 +0200: Memory Usage (458452K) : passiv_pillar has 0 polygons
2026-09-09 20:57:37 +0200: Memory Usage (458452K) : passiv_pdl has 0 polygons
2026-09-09 20:57:37 +0200: Memory Usage (458452K) : metal2_drw has 1 polygons
2026-09-09 20:57:37 +0200: Memory Usage (458452K) : metal2_pin has 0 polygons
2026-09-09 20:57:37 +0200: Memory Usage (458452K) : metal2_mask has 0 polygons
2026-09-09 20:57:37 +0200: Memory Usage (458452K) : metal2_filler has 0 polygons
2026-09-09 20:57:37 +0200: Memory Usage (458452K) : metal2_nofill has 0 polygons
2026-09-09 20:57:37 +0200: Memory Usage (458452K) : metal2_slit has 0 polygons
2026-09-09 20:57:37 +0200: Memory Usage (458452K) : metal2_text has 0 polygons
2026-09-09 20:57:37 +0200: Memory Usage (458452K) : metal2_opc has 0 polygons
2026-09-09 20:57:37 +0200: Memory Usage (458772K) : metal2_noqrc has 0 polygons
2026-09-09 20:57:37 +0200: Memory Usage (458772K) : metal2_res has 0 polygons
2026-09-09 20:57:37 +0200: Memory Usage (458772K) : metal2_iprobe has 0 polygons
2026-09-09 20:57:37 +0200: Memory Usage (458772K) : metal2_diffprb has 0 polygons
2026-09-09 20:57:37 +0200: Memory Usage (458772K) : baspoly_drw has 0 polygons
2026-09-09 20:57:37 +0200: Memory Usage (458772K) : baspoly_pin has 0 polygons
2026-09-09 20:57:37 +0200: Memory Usage (458772K) : psd_drw has 2 polygons
2026-09-09 20:57:37 +0200: Memory Usage (458932K) : nldb_drw has 0 polygons
2026-09-09 20:57:37 +0200: Memory Usage (458932K) : digibnd_drw has 0 polygons
2026-09-09 20:57:37 +0200: Memory Usage (458932K) : via1_drw has 2 polygons
2026-09-09 20:57:37 +0200: Memory Usage (459092K) : backmetal1_drw has 0 polygons
2026-09-09 20:57:37 +0200: Memory Usage (459092K) : backmetal1_pin has 0 polygons
2026-09-09 20:57:37 +0200: Memory Usage (459092K) : backmetal1_mask has 0 polygons
2026-09-09 20:57:37 +0200: Memory Usage (459252K) : backmetal1_filler has 0 polygons
2026-09-09 20:57:37 +0200: Memory Usage (459252K) : backmetal1_nofill has 0 polygons
2026-09-09 20:57:37 +0200: Memory Usage (459252K) : backmetal1_slit has 0 polygons
2026-09-09 20:57:37 +0200: Memory Usage (459412K) : backmetal1_text has 0 polygons
2026-09-09 20:57:37 +0200: Memory Usage (459412K) : backmetal1_opc has 0 polygons
2026-09-09 20:57:37 +0200: Memory Usage (459572K) : backmetal1_noqrc has 0 polygons
2026-09-09 20:57:37 +0200: Memory Usage (459572K) : backmetal1_res has 0 polygons
2026-09-09 20:57:37 +0200: Memory Usage (459732K) : backmetal1_iprobe has 0 polygons
2026-09-09 20:57:37 +0200: Memory Usage (459732K) : backmetal1_diffprb has 0 polygons
2026-09-09 20:57:37 +0200: Memory Usage (459892K) : backpassiv_drw has 0 polygons
2026-09-09 20:57:37 +0200: Memory Usage (459892K) : res_drw has 0 polygons
2026-09-09 20:57:37 +0200: Memory Usage (459892K) : sram_drw has 0 polygons
2026-09-09 20:57:37 +0200: Memory Usage (460052K) : trans_drw has 0 polygons
2026-09-09 20:57:37 +0200: Memory Usage (460052K) : ind_drw has 0 polygons
2026-09-09 20:57:37 +0200: Memory Usage (460052K) : ind_pin has 0 polygons
2026-09-09 20:57:37 +0200: Memory Usage (460212K) : ind_text has 0 polygons
2026-09-09 20:57:37 +0200: Memory Usage (460212K) : salblock_drw has 0 polygons
2026-09-09 20:57:37 +0200: Memory Usage (460212K) : via2_drw has 0 polygons
2026-09-09 20:57:37 +0200: Memory Usage (460372K) : metal3_drw has 0 polygons
2026-09-09 20:57:37 +0200: Memory Usage (460372K) : metal3_pin has 0 polygons
2026-09-09 20:57:37 +0200: Memory Usage (460372K) : metal3_mask has 0 polygons
2026-09-09 20:57:37 +0200: Memory Usage (460532K) : metal3_filler has 0 polygons
2026-09-09 20:57:37 +0200: Memory Usage (460532K) : metal3_nofill has 0 polygons
2026-09-09 20:57:37 +0200: Memory Usage (460692K) : metal3_slit has 0 polygons
2026-09-09 20:57:37 +0200: Memory Usage (460692K) : metal3_text has 0 polygons
2026-09-09 20:57:37 +0200: Memory Usage (460692K) : metal3_opc has 0 polygons
2026-09-09 20:57:37 +0200: Memory Usage (460852K) : metal3_noqrc has 0 polygons
2026-09-09 20:57:37 +0200: Memory Usage (460852K) : metal3_res has 0 polygons
2026-09-09 20:57:37 +0200: Memory Usage (461012K) : metal3_iprobe has 0 polygons
2026-09-09 20:57:37 +0200: Memory Usage (461012K) : metal3_diffprb has 0 polygons
2026-09-09 20:57:37 +0200: Memory Usage (461012K) : nwell_drw has 1 polygons
2026-09-09 20:57:37 +0200: Memory Usage (461012K) : nwell_pin has 0 polygons
2026-09-09 20:57:37 +0200: Memory Usage (461172K) : nbulay_drw has 0 polygons
2026-09-09 20:57:37 +0200: Memory Usage (461172K) : nbulay_pin has 0 polygons
2026-09-09 20:57:37 +0200: Memory Usage (461172K) : nbulay_block has 0 polygons
2026-09-09 20:57:37 +0200: Memory Usage (461172K) : emwind_drw has 0 polygons
2026-09-09 20:57:37 +0200: Memory Usage (461332K) : emwind_opc has 0 polygons
2026-09-09 20:57:37 +0200: Memory Usage (461332K) : deepco_drw has 0 polygons
2026-09-09 20:57:37 +0200: Memory Usage (461332K) : deepco_drw has 0 polygons
2026-09-09 20:57:37 +0200: Memory Usage (461332K) : mim_drw has 0 polygons
2026-09-09 20:57:37 +0200: Memory Usage (461332K) : edgeseal_drw has 0 polygons
2026-09-09 20:57:37 +0200: Memory Usage (461492K) : edgeseal_bound has 0 polygons
2026-09-09 20:57:37 +0200: Memory Usage (461492K) : substrate_drw has 0 polygons
2026-09-09 20:57:37 +0200: Memory Usage (461492K) : substrate_text has 0 polygons
2026-09-09 20:57:37 +0200: Memory Usage (461492K) : dfpad_drw has 0 polygons
2026-09-09 20:57:37 +0200: Memory Usage (461652K) : dfpad_pillar has 0 polygons
2026-09-09 20:57:37 +0200: Memory Usage (461652K) : dfpad_sbump has 0 polygons
2026-09-09 20:57:37 +0200: Memory Usage (461652K) : thickgateox_drw has 0 polygons
2026-09-09 20:57:37 +0200: Memory Usage (461812K) : pldb_drw has 0 polygons
2026-09-09 20:57:37 +0200: Memory Usage (461812K) : pwell_drw has 0 polygons
2026-09-09 20:57:37 +0200: Memory Usage (461812K) : pwell_pin has 0 polygons
2026-09-09 20:57:37 +0200: Memory Usage (461972K) : pwell_block has 0 polygons
2026-09-09 20:57:37 +0200: Memory Usage (461972K) : ic_drw has 0 polygons
2026-09-09 20:57:37 +0200: Memory Usage (461972K) : via3_drw has 0 polygons
2026-09-09 20:57:37 +0200: Memory Usage (462132K) : metal4_drw has 0 polygons
2026-09-09 20:57:37 +0200: Memory Usage (462132K) : metal4_pin has 0 polygons
2026-09-09 20:57:37 +0200: Memory Usage (462132K) : metal4_mask has 0 polygons
2026-09-09 20:57:37 +0200: Memory Usage (462292K) : metal4_filler has 0 polygons
2026-09-09 20:57:37 +0200: Memory Usage (462292K) : metal4_nofill has 0 polygons
2026-09-09 20:57:37 +0200: Memory Usage (462292K) : metal4_slit has 0 polygons
2026-09-09 20:57:37 +0200: Memory Usage (462452K) : metal4_text has 0 polygons
2026-09-09 20:57:37 +0200: Memory Usage (462452K) : metal4_opc has 0 polygons
2026-09-09 20:57:37 +0200: Memory Usage (462452K) : metal4_noqrc has 0 polygons
2026-09-09 20:57:37 +0200: Memory Usage (462612K) : metal4_res has 0 polygons
2026-09-09 20:57:37 +0200: Memory Usage (462612K) : metal4_iprobe has 0 polygons
2026-09-09 20:57:37 +0200: Memory Usage (462612K) : metal4_diffprb has 0 polygons
2026-09-09 20:57:37 +0200: Memory Usage (462772K) : heattrans_drw has 0 polygons
2026-09-09 20:57:37 +0200: Memory Usage (462772K) : heatres_drw has 0 polygons
2026-09-09 20:57:37 +0200: Memory Usage (462772K) : pempoly_drw has 0 polygons
2026-09-09 20:57:37 +0200: Memory Usage (462932K) : fbe_drw has 0 polygons
2026-09-09 20:57:37 +0200: Memory Usage (462932K) : empoly_drw has 0 polygons
2026-09-09 20:57:37 +0200: Memory Usage (462932K) : ldmos_drw has 0 polygons
2026-09-09 20:57:37 +0200: Memory Usage (463092K) : pbiwind_drw has 0 polygons
2026-09-09 20:57:37 +0200: Memory Usage (463092K) : digisub_drw has 0 polygons
2026-09-09 20:57:37 +0200: Memory Usage (463092K) : nodrc_drw has 0 polygons
2026-09-09 20:57:37 +0200: Memory Usage (463092K) : text_drw has 0 polygons
2026-09-09 20:57:37 +0200: Memory Usage (463252K) : via4_drw has 0 polygons
2026-09-09 20:57:37 +0200: Memory Usage (463252K) : metal5_drw has 0 polygons
2026-09-09 20:57:37 +0200: Memory Usage (463252K) : metal5_pin has 0 polygons
2026-09-09 20:57:37 +0200: Memory Usage (463252K) : metal5_mask has 0 polygons
2026-09-09 20:57:37 +0200: Memory Usage (463412K) : metal5_filler has 0 polygons
2026-09-09 20:57:37 +0200: Memory Usage (463412K) : metal5_nofill has 0 polygons
2026-09-09 20:57:37 +0200: Memory Usage (463412K) : metal5_slit has 0 polygons
2026-09-09 20:57:37 +0200: Memory Usage (463412K) : metal5_text has 0 polygons
2026-09-09 20:57:37 +0200: Memory Usage (463412K) : metal5_opc has 0 polygons
2026-09-09 20:57:37 +0200: Memory Usage (463572K) : metal5_noqrc has 0 polygons
2026-09-09 20:57:37 +0200: Memory Usage (463572K) : metal5_res has 0 polygons
2026-09-09 20:57:37 +0200: Memory Usage (463572K) : metal5_iprobe has 0 polygons
2026-09-09 20:57:37 +0200: Memory Usage (463732K) : metal5_diffprb has 0 polygons
2026-09-09 20:57:37 +0200: Memory Usage (463732K) : radhard_drw has 0 polygons
2026-09-09 20:57:37 +0200: Memory Usage (463732K) : memcap_drw has 0 polygons
2026-09-09 20:57:37 +0200: Memory Usage (463892K) : varicap_drw has 0 polygons
2026-09-09 20:57:37 +0200: Memory Usage (463892K) : flash_drw has 0 polygons
2026-09-09 20:57:37 +0200: Memory Usage (463892K) : intbondvia_drw has 0 polygons
2026-09-09 20:57:37 +0200: Memory Usage (464052K) : intbondmet_drw has 0 polygons
2026-09-09 20:57:37 +0200: Memory Usage (464052K) : devbondvia_drw has 0 polygons
2026-09-09 20:57:37 +0200: Memory Usage (464052K) : devbondmet_drw has 0 polygons
2026-09-09 20:57:37 +0200: Memory Usage (464052K) : devtrench_drw has 0 polygons
2026-09-09 20:57:37 +0200: Memory Usage (464052K) : redist_drw has 0 polygons
2026-09-09 20:57:37 +0200: Memory Usage (464212K) : graphbot_drw has 0 polygons
2026-09-09 20:57:37 +0200: Memory Usage (464212K) : graphtop_drw has 0 polygons
2026-09-09 20:57:37 +0200: Memory Usage (464212K) : antvia1_drw has 0 polygons
2026-09-09 20:57:37 +0200: Memory Usage (464372K) : antmetal2_drw has 0 polygons
2026-09-09 20:57:37 +0200: Memory Usage (464532K) : graphcont_drw has 0 polygons
2026-09-09 20:57:37 +0200: Memory Usage (464532K) : siwg_drw has 0 polygons
2026-09-09 20:57:37 +0200: Memory Usage (464532K) : siwg_filler has 0 polygons
2026-09-09 20:57:37 +0200: Memory Usage (464692K) : siwg_nofill has 0 polygons
2026-09-09 20:57:37 +0200: Memory Usage (464692K) : sigrating_drw has 0 polygons
2026-09-09 20:57:37 +0200: Memory Usage (464692K) : singrating_drw has 0 polygons
2026-09-09 20:57:37 +0200: Memory Usage (464852K) : graphpas_drw has 0 polygons
2026-09-09 20:57:37 +0200: Memory Usage (464852K) : emwind3_drw has 0 polygons
2026-09-09 20:57:37 +0200: Memory Usage (464852K) : emwihv3_drw has 0 polygons
2026-09-09 20:57:37 +0200: Memory Usage (464852K) : redbulay_drw has 0 polygons
2026-09-09 20:57:37 +0200: Memory Usage (465012K) : smos_drw has 0 polygons
2026-09-09 20:57:37 +0200: Memory Usage (465012K) : graphpad_drw has 0 polygons
2026-09-09 20:57:37 +0200: Memory Usage (465012K) : polimide_drw has 0 polygons
2026-09-09 20:57:37 +0200: Memory Usage (465012K) : polimide_pin has 0 polygons
2026-09-09 20:57:37 +0200: Memory Usage (465172K) : recog_drw has 0 polygons
2026-09-09 20:57:37 +0200: Memory Usage (465172K) : recog_pin has 0 polygons
2026-09-09 20:57:37 +0200: Memory Usage (465172K) : recog_esd has 0 polygons
2026-09-09 20:57:37 +0200: Memory Usage (465172K) : recog_diode has 0 polygons
2026-09-09 20:57:37 +0200: Memory Usage (465332K) : recog_tsv has 0 polygons
2026-09-09 20:57:37 +0200: Memory Usage (465332K) : recog_iprobe has 0 polygons
2026-09-09 20:57:37 +0200: Memory Usage (465332K) : recog_diffprb has 0 polygons
2026-09-09 20:57:37 +0200: Memory Usage (465492K) : recog_pillar has 0 polygons
2026-09-09 20:57:37 +0200: Memory Usage (465492K) : recog_sbump has 0 polygons
2026-09-09 20:57:37 +0200: Memory Usage (465492K) : recog_otp has 0 polygons
2026-09-09 20:57:37 +0200: Memory Usage (465652K) : recog_pdiode has 0 polygons
2026-09-09 20:57:37 +0200: Memory Usage (465652K) : recog_mom has 0 polygons
2026-09-09 20:57:37 +0200: Memory Usage (465652K) : recog_pcm has 0 polygons
2026-09-09 20:57:37 +0200: Memory Usage (465812K) : colopen_drw has 0 polygons
2026-09-09 20:57:37 +0200: Memory Usage (465812K) : graphmetal1_drw has 0 polygons
2026-09-09 20:57:37 +0200: Memory Usage (465812K) : graphmetal1_filler has 0 polygons
2026-09-09 20:57:37 +0200: Memory Usage (465972K) : graphmetal1_nofill has 0 polygons
2026-09-09 20:57:37 +0200: Memory Usage (465972K) : graphmetal1_slit has 0 polygons
2026-09-09 20:57:37 +0200: Memory Usage (465972K) : graphmetal1_opc has 0 polygons
2026-09-09 20:57:37 +0200: Memory Usage (466132K) : graphmet1l_drw has 0 polygons
2026-09-09 20:57:37 +0200: Memory Usage (466132K) : graphmet1l_filler has 0 polygons
2026-09-09 20:57:37 +0200: Memory Usage (466292K) : graphmet1l_nofill has 0 polygons
2026-09-09 20:57:37 +0200: Memory Usage (466292K) : graphmet1l_slit has 0 polygons
2026-09-09 20:57:37 +0200: Memory Usage (466292K) : graphmet1l_opc has 0 polygons
2026-09-09 20:57:37 +0200: Memory Usage (466452K) : extblock_drw has 0 polygons
2026-09-09 20:57:37 +0200: Memory Usage (466452K) : nldd_drw has 0 polygons
2026-09-09 20:57:37 +0200: Memory Usage (466452K) : pldd_drw has 0 polygons
2026-09-09 20:57:37 +0200: Memory Usage (466612K) : next_drw has 0 polygons
2026-09-09 20:57:37 +0200: Memory Usage (466612K) : pext_drw has 0 polygons
2026-09-09 20:57:37 +0200: Memory Usage (466612K) : nexthv_drw has 0 polygons
2026-09-09 20:57:37 +0200: Memory Usage (466772K) : pexthv_drw has 0 polygons
2026-09-09 20:57:37 +0200: Memory Usage (466772K) : graphgate_drw has 0 polygons
2026-09-09 20:57:37 +0200: Memory Usage (466772K) : sinwg_drw has 0 polygons
2026-09-09 20:57:37 +0200: Memory Usage (466932K) : sinwg_filler has 0 polygons
2026-09-09 20:57:37 +0200: Memory Usage (466932K) : sinwg_nofill has 0 polygons
2026-09-09 20:57:37 +0200: Memory Usage (466932K) : mempad_drw has 0 polygons
2026-09-09 20:57:37 +0200: Memory Usage (467092K) : topvia1_drw has 0 polygons
2026-09-09 20:57:37 +0200: Memory Usage (467092K) : topmetal1_drw has 0 polygons
2026-09-09 20:57:37 +0200: Memory Usage (467092K) : topmetal1_pin has 0 polygons
2026-09-09 20:57:37 +0200: Memory Usage (467092K) : topmetal1_mask has 0 polygons
2026-09-09 20:57:37 +0200: Memory Usage (467092K) : topmetal1_filler has 0 polygons
2026-09-09 20:57:37 +0200: Memory Usage (467092K) : topmetal1_nofill has 0 polygons
2026-09-09 20:57:37 +0200: Memory Usage (467092K) : topmetal1_slit has 0 polygons
2026-09-09 20:57:37 +0200: Memory Usage (467092K) : topmetal1_text has 0 polygons
2026-09-09 20:57:37 +0200: Memory Usage (467092K) : topmetal1_noqrc has 0 polygons
2026-09-09 20:57:37 +0200: Memory Usage (467092K) : topmetal1_res has 0 polygons
2026-09-09 20:57:37 +0200: Memory Usage (467252K) : topmetal1_iprobe has 0 polygons
2026-09-09 20:57:37 +0200: Memory Usage (467252K) : topmetal1_diffprb has 0 polygons
2026-09-09 20:57:37 +0200: Memory Usage (467252K) : inldpwl_drw has 0 polygons
2026-09-09 20:57:37 +0200: Memory Usage (467412K) : polyres_drw has 0 polygons
2026-09-09 20:57:37 +0200: Memory Usage (467412K) : polyres_pin has 0 polygons
2026-09-09 20:57:37 +0200: Memory Usage (467412K) : vmim_drw has 0 polygons
2026-09-09 20:57:37 +0200: Memory Usage (467572K) : nbulaycut_drw has 0 polygons
2026-09-09 20:57:37 +0200: Memory Usage (467572K) : antmetal1_drw has 0 polygons
2026-09-09 20:57:37 +0200: Memory Usage (467572K) : topvia2_drw has 0 polygons
2026-09-09 20:57:37 +0200: Memory Usage (467732K) : topmetal2_drw has 0 polygons
2026-09-09 20:57:37 +0200: Memory Usage (467732K) : topmetal2_pin has 0 polygons
2026-09-09 20:57:37 +0200: Memory Usage (467732K) : topmetal2_mask has 0 polygons
2026-09-09 20:57:37 +0200: Memory Usage (467892K) : topmetal2_filler has 0 polygons
2026-09-09 20:57:37 +0200: Memory Usage (467892K) : topmetal2_nofill has 0 polygons
2026-09-09 20:57:37 +0200: Memory Usage (467892K) : topmetal2_slit has 0 polygons
2026-09-09 20:57:37 +0200: Memory Usage (468052K) : topmetal2_text has 0 polygons
2026-09-09 20:57:37 +0200: Memory Usage (468052K) : topmetal2_noqrc has 0 polygons
2026-09-09 20:57:37 +0200: Memory Usage (468052K) : topmetal2_res has 0 polygons
2026-09-09 20:57:37 +0200: Memory Usage (468212K) : topmetal2_iprobe has 0 polygons
2026-09-09 20:57:37 +0200: Memory Usage (468212K) : topmetal2_diffprb has 0 polygons
2026-09-09 20:57:37 +0200: Memory Usage (468212K) : snsring_drw has 0 polygons
2026-09-09 20:57:37 +0200: Memory Usage (468372K) : sensor_drw has 0 polygons
2026-09-09 20:57:37 +0200: Memory Usage (468372K) : snsarms_drw has 0 polygons
2026-09-09 20:57:37 +0200: Memory Usage (468372K) : snscmosvia_drw has 0 polygons
2026-09-09 20:57:37 +0200: Memory Usage (468532K) : colwind_drw has 0 polygons
2026-09-09 20:57:37 +0200: Memory Usage (468532K) : flm_drw has 0 polygons
2026-09-09 20:57:37 +0200: Memory Usage (468532K) : hafniumox_drw has 0 polygons
2026-09-09 20:57:37 +0200: Memory Usage (468692K) : memvia_drw has 0 polygons
2026-09-09 20:57:37 +0200: Memory Usage (468692K) : thinfilmres_drw has 0 polygons
2026-09-09 20:57:37 +0200: Memory Usage (468692K) : rfmem_drw has 0 polygons
2026-09-09 20:57:37 +0200: Memory Usage (468852K) : norcx_drw has 0 polygons
2026-09-09 20:57:37 +0200: Memory Usage (468852K) : norcx_m2m3 has 0 polygons
2026-09-09 20:57:37 +0200: Memory Usage (468852K) : norcx_m2m4 has 0 polygons
2026-09-09 20:57:37 +0200: Memory Usage (469012K) : norcx_m2m5 has 0 polygons
2026-09-09 20:57:37 +0200: Memory Usage (469012K) : norcx_m2tm1 has 0 polygons
2026-09-09 20:57:37 +0200: Memory Usage (469012K) : norcx_m2tm2 has 0 polygons
2026-09-09 20:57:37 +0200: Memory Usage (469172K) : norcx_m3m4 has 0 polygons
2026-09-09 20:57:37 +0200: Memory Usage (469172K) : norcx_m3m5 has 0 polygons
2026-09-09 20:57:37 +0200: Memory Usage (469172K) : norcx_m3tm1 has 0 polygons
2026-09-09 20:57:37 +0200: Memory Usage (469332K) : norcx_m3tm2 has 0 polygons
2026-09-09 20:57:37 +0200: Memory Usage (469332K) : norcx_m4m5 has 0 polygons
2026-09-09 20:57:37 +0200: Memory Usage (469332K) : norcx_m4tm1 has 0 polygons
2026-09-09 20:57:37 +0200: Memory Usage (469492K) : norcx_m4tm2 has 0 polygons
2026-09-09 20:57:37 +0200: Memory Usage (469492K) : norcx_m5tm1 has 0 polygons
2026-09-09 20:57:37 +0200: Memory Usage (469492K) : norcx_m5tm2 has 0 polygons
2026-09-09 20:57:37 +0200: Memory Usage (469652K) : norcx_tm1tm2 has 0 polygons
2026-09-09 20:57:37 +0200: Memory Usage (469652K) : norcx_m1sub has 0 polygons
2026-09-09 20:57:37 +0200: Memory Usage (469652K) : norcx_m2sub has 0 polygons
2026-09-09 20:57:37 +0200: Memory Usage (469812K) : norcx_m3sub has 0 polygons
2026-09-09 20:57:37 +0200: Memory Usage (469812K) : norcx_m4sub has 0 polygons
2026-09-09 20:57:37 +0200: Memory Usage (469812K) : norcx_m5sub has 0 polygons
2026-09-09 20:57:37 +0200: Memory Usage (469972K) : norcx_tm1sub has 0 polygons
2026-09-09 20:57:37 +0200: Memory Usage (469972K) : norcx_tm2sub has 0 polygons
2026-09-09 20:57:37 +0200: Memory Usage (469972K) : snsbotvia_drw has 0 polygons
2026-09-09 20:57:37 +0200: Memory Usage (470132K) : snstopvia_drw has 0 polygons
2026-09-09 20:57:37 +0200: Memory Usage (470132K) : deepvia_drw has 0 polygons
2026-09-09 20:57:37 +0200: Memory Usage (470132K) : fgetch_drw has 0 polygons
2026-09-09 20:57:37 +0200: Memory Usage (470292K) : ctrgat_drw has 0 polygons
2026-09-09 20:57:37 +0200: Memory Usage (470292K) : fgimp_drw has 0 polygons
2026-09-09 20:57:37 +0200: Memory Usage (470292K) : emwihv_drw has 0 polygons
2026-09-09 20:57:37 +0200: Memory Usage (470452K) : lbe_drw has 0 polygons
2026-09-09 20:57:37 +0200: Memory Usage (470452K) : alcustop_drw has 0 polygons
2026-09-09 20:57:37 +0200: Memory Usage (470452K) : nometfiller_drw has 0 polygons
2026-09-09 20:57:37 +0200: Memory Usage (470612K) : prboundary_drw has 0 polygons
2026-09-09 20:57:37 +0200: Memory Usage (470612K) : exchange0_drw has 0 polygons
2026-09-09 20:57:37 +0200: Memory Usage (470612K) : exchange0_pin has 0 polygons
2026-09-09 20:57:37 +0200: Memory Usage (470772K) : exchange0_text has 0 polygons
2026-09-09 20:57:37 +0200: Memory Usage (470772K) : exchange1_drw has 0 polygons
2026-09-09 20:57:37 +0200: Memory Usage (470772K) : exchange1_pin has 0 polygons
2026-09-09 20:57:37 +0200: Memory Usage (470932K) : exchange1_text has 0 polygons
2026-09-09 20:57:37 +0200: Memory Usage (470932K) : exchange2_drw has 0 polygons
2026-09-09 20:57:37 +0200: Memory Usage (470932K) : exchange2_pin has 0 polygons
2026-09-09 20:57:37 +0200: Memory Usage (471092K) : exchange2_text has 0 polygons
2026-09-09 20:57:37 +0200: Memory Usage (471092K) : exchange3_drw has 0 polygons
2026-09-09 20:57:37 +0200: Memory Usage (471092K) : exchange3_pin has 0 polygons
2026-09-09 20:57:37 +0200: Memory Usage (471252K) : exchange3_text has 0 polygons
2026-09-09 20:57:37 +0200: Memory Usage (471252K) : exchange4_drw has 0 polygons
2026-09-09 20:57:37 +0200: Memory Usage (471252K) : exchange4_pin has 0 polygons
2026-09-09 20:57:37 +0200: Memory Usage (471412K) : exchange4_text has 0 polygons
2026-09-09 20:57:37 +0200: Memory Usage (471412K) : isonwell_drw has 0 polygons
2026-09-09 20:57:37 +0200: Memory Usage (471412K) : Total no. of polygons in the design is 93
2026-09-09 20:57:37 +0200: Memory Usage (471412K) : Loaded TECH DRC rules values from /foss/pdks/ihp-sg13g2/libs.tech/klayout/python/sg13g2_pycell_lib/sg13g2_tech_mod.json
2026-09-09 20:57:37 +0200: Memory Usage (471412K) : Loaded default DRC rules values from /foss/pdks/ihp-sg13g2/libs.tech/klayout/tech/drc/rule_decks/sg13g2_tech_default.json
2026-09-09 20:57:37 +0200: Memory Usage (471412K) : The following rules values were missing in tech json and default values were used:
2026-09-09 20:57:37 +0200: Memory Usage (471412K) :   - NW_f1_digibnd
2026-09-09 20:57:37 +0200: Memory Usage (471412K) :   - Cnt_c_digibnd
2026-09-09 20:57:37 +0200: Memory Usage (471412K) :   - Cnt_c_sram
2026-09-09 20:57:37 +0200: Memory Usage (471412K) :   - Sdiod_b
2026-09-09 20:57:37 +0200: Memory Usage (471412K) :   - Sdiod_c
2026-09-09 20:57:37 +0200: Memory Usage (472364K) : Total area of the design is 21.2915 um^2.
2026-09-09 20:57:37 +0200: Memory Usage (472364K) : The design dimensions are 4.8500000000000005 µm * 4.39 µm.
2026-09-09 20:57:37 +0200: Memory Usage (472364K) : Starting general IHP-SG13G2 derivations.
2026-09-09 20:57:37 +0200: Memory Usage (472364K) : Starting Pwell derivations
2026-09-09 20:57:37 +0200: Memory Usage (474252K) : Starting n-Activ derivations
2026-09-09 20:57:37 +0200: Memory Usage (474412K) : Starting p-Activ derivations
2026-09-09 20:57:37 +0200: Memory Usage (474412K) : Starting ptap derivations
2026-09-09 20:57:37 +0200: Memory Usage (474412K) : Starting nact FET derivations
2026-09-09 20:57:37 +0200: Memory Usage (474412K) : Starting IHP-SG13G2 DRC rules.
2026-09-09 20:57:37 +0200: Memory Usage (474412K) : Starting 7.2 Latch-up table
2026-09-09 20:57:37 +0200: Memory Usage (474412K) : Executing rule LU.b
2026-09-09 20:57:37 +0200: Memory Usage (474572K) : KLayout DRC run for tables 'latchup' completed in 0.31 seconds
