Netgen 1.5.323 compiled on Mon Jul 27 09:16:59 AM CEST 2026
Warning: netgen command 'format' use fully-qualified name '::netgen::format'
Warning: netgen command 'global' use fully-qualified name '::netgen::global'
Reading netlist file /foss/designs/aion_chip/flow/regress/AION_nand2_o21ai_0/lvs/AION_nand2_o21ai_0.magic.lvs/AION_nand2_o21ai_0.ext.spc for /foss/designs/aion_chip/flow/regress/AION_nand2_o21ai_0/lvs/AION_nand2_o21ai_0.magic.lvs/AION_nand2_o21ai_0.ext.spc AION_nand2_o21ai_0
Call to undefined subcircuit sg13_lv_nmos
Creating placeholder cell definition.
Call to undefined subcircuit sg13_lv_pmos
Creating placeholder cell definition.
Reading netlist file /foss/designs/aion_chip/flow/5_gate_minimization/minimized_spice/AION_nand2_o21ai_0_minimized.spice for /foss/designs/aion_chip/flow/5_gate_minimization/minimized_spice/AION_nand2_o21ai_0_minimized.spice AION_nand2_o21ai_0
Call to undefined subcircuit sg13_lv_pmos
Creating placeholder cell definition.
Call to undefined subcircuit sg13_lv_nmos
Creating placeholder cell definition.

Reading setup file /foss/pdks/ihp-sg13g2/libs.tech/netgen/ihp-sg13g2_setup.tcl

Model sg13_lv_nmos pin 1 == 3
No property ng found for device sg13_lv_nmos
No property trise found for device sg13_lv_nmos
No property z1 found for device sg13_lv_nmos
No property z2 found for device sg13_lv_nmos
No property wmin found for device sg13_lv_nmos
No property rfmode found for device sg13_lv_nmos
No property pre_layout found for device sg13_lv_nmos
Model sg13_lv_nmos pin 1 == 3
No property trise found for device sg13_lv_nmos
No property z1 found for device sg13_lv_nmos
No property z2 found for device sg13_lv_nmos
No property wmin found for device sg13_lv_nmos
No property rfmode found for device sg13_lv_nmos
No property pre_layout found for device sg13_lv_nmos
Model sg13_lv_pmos pin 1 == 3
No property ng found for device sg13_lv_pmos
No property trise found for device sg13_lv_pmos
No property z1 found for device sg13_lv_pmos
No property z2 found for device sg13_lv_pmos
No property wmin found for device sg13_lv_pmos
No property rfmode found for device sg13_lv_pmos
No property pre_layout found for device sg13_lv_pmos
Model sg13_lv_pmos pin 1 == 3
No property trise found for device sg13_lv_pmos
No property z1 found for device sg13_lv_pmos
No property z2 found for device sg13_lv_pmos
No property wmin found for device sg13_lv_pmos
No property rfmode found for device sg13_lv_pmos
No property pre_layout found for device sg13_lv_pmos
Comparison output logged to file /foss/designs/aion_chip/flow/regress/AION_nand2_o21ai_0/lvs/AION_nand2_o21ai_0.magic.lvs/AION_nand2_o21ai_0.lvs.out
Logging to file "/foss/designs/aion_chip/flow/regress/AION_nand2_o21ai_0/lvs/AION_nand2_o21ai_0.magic.lvs/AION_nand2_o21ai_0.lvs.out" enabled
Circuit sg13_lv_nmos contains no devices.
Circuit sg13_lv_pmos contains no devices.

Contents of circuit 1:  Circuit: 'AION_nand2_o21ai_0'
Circuit AION_nand2_o21ai_0 contains 10 device instances.
  Class: sg13_lv_pmos          instances:   5
  Class: sg13_lv_nmos          instances:   5
Circuit contains 11 nets.
Contents of circuit 2:  Circuit: 'AION_nand2_o21ai_0'
Circuit AION_nand2_o21ai_0 contains 10 device instances.
  Class: sg13_lv_pmos          instances:   5
  Class: sg13_lv_nmos          instances:   5
Circuit contains 11 nets.

Circuit 1 contains 10 devices, Circuit 2 contains 10 devices.
Circuit 1 contains 11 nets,    Circuit 2 contains 11 nets.


Final result: 
Circuits match uniquely.
.
Logging to file "/foss/designs/aion_chip/flow/regress/AION_nand2_o21ai_0/lvs/AION_nand2_o21ai_0.magic.lvs/AION_nand2_o21ai_0.lvs.out" disabled
LVS Done.
