# Logfile created on 2026-09-09 20:59:07 +0200 by logger.rb/v1.5.3
2026-09-09 20:59:07 +0200: Memory Usage (454932K) : Starting running IHP-SG13G2 KLayout DRC runset on /foss/designs/aion_chip/flow/regress/AION_a21oi_nor2_1/AION_a21oi_nor2_1.gds
2026-09-09 20:59:07 +0200: Memory Usage (454932K) : Ruby Version for klayout: 3.2.3
2026-09-09 20:59:07 +0200: Memory Usage (456064K) : Loading database to memory is complete.
2026-09-09 20:59:07 +0200: Memory Usage (456064K) : IHP-SG13G2 KLayout DRC runset output at: /foss/designs/aion_chip/flow/regress/AION_a21oi_nor2_1/drc/AION_a21oi_nor2_1.klayout.drc/AION_a21oi_nor2_1_AION_a21oi_nor2_1_contbar.lyrdb
2026-09-09 20:59:07 +0200: Memory Usage (456064K) : Evaluate switches.
2026-09-09 20:59:07 +0200: Memory Usage (456064K) : tables selected: contbar
2026-09-09 20:59:07 +0200: Memory Usage (456064K) : KLayout will use 15 thread(s) in tiling mode.
2026-09-09 20:59:07 +0200: Memory Usage (456064K) : deep mode is enabled.
2026-09-09 20:59:07 +0200: Memory Usage (456064K) : FEOL enabled: false
2026-09-09 20:59:07 +0200: Memory Usage (456064K) : BEOL enabled: false
2026-09-09 20:59:07 +0200: Memory Usage (456064K) : OFFGRID enabled: true
2026-09-09 20:59:07 +0200: Memory Usage (456064K) : ANGLE enabled: true
2026-09-09 20:59:07 +0200: Memory Usage (456064K) : PIN enabled: false
2026-09-09 20:59:07 +0200: Memory Usage (456064K) : FORBIDDEN enabled: false
2026-09-09 20:59:07 +0200: Memory Usage (456064K) : RECOMMENDED enabled: true
2026-09-09 20:59:07 +0200: Memory Usage (456064K) : PreCheck DRC enabled: false
2026-09-09 20:59:07 +0200: Memory Usage (456064K) : CONNECTIVITY_RULES enabled: false.
2026-09-09 20:59:07 +0200: Memory Usage (456064K) : Read in polygons from layers.
2026-09-09 20:59:07 +0200: Memory Usage (457024K) : activ_drw has 5 polygons
2026-09-09 20:59:07 +0200: Memory Usage (457024K) : activ_pin has 0 polygons
2026-09-09 20:59:07 +0200: Memory Usage (457024K) : activ_mask has 0 polygons
2026-09-09 20:59:07 +0200: Memory Usage (457024K) : activ_filler has 0 polygons
2026-09-09 20:59:07 +0200: Memory Usage (457024K) : activ_nofill has 0 polygons
2026-09-09 20:59:07 +0200: Memory Usage (457024K) : activ_opc has 0 polygons
2026-09-09 20:59:07 +0200: Memory Usage (457024K) : activ_iopc has 0 polygons
2026-09-09 20:59:07 +0200: Memory Usage (457024K) : activ_noqrc has 0 polygons
2026-09-09 20:59:07 +0200: Memory Usage (457024K) : biwind_drw has 0 polygons
2026-09-09 20:59:07 +0200: Memory Usage (457024K) : biwind_opc has 0 polygons
2026-09-09 20:59:07 +0200: Memory Usage (457024K) : pemwind_drw has 0 polygons
2026-09-09 20:59:07 +0200: Memory Usage (457024K) : gatpoly_drw has 10 polygons
2026-09-09 20:59:07 +0200: Memory Usage (457024K) : gatpoly_pin has 0 polygons
2026-09-09 20:59:07 +0200: Memory Usage (457024K) : gatpoly_filler has 0 polygons
2026-09-09 20:59:07 +0200: Memory Usage (457024K) : gatpoly_nofill has 0 polygons
2026-09-09 20:59:07 +0200: Memory Usage (457024K) : gatpoly_opc has 0 polygons
2026-09-09 20:59:07 +0200: Memory Usage (457024K) : gatpoly_iopc has 0 polygons
2026-09-09 20:59:07 +0200: Memory Usage (457024K) : gatpoly_noqrc has 0 polygons
2026-09-09 20:59:07 +0200: Memory Usage (457024K) : cont_drw has 40 polygons
2026-09-09 20:59:07 +0200: Memory Usage (457184K) : cont_opc has 0 polygons
2026-09-09 20:59:07 +0200: Memory Usage (457184K) : nsd_drw has 0 polygons
2026-09-09 20:59:07 +0200: Memory Usage (457184K) : nsd_block has 0 polygons
2026-09-09 20:59:07 +0200: Memory Usage (457184K) : metal1_drw has 23 polygons
2026-09-09 20:59:07 +0200: Memory Usage (457184K) : metal1_pin has 7 polygons
2026-09-09 20:59:07 +0200: Memory Usage (457184K) : metal1_mask has 0 polygons
2026-09-09 20:59:07 +0200: Memory Usage (457344K) : metal1_filler has 0 polygons
2026-09-09 20:59:07 +0200: Memory Usage (457344K) : metal1_nofill has 0 polygons
2026-09-09 20:59:07 +0200: Memory Usage (457344K) : metal1_slit has 0 polygons
2026-09-09 20:59:07 +0200: Memory Usage (457696K) : metal1_text has 7 polygons
2026-09-09 20:59:07 +0200: Memory Usage (457696K) : metal1_opc has 0 polygons
2026-09-09 20:59:07 +0200: Memory Usage (457696K) : metal1_noqrc has 0 polygons
2026-09-09 20:59:07 +0200: Memory Usage (457856K) : metal1_res has 0 polygons
2026-09-09 20:59:07 +0200: Memory Usage (457856K) : metal1_iprobe has 0 polygons
2026-09-09 20:59:07 +0200: Memory Usage (458016K) : metal1_diffprb has 0 polygons
2026-09-09 20:59:07 +0200: Memory Usage (458016K) : passiv_drw has 0 polygons
2026-09-09 20:59:07 +0200: Memory Usage (458016K) : passiv_pin has 0 polygons
2026-09-09 20:59:07 +0200: Memory Usage (458016K) : passiv_sbump has 0 polygons
2026-09-09 20:59:07 +0200: Memory Usage (458176K) : passiv_pillar has 0 polygons
2026-09-09 20:59:07 +0200: Memory Usage (458176K) : passiv_pdl has 0 polygons
2026-09-09 20:59:07 +0200: Memory Usage (458176K) : metal2_drw has 0 polygons
2026-09-09 20:59:07 +0200: Memory Usage (458336K) : metal2_pin has 0 polygons
2026-09-09 20:59:07 +0200: Memory Usage (458336K) : metal2_mask has 0 polygons
2026-09-09 20:59:07 +0200: Memory Usage (458336K) : metal2_filler has 0 polygons
2026-09-09 20:59:07 +0200: Memory Usage (458336K) : metal2_nofill has 0 polygons
2026-09-09 20:59:07 +0200: Memory Usage (458336K) : metal2_slit has 0 polygons
2026-09-09 20:59:07 +0200: Memory Usage (458336K) : metal2_text has 0 polygons
2026-09-09 20:59:07 +0200: Memory Usage (458336K) : metal2_opc has 0 polygons
2026-09-09 20:59:07 +0200: Memory Usage (458496K) : metal2_noqrc has 0 polygons
2026-09-09 20:59:07 +0200: Memory Usage (458496K) : metal2_res has 0 polygons
2026-09-09 20:59:07 +0200: Memory Usage (458496K) : metal2_iprobe has 0 polygons
2026-09-09 20:59:07 +0200: Memory Usage (458496K) : metal2_diffprb has 0 polygons
2026-09-09 20:59:07 +0200: Memory Usage (458496K) : baspoly_drw has 0 polygons
2026-09-09 20:59:07 +0200: Memory Usage (458496K) : baspoly_pin has 0 polygons
2026-09-09 20:59:07 +0200: Memory Usage (458656K) : psd_drw has 2 polygons
2026-09-09 20:59:07 +0200: Memory Usage (458656K) : nldb_drw has 0 polygons
2026-09-09 20:59:07 +0200: Memory Usage (458656K) : digibnd_drw has 0 polygons
2026-09-09 20:59:07 +0200: Memory Usage (458816K) : via1_drw has 0 polygons
2026-09-09 20:59:07 +0200: Memory Usage (458816K) : backmetal1_drw has 0 polygons
2026-09-09 20:59:07 +0200: Memory Usage (458816K) : backmetal1_pin has 0 polygons
2026-09-09 20:59:07 +0200: Memory Usage (458976K) : backmetal1_mask has 0 polygons
2026-09-09 20:59:07 +0200: Memory Usage (458976K) : backmetal1_filler has 0 polygons
2026-09-09 20:59:07 +0200: Memory Usage (458976K) : backmetal1_nofill has 0 polygons
2026-09-09 20:59:07 +0200: Memory Usage (459136K) : backmetal1_slit has 0 polygons
2026-09-09 20:59:07 +0200: Memory Usage (459136K) : backmetal1_text has 0 polygons
2026-09-09 20:59:07 +0200: Memory Usage (459136K) : backmetal1_opc has 0 polygons
2026-09-09 20:59:07 +0200: Memory Usage (459296K) : backmetal1_noqrc has 0 polygons
2026-09-09 20:59:07 +0200: Memory Usage (459296K) : backmetal1_res has 0 polygons
2026-09-09 20:59:07 +0200: Memory Usage (459456K) : backmetal1_iprobe has 0 polygons
2026-09-09 20:59:07 +0200: Memory Usage (459616K) : backmetal1_diffprb has 0 polygons
2026-09-09 20:59:07 +0200: Memory Usage (459616K) : backpassiv_drw has 0 polygons
2026-09-09 20:59:07 +0200: Memory Usage (459616K) : res_drw has 0 polygons
2026-09-09 20:59:07 +0200: Memory Usage (459776K) : sram_drw has 0 polygons
2026-09-09 20:59:07 +0200: Memory Usage (459776K) : trans_drw has 0 polygons
2026-09-09 20:59:07 +0200: Memory Usage (459776K) : ind_drw has 0 polygons
2026-09-09 20:59:07 +0200: Memory Usage (459936K) : ind_pin has 0 polygons
2026-09-09 20:59:07 +0200: Memory Usage (459936K) : ind_text has 0 polygons
2026-09-09 20:59:07 +0200: Memory Usage (459936K) : salblock_drw has 0 polygons
2026-09-09 20:59:07 +0200: Memory Usage (460096K) : via2_drw has 0 polygons
2026-09-09 20:59:07 +0200: Memory Usage (460096K) : metal3_drw has 0 polygons
2026-09-09 20:59:07 +0200: Memory Usage (460096K) : metal3_pin has 0 polygons
2026-09-09 20:59:07 +0200: Memory Usage (460256K) : metal3_mask has 0 polygons
2026-09-09 20:59:07 +0200: Memory Usage (460256K) : metal3_filler has 0 polygons
2026-09-09 20:59:07 +0200: Memory Usage (460256K) : metal3_nofill has 0 polygons
2026-09-09 20:59:07 +0200: Memory Usage (460416K) : metal3_slit has 0 polygons
2026-09-09 20:59:07 +0200: Memory Usage (460416K) : metal3_text has 0 polygons
2026-09-09 20:59:07 +0200: Memory Usage (460416K) : metal3_opc has 0 polygons
2026-09-09 20:59:07 +0200: Memory Usage (460576K) : metal3_noqrc has 0 polygons
2026-09-09 20:59:07 +0200: Memory Usage (460576K) : metal3_res has 0 polygons
2026-09-09 20:59:07 +0200: Memory Usage (460736K) : metal3_iprobe has 0 polygons
2026-09-09 20:59:07 +0200: Memory Usage (460736K) : metal3_diffprb has 0 polygons
2026-09-09 20:59:07 +0200: Memory Usage (460736K) : nwell_drw has 1 polygons
2026-09-09 20:59:07 +0200: Memory Usage (460736K) : nwell_pin has 0 polygons
2026-09-09 20:59:07 +0200: Memory Usage (460896K) : nbulay_drw has 0 polygons
2026-09-09 20:59:07 +0200: Memory Usage (460896K) : nbulay_pin has 0 polygons
2026-09-09 20:59:07 +0200: Memory Usage (460896K) : nbulay_block has 0 polygons
2026-09-09 20:59:07 +0200: Memory Usage (460896K) : emwind_drw has 0 polygons
2026-09-09 20:59:07 +0200: Memory Usage (461056K) : emwind_opc has 0 polygons
2026-09-09 20:59:07 +0200: Memory Usage (461056K) : deepco_drw has 0 polygons
2026-09-09 20:59:07 +0200: Memory Usage (461056K) : deepco_drw has 0 polygons
2026-09-09 20:59:07 +0200: Memory Usage (461056K) : mim_drw has 0 polygons
2026-09-09 20:59:07 +0200: Memory Usage (461216K) : edgeseal_drw has 0 polygons
2026-09-09 20:59:07 +0200: Memory Usage (461216K) : edgeseal_bound has 0 polygons
2026-09-09 20:59:07 +0200: Memory Usage (461216K) : substrate_drw has 0 polygons
2026-09-09 20:59:07 +0200: Memory Usage (461216K) : substrate_text has 0 polygons
2026-09-09 20:59:07 +0200: Memory Usage (461376K) : dfpad_drw has 0 polygons
2026-09-09 20:59:07 +0200: Memory Usage (461376K) : dfpad_pillar has 0 polygons
2026-09-09 20:59:07 +0200: Memory Usage (461376K) : dfpad_sbump has 0 polygons
2026-09-09 20:59:07 +0200: Memory Usage (461376K) : thickgateox_drw has 0 polygons
2026-09-09 20:59:07 +0200: Memory Usage (461536K) : pldb_drw has 0 polygons
2026-09-09 20:59:07 +0200: Memory Usage (461536K) : pwell_drw has 0 polygons
2026-09-09 20:59:07 +0200: Memory Usage (461536K) : pwell_pin has 0 polygons
2026-09-09 20:59:07 +0200: Memory Usage (461696K) : pwell_block has 0 polygons
2026-09-09 20:59:07 +0200: Memory Usage (461696K) : ic_drw has 0 polygons
2026-09-09 20:59:07 +0200: Memory Usage (461696K) : via3_drw has 0 polygons
2026-09-09 20:59:07 +0200: Memory Usage (461856K) : metal4_drw has 0 polygons
2026-09-09 20:59:07 +0200: Memory Usage (461856K) : metal4_pin has 0 polygons
2026-09-09 20:59:07 +0200: Memory Usage (461856K) : metal4_mask has 0 polygons
2026-09-09 20:59:07 +0200: Memory Usage (462016K) : metal4_filler has 0 polygons
2026-09-09 20:59:07 +0200: Memory Usage (462016K) : metal4_nofill has 0 polygons
2026-09-09 20:59:07 +0200: Memory Usage (462016K) : metal4_slit has 0 polygons
2026-09-09 20:59:07 +0200: Memory Usage (462176K) : metal4_text has 0 polygons
2026-09-09 20:59:07 +0200: Memory Usage (462176K) : metal4_opc has 0 polygons
2026-09-09 20:59:07 +0200: Memory Usage (462176K) : metal4_noqrc has 0 polygons
2026-09-09 20:59:07 +0200: Memory Usage (462336K) : metal4_res has 0 polygons
2026-09-09 20:59:07 +0200: Memory Usage (462336K) : metal4_iprobe has 0 polygons
2026-09-09 20:59:07 +0200: Memory Usage (462336K) : metal4_diffprb has 0 polygons
2026-09-09 20:59:07 +0200: Memory Usage (462496K) : heattrans_drw has 0 polygons
2026-09-09 20:59:07 +0200: Memory Usage (462496K) : heatres_drw has 0 polygons
2026-09-09 20:59:07 +0200: Memory Usage (462656K) : pempoly_drw has 0 polygons
2026-09-09 20:59:07 +0200: Memory Usage (462656K) : fbe_drw has 0 polygons
2026-09-09 20:59:07 +0200: Memory Usage (462656K) : empoly_drw has 0 polygons
2026-09-09 20:59:07 +0200: Memory Usage (462816K) : ldmos_drw has 0 polygons
2026-09-09 20:59:07 +0200: Memory Usage (462816K) : pbiwind_drw has 0 polygons
2026-09-09 20:59:07 +0200: Memory Usage (462816K) : digisub_drw has 0 polygons
2026-09-09 20:59:07 +0200: Memory Usage (462816K) : nodrc_drw has 0 polygons
2026-09-09 20:59:07 +0200: Memory Usage (462976K) : text_drw has 0 polygons
2026-09-09 20:59:07 +0200: Memory Usage (462976K) : via4_drw has 0 polygons
2026-09-09 20:59:07 +0200: Memory Usage (462976K) : metal5_drw has 0 polygons
2026-09-09 20:59:07 +0200: Memory Usage (462976K) : metal5_pin has 0 polygons
2026-09-09 20:59:07 +0200: Memory Usage (462976K) : metal5_mask has 0 polygons
2026-09-09 20:59:07 +0200: Memory Usage (463136K) : metal5_filler has 0 polygons
2026-09-09 20:59:07 +0200: Memory Usage (463136K) : metal5_nofill has 0 polygons
2026-09-09 20:59:07 +0200: Memory Usage (463136K) : metal5_slit has 0 polygons
2026-09-09 20:59:07 +0200: Memory Usage (463296K) : metal5_text has 0 polygons
2026-09-09 20:59:07 +0200: Memory Usage (463296K) : metal5_opc has 0 polygons
2026-09-09 20:59:07 +0200: Memory Usage (463296K) : metal5_noqrc has 0 polygons
2026-09-09 20:59:07 +0200: Memory Usage (463456K) : metal5_res has 0 polygons
2026-09-09 20:59:07 +0200: Memory Usage (463456K) : metal5_iprobe has 0 polygons
2026-09-09 20:59:07 +0200: Memory Usage (463456K) : metal5_diffprb has 0 polygons
2026-09-09 20:59:07 +0200: Memory Usage (463616K) : radhard_drw has 0 polygons
2026-09-09 20:59:07 +0200: Memory Usage (463616K) : memcap_drw has 0 polygons
2026-09-09 20:59:07 +0200: Memory Usage (463616K) : varicap_drw has 0 polygons
2026-09-09 20:59:07 +0200: Memory Usage (463776K) : flash_drw has 0 polygons
2026-09-09 20:59:07 +0200: Memory Usage (463776K) : intbondvia_drw has 0 polygons
2026-09-09 20:59:07 +0200: Memory Usage (463776K) : intbondmet_drw has 0 polygons
2026-09-09 20:59:07 +0200: Memory Usage (463936K) : devbondvia_drw has 0 polygons
2026-09-09 20:59:07 +0200: Memory Usage (463936K) : devbondmet_drw has 0 polygons
2026-09-09 20:59:07 +0200: Memory Usage (463936K) : devtrench_drw has 0 polygons
2026-09-09 20:59:07 +0200: Memory Usage (464096K) : redist_drw has 0 polygons
2026-09-09 20:59:07 +0200: Memory Usage (464096K) : graphbot_drw has 0 polygons
2026-09-09 20:59:07 +0200: Memory Usage (464096K) : graphtop_drw has 0 polygons
2026-09-09 20:59:07 +0200: Memory Usage (464256K) : antvia1_drw has 0 polygons
2026-09-09 20:59:07 +0200: Memory Usage (464256K) : antmetal2_drw has 0 polygons
2026-09-09 20:59:07 +0200: Memory Usage (464256K) : graphcont_drw has 0 polygons
2026-09-09 20:59:07 +0200: Memory Usage (464416K) : siwg_drw has 0 polygons
2026-09-09 20:59:07 +0200: Memory Usage (464416K) : siwg_filler has 0 polygons
2026-09-09 20:59:07 +0200: Memory Usage (464576K) : siwg_nofill has 0 polygons
2026-09-09 20:59:07 +0200: Memory Usage (464576K) : sigrating_drw has 0 polygons
2026-09-09 20:59:07 +0200: Memory Usage (464576K) : singrating_drw has 0 polygons
2026-09-09 20:59:07 +0200: Memory Usage (464736K) : graphpas_drw has 0 polygons
2026-09-09 20:59:07 +0200: Memory Usage (464736K) : emwind3_drw has 0 polygons
2026-09-09 20:59:07 +0200: Memory Usage (464736K) : emwihv3_drw has 0 polygons
2026-09-09 20:59:07 +0200: Memory Usage (464736K) : redbulay_drw has 0 polygons
2026-09-09 20:59:07 +0200: Memory Usage (464736K) : smos_drw has 0 polygons
2026-09-09 20:59:07 +0200: Memory Usage (464896K) : graphpad_drw has 0 polygons
2026-09-09 20:59:07 +0200: Memory Usage (464896K) : polimide_drw has 0 polygons
2026-09-09 20:59:07 +0200: Memory Usage (464896K) : polimide_pin has 0 polygons
2026-09-09 20:59:07 +0200: Memory Usage (464896K) : recog_drw has 0 polygons
2026-09-09 20:59:07 +0200: Memory Usage (465056K) : recog_pin has 0 polygons
2026-09-09 20:59:07 +0200: Memory Usage (465056K) : recog_esd has 0 polygons
2026-09-09 20:59:07 +0200: Memory Usage (465056K) : recog_diode has 0 polygons
2026-09-09 20:59:07 +0200: Memory Usage (465216K) : recog_tsv has 0 polygons
2026-09-09 20:59:07 +0200: Memory Usage (465216K) : recog_iprobe has 0 polygons
2026-09-09 20:59:07 +0200: Memory Usage (465216K) : recog_diffprb has 0 polygons
2026-09-09 20:59:07 +0200: Memory Usage (465376K) : recog_pillar has 0 polygons
2026-09-09 20:59:07 +0200: Memory Usage (465376K) : recog_sbump has 0 polygons
2026-09-09 20:59:07 +0200: Memory Usage (465376K) : recog_otp has 0 polygons
2026-09-09 20:59:07 +0200: Memory Usage (465536K) : recog_pdiode has 0 polygons
2026-09-09 20:59:07 +0200: Memory Usage (465536K) : recog_mom has 0 polygons
2026-09-09 20:59:07 +0200: Memory Usage (465536K) : recog_pcm has 0 polygons
2026-09-09 20:59:07 +0200: Memory Usage (465696K) : colopen_drw has 0 polygons
2026-09-09 20:59:07 +0200: Memory Usage (465696K) : graphmetal1_drw has 0 polygons
2026-09-09 20:59:07 +0200: Memory Usage (465696K) : graphmetal1_filler has 0 polygons
2026-09-09 20:59:07 +0200: Memory Usage (465856K) : graphmetal1_nofill has 0 polygons
2026-09-09 20:59:07 +0200: Memory Usage (465856K) : graphmetal1_slit has 0 polygons
2026-09-09 20:59:07 +0200: Memory Usage (465856K) : graphmetal1_opc has 0 polygons
2026-09-09 20:59:07 +0200: Memory Usage (466016K) : graphmet1l_drw has 0 polygons
2026-09-09 20:59:07 +0200: Memory Usage (466016K) : graphmet1l_filler has 0 polygons
2026-09-09 20:59:07 +0200: Memory Usage (466016K) : graphmet1l_nofill has 0 polygons
2026-09-09 20:59:07 +0200: Memory Usage (466176K) : graphmet1l_slit has 0 polygons
2026-09-09 20:59:07 +0200: Memory Usage (466176K) : graphmet1l_opc has 0 polygons
2026-09-09 20:59:07 +0200: Memory Usage (466176K) : extblock_drw has 0 polygons
2026-09-09 20:59:07 +0200: Memory Usage (466336K) : nldd_drw has 0 polygons
2026-09-09 20:59:07 +0200: Memory Usage (466336K) : pldd_drw has 0 polygons
2026-09-09 20:59:07 +0200: Memory Usage (466336K) : next_drw has 0 polygons
2026-09-09 20:59:07 +0200: Memory Usage (466496K) : pext_drw has 0 polygons
2026-09-09 20:59:07 +0200: Memory Usage (466496K) : nexthv_drw has 0 polygons
2026-09-09 20:59:07 +0200: Memory Usage (466496K) : pexthv_drw has 0 polygons
2026-09-09 20:59:07 +0200: Memory Usage (466656K) : graphgate_drw has 0 polygons
2026-09-09 20:59:07 +0200: Memory Usage (466656K) : sinwg_drw has 0 polygons
2026-09-09 20:59:07 +0200: Memory Usage (466656K) : sinwg_filler has 0 polygons
2026-09-09 20:59:07 +0200: Memory Usage (466816K) : sinwg_nofill has 0 polygons
2026-09-09 20:59:07 +0200: Memory Usage (466816K) : mempad_drw has 0 polygons
2026-09-09 20:59:07 +0200: Memory Usage (466816K) : topvia1_drw has 0 polygons
2026-09-09 20:59:07 +0200: Memory Usage (466816K) : topmetal1_drw has 0 polygons
2026-09-09 20:59:07 +0200: Memory Usage (466816K) : topmetal1_pin has 0 polygons
2026-09-09 20:59:07 +0200: Memory Usage (466816K) : topmetal1_mask has 0 polygons
2026-09-09 20:59:07 +0200: Memory Usage (466816K) : topmetal1_filler has 0 polygons
2026-09-09 20:59:07 +0200: Memory Usage (466816K) : topmetal1_nofill has 0 polygons
2026-09-09 20:59:07 +0200: Memory Usage (466816K) : topmetal1_slit has 0 polygons
2026-09-09 20:59:07 +0200: Memory Usage (466816K) : topmetal1_text has 0 polygons
2026-09-09 20:59:07 +0200: Memory Usage (466976K) : topmetal1_noqrc has 0 polygons
2026-09-09 20:59:07 +0200: Memory Usage (466976K) : topmetal1_res has 0 polygons
2026-09-09 20:59:07 +0200: Memory Usage (466976K) : topmetal1_iprobe has 0 polygons
2026-09-09 20:59:07 +0200: Memory Usage (467136K) : topmetal1_diffprb has 0 polygons
2026-09-09 20:59:07 +0200: Memory Usage (467136K) : inldpwl_drw has 0 polygons
2026-09-09 20:59:07 +0200: Memory Usage (467136K) : polyres_drw has 0 polygons
2026-09-09 20:59:07 +0200: Memory Usage (467296K) : polyres_pin has 0 polygons
2026-09-09 20:59:07 +0200: Memory Usage (467296K) : vmim_drw has 0 polygons
2026-09-09 20:59:07 +0200: Memory Usage (467296K) : nbulaycut_drw has 0 polygons
2026-09-09 20:59:07 +0200: Memory Usage (467456K) : antmetal1_drw has 0 polygons
2026-09-09 20:59:07 +0200: Memory Usage (467456K) : topvia2_drw has 0 polygons
2026-09-09 20:59:07 +0200: Memory Usage (467456K) : topmetal2_drw has 0 polygons
2026-09-09 20:59:07 +0200: Memory Usage (467616K) : topmetal2_pin has 0 polygons
2026-09-09 20:59:07 +0200: Memory Usage (467616K) : topmetal2_mask has 0 polygons
2026-09-09 20:59:07 +0200: Memory Usage (467616K) : topmetal2_filler has 0 polygons
2026-09-09 20:59:07 +0200: Memory Usage (467776K) : topmetal2_nofill has 0 polygons
2026-09-09 20:59:07 +0200: Memory Usage (467776K) : topmetal2_slit has 0 polygons
2026-09-09 20:59:07 +0200: Memory Usage (467776K) : topmetal2_text has 0 polygons
2026-09-09 20:59:07 +0200: Memory Usage (467936K) : topmetal2_noqrc has 0 polygons
2026-09-09 20:59:07 +0200: Memory Usage (467936K) : topmetal2_res has 0 polygons
2026-09-09 20:59:07 +0200: Memory Usage (467936K) : topmetal2_iprobe has 0 polygons
2026-09-09 20:59:07 +0200: Memory Usage (468096K) : topmetal2_diffprb has 0 polygons
2026-09-09 20:59:07 +0200: Memory Usage (468096K) : snsring_drw has 0 polygons
2026-09-09 20:59:07 +0200: Memory Usage (468096K) : sensor_drw has 0 polygons
2026-09-09 20:59:07 +0200: Memory Usage (468256K) : snsarms_drw has 0 polygons
2026-09-09 20:59:07 +0200: Memory Usage (468256K) : snscmosvia_drw has 0 polygons
2026-09-09 20:59:07 +0200: Memory Usage (468256K) : colwind_drw has 0 polygons
2026-09-09 20:59:07 +0200: Memory Usage (468416K) : flm_drw has 0 polygons
2026-09-09 20:59:07 +0200: Memory Usage (468416K) : hafniumox_drw has 0 polygons
2026-09-09 20:59:07 +0200: Memory Usage (468416K) : memvia_drw has 0 polygons
2026-09-09 20:59:07 +0200: Memory Usage (468576K) : thinfilmres_drw has 0 polygons
2026-09-09 20:59:07 +0200: Memory Usage (468576K) : rfmem_drw has 0 polygons
2026-09-09 20:59:07 +0200: Memory Usage (468576K) : norcx_drw has 0 polygons
2026-09-09 20:59:07 +0200: Memory Usage (468736K) : norcx_m2m3 has 0 polygons
2026-09-09 20:59:07 +0200: Memory Usage (468736K) : norcx_m2m4 has 0 polygons
2026-09-09 20:59:07 +0200: Memory Usage (468736K) : norcx_m2m5 has 0 polygons
2026-09-09 20:59:07 +0200: Memory Usage (468896K) : norcx_m2tm1 has 0 polygons
2026-09-09 20:59:07 +0200: Memory Usage (468896K) : norcx_m2tm2 has 0 polygons
2026-09-09 20:59:07 +0200: Memory Usage (468896K) : norcx_m3m4 has 0 polygons
2026-09-09 20:59:07 +0200: Memory Usage (469056K) : norcx_m3m5 has 0 polygons
2026-09-09 20:59:07 +0200: Memory Usage (469056K) : norcx_m3tm1 has 0 polygons
2026-09-09 20:59:07 +0200: Memory Usage (469056K) : norcx_m3tm2 has 0 polygons
2026-09-09 20:59:07 +0200: Memory Usage (469216K) : norcx_m4m5 has 0 polygons
2026-09-09 20:59:07 +0200: Memory Usage (469216K) : norcx_m4tm1 has 0 polygons
2026-09-09 20:59:07 +0200: Memory Usage (469376K) : norcx_m4tm2 has 0 polygons
2026-09-09 20:59:07 +0200: Memory Usage (469376K) : norcx_m5tm1 has 0 polygons
2026-09-09 20:59:07 +0200: Memory Usage (469376K) : norcx_m5tm2 has 0 polygons
2026-09-09 20:59:07 +0200: Memory Usage (469536K) : norcx_tm1tm2 has 0 polygons
2026-09-09 20:59:07 +0200: Memory Usage (469536K) : norcx_m1sub has 0 polygons
2026-09-09 20:59:07 +0200: Memory Usage (469536K) : norcx_m2sub has 0 polygons
2026-09-09 20:59:07 +0200: Memory Usage (469696K) : norcx_m3sub has 0 polygons
2026-09-09 20:59:07 +0200: Memory Usage (469696K) : norcx_m4sub has 0 polygons
2026-09-09 20:59:07 +0200: Memory Usage (469696K) : norcx_m5sub has 0 polygons
2026-09-09 20:59:07 +0200: Memory Usage (469856K) : norcx_tm1sub has 0 polygons
2026-09-09 20:59:07 +0200: Memory Usage (469856K) : norcx_tm2sub has 0 polygons
2026-09-09 20:59:07 +0200: Memory Usage (469856K) : snsbotvia_drw has 0 polygons
2026-09-09 20:59:07 +0200: Memory Usage (470016K) : snstopvia_drw has 0 polygons
2026-09-09 20:59:07 +0200: Memory Usage (470016K) : deepvia_drw has 0 polygons
2026-09-09 20:59:07 +0200: Memory Usage (470016K) : fgetch_drw has 0 polygons
2026-09-09 20:59:07 +0200: Memory Usage (470176K) : ctrgat_drw has 0 polygons
2026-09-09 20:59:07 +0200: Memory Usage (470176K) : fgimp_drw has 0 polygons
2026-09-09 20:59:07 +0200: Memory Usage (470176K) : emwihv_drw has 0 polygons
2026-09-09 20:59:07 +0200: Memory Usage (470336K) : lbe_drw has 0 polygons
2026-09-09 20:59:07 +0200: Memory Usage (470336K) : alcustop_drw has 0 polygons
2026-09-09 20:59:07 +0200: Memory Usage (470336K) : nometfiller_drw has 0 polygons
2026-09-09 20:59:07 +0200: Memory Usage (470496K) : prboundary_drw has 0 polygons
2026-09-09 20:59:07 +0200: Memory Usage (470496K) : exchange0_drw has 0 polygons
2026-09-09 20:59:07 +0200: Memory Usage (470496K) : exchange0_pin has 0 polygons
2026-09-09 20:59:07 +0200: Memory Usage (470656K) : exchange0_text has 0 polygons
2026-09-09 20:59:07 +0200: Memory Usage (470656K) : exchange1_drw has 0 polygons
2026-09-09 20:59:07 +0200: Memory Usage (470656K) : exchange1_pin has 0 polygons
2026-09-09 20:59:07 +0200: Memory Usage (470816K) : exchange1_text has 0 polygons
2026-09-09 20:59:07 +0200: Memory Usage (470816K) : exchange2_drw has 0 polygons
2026-09-09 20:59:07 +0200: Memory Usage (470816K) : exchange2_pin has 0 polygons
2026-09-09 20:59:07 +0200: Memory Usage (470816K) : exchange2_text has 0 polygons
2026-09-09 20:59:07 +0200: Memory Usage (470976K) : exchange3_drw has 0 polygons
2026-09-09 20:59:07 +0200: Memory Usage (470976K) : exchange3_pin has 0 polygons
2026-09-09 20:59:07 +0200: Memory Usage (470976K) : exchange3_text has 0 polygons
2026-09-09 20:59:07 +0200: Memory Usage (471136K) : exchange4_drw has 0 polygons
2026-09-09 20:59:07 +0200: Memory Usage (471136K) : exchange4_pin has 0 polygons
2026-09-09 20:59:07 +0200: Memory Usage (471136K) : exchange4_text has 0 polygons
2026-09-09 20:59:07 +0200: Memory Usage (471296K) : isonwell_drw has 0 polygons
2026-09-09 20:59:07 +0200: Memory Usage (471296K) : Total no. of polygons in the design is 95
2026-09-09 20:59:07 +0200: Memory Usage (471296K) : Loaded TECH DRC rules values from /foss/pdks/ihp-sg13g2/libs.tech/klayout/python/sg13g2_pycell_lib/sg13g2_tech_mod.json
2026-09-09 20:59:07 +0200: Memory Usage (471296K) : Loaded default DRC rules values from /foss/pdks/ihp-sg13g2/libs.tech/klayout/tech/drc/rule_decks/sg13g2_tech_default.json
2026-09-09 20:59:07 +0200: Memory Usage (471296K) : The following rules values were missing in tech json and default values were used:
2026-09-09 20:59:07 +0200: Memory Usage (471296K) :   - NW_f1_digibnd
2026-09-09 20:59:07 +0200: Memory Usage (471296K) :   - Cnt_c_digibnd
2026-09-09 20:59:07 +0200: Memory Usage (471296K) :   - Cnt_c_sram
2026-09-09 20:59:07 +0200: Memory Usage (471296K) :   - Sdiod_b
2026-09-09 20:59:07 +0200: Memory Usage (471296K) :   - Sdiod_c
2026-09-09 20:59:07 +0200: Memory Usage (472808K) : Total area of the design is 18.9648 um^2.
2026-09-09 20:59:07 +0200: Memory Usage (472808K) : The design dimensions are 4.32 µm * 4.39 µm.
2026-09-09 20:59:07 +0200: Memory Usage (472808K) : Starting general IHP-SG13G2 derivations.
2026-09-09 20:59:07 +0200: Memory Usage (472808K) : Starting Pwell derivations
2026-09-09 20:59:07 +0200: Memory Usage (474348K) : Starting p-Activ derivations
2026-09-09 20:59:07 +0200: Memory Usage (474348K) : Starting ptap derivations
2026-09-09 20:59:07 +0200: Memory Usage (474508K) : Starting cont/contbar general derivations
2026-09-09 20:59:07 +0200: Memory Usage (474508K) : Starting schottky_nbl general derivations
2026-09-09 20:59:07 +0200: Memory Usage (474508K) : Starting HBT general derivations
2026-09-09 20:59:07 +0200: Memory Usage (474508K) : Starting IHP-SG13G2 DRC rules.
2026-09-09 20:59:07 +0200: Memory Usage (474508K) : Starting 5.15. ContBar table
2026-09-09 20:59:07 +0200: Memory Usage (474508K) : Executing rule CntB.a
2026-09-09 20:59:07 +0200: Memory Usage (474700K) : Executing rule CntB.a1
2026-09-09 20:59:07 +0200: Memory Usage (474700K) : Executing rule CntB.b1
2026-09-09 20:59:07 +0200: Memory Usage (474700K) : Executing rule CntB.h1
2026-09-09 20:59:07 +0200: Memory Usage (474700K) : KLayout DRC run for tables 'contbar' completed in 0.17 seconds
