# Logfile created on 2026-09-09 20:59:10 +0200 by logger.rb/v1.5.3
2026-09-09 20:59:10 +0200: Memory Usage (457052K) : Starting running IHP-SG13G2 KLayout DRC runset on /foss/designs/aion_chip/flow/regress/AION_a21oi_nor2_1/AION_a21oi_nor2_1.gds
2026-09-09 20:59:10 +0200: Memory Usage (457052K) : Ruby Version for klayout: 3.2.3
2026-09-09 20:59:10 +0200: Memory Usage (457980K) : Loading database to memory is complete.
2026-09-09 20:59:10 +0200: Memory Usage (457980K) : IHP-SG13G2 KLayout DRC runset output at: /foss/designs/aion_chip/flow/regress/AION_a21oi_nor2_1/drc/AION_a21oi_nor2_1.klayout.drc/AION_a21oi_nor2_1_AION_a21oi_nor2_1_passiv.lyrdb
2026-09-09 20:59:10 +0200: Memory Usage (457980K) : Evaluate switches.
2026-09-09 20:59:10 +0200: Memory Usage (457980K) : tables selected: passiv
2026-09-09 20:59:10 +0200: Memory Usage (457980K) : KLayout will use 15 thread(s) in tiling mode.
2026-09-09 20:59:10 +0200: Memory Usage (457980K) : deep mode is enabled.
2026-09-09 20:59:10 +0200: Memory Usage (457980K) : FEOL enabled: false
2026-09-09 20:59:10 +0200: Memory Usage (457980K) : BEOL enabled: false
2026-09-09 20:59:10 +0200: Memory Usage (457980K) : OFFGRID enabled: true
2026-09-09 20:59:10 +0200: Memory Usage (457980K) : ANGLE enabled: true
2026-09-09 20:59:10 +0200: Memory Usage (457980K) : PIN enabled: false
2026-09-09 20:59:10 +0200: Memory Usage (457980K) : FORBIDDEN enabled: false
2026-09-09 20:59:10 +0200: Memory Usage (457980K) : RECOMMENDED enabled: true
2026-09-09 20:59:10 +0200: Memory Usage (457980K) : PreCheck DRC enabled: false
2026-09-09 20:59:10 +0200: Memory Usage (457980K) : CONNECTIVITY_RULES enabled: false.
2026-09-09 20:59:10 +0200: Memory Usage (457980K) : Read in polygons from layers.
2026-09-09 20:59:10 +0200: Memory Usage (459124K) : activ_drw has 5 polygons
2026-09-09 20:59:10 +0200: Memory Usage (459124K) : activ_pin has 0 polygons
2026-09-09 20:59:10 +0200: Memory Usage (459124K) : activ_mask has 0 polygons
2026-09-09 20:59:10 +0200: Memory Usage (459124K) : activ_filler has 0 polygons
2026-09-09 20:59:10 +0200: Memory Usage (459124K) : activ_nofill has 0 polygons
2026-09-09 20:59:10 +0200: Memory Usage (459124K) : activ_opc has 0 polygons
2026-09-09 20:59:10 +0200: Memory Usage (459124K) : activ_iopc has 0 polygons
2026-09-09 20:59:10 +0200: Memory Usage (459124K) : activ_noqrc has 0 polygons
2026-09-09 20:59:10 +0200: Memory Usage (459124K) : biwind_drw has 0 polygons
2026-09-09 20:59:10 +0200: Memory Usage (459124K) : biwind_opc has 0 polygons
2026-09-09 20:59:10 +0200: Memory Usage (459124K) : pemwind_drw has 0 polygons
2026-09-09 20:59:10 +0200: Memory Usage (459124K) : gatpoly_drw has 10 polygons
2026-09-09 20:59:10 +0200: Memory Usage (459124K) : gatpoly_pin has 0 polygons
2026-09-09 20:59:10 +0200: Memory Usage (459124K) : gatpoly_filler has 0 polygons
2026-09-09 20:59:10 +0200: Memory Usage (459124K) : gatpoly_nofill has 0 polygons
2026-09-09 20:59:10 +0200: Memory Usage (459124K) : gatpoly_opc has 0 polygons
2026-09-09 20:59:10 +0200: Memory Usage (459124K) : gatpoly_iopc has 0 polygons
2026-09-09 20:59:10 +0200: Memory Usage (459124K) : gatpoly_noqrc has 0 polygons
2026-09-09 20:59:10 +0200: Memory Usage (459124K) : cont_drw has 40 polygons
2026-09-09 20:59:10 +0200: Memory Usage (459284K) : cont_opc has 0 polygons
2026-09-09 20:59:10 +0200: Memory Usage (459284K) : nsd_drw has 0 polygons
2026-09-09 20:59:10 +0200: Memory Usage (459284K) : nsd_block has 0 polygons
2026-09-09 20:59:10 +0200: Memory Usage (459284K) : metal1_drw has 23 polygons
2026-09-09 20:59:10 +0200: Memory Usage (459284K) : metal1_pin has 7 polygons
2026-09-09 20:59:10 +0200: Memory Usage (459284K) : metal1_mask has 0 polygons
2026-09-09 20:59:10 +0200: Memory Usage (459284K) : metal1_filler has 0 polygons
2026-09-09 20:59:10 +0200: Memory Usage (459444K) : metal1_nofill has 0 polygons
2026-09-09 20:59:10 +0200: Memory Usage (459444K) : metal1_slit has 0 polygons
2026-09-09 20:59:10 +0200: Memory Usage (459636K) : metal1_text has 7 polygons
2026-09-09 20:59:10 +0200: Memory Usage (459796K) : metal1_opc has 0 polygons
2026-09-09 20:59:10 +0200: Memory Usage (459796K) : metal1_noqrc has 0 polygons
2026-09-09 20:59:10 +0200: Memory Usage (459796K) : metal1_res has 0 polygons
2026-09-09 20:59:10 +0200: Memory Usage (459956K) : metal1_iprobe has 0 polygons
2026-09-09 20:59:10 +0200: Memory Usage (459956K) : metal1_diffprb has 0 polygons
2026-09-09 20:59:10 +0200: Memory Usage (460116K) : passiv_drw has 0 polygons
2026-09-09 20:59:10 +0200: Memory Usage (460116K) : passiv_pin has 0 polygons
2026-09-09 20:59:10 +0200: Memory Usage (460116K) : passiv_sbump has 0 polygons
2026-09-09 20:59:10 +0200: Memory Usage (460276K) : passiv_pillar has 0 polygons
2026-09-09 20:59:10 +0200: Memory Usage (460276K) : passiv_pdl has 0 polygons
2026-09-09 20:59:10 +0200: Memory Usage (460276K) : metal2_drw has 0 polygons
2026-09-09 20:59:10 +0200: Memory Usage (460276K) : metal2_pin has 0 polygons
2026-09-09 20:59:10 +0200: Memory Usage (460276K) : metal2_mask has 0 polygons
2026-09-09 20:59:10 +0200: Memory Usage (460276K) : metal2_filler has 0 polygons
2026-09-09 20:59:10 +0200: Memory Usage (460276K) : metal2_nofill has 0 polygons
2026-09-09 20:59:10 +0200: Memory Usage (460276K) : metal2_slit has 0 polygons
2026-09-09 20:59:10 +0200: Memory Usage (460276K) : metal2_text has 0 polygons
2026-09-09 20:59:10 +0200: Memory Usage (460276K) : metal2_opc has 0 polygons
2026-09-09 20:59:10 +0200: Memory Usage (460436K) : metal2_noqrc has 0 polygons
2026-09-09 20:59:10 +0200: Memory Usage (460436K) : metal2_res has 0 polygons
2026-09-09 20:59:10 +0200: Memory Usage (460436K) : metal2_iprobe has 0 polygons
2026-09-09 20:59:10 +0200: Memory Usage (460436K) : metal2_diffprb has 0 polygons
2026-09-09 20:59:10 +0200: Memory Usage (460436K) : baspoly_drw has 0 polygons
2026-09-09 20:59:10 +0200: Memory Usage (460596K) : baspoly_pin has 0 polygons
2026-09-09 20:59:10 +0200: Memory Usage (460596K) : psd_drw has 2 polygons
2026-09-09 20:59:10 +0200: Memory Usage (460756K) : nldb_drw has 0 polygons
2026-09-09 20:59:10 +0200: Memory Usage (460756K) : digibnd_drw has 0 polygons
2026-09-09 20:59:10 +0200: Memory Usage (460756K) : via1_drw has 0 polygons
2026-09-09 20:59:10 +0200: Memory Usage (460916K) : backmetal1_drw has 0 polygons
2026-09-09 20:59:10 +0200: Memory Usage (460916K) : backmetal1_pin has 0 polygons
2026-09-09 20:59:10 +0200: Memory Usage (460916K) : backmetal1_mask has 0 polygons
2026-09-09 20:59:10 +0200: Memory Usage (461076K) : backmetal1_filler has 0 polygons
2026-09-09 20:59:10 +0200: Memory Usage (461076K) : backmetal1_nofill has 0 polygons
2026-09-09 20:59:10 +0200: Memory Usage (461076K) : backmetal1_slit has 0 polygons
2026-09-09 20:59:10 +0200: Memory Usage (461236K) : backmetal1_text has 0 polygons
2026-09-09 20:59:10 +0200: Memory Usage (461236K) : backmetal1_opc has 0 polygons
2026-09-09 20:59:10 +0200: Memory Usage (461396K) : backmetal1_noqrc has 0 polygons
2026-09-09 20:59:10 +0200: Memory Usage (461396K) : backmetal1_res has 0 polygons
2026-09-09 20:59:10 +0200: Memory Usage (461556K) : backmetal1_iprobe has 0 polygons
2026-09-09 20:59:10 +0200: Memory Usage (461556K) : backmetal1_diffprb has 0 polygons
2026-09-09 20:59:10 +0200: Memory Usage (461556K) : backpassiv_drw has 0 polygons
2026-09-09 20:59:10 +0200: Memory Usage (461716K) : res_drw has 0 polygons
2026-09-09 20:59:10 +0200: Memory Usage (461716K) : sram_drw has 0 polygons
2026-09-09 20:59:10 +0200: Memory Usage (461716K) : trans_drw has 0 polygons
2026-09-09 20:59:10 +0200: Memory Usage (461876K) : ind_drw has 0 polygons
2026-09-09 20:59:10 +0200: Memory Usage (461876K) : ind_pin has 0 polygons
2026-09-09 20:59:10 +0200: Memory Usage (462036K) : ind_text has 0 polygons
2026-09-09 20:59:10 +0200: Memory Usage (462036K) : salblock_drw has 0 polygons
2026-09-09 20:59:10 +0200: Memory Usage (462036K) : via2_drw has 0 polygons
2026-09-09 20:59:10 +0200: Memory Usage (462036K) : metal3_drw has 0 polygons
2026-09-09 20:59:10 +0200: Memory Usage (462196K) : metal3_pin has 0 polygons
2026-09-09 20:59:10 +0200: Memory Usage (462196K) : metal3_mask has 0 polygons
2026-09-09 20:59:10 +0200: Memory Usage (462356K) : metal3_filler has 0 polygons
2026-09-09 20:59:10 +0200: Memory Usage (462356K) : metal3_nofill has 0 polygons
2026-09-09 20:59:10 +0200: Memory Usage (462356K) : metal3_slit has 0 polygons
2026-09-09 20:59:10 +0200: Memory Usage (462516K) : metal3_text has 0 polygons
2026-09-09 20:59:10 +0200: Memory Usage (462516K) : metal3_opc has 0 polygons
2026-09-09 20:59:10 +0200: Memory Usage (462676K) : metal3_noqrc has 0 polygons
2026-09-09 20:59:10 +0200: Memory Usage (462676K) : metal3_res has 0 polygons
2026-09-09 20:59:10 +0200: Memory Usage (462676K) : metal3_iprobe has 0 polygons
2026-09-09 20:59:10 +0200: Memory Usage (462676K) : metal3_diffprb has 0 polygons
2026-09-09 20:59:10 +0200: Memory Usage (462676K) : nwell_drw has 1 polygons
2026-09-09 20:59:10 +0200: Memory Usage (462836K) : nwell_pin has 0 polygons
2026-09-09 20:59:10 +0200: Memory Usage (462836K) : nbulay_drw has 0 polygons
2026-09-09 20:59:10 +0200: Memory Usage (462836K) : nbulay_pin has 0 polygons
2026-09-09 20:59:10 +0200: Memory Usage (462836K) : nbulay_block has 0 polygons
2026-09-09 20:59:10 +0200: Memory Usage (462996K) : emwind_drw has 0 polygons
2026-09-09 20:59:10 +0200: Memory Usage (462996K) : emwind_opc has 0 polygons
2026-09-09 20:59:10 +0200: Memory Usage (462996K) : deepco_drw has 0 polygons
2026-09-09 20:59:10 +0200: Memory Usage (462996K) : deepco_drw has 0 polygons
2026-09-09 20:59:10 +0200: Memory Usage (463156K) : mim_drw has 0 polygons
2026-09-09 20:59:10 +0200: Memory Usage (463156K) : edgeseal_drw has 0 polygons
2026-09-09 20:59:10 +0200: Memory Usage (463156K) : edgeseal_bound has 0 polygons
2026-09-09 20:59:10 +0200: Memory Usage (463156K) : substrate_drw has 0 polygons
2026-09-09 20:59:10 +0200: Memory Usage (463316K) : substrate_text has 0 polygons
2026-09-09 20:59:10 +0200: Memory Usage (463316K) : dfpad_drw has 0 polygons
2026-09-09 20:59:10 +0200: Memory Usage (463316K) : dfpad_pillar has 0 polygons
2026-09-09 20:59:10 +0200: Memory Usage (463476K) : dfpad_sbump has 0 polygons
2026-09-09 20:59:10 +0200: Memory Usage (463476K) : thickgateox_drw has 0 polygons
2026-09-09 20:59:10 +0200: Memory Usage (463476K) : pldb_drw has 0 polygons
2026-09-09 20:59:10 +0200: Memory Usage (463636K) : pwell_drw has 0 polygons
2026-09-09 20:59:10 +0200: Memory Usage (463636K) : pwell_pin has 0 polygons
2026-09-09 20:59:10 +0200: Memory Usage (463636K) : pwell_block has 0 polygons
2026-09-09 20:59:10 +0200: Memory Usage (463796K) : ic_drw has 0 polygons
2026-09-09 20:59:10 +0200: Memory Usage (463796K) : via3_drw has 0 polygons
2026-09-09 20:59:10 +0200: Memory Usage (463796K) : metal4_drw has 0 polygons
2026-09-09 20:59:10 +0200: Memory Usage (463956K) : metal4_pin has 0 polygons
2026-09-09 20:59:10 +0200: Memory Usage (463956K) : metal4_mask has 0 polygons
2026-09-09 20:59:10 +0200: Memory Usage (463956K) : metal4_filler has 0 polygons
2026-09-09 20:59:10 +0200: Memory Usage (464116K) : metal4_nofill has 0 polygons
2026-09-09 20:59:10 +0200: Memory Usage (464116K) : metal4_slit has 0 polygons
2026-09-09 20:59:10 +0200: Memory Usage (464116K) : metal4_text has 0 polygons
2026-09-09 20:59:10 +0200: Memory Usage (464276K) : metal4_opc has 0 polygons
2026-09-09 20:59:10 +0200: Memory Usage (464276K) : metal4_noqrc has 0 polygons
2026-09-09 20:59:10 +0200: Memory Usage (464276K) : metal4_res has 0 polygons
2026-09-09 20:59:10 +0200: Memory Usage (464436K) : metal4_iprobe has 0 polygons
2026-09-09 20:59:10 +0200: Memory Usage (464436K) : metal4_diffprb has 0 polygons
2026-09-09 20:59:10 +0200: Memory Usage (464436K) : heattrans_drw has 0 polygons
2026-09-09 20:59:10 +0200: Memory Usage (464596K) : heatres_drw has 0 polygons
2026-09-09 20:59:10 +0200: Memory Usage (464596K) : pempoly_drw has 0 polygons
2026-09-09 20:59:10 +0200: Memory Usage (464596K) : fbe_drw has 0 polygons
2026-09-09 20:59:10 +0200: Memory Usage (464756K) : empoly_drw has 0 polygons
2026-09-09 20:59:10 +0200: Memory Usage (464756K) : ldmos_drw has 0 polygons
2026-09-09 20:59:10 +0200: Memory Usage (464756K) : pbiwind_drw has 0 polygons
2026-09-09 20:59:10 +0200: Memory Usage (464756K) : digisub_drw has 0 polygons
2026-09-09 20:59:10 +0200: Memory Usage (464916K) : nodrc_drw has 0 polygons
2026-09-09 20:59:10 +0200: Memory Usage (464916K) : text_drw has 0 polygons
2026-09-09 20:59:10 +0200: Memory Usage (464916K) : via4_drw has 0 polygons
2026-09-09 20:59:10 +0200: Memory Usage (464916K) : metal5_drw has 0 polygons
2026-09-09 20:59:10 +0200: Memory Usage (465076K) : metal5_pin has 0 polygons
2026-09-09 20:59:10 +0200: Memory Usage (465076K) : metal5_mask has 0 polygons
2026-09-09 20:59:10 +0200: Memory Usage (465076K) : metal5_filler has 0 polygons
2026-09-09 20:59:10 +0200: Memory Usage (465236K) : metal5_nofill has 0 polygons
2026-09-09 20:59:10 +0200: Memory Usage (465236K) : metal5_slit has 0 polygons
2026-09-09 20:59:10 +0200: Memory Usage (465236K) : metal5_text has 0 polygons
2026-09-09 20:59:10 +0200: Memory Usage (465396K) : metal5_opc has 0 polygons
2026-09-09 20:59:10 +0200: Memory Usage (465396K) : metal5_noqrc has 0 polygons
2026-09-09 20:59:10 +0200: Memory Usage (465396K) : metal5_res has 0 polygons
2026-09-09 20:59:10 +0200: Memory Usage (465556K) : metal5_iprobe has 0 polygons
2026-09-09 20:59:10 +0200: Memory Usage (465556K) : metal5_diffprb has 0 polygons
2026-09-09 20:59:10 +0200: Memory Usage (465556K) : radhard_drw has 0 polygons
2026-09-09 20:59:10 +0200: Memory Usage (465716K) : memcap_drw has 0 polygons
2026-09-09 20:59:10 +0200: Memory Usage (465716K) : varicap_drw has 0 polygons
2026-09-09 20:59:10 +0200: Memory Usage (465716K) : flash_drw has 0 polygons
2026-09-09 20:59:10 +0200: Memory Usage (465876K) : intbondvia_drw has 0 polygons
2026-09-09 20:59:10 +0200: Memory Usage (465876K) : intbondmet_drw has 0 polygons
2026-09-09 20:59:10 +0200: Memory Usage (465876K) : devbondvia_drw has 0 polygons
2026-09-09 20:59:10 +0200: Memory Usage (466036K) : devbondmet_drw has 0 polygons
2026-09-09 20:59:10 +0200: Memory Usage (466036K) : devtrench_drw has 0 polygons
2026-09-09 20:59:10 +0200: Memory Usage (466036K) : redist_drw has 0 polygons
2026-09-09 20:59:10 +0200: Memory Usage (466196K) : graphbot_drw has 0 polygons
2026-09-09 20:59:10 +0200: Memory Usage (466196K) : graphtop_drw has 0 polygons
2026-09-09 20:59:10 +0200: Memory Usage (466196K) : antvia1_drw has 0 polygons
2026-09-09 20:59:10 +0200: Memory Usage (466356K) : antmetal2_drw has 0 polygons
2026-09-09 20:59:10 +0200: Memory Usage (466356K) : graphcont_drw has 0 polygons
2026-09-09 20:59:10 +0200: Memory Usage (466356K) : siwg_drw has 0 polygons
2026-09-09 20:59:10 +0200: Memory Usage (466516K) : siwg_filler has 0 polygons
2026-09-09 20:59:10 +0200: Memory Usage (466516K) : siwg_nofill has 0 polygons
2026-09-09 20:59:10 +0200: Memory Usage (466516K) : sigrating_drw has 0 polygons
2026-09-09 20:59:10 +0200: Memory Usage (466516K) : singrating_drw has 0 polygons
2026-09-09 20:59:10 +0200: Memory Usage (466676K) : graphpas_drw has 0 polygons
2026-09-09 20:59:10 +0200: Memory Usage (466676K) : emwind3_drw has 0 polygons
2026-09-09 20:59:10 +0200: Memory Usage (466676K) : emwihv3_drw has 0 polygons
2026-09-09 20:59:10 +0200: Memory Usage (466676K) : redbulay_drw has 0 polygons
2026-09-09 20:59:10 +0200: Memory Usage (466836K) : smos_drw has 0 polygons
2026-09-09 20:59:10 +0200: Memory Usage (466836K) : graphpad_drw has 0 polygons
2026-09-09 20:59:10 +0200: Memory Usage (466836K) : polimide_drw has 0 polygons
2026-09-09 20:59:10 +0200: Memory Usage (466996K) : polimide_pin has 0 polygons
2026-09-09 20:59:10 +0200: Memory Usage (466996K) : recog_drw has 0 polygons
2026-09-09 20:59:10 +0200: Memory Usage (466996K) : recog_pin has 0 polygons
2026-09-09 20:59:10 +0200: Memory Usage (467156K) : recog_esd has 0 polygons
2026-09-09 20:59:10 +0200: Memory Usage (467156K) : recog_diode has 0 polygons
2026-09-09 20:59:10 +0200: Memory Usage (467156K) : recog_tsv has 0 polygons
2026-09-09 20:59:10 +0200: Memory Usage (467316K) : recog_iprobe has 0 polygons
2026-09-09 20:59:10 +0200: Memory Usage (467316K) : recog_diffprb has 0 polygons
2026-09-09 20:59:10 +0200: Memory Usage (467316K) : recog_pillar has 0 polygons
2026-09-09 20:59:10 +0200: Memory Usage (467476K) : recog_sbump has 0 polygons
2026-09-09 20:59:10 +0200: Memory Usage (467476K) : recog_otp has 0 polygons
2026-09-09 20:59:10 +0200: Memory Usage (467476K) : recog_pdiode has 0 polygons
2026-09-09 20:59:10 +0200: Memory Usage (467636K) : recog_mom has 0 polygons
2026-09-09 20:59:10 +0200: Memory Usage (467636K) : recog_pcm has 0 polygons
2026-09-09 20:59:10 +0200: Memory Usage (467636K) : colopen_drw has 0 polygons
2026-09-09 20:59:10 +0200: Memory Usage (467796K) : graphmetal1_drw has 0 polygons
2026-09-09 20:59:10 +0200: Memory Usage (467796K) : graphmetal1_filler has 0 polygons
2026-09-09 20:59:10 +0200: Memory Usage (467796K) : graphmetal1_nofill has 0 polygons
2026-09-09 20:59:10 +0200: Memory Usage (467956K) : graphmetal1_slit has 0 polygons
2026-09-09 20:59:10 +0200: Memory Usage (467956K) : graphmetal1_opc has 0 polygons
2026-09-09 20:59:10 +0200: Memory Usage (467956K) : graphmet1l_drw has 0 polygons
2026-09-09 20:59:10 +0200: Memory Usage (468116K) : graphmet1l_filler has 0 polygons
2026-09-09 20:59:10 +0200: Memory Usage (468116K) : graphmet1l_nofill has 0 polygons
2026-09-09 20:59:10 +0200: Memory Usage (468116K) : graphmet1l_slit has 0 polygons
2026-09-09 20:59:10 +0200: Memory Usage (468276K) : graphmet1l_opc has 0 polygons
2026-09-09 20:59:10 +0200: Memory Usage (468276K) : extblock_drw has 0 polygons
2026-09-09 20:59:10 +0200: Memory Usage (468276K) : nldd_drw has 0 polygons
2026-09-09 20:59:10 +0200: Memory Usage (468436K) : pldd_drw has 0 polygons
2026-09-09 20:59:10 +0200: Memory Usage (468436K) : next_drw has 0 polygons
2026-09-09 20:59:10 +0200: Memory Usage (468436K) : pext_drw has 0 polygons
2026-09-09 20:59:10 +0200: Memory Usage (468596K) : nexthv_drw has 0 polygons
2026-09-09 20:59:10 +0200: Memory Usage (468596K) : pexthv_drw has 0 polygons
2026-09-09 20:59:10 +0200: Memory Usage (468596K) : graphgate_drw has 0 polygons
2026-09-09 20:59:10 +0200: Memory Usage (468756K) : sinwg_drw has 0 polygons
2026-09-09 20:59:10 +0200: Memory Usage (468756K) : sinwg_filler has 0 polygons
2026-09-09 20:59:10 +0200: Memory Usage (468756K) : sinwg_nofill has 0 polygons
2026-09-09 20:59:10 +0200: Memory Usage (468916K) : mempad_drw has 0 polygons
2026-09-09 20:59:10 +0200: Memory Usage (468916K) : topvia1_drw has 0 polygons
2026-09-09 20:59:10 +0200: Memory Usage (468916K) : topmetal1_drw has 0 polygons
2026-09-09 20:59:10 +0200: Memory Usage (468916K) : topmetal1_pin has 0 polygons
2026-09-09 20:59:10 +0200: Memory Usage (468916K) : topmetal1_mask has 0 polygons
2026-09-09 20:59:10 +0200: Memory Usage (468916K) : topmetal1_filler has 0 polygons
2026-09-09 20:59:10 +0200: Memory Usage (468916K) : topmetal1_nofill has 0 polygons
2026-09-09 20:59:10 +0200: Memory Usage (468916K) : topmetal1_slit has 0 polygons
2026-09-09 20:59:10 +0200: Memory Usage (468916K) : topmetal1_text has 0 polygons
2026-09-09 20:59:10 +0200: Memory Usage (469076K) : topmetal1_noqrc has 0 polygons
2026-09-09 20:59:10 +0200: Memory Usage (469076K) : topmetal1_res has 0 polygons
2026-09-09 20:59:10 +0200: Memory Usage (469076K) : topmetal1_iprobe has 0 polygons
2026-09-09 20:59:10 +0200: Memory Usage (469076K) : topmetal1_diffprb has 0 polygons
2026-09-09 20:59:10 +0200: Memory Usage (469236K) : inldpwl_drw has 0 polygons
2026-09-09 20:59:10 +0200: Memory Usage (469236K) : polyres_drw has 0 polygons
2026-09-09 20:59:10 +0200: Memory Usage (469396K) : polyres_pin has 0 polygons
2026-09-09 20:59:10 +0200: Memory Usage (469396K) : vmim_drw has 0 polygons
2026-09-09 20:59:10 +0200: Memory Usage (469396K) : nbulaycut_drw has 0 polygons
2026-09-09 20:59:10 +0200: Memory Usage (469556K) : antmetal1_drw has 0 polygons
2026-09-09 20:59:10 +0200: Memory Usage (469556K) : topvia2_drw has 0 polygons
2026-09-09 20:59:10 +0200: Memory Usage (469556K) : topmetal2_drw has 0 polygons
2026-09-09 20:59:10 +0200: Memory Usage (469716K) : topmetal2_pin has 0 polygons
2026-09-09 20:59:10 +0200: Memory Usage (469716K) : topmetal2_mask has 0 polygons
2026-09-09 20:59:10 +0200: Memory Usage (469716K) : topmetal2_filler has 0 polygons
2026-09-09 20:59:10 +0200: Memory Usage (469876K) : topmetal2_nofill has 0 polygons
2026-09-09 20:59:10 +0200: Memory Usage (469876K) : topmetal2_slit has 0 polygons
2026-09-09 20:59:10 +0200: Memory Usage (469876K) : topmetal2_text has 0 polygons
2026-09-09 20:59:10 +0200: Memory Usage (470036K) : topmetal2_noqrc has 0 polygons
2026-09-09 20:59:10 +0200: Memory Usage (470036K) : topmetal2_res has 0 polygons
2026-09-09 20:59:10 +0200: Memory Usage (470036K) : topmetal2_iprobe has 0 polygons
2026-09-09 20:59:10 +0200: Memory Usage (470196K) : topmetal2_diffprb has 0 polygons
2026-09-09 20:59:10 +0200: Memory Usage (470196K) : snsring_drw has 0 polygons
2026-09-09 20:59:10 +0200: Memory Usage (470196K) : sensor_drw has 0 polygons
2026-09-09 20:59:10 +0200: Memory Usage (470196K) : snsarms_drw has 0 polygons
2026-09-09 20:59:10 +0200: Memory Usage (470356K) : snscmosvia_drw has 0 polygons
2026-09-09 20:59:10 +0200: Memory Usage (470356K) : colwind_drw has 0 polygons
2026-09-09 20:59:10 +0200: Memory Usage (470356K) : flm_drw has 0 polygons
2026-09-09 20:59:10 +0200: Memory Usage (470516K) : hafniumox_drw has 0 polygons
2026-09-09 20:59:10 +0200: Memory Usage (470516K) : memvia_drw has 0 polygons
2026-09-09 20:59:10 +0200: Memory Usage (470676K) : thinfilmres_drw has 0 polygons
2026-09-09 20:59:10 +0200: Memory Usage (470676K) : rfmem_drw has 0 polygons
2026-09-09 20:59:10 +0200: Memory Usage (470676K) : norcx_drw has 0 polygons
2026-09-09 20:59:10 +0200: Memory Usage (470676K) : norcx_m2m3 has 0 polygons
2026-09-09 20:59:10 +0200: Memory Usage (470836K) : norcx_m2m4 has 0 polygons
2026-09-09 20:59:10 +0200: Memory Usage (470836K) : norcx_m2m5 has 0 polygons
2026-09-09 20:59:10 +0200: Memory Usage (470996K) : norcx_m2tm1 has 0 polygons
2026-09-09 20:59:10 +0200: Memory Usage (470996K) : norcx_m2tm2 has 0 polygons
2026-09-09 20:59:10 +0200: Memory Usage (470996K) : norcx_m3m4 has 0 polygons
2026-09-09 20:59:10 +0200: Memory Usage (471156K) : norcx_m3m5 has 0 polygons
2026-09-09 20:59:10 +0200: Memory Usage (471156K) : norcx_m3tm1 has 0 polygons
2026-09-09 20:59:10 +0200: Memory Usage (471156K) : norcx_m3tm2 has 0 polygons
2026-09-09 20:59:10 +0200: Memory Usage (471316K) : norcx_m4m5 has 0 polygons
2026-09-09 20:59:10 +0200: Memory Usage (471316K) : norcx_m4tm1 has 0 polygons
2026-09-09 20:59:10 +0200: Memory Usage (471316K) : norcx_m4tm2 has 0 polygons
2026-09-09 20:59:10 +0200: Memory Usage (471476K) : norcx_m5tm1 has 0 polygons
2026-09-09 20:59:10 +0200: Memory Usage (471476K) : norcx_m5tm2 has 0 polygons
2026-09-09 20:59:10 +0200: Memory Usage (471476K) : norcx_tm1tm2 has 0 polygons
2026-09-09 20:59:10 +0200: Memory Usage (471636K) : norcx_m1sub has 0 polygons
2026-09-09 20:59:10 +0200: Memory Usage (471636K) : norcx_m2sub has 0 polygons
2026-09-09 20:59:10 +0200: Memory Usage (471636K) : norcx_m3sub has 0 polygons
2026-09-09 20:59:10 +0200: Memory Usage (471796K) : norcx_m4sub has 0 polygons
2026-09-09 20:59:10 +0200: Memory Usage (471796K) : norcx_m5sub has 0 polygons
2026-09-09 20:59:10 +0200: Memory Usage (471796K) : norcx_tm1sub has 0 polygons
2026-09-09 20:59:10 +0200: Memory Usage (471956K) : norcx_tm2sub has 0 polygons
2026-09-09 20:59:10 +0200: Memory Usage (471956K) : snsbotvia_drw has 0 polygons
2026-09-09 20:59:10 +0200: Memory Usage (471956K) : snstopvia_drw has 0 polygons
2026-09-09 20:59:10 +0200: Memory Usage (472116K) : deepvia_drw has 0 polygons
2026-09-09 20:59:10 +0200: Memory Usage (472116K) : fgetch_drw has 0 polygons
2026-09-09 20:59:10 +0200: Memory Usage (472116K) : ctrgat_drw has 0 polygons
2026-09-09 20:59:10 +0200: Memory Usage (472276K) : fgimp_drw has 0 polygons
2026-09-09 20:59:10 +0200: Memory Usage (472276K) : emwihv_drw has 0 polygons
2026-09-09 20:59:10 +0200: Memory Usage (472276K) : lbe_drw has 0 polygons
2026-09-09 20:59:10 +0200: Memory Usage (472436K) : alcustop_drw has 0 polygons
2026-09-09 20:59:10 +0200: Memory Usage (472436K) : nometfiller_drw has 0 polygons
2026-09-09 20:59:10 +0200: Memory Usage (472436K) : prboundary_drw has 0 polygons
2026-09-09 20:59:10 +0200: Memory Usage (472596K) : exchange0_drw has 0 polygons
2026-09-09 20:59:10 +0200: Memory Usage (472596K) : exchange0_pin has 0 polygons
2026-09-09 20:59:10 +0200: Memory Usage (472596K) : exchange0_text has 0 polygons
2026-09-09 20:59:10 +0200: Memory Usage (472756K) : exchange1_drw has 0 polygons
2026-09-09 20:59:10 +0200: Memory Usage (472756K) : exchange1_pin has 0 polygons
2026-09-09 20:59:10 +0200: Memory Usage (472756K) : exchange1_text has 0 polygons
2026-09-09 20:59:10 +0200: Memory Usage (472916K) : exchange2_drw has 0 polygons
2026-09-09 20:59:10 +0200: Memory Usage (472916K) : exchange2_pin has 0 polygons
2026-09-09 20:59:10 +0200: Memory Usage (472916K) : exchange2_text has 0 polygons
2026-09-09 20:59:10 +0200: Memory Usage (473076K) : exchange3_drw has 0 polygons
2026-09-09 20:59:10 +0200: Memory Usage (473076K) : exchange3_pin has 0 polygons
2026-09-09 20:59:10 +0200: Memory Usage (473076K) : exchange3_text has 0 polygons
2026-09-09 20:59:10 +0200: Memory Usage (473236K) : exchange4_drw has 0 polygons
2026-09-09 20:59:10 +0200: Memory Usage (473236K) : exchange4_pin has 0 polygons
2026-09-09 20:59:10 +0200: Memory Usage (473236K) : exchange4_text has 0 polygons
2026-09-09 20:59:10 +0200: Memory Usage (473236K) : isonwell_drw has 0 polygons
2026-09-09 20:59:10 +0200: Memory Usage (473236K) : Total no. of polygons in the design is 95
2026-09-09 20:59:10 +0200: Memory Usage (473236K) : Loaded TECH DRC rules values from /foss/pdks/ihp-sg13g2/libs.tech/klayout/python/sg13g2_pycell_lib/sg13g2_tech_mod.json
2026-09-09 20:59:10 +0200: Memory Usage (473236K) : Loaded default DRC rules values from /foss/pdks/ihp-sg13g2/libs.tech/klayout/tech/drc/rule_decks/sg13g2_tech_default.json
2026-09-09 20:59:10 +0200: Memory Usage (473236K) : The following rules values were missing in tech json and default values were used:
2026-09-09 20:59:10 +0200: Memory Usage (473236K) :   - NW_f1_digibnd
2026-09-09 20:59:10 +0200: Memory Usage (473236K) :   - Cnt_c_digibnd
2026-09-09 20:59:10 +0200: Memory Usage (473236K) :   - Cnt_c_sram
2026-09-09 20:59:10 +0200: Memory Usage (473236K) :   - Sdiod_b
2026-09-09 20:59:10 +0200: Memory Usage (473236K) :   - Sdiod_c
2026-09-09 20:59:10 +0200: Memory Usage (474396K) : Total area of the design is 18.9648 um^2.
2026-09-09 20:59:10 +0200: Memory Usage (474396K) : The design dimensions are 4.32 µm * 4.39 µm.
2026-09-09 20:59:10 +0200: Memory Usage (474396K) : Starting general IHP-SG13G2 derivations.
2026-09-09 20:59:10 +0200: Memory Usage (474396K) : Starting Pwell derivations
2026-09-09 20:59:10 +0200: Memory Usage (476600K) : Starting IHP-SG13G2 DRC rules.
2026-09-09 20:59:10 +0200: Memory Usage (476600K) : Starting 5.27. Passiv table
2026-09-09 20:59:10 +0200: Memory Usage (476600K) : Executing rule Pas.a
2026-09-09 20:59:10 +0200: Memory Usage (476796K) : Executing rule Pas.b
2026-09-09 20:59:10 +0200: Memory Usage (476796K) : Executing rule Pas.c
2026-09-09 20:59:10 +0200: Memory Usage (476796K) : KLayout DRC run for tables 'passiv' completed in 0.17 seconds
