# Logfile created on 2026-09-09 20:59:06 +0200 by logger.rb/v1.5.3
2026-09-09 20:59:06 +0200: Memory Usage (455248K) : Starting running IHP-SG13G2 KLayout DRC runset on /foss/designs/aion_chip/flow/regress/AION_a21oi_nor2_1/AION_a21oi_nor2_1.gds
2026-09-09 20:59:06 +0200: Memory Usage (455248K) : Ruby Version for klayout: 3.2.3
2026-09-09 20:59:06 +0200: Memory Usage (456208K) : Loading database to memory is complete.
2026-09-09 20:59:06 +0200: Memory Usage (456208K) : IHP-SG13G2 KLayout DRC runset output at: /foss/designs/aion_chip/flow/regress/AION_a21oi_nor2_1/drc/AION_a21oi_nor2_1.klayout.drc/AION_a21oi_nor2_1_AION_a21oi_nor2_1_cont.lyrdb
2026-09-09 20:59:06 +0200: Memory Usage (456400K) : Evaluate switches.
2026-09-09 20:59:06 +0200: Memory Usage (456400K) : tables selected: cont
2026-09-09 20:59:06 +0200: Memory Usage (456400K) : KLayout will use 15 thread(s) in tiling mode.
2026-09-09 20:59:06 +0200: Memory Usage (456400K) : deep mode is enabled.
2026-09-09 20:59:06 +0200: Memory Usage (456400K) : FEOL enabled: false
2026-09-09 20:59:06 +0200: Memory Usage (456400K) : BEOL enabled: false
2026-09-09 20:59:06 +0200: Memory Usage (456400K) : OFFGRID enabled: true
2026-09-09 20:59:06 +0200: Memory Usage (456400K) : ANGLE enabled: true
2026-09-09 20:59:06 +0200: Memory Usage (456400K) : PIN enabled: false
2026-09-09 20:59:06 +0200: Memory Usage (456400K) : FORBIDDEN enabled: false
2026-09-09 20:59:06 +0200: Memory Usage (456400K) : RECOMMENDED enabled: true
2026-09-09 20:59:06 +0200: Memory Usage (456400K) : PreCheck DRC enabled: false
2026-09-09 20:59:06 +0200: Memory Usage (456400K) : CONNECTIVITY_RULES enabled: false.
2026-09-09 20:59:06 +0200: Memory Usage (456400K) : Read in polygons from layers.
2026-09-09 20:59:06 +0200: Memory Usage (457196K) : activ_drw has 5 polygons
2026-09-09 20:59:06 +0200: Memory Usage (457196K) : activ_pin has 0 polygons
2026-09-09 20:59:06 +0200: Memory Usage (457196K) : activ_mask has 0 polygons
2026-09-09 20:59:06 +0200: Memory Usage (457196K) : activ_filler has 0 polygons
2026-09-09 20:59:06 +0200: Memory Usage (457196K) : activ_nofill has 0 polygons
2026-09-09 20:59:06 +0200: Memory Usage (457196K) : activ_opc has 0 polygons
2026-09-09 20:59:06 +0200: Memory Usage (457196K) : activ_iopc has 0 polygons
2026-09-09 20:59:06 +0200: Memory Usage (457196K) : activ_noqrc has 0 polygons
2026-09-09 20:59:06 +0200: Memory Usage (457196K) : biwind_drw has 0 polygons
2026-09-09 20:59:06 +0200: Memory Usage (457196K) : biwind_opc has 0 polygons
2026-09-09 20:59:06 +0200: Memory Usage (457196K) : pemwind_drw has 0 polygons
2026-09-09 20:59:06 +0200: Memory Usage (457196K) : gatpoly_drw has 10 polygons
2026-09-09 20:59:06 +0200: Memory Usage (457196K) : gatpoly_pin has 0 polygons
2026-09-09 20:59:06 +0200: Memory Usage (457196K) : gatpoly_filler has 0 polygons
2026-09-09 20:59:06 +0200: Memory Usage (457196K) : gatpoly_nofill has 0 polygons
2026-09-09 20:59:06 +0200: Memory Usage (457196K) : gatpoly_opc has 0 polygons
2026-09-09 20:59:06 +0200: Memory Usage (457196K) : gatpoly_iopc has 0 polygons
2026-09-09 20:59:06 +0200: Memory Usage (457196K) : gatpoly_noqrc has 0 polygons
2026-09-09 20:59:06 +0200: Memory Usage (457196K) : cont_drw has 40 polygons
2026-09-09 20:59:06 +0200: Memory Usage (457356K) : cont_opc has 0 polygons
2026-09-09 20:59:06 +0200: Memory Usage (457356K) : nsd_drw has 0 polygons
2026-09-09 20:59:06 +0200: Memory Usage (457356K) : nsd_block has 0 polygons
2026-09-09 20:59:06 +0200: Memory Usage (457356K) : metal1_drw has 23 polygons
2026-09-09 20:59:06 +0200: Memory Usage (457356K) : metal1_pin has 7 polygons
2026-09-09 20:59:06 +0200: Memory Usage (457356K) : metal1_mask has 0 polygons
2026-09-09 20:59:06 +0200: Memory Usage (457516K) : metal1_filler has 0 polygons
2026-09-09 20:59:06 +0200: Memory Usage (457516K) : metal1_nofill has 0 polygons
2026-09-09 20:59:06 +0200: Memory Usage (457516K) : metal1_slit has 0 polygons
2026-09-09 20:59:06 +0200: Memory Usage (457868K) : metal1_text has 7 polygons
2026-09-09 20:59:06 +0200: Memory Usage (457868K) : metal1_opc has 0 polygons
2026-09-09 20:59:06 +0200: Memory Usage (457868K) : metal1_noqrc has 0 polygons
2026-09-09 20:59:06 +0200: Memory Usage (458028K) : metal1_res has 0 polygons
2026-09-09 20:59:06 +0200: Memory Usage (458028K) : metal1_iprobe has 0 polygons
2026-09-09 20:59:06 +0200: Memory Usage (458028K) : metal1_diffprb has 0 polygons
2026-09-09 20:59:06 +0200: Memory Usage (458188K) : passiv_drw has 0 polygons
2026-09-09 20:59:06 +0200: Memory Usage (458188K) : passiv_pin has 0 polygons
2026-09-09 20:59:06 +0200: Memory Usage (458188K) : passiv_sbump has 0 polygons
2026-09-09 20:59:06 +0200: Memory Usage (458348K) : passiv_pillar has 0 polygons
2026-09-09 20:59:06 +0200: Memory Usage (458348K) : passiv_pdl has 0 polygons
2026-09-09 20:59:06 +0200: Memory Usage (458348K) : metal2_drw has 0 polygons
2026-09-09 20:59:06 +0200: Memory Usage (458348K) : metal2_pin has 0 polygons
2026-09-09 20:59:06 +0200: Memory Usage (458348K) : metal2_mask has 0 polygons
2026-09-09 20:59:06 +0200: Memory Usage (458348K) : metal2_filler has 0 polygons
2026-09-09 20:59:06 +0200: Memory Usage (458348K) : metal2_nofill has 0 polygons
2026-09-09 20:59:06 +0200: Memory Usage (458348K) : metal2_slit has 0 polygons
2026-09-09 20:59:06 +0200: Memory Usage (458348K) : metal2_text has 0 polygons
2026-09-09 20:59:06 +0200: Memory Usage (458348K) : metal2_opc has 0 polygons
2026-09-09 20:59:06 +0200: Memory Usage (458668K) : metal2_noqrc has 0 polygons
2026-09-09 20:59:06 +0200: Memory Usage (458668K) : metal2_res has 0 polygons
2026-09-09 20:59:06 +0200: Memory Usage (458668K) : metal2_iprobe has 0 polygons
2026-09-09 20:59:06 +0200: Memory Usage (458668K) : metal2_diffprb has 0 polygons
2026-09-09 20:59:06 +0200: Memory Usage (458668K) : baspoly_drw has 0 polygons
2026-09-09 20:59:06 +0200: Memory Usage (458668K) : baspoly_pin has 0 polygons
2026-09-09 20:59:06 +0200: Memory Usage (458668K) : psd_drw has 2 polygons
2026-09-09 20:59:06 +0200: Memory Usage (458828K) : nldb_drw has 0 polygons
2026-09-09 20:59:06 +0200: Memory Usage (458828K) : digibnd_drw has 0 polygons
2026-09-09 20:59:06 +0200: Memory Usage (458828K) : via1_drw has 0 polygons
2026-09-09 20:59:06 +0200: Memory Usage (458988K) : backmetal1_drw has 0 polygons
2026-09-09 20:59:06 +0200: Memory Usage (458988K) : backmetal1_pin has 0 polygons
2026-09-09 20:59:06 +0200: Memory Usage (458988K) : backmetal1_mask has 0 polygons
2026-09-09 20:59:06 +0200: Memory Usage (459148K) : backmetal1_filler has 0 polygons
2026-09-09 20:59:06 +0200: Memory Usage (459148K) : backmetal1_nofill has 0 polygons
2026-09-09 20:59:06 +0200: Memory Usage (459148K) : backmetal1_slit has 0 polygons
2026-09-09 20:59:06 +0200: Memory Usage (459308K) : backmetal1_text has 0 polygons
2026-09-09 20:59:06 +0200: Memory Usage (459308K) : backmetal1_opc has 0 polygons
2026-09-09 20:59:06 +0200: Memory Usage (459468K) : backmetal1_noqrc has 0 polygons
2026-09-09 20:59:06 +0200: Memory Usage (459468K) : backmetal1_res has 0 polygons
2026-09-09 20:59:06 +0200: Memory Usage (459628K) : backmetal1_iprobe has 0 polygons
2026-09-09 20:59:06 +0200: Memory Usage (459628K) : backmetal1_diffprb has 0 polygons
2026-09-09 20:59:06 +0200: Memory Usage (459788K) : backpassiv_drw has 0 polygons
2026-09-09 20:59:06 +0200: Memory Usage (459788K) : res_drw has 0 polygons
2026-09-09 20:59:06 +0200: Memory Usage (459788K) : sram_drw has 0 polygons
2026-09-09 20:59:06 +0200: Memory Usage (459948K) : trans_drw has 0 polygons
2026-09-09 20:59:06 +0200: Memory Usage (459948K) : ind_drw has 0 polygons
2026-09-09 20:59:06 +0200: Memory Usage (459948K) : ind_pin has 0 polygons
2026-09-09 20:59:06 +0200: Memory Usage (460108K) : ind_text has 0 polygons
2026-09-09 20:59:06 +0200: Memory Usage (460108K) : salblock_drw has 0 polygons
2026-09-09 20:59:06 +0200: Memory Usage (460108K) : via2_drw has 0 polygons
2026-09-09 20:59:06 +0200: Memory Usage (460268K) : metal3_drw has 0 polygons
2026-09-09 20:59:06 +0200: Memory Usage (460268K) : metal3_pin has 0 polygons
2026-09-09 20:59:06 +0200: Memory Usage (460268K) : metal3_mask has 0 polygons
2026-09-09 20:59:06 +0200: Memory Usage (460428K) : metal3_filler has 0 polygons
2026-09-09 20:59:06 +0200: Memory Usage (460428K) : metal3_nofill has 0 polygons
2026-09-09 20:59:06 +0200: Memory Usage (460428K) : metal3_slit has 0 polygons
2026-09-09 20:59:06 +0200: Memory Usage (460588K) : metal3_text has 0 polygons
2026-09-09 20:59:06 +0200: Memory Usage (460588K) : metal3_opc has 0 polygons
2026-09-09 20:59:06 +0200: Memory Usage (460748K) : metal3_noqrc has 0 polygons
2026-09-09 20:59:06 +0200: Memory Usage (460748K) : metal3_res has 0 polygons
2026-09-09 20:59:06 +0200: Memory Usage (460908K) : metal3_iprobe has 0 polygons
2026-09-09 20:59:06 +0200: Memory Usage (460908K) : metal3_diffprb has 0 polygons
2026-09-09 20:59:06 +0200: Memory Usage (460908K) : nwell_drw has 1 polygons
2026-09-09 20:59:06 +0200: Memory Usage (460908K) : nwell_pin has 0 polygons
2026-09-09 20:59:06 +0200: Memory Usage (461068K) : nbulay_drw has 0 polygons
2026-09-09 20:59:06 +0200: Memory Usage (461068K) : nbulay_pin has 0 polygons
2026-09-09 20:59:06 +0200: Memory Usage (461068K) : nbulay_block has 0 polygons
2026-09-09 20:59:06 +0200: Memory Usage (461068K) : emwind_drw has 0 polygons
2026-09-09 20:59:06 +0200: Memory Usage (461068K) : emwind_opc has 0 polygons
2026-09-09 20:59:06 +0200: Memory Usage (461228K) : deepco_drw has 0 polygons
2026-09-09 20:59:06 +0200: Memory Usage (461228K) : deepco_drw has 0 polygons
2026-09-09 20:59:06 +0200: Memory Usage (461228K) : mim_drw has 0 polygons
2026-09-09 20:59:06 +0200: Memory Usage (461228K) : edgeseal_drw has 0 polygons
2026-09-09 20:59:06 +0200: Memory Usage (461388K) : edgeseal_bound has 0 polygons
2026-09-09 20:59:06 +0200: Memory Usage (461388K) : substrate_drw has 0 polygons
2026-09-09 20:59:06 +0200: Memory Usage (461388K) : substrate_text has 0 polygons
2026-09-09 20:59:06 +0200: Memory Usage (461388K) : dfpad_drw has 0 polygons
2026-09-09 20:59:06 +0200: Memory Usage (461548K) : dfpad_pillar has 0 polygons
2026-09-09 20:59:06 +0200: Memory Usage (461548K) : dfpad_sbump has 0 polygons
2026-09-09 20:59:06 +0200: Memory Usage (461548K) : thickgateox_drw has 0 polygons
2026-09-09 20:59:06 +0200: Memory Usage (461708K) : pldb_drw has 0 polygons
2026-09-09 20:59:06 +0200: Memory Usage (461708K) : pwell_drw has 0 polygons
2026-09-09 20:59:06 +0200: Memory Usage (461708K) : pwell_pin has 0 polygons
2026-09-09 20:59:06 +0200: Memory Usage (461868K) : pwell_block has 0 polygons
2026-09-09 20:59:06 +0200: Memory Usage (461868K) : ic_drw has 0 polygons
2026-09-09 20:59:06 +0200: Memory Usage (461868K) : via3_drw has 0 polygons
2026-09-09 20:59:06 +0200: Memory Usage (462028K) : metal4_drw has 0 polygons
2026-09-09 20:59:06 +0200: Memory Usage (462028K) : metal4_pin has 0 polygons
2026-09-09 20:59:06 +0200: Memory Usage (462028K) : metal4_mask has 0 polygons
2026-09-09 20:59:06 +0200: Memory Usage (462188K) : metal4_filler has 0 polygons
2026-09-09 20:59:06 +0200: Memory Usage (462188K) : metal4_nofill has 0 polygons
2026-09-09 20:59:06 +0200: Memory Usage (462188K) : metal4_slit has 0 polygons
2026-09-09 20:59:06 +0200: Memory Usage (462348K) : metal4_text has 0 polygons
2026-09-09 20:59:06 +0200: Memory Usage (462348K) : metal4_opc has 0 polygons
2026-09-09 20:59:06 +0200: Memory Usage (462348K) : metal4_noqrc has 0 polygons
2026-09-09 20:59:06 +0200: Memory Usage (462508K) : metal4_res has 0 polygons
2026-09-09 20:59:06 +0200: Memory Usage (462508K) : metal4_iprobe has 0 polygons
2026-09-09 20:59:06 +0200: Memory Usage (462508K) : metal4_diffprb has 0 polygons
2026-09-09 20:59:06 +0200: Memory Usage (462668K) : heattrans_drw has 0 polygons
2026-09-09 20:59:06 +0200: Memory Usage (462668K) : heatres_drw has 0 polygons
2026-09-09 20:59:06 +0200: Memory Usage (462668K) : pempoly_drw has 0 polygons
2026-09-09 20:59:06 +0200: Memory Usage (462828K) : fbe_drw has 0 polygons
2026-09-09 20:59:06 +0200: Memory Usage (462828K) : empoly_drw has 0 polygons
2026-09-09 20:59:06 +0200: Memory Usage (462828K) : ldmos_drw has 0 polygons
2026-09-09 20:59:06 +0200: Memory Usage (462988K) : pbiwind_drw has 0 polygons
2026-09-09 20:59:06 +0200: Memory Usage (462988K) : digisub_drw has 0 polygons
2026-09-09 20:59:06 +0200: Memory Usage (462988K) : nodrc_drw has 0 polygons
2026-09-09 20:59:06 +0200: Memory Usage (462988K) : text_drw has 0 polygons
2026-09-09 20:59:06 +0200: Memory Usage (463148K) : via4_drw has 0 polygons
2026-09-09 20:59:06 +0200: Memory Usage (463148K) : metal5_drw has 0 polygons
2026-09-09 20:59:06 +0200: Memory Usage (463148K) : metal5_pin has 0 polygons
2026-09-09 20:59:06 +0200: Memory Usage (463148K) : metal5_mask has 0 polygons
2026-09-09 20:59:06 +0200: Memory Usage (463308K) : metal5_filler has 0 polygons
2026-09-09 20:59:06 +0200: Memory Usage (463308K) : metal5_nofill has 0 polygons
2026-09-09 20:59:06 +0200: Memory Usage (463308K) : metal5_slit has 0 polygons
2026-09-09 20:59:06 +0200: Memory Usage (463468K) : metal5_text has 0 polygons
2026-09-09 20:59:06 +0200: Memory Usage (463468K) : metal5_opc has 0 polygons
2026-09-09 20:59:06 +0200: Memory Usage (463468K) : metal5_noqrc has 0 polygons
2026-09-09 20:59:06 +0200: Memory Usage (463628K) : metal5_res has 0 polygons
2026-09-09 20:59:06 +0200: Memory Usage (463628K) : metal5_iprobe has 0 polygons
2026-09-09 20:59:06 +0200: Memory Usage (463628K) : metal5_diffprb has 0 polygons
2026-09-09 20:59:06 +0200: Memory Usage (463788K) : radhard_drw has 0 polygons
2026-09-09 20:59:06 +0200: Memory Usage (463788K) : memcap_drw has 0 polygons
2026-09-09 20:59:06 +0200: Memory Usage (463788K) : varicap_drw has 0 polygons
2026-09-09 20:59:06 +0200: Memory Usage (463948K) : flash_drw has 0 polygons
2026-09-09 20:59:06 +0200: Memory Usage (463948K) : intbondvia_drw has 0 polygons
2026-09-09 20:59:06 +0200: Memory Usage (463948K) : intbondmet_drw has 0 polygons
2026-09-09 20:59:06 +0200: Memory Usage (464108K) : devbondvia_drw has 0 polygons
2026-09-09 20:59:06 +0200: Memory Usage (464108K) : devbondmet_drw has 0 polygons
2026-09-09 20:59:06 +0200: Memory Usage (464108K) : devtrench_drw has 0 polygons
2026-09-09 20:59:06 +0200: Memory Usage (464268K) : redist_drw has 0 polygons
2026-09-09 20:59:06 +0200: Memory Usage (464268K) : graphbot_drw has 0 polygons
2026-09-09 20:59:06 +0200: Memory Usage (464268K) : graphtop_drw has 0 polygons
2026-09-09 20:59:06 +0200: Memory Usage (464428K) : antvia1_drw has 0 polygons
2026-09-09 20:59:06 +0200: Memory Usage (464428K) : antmetal2_drw has 0 polygons
2026-09-09 20:59:06 +0200: Memory Usage (464428K) : graphcont_drw has 0 polygons
2026-09-09 20:59:06 +0200: Memory Usage (464588K) : siwg_drw has 0 polygons
2026-09-09 20:59:06 +0200: Memory Usage (464588K) : siwg_filler has 0 polygons
2026-09-09 20:59:06 +0200: Memory Usage (464588K) : siwg_nofill has 0 polygons
2026-09-09 20:59:06 +0200: Memory Usage (464748K) : sigrating_drw has 0 polygons
2026-09-09 20:59:06 +0200: Memory Usage (464748K) : singrating_drw has 0 polygons
2026-09-09 20:59:06 +0200: Memory Usage (464748K) : graphpas_drw has 0 polygons
2026-09-09 20:59:06 +0200: Memory Usage (464908K) : emwind3_drw has 0 polygons
2026-09-09 20:59:06 +0200: Memory Usage (464908K) : emwihv3_drw has 0 polygons
2026-09-09 20:59:06 +0200: Memory Usage (464908K) : redbulay_drw has 0 polygons
2026-09-09 20:59:06 +0200: Memory Usage (464908K) : smos_drw has 0 polygons
2026-09-09 20:59:06 +0200: Memory Usage (465068K) : graphpad_drw has 0 polygons
2026-09-09 20:59:06 +0200: Memory Usage (465068K) : polimide_drw has 0 polygons
2026-09-09 20:59:06 +0200: Memory Usage (465068K) : polimide_pin has 0 polygons
2026-09-09 20:59:06 +0200: Memory Usage (465068K) : recog_drw has 0 polygons
2026-09-09 20:59:06 +0200: Memory Usage (465228K) : recog_pin has 0 polygons
2026-09-09 20:59:06 +0200: Memory Usage (465228K) : recog_esd has 0 polygons
2026-09-09 20:59:06 +0200: Memory Usage (465228K) : recog_diode has 0 polygons
2026-09-09 20:59:06 +0200: Memory Usage (465228K) : recog_tsv has 0 polygons
2026-09-09 20:59:06 +0200: Memory Usage (465388K) : recog_iprobe has 0 polygons
2026-09-09 20:59:06 +0200: Memory Usage (465388K) : recog_diffprb has 0 polygons
2026-09-09 20:59:06 +0200: Memory Usage (465388K) : recog_pillar has 0 polygons
2026-09-09 20:59:06 +0200: Memory Usage (465548K) : recog_sbump has 0 polygons
2026-09-09 20:59:06 +0200: Memory Usage (465548K) : recog_otp has 0 polygons
2026-09-09 20:59:06 +0200: Memory Usage (465548K) : recog_pdiode has 0 polygons
2026-09-09 20:59:06 +0200: Memory Usage (465708K) : recog_mom has 0 polygons
2026-09-09 20:59:06 +0200: Memory Usage (465708K) : recog_pcm has 0 polygons
2026-09-09 20:59:06 +0200: Memory Usage (465868K) : colopen_drw has 0 polygons
2026-09-09 20:59:06 +0200: Memory Usage (465868K) : graphmetal1_drw has 0 polygons
2026-09-09 20:59:06 +0200: Memory Usage (465868K) : graphmetal1_filler has 0 polygons
2026-09-09 20:59:06 +0200: Memory Usage (466028K) : graphmetal1_nofill has 0 polygons
2026-09-09 20:59:06 +0200: Memory Usage (466028K) : graphmetal1_slit has 0 polygons
2026-09-09 20:59:06 +0200: Memory Usage (466028K) : graphmetal1_opc has 0 polygons
2026-09-09 20:59:06 +0200: Memory Usage (466188K) : graphmet1l_drw has 0 polygons
2026-09-09 20:59:06 +0200: Memory Usage (466188K) : graphmet1l_filler has 0 polygons
2026-09-09 20:59:06 +0200: Memory Usage (466188K) : graphmet1l_nofill has 0 polygons
2026-09-09 20:59:06 +0200: Memory Usage (466348K) : graphmet1l_slit has 0 polygons
2026-09-09 20:59:06 +0200: Memory Usage (466348K) : graphmet1l_opc has 0 polygons
2026-09-09 20:59:06 +0200: Memory Usage (466348K) : extblock_drw has 0 polygons
2026-09-09 20:59:06 +0200: Memory Usage (466508K) : nldd_drw has 0 polygons
2026-09-09 20:59:06 +0200: Memory Usage (466508K) : pldd_drw has 0 polygons
2026-09-09 20:59:06 +0200: Memory Usage (466508K) : next_drw has 0 polygons
2026-09-09 20:59:06 +0200: Memory Usage (466668K) : pext_drw has 0 polygons
2026-09-09 20:59:06 +0200: Memory Usage (466668K) : nexthv_drw has 0 polygons
2026-09-09 20:59:06 +0200: Memory Usage (466668K) : pexthv_drw has 0 polygons
2026-09-09 20:59:06 +0200: Memory Usage (466828K) : graphgate_drw has 0 polygons
2026-09-09 20:59:06 +0200: Memory Usage (466828K) : sinwg_drw has 0 polygons
2026-09-09 20:59:06 +0200: Memory Usage (466828K) : sinwg_filler has 0 polygons
2026-09-09 20:59:06 +0200: Memory Usage (466988K) : sinwg_nofill has 0 polygons
2026-09-09 20:59:06 +0200: Memory Usage (466988K) : mempad_drw has 0 polygons
2026-09-09 20:59:06 +0200: Memory Usage (466988K) : topvia1_drw has 0 polygons
2026-09-09 20:59:06 +0200: Memory Usage (467148K) : topmetal1_drw has 0 polygons
2026-09-09 20:59:06 +0200: Memory Usage (467148K) : topmetal1_pin has 0 polygons
2026-09-09 20:59:06 +0200: Memory Usage (467148K) : topmetal1_mask has 0 polygons
2026-09-09 20:59:06 +0200: Memory Usage (467148K) : topmetal1_filler has 0 polygons
2026-09-09 20:59:06 +0200: Memory Usage (467148K) : topmetal1_nofill has 0 polygons
2026-09-09 20:59:06 +0200: Memory Usage (467148K) : topmetal1_slit has 0 polygons
2026-09-09 20:59:06 +0200: Memory Usage (467148K) : topmetal1_text has 0 polygons
2026-09-09 20:59:06 +0200: Memory Usage (467148K) : topmetal1_noqrc has 0 polygons
2026-09-09 20:59:06 +0200: Memory Usage (467148K) : topmetal1_res has 0 polygons
2026-09-09 20:59:06 +0200: Memory Usage (467148K) : topmetal1_iprobe has 0 polygons
2026-09-09 20:59:06 +0200: Memory Usage (467308K) : topmetal1_diffprb has 0 polygons
2026-09-09 20:59:06 +0200: Memory Usage (467308K) : inldpwl_drw has 0 polygons
2026-09-09 20:59:06 +0200: Memory Usage (467308K) : polyres_drw has 0 polygons
2026-09-09 20:59:06 +0200: Memory Usage (467468K) : polyres_pin has 0 polygons
2026-09-09 20:59:06 +0200: Memory Usage (467468K) : vmim_drw has 0 polygons
2026-09-09 20:59:06 +0200: Memory Usage (467468K) : nbulaycut_drw has 0 polygons
2026-09-09 20:59:06 +0200: Memory Usage (467628K) : antmetal1_drw has 0 polygons
2026-09-09 20:59:06 +0200: Memory Usage (467628K) : topvia2_drw has 0 polygons
2026-09-09 20:59:06 +0200: Memory Usage (467628K) : topmetal2_drw has 0 polygons
2026-09-09 20:59:06 +0200: Memory Usage (467788K) : topmetal2_pin has 0 polygons
2026-09-09 20:59:06 +0200: Memory Usage (467788K) : topmetal2_mask has 0 polygons
2026-09-09 20:59:06 +0200: Memory Usage (467788K) : topmetal2_filler has 0 polygons
2026-09-09 20:59:06 +0200: Memory Usage (467948K) : topmetal2_nofill has 0 polygons
2026-09-09 20:59:06 +0200: Memory Usage (467948K) : topmetal2_slit has 0 polygons
2026-09-09 20:59:06 +0200: Memory Usage (467948K) : topmetal2_text has 0 polygons
2026-09-09 20:59:06 +0200: Memory Usage (468108K) : topmetal2_noqrc has 0 polygons
2026-09-09 20:59:06 +0200: Memory Usage (468108K) : topmetal2_res has 0 polygons
2026-09-09 20:59:06 +0200: Memory Usage (468108K) : topmetal2_iprobe has 0 polygons
2026-09-09 20:59:06 +0200: Memory Usage (468268K) : topmetal2_diffprb has 0 polygons
2026-09-09 20:59:06 +0200: Memory Usage (468268K) : snsring_drw has 0 polygons
2026-09-09 20:59:06 +0200: Memory Usage (468268K) : sensor_drw has 0 polygons
2026-09-09 20:59:06 +0200: Memory Usage (468428K) : snsarms_drw has 0 polygons
2026-09-09 20:59:06 +0200: Memory Usage (468428K) : snscmosvia_drw has 0 polygons
2026-09-09 20:59:06 +0200: Memory Usage (468428K) : colwind_drw has 0 polygons
2026-09-09 20:59:06 +0200: Memory Usage (468588K) : flm_drw has 0 polygons
2026-09-09 20:59:06 +0200: Memory Usage (468588K) : hafniumox_drw has 0 polygons
2026-09-09 20:59:06 +0200: Memory Usage (468588K) : memvia_drw has 0 polygons
2026-09-09 20:59:06 +0200: Memory Usage (468748K) : thinfilmres_drw has 0 polygons
2026-09-09 20:59:06 +0200: Memory Usage (468748K) : rfmem_drw has 0 polygons
2026-09-09 20:59:06 +0200: Memory Usage (468748K) : norcx_drw has 0 polygons
2026-09-09 20:59:06 +0200: Memory Usage (468908K) : norcx_m2m3 has 0 polygons
2026-09-09 20:59:06 +0200: Memory Usage (468908K) : norcx_m2m4 has 0 polygons
2026-09-09 20:59:06 +0200: Memory Usage (468908K) : norcx_m2m5 has 0 polygons
2026-09-09 20:59:06 +0200: Memory Usage (469068K) : norcx_m2tm1 has 0 polygons
2026-09-09 20:59:06 +0200: Memory Usage (469068K) : norcx_m2tm2 has 0 polygons
2026-09-09 20:59:06 +0200: Memory Usage (469068K) : norcx_m3m4 has 0 polygons
2026-09-09 20:59:06 +0200: Memory Usage (469228K) : norcx_m3m5 has 0 polygons
2026-09-09 20:59:06 +0200: Memory Usage (469228K) : norcx_m3tm1 has 0 polygons
2026-09-09 20:59:06 +0200: Memory Usage (469228K) : norcx_m3tm2 has 0 polygons
2026-09-09 20:59:06 +0200: Memory Usage (469388K) : norcx_m4m5 has 0 polygons
2026-09-09 20:59:06 +0200: Memory Usage (469388K) : norcx_m4tm1 has 0 polygons
2026-09-09 20:59:06 +0200: Memory Usage (469388K) : norcx_m4tm2 has 0 polygons
2026-09-09 20:59:06 +0200: Memory Usage (469548K) : norcx_m5tm1 has 0 polygons
2026-09-09 20:59:06 +0200: Memory Usage (469548K) : norcx_m5tm2 has 0 polygons
2026-09-09 20:59:06 +0200: Memory Usage (469548K) : norcx_tm1tm2 has 0 polygons
2026-09-09 20:59:06 +0200: Memory Usage (469708K) : norcx_m1sub has 0 polygons
2026-09-09 20:59:06 +0200: Memory Usage (469708K) : norcx_m2sub has 0 polygons
2026-09-09 20:59:06 +0200: Memory Usage (469708K) : norcx_m3sub has 0 polygons
2026-09-09 20:59:06 +0200: Memory Usage (469868K) : norcx_m4sub has 0 polygons
2026-09-09 20:59:06 +0200: Memory Usage (469868K) : norcx_m5sub has 0 polygons
2026-09-09 20:59:06 +0200: Memory Usage (469868K) : norcx_tm1sub has 0 polygons
2026-09-09 20:59:06 +0200: Memory Usage (470028K) : norcx_tm2sub has 0 polygons
2026-09-09 20:59:06 +0200: Memory Usage (470028K) : snsbotvia_drw has 0 polygons
2026-09-09 20:59:06 +0200: Memory Usage (470028K) : snstopvia_drw has 0 polygons
2026-09-09 20:59:06 +0200: Memory Usage (470188K) : deepvia_drw has 0 polygons
2026-09-09 20:59:06 +0200: Memory Usage (470188K) : fgetch_drw has 0 polygons
2026-09-09 20:59:06 +0200: Memory Usage (470188K) : ctrgat_drw has 0 polygons
2026-09-09 20:59:06 +0200: Memory Usage (470348K) : fgimp_drw has 0 polygons
2026-09-09 20:59:06 +0200: Memory Usage (470348K) : emwihv_drw has 0 polygons
2026-09-09 20:59:06 +0200: Memory Usage (470348K) : lbe_drw has 0 polygons
2026-09-09 20:59:06 +0200: Memory Usage (470508K) : alcustop_drw has 0 polygons
2026-09-09 20:59:06 +0200: Memory Usage (470508K) : nometfiller_drw has 0 polygons
2026-09-09 20:59:06 +0200: Memory Usage (470508K) : prboundary_drw has 0 polygons
2026-09-09 20:59:06 +0200: Memory Usage (470668K) : exchange0_drw has 0 polygons
2026-09-09 20:59:06 +0200: Memory Usage (470668K) : exchange0_pin has 0 polygons
2026-09-09 20:59:06 +0200: Memory Usage (470668K) : exchange0_text has 0 polygons
2026-09-09 20:59:06 +0200: Memory Usage (470828K) : exchange1_drw has 0 polygons
2026-09-09 20:59:06 +0200: Memory Usage (470828K) : exchange1_pin has 0 polygons
2026-09-09 20:59:06 +0200: Memory Usage (470828K) : exchange1_text has 0 polygons
2026-09-09 20:59:06 +0200: Memory Usage (470988K) : exchange2_drw has 0 polygons
2026-09-09 20:59:06 +0200: Memory Usage (470988K) : exchange2_pin has 0 polygons
2026-09-09 20:59:06 +0200: Memory Usage (470988K) : exchange2_text has 0 polygons
2026-09-09 20:59:06 +0200: Memory Usage (471148K) : exchange3_drw has 0 polygons
2026-09-09 20:59:06 +0200: Memory Usage (471148K) : exchange3_pin has 0 polygons
2026-09-09 20:59:06 +0200: Memory Usage (471148K) : exchange3_text has 0 polygons
2026-09-09 20:59:06 +0200: Memory Usage (471308K) : exchange4_drw has 0 polygons
2026-09-09 20:59:06 +0200: Memory Usage (471308K) : exchange4_pin has 0 polygons
2026-09-09 20:59:06 +0200: Memory Usage (471308K) : exchange4_text has 0 polygons
2026-09-09 20:59:06 +0200: Memory Usage (471468K) : isonwell_drw has 0 polygons
2026-09-09 20:59:06 +0200: Memory Usage (471468K) : Total no. of polygons in the design is 95
2026-09-09 20:59:06 +0200: Memory Usage (471468K) : Loaded TECH DRC rules values from /foss/pdks/ihp-sg13g2/libs.tech/klayout/python/sg13g2_pycell_lib/sg13g2_tech_mod.json
2026-09-09 20:59:06 +0200: Memory Usage (471468K) : Loaded default DRC rules values from /foss/pdks/ihp-sg13g2/libs.tech/klayout/tech/drc/rule_decks/sg13g2_tech_default.json
2026-09-09 20:59:06 +0200: Memory Usage (471468K) : The following rules values were missing in tech json and default values were used:
2026-09-09 20:59:06 +0200: Memory Usage (471468K) :   - NW_f1_digibnd
2026-09-09 20:59:06 +0200: Memory Usage (471468K) :   - Cnt_c_digibnd
2026-09-09 20:59:06 +0200: Memory Usage (471468K) :   - Cnt_c_sram
2026-09-09 20:59:06 +0200: Memory Usage (471468K) :   - Sdiod_b
2026-09-09 20:59:06 +0200: Memory Usage (471468K) :   - Sdiod_c
2026-09-09 20:59:06 +0200: Memory Usage (472976K) : Total area of the design is 18.9648 um^2.
2026-09-09 20:59:06 +0200: Memory Usage (472976K) : The design dimensions are 4.32 µm * 4.39 µm.
2026-09-09 20:59:06 +0200: Memory Usage (472976K) : Starting general IHP-SG13G2 derivations.
2026-09-09 20:59:06 +0200: Memory Usage (472976K) : Starting Pwell derivations
2026-09-09 20:59:06 +0200: Memory Usage (474552K) : Starting n-Activ derivations
2026-09-09 20:59:06 +0200: Memory Usage (474552K) : Starting p-Activ derivations
2026-09-09 20:59:06 +0200: Memory Usage (474552K) : Starting nact FET derivations
2026-09-09 20:59:06 +0200: Memory Usage (474712K) : Starting cont/contbar general derivations
2026-09-09 20:59:06 +0200: Memory Usage (474712K) : Starting SVaricap general derivations
2026-09-09 20:59:06 +0200: Memory Usage (475064K) : Starting IHP-SG13G2 DRC rules.
2026-09-09 20:59:06 +0200: Memory Usage (475064K) : Starting 5.14. Cont table
2026-09-09 20:59:06 +0200: Memory Usage (475064K) : Executing rule Cnt.a
2026-09-09 20:59:06 +0200: Memory Usage (475064K) : Executing rule Cnt.b
2026-09-09 20:59:06 +0200: Memory Usage (475428K) : Executing rule Cnt.c
2026-09-09 20:59:06 +0200: Memory Usage (475428K) : Executing rule Cnt.c.digibnd
2026-09-09 20:59:06 +0200: Memory Usage (475428K) : Executing rule Cnt.c.SRAM
2026-09-09 20:59:06 +0200: Memory Usage (475428K) : Executing rule Cnt.d
2026-09-09 20:59:06 +0200: Memory Usage (475588K) : Executing rule Cnt.e
2026-09-09 20:59:06 +0200: Memory Usage (475588K) : Executing rule Cnt.g1
2026-09-09 20:59:06 +0200: Memory Usage (475748K) : Executing rule Cnt.g2
2026-09-09 20:59:06 +0200: Memory Usage (475908K) : KLayout DRC run for tables 'cont' completed in 0.19 seconds
