# Logfile created on 2026-09-09 20:59:11 +0200 by logger.rb/v1.5.3
2026-09-09 20:59:11 +0200: Memory Usage (456804K) : Starting running IHP-SG13G2 KLayout DRC runset on /foss/designs/aion_chip/flow/regress/AION_a21oi_nor2_1/AION_a21oi_nor2_1.gds
2026-09-09 20:59:11 +0200: Memory Usage (456804K) : Ruby Version for klayout: 3.2.3
2026-09-09 20:59:11 +0200: Memory Usage (457764K) : Loading database to memory is complete.
2026-09-09 20:59:11 +0200: Memory Usage (457764K) : IHP-SG13G2 KLayout DRC runset output at: /foss/designs/aion_chip/flow/regress/AION_a21oi_nor2_1/drc/AION_a21oi_nor2_1.klayout.drc/AION_a21oi_nor2_1_AION_a21oi_nor2_1_copperpillar.lyrdb
2026-09-09 20:59:11 +0200: Memory Usage (457764K) : Evaluate switches.
2026-09-09 20:59:11 +0200: Memory Usage (457764K) : tables selected: copperpillar
2026-09-09 20:59:11 +0200: Memory Usage (457764K) : KLayout will use 15 thread(s) in tiling mode.
2026-09-09 20:59:11 +0200: Memory Usage (457764K) : deep mode is enabled.
2026-09-09 20:59:11 +0200: Memory Usage (457764K) : FEOL enabled: false
2026-09-09 20:59:11 +0200: Memory Usage (457764K) : BEOL enabled: false
2026-09-09 20:59:11 +0200: Memory Usage (457764K) : OFFGRID enabled: true
2026-09-09 20:59:11 +0200: Memory Usage (457764K) : ANGLE enabled: true
2026-09-09 20:59:11 +0200: Memory Usage (457764K) : PIN enabled: false
2026-09-09 20:59:11 +0200: Memory Usage (457764K) : FORBIDDEN enabled: false
2026-09-09 20:59:11 +0200: Memory Usage (457764K) : RECOMMENDED enabled: true
2026-09-09 20:59:11 +0200: Memory Usage (457764K) : PreCheck DRC enabled: false
2026-09-09 20:59:11 +0200: Memory Usage (457764K) : CONNECTIVITY_RULES enabled: false.
2026-09-09 20:59:11 +0200: Memory Usage (457764K) : Read in polygons from layers.
2026-09-09 20:59:11 +0200: Memory Usage (458912K) : activ_drw has 5 polygons
2026-09-09 20:59:11 +0200: Memory Usage (458912K) : activ_pin has 0 polygons
2026-09-09 20:59:11 +0200: Memory Usage (458912K) : activ_mask has 0 polygons
2026-09-09 20:59:11 +0200: Memory Usage (458912K) : activ_filler has 0 polygons
2026-09-09 20:59:11 +0200: Memory Usage (458912K) : activ_nofill has 0 polygons
2026-09-09 20:59:11 +0200: Memory Usage (458912K) : activ_opc has 0 polygons
2026-09-09 20:59:11 +0200: Memory Usage (458912K) : activ_iopc has 0 polygons
2026-09-09 20:59:11 +0200: Memory Usage (458912K) : activ_noqrc has 0 polygons
2026-09-09 20:59:11 +0200: Memory Usage (458912K) : biwind_drw has 0 polygons
2026-09-09 20:59:11 +0200: Memory Usage (458912K) : biwind_opc has 0 polygons
2026-09-09 20:59:11 +0200: Memory Usage (458912K) : pemwind_drw has 0 polygons
2026-09-09 20:59:11 +0200: Memory Usage (458912K) : gatpoly_drw has 10 polygons
2026-09-09 20:59:11 +0200: Memory Usage (458912K) : gatpoly_pin has 0 polygons
2026-09-09 20:59:11 +0200: Memory Usage (458912K) : gatpoly_filler has 0 polygons
2026-09-09 20:59:11 +0200: Memory Usage (458912K) : gatpoly_nofill has 0 polygons
2026-09-09 20:59:11 +0200: Memory Usage (459072K) : gatpoly_opc has 0 polygons
2026-09-09 20:59:11 +0200: Memory Usage (459072K) : gatpoly_iopc has 0 polygons
2026-09-09 20:59:11 +0200: Memory Usage (459072K) : gatpoly_noqrc has 0 polygons
2026-09-09 20:59:11 +0200: Memory Usage (459072K) : cont_drw has 40 polygons
2026-09-09 20:59:11 +0200: Memory Usage (459072K) : cont_opc has 0 polygons
2026-09-09 20:59:11 +0200: Memory Usage (459072K) : nsd_drw has 0 polygons
2026-09-09 20:59:11 +0200: Memory Usage (459072K) : nsd_block has 0 polygons
2026-09-09 20:59:11 +0200: Memory Usage (459072K) : metal1_drw has 23 polygons
2026-09-09 20:59:11 +0200: Memory Usage (459232K) : metal1_pin has 7 polygons
2026-09-09 20:59:11 +0200: Memory Usage (459232K) : metal1_mask has 0 polygons
2026-09-09 20:59:11 +0200: Memory Usage (459232K) : metal1_filler has 0 polygons
2026-09-09 20:59:11 +0200: Memory Usage (459232K) : metal1_nofill has 0 polygons
2026-09-09 20:59:11 +0200: Memory Usage (459392K) : metal1_slit has 0 polygons
2026-09-09 20:59:11 +0200: Memory Usage (459584K) : metal1_text has 7 polygons
2026-09-09 20:59:11 +0200: Memory Usage (459584K) : metal1_opc has 0 polygons
2026-09-09 20:59:11 +0200: Memory Usage (459744K) : metal1_noqrc has 0 polygons
2026-09-09 20:59:11 +0200: Memory Usage (459744K) : metal1_res has 0 polygons
2026-09-09 20:59:11 +0200: Memory Usage (459904K) : metal1_iprobe has 0 polygons
2026-09-09 20:59:11 +0200: Memory Usage (459904K) : metal1_diffprb has 0 polygons
2026-09-09 20:59:11 +0200: Memory Usage (459904K) : passiv_drw has 0 polygons
2026-09-09 20:59:11 +0200: Memory Usage (460064K) : passiv_pin has 0 polygons
2026-09-09 20:59:11 +0200: Memory Usage (460064K) : passiv_sbump has 0 polygons
2026-09-09 20:59:11 +0200: Memory Usage (460064K) : passiv_pillar has 0 polygons
2026-09-09 20:59:11 +0200: Memory Usage (460224K) : passiv_pdl has 0 polygons
2026-09-09 20:59:11 +0200: Memory Usage (460224K) : metal2_drw has 0 polygons
2026-09-09 20:59:11 +0200: Memory Usage (460224K) : metal2_pin has 0 polygons
2026-09-09 20:59:11 +0200: Memory Usage (460224K) : metal2_mask has 0 polygons
2026-09-09 20:59:11 +0200: Memory Usage (460224K) : metal2_filler has 0 polygons
2026-09-09 20:59:11 +0200: Memory Usage (460224K) : metal2_nofill has 0 polygons
2026-09-09 20:59:11 +0200: Memory Usage (460224K) : metal2_slit has 0 polygons
2026-09-09 20:59:11 +0200: Memory Usage (460224K) : metal2_text has 0 polygons
2026-09-09 20:59:11 +0200: Memory Usage (460224K) : metal2_opc has 0 polygons
2026-09-09 20:59:11 +0200: Memory Usage (460384K) : metal2_noqrc has 0 polygons
2026-09-09 20:59:11 +0200: Memory Usage (460384K) : metal2_res has 0 polygons
2026-09-09 20:59:11 +0200: Memory Usage (460384K) : metal2_iprobe has 0 polygons
2026-09-09 20:59:11 +0200: Memory Usage (460384K) : metal2_diffprb has 0 polygons
2026-09-09 20:59:11 +0200: Memory Usage (460384K) : baspoly_drw has 0 polygons
2026-09-09 20:59:11 +0200: Memory Usage (460544K) : baspoly_pin has 0 polygons
2026-09-09 20:59:11 +0200: Memory Usage (460544K) : psd_drw has 2 polygons
2026-09-09 20:59:11 +0200: Memory Usage (460544K) : nldb_drw has 0 polygons
2026-09-09 20:59:11 +0200: Memory Usage (460704K) : digibnd_drw has 0 polygons
2026-09-09 20:59:11 +0200: Memory Usage (460704K) : via1_drw has 0 polygons
2026-09-09 20:59:11 +0200: Memory Usage (460704K) : backmetal1_drw has 0 polygons
2026-09-09 20:59:11 +0200: Memory Usage (460864K) : backmetal1_pin has 0 polygons
2026-09-09 20:59:11 +0200: Memory Usage (460864K) : backmetal1_mask has 0 polygons
2026-09-09 20:59:11 +0200: Memory Usage (460864K) : backmetal1_filler has 0 polygons
2026-09-09 20:59:11 +0200: Memory Usage (461024K) : backmetal1_nofill has 0 polygons
2026-09-09 20:59:11 +0200: Memory Usage (461024K) : backmetal1_slit has 0 polygons
2026-09-09 20:59:11 +0200: Memory Usage (461024K) : backmetal1_text has 0 polygons
2026-09-09 20:59:11 +0200: Memory Usage (461184K) : backmetal1_opc has 0 polygons
2026-09-09 20:59:11 +0200: Memory Usage (461184K) : backmetal1_noqrc has 0 polygons
2026-09-09 20:59:11 +0200: Memory Usage (461344K) : backmetal1_res has 0 polygons
2026-09-09 20:59:11 +0200: Memory Usage (461344K) : backmetal1_iprobe has 0 polygons
2026-09-09 20:59:11 +0200: Memory Usage (461504K) : backmetal1_diffprb has 0 polygons
2026-09-09 20:59:11 +0200: Memory Usage (461504K) : backpassiv_drw has 0 polygons
2026-09-09 20:59:11 +0200: Memory Usage (461664K) : res_drw has 0 polygons
2026-09-09 20:59:11 +0200: Memory Usage (461664K) : sram_drw has 0 polygons
2026-09-09 20:59:11 +0200: Memory Usage (461664K) : trans_drw has 0 polygons
2026-09-09 20:59:11 +0200: Memory Usage (461824K) : ind_drw has 0 polygons
2026-09-09 20:59:11 +0200: Memory Usage (461824K) : ind_pin has 0 polygons
2026-09-09 20:59:11 +0200: Memory Usage (461824K) : ind_text has 0 polygons
2026-09-09 20:59:11 +0200: Memory Usage (461984K) : salblock_drw has 0 polygons
2026-09-09 20:59:11 +0200: Memory Usage (461984K) : via2_drw has 0 polygons
2026-09-09 20:59:11 +0200: Memory Usage (461984K) : metal3_drw has 0 polygons
2026-09-09 20:59:11 +0200: Memory Usage (462144K) : metal3_pin has 0 polygons
2026-09-09 20:59:11 +0200: Memory Usage (462144K) : metal3_mask has 0 polygons
2026-09-09 20:59:11 +0200: Memory Usage (462144K) : metal3_filler has 0 polygons
2026-09-09 20:59:11 +0200: Memory Usage (462304K) : metal3_nofill has 0 polygons
2026-09-09 20:59:11 +0200: Memory Usage (462304K) : metal3_slit has 0 polygons
2026-09-09 20:59:11 +0200: Memory Usage (462304K) : metal3_text has 0 polygons
2026-09-09 20:59:11 +0200: Memory Usage (462464K) : metal3_opc has 0 polygons
2026-09-09 20:59:11 +0200: Memory Usage (462464K) : metal3_noqrc has 0 polygons
2026-09-09 20:59:11 +0200: Memory Usage (462624K) : metal3_res has 0 polygons
2026-09-09 20:59:11 +0200: Memory Usage (462624K) : metal3_iprobe has 0 polygons
2026-09-09 20:59:11 +0200: Memory Usage (462624K) : metal3_diffprb has 0 polygons
2026-09-09 20:59:11 +0200: Memory Usage (462784K) : nwell_drw has 1 polygons
2026-09-09 20:59:11 +0200: Memory Usage (462784K) : nwell_pin has 0 polygons
2026-09-09 20:59:11 +0200: Memory Usage (462784K) : nbulay_drw has 0 polygons
2026-09-09 20:59:11 +0200: Memory Usage (462784K) : nbulay_pin has 0 polygons
2026-09-09 20:59:11 +0200: Memory Usage (462944K) : nbulay_block has 0 polygons
2026-09-09 20:59:11 +0200: Memory Usage (462944K) : emwind_drw has 0 polygons
2026-09-09 20:59:11 +0200: Memory Usage (462944K) : emwind_opc has 0 polygons
2026-09-09 20:59:11 +0200: Memory Usage (462944K) : deepco_drw has 0 polygons
2026-09-09 20:59:11 +0200: Memory Usage (463104K) : deepco_drw has 0 polygons
2026-09-09 20:59:11 +0200: Memory Usage (463104K) : mim_drw has 0 polygons
2026-09-09 20:59:11 +0200: Memory Usage (463104K) : edgeseal_drw has 0 polygons
2026-09-09 20:59:11 +0200: Memory Usage (463104K) : edgeseal_bound has 0 polygons
2026-09-09 20:59:11 +0200: Memory Usage (463104K) : substrate_drw has 0 polygons
2026-09-09 20:59:11 +0200: Memory Usage (463264K) : substrate_text has 0 polygons
2026-09-09 20:59:11 +0200: Memory Usage (463264K) : dfpad_drw has 0 polygons
2026-09-09 20:59:11 +0200: Memory Usage (463264K) : dfpad_pillar has 0 polygons
2026-09-09 20:59:11 +0200: Memory Usage (463264K) : dfpad_sbump has 0 polygons
2026-09-09 20:59:11 +0200: Memory Usage (463424K) : thickgateox_drw has 0 polygons
2026-09-09 20:59:11 +0200: Memory Usage (463424K) : pldb_drw has 0 polygons
2026-09-09 20:59:11 +0200: Memory Usage (463424K) : pwell_drw has 0 polygons
2026-09-09 20:59:11 +0200: Memory Usage (463584K) : pwell_pin has 0 polygons
2026-09-09 20:59:11 +0200: Memory Usage (463584K) : pwell_block has 0 polygons
2026-09-09 20:59:11 +0200: Memory Usage (463584K) : ic_drw has 0 polygons
2026-09-09 20:59:11 +0200: Memory Usage (463744K) : via3_drw has 0 polygons
2026-09-09 20:59:11 +0200: Memory Usage (463744K) : metal4_drw has 0 polygons
2026-09-09 20:59:11 +0200: Memory Usage (463744K) : metal4_pin has 0 polygons
2026-09-09 20:59:11 +0200: Memory Usage (463904K) : metal4_mask has 0 polygons
2026-09-09 20:59:11 +0200: Memory Usage (463904K) : metal4_filler has 0 polygons
2026-09-09 20:59:11 +0200: Memory Usage (463904K) : metal4_nofill has 0 polygons
2026-09-09 20:59:11 +0200: Memory Usage (464064K) : metal4_slit has 0 polygons
2026-09-09 20:59:11 +0200: Memory Usage (464064K) : metal4_text has 0 polygons
2026-09-09 20:59:11 +0200: Memory Usage (464224K) : metal4_opc has 0 polygons
2026-09-09 20:59:11 +0200: Memory Usage (464224K) : metal4_noqrc has 0 polygons
2026-09-09 20:59:11 +0200: Memory Usage (464224K) : metal4_res has 0 polygons
2026-09-09 20:59:11 +0200: Memory Usage (464384K) : metal4_iprobe has 0 polygons
2026-09-09 20:59:11 +0200: Memory Usage (464384K) : metal4_diffprb has 0 polygons
2026-09-09 20:59:11 +0200: Memory Usage (464384K) : heattrans_drw has 0 polygons
2026-09-09 20:59:11 +0200: Memory Usage (464544K) : heatres_drw has 0 polygons
2026-09-09 20:59:11 +0200: Memory Usage (464544K) : pempoly_drw has 0 polygons
2026-09-09 20:59:11 +0200: Memory Usage (464544K) : fbe_drw has 0 polygons
2026-09-09 20:59:11 +0200: Memory Usage (464704K) : empoly_drw has 0 polygons
2026-09-09 20:59:11 +0200: Memory Usage (464704K) : ldmos_drw has 0 polygons
2026-09-09 20:59:11 +0200: Memory Usage (464704K) : pbiwind_drw has 0 polygons
2026-09-09 20:59:11 +0200: Memory Usage (464864K) : digisub_drw has 0 polygons
2026-09-09 20:59:11 +0200: Memory Usage (464864K) : nodrc_drw has 0 polygons
2026-09-09 20:59:11 +0200: Memory Usage (464864K) : text_drw has 0 polygons
2026-09-09 20:59:11 +0200: Memory Usage (464864K) : via4_drw has 0 polygons
2026-09-09 20:59:11 +0200: Memory Usage (465024K) : metal5_drw has 0 polygons
2026-09-09 20:59:11 +0200: Memory Usage (465024K) : metal5_pin has 0 polygons
2026-09-09 20:59:11 +0200: Memory Usage (465024K) : metal5_mask has 0 polygons
2026-09-09 20:59:11 +0200: Memory Usage (465024K) : metal5_filler has 0 polygons
2026-09-09 20:59:11 +0200: Memory Usage (465184K) : metal5_nofill has 0 polygons
2026-09-09 20:59:11 +0200: Memory Usage (465184K) : metal5_slit has 0 polygons
2026-09-09 20:59:11 +0200: Memory Usage (465184K) : metal5_text has 0 polygons
2026-09-09 20:59:11 +0200: Memory Usage (465184K) : metal5_opc has 0 polygons
2026-09-09 20:59:11 +0200: Memory Usage (465344K) : metal5_noqrc has 0 polygons
2026-09-09 20:59:11 +0200: Memory Usage (465344K) : metal5_res has 0 polygons
2026-09-09 20:59:11 +0200: Memory Usage (465344K) : metal5_iprobe has 0 polygons
2026-09-09 20:59:11 +0200: Memory Usage (465504K) : metal5_diffprb has 0 polygons
2026-09-09 20:59:11 +0200: Memory Usage (465504K) : radhard_drw has 0 polygons
2026-09-09 20:59:11 +0200: Memory Usage (465504K) : memcap_drw has 0 polygons
2026-09-09 20:59:11 +0200: Memory Usage (465664K) : varicap_drw has 0 polygons
2026-09-09 20:59:11 +0200: Memory Usage (465664K) : flash_drw has 0 polygons
2026-09-09 20:59:11 +0200: Memory Usage (465824K) : intbondvia_drw has 0 polygons
2026-09-09 20:59:11 +0200: Memory Usage (465824K) : intbondmet_drw has 0 polygons
2026-09-09 20:59:11 +0200: Memory Usage (465824K) : devbondvia_drw has 0 polygons
2026-09-09 20:59:11 +0200: Memory Usage (465984K) : devbondmet_drw has 0 polygons
2026-09-09 20:59:11 +0200: Memory Usage (465984K) : devtrench_drw has 0 polygons
2026-09-09 20:59:11 +0200: Memory Usage (465984K) : redist_drw has 0 polygons
2026-09-09 20:59:11 +0200: Memory Usage (466144K) : graphbot_drw has 0 polygons
2026-09-09 20:59:11 +0200: Memory Usage (466144K) : graphtop_drw has 0 polygons
2026-09-09 20:59:11 +0200: Memory Usage (466144K) : antvia1_drw has 0 polygons
2026-09-09 20:59:11 +0200: Memory Usage (466304K) : antmetal2_drw has 0 polygons
2026-09-09 20:59:11 +0200: Memory Usage (466304K) : graphcont_drw has 0 polygons
2026-09-09 20:59:11 +0200: Memory Usage (466304K) : siwg_drw has 0 polygons
2026-09-09 20:59:11 +0200: Memory Usage (466464K) : siwg_filler has 0 polygons
2026-09-09 20:59:11 +0200: Memory Usage (466464K) : siwg_nofill has 0 polygons
2026-09-09 20:59:11 +0200: Memory Usage (466464K) : sigrating_drw has 0 polygons
2026-09-09 20:59:11 +0200: Memory Usage (466624K) : singrating_drw has 0 polygons
2026-09-09 20:59:11 +0200: Memory Usage (466624K) : graphpas_drw has 0 polygons
2026-09-09 20:59:11 +0200: Memory Usage (466624K) : emwind3_drw has 0 polygons
2026-09-09 20:59:11 +0200: Memory Usage (466784K) : emwihv3_drw has 0 polygons
2026-09-09 20:59:11 +0200: Memory Usage (466784K) : redbulay_drw has 0 polygons
2026-09-09 20:59:11 +0200: Memory Usage (466784K) : smos_drw has 0 polygons
2026-09-09 20:59:11 +0200: Memory Usage (466784K) : graphpad_drw has 0 polygons
2026-09-09 20:59:11 +0200: Memory Usage (466784K) : polimide_drw has 0 polygons
2026-09-09 20:59:11 +0200: Memory Usage (466944K) : polimide_pin has 0 polygons
2026-09-09 20:59:11 +0200: Memory Usage (466944K) : recog_drw has 0 polygons
2026-09-09 20:59:11 +0200: Memory Usage (466944K) : recog_pin has 0 polygons
2026-09-09 20:59:11 +0200: Memory Usage (466944K) : recog_esd has 0 polygons
2026-09-09 20:59:11 +0200: Memory Usage (467104K) : recog_diode has 0 polygons
2026-09-09 20:59:11 +0200: Memory Usage (467104K) : recog_tsv has 0 polygons
2026-09-09 20:59:11 +0200: Memory Usage (467104K) : recog_iprobe has 0 polygons
2026-09-09 20:59:11 +0200: Memory Usage (467264K) : recog_diffprb has 0 polygons
2026-09-09 20:59:11 +0200: Memory Usage (467264K) : recog_pillar has 0 polygons
2026-09-09 20:59:11 +0200: Memory Usage (467264K) : recog_sbump has 0 polygons
2026-09-09 20:59:11 +0200: Memory Usage (467424K) : recog_otp has 0 polygons
2026-09-09 20:59:11 +0200: Memory Usage (467424K) : recog_pdiode has 0 polygons
2026-09-09 20:59:11 +0200: Memory Usage (467424K) : recog_mom has 0 polygons
2026-09-09 20:59:11 +0200: Memory Usage (467584K) : recog_pcm has 0 polygons
2026-09-09 20:59:11 +0200: Memory Usage (467584K) : colopen_drw has 0 polygons
2026-09-09 20:59:11 +0200: Memory Usage (467584K) : graphmetal1_drw has 0 polygons
2026-09-09 20:59:11 +0200: Memory Usage (467744K) : graphmetal1_filler has 0 polygons
2026-09-09 20:59:11 +0200: Memory Usage (467744K) : graphmetal1_nofill has 0 polygons
2026-09-09 20:59:11 +0200: Memory Usage (467744K) : graphmetal1_slit has 0 polygons
2026-09-09 20:59:11 +0200: Memory Usage (467904K) : graphmetal1_opc has 0 polygons
2026-09-09 20:59:11 +0200: Memory Usage (467904K) : graphmet1l_drw has 0 polygons
2026-09-09 20:59:11 +0200: Memory Usage (467904K) : graphmet1l_filler has 0 polygons
2026-09-09 20:59:11 +0200: Memory Usage (468064K) : graphmet1l_nofill has 0 polygons
2026-09-09 20:59:11 +0200: Memory Usage (468064K) : graphmet1l_slit has 0 polygons
2026-09-09 20:59:11 +0200: Memory Usage (468064K) : graphmet1l_opc has 0 polygons
2026-09-09 20:59:11 +0200: Memory Usage (468224K) : extblock_drw has 0 polygons
2026-09-09 20:59:11 +0200: Memory Usage (468224K) : nldd_drw has 0 polygons
2026-09-09 20:59:11 +0200: Memory Usage (468224K) : pldd_drw has 0 polygons
2026-09-09 20:59:11 +0200: Memory Usage (468384K) : next_drw has 0 polygons
2026-09-09 20:59:11 +0200: Memory Usage (468384K) : pext_drw has 0 polygons
2026-09-09 20:59:11 +0200: Memory Usage (468384K) : nexthv_drw has 0 polygons
2026-09-09 20:59:11 +0200: Memory Usage (468544K) : pexthv_drw has 0 polygons
2026-09-09 20:59:11 +0200: Memory Usage (468544K) : graphgate_drw has 0 polygons
2026-09-09 20:59:11 +0200: Memory Usage (468544K) : sinwg_drw has 0 polygons
2026-09-09 20:59:11 +0200: Memory Usage (468704K) : sinwg_filler has 0 polygons
2026-09-09 20:59:11 +0200: Memory Usage (468704K) : sinwg_nofill has 0 polygons
2026-09-09 20:59:11 +0200: Memory Usage (468704K) : mempad_drw has 0 polygons
2026-09-09 20:59:11 +0200: Memory Usage (468864K) : topvia1_drw has 0 polygons
2026-09-09 20:59:11 +0200: Memory Usage (468864K) : topmetal1_drw has 0 polygons
2026-09-09 20:59:11 +0200: Memory Usage (468864K) : topmetal1_pin has 0 polygons
2026-09-09 20:59:11 +0200: Memory Usage (468864K) : topmetal1_mask has 0 polygons
2026-09-09 20:59:11 +0200: Memory Usage (468864K) : topmetal1_filler has 0 polygons
2026-09-09 20:59:11 +0200: Memory Usage (468864K) : topmetal1_nofill has 0 polygons
2026-09-09 20:59:11 +0200: Memory Usage (468864K) : topmetal1_slit has 0 polygons
2026-09-09 20:59:11 +0200: Memory Usage (468864K) : topmetal1_text has 0 polygons
2026-09-09 20:59:11 +0200: Memory Usage (468864K) : topmetal1_noqrc has 0 polygons
2026-09-09 20:59:11 +0200: Memory Usage (469024K) : topmetal1_res has 0 polygons
2026-09-09 20:59:11 +0200: Memory Usage (469024K) : topmetal1_iprobe has 0 polygons
2026-09-09 20:59:11 +0200: Memory Usage (469024K) : topmetal1_diffprb has 0 polygons
2026-09-09 20:59:11 +0200: Memory Usage (469184K) : inldpwl_drw has 0 polygons
2026-09-09 20:59:11 +0200: Memory Usage (469184K) : polyres_drw has 0 polygons
2026-09-09 20:59:11 +0200: Memory Usage (469184K) : polyres_pin has 0 polygons
2026-09-09 20:59:11 +0200: Memory Usage (469344K) : vmim_drw has 0 polygons
2026-09-09 20:59:11 +0200: Memory Usage (469344K) : nbulaycut_drw has 0 polygons
2026-09-09 20:59:11 +0200: Memory Usage (469344K) : antmetal1_drw has 0 polygons
2026-09-09 20:59:11 +0200: Memory Usage (469504K) : topvia2_drw has 0 polygons
2026-09-09 20:59:11 +0200: Memory Usage (469504K) : topmetal2_drw has 0 polygons
2026-09-09 20:59:11 +0200: Memory Usage (469504K) : topmetal2_pin has 0 polygons
2026-09-09 20:59:11 +0200: Memory Usage (469664K) : topmetal2_mask has 0 polygons
2026-09-09 20:59:11 +0200: Memory Usage (469664K) : topmetal2_filler has 0 polygons
2026-09-09 20:59:11 +0200: Memory Usage (469664K) : topmetal2_nofill has 0 polygons
2026-09-09 20:59:11 +0200: Memory Usage (469824K) : topmetal2_slit has 0 polygons
2026-09-09 20:59:11 +0200: Memory Usage (469824K) : topmetal2_text has 0 polygons
2026-09-09 20:59:11 +0200: Memory Usage (469824K) : topmetal2_noqrc has 0 polygons
2026-09-09 20:59:11 +0200: Memory Usage (469984K) : topmetal2_res has 0 polygons
2026-09-09 20:59:11 +0200: Memory Usage (469984K) : topmetal2_iprobe has 0 polygons
2026-09-09 20:59:11 +0200: Memory Usage (469984K) : topmetal2_diffprb has 0 polygons
2026-09-09 20:59:11 +0200: Memory Usage (470144K) : snsring_drw has 0 polygons
2026-09-09 20:59:11 +0200: Memory Usage (470144K) : sensor_drw has 0 polygons
2026-09-09 20:59:11 +0200: Memory Usage (470144K) : snsarms_drw has 0 polygons
2026-09-09 20:59:11 +0200: Memory Usage (470304K) : snscmosvia_drw has 0 polygons
2026-09-09 20:59:11 +0200: Memory Usage (470304K) : colwind_drw has 0 polygons
2026-09-09 20:59:11 +0200: Memory Usage (470304K) : flm_drw has 0 polygons
2026-09-09 20:59:11 +0200: Memory Usage (470304K) : hafniumox_drw has 0 polygons
2026-09-09 20:59:11 +0200: Memory Usage (470464K) : memvia_drw has 0 polygons
2026-09-09 20:59:11 +0200: Memory Usage (470464K) : thinfilmres_drw has 0 polygons
2026-09-09 20:59:11 +0200: Memory Usage (470464K) : rfmem_drw has 0 polygons
2026-09-09 20:59:11 +0200: Memory Usage (470624K) : norcx_drw has 0 polygons
2026-09-09 20:59:11 +0200: Memory Usage (470624K) : norcx_m2m3 has 0 polygons
2026-09-09 20:59:11 +0200: Memory Usage (470624K) : norcx_m2m4 has 0 polygons
2026-09-09 20:59:11 +0200: Memory Usage (470784K) : norcx_m2m5 has 0 polygons
2026-09-09 20:59:11 +0200: Memory Usage (470784K) : norcx_m2tm1 has 0 polygons
2026-09-09 20:59:11 +0200: Memory Usage (470784K) : norcx_m2tm2 has 0 polygons
2026-09-09 20:59:11 +0200: Memory Usage (470944K) : norcx_m3m4 has 0 polygons
2026-09-09 20:59:11 +0200: Memory Usage (470944K) : norcx_m3m5 has 0 polygons
2026-09-09 20:59:11 +0200: Memory Usage (470944K) : norcx_m3tm1 has 0 polygons
2026-09-09 20:59:11 +0200: Memory Usage (471104K) : norcx_m3tm2 has 0 polygons
2026-09-09 20:59:11 +0200: Memory Usage (471104K) : norcx_m4m5 has 0 polygons
2026-09-09 20:59:11 +0200: Memory Usage (471264K) : norcx_m4tm1 has 0 polygons
2026-09-09 20:59:11 +0200: Memory Usage (471264K) : norcx_m4tm2 has 0 polygons
2026-09-09 20:59:11 +0200: Memory Usage (471264K) : norcx_m5tm1 has 0 polygons
2026-09-09 20:59:11 +0200: Memory Usage (471424K) : norcx_m5tm2 has 0 polygons
2026-09-09 20:59:11 +0200: Memory Usage (471424K) : norcx_tm1tm2 has 0 polygons
2026-09-09 20:59:11 +0200: Memory Usage (471424K) : norcx_m1sub has 0 polygons
2026-09-09 20:59:11 +0200: Memory Usage (471584K) : norcx_m2sub has 0 polygons
2026-09-09 20:59:11 +0200: Memory Usage (471584K) : norcx_m3sub has 0 polygons
2026-09-09 20:59:11 +0200: Memory Usage (471584K) : norcx_m4sub has 0 polygons
2026-09-09 20:59:11 +0200: Memory Usage (471744K) : norcx_m5sub has 0 polygons
2026-09-09 20:59:11 +0200: Memory Usage (471744K) : norcx_tm1sub has 0 polygons
2026-09-09 20:59:11 +0200: Memory Usage (471744K) : norcx_tm2sub has 0 polygons
2026-09-09 20:59:11 +0200: Memory Usage (471904K) : snsbotvia_drw has 0 polygons
2026-09-09 20:59:11 +0200: Memory Usage (471904K) : snstopvia_drw has 0 polygons
2026-09-09 20:59:11 +0200: Memory Usage (471904K) : deepvia_drw has 0 polygons
2026-09-09 20:59:11 +0200: Memory Usage (472064K) : fgetch_drw has 0 polygons
2026-09-09 20:59:11 +0200: Memory Usage (472064K) : ctrgat_drw has 0 polygons
2026-09-09 20:59:11 +0200: Memory Usage (472064K) : fgimp_drw has 0 polygons
2026-09-09 20:59:11 +0200: Memory Usage (472224K) : emwihv_drw has 0 polygons
2026-09-09 20:59:11 +0200: Memory Usage (472224K) : lbe_drw has 0 polygons
2026-09-09 20:59:11 +0200: Memory Usage (472224K) : alcustop_drw has 0 polygons
2026-09-09 20:59:11 +0200: Memory Usage (472384K) : nometfiller_drw has 0 polygons
2026-09-09 20:59:11 +0200: Memory Usage (472384K) : prboundary_drw has 0 polygons
2026-09-09 20:59:11 +0200: Memory Usage (472384K) : exchange0_drw has 0 polygons
2026-09-09 20:59:11 +0200: Memory Usage (472544K) : exchange0_pin has 0 polygons
2026-09-09 20:59:11 +0200: Memory Usage (472544K) : exchange0_text has 0 polygons
2026-09-09 20:59:11 +0200: Memory Usage (472544K) : exchange1_drw has 0 polygons
2026-09-09 20:59:11 +0200: Memory Usage (472704K) : exchange1_pin has 0 polygons
2026-09-09 20:59:11 +0200: Memory Usage (472704K) : exchange1_text has 0 polygons
2026-09-09 20:59:11 +0200: Memory Usage (472704K) : exchange2_drw has 0 polygons
2026-09-09 20:59:11 +0200: Memory Usage (472864K) : exchange2_pin has 0 polygons
2026-09-09 20:59:11 +0200: Memory Usage (472864K) : exchange2_text has 0 polygons
2026-09-09 20:59:11 +0200: Memory Usage (472864K) : exchange3_drw has 0 polygons
2026-09-09 20:59:11 +0200: Memory Usage (472864K) : exchange3_pin has 0 polygons
2026-09-09 20:59:11 +0200: Memory Usage (473024K) : exchange3_text has 0 polygons
2026-09-09 20:59:11 +0200: Memory Usage (473024K) : exchange4_drw has 0 polygons
2026-09-09 20:59:11 +0200: Memory Usage (473024K) : exchange4_pin has 0 polygons
2026-09-09 20:59:11 +0200: Memory Usage (473184K) : exchange4_text has 0 polygons
2026-09-09 20:59:11 +0200: Memory Usage (473184K) : isonwell_drw has 0 polygons
2026-09-09 20:59:11 +0200: Memory Usage (473184K) : Total no. of polygons in the design is 95
2026-09-09 20:59:11 +0200: Memory Usage (473184K) : Loaded TECH DRC rules values from /foss/pdks/ihp-sg13g2/libs.tech/klayout/python/sg13g2_pycell_lib/sg13g2_tech_mod.json
2026-09-09 20:59:11 +0200: Memory Usage (473184K) : Loaded default DRC rules values from /foss/pdks/ihp-sg13g2/libs.tech/klayout/tech/drc/rule_decks/sg13g2_tech_default.json
2026-09-09 20:59:11 +0200: Memory Usage (473184K) : The following rules values were missing in tech json and default values were used:
2026-09-09 20:59:11 +0200: Memory Usage (473344K) :   - NW_f1_digibnd
2026-09-09 20:59:11 +0200: Memory Usage (473344K) :   - Cnt_c_digibnd
2026-09-09 20:59:11 +0200: Memory Usage (473344K) :   - Cnt_c_sram
2026-09-09 20:59:11 +0200: Memory Usage (473344K) :   - Sdiod_b
2026-09-09 20:59:11 +0200: Memory Usage (473344K) :   - Sdiod_c
2026-09-09 20:59:11 +0200: Memory Usage (474500K) : Total area of the design is 18.9648 um^2.
2026-09-09 20:59:11 +0200: Memory Usage (474500K) : The design dimensions are 4.32 µm * 4.39 µm.
2026-09-09 20:59:11 +0200: Memory Usage (474500K) : Starting general IHP-SG13G2 derivations.
2026-09-09 20:59:11 +0200: Memory Usage (474500K) : Starting Pwell derivations
2026-09-09 20:59:11 +0200: Memory Usage (476740K) : Starting pad general derivations
2026-09-09 20:59:11 +0200: Memory Usage (476740K) : Starting IHP-SG13G2 DRC rules.
2026-09-09 20:59:11 +0200: Memory Usage (476740K) : Starting 6.9.2 Copper Pillar table
2026-09-09 20:59:11 +0200: Memory Usage (476740K) : Executing rule Padc.a
2026-09-09 20:59:11 +0200: Memory Usage (476944K) : Executing rule Padc.b
2026-09-09 20:59:11 +0200: Memory Usage (476944K) : Executing rule Padc.c
2026-09-09 20:59:11 +0200: Memory Usage (476944K) : Executing rule Padb.f
2026-09-09 20:59:11 +0200: Memory Usage (476944K) : KLayout DRC run for tables 'copperpillar' completed in 0.18 seconds
