# Logfile created on 2026-09-09 20:59:07 +0200 by logger.rb/v1.5.3
2026-09-09 20:59:07 +0200: Memory Usage (457064K) : Starting running IHP-SG13G2 KLayout DRC runset on /foss/designs/aion_chip/flow/regress/AION_a21oi_nor2_1/AION_a21oi_nor2_1.gds
2026-09-09 20:59:07 +0200: Memory Usage (457064K) : Ruby Version for klayout: 3.2.3
2026-09-09 20:59:07 +0200: Memory Usage (458024K) : Loading database to memory is complete.
2026-09-09 20:59:07 +0200: Memory Usage (458024K) : IHP-SG13G2 KLayout DRC runset output at: /foss/designs/aion_chip/flow/regress/AION_a21oi_nor2_1/drc/AION_a21oi_nor2_1.klayout.drc/AION_a21oi_nor2_1_AION_a21oi_nor2_1_schottkydiode.lyrdb
2026-09-09 20:59:07 +0200: Memory Usage (458024K) : Evaluate switches.
2026-09-09 20:59:07 +0200: Memory Usage (458024K) : tables selected: schottkydiode
2026-09-09 20:59:07 +0200: Memory Usage (458024K) : KLayout will use 15 thread(s) in tiling mode.
2026-09-09 20:59:07 +0200: Memory Usage (458024K) : deep mode is enabled.
2026-09-09 20:59:07 +0200: Memory Usage (458024K) : FEOL enabled: false
2026-09-09 20:59:07 +0200: Memory Usage (458024K) : BEOL enabled: false
2026-09-09 20:59:07 +0200: Memory Usage (458024K) : OFFGRID enabled: true
2026-09-09 20:59:07 +0200: Memory Usage (458024K) : ANGLE enabled: true
2026-09-09 20:59:07 +0200: Memory Usage (458024K) : PIN enabled: false
2026-09-09 20:59:07 +0200: Memory Usage (458024K) : FORBIDDEN enabled: false
2026-09-09 20:59:07 +0200: Memory Usage (458024K) : RECOMMENDED enabled: true
2026-09-09 20:59:07 +0200: Memory Usage (458024K) : PreCheck DRC enabled: false
2026-09-09 20:59:07 +0200: Memory Usage (458024K) : CONNECTIVITY_RULES enabled: false.
2026-09-09 20:59:07 +0200: Memory Usage (458024K) : Read in polygons from layers.
2026-09-09 20:59:07 +0200: Memory Usage (459152K) : activ_drw has 5 polygons
2026-09-09 20:59:07 +0200: Memory Usage (459152K) : activ_pin has 0 polygons
2026-09-09 20:59:07 +0200: Memory Usage (459152K) : activ_mask has 0 polygons
2026-09-09 20:59:07 +0200: Memory Usage (459152K) : activ_filler has 0 polygons
2026-09-09 20:59:07 +0200: Memory Usage (459152K) : activ_nofill has 0 polygons
2026-09-09 20:59:07 +0200: Memory Usage (459152K) : activ_opc has 0 polygons
2026-09-09 20:59:07 +0200: Memory Usage (459152K) : activ_iopc has 0 polygons
2026-09-09 20:59:07 +0200: Memory Usage (459152K) : activ_noqrc has 0 polygons
2026-09-09 20:59:07 +0200: Memory Usage (459152K) : biwind_drw has 0 polygons
2026-09-09 20:59:07 +0200: Memory Usage (459152K) : biwind_opc has 0 polygons
2026-09-09 20:59:07 +0200: Memory Usage (459152K) : pemwind_drw has 0 polygons
2026-09-09 20:59:07 +0200: Memory Usage (459152K) : gatpoly_drw has 10 polygons
2026-09-09 20:59:07 +0200: Memory Usage (459152K) : gatpoly_pin has 0 polygons
2026-09-09 20:59:07 +0200: Memory Usage (459152K) : gatpoly_filler has 0 polygons
2026-09-09 20:59:07 +0200: Memory Usage (459152K) : gatpoly_nofill has 0 polygons
2026-09-09 20:59:07 +0200: Memory Usage (459152K) : gatpoly_opc has 0 polygons
2026-09-09 20:59:07 +0200: Memory Usage (459152K) : gatpoly_iopc has 0 polygons
2026-09-09 20:59:07 +0200: Memory Usage (459152K) : gatpoly_noqrc has 0 polygons
2026-09-09 20:59:07 +0200: Memory Usage (459152K) : cont_drw has 40 polygons
2026-09-09 20:59:07 +0200: Memory Usage (459312K) : cont_opc has 0 polygons
2026-09-09 20:59:07 +0200: Memory Usage (459312K) : nsd_drw has 0 polygons
2026-09-09 20:59:07 +0200: Memory Usage (459312K) : nsd_block has 0 polygons
2026-09-09 20:59:07 +0200: Memory Usage (459312K) : metal1_drw has 23 polygons
2026-09-09 20:59:07 +0200: Memory Usage (459312K) : metal1_pin has 7 polygons
2026-09-09 20:59:07 +0200: Memory Usage (459312K) : metal1_mask has 0 polygons
2026-09-09 20:59:07 +0200: Memory Usage (459312K) : metal1_filler has 0 polygons
2026-09-09 20:59:07 +0200: Memory Usage (459472K) : metal1_nofill has 0 polygons
2026-09-09 20:59:07 +0200: Memory Usage (459472K) : metal1_slit has 0 polygons
2026-09-09 20:59:07 +0200: Memory Usage (459664K) : metal1_text has 7 polygons
2026-09-09 20:59:07 +0200: Memory Usage (459824K) : metal1_opc has 0 polygons
2026-09-09 20:59:07 +0200: Memory Usage (459824K) : metal1_noqrc has 0 polygons
2026-09-09 20:59:07 +0200: Memory Usage (459824K) : metal1_res has 0 polygons
2026-09-09 20:59:07 +0200: Memory Usage (459984K) : metal1_iprobe has 0 polygons
2026-09-09 20:59:07 +0200: Memory Usage (459984K) : metal1_diffprb has 0 polygons
2026-09-09 20:59:07 +0200: Memory Usage (460144K) : passiv_drw has 0 polygons
2026-09-09 20:59:07 +0200: Memory Usage (460144K) : passiv_pin has 0 polygons
2026-09-09 20:59:07 +0200: Memory Usage (460144K) : passiv_sbump has 0 polygons
2026-09-09 20:59:07 +0200: Memory Usage (460304K) : passiv_pillar has 0 polygons
2026-09-09 20:59:07 +0200: Memory Usage (460304K) : passiv_pdl has 0 polygons
2026-09-09 20:59:07 +0200: Memory Usage (460304K) : metal2_drw has 0 polygons
2026-09-09 20:59:07 +0200: Memory Usage (460304K) : metal2_pin has 0 polygons
2026-09-09 20:59:07 +0200: Memory Usage (460304K) : metal2_mask has 0 polygons
2026-09-09 20:59:07 +0200: Memory Usage (460304K) : metal2_filler has 0 polygons
2026-09-09 20:59:07 +0200: Memory Usage (460304K) : metal2_nofill has 0 polygons
2026-09-09 20:59:07 +0200: Memory Usage (460304K) : metal2_slit has 0 polygons
2026-09-09 20:59:07 +0200: Memory Usage (460304K) : metal2_text has 0 polygons
2026-09-09 20:59:07 +0200: Memory Usage (460304K) : metal2_opc has 0 polygons
2026-09-09 20:59:07 +0200: Memory Usage (460464K) : metal2_noqrc has 0 polygons
2026-09-09 20:59:07 +0200: Memory Usage (460464K) : metal2_res has 0 polygons
2026-09-09 20:59:07 +0200: Memory Usage (460464K) : metal2_iprobe has 0 polygons
2026-09-09 20:59:07 +0200: Memory Usage (460464K) : metal2_diffprb has 0 polygons
2026-09-09 20:59:07 +0200: Memory Usage (460624K) : baspoly_drw has 0 polygons
2026-09-09 20:59:07 +0200: Memory Usage (460624K) : baspoly_pin has 0 polygons
2026-09-09 20:59:07 +0200: Memory Usage (460624K) : psd_drw has 2 polygons
2026-09-09 20:59:07 +0200: Memory Usage (460784K) : nldb_drw has 0 polygons
2026-09-09 20:59:07 +0200: Memory Usage (460784K) : digibnd_drw has 0 polygons
2026-09-09 20:59:08 +0200: Memory Usage (460784K) : via1_drw has 0 polygons
2026-09-09 20:59:08 +0200: Memory Usage (460944K) : backmetal1_drw has 0 polygons
2026-09-09 20:59:08 +0200: Memory Usage (460944K) : backmetal1_pin has 0 polygons
2026-09-09 20:59:08 +0200: Memory Usage (460944K) : backmetal1_mask has 0 polygons
2026-09-09 20:59:08 +0200: Memory Usage (461104K) : backmetal1_filler has 0 polygons
2026-09-09 20:59:08 +0200: Memory Usage (461104K) : backmetal1_nofill has 0 polygons
2026-09-09 20:59:08 +0200: Memory Usage (461104K) : backmetal1_slit has 0 polygons
2026-09-09 20:59:08 +0200: Memory Usage (461264K) : backmetal1_text has 0 polygons
2026-09-09 20:59:08 +0200: Memory Usage (461264K) : backmetal1_opc has 0 polygons
2026-09-09 20:59:08 +0200: Memory Usage (461264K) : backmetal1_noqrc has 0 polygons
2026-09-09 20:59:08 +0200: Memory Usage (461424K) : backmetal1_res has 0 polygons
2026-09-09 20:59:08 +0200: Memory Usage (461424K) : backmetal1_iprobe has 0 polygons
2026-09-09 20:59:08 +0200: Memory Usage (461584K) : backmetal1_diffprb has 0 polygons
2026-09-09 20:59:08 +0200: Memory Usage (461584K) : backpassiv_drw has 0 polygons
2026-09-09 20:59:08 +0200: Memory Usage (461744K) : res_drw has 0 polygons
2026-09-09 20:59:08 +0200: Memory Usage (461744K) : sram_drw has 0 polygons
2026-09-09 20:59:08 +0200: Memory Usage (461904K) : trans_drw has 0 polygons
2026-09-09 20:59:08 +0200: Memory Usage (461904K) : ind_drw has 0 polygons
2026-09-09 20:59:08 +0200: Memory Usage (461904K) : ind_pin has 0 polygons
2026-09-09 20:59:08 +0200: Memory Usage (462064K) : ind_text has 0 polygons
2026-09-09 20:59:08 +0200: Memory Usage (462064K) : salblock_drw has 0 polygons
2026-09-09 20:59:08 +0200: Memory Usage (462064K) : via2_drw has 0 polygons
2026-09-09 20:59:08 +0200: Memory Usage (462224K) : metal3_drw has 0 polygons
2026-09-09 20:59:08 +0200: Memory Usage (462224K) : metal3_pin has 0 polygons
2026-09-09 20:59:08 +0200: Memory Usage (462224K) : metal3_mask has 0 polygons
2026-09-09 20:59:08 +0200: Memory Usage (462384K) : metal3_filler has 0 polygons
2026-09-09 20:59:08 +0200: Memory Usage (462384K) : metal3_nofill has 0 polygons
2026-09-09 20:59:08 +0200: Memory Usage (462384K) : metal3_slit has 0 polygons
2026-09-09 20:59:08 +0200: Memory Usage (462544K) : metal3_text has 0 polygons
2026-09-09 20:59:08 +0200: Memory Usage (462544K) : metal3_opc has 0 polygons
2026-09-09 20:59:08 +0200: Memory Usage (462704K) : metal3_noqrc has 0 polygons
2026-09-09 20:59:08 +0200: Memory Usage (462704K) : metal3_res has 0 polygons
2026-09-09 20:59:08 +0200: Memory Usage (462704K) : metal3_iprobe has 0 polygons
2026-09-09 20:59:08 +0200: Memory Usage (462704K) : metal3_diffprb has 0 polygons
2026-09-09 20:59:08 +0200: Memory Usage (462864K) : nwell_drw has 1 polygons
2026-09-09 20:59:08 +0200: Memory Usage (462864K) : nwell_pin has 0 polygons
2026-09-09 20:59:08 +0200: Memory Usage (462864K) : nbulay_drw has 0 polygons
2026-09-09 20:59:08 +0200: Memory Usage (462864K) : nbulay_pin has 0 polygons
2026-09-09 20:59:08 +0200: Memory Usage (463024K) : nbulay_block has 0 polygons
2026-09-09 20:59:08 +0200: Memory Usage (463024K) : emwind_drw has 0 polygons
2026-09-09 20:59:08 +0200: Memory Usage (463024K) : emwind_opc has 0 polygons
2026-09-09 20:59:08 +0200: Memory Usage (463024K) : deepco_drw has 0 polygons
2026-09-09 20:59:08 +0200: Memory Usage (463184K) : deepco_drw has 0 polygons
2026-09-09 20:59:08 +0200: Memory Usage (463184K) : mim_drw has 0 polygons
2026-09-09 20:59:08 +0200: Memory Usage (463184K) : edgeseal_drw has 0 polygons
2026-09-09 20:59:08 +0200: Memory Usage (463184K) : edgeseal_bound has 0 polygons
2026-09-09 20:59:08 +0200: Memory Usage (463184K) : substrate_drw has 0 polygons
2026-09-09 20:59:08 +0200: Memory Usage (463344K) : substrate_text has 0 polygons
2026-09-09 20:59:08 +0200: Memory Usage (463344K) : dfpad_drw has 0 polygons
2026-09-09 20:59:08 +0200: Memory Usage (463344K) : dfpad_pillar has 0 polygons
2026-09-09 20:59:08 +0200: Memory Usage (463504K) : dfpad_sbump has 0 polygons
2026-09-09 20:59:08 +0200: Memory Usage (463504K) : thickgateox_drw has 0 polygons
2026-09-09 20:59:08 +0200: Memory Usage (463504K) : pldb_drw has 0 polygons
2026-09-09 20:59:08 +0200: Memory Usage (463664K) : pwell_drw has 0 polygons
2026-09-09 20:59:08 +0200: Memory Usage (463664K) : pwell_pin has 0 polygons
2026-09-09 20:59:08 +0200: Memory Usage (463664K) : pwell_block has 0 polygons
2026-09-09 20:59:08 +0200: Memory Usage (463824K) : ic_drw has 0 polygons
2026-09-09 20:59:08 +0200: Memory Usage (463824K) : via3_drw has 0 polygons
2026-09-09 20:59:08 +0200: Memory Usage (463824K) : metal4_drw has 0 polygons
2026-09-09 20:59:08 +0200: Memory Usage (463984K) : metal4_pin has 0 polygons
2026-09-09 20:59:08 +0200: Memory Usage (463984K) : metal4_mask has 0 polygons
2026-09-09 20:59:08 +0200: Memory Usage (463984K) : metal4_filler has 0 polygons
2026-09-09 20:59:08 +0200: Memory Usage (464144K) : metal4_nofill has 0 polygons
2026-09-09 20:59:08 +0200: Memory Usage (464144K) : metal4_slit has 0 polygons
2026-09-09 20:59:08 +0200: Memory Usage (464144K) : metal4_text has 0 polygons
2026-09-09 20:59:08 +0200: Memory Usage (464304K) : metal4_opc has 0 polygons
2026-09-09 20:59:08 +0200: Memory Usage (464304K) : metal4_noqrc has 0 polygons
2026-09-09 20:59:08 +0200: Memory Usage (464304K) : metal4_res has 0 polygons
2026-09-09 20:59:08 +0200: Memory Usage (464464K) : metal4_iprobe has 0 polygons
2026-09-09 20:59:08 +0200: Memory Usage (464464K) : metal4_diffprb has 0 polygons
2026-09-09 20:59:08 +0200: Memory Usage (464464K) : heattrans_drw has 0 polygons
2026-09-09 20:59:08 +0200: Memory Usage (464624K) : heatres_drw has 0 polygons
2026-09-09 20:59:08 +0200: Memory Usage (464624K) : pempoly_drw has 0 polygons
2026-09-09 20:59:08 +0200: Memory Usage (464624K) : fbe_drw has 0 polygons
2026-09-09 20:59:08 +0200: Memory Usage (464784K) : empoly_drw has 0 polygons
2026-09-09 20:59:08 +0200: Memory Usage (464784K) : ldmos_drw has 0 polygons
2026-09-09 20:59:08 +0200: Memory Usage (464784K) : pbiwind_drw has 0 polygons
2026-09-09 20:59:08 +0200: Memory Usage (464784K) : digisub_drw has 0 polygons
2026-09-09 20:59:08 +0200: Memory Usage (464944K) : nodrc_drw has 0 polygons
2026-09-09 20:59:08 +0200: Memory Usage (464944K) : text_drw has 0 polygons
2026-09-09 20:59:08 +0200: Memory Usage (464944K) : via4_drw has 0 polygons
2026-09-09 20:59:08 +0200: Memory Usage (464944K) : metal5_drw has 0 polygons
2026-09-09 20:59:08 +0200: Memory Usage (465104K) : metal5_pin has 0 polygons
2026-09-09 20:59:08 +0200: Memory Usage (465104K) : metal5_mask has 0 polygons
2026-09-09 20:59:08 +0200: Memory Usage (465104K) : metal5_filler has 0 polygons
2026-09-09 20:59:08 +0200: Memory Usage (465264K) : metal5_nofill has 0 polygons
2026-09-09 20:59:08 +0200: Memory Usage (465264K) : metal5_slit has 0 polygons
2026-09-09 20:59:08 +0200: Memory Usage (465264K) : metal5_text has 0 polygons
2026-09-09 20:59:08 +0200: Memory Usage (465424K) : metal5_opc has 0 polygons
2026-09-09 20:59:08 +0200: Memory Usage (465424K) : metal5_noqrc has 0 polygons
2026-09-09 20:59:08 +0200: Memory Usage (465424K) : metal5_res has 0 polygons
2026-09-09 20:59:08 +0200: Memory Usage (465584K) : metal5_iprobe has 0 polygons
2026-09-09 20:59:08 +0200: Memory Usage (465584K) : metal5_diffprb has 0 polygons
2026-09-09 20:59:08 +0200: Memory Usage (465584K) : radhard_drw has 0 polygons
2026-09-09 20:59:08 +0200: Memory Usage (465744K) : memcap_drw has 0 polygons
2026-09-09 20:59:08 +0200: Memory Usage (465744K) : varicap_drw has 0 polygons
2026-09-09 20:59:08 +0200: Memory Usage (465744K) : flash_drw has 0 polygons
2026-09-09 20:59:08 +0200: Memory Usage (465904K) : intbondvia_drw has 0 polygons
2026-09-09 20:59:08 +0200: Memory Usage (465904K) : intbondmet_drw has 0 polygons
2026-09-09 20:59:08 +0200: Memory Usage (465904K) : devbondvia_drw has 0 polygons
2026-09-09 20:59:08 +0200: Memory Usage (466064K) : devbondmet_drw has 0 polygons
2026-09-09 20:59:08 +0200: Memory Usage (466064K) : devtrench_drw has 0 polygons
2026-09-09 20:59:08 +0200: Memory Usage (466064K) : redist_drw has 0 polygons
2026-09-09 20:59:08 +0200: Memory Usage (466224K) : graphbot_drw has 0 polygons
2026-09-09 20:59:08 +0200: Memory Usage (466224K) : graphtop_drw has 0 polygons
2026-09-09 20:59:08 +0200: Memory Usage (466224K) : antvia1_drw has 0 polygons
2026-09-09 20:59:08 +0200: Memory Usage (466384K) : antmetal2_drw has 0 polygons
2026-09-09 20:59:08 +0200: Memory Usage (466384K) : graphcont_drw has 0 polygons
2026-09-09 20:59:08 +0200: Memory Usage (466384K) : siwg_drw has 0 polygons
2026-09-09 20:59:08 +0200: Memory Usage (466544K) : siwg_filler has 0 polygons
2026-09-09 20:59:08 +0200: Memory Usage (466544K) : siwg_nofill has 0 polygons
2026-09-09 20:59:08 +0200: Memory Usage (466544K) : sigrating_drw has 0 polygons
2026-09-09 20:59:08 +0200: Memory Usage (466704K) : singrating_drw has 0 polygons
2026-09-09 20:59:08 +0200: Memory Usage (466704K) : graphpas_drw has 0 polygons
2026-09-09 20:59:08 +0200: Memory Usage (466704K) : emwind3_drw has 0 polygons
2026-09-09 20:59:08 +0200: Memory Usage (466704K) : emwihv3_drw has 0 polygons
2026-09-09 20:59:08 +0200: Memory Usage (466864K) : redbulay_drw has 0 polygons
2026-09-09 20:59:08 +0200: Memory Usage (466864K) : smos_drw has 0 polygons
2026-09-09 20:59:08 +0200: Memory Usage (466864K) : graphpad_drw has 0 polygons
2026-09-09 20:59:08 +0200: Memory Usage (466864K) : polimide_drw has 0 polygons
2026-09-09 20:59:08 +0200: Memory Usage (467024K) : polimide_pin has 0 polygons
2026-09-09 20:59:08 +0200: Memory Usage (467024K) : recog_drw has 0 polygons
2026-09-09 20:59:08 +0200: Memory Usage (467024K) : recog_pin has 0 polygons
2026-09-09 20:59:08 +0200: Memory Usage (467184K) : recog_esd has 0 polygons
2026-09-09 20:59:08 +0200: Memory Usage (467184K) : recog_diode has 0 polygons
2026-09-09 20:59:08 +0200: Memory Usage (467184K) : recog_tsv has 0 polygons
2026-09-09 20:59:08 +0200: Memory Usage (467184K) : recog_iprobe has 0 polygons
2026-09-09 20:59:08 +0200: Memory Usage (467344K) : recog_diffprb has 0 polygons
2026-09-09 20:59:08 +0200: Memory Usage (467344K) : recog_pillar has 0 polygons
2026-09-09 20:59:08 +0200: Memory Usage (467504K) : recog_sbump has 0 polygons
2026-09-09 20:59:08 +0200: Memory Usage (467504K) : recog_otp has 0 polygons
2026-09-09 20:59:08 +0200: Memory Usage (467504K) : recog_pdiode has 0 polygons
2026-09-09 20:59:08 +0200: Memory Usage (467504K) : recog_mom has 0 polygons
2026-09-09 20:59:08 +0200: Memory Usage (467664K) : recog_pcm has 0 polygons
2026-09-09 20:59:08 +0200: Memory Usage (467664K) : colopen_drw has 0 polygons
2026-09-09 20:59:08 +0200: Memory Usage (467824K) : graphmetal1_drw has 0 polygons
2026-09-09 20:59:08 +0200: Memory Usage (467824K) : graphmetal1_filler has 0 polygons
2026-09-09 20:59:08 +0200: Memory Usage (467824K) : graphmetal1_nofill has 0 polygons
2026-09-09 20:59:08 +0200: Memory Usage (467984K) : graphmetal1_slit has 0 polygons
2026-09-09 20:59:08 +0200: Memory Usage (467984K) : graphmetal1_opc has 0 polygons
2026-09-09 20:59:08 +0200: Memory Usage (467984K) : graphmet1l_drw has 0 polygons
2026-09-09 20:59:08 +0200: Memory Usage (468144K) : graphmet1l_filler has 0 polygons
2026-09-09 20:59:08 +0200: Memory Usage (468144K) : graphmet1l_nofill has 0 polygons
2026-09-09 20:59:08 +0200: Memory Usage (468144K) : graphmet1l_slit has 0 polygons
2026-09-09 20:59:08 +0200: Memory Usage (468304K) : graphmet1l_opc has 0 polygons
2026-09-09 20:59:08 +0200: Memory Usage (468304K) : extblock_drw has 0 polygons
2026-09-09 20:59:08 +0200: Memory Usage (468304K) : nldd_drw has 0 polygons
2026-09-09 20:59:08 +0200: Memory Usage (468464K) : pldd_drw has 0 polygons
2026-09-09 20:59:08 +0200: Memory Usage (468464K) : next_drw has 0 polygons
2026-09-09 20:59:08 +0200: Memory Usage (468464K) : pext_drw has 0 polygons
2026-09-09 20:59:08 +0200: Memory Usage (468624K) : nexthv_drw has 0 polygons
2026-09-09 20:59:08 +0200: Memory Usage (468624K) : pexthv_drw has 0 polygons
2026-09-09 20:59:08 +0200: Memory Usage (468624K) : graphgate_drw has 0 polygons
2026-09-09 20:59:08 +0200: Memory Usage (468784K) : sinwg_drw has 0 polygons
2026-09-09 20:59:08 +0200: Memory Usage (468784K) : sinwg_filler has 0 polygons
2026-09-09 20:59:08 +0200: Memory Usage (468784K) : sinwg_nofill has 0 polygons
2026-09-09 20:59:08 +0200: Memory Usage (468944K) : mempad_drw has 0 polygons
2026-09-09 20:59:08 +0200: Memory Usage (468944K) : topvia1_drw has 0 polygons
2026-09-09 20:59:08 +0200: Memory Usage (468944K) : topmetal1_drw has 0 polygons
2026-09-09 20:59:08 +0200: Memory Usage (468944K) : topmetal1_pin has 0 polygons
2026-09-09 20:59:08 +0200: Memory Usage (468944K) : topmetal1_mask has 0 polygons
2026-09-09 20:59:08 +0200: Memory Usage (468944K) : topmetal1_filler has 0 polygons
2026-09-09 20:59:08 +0200: Memory Usage (468944K) : topmetal1_nofill has 0 polygons
2026-09-09 20:59:08 +0200: Memory Usage (468944K) : topmetal1_slit has 0 polygons
2026-09-09 20:59:08 +0200: Memory Usage (468944K) : topmetal1_text has 0 polygons
2026-09-09 20:59:08 +0200: Memory Usage (468944K) : topmetal1_noqrc has 0 polygons
2026-09-09 20:59:08 +0200: Memory Usage (469104K) : topmetal1_res has 0 polygons
2026-09-09 20:59:08 +0200: Memory Usage (469104K) : topmetal1_iprobe has 0 polygons
2026-09-09 20:59:08 +0200: Memory Usage (469104K) : topmetal1_diffprb has 0 polygons
2026-09-09 20:59:08 +0200: Memory Usage (469264K) : inldpwl_drw has 0 polygons
2026-09-09 20:59:08 +0200: Memory Usage (469264K) : polyres_drw has 0 polygons
2026-09-09 20:59:08 +0200: Memory Usage (469264K) : polyres_pin has 0 polygons
2026-09-09 20:59:08 +0200: Memory Usage (469424K) : vmim_drw has 0 polygons
2026-09-09 20:59:08 +0200: Memory Usage (469424K) : nbulaycut_drw has 0 polygons
2026-09-09 20:59:08 +0200: Memory Usage (469424K) : antmetal1_drw has 0 polygons
2026-09-09 20:59:08 +0200: Memory Usage (469584K) : topvia2_drw has 0 polygons
2026-09-09 20:59:08 +0200: Memory Usage (469584K) : topmetal2_drw has 0 polygons
2026-09-09 20:59:08 +0200: Memory Usage (469584K) : topmetal2_pin has 0 polygons
2026-09-09 20:59:08 +0200: Memory Usage (469744K) : topmetal2_mask has 0 polygons
2026-09-09 20:59:08 +0200: Memory Usage (469744K) : topmetal2_filler has 0 polygons
2026-09-09 20:59:08 +0200: Memory Usage (469744K) : topmetal2_nofill has 0 polygons
2026-09-09 20:59:08 +0200: Memory Usage (469904K) : topmetal2_slit has 0 polygons
2026-09-09 20:59:08 +0200: Memory Usage (469904K) : topmetal2_text has 0 polygons
2026-09-09 20:59:08 +0200: Memory Usage (469904K) : topmetal2_noqrc has 0 polygons
2026-09-09 20:59:08 +0200: Memory Usage (470064K) : topmetal2_res has 0 polygons
2026-09-09 20:59:08 +0200: Memory Usage (470064K) : topmetal2_iprobe has 0 polygons
2026-09-09 20:59:08 +0200: Memory Usage (470064K) : topmetal2_diffprb has 0 polygons
2026-09-09 20:59:08 +0200: Memory Usage (470224K) : snsring_drw has 0 polygons
2026-09-09 20:59:08 +0200: Memory Usage (470224K) : sensor_drw has 0 polygons
2026-09-09 20:59:08 +0200: Memory Usage (470224K) : snsarms_drw has 0 polygons
2026-09-09 20:59:08 +0200: Memory Usage (470384K) : snscmosvia_drw has 0 polygons
2026-09-09 20:59:08 +0200: Memory Usage (470384K) : colwind_drw has 0 polygons
2026-09-09 20:59:08 +0200: Memory Usage (470384K) : flm_drw has 0 polygons
2026-09-09 20:59:08 +0200: Memory Usage (470544K) : hafniumox_drw has 0 polygons
2026-09-09 20:59:08 +0200: Memory Usage (470544K) : memvia_drw has 0 polygons
2026-09-09 20:59:08 +0200: Memory Usage (470544K) : thinfilmres_drw has 0 polygons
2026-09-09 20:59:08 +0200: Memory Usage (470704K) : rfmem_drw has 0 polygons
2026-09-09 20:59:08 +0200: Memory Usage (470704K) : norcx_drw has 0 polygons
2026-09-09 20:59:08 +0200: Memory Usage (470704K) : norcx_m2m3 has 0 polygons
2026-09-09 20:59:08 +0200: Memory Usage (470864K) : norcx_m2m4 has 0 polygons
2026-09-09 20:59:08 +0200: Memory Usage (470864K) : norcx_m2m5 has 0 polygons
2026-09-09 20:59:08 +0200: Memory Usage (470864K) : norcx_m2tm1 has 0 polygons
2026-09-09 20:59:08 +0200: Memory Usage (471024K) : norcx_m2tm2 has 0 polygons
2026-09-09 20:59:08 +0200: Memory Usage (471024K) : norcx_m3m4 has 0 polygons
2026-09-09 20:59:08 +0200: Memory Usage (471024K) : norcx_m3m5 has 0 polygons
2026-09-09 20:59:08 +0200: Memory Usage (471184K) : norcx_m3tm1 has 0 polygons
2026-09-09 20:59:08 +0200: Memory Usage (471184K) : norcx_m3tm2 has 0 polygons
2026-09-09 20:59:08 +0200: Memory Usage (471184K) : norcx_m4m5 has 0 polygons
2026-09-09 20:59:08 +0200: Memory Usage (471344K) : norcx_m4tm1 has 0 polygons
2026-09-09 20:59:08 +0200: Memory Usage (471344K) : norcx_m4tm2 has 0 polygons
2026-09-09 20:59:08 +0200: Memory Usage (471344K) : norcx_m5tm1 has 0 polygons
2026-09-09 20:59:08 +0200: Memory Usage (471504K) : norcx_m5tm2 has 0 polygons
2026-09-09 20:59:08 +0200: Memory Usage (471504K) : norcx_tm1tm2 has 0 polygons
2026-09-09 20:59:08 +0200: Memory Usage (471504K) : norcx_m1sub has 0 polygons
2026-09-09 20:59:08 +0200: Memory Usage (471664K) : norcx_m2sub has 0 polygons
2026-09-09 20:59:08 +0200: Memory Usage (471664K) : norcx_m3sub has 0 polygons
2026-09-09 20:59:08 +0200: Memory Usage (471664K) : norcx_m4sub has 0 polygons
2026-09-09 20:59:08 +0200: Memory Usage (471824K) : norcx_m5sub has 0 polygons
2026-09-09 20:59:08 +0200: Memory Usage (471824K) : norcx_tm1sub has 0 polygons
2026-09-09 20:59:08 +0200: Memory Usage (471824K) : norcx_tm2sub has 0 polygons
2026-09-09 20:59:08 +0200: Memory Usage (471984K) : snsbotvia_drw has 0 polygons
2026-09-09 20:59:08 +0200: Memory Usage (471984K) : snstopvia_drw has 0 polygons
2026-09-09 20:59:08 +0200: Memory Usage (471984K) : deepvia_drw has 0 polygons
2026-09-09 20:59:08 +0200: Memory Usage (472144K) : fgetch_drw has 0 polygons
2026-09-09 20:59:08 +0200: Memory Usage (472144K) : ctrgat_drw has 0 polygons
2026-09-09 20:59:08 +0200: Memory Usage (472144K) : fgimp_drw has 0 polygons
2026-09-09 20:59:08 +0200: Memory Usage (472304K) : emwihv_drw has 0 polygons
2026-09-09 20:59:08 +0200: Memory Usage (472304K) : lbe_drw has 0 polygons
2026-09-09 20:59:08 +0200: Memory Usage (472464K) : alcustop_drw has 0 polygons
2026-09-09 20:59:08 +0200: Memory Usage (472464K) : nometfiller_drw has 0 polygons
2026-09-09 20:59:08 +0200: Memory Usage (472464K) : prboundary_drw has 0 polygons
2026-09-09 20:59:08 +0200: Memory Usage (472624K) : exchange0_drw has 0 polygons
2026-09-09 20:59:08 +0200: Memory Usage (472624K) : exchange0_pin has 0 polygons
2026-09-09 20:59:08 +0200: Memory Usage (472624K) : exchange0_text has 0 polygons
2026-09-09 20:59:08 +0200: Memory Usage (472624K) : exchange1_drw has 0 polygons
2026-09-09 20:59:08 +0200: Memory Usage (472784K) : exchange1_pin has 0 polygons
2026-09-09 20:59:08 +0200: Memory Usage (472784K) : exchange1_text has 0 polygons
2026-09-09 20:59:08 +0200: Memory Usage (472784K) : exchange2_drw has 0 polygons
2026-09-09 20:59:08 +0200: Memory Usage (472944K) : exchange2_pin has 0 polygons
2026-09-09 20:59:08 +0200: Memory Usage (472944K) : exchange2_text has 0 polygons
2026-09-09 20:59:08 +0200: Memory Usage (472944K) : exchange3_drw has 0 polygons
2026-09-09 20:59:08 +0200: Memory Usage (473104K) : exchange3_pin has 0 polygons
2026-09-09 20:59:08 +0200: Memory Usage (473104K) : exchange3_text has 0 polygons
2026-09-09 20:59:08 +0200: Memory Usage (473104K) : exchange4_drw has 0 polygons
2026-09-09 20:59:08 +0200: Memory Usage (473264K) : exchange4_pin has 0 polygons
2026-09-09 20:59:08 +0200: Memory Usage (473264K) : exchange4_text has 0 polygons
2026-09-09 20:59:08 +0200: Memory Usage (473424K) : isonwell_drw has 0 polygons
2026-09-09 20:59:08 +0200: Memory Usage (473424K) : Total no. of polygons in the design is 95
2026-09-09 20:59:08 +0200: Memory Usage (473424K) : Loaded TECH DRC rules values from /foss/pdks/ihp-sg13g2/libs.tech/klayout/python/sg13g2_pycell_lib/sg13g2_tech_mod.json
2026-09-09 20:59:08 +0200: Memory Usage (473424K) : Loaded default DRC rules values from /foss/pdks/ihp-sg13g2/libs.tech/klayout/tech/drc/rule_decks/sg13g2_tech_default.json
2026-09-09 20:59:08 +0200: Memory Usage (473424K) : The following rules values were missing in tech json and default values were used:
2026-09-09 20:59:08 +0200: Memory Usage (473424K) :   - NW_f1_digibnd
2026-09-09 20:59:08 +0200: Memory Usage (473424K) :   - Cnt_c_digibnd
2026-09-09 20:59:08 +0200: Memory Usage (473424K) :   - Cnt_c_sram
2026-09-09 20:59:08 +0200: Memory Usage (473424K) :   - Sdiod_b
2026-09-09 20:59:08 +0200: Memory Usage (473424K) :   - Sdiod_c
2026-09-09 20:59:08 +0200: Memory Usage (474580K) : Total area of the design is 18.9648 um^2.
2026-09-09 20:59:08 +0200: Memory Usage (474580K) : The design dimensions are 4.32 µm * 4.39 µm.
2026-09-09 20:59:08 +0200: Memory Usage (474580K) : Starting general IHP-SG13G2 derivations.
2026-09-09 20:59:08 +0200: Memory Usage (474580K) : Starting Pwell derivations
2026-09-09 20:59:08 +0200: Memory Usage (476604K) : Starting p-Activ derivations
2026-09-09 20:59:08 +0200: Memory Usage (476604K) : Starting ptap derivations
2026-09-09 20:59:08 +0200: Memory Usage (476764K) : Starting cont/contbar general derivations
2026-09-09 20:59:08 +0200: Memory Usage (476764K) : Starting schottky_nbl general derivations
2026-09-09 20:59:08 +0200: Memory Usage (476764K) : Starting IHP-SG13G2 DRC rules.
2026-09-09 20:59:08 +0200: Memory Usage (476764K) : Starting 6.7 Schottky diode table
2026-09-09 20:59:08 +0200: Memory Usage (476764K) : Executing rule Sdiod.b
2026-09-09 20:59:08 +0200: Memory Usage (476956K) : Executing rule Sdiod.c
2026-09-09 20:59:08 +0200: Memory Usage (476956K) : Executing rule Sdiod.d
2026-09-09 20:59:08 +0200: Memory Usage (476956K) : Executing rule Sdiod.e
2026-09-09 20:59:08 +0200: Memory Usage (476956K) : KLayout DRC run for tables 'schottkydiode' completed in 0.33 seconds
