# Logfile created on 2026-09-09 20:59:09 +0200 by logger.rb/v1.5.3
2026-09-09 20:59:09 +0200: Memory Usage (457120K) : Starting running IHP-SG13G2 KLayout DRC runset on /foss/designs/aion_chip/flow/regress/AION_a21oi_nor2_1/AION_a21oi_nor2_1.gds
2026-09-09 20:59:09 +0200: Memory Usage (457120K) : Ruby Version for klayout: 3.2.3
2026-09-09 20:59:09 +0200: Memory Usage (458108K) : Loading database to memory is complete.
2026-09-09 20:59:09 +0200: Memory Usage (458108K) : IHP-SG13G2 KLayout DRC runset output at: /foss/designs/aion_chip/flow/regress/AION_a21oi_nor2_1/drc/AION_a21oi_nor2_1.klayout.drc/AION_a21oi_nor2_1_AION_a21oi_nor2_1_topmetal1filler.lyrdb
2026-09-09 20:59:09 +0200: Memory Usage (458108K) : Evaluate switches.
2026-09-09 20:59:09 +0200: Memory Usage (458108K) : tables selected: topmetal1filler
2026-09-09 20:59:09 +0200: Memory Usage (458108K) : KLayout will use 15 thread(s) in tiling mode.
2026-09-09 20:59:09 +0200: Memory Usage (458108K) : deep mode is enabled.
2026-09-09 20:59:09 +0200: Memory Usage (458108K) : FEOL enabled: false
2026-09-09 20:59:09 +0200: Memory Usage (458108K) : BEOL enabled: false
2026-09-09 20:59:09 +0200: Memory Usage (458108K) : OFFGRID enabled: true
2026-09-09 20:59:09 +0200: Memory Usage (458108K) : ANGLE enabled: true
2026-09-09 20:59:09 +0200: Memory Usage (458108K) : PIN enabled: false
2026-09-09 20:59:09 +0200: Memory Usage (458108K) : FORBIDDEN enabled: false
2026-09-09 20:59:09 +0200: Memory Usage (458108K) : RECOMMENDED enabled: true
2026-09-09 20:59:09 +0200: Memory Usage (458108K) : PreCheck DRC enabled: false
2026-09-09 20:59:09 +0200: Memory Usage (458108K) : CONNECTIVITY_RULES enabled: false.
2026-09-09 20:59:09 +0200: Memory Usage (458108K) : Read in polygons from layers.
2026-09-09 20:59:09 +0200: Memory Usage (459068K) : activ_drw has 5 polygons
2026-09-09 20:59:09 +0200: Memory Usage (459068K) : activ_pin has 0 polygons
2026-09-09 20:59:09 +0200: Memory Usage (459068K) : activ_mask has 0 polygons
2026-09-09 20:59:09 +0200: Memory Usage (459068K) : activ_filler has 0 polygons
2026-09-09 20:59:09 +0200: Memory Usage (459068K) : activ_nofill has 0 polygons
2026-09-09 20:59:09 +0200: Memory Usage (459068K) : activ_opc has 0 polygons
2026-09-09 20:59:09 +0200: Memory Usage (459068K) : activ_iopc has 0 polygons
2026-09-09 20:59:09 +0200: Memory Usage (459068K) : activ_noqrc has 0 polygons
2026-09-09 20:59:09 +0200: Memory Usage (459068K) : biwind_drw has 0 polygons
2026-09-09 20:59:09 +0200: Memory Usage (459068K) : biwind_opc has 0 polygons
2026-09-09 20:59:09 +0200: Memory Usage (459068K) : pemwind_drw has 0 polygons
2026-09-09 20:59:09 +0200: Memory Usage (459068K) : gatpoly_drw has 10 polygons
2026-09-09 20:59:09 +0200: Memory Usage (459068K) : gatpoly_pin has 0 polygons
2026-09-09 20:59:09 +0200: Memory Usage (459068K) : gatpoly_filler has 0 polygons
2026-09-09 20:59:09 +0200: Memory Usage (459068K) : gatpoly_nofill has 0 polygons
2026-09-09 20:59:09 +0200: Memory Usage (459068K) : gatpoly_opc has 0 polygons
2026-09-09 20:59:09 +0200: Memory Usage (459068K) : gatpoly_iopc has 0 polygons
2026-09-09 20:59:09 +0200: Memory Usage (459068K) : gatpoly_noqrc has 0 polygons
2026-09-09 20:59:09 +0200: Memory Usage (459068K) : cont_drw has 40 polygons
2026-09-09 20:59:09 +0200: Memory Usage (459228K) : cont_opc has 0 polygons
2026-09-09 20:59:09 +0200: Memory Usage (459228K) : nsd_drw has 0 polygons
2026-09-09 20:59:09 +0200: Memory Usage (459228K) : nsd_block has 0 polygons
2026-09-09 20:59:09 +0200: Memory Usage (459228K) : metal1_drw has 23 polygons
2026-09-09 20:59:09 +0200: Memory Usage (459228K) : metal1_pin has 7 polygons
2026-09-09 20:59:09 +0200: Memory Usage (459228K) : metal1_mask has 0 polygons
2026-09-09 20:59:09 +0200: Memory Usage (459228K) : metal1_filler has 0 polygons
2026-09-09 20:59:09 +0200: Memory Usage (459388K) : metal1_nofill has 0 polygons
2026-09-09 20:59:09 +0200: Memory Usage (459388K) : metal1_slit has 0 polygons
2026-09-09 20:59:09 +0200: Memory Usage (459580K) : metal1_text has 7 polygons
2026-09-09 20:59:09 +0200: Memory Usage (459740K) : metal1_opc has 0 polygons
2026-09-09 20:59:09 +0200: Memory Usage (459740K) : metal1_noqrc has 0 polygons
2026-09-09 20:59:09 +0200: Memory Usage (459740K) : metal1_res has 0 polygons
2026-09-09 20:59:09 +0200: Memory Usage (459900K) : metal1_iprobe has 0 polygons
2026-09-09 20:59:09 +0200: Memory Usage (459900K) : metal1_diffprb has 0 polygons
2026-09-09 20:59:09 +0200: Memory Usage (459900K) : passiv_drw has 0 polygons
2026-09-09 20:59:09 +0200: Memory Usage (460060K) : passiv_pin has 0 polygons
2026-09-09 20:59:09 +0200: Memory Usage (460060K) : passiv_sbump has 0 polygons
2026-09-09 20:59:09 +0200: Memory Usage (460220K) : passiv_pillar has 0 polygons
2026-09-09 20:59:09 +0200: Memory Usage (460220K) : passiv_pdl has 0 polygons
2026-09-09 20:59:09 +0200: Memory Usage (460220K) : metal2_drw has 0 polygons
2026-09-09 20:59:09 +0200: Memory Usage (460220K) : metal2_pin has 0 polygons
2026-09-09 20:59:09 +0200: Memory Usage (460220K) : metal2_mask has 0 polygons
2026-09-09 20:59:09 +0200: Memory Usage (460220K) : metal2_filler has 0 polygons
2026-09-09 20:59:09 +0200: Memory Usage (460220K) : metal2_nofill has 0 polygons
2026-09-09 20:59:09 +0200: Memory Usage (460220K) : metal2_slit has 0 polygons
2026-09-09 20:59:09 +0200: Memory Usage (460220K) : metal2_text has 0 polygons
2026-09-09 20:59:09 +0200: Memory Usage (460220K) : metal2_opc has 0 polygons
2026-09-09 20:59:09 +0200: Memory Usage (460380K) : metal2_noqrc has 0 polygons
2026-09-09 20:59:09 +0200: Memory Usage (460380K) : metal2_res has 0 polygons
2026-09-09 20:59:09 +0200: Memory Usage (460380K) : metal2_iprobe has 0 polygons
2026-09-09 20:59:09 +0200: Memory Usage (460540K) : metal2_diffprb has 0 polygons
2026-09-09 20:59:09 +0200: Memory Usage (460540K) : baspoly_drw has 0 polygons
2026-09-09 20:59:09 +0200: Memory Usage (460540K) : baspoly_pin has 0 polygons
2026-09-09 20:59:09 +0200: Memory Usage (460540K) : psd_drw has 2 polygons
2026-09-09 20:59:09 +0200: Memory Usage (460700K) : nldb_drw has 0 polygons
2026-09-09 20:59:09 +0200: Memory Usage (460700K) : digibnd_drw has 0 polygons
2026-09-09 20:59:09 +0200: Memory Usage (460700K) : via1_drw has 0 polygons
2026-09-09 20:59:09 +0200: Memory Usage (460860K) : backmetal1_drw has 0 polygons
2026-09-09 20:59:09 +0200: Memory Usage (460860K) : backmetal1_pin has 0 polygons
2026-09-09 20:59:09 +0200: Memory Usage (460860K) : backmetal1_mask has 0 polygons
2026-09-09 20:59:09 +0200: Memory Usage (461020K) : backmetal1_filler has 0 polygons
2026-09-09 20:59:09 +0200: Memory Usage (461020K) : backmetal1_nofill has 0 polygons
2026-09-09 20:59:09 +0200: Memory Usage (461020K) : backmetal1_slit has 0 polygons
2026-09-09 20:59:09 +0200: Memory Usage (461180K) : backmetal1_text has 0 polygons
2026-09-09 20:59:09 +0200: Memory Usage (461180K) : backmetal1_opc has 0 polygons
2026-09-09 20:59:09 +0200: Memory Usage (461180K) : backmetal1_noqrc has 0 polygons
2026-09-09 20:59:09 +0200: Memory Usage (461340K) : backmetal1_res has 0 polygons
2026-09-09 20:59:09 +0200: Memory Usage (461340K) : backmetal1_iprobe has 0 polygons
2026-09-09 20:59:09 +0200: Memory Usage (461500K) : backmetal1_diffprb has 0 polygons
2026-09-09 20:59:09 +0200: Memory Usage (461660K) : backpassiv_drw has 0 polygons
2026-09-09 20:59:09 +0200: Memory Usage (461660K) : res_drw has 0 polygons
2026-09-09 20:59:09 +0200: Memory Usage (461660K) : sram_drw has 0 polygons
2026-09-09 20:59:09 +0200: Memory Usage (461820K) : trans_drw has 0 polygons
2026-09-09 20:59:09 +0200: Memory Usage (461820K) : ind_drw has 0 polygons
2026-09-09 20:59:09 +0200: Memory Usage (461820K) : ind_pin has 0 polygons
2026-09-09 20:59:09 +0200: Memory Usage (461980K) : ind_text has 0 polygons
2026-09-09 20:59:09 +0200: Memory Usage (461980K) : salblock_drw has 0 polygons
2026-09-09 20:59:09 +0200: Memory Usage (461980K) : via2_drw has 0 polygons
2026-09-09 20:59:09 +0200: Memory Usage (462140K) : metal3_drw has 0 polygons
2026-09-09 20:59:09 +0200: Memory Usage (462140K) : metal3_pin has 0 polygons
2026-09-09 20:59:09 +0200: Memory Usage (462140K) : metal3_mask has 0 polygons
2026-09-09 20:59:09 +0200: Memory Usage (462300K) : metal3_filler has 0 polygons
2026-09-09 20:59:09 +0200: Memory Usage (462300K) : metal3_nofill has 0 polygons
2026-09-09 20:59:09 +0200: Memory Usage (462300K) : metal3_slit has 0 polygons
2026-09-09 20:59:09 +0200: Memory Usage (462460K) : metal3_text has 0 polygons
2026-09-09 20:59:09 +0200: Memory Usage (462460K) : metal3_opc has 0 polygons
2026-09-09 20:59:09 +0200: Memory Usage (462620K) : metal3_noqrc has 0 polygons
2026-09-09 20:59:09 +0200: Memory Usage (462620K) : metal3_res has 0 polygons
2026-09-09 20:59:09 +0200: Memory Usage (462620K) : metal3_iprobe has 0 polygons
2026-09-09 20:59:09 +0200: Memory Usage (462780K) : metal3_diffprb has 0 polygons
2026-09-09 20:59:09 +0200: Memory Usage (462780K) : nwell_drw has 1 polygons
2026-09-09 20:59:09 +0200: Memory Usage (462780K) : nwell_pin has 0 polygons
2026-09-09 20:59:09 +0200: Memory Usage (462780K) : nbulay_drw has 0 polygons
2026-09-09 20:59:09 +0200: Memory Usage (462940K) : nbulay_pin has 0 polygons
2026-09-09 20:59:09 +0200: Memory Usage (462940K) : nbulay_block has 0 polygons
2026-09-09 20:59:09 +0200: Memory Usage (462940K) : emwind_drw has 0 polygons
2026-09-09 20:59:09 +0200: Memory Usage (462940K) : emwind_opc has 0 polygons
2026-09-09 20:59:09 +0200: Memory Usage (463100K) : deepco_drw has 0 polygons
2026-09-09 20:59:09 +0200: Memory Usage (463100K) : deepco_drw has 0 polygons
2026-09-09 20:59:09 +0200: Memory Usage (463100K) : mim_drw has 0 polygons
2026-09-09 20:59:09 +0200: Memory Usage (463100K) : edgeseal_drw has 0 polygons
2026-09-09 20:59:09 +0200: Memory Usage (463260K) : edgeseal_bound has 0 polygons
2026-09-09 20:59:09 +0200: Memory Usage (463260K) : substrate_drw has 0 polygons
2026-09-09 20:59:09 +0200: Memory Usage (463260K) : substrate_text has 0 polygons
2026-09-09 20:59:09 +0200: Memory Usage (463260K) : dfpad_drw has 0 polygons
2026-09-09 20:59:09 +0200: Memory Usage (463420K) : dfpad_pillar has 0 polygons
2026-09-09 20:59:09 +0200: Memory Usage (463420K) : dfpad_sbump has 0 polygons
2026-09-09 20:59:09 +0200: Memory Usage (463420K) : thickgateox_drw has 0 polygons
2026-09-09 20:59:09 +0200: Memory Usage (463420K) : pldb_drw has 0 polygons
2026-09-09 20:59:09 +0200: Memory Usage (463580K) : pwell_drw has 0 polygons
2026-09-09 20:59:09 +0200: Memory Usage (463580K) : pwell_pin has 0 polygons
2026-09-09 20:59:09 +0200: Memory Usage (463580K) : pwell_block has 0 polygons
2026-09-09 20:59:09 +0200: Memory Usage (463740K) : ic_drw has 0 polygons
2026-09-09 20:59:09 +0200: Memory Usage (463740K) : via3_drw has 0 polygons
2026-09-09 20:59:09 +0200: Memory Usage (463740K) : metal4_drw has 0 polygons
2026-09-09 20:59:09 +0200: Memory Usage (463900K) : metal4_pin has 0 polygons
2026-09-09 20:59:09 +0200: Memory Usage (463900K) : metal4_mask has 0 polygons
2026-09-09 20:59:09 +0200: Memory Usage (463900K) : metal4_filler has 0 polygons
2026-09-09 20:59:09 +0200: Memory Usage (464060K) : metal4_nofill has 0 polygons
2026-09-09 20:59:09 +0200: Memory Usage (464060K) : metal4_slit has 0 polygons
2026-09-09 20:59:09 +0200: Memory Usage (464060K) : metal4_text has 0 polygons
2026-09-09 20:59:09 +0200: Memory Usage (464220K) : metal4_opc has 0 polygons
2026-09-09 20:59:09 +0200: Memory Usage (464220K) : metal4_noqrc has 0 polygons
2026-09-09 20:59:09 +0200: Memory Usage (464220K) : metal4_res has 0 polygons
2026-09-09 20:59:09 +0200: Memory Usage (464380K) : metal4_iprobe has 0 polygons
2026-09-09 20:59:09 +0200: Memory Usage (464380K) : metal4_diffprb has 0 polygons
2026-09-09 20:59:09 +0200: Memory Usage (464540K) : heattrans_drw has 0 polygons
2026-09-09 20:59:09 +0200: Memory Usage (464540K) : heatres_drw has 0 polygons
2026-09-09 20:59:09 +0200: Memory Usage (464540K) : pempoly_drw has 0 polygons
2026-09-09 20:59:09 +0200: Memory Usage (464700K) : fbe_drw has 0 polygons
2026-09-09 20:59:09 +0200: Memory Usage (464700K) : empoly_drw has 0 polygons
2026-09-09 20:59:09 +0200: Memory Usage (464700K) : ldmos_drw has 0 polygons
2026-09-09 20:59:09 +0200: Memory Usage (464860K) : pbiwind_drw has 0 polygons
2026-09-09 20:59:09 +0200: Memory Usage (464860K) : digisub_drw has 0 polygons
2026-09-09 20:59:09 +0200: Memory Usage (464860K) : nodrc_drw has 0 polygons
2026-09-09 20:59:09 +0200: Memory Usage (464860K) : text_drw has 0 polygons
2026-09-09 20:59:09 +0200: Memory Usage (465020K) : via4_drw has 0 polygons
2026-09-09 20:59:09 +0200: Memory Usage (465020K) : metal5_drw has 0 polygons
2026-09-09 20:59:09 +0200: Memory Usage (465020K) : metal5_pin has 0 polygons
2026-09-09 20:59:09 +0200: Memory Usage (465020K) : metal5_mask has 0 polygons
2026-09-09 20:59:09 +0200: Memory Usage (465180K) : metal5_filler has 0 polygons
2026-09-09 20:59:09 +0200: Memory Usage (465180K) : metal5_nofill has 0 polygons
2026-09-09 20:59:09 +0200: Memory Usage (465180K) : metal5_slit has 0 polygons
2026-09-09 20:59:09 +0200: Memory Usage (465180K) : metal5_text has 0 polygons
2026-09-09 20:59:09 +0200: Memory Usage (465340K) : metal5_opc has 0 polygons
2026-09-09 20:59:09 +0200: Memory Usage (465340K) : metal5_noqrc has 0 polygons
2026-09-09 20:59:09 +0200: Memory Usage (465340K) : metal5_res has 0 polygons
2026-09-09 20:59:09 +0200: Memory Usage (465500K) : metal5_iprobe has 0 polygons
2026-09-09 20:59:09 +0200: Memory Usage (465500K) : metal5_diffprb has 0 polygons
2026-09-09 20:59:09 +0200: Memory Usage (465500K) : radhard_drw has 0 polygons
2026-09-09 20:59:09 +0200: Memory Usage (465660K) : memcap_drw has 0 polygons
2026-09-09 20:59:09 +0200: Memory Usage (465660K) : varicap_drw has 0 polygons
2026-09-09 20:59:09 +0200: Memory Usage (465660K) : flash_drw has 0 polygons
2026-09-09 20:59:09 +0200: Memory Usage (465820K) : intbondvia_drw has 0 polygons
2026-09-09 20:59:09 +0200: Memory Usage (465820K) : intbondmet_drw has 0 polygons
2026-09-09 20:59:09 +0200: Memory Usage (465820K) : devbondvia_drw has 0 polygons
2026-09-09 20:59:09 +0200: Memory Usage (465980K) : devbondmet_drw has 0 polygons
2026-09-09 20:59:09 +0200: Memory Usage (465980K) : devtrench_drw has 0 polygons
2026-09-09 20:59:09 +0200: Memory Usage (465980K) : redist_drw has 0 polygons
2026-09-09 20:59:09 +0200: Memory Usage (466140K) : graphbot_drw has 0 polygons
2026-09-09 20:59:09 +0200: Memory Usage (466140K) : graphtop_drw has 0 polygons
2026-09-09 20:59:09 +0200: Memory Usage (466140K) : antvia1_drw has 0 polygons
2026-09-09 20:59:09 +0200: Memory Usage (466300K) : antmetal2_drw has 0 polygons
2026-09-09 20:59:09 +0200: Memory Usage (466300K) : graphcont_drw has 0 polygons
2026-09-09 20:59:09 +0200: Memory Usage (466460K) : siwg_drw has 0 polygons
2026-09-09 20:59:09 +0200: Memory Usage (466460K) : siwg_filler has 0 polygons
2026-09-09 20:59:09 +0200: Memory Usage (466460K) : siwg_nofill has 0 polygons
2026-09-09 20:59:09 +0200: Memory Usage (466620K) : sigrating_drw has 0 polygons
2026-09-09 20:59:09 +0200: Memory Usage (466620K) : singrating_drw has 0 polygons
2026-09-09 20:59:09 +0200: Memory Usage (466620K) : graphpas_drw has 0 polygons
2026-09-09 20:59:09 +0200: Memory Usage (466780K) : emwind3_drw has 0 polygons
2026-09-09 20:59:09 +0200: Memory Usage (466780K) : emwihv3_drw has 0 polygons
2026-09-09 20:59:09 +0200: Memory Usage (466780K) : redbulay_drw has 0 polygons
2026-09-09 20:59:09 +0200: Memory Usage (466780K) : smos_drw has 0 polygons
2026-09-09 20:59:09 +0200: Memory Usage (466940K) : graphpad_drw has 0 polygons
2026-09-09 20:59:09 +0200: Memory Usage (466940K) : polimide_drw has 0 polygons
2026-09-09 20:59:09 +0200: Memory Usage (466940K) : polimide_pin has 0 polygons
2026-09-09 20:59:09 +0200: Memory Usage (466940K) : recog_drw has 0 polygons
2026-09-09 20:59:09 +0200: Memory Usage (466940K) : recog_pin has 0 polygons
2026-09-09 20:59:09 +0200: Memory Usage (467100K) : recog_esd has 0 polygons
2026-09-09 20:59:09 +0200: Memory Usage (467100K) : recog_diode has 0 polygons
2026-09-09 20:59:09 +0200: Memory Usage (467100K) : recog_tsv has 0 polygons
2026-09-09 20:59:09 +0200: Memory Usage (467260K) : recog_iprobe has 0 polygons
2026-09-09 20:59:09 +0200: Memory Usage (467260K) : recog_diffprb has 0 polygons
2026-09-09 20:59:09 +0200: Memory Usage (467260K) : recog_pillar has 0 polygons
2026-09-09 20:59:09 +0200: Memory Usage (467420K) : recog_sbump has 0 polygons
2026-09-09 20:59:09 +0200: Memory Usage (467420K) : recog_otp has 0 polygons
2026-09-09 20:59:09 +0200: Memory Usage (467580K) : recog_pdiode has 0 polygons
2026-09-09 20:59:09 +0200: Memory Usage (467580K) : recog_mom has 0 polygons
2026-09-09 20:59:09 +0200: Memory Usage (467580K) : recog_pcm has 0 polygons
2026-09-09 20:59:09 +0200: Memory Usage (467740K) : colopen_drw has 0 polygons
2026-09-09 20:59:09 +0200: Memory Usage (467740K) : graphmetal1_drw has 0 polygons
2026-09-09 20:59:09 +0200: Memory Usage (467740K) : graphmetal1_filler has 0 polygons
2026-09-09 20:59:09 +0200: Memory Usage (467900K) : graphmetal1_nofill has 0 polygons
2026-09-09 20:59:09 +0200: Memory Usage (467900K) : graphmetal1_slit has 0 polygons
2026-09-09 20:59:09 +0200: Memory Usage (467900K) : graphmetal1_opc has 0 polygons
2026-09-09 20:59:09 +0200: Memory Usage (468060K) : graphmet1l_drw has 0 polygons
2026-09-09 20:59:09 +0200: Memory Usage (468060K) : graphmet1l_filler has 0 polygons
2026-09-09 20:59:09 +0200: Memory Usage (468060K) : graphmet1l_nofill has 0 polygons
2026-09-09 20:59:09 +0200: Memory Usage (468220K) : graphmet1l_slit has 0 polygons
2026-09-09 20:59:09 +0200: Memory Usage (468220K) : graphmet1l_opc has 0 polygons
2026-09-09 20:59:09 +0200: Memory Usage (468220K) : extblock_drw has 0 polygons
2026-09-09 20:59:09 +0200: Memory Usage (468380K) : nldd_drw has 0 polygons
2026-09-09 20:59:09 +0200: Memory Usage (468380K) : pldd_drw has 0 polygons
2026-09-09 20:59:09 +0200: Memory Usage (468380K) : next_drw has 0 polygons
2026-09-09 20:59:09 +0200: Memory Usage (468540K) : pext_drw has 0 polygons
2026-09-09 20:59:09 +0200: Memory Usage (468540K) : nexthv_drw has 0 polygons
2026-09-09 20:59:09 +0200: Memory Usage (468540K) : pexthv_drw has 0 polygons
2026-09-09 20:59:09 +0200: Memory Usage (468700K) : graphgate_drw has 0 polygons
2026-09-09 20:59:09 +0200: Memory Usage (468700K) : sinwg_drw has 0 polygons
2026-09-09 20:59:09 +0200: Memory Usage (468700K) : sinwg_filler has 0 polygons
2026-09-09 20:59:09 +0200: Memory Usage (468860K) : sinwg_nofill has 0 polygons
2026-09-09 20:59:09 +0200: Memory Usage (468860K) : mempad_drw has 0 polygons
2026-09-09 20:59:09 +0200: Memory Usage (468860K) : topvia1_drw has 0 polygons
2026-09-09 20:59:09 +0200: Memory Usage (468860K) : topmetal1_drw has 0 polygons
2026-09-09 20:59:09 +0200: Memory Usage (468860K) : topmetal1_pin has 0 polygons
2026-09-09 20:59:09 +0200: Memory Usage (468860K) : topmetal1_mask has 0 polygons
2026-09-09 20:59:09 +0200: Memory Usage (468860K) : topmetal1_filler has 0 polygons
2026-09-09 20:59:09 +0200: Memory Usage (468860K) : topmetal1_nofill has 0 polygons
2026-09-09 20:59:09 +0200: Memory Usage (468860K) : topmetal1_slit has 0 polygons
2026-09-09 20:59:09 +0200: Memory Usage (468860K) : topmetal1_text has 0 polygons
2026-09-09 20:59:09 +0200: Memory Usage (468860K) : topmetal1_noqrc has 0 polygons
2026-09-09 20:59:09 +0200: Memory Usage (468860K) : topmetal1_res has 0 polygons
2026-09-09 20:59:09 +0200: Memory Usage (468860K) : topmetal1_iprobe has 0 polygons
2026-09-09 20:59:09 +0200: Memory Usage (469020K) : topmetal1_diffprb has 0 polygons
2026-09-09 20:59:09 +0200: Memory Usage (469020K) : inldpwl_drw has 0 polygons
2026-09-09 20:59:09 +0200: Memory Usage (469020K) : polyres_drw has 0 polygons
2026-09-09 20:59:09 +0200: Memory Usage (469180K) : polyres_pin has 0 polygons
2026-09-09 20:59:09 +0200: Memory Usage (469180K) : vmim_drw has 0 polygons
2026-09-09 20:59:09 +0200: Memory Usage (469180K) : nbulaycut_drw has 0 polygons
2026-09-09 20:59:09 +0200: Memory Usage (469340K) : antmetal1_drw has 0 polygons
2026-09-09 20:59:09 +0200: Memory Usage (469340K) : topvia2_drw has 0 polygons
2026-09-09 20:59:09 +0200: Memory Usage (469340K) : topmetal2_drw has 0 polygons
2026-09-09 20:59:09 +0200: Memory Usage (469500K) : topmetal2_pin has 0 polygons
2026-09-09 20:59:09 +0200: Memory Usage (469500K) : topmetal2_mask has 0 polygons
2026-09-09 20:59:09 +0200: Memory Usage (469660K) : topmetal2_filler has 0 polygons
2026-09-09 20:59:09 +0200: Memory Usage (469660K) : topmetal2_nofill has 0 polygons
2026-09-09 20:59:09 +0200: Memory Usage (469660K) : topmetal2_slit has 0 polygons
2026-09-09 20:59:09 +0200: Memory Usage (469820K) : topmetal2_text has 0 polygons
2026-09-09 20:59:09 +0200: Memory Usage (469820K) : topmetal2_noqrc has 0 polygons
2026-09-09 20:59:09 +0200: Memory Usage (469820K) : topmetal2_res has 0 polygons
2026-09-09 20:59:09 +0200: Memory Usage (469980K) : topmetal2_iprobe has 0 polygons
2026-09-09 20:59:09 +0200: Memory Usage (469980K) : topmetal2_diffprb has 0 polygons
2026-09-09 20:59:09 +0200: Memory Usage (469980K) : snsring_drw has 0 polygons
2026-09-09 20:59:09 +0200: Memory Usage (470140K) : sensor_drw has 0 polygons
2026-09-09 20:59:09 +0200: Memory Usage (470140K) : snsarms_drw has 0 polygons
2026-09-09 20:59:09 +0200: Memory Usage (470140K) : snscmosvia_drw has 0 polygons
2026-09-09 20:59:09 +0200: Memory Usage (470140K) : colwind_drw has 0 polygons
2026-09-09 20:59:09 +0200: Memory Usage (470300K) : flm_drw has 0 polygons
2026-09-09 20:59:09 +0200: Memory Usage (470300K) : hafniumox_drw has 0 polygons
2026-09-09 20:59:09 +0200: Memory Usage (470300K) : memvia_drw has 0 polygons
2026-09-09 20:59:09 +0200: Memory Usage (470460K) : thinfilmres_drw has 0 polygons
2026-09-09 20:59:09 +0200: Memory Usage (470460K) : rfmem_drw has 0 polygons
2026-09-09 20:59:09 +0200: Memory Usage (470460K) : norcx_drw has 0 polygons
2026-09-09 20:59:09 +0200: Memory Usage (470620K) : norcx_m2m3 has 0 polygons
2026-09-09 20:59:09 +0200: Memory Usage (470620K) : norcx_m2m4 has 0 polygons
2026-09-09 20:59:09 +0200: Memory Usage (470620K) : norcx_m2m5 has 0 polygons
2026-09-09 20:59:09 +0200: Memory Usage (470780K) : norcx_m2tm1 has 0 polygons
2026-09-09 20:59:09 +0200: Memory Usage (470780K) : norcx_m2tm2 has 0 polygons
2026-09-09 20:59:09 +0200: Memory Usage (470940K) : norcx_m3m4 has 0 polygons
2026-09-09 20:59:09 +0200: Memory Usage (470940K) : norcx_m3m5 has 0 polygons
2026-09-09 20:59:09 +0200: Memory Usage (470940K) : norcx_m3tm1 has 0 polygons
2026-09-09 20:59:09 +0200: Memory Usage (471100K) : norcx_m3tm2 has 0 polygons
2026-09-09 20:59:09 +0200: Memory Usage (471100K) : norcx_m4m5 has 0 polygons
2026-09-09 20:59:09 +0200: Memory Usage (471100K) : norcx_m4tm1 has 0 polygons
2026-09-09 20:59:09 +0200: Memory Usage (471260K) : norcx_m4tm2 has 0 polygons
2026-09-09 20:59:09 +0200: Memory Usage (471260K) : norcx_m5tm1 has 0 polygons
2026-09-09 20:59:09 +0200: Memory Usage (471260K) : norcx_m5tm2 has 0 polygons
2026-09-09 20:59:09 +0200: Memory Usage (471420K) : norcx_tm1tm2 has 0 polygons
2026-09-09 20:59:09 +0200: Memory Usage (471420K) : norcx_m1sub has 0 polygons
2026-09-09 20:59:09 +0200: Memory Usage (471420K) : norcx_m2sub has 0 polygons
2026-09-09 20:59:09 +0200: Memory Usage (471580K) : norcx_m3sub has 0 polygons
2026-09-09 20:59:09 +0200: Memory Usage (471580K) : norcx_m4sub has 0 polygons
2026-09-09 20:59:09 +0200: Memory Usage (471580K) : norcx_m5sub has 0 polygons
2026-09-09 20:59:09 +0200: Memory Usage (471740K) : norcx_tm1sub has 0 polygons
2026-09-09 20:59:09 +0200: Memory Usage (471740K) : norcx_tm2sub has 0 polygons
2026-09-09 20:59:09 +0200: Memory Usage (471740K) : snsbotvia_drw has 0 polygons
2026-09-09 20:59:09 +0200: Memory Usage (471900K) : snstopvia_drw has 0 polygons
2026-09-09 20:59:09 +0200: Memory Usage (471900K) : deepvia_drw has 0 polygons
2026-09-09 20:59:09 +0200: Memory Usage (471900K) : fgetch_drw has 0 polygons
2026-09-09 20:59:09 +0200: Memory Usage (472060K) : ctrgat_drw has 0 polygons
2026-09-09 20:59:09 +0200: Memory Usage (472060K) : fgimp_drw has 0 polygons
2026-09-09 20:59:09 +0200: Memory Usage (472060K) : emwihv_drw has 0 polygons
2026-09-09 20:59:09 +0200: Memory Usage (472220K) : lbe_drw has 0 polygons
2026-09-09 20:59:09 +0200: Memory Usage (472220K) : alcustop_drw has 0 polygons
2026-09-09 20:59:09 +0200: Memory Usage (472220K) : nometfiller_drw has 0 polygons
2026-09-09 20:59:09 +0200: Memory Usage (472380K) : prboundary_drw has 0 polygons
2026-09-09 20:59:09 +0200: Memory Usage (472380K) : exchange0_drw has 0 polygons
2026-09-09 20:59:09 +0200: Memory Usage (472380K) : exchange0_pin has 0 polygons
2026-09-09 20:59:09 +0200: Memory Usage (472540K) : exchange0_text has 0 polygons
2026-09-09 20:59:09 +0200: Memory Usage (472540K) : exchange1_drw has 0 polygons
2026-09-09 20:59:09 +0200: Memory Usage (472540K) : exchange1_pin has 0 polygons
2026-09-09 20:59:09 +0200: Memory Usage (472700K) : exchange1_text has 0 polygons
2026-09-09 20:59:09 +0200: Memory Usage (472700K) : exchange2_drw has 0 polygons
2026-09-09 20:59:09 +0200: Memory Usage (472700K) : exchange2_pin has 0 polygons
2026-09-09 20:59:09 +0200: Memory Usage (472860K) : exchange2_text has 0 polygons
2026-09-09 20:59:09 +0200: Memory Usage (472860K) : exchange3_drw has 0 polygons
2026-09-09 20:59:09 +0200: Memory Usage (472860K) : exchange3_pin has 0 polygons
2026-09-09 20:59:09 +0200: Memory Usage (473020K) : exchange3_text has 0 polygons
2026-09-09 20:59:09 +0200: Memory Usage (473020K) : exchange4_drw has 0 polygons
2026-09-09 20:59:09 +0200: Memory Usage (473020K) : exchange4_pin has 0 polygons
2026-09-09 20:59:09 +0200: Memory Usage (473020K) : exchange4_text has 0 polygons
2026-09-09 20:59:09 +0200: Memory Usage (473180K) : isonwell_drw has 0 polygons
2026-09-09 20:59:09 +0200: Memory Usage (473180K) : Total no. of polygons in the design is 95
2026-09-09 20:59:09 +0200: Memory Usage (473180K) : Loaded TECH DRC rules values from /foss/pdks/ihp-sg13g2/libs.tech/klayout/python/sg13g2_pycell_lib/sg13g2_tech_mod.json
2026-09-09 20:59:09 +0200: Memory Usage (473180K) : Loaded default DRC rules values from /foss/pdks/ihp-sg13g2/libs.tech/klayout/tech/drc/rule_decks/sg13g2_tech_default.json
2026-09-09 20:59:09 +0200: Memory Usage (473180K) : The following rules values were missing in tech json and default values were used:
2026-09-09 20:59:09 +0200: Memory Usage (473180K) :   - NW_f1_digibnd
2026-09-09 20:59:09 +0200: Memory Usage (473180K) :   - Cnt_c_digibnd
2026-09-09 20:59:09 +0200: Memory Usage (473180K) :   - Cnt_c_sram
2026-09-09 20:59:09 +0200: Memory Usage (473180K) :   - Sdiod_b
2026-09-09 20:59:09 +0200: Memory Usage (473180K) :   - Sdiod_c
2026-09-09 20:59:09 +0200: Memory Usage (474492K) : Total area of the design is 18.9648 um^2.
2026-09-09 20:59:09 +0200: Memory Usage (474492K) : The design dimensions are 4.32 µm * 4.39 µm.
2026-09-09 20:59:09 +0200: Memory Usage (474492K) : Starting general IHP-SG13G2 derivations.
2026-09-09 20:59:09 +0200: Memory Usage (474492K) : Starting Pwell derivations
2026-09-09 20:59:09 +0200: Memory Usage (476512K) : Starting IHP-SG13G2 DRC rules.
2026-09-09 20:59:09 +0200: Memory Usage (476512K) : Starting 5.23 TopMetal1:filler table
2026-09-09 20:59:09 +0200: Memory Usage (476512K) : Executing rule TM1Fil.c
2026-09-09 20:59:09 +0200: Memory Usage (476920K) : Executing rule TM1Fil.a1
2026-09-09 20:59:09 +0200: Memory Usage (476920K) : KLayout DRC run for tables 'topmetal1filler' completed in 0.18 seconds
