# Logfile created on 2026-09-09 20:59:07 +0200 by logger.rb/v1.5.3
2026-09-09 20:59:07 +0200: Memory Usage (456804K) : Starting running IHP-SG13G2 KLayout DRC runset on /foss/designs/aion_chip/flow/regress/AION_a21oi_nor2_1/AION_a21oi_nor2_1.gds
2026-09-09 20:59:07 +0200: Memory Usage (456804K) : Ruby Version for klayout: 3.2.3
2026-09-09 20:59:07 +0200: Memory Usage (457924K) : Loading database to memory is complete.
2026-09-09 20:59:07 +0200: Memory Usage (457924K) : IHP-SG13G2 KLayout DRC runset output at: /foss/designs/aion_chip/flow/regress/AION_a21oi_nor2_1/drc/AION_a21oi_nor2_1.klayout.drc/AION_a21oi_nor2_1_AION_a21oi_nor2_1_nwell.lyrdb
2026-09-09 20:59:07 +0200: Memory Usage (457924K) : Evaluate switches.
2026-09-09 20:59:07 +0200: Memory Usage (457924K) : tables selected: nwell
2026-09-09 20:59:07 +0200: Memory Usage (457924K) : KLayout will use 15 thread(s) in tiling mode.
2026-09-09 20:59:07 +0200: Memory Usage (457924K) : deep mode is enabled.
2026-09-09 20:59:07 +0200: Memory Usage (457924K) : FEOL enabled: false
2026-09-09 20:59:07 +0200: Memory Usage (457924K) : BEOL enabled: false
2026-09-09 20:59:07 +0200: Memory Usage (457924K) : OFFGRID enabled: true
2026-09-09 20:59:07 +0200: Memory Usage (457924K) : ANGLE enabled: true
2026-09-09 20:59:07 +0200: Memory Usage (457924K) : PIN enabled: false
2026-09-09 20:59:07 +0200: Memory Usage (457924K) : FORBIDDEN enabled: false
2026-09-09 20:59:07 +0200: Memory Usage (457924K) : RECOMMENDED enabled: true
2026-09-09 20:59:07 +0200: Memory Usage (457924K) : PreCheck DRC enabled: false
2026-09-09 20:59:07 +0200: Memory Usage (457924K) : CONNECTIVITY_RULES enabled: true.
2026-09-09 20:59:07 +0200: Memory Usage (457924K) : Read in polygons from layers.
2026-09-09 20:59:07 +0200: Memory Usage (459076K) : activ_drw has 5 polygons
2026-09-09 20:59:07 +0200: Memory Usage (459076K) : activ_pin has 0 polygons
2026-09-09 20:59:07 +0200: Memory Usage (459076K) : activ_mask has 0 polygons
2026-09-09 20:59:07 +0200: Memory Usage (459076K) : activ_filler has 0 polygons
2026-09-09 20:59:07 +0200: Memory Usage (459076K) : activ_nofill has 0 polygons
2026-09-09 20:59:07 +0200: Memory Usage (459076K) : activ_opc has 0 polygons
2026-09-09 20:59:07 +0200: Memory Usage (459076K) : activ_iopc has 0 polygons
2026-09-09 20:59:07 +0200: Memory Usage (459076K) : activ_noqrc has 0 polygons
2026-09-09 20:59:07 +0200: Memory Usage (459076K) : biwind_drw has 0 polygons
2026-09-09 20:59:07 +0200: Memory Usage (459076K) : biwind_opc has 0 polygons
2026-09-09 20:59:07 +0200: Memory Usage (459076K) : pemwind_drw has 0 polygons
2026-09-09 20:59:07 +0200: Memory Usage (459076K) : gatpoly_drw has 10 polygons
2026-09-09 20:59:07 +0200: Memory Usage (459076K) : gatpoly_pin has 0 polygons
2026-09-09 20:59:07 +0200: Memory Usage (459076K) : gatpoly_filler has 0 polygons
2026-09-09 20:59:07 +0200: Memory Usage (459076K) : gatpoly_nofill has 0 polygons
2026-09-09 20:59:07 +0200: Memory Usage (459076K) : gatpoly_opc has 0 polygons
2026-09-09 20:59:07 +0200: Memory Usage (459076K) : gatpoly_iopc has 0 polygons
2026-09-09 20:59:07 +0200: Memory Usage (459076K) : gatpoly_noqrc has 0 polygons
2026-09-09 20:59:07 +0200: Memory Usage (459076K) : cont_drw has 40 polygons
2026-09-09 20:59:07 +0200: Memory Usage (459076K) : cont_opc has 0 polygons
2026-09-09 20:59:07 +0200: Memory Usage (459076K) : nsd_drw has 0 polygons
2026-09-09 20:59:07 +0200: Memory Usage (459076K) : nsd_block has 0 polygons
2026-09-09 20:59:07 +0200: Memory Usage (459236K) : metal1_drw has 23 polygons
2026-09-09 20:59:07 +0200: Memory Usage (459236K) : metal1_pin has 7 polygons
2026-09-09 20:59:07 +0200: Memory Usage (459236K) : metal1_mask has 0 polygons
2026-09-09 20:59:07 +0200: Memory Usage (459396K) : metal1_filler has 0 polygons
2026-09-09 20:59:07 +0200: Memory Usage (459396K) : metal1_nofill has 0 polygons
2026-09-09 20:59:07 +0200: Memory Usage (459396K) : metal1_slit has 0 polygons
2026-09-09 20:59:07 +0200: Memory Usage (459748K) : metal1_text has 7 polygons
2026-09-09 20:59:07 +0200: Memory Usage (459748K) : metal1_opc has 0 polygons
2026-09-09 20:59:07 +0200: Memory Usage (459748K) : metal1_noqrc has 0 polygons
2026-09-09 20:59:07 +0200: Memory Usage (459908K) : metal1_res has 0 polygons
2026-09-09 20:59:07 +0200: Memory Usage (459908K) : metal1_iprobe has 0 polygons
2026-09-09 20:59:07 +0200: Memory Usage (459908K) : metal1_diffprb has 0 polygons
2026-09-09 20:59:07 +0200: Memory Usage (460068K) : passiv_drw has 0 polygons
2026-09-09 20:59:07 +0200: Memory Usage (460068K) : passiv_pin has 0 polygons
2026-09-09 20:59:07 +0200: Memory Usage (460228K) : passiv_sbump has 0 polygons
2026-09-09 20:59:07 +0200: Memory Usage (460228K) : passiv_pillar has 0 polygons
2026-09-09 20:59:07 +0200: Memory Usage (460228K) : passiv_pdl has 0 polygons
2026-09-09 20:59:07 +0200: Memory Usage (460388K) : metal2_drw has 0 polygons
2026-09-09 20:59:07 +0200: Memory Usage (460388K) : metal2_pin has 0 polygons
2026-09-09 20:59:07 +0200: Memory Usage (460388K) : metal2_mask has 0 polygons
2026-09-09 20:59:07 +0200: Memory Usage (460388K) : metal2_filler has 0 polygons
2026-09-09 20:59:07 +0200: Memory Usage (460388K) : metal2_nofill has 0 polygons
2026-09-09 20:59:07 +0200: Memory Usage (460388K) : metal2_slit has 0 polygons
2026-09-09 20:59:07 +0200: Memory Usage (460388K) : metal2_text has 0 polygons
2026-09-09 20:59:07 +0200: Memory Usage (460388K) : metal2_opc has 0 polygons
2026-09-09 20:59:07 +0200: Memory Usage (460548K) : metal2_noqrc has 0 polygons
2026-09-09 20:59:07 +0200: Memory Usage (460548K) : metal2_res has 0 polygons
2026-09-09 20:59:07 +0200: Memory Usage (460548K) : metal2_iprobe has 0 polygons
2026-09-09 20:59:07 +0200: Memory Usage (460548K) : metal2_diffprb has 0 polygons
2026-09-09 20:59:07 +0200: Memory Usage (460548K) : baspoly_drw has 0 polygons
2026-09-09 20:59:07 +0200: Memory Usage (460548K) : baspoly_pin has 0 polygons
2026-09-09 20:59:07 +0200: Memory Usage (460708K) : psd_drw has 2 polygons
2026-09-09 20:59:07 +0200: Memory Usage (460708K) : nldb_drw has 0 polygons
2026-09-09 20:59:07 +0200: Memory Usage (460868K) : digibnd_drw has 0 polygons
2026-09-09 20:59:07 +0200: Memory Usage (460868K) : via1_drw has 0 polygons
2026-09-09 20:59:07 +0200: Memory Usage (461028K) : backmetal1_drw has 0 polygons
2026-09-09 20:59:07 +0200: Memory Usage (461028K) : backmetal1_pin has 0 polygons
2026-09-09 20:59:07 +0200: Memory Usage (461028K) : backmetal1_mask has 0 polygons
2026-09-09 20:59:07 +0200: Memory Usage (461188K) : backmetal1_filler has 0 polygons
2026-09-09 20:59:07 +0200: Memory Usage (461188K) : backmetal1_nofill has 0 polygons
2026-09-09 20:59:07 +0200: Memory Usage (461188K) : backmetal1_slit has 0 polygons
2026-09-09 20:59:07 +0200: Memory Usage (461348K) : backmetal1_text has 0 polygons
2026-09-09 20:59:07 +0200: Memory Usage (461348K) : backmetal1_opc has 0 polygons
2026-09-09 20:59:07 +0200: Memory Usage (461348K) : backmetal1_noqrc has 0 polygons
2026-09-09 20:59:07 +0200: Memory Usage (461508K) : backmetal1_res has 0 polygons
2026-09-09 20:59:07 +0200: Memory Usage (461508K) : backmetal1_iprobe has 0 polygons
2026-09-09 20:59:07 +0200: Memory Usage (461668K) : backmetal1_diffprb has 0 polygons
2026-09-09 20:59:07 +0200: Memory Usage (461828K) : backpassiv_drw has 0 polygons
2026-09-09 20:59:07 +0200: Memory Usage (461828K) : res_drw has 0 polygons
2026-09-09 20:59:07 +0200: Memory Usage (461828K) : sram_drw has 0 polygons
2026-09-09 20:59:07 +0200: Memory Usage (461988K) : trans_drw has 0 polygons
2026-09-09 20:59:07 +0200: Memory Usage (461988K) : ind_drw has 0 polygons
2026-09-09 20:59:07 +0200: Memory Usage (461988K) : ind_pin has 0 polygons
2026-09-09 20:59:07 +0200: Memory Usage (462148K) : ind_text has 0 polygons
2026-09-09 20:59:07 +0200: Memory Usage (462148K) : salblock_drw has 0 polygons
2026-09-09 20:59:07 +0200: Memory Usage (462148K) : via2_drw has 0 polygons
2026-09-09 20:59:07 +0200: Memory Usage (462308K) : metal3_drw has 0 polygons
2026-09-09 20:59:07 +0200: Memory Usage (462308K) : metal3_pin has 0 polygons
2026-09-09 20:59:07 +0200: Memory Usage (462308K) : metal3_mask has 0 polygons
2026-09-09 20:59:07 +0200: Memory Usage (462468K) : metal3_filler has 0 polygons
2026-09-09 20:59:07 +0200: Memory Usage (462468K) : metal3_nofill has 0 polygons
2026-09-09 20:59:07 +0200: Memory Usage (462468K) : metal3_slit has 0 polygons
2026-09-09 20:59:07 +0200: Memory Usage (462628K) : metal3_text has 0 polygons
2026-09-09 20:59:07 +0200: Memory Usage (462628K) : metal3_opc has 0 polygons
2026-09-09 20:59:07 +0200: Memory Usage (462788K) : metal3_noqrc has 0 polygons
2026-09-09 20:59:07 +0200: Memory Usage (462788K) : metal3_res has 0 polygons
2026-09-09 20:59:07 +0200: Memory Usage (462788K) : metal3_iprobe has 0 polygons
2026-09-09 20:59:07 +0200: Memory Usage (462948K) : metal3_diffprb has 0 polygons
2026-09-09 20:59:07 +0200: Memory Usage (462948K) : nwell_drw has 1 polygons
2026-09-09 20:59:07 +0200: Memory Usage (462948K) : nwell_pin has 0 polygons
2026-09-09 20:59:07 +0200: Memory Usage (462948K) : nbulay_drw has 0 polygons
2026-09-09 20:59:07 +0200: Memory Usage (463108K) : nbulay_pin has 0 polygons
2026-09-09 20:59:07 +0200: Memory Usage (463108K) : nbulay_block has 0 polygons
2026-09-09 20:59:07 +0200: Memory Usage (463108K) : emwind_drw has 0 polygons
2026-09-09 20:59:07 +0200: Memory Usage (463108K) : emwind_opc has 0 polygons
2026-09-09 20:59:07 +0200: Memory Usage (463268K) : deepco_drw has 0 polygons
2026-09-09 20:59:07 +0200: Memory Usage (463268K) : deepco_drw has 0 polygons
2026-09-09 20:59:07 +0200: Memory Usage (463268K) : mim_drw has 0 polygons
2026-09-09 20:59:07 +0200: Memory Usage (463268K) : edgeseal_drw has 0 polygons
2026-09-09 20:59:07 +0200: Memory Usage (463428K) : edgeseal_bound has 0 polygons
2026-09-09 20:59:07 +0200: Memory Usage (463428K) : substrate_drw has 0 polygons
2026-09-09 20:59:07 +0200: Memory Usage (463428K) : substrate_text has 0 polygons
2026-09-09 20:59:07 +0200: Memory Usage (463428K) : dfpad_drw has 0 polygons
2026-09-09 20:59:07 +0200: Memory Usage (463428K) : dfpad_pillar has 0 polygons
2026-09-09 20:59:07 +0200: Memory Usage (463588K) : dfpad_sbump has 0 polygons
2026-09-09 20:59:07 +0200: Memory Usage (463588K) : thickgateox_drw has 0 polygons
2026-09-09 20:59:07 +0200: Memory Usage (463588K) : pldb_drw has 0 polygons
2026-09-09 20:59:07 +0200: Memory Usage (463748K) : pwell_drw has 0 polygons
2026-09-09 20:59:07 +0200: Memory Usage (463748K) : pwell_pin has 0 polygons
2026-09-09 20:59:07 +0200: Memory Usage (463748K) : pwell_block has 0 polygons
2026-09-09 20:59:07 +0200: Memory Usage (463908K) : ic_drw has 0 polygons
2026-09-09 20:59:07 +0200: Memory Usage (463908K) : via3_drw has 0 polygons
2026-09-09 20:59:07 +0200: Memory Usage (463908K) : metal4_drw has 0 polygons
2026-09-09 20:59:07 +0200: Memory Usage (464068K) : metal4_pin has 0 polygons
2026-09-09 20:59:07 +0200: Memory Usage (464068K) : metal4_mask has 0 polygons
2026-09-09 20:59:07 +0200: Memory Usage (464228K) : metal4_filler has 0 polygons
2026-09-09 20:59:07 +0200: Memory Usage (464228K) : metal4_nofill has 0 polygons
2026-09-09 20:59:07 +0200: Memory Usage (464228K) : metal4_slit has 0 polygons
2026-09-09 20:59:07 +0200: Memory Usage (464388K) : metal4_text has 0 polygons
2026-09-09 20:59:07 +0200: Memory Usage (464388K) : metal4_opc has 0 polygons
2026-09-09 20:59:07 +0200: Memory Usage (464388K) : metal4_noqrc has 0 polygons
2026-09-09 20:59:07 +0200: Memory Usage (464548K) : metal4_res has 0 polygons
2026-09-09 20:59:07 +0200: Memory Usage (464548K) : metal4_iprobe has 0 polygons
2026-09-09 20:59:07 +0200: Memory Usage (464548K) : metal4_diffprb has 0 polygons
2026-09-09 20:59:07 +0200: Memory Usage (464708K) : heattrans_drw has 0 polygons
2026-09-09 20:59:07 +0200: Memory Usage (464708K) : heatres_drw has 0 polygons
2026-09-09 20:59:07 +0200: Memory Usage (464708K) : pempoly_drw has 0 polygons
2026-09-09 20:59:07 +0200: Memory Usage (464868K) : fbe_drw has 0 polygons
2026-09-09 20:59:07 +0200: Memory Usage (464868K) : empoly_drw has 0 polygons
2026-09-09 20:59:07 +0200: Memory Usage (464868K) : ldmos_drw has 0 polygons
2026-09-09 20:59:07 +0200: Memory Usage (465028K) : pbiwind_drw has 0 polygons
2026-09-09 20:59:07 +0200: Memory Usage (465028K) : digisub_drw has 0 polygons
2026-09-09 20:59:07 +0200: Memory Usage (465028K) : nodrc_drw has 0 polygons
2026-09-09 20:59:07 +0200: Memory Usage (465028K) : text_drw has 0 polygons
2026-09-09 20:59:07 +0200: Memory Usage (465188K) : via4_drw has 0 polygons
2026-09-09 20:59:07 +0200: Memory Usage (465188K) : metal5_drw has 0 polygons
2026-09-09 20:59:07 +0200: Memory Usage (465188K) : metal5_pin has 0 polygons
2026-09-09 20:59:07 +0200: Memory Usage (465188K) : metal5_mask has 0 polygons
2026-09-09 20:59:07 +0200: Memory Usage (465348K) : metal5_filler has 0 polygons
2026-09-09 20:59:07 +0200: Memory Usage (465348K) : metal5_nofill has 0 polygons
2026-09-09 20:59:07 +0200: Memory Usage (465348K) : metal5_slit has 0 polygons
2026-09-09 20:59:07 +0200: Memory Usage (465508K) : metal5_text has 0 polygons
2026-09-09 20:59:07 +0200: Memory Usage (465508K) : metal5_opc has 0 polygons
2026-09-09 20:59:07 +0200: Memory Usage (465508K) : metal5_noqrc has 0 polygons
2026-09-09 20:59:07 +0200: Memory Usage (465508K) : metal5_res has 0 polygons
2026-09-09 20:59:07 +0200: Memory Usage (465668K) : metal5_iprobe has 0 polygons
2026-09-09 20:59:07 +0200: Memory Usage (465668K) : metal5_diffprb has 0 polygons
2026-09-09 20:59:07 +0200: Memory Usage (465828K) : radhard_drw has 0 polygons
2026-09-09 20:59:07 +0200: Memory Usage (465828K) : memcap_drw has 0 polygons
2026-09-09 20:59:07 +0200: Memory Usage (465828K) : varicap_drw has 0 polygons
2026-09-09 20:59:07 +0200: Memory Usage (465988K) : flash_drw has 0 polygons
2026-09-09 20:59:07 +0200: Memory Usage (465988K) : intbondvia_drw has 0 polygons
2026-09-09 20:59:07 +0200: Memory Usage (465988K) : intbondmet_drw has 0 polygons
2026-09-09 20:59:07 +0200: Memory Usage (466148K) : devbondvia_drw has 0 polygons
2026-09-09 20:59:07 +0200: Memory Usage (466148K) : devbondmet_drw has 0 polygons
2026-09-09 20:59:07 +0200: Memory Usage (466148K) : devtrench_drw has 0 polygons
2026-09-09 20:59:07 +0200: Memory Usage (466308K) : redist_drw has 0 polygons
2026-09-09 20:59:07 +0200: Memory Usage (466308K) : graphbot_drw has 0 polygons
2026-09-09 20:59:07 +0200: Memory Usage (466308K) : graphtop_drw has 0 polygons
2026-09-09 20:59:07 +0200: Memory Usage (466468K) : antvia1_drw has 0 polygons
2026-09-09 20:59:07 +0200: Memory Usage (466468K) : antmetal2_drw has 0 polygons
2026-09-09 20:59:07 +0200: Memory Usage (466468K) : graphcont_drw has 0 polygons
2026-09-09 20:59:07 +0200: Memory Usage (466628K) : siwg_drw has 0 polygons
2026-09-09 20:59:07 +0200: Memory Usage (466628K) : siwg_filler has 0 polygons
2026-09-09 20:59:07 +0200: Memory Usage (466628K) : siwg_nofill has 0 polygons
2026-09-09 20:59:07 +0200: Memory Usage (466788K) : sigrating_drw has 0 polygons
2026-09-09 20:59:07 +0200: Memory Usage (466788K) : singrating_drw has 0 polygons
2026-09-09 20:59:07 +0200: Memory Usage (466788K) : graphpas_drw has 0 polygons
2026-09-09 20:59:07 +0200: Memory Usage (466948K) : emwind3_drw has 0 polygons
2026-09-09 20:59:07 +0200: Memory Usage (466948K) : emwihv3_drw has 0 polygons
2026-09-09 20:59:07 +0200: Memory Usage (466948K) : redbulay_drw has 0 polygons
2026-09-09 20:59:07 +0200: Memory Usage (466948K) : smos_drw has 0 polygons
2026-09-09 20:59:07 +0200: Memory Usage (466948K) : graphpad_drw has 0 polygons
2026-09-09 20:59:07 +0200: Memory Usage (467108K) : polimide_drw has 0 polygons
2026-09-09 20:59:07 +0200: Memory Usage (467108K) : polimide_pin has 0 polygons
2026-09-09 20:59:07 +0200: Memory Usage (467108K) : recog_drw has 0 polygons
2026-09-09 20:59:07 +0200: Memory Usage (467108K) : recog_pin has 0 polygons
2026-09-09 20:59:07 +0200: Memory Usage (467268K) : recog_esd has 0 polygons
2026-09-09 20:59:07 +0200: Memory Usage (467268K) : recog_diode has 0 polygons
2026-09-09 20:59:07 +0200: Memory Usage (467268K) : recog_tsv has 0 polygons
2026-09-09 20:59:07 +0200: Memory Usage (467428K) : recog_iprobe has 0 polygons
2026-09-09 20:59:07 +0200: Memory Usage (467428K) : recog_diffprb has 0 polygons
2026-09-09 20:59:07 +0200: Memory Usage (467428K) : recog_pillar has 0 polygons
2026-09-09 20:59:07 +0200: Memory Usage (467588K) : recog_sbump has 0 polygons
2026-09-09 20:59:07 +0200: Memory Usage (467588K) : recog_otp has 0 polygons
2026-09-09 20:59:07 +0200: Memory Usage (467588K) : recog_pdiode has 0 polygons
2026-09-09 20:59:07 +0200: Memory Usage (467748K) : recog_mom has 0 polygons
2026-09-09 20:59:07 +0200: Memory Usage (467748K) : recog_pcm has 0 polygons
2026-09-09 20:59:07 +0200: Memory Usage (467748K) : colopen_drw has 0 polygons
2026-09-09 20:59:07 +0200: Memory Usage (467908K) : graphmetal1_drw has 0 polygons
2026-09-09 20:59:07 +0200: Memory Usage (467908K) : graphmetal1_filler has 0 polygons
2026-09-09 20:59:07 +0200: Memory Usage (467908K) : graphmetal1_nofill has 0 polygons
2026-09-09 20:59:07 +0200: Memory Usage (468068K) : graphmetal1_slit has 0 polygons
2026-09-09 20:59:07 +0200: Memory Usage (468068K) : graphmetal1_opc has 0 polygons
2026-09-09 20:59:07 +0200: Memory Usage (468068K) : graphmet1l_drw has 0 polygons
2026-09-09 20:59:07 +0200: Memory Usage (468228K) : graphmet1l_filler has 0 polygons
2026-09-09 20:59:07 +0200: Memory Usage (468228K) : graphmet1l_nofill has 0 polygons
2026-09-09 20:59:07 +0200: Memory Usage (468228K) : graphmet1l_slit has 0 polygons
2026-09-09 20:59:07 +0200: Memory Usage (468388K) : graphmet1l_opc has 0 polygons
2026-09-09 20:59:07 +0200: Memory Usage (468388K) : extblock_drw has 0 polygons
2026-09-09 20:59:07 +0200: Memory Usage (468388K) : nldd_drw has 0 polygons
2026-09-09 20:59:07 +0200: Memory Usage (468548K) : pldd_drw has 0 polygons
2026-09-09 20:59:07 +0200: Memory Usage (468548K) : next_drw has 0 polygons
2026-09-09 20:59:07 +0200: Memory Usage (468548K) : pext_drw has 0 polygons
2026-09-09 20:59:07 +0200: Memory Usage (468708K) : nexthv_drw has 0 polygons
2026-09-09 20:59:07 +0200: Memory Usage (468708K) : pexthv_drw has 0 polygons
2026-09-09 20:59:07 +0200: Memory Usage (468708K) : graphgate_drw has 0 polygons
2026-09-09 20:59:07 +0200: Memory Usage (468868K) : sinwg_drw has 0 polygons
2026-09-09 20:59:07 +0200: Memory Usage (468868K) : sinwg_filler has 0 polygons
2026-09-09 20:59:07 +0200: Memory Usage (468868K) : sinwg_nofill has 0 polygons
2026-09-09 20:59:07 +0200: Memory Usage (469028K) : mempad_drw has 0 polygons
2026-09-09 20:59:07 +0200: Memory Usage (469028K) : topvia1_drw has 0 polygons
2026-09-09 20:59:07 +0200: Memory Usage (469028K) : topmetal1_drw has 0 polygons
2026-09-09 20:59:07 +0200: Memory Usage (469028K) : topmetal1_pin has 0 polygons
2026-09-09 20:59:07 +0200: Memory Usage (469028K) : topmetal1_mask has 0 polygons
2026-09-09 20:59:07 +0200: Memory Usage (469028K) : topmetal1_filler has 0 polygons
2026-09-09 20:59:07 +0200: Memory Usage (469028K) : topmetal1_nofill has 0 polygons
2026-09-09 20:59:07 +0200: Memory Usage (469028K) : topmetal1_slit has 0 polygons
2026-09-09 20:59:07 +0200: Memory Usage (469028K) : topmetal1_text has 0 polygons
2026-09-09 20:59:07 +0200: Memory Usage (469028K) : topmetal1_noqrc has 0 polygons
2026-09-09 20:59:07 +0200: Memory Usage (469188K) : topmetal1_res has 0 polygons
2026-09-09 20:59:07 +0200: Memory Usage (469188K) : topmetal1_iprobe has 0 polygons
2026-09-09 20:59:07 +0200: Memory Usage (469188K) : topmetal1_diffprb has 0 polygons
2026-09-09 20:59:07 +0200: Memory Usage (469348K) : inldpwl_drw has 0 polygons
2026-09-09 20:59:07 +0200: Memory Usage (469348K) : polyres_drw has 0 polygons
2026-09-09 20:59:07 +0200: Memory Usage (469348K) : polyres_pin has 0 polygons
2026-09-09 20:59:07 +0200: Memory Usage (469508K) : vmim_drw has 0 polygons
2026-09-09 20:59:07 +0200: Memory Usage (469508K) : nbulaycut_drw has 0 polygons
2026-09-09 20:59:07 +0200: Memory Usage (469508K) : antmetal1_drw has 0 polygons
2026-09-09 20:59:07 +0200: Memory Usage (469668K) : topvia2_drw has 0 polygons
2026-09-09 20:59:07 +0200: Memory Usage (469668K) : topmetal2_drw has 0 polygons
2026-09-09 20:59:07 +0200: Memory Usage (469668K) : topmetal2_pin has 0 polygons
2026-09-09 20:59:07 +0200: Memory Usage (469828K) : topmetal2_mask has 0 polygons
2026-09-09 20:59:07 +0200: Memory Usage (469828K) : topmetal2_filler has 0 polygons
2026-09-09 20:59:07 +0200: Memory Usage (469828K) : topmetal2_nofill has 0 polygons
2026-09-09 20:59:07 +0200: Memory Usage (469988K) : topmetal2_slit has 0 polygons
2026-09-09 20:59:07 +0200: Memory Usage (469988K) : topmetal2_text has 0 polygons
2026-09-09 20:59:07 +0200: Memory Usage (469988K) : topmetal2_noqrc has 0 polygons
2026-09-09 20:59:07 +0200: Memory Usage (470148K) : topmetal2_res has 0 polygons
2026-09-09 20:59:07 +0200: Memory Usage (470148K) : topmetal2_iprobe has 0 polygons
2026-09-09 20:59:07 +0200: Memory Usage (470148K) : topmetal2_diffprb has 0 polygons
2026-09-09 20:59:07 +0200: Memory Usage (470308K) : snsring_drw has 0 polygons
2026-09-09 20:59:07 +0200: Memory Usage (470308K) : sensor_drw has 0 polygons
2026-09-09 20:59:07 +0200: Memory Usage (470308K) : snsarms_drw has 0 polygons
2026-09-09 20:59:07 +0200: Memory Usage (470468K) : snscmosvia_drw has 0 polygons
2026-09-09 20:59:07 +0200: Memory Usage (470468K) : colwind_drw has 0 polygons
2026-09-09 20:59:07 +0200: Memory Usage (470468K) : flm_drw has 0 polygons
2026-09-09 20:59:07 +0200: Memory Usage (470628K) : hafniumox_drw has 0 polygons
2026-09-09 20:59:07 +0200: Memory Usage (470628K) : memvia_drw has 0 polygons
2026-09-09 20:59:07 +0200: Memory Usage (470628K) : thinfilmres_drw has 0 polygons
2026-09-09 20:59:07 +0200: Memory Usage (470788K) : rfmem_drw has 0 polygons
2026-09-09 20:59:07 +0200: Memory Usage (470788K) : norcx_drw has 0 polygons
2026-09-09 20:59:07 +0200: Memory Usage (470788K) : norcx_m2m3 has 0 polygons
2026-09-09 20:59:07 +0200: Memory Usage (470948K) : norcx_m2m4 has 0 polygons
2026-09-09 20:59:07 +0200: Memory Usage (470948K) : norcx_m2m5 has 0 polygons
2026-09-09 20:59:07 +0200: Memory Usage (471108K) : norcx_m2tm1 has 0 polygons
2026-09-09 20:59:07 +0200: Memory Usage (471108K) : norcx_m2tm2 has 0 polygons
2026-09-09 20:59:07 +0200: Memory Usage (471108K) : norcx_m3m4 has 0 polygons
2026-09-09 20:59:07 +0200: Memory Usage (471108K) : norcx_m3m5 has 0 polygons
2026-09-09 20:59:07 +0200: Memory Usage (471268K) : norcx_m3tm1 has 0 polygons
2026-09-09 20:59:07 +0200: Memory Usage (471268K) : norcx_m3tm2 has 0 polygons
2026-09-09 20:59:07 +0200: Memory Usage (471268K) : norcx_m4m5 has 0 polygons
2026-09-09 20:59:07 +0200: Memory Usage (471428K) : norcx_m4tm1 has 0 polygons
2026-09-09 20:59:07 +0200: Memory Usage (471428K) : norcx_m4tm2 has 0 polygons
2026-09-09 20:59:07 +0200: Memory Usage (471428K) : norcx_m5tm1 has 0 polygons
2026-09-09 20:59:07 +0200: Memory Usage (471588K) : norcx_m5tm2 has 0 polygons
2026-09-09 20:59:07 +0200: Memory Usage (471588K) : norcx_tm1tm2 has 0 polygons
2026-09-09 20:59:07 +0200: Memory Usage (471588K) : norcx_m1sub has 0 polygons
2026-09-09 20:59:07 +0200: Memory Usage (471748K) : norcx_m2sub has 0 polygons
2026-09-09 20:59:07 +0200: Memory Usage (471748K) : norcx_m3sub has 0 polygons
2026-09-09 20:59:07 +0200: Memory Usage (471908K) : norcx_m4sub has 0 polygons
2026-09-09 20:59:07 +0200: Memory Usage (471908K) : norcx_m5sub has 0 polygons
2026-09-09 20:59:07 +0200: Memory Usage (471908K) : norcx_tm1sub has 0 polygons
2026-09-09 20:59:07 +0200: Memory Usage (471908K) : norcx_tm2sub has 0 polygons
2026-09-09 20:59:07 +0200: Memory Usage (472068K) : snsbotvia_drw has 0 polygons
2026-09-09 20:59:07 +0200: Memory Usage (472068K) : snstopvia_drw has 0 polygons
2026-09-09 20:59:07 +0200: Memory Usage (472228K) : deepvia_drw has 0 polygons
2026-09-09 20:59:07 +0200: Memory Usage (472228K) : fgetch_drw has 0 polygons
2026-09-09 20:59:07 +0200: Memory Usage (472228K) : ctrgat_drw has 0 polygons
2026-09-09 20:59:07 +0200: Memory Usage (472388K) : fgimp_drw has 0 polygons
2026-09-09 20:59:07 +0200: Memory Usage (472388K) : emwihv_drw has 0 polygons
2026-09-09 20:59:07 +0200: Memory Usage (472388K) : lbe_drw has 0 polygons
2026-09-09 20:59:07 +0200: Memory Usage (472548K) : alcustop_drw has 0 polygons
2026-09-09 20:59:07 +0200: Memory Usage (472548K) : nometfiller_drw has 0 polygons
2026-09-09 20:59:07 +0200: Memory Usage (472548K) : prboundary_drw has 0 polygons
2026-09-09 20:59:07 +0200: Memory Usage (472708K) : exchange0_drw has 0 polygons
2026-09-09 20:59:07 +0200: Memory Usage (472708K) : exchange0_pin has 0 polygons
2026-09-09 20:59:07 +0200: Memory Usage (472708K) : exchange0_text has 0 polygons
2026-09-09 20:59:07 +0200: Memory Usage (472708K) : exchange1_drw has 0 polygons
2026-09-09 20:59:07 +0200: Memory Usage (472868K) : exchange1_pin has 0 polygons
2026-09-09 20:59:07 +0200: Memory Usage (472868K) : exchange1_text has 0 polygons
2026-09-09 20:59:07 +0200: Memory Usage (472868K) : exchange2_drw has 0 polygons
2026-09-09 20:59:07 +0200: Memory Usage (473028K) : exchange2_pin has 0 polygons
2026-09-09 20:59:07 +0200: Memory Usage (473028K) : exchange2_text has 0 polygons
2026-09-09 20:59:07 +0200: Memory Usage (473028K) : exchange3_drw has 0 polygons
2026-09-09 20:59:07 +0200: Memory Usage (473188K) : exchange3_pin has 0 polygons
2026-09-09 20:59:07 +0200: Memory Usage (473188K) : exchange3_text has 0 polygons
2026-09-09 20:59:07 +0200: Memory Usage (473188K) : exchange4_drw has 0 polygons
2026-09-09 20:59:07 +0200: Memory Usage (473348K) : exchange4_pin has 0 polygons
2026-09-09 20:59:07 +0200: Memory Usage (473348K) : exchange4_text has 0 polygons
2026-09-09 20:59:07 +0200: Memory Usage (473348K) : isonwell_drw has 0 polygons
2026-09-09 20:59:07 +0200: Memory Usage (473348K) : Total no. of polygons in the design is 95
2026-09-09 20:59:07 +0200: Memory Usage (473348K) : Loaded TECH DRC rules values from /foss/pdks/ihp-sg13g2/libs.tech/klayout/python/sg13g2_pycell_lib/sg13g2_tech_mod.json
2026-09-09 20:59:07 +0200: Memory Usage (473348K) : Loaded default DRC rules values from /foss/pdks/ihp-sg13g2/libs.tech/klayout/tech/drc/rule_decks/sg13g2_tech_default.json
2026-09-09 20:59:07 +0200: Memory Usage (473348K) : The following rules values were missing in tech json and default values were used:
2026-09-09 20:59:07 +0200: Memory Usage (473508K) :   - NW_f1_digibnd
2026-09-09 20:59:07 +0200: Memory Usage (473508K) :   - Cnt_c_digibnd
2026-09-09 20:59:07 +0200: Memory Usage (473508K) :   - Cnt_c_sram
2026-09-09 20:59:07 +0200: Memory Usage (473508K) :   - Sdiod_b
2026-09-09 20:59:07 +0200: Memory Usage (473508K) :   - Sdiod_c
2026-09-09 20:59:07 +0200: Memory Usage (474852K) : Total area of the design is 18.9648 um^2.
2026-09-09 20:59:07 +0200: Memory Usage (474852K) : The design dimensions are 4.32 µm * 4.39 µm.
2026-09-09 20:59:07 +0200: Memory Usage (474852K) : Starting general IHP-SG13G2 derivations.
2026-09-09 20:59:07 +0200: Memory Usage (474852K) : Starting Pwell derivations
2026-09-09 20:59:07 +0200: Memory Usage (476712K) : Starting n-Activ derivations
2026-09-09 20:59:07 +0200: Memory Usage (476872K) : Starting p-Activ derivations
2026-09-09 20:59:07 +0200: Memory Usage (476872K) : Starting ptap derivations
2026-09-09 20:59:07 +0200: Memory Usage (477032K) : Starting ntap derivations
2026-09-09 20:59:07 +0200: Memory Usage (477192K) : Starting pact FET derivations
2026-09-09 20:59:07 +0200: Memory Usage (477028K) : Starting nact FET derivations
2026-09-09 20:59:07 +0200: Memory Usage (477028K) : Starting Gate derivations
2026-09-09 20:59:07 +0200: Memory Usage (477188K) : Starting SVaricap general derivations
2026-09-09 20:59:07 +0200: Memory Usage (477188K) : Starting IHP-SG13G2 DRC connectivity related derivations.
2026-09-09 20:59:07 +0200: Memory Usage (477188K) : Starting IHP-SG13G2 DRC connectivity setup
2026-09-09 20:59:07 +0200: Memory Usage (477380K) : Starting IHP-SG13G2 DRC rules.
2026-09-09 20:59:07 +0200: Memory Usage (477380K) : Starting 5.1 NWell table
2026-09-09 20:59:07 +0200: Memory Usage (477380K) : Executing rule NW.b
2026-09-09 20:59:07 +0200: Memory Usage (477928K) : Executing rule NW.b1
2026-09-09 20:59:07 +0200: Memory Usage (477928K) : Executing rule NW.f1
2026-09-09 20:59:07 +0200: Memory Usage (477928K) : Executing rule NW.f1.digibnd
2026-09-09 20:59:07 +0200: Memory Usage (477928K) : KLayout DRC run for tables 'nwell' completed in 0.24 seconds
