# Logfile created on 2026-09-09 20:59:10 +0200 by logger.rb/v1.5.3
2026-09-09 20:59:10 +0200: Memory Usage (457428K) : Starting running IHP-SG13G2 KLayout DRC runset on /foss/designs/aion_chip/flow/regress/AION_a21oi_nor2_1/AION_a21oi_nor2_1.gds
2026-09-09 20:59:10 +0200: Memory Usage (457428K) : Ruby Version for klayout: 3.2.3
2026-09-09 20:59:10 +0200: Memory Usage (458388K) : Loading database to memory is complete.
2026-09-09 20:59:10 +0200: Memory Usage (458388K) : IHP-SG13G2 KLayout DRC runset output at: /foss/designs/aion_chip/flow/regress/AION_a21oi_nor2_1/drc/AION_a21oi_nor2_1.klayout.drc/AION_a21oi_nor2_1_AION_a21oi_nor2_1_topvia1.lyrdb
2026-09-09 20:59:10 +0200: Memory Usage (458580K) : Evaluate switches.
2026-09-09 20:59:10 +0200: Memory Usage (458580K) : tables selected: topvia1
2026-09-09 20:59:10 +0200: Memory Usage (458580K) : KLayout will use 15 thread(s) in tiling mode.
2026-09-09 20:59:10 +0200: Memory Usage (458580K) : deep mode is enabled.
2026-09-09 20:59:10 +0200: Memory Usage (458580K) : FEOL enabled: false
2026-09-09 20:59:10 +0200: Memory Usage (458580K) : BEOL enabled: false
2026-09-09 20:59:10 +0200: Memory Usage (458580K) : OFFGRID enabled: true
2026-09-09 20:59:10 +0200: Memory Usage (458580K) : ANGLE enabled: true
2026-09-09 20:59:10 +0200: Memory Usage (458580K) : PIN enabled: false
2026-09-09 20:59:10 +0200: Memory Usage (458580K) : FORBIDDEN enabled: false
2026-09-09 20:59:10 +0200: Memory Usage (458580K) : RECOMMENDED enabled: true
2026-09-09 20:59:10 +0200: Memory Usage (458580K) : PreCheck DRC enabled: false
2026-09-09 20:59:10 +0200: Memory Usage (458580K) : CONNECTIVITY_RULES enabled: false.
2026-09-09 20:59:10 +0200: Memory Usage (458580K) : Read in polygons from layers.
2026-09-09 20:59:10 +0200: Memory Usage (459348K) : activ_drw has 5 polygons
2026-09-09 20:59:10 +0200: Memory Usage (459348K) : activ_pin has 0 polygons
2026-09-09 20:59:10 +0200: Memory Usage (459348K) : activ_mask has 0 polygons
2026-09-09 20:59:10 +0200: Memory Usage (459348K) : activ_filler has 0 polygons
2026-09-09 20:59:10 +0200: Memory Usage (459348K) : activ_nofill has 0 polygons
2026-09-09 20:59:10 +0200: Memory Usage (459348K) : activ_opc has 0 polygons
2026-09-09 20:59:10 +0200: Memory Usage (459348K) : activ_iopc has 0 polygons
2026-09-09 20:59:10 +0200: Memory Usage (459348K) : activ_noqrc has 0 polygons
2026-09-09 20:59:10 +0200: Memory Usage (459348K) : biwind_drw has 0 polygons
2026-09-09 20:59:10 +0200: Memory Usage (459348K) : biwind_opc has 0 polygons
2026-09-09 20:59:10 +0200: Memory Usage (459348K) : pemwind_drw has 0 polygons
2026-09-09 20:59:10 +0200: Memory Usage (459348K) : gatpoly_drw has 10 polygons
2026-09-09 20:59:10 +0200: Memory Usage (459348K) : gatpoly_pin has 0 polygons
2026-09-09 20:59:10 +0200: Memory Usage (459348K) : gatpoly_filler has 0 polygons
2026-09-09 20:59:10 +0200: Memory Usage (459348K) : gatpoly_nofill has 0 polygons
2026-09-09 20:59:10 +0200: Memory Usage (459348K) : gatpoly_opc has 0 polygons
2026-09-09 20:59:10 +0200: Memory Usage (459348K) : gatpoly_iopc has 0 polygons
2026-09-09 20:59:10 +0200: Memory Usage (459348K) : gatpoly_noqrc has 0 polygons
2026-09-09 20:59:10 +0200: Memory Usage (459348K) : cont_drw has 40 polygons
2026-09-09 20:59:10 +0200: Memory Usage (459508K) : cont_opc has 0 polygons
2026-09-09 20:59:10 +0200: Memory Usage (459508K) : nsd_drw has 0 polygons
2026-09-09 20:59:10 +0200: Memory Usage (459508K) : nsd_block has 0 polygons
2026-09-09 20:59:10 +0200: Memory Usage (459508K) : metal1_drw has 23 polygons
2026-09-09 20:59:10 +0200: Memory Usage (459508K) : metal1_pin has 7 polygons
2026-09-09 20:59:10 +0200: Memory Usage (459508K) : metal1_mask has 0 polygons
2026-09-09 20:59:10 +0200: Memory Usage (459508K) : metal1_filler has 0 polygons
2026-09-09 20:59:10 +0200: Memory Usage (459668K) : metal1_nofill has 0 polygons
2026-09-09 20:59:10 +0200: Memory Usage (459668K) : metal1_slit has 0 polygons
2026-09-09 20:59:10 +0200: Memory Usage (460052K) : metal1_text has 7 polygons
2026-09-09 20:59:10 +0200: Memory Usage (460212K) : metal1_opc has 0 polygons
2026-09-09 20:59:10 +0200: Memory Usage (460212K) : metal1_noqrc has 0 polygons
2026-09-09 20:59:10 +0200: Memory Usage (460212K) : metal1_res has 0 polygons
2026-09-09 20:59:10 +0200: Memory Usage (460372K) : metal1_iprobe has 0 polygons
2026-09-09 20:59:10 +0200: Memory Usage (460372K) : metal1_diffprb has 0 polygons
2026-09-09 20:59:10 +0200: Memory Usage (460532K) : passiv_drw has 0 polygons
2026-09-09 20:59:10 +0200: Memory Usage (460532K) : passiv_pin has 0 polygons
2026-09-09 20:59:10 +0200: Memory Usage (460532K) : passiv_sbump has 0 polygons
2026-09-09 20:59:10 +0200: Memory Usage (460532K) : passiv_pillar has 0 polygons
2026-09-09 20:59:10 +0200: Memory Usage (460692K) : passiv_pdl has 0 polygons
2026-09-09 20:59:10 +0200: Memory Usage (460692K) : metal2_drw has 0 polygons
2026-09-09 20:59:10 +0200: Memory Usage (460692K) : metal2_pin has 0 polygons
2026-09-09 20:59:10 +0200: Memory Usage (460692K) : metal2_mask has 0 polygons
2026-09-09 20:59:10 +0200: Memory Usage (460692K) : metal2_filler has 0 polygons
2026-09-09 20:59:10 +0200: Memory Usage (460692K) : metal2_nofill has 0 polygons
2026-09-09 20:59:10 +0200: Memory Usage (460692K) : metal2_slit has 0 polygons
2026-09-09 20:59:10 +0200: Memory Usage (460692K) : metal2_text has 0 polygons
2026-09-09 20:59:10 +0200: Memory Usage (460692K) : metal2_opc has 0 polygons
2026-09-09 20:59:10 +0200: Memory Usage (460852K) : metal2_noqrc has 0 polygons
2026-09-09 20:59:10 +0200: Memory Usage (460852K) : metal2_res has 0 polygons
2026-09-09 20:59:10 +0200: Memory Usage (460852K) : metal2_iprobe has 0 polygons
2026-09-09 20:59:10 +0200: Memory Usage (461012K) : metal2_diffprb has 0 polygons
2026-09-09 20:59:10 +0200: Memory Usage (461012K) : baspoly_drw has 0 polygons
2026-09-09 20:59:10 +0200: Memory Usage (461012K) : baspoly_pin has 0 polygons
2026-09-09 20:59:10 +0200: Memory Usage (461012K) : psd_drw has 2 polygons
2026-09-09 20:59:10 +0200: Memory Usage (461012K) : nldb_drw has 0 polygons
2026-09-09 20:59:10 +0200: Memory Usage (461172K) : digibnd_drw has 0 polygons
2026-09-09 20:59:10 +0200: Memory Usage (461172K) : via1_drw has 0 polygons
2026-09-09 20:59:10 +0200: Memory Usage (461332K) : backmetal1_drw has 0 polygons
2026-09-09 20:59:10 +0200: Memory Usage (461332K) : backmetal1_pin has 0 polygons
2026-09-09 20:59:10 +0200: Memory Usage (461332K) : backmetal1_mask has 0 polygons
2026-09-09 20:59:10 +0200: Memory Usage (461492K) : backmetal1_filler has 0 polygons
2026-09-09 20:59:10 +0200: Memory Usage (461492K) : backmetal1_nofill has 0 polygons
2026-09-09 20:59:10 +0200: Memory Usage (461492K) : backmetal1_slit has 0 polygons
2026-09-09 20:59:10 +0200: Memory Usage (461652K) : backmetal1_text has 0 polygons
2026-09-09 20:59:10 +0200: Memory Usage (461652K) : backmetal1_opc has 0 polygons
2026-09-09 20:59:10 +0200: Memory Usage (461812K) : backmetal1_noqrc has 0 polygons
2026-09-09 20:59:10 +0200: Memory Usage (461812K) : backmetal1_res has 0 polygons
2026-09-09 20:59:10 +0200: Memory Usage (461972K) : backmetal1_iprobe has 0 polygons
2026-09-09 20:59:10 +0200: Memory Usage (461972K) : backmetal1_diffprb has 0 polygons
2026-09-09 20:59:10 +0200: Memory Usage (462132K) : backpassiv_drw has 0 polygons
2026-09-09 20:59:10 +0200: Memory Usage (462132K) : res_drw has 0 polygons
2026-09-09 20:59:10 +0200: Memory Usage (462132K) : sram_drw has 0 polygons
2026-09-09 20:59:10 +0200: Memory Usage (462292K) : trans_drw has 0 polygons
2026-09-09 20:59:10 +0200: Memory Usage (462292K) : ind_drw has 0 polygons
2026-09-09 20:59:10 +0200: Memory Usage (462292K) : ind_pin has 0 polygons
2026-09-09 20:59:10 +0200: Memory Usage (462452K) : ind_text has 0 polygons
2026-09-09 20:59:10 +0200: Memory Usage (462452K) : salblock_drw has 0 polygons
2026-09-09 20:59:10 +0200: Memory Usage (462452K) : via2_drw has 0 polygons
2026-09-09 20:59:10 +0200: Memory Usage (462612K) : metal3_drw has 0 polygons
2026-09-09 20:59:10 +0200: Memory Usage (462612K) : metal3_pin has 0 polygons
2026-09-09 20:59:10 +0200: Memory Usage (462612K) : metal3_mask has 0 polygons
2026-09-09 20:59:10 +0200: Memory Usage (462772K) : metal3_filler has 0 polygons
2026-09-09 20:59:10 +0200: Memory Usage (462772K) : metal3_nofill has 0 polygons
2026-09-09 20:59:10 +0200: Memory Usage (462772K) : metal3_slit has 0 polygons
2026-09-09 20:59:10 +0200: Memory Usage (462932K) : metal3_text has 0 polygons
2026-09-09 20:59:10 +0200: Memory Usage (462932K) : metal3_opc has 0 polygons
2026-09-09 20:59:10 +0200: Memory Usage (463092K) : metal3_noqrc has 0 polygons
2026-09-09 20:59:10 +0200: Memory Usage (463092K) : metal3_res has 0 polygons
2026-09-09 20:59:10 +0200: Memory Usage (463092K) : metal3_iprobe has 0 polygons
2026-09-09 20:59:10 +0200: Memory Usage (463092K) : metal3_diffprb has 0 polygons
2026-09-09 20:59:10 +0200: Memory Usage (463252K) : nwell_drw has 1 polygons
2026-09-09 20:59:10 +0200: Memory Usage (463252K) : nwell_pin has 0 polygons
2026-09-09 20:59:10 +0200: Memory Usage (463252K) : nbulay_drw has 0 polygons
2026-09-09 20:59:10 +0200: Memory Usage (463252K) : nbulay_pin has 0 polygons
2026-09-09 20:59:10 +0200: Memory Usage (463412K) : nbulay_block has 0 polygons
2026-09-09 20:59:10 +0200: Memory Usage (463412K) : emwind_drw has 0 polygons
2026-09-09 20:59:10 +0200: Memory Usage (463412K) : emwind_opc has 0 polygons
2026-09-09 20:59:10 +0200: Memory Usage (463412K) : deepco_drw has 0 polygons
2026-09-09 20:59:10 +0200: Memory Usage (463572K) : deepco_drw has 0 polygons
2026-09-09 20:59:10 +0200: Memory Usage (463572K) : mim_drw has 0 polygons
2026-09-09 20:59:10 +0200: Memory Usage (463572K) : edgeseal_drw has 0 polygons
2026-09-09 20:59:10 +0200: Memory Usage (463572K) : edgeseal_bound has 0 polygons
2026-09-09 20:59:10 +0200: Memory Usage (463572K) : substrate_drw has 0 polygons
2026-09-09 20:59:10 +0200: Memory Usage (463572K) : substrate_text has 0 polygons
2026-09-09 20:59:10 +0200: Memory Usage (463732K) : dfpad_drw has 0 polygons
2026-09-09 20:59:10 +0200: Memory Usage (463732K) : dfpad_pillar has 0 polygons
2026-09-09 20:59:10 +0200: Memory Usage (463892K) : dfpad_sbump has 0 polygons
2026-09-09 20:59:10 +0200: Memory Usage (463892K) : thickgateox_drw has 0 polygons
2026-09-09 20:59:10 +0200: Memory Usage (463892K) : pldb_drw has 0 polygons
2026-09-09 20:59:10 +0200: Memory Usage (464052K) : pwell_drw has 0 polygons
2026-09-09 20:59:10 +0200: Memory Usage (464052K) : pwell_pin has 0 polygons
2026-09-09 20:59:10 +0200: Memory Usage (464052K) : pwell_block has 0 polygons
2026-09-09 20:59:10 +0200: Memory Usage (464212K) : ic_drw has 0 polygons
2026-09-09 20:59:10 +0200: Memory Usage (464212K) : via3_drw has 0 polygons
2026-09-09 20:59:10 +0200: Memory Usage (464212K) : metal4_drw has 0 polygons
2026-09-09 20:59:10 +0200: Memory Usage (464372K) : metal4_pin has 0 polygons
2026-09-09 20:59:10 +0200: Memory Usage (464372K) : metal4_mask has 0 polygons
2026-09-09 20:59:10 +0200: Memory Usage (464372K) : metal4_filler has 0 polygons
2026-09-09 20:59:10 +0200: Memory Usage (464532K) : metal4_nofill has 0 polygons
2026-09-09 20:59:10 +0200: Memory Usage (464532K) : metal4_slit has 0 polygons
2026-09-09 20:59:10 +0200: Memory Usage (464532K) : metal4_text has 0 polygons
2026-09-09 20:59:10 +0200: Memory Usage (464692K) : metal4_opc has 0 polygons
2026-09-09 20:59:10 +0200: Memory Usage (464692K) : metal4_noqrc has 0 polygons
2026-09-09 20:59:10 +0200: Memory Usage (464692K) : metal4_res has 0 polygons
2026-09-09 20:59:10 +0200: Memory Usage (464852K) : metal4_iprobe has 0 polygons
2026-09-09 20:59:10 +0200: Memory Usage (464852K) : metal4_diffprb has 0 polygons
2026-09-09 20:59:10 +0200: Memory Usage (464852K) : heattrans_drw has 0 polygons
2026-09-09 20:59:10 +0200: Memory Usage (465012K) : heatres_drw has 0 polygons
2026-09-09 20:59:10 +0200: Memory Usage (465012K) : pempoly_drw has 0 polygons
2026-09-09 20:59:10 +0200: Memory Usage (465012K) : fbe_drw has 0 polygons
2026-09-09 20:59:10 +0200: Memory Usage (465172K) : empoly_drw has 0 polygons
2026-09-09 20:59:10 +0200: Memory Usage (465172K) : ldmos_drw has 0 polygons
2026-09-09 20:59:10 +0200: Memory Usage (465172K) : pbiwind_drw has 0 polygons
2026-09-09 20:59:10 +0200: Memory Usage (465172K) : digisub_drw has 0 polygons
2026-09-09 20:59:10 +0200: Memory Usage (465332K) : nodrc_drw has 0 polygons
2026-09-09 20:59:10 +0200: Memory Usage (465332K) : text_drw has 0 polygons
2026-09-09 20:59:10 +0200: Memory Usage (465332K) : via4_drw has 0 polygons
2026-09-09 20:59:10 +0200: Memory Usage (465332K) : metal5_drw has 0 polygons
2026-09-09 20:59:10 +0200: Memory Usage (465492K) : metal5_pin has 0 polygons
2026-09-09 20:59:10 +0200: Memory Usage (465492K) : metal5_mask has 0 polygons
2026-09-09 20:59:10 +0200: Memory Usage (465492K) : metal5_filler has 0 polygons
2026-09-09 20:59:10 +0200: Memory Usage (465652K) : metal5_nofill has 0 polygons
2026-09-09 20:59:10 +0200: Memory Usage (465652K) : metal5_slit has 0 polygons
2026-09-09 20:59:10 +0200: Memory Usage (465652K) : metal5_text has 0 polygons
2026-09-09 20:59:10 +0200: Memory Usage (465812K) : metal5_opc has 0 polygons
2026-09-09 20:59:10 +0200: Memory Usage (465812K) : metal5_noqrc has 0 polygons
2026-09-09 20:59:10 +0200: Memory Usage (465812K) : metal5_res has 0 polygons
2026-09-09 20:59:10 +0200: Memory Usage (465972K) : metal5_iprobe has 0 polygons
2026-09-09 20:59:10 +0200: Memory Usage (465972K) : metal5_diffprb has 0 polygons
2026-09-09 20:59:10 +0200: Memory Usage (465972K) : radhard_drw has 0 polygons
2026-09-09 20:59:10 +0200: Memory Usage (466132K) : memcap_drw has 0 polygons
2026-09-09 20:59:10 +0200: Memory Usage (466132K) : varicap_drw has 0 polygons
2026-09-09 20:59:10 +0200: Memory Usage (466132K) : flash_drw has 0 polygons
2026-09-09 20:59:10 +0200: Memory Usage (466292K) : intbondvia_drw has 0 polygons
2026-09-09 20:59:10 +0200: Memory Usage (466292K) : intbondmet_drw has 0 polygons
2026-09-09 20:59:10 +0200: Memory Usage (466292K) : devbondvia_drw has 0 polygons
2026-09-09 20:59:10 +0200: Memory Usage (466452K) : devbondmet_drw has 0 polygons
2026-09-09 20:59:10 +0200: Memory Usage (466452K) : devtrench_drw has 0 polygons
2026-09-09 20:59:10 +0200: Memory Usage (466452K) : redist_drw has 0 polygons
2026-09-09 20:59:10 +0200: Memory Usage (466612K) : graphbot_drw has 0 polygons
2026-09-09 20:59:10 +0200: Memory Usage (466612K) : graphtop_drw has 0 polygons
2026-09-09 20:59:10 +0200: Memory Usage (466612K) : antvia1_drw has 0 polygons
2026-09-09 20:59:10 +0200: Memory Usage (466772K) : antmetal2_drw has 0 polygons
2026-09-09 20:59:10 +0200: Memory Usage (466772K) : graphcont_drw has 0 polygons
2026-09-09 20:59:10 +0200: Memory Usage (466772K) : siwg_drw has 0 polygons
2026-09-09 20:59:10 +0200: Memory Usage (466932K) : siwg_filler has 0 polygons
2026-09-09 20:59:10 +0200: Memory Usage (466932K) : siwg_nofill has 0 polygons
2026-09-09 20:59:10 +0200: Memory Usage (466932K) : sigrating_drw has 0 polygons
2026-09-09 20:59:10 +0200: Memory Usage (466932K) : singrating_drw has 0 polygons
2026-09-09 20:59:10 +0200: Memory Usage (467092K) : graphpas_drw has 0 polygons
2026-09-09 20:59:10 +0200: Memory Usage (467092K) : emwind3_drw has 0 polygons
2026-09-09 20:59:10 +0200: Memory Usage (467092K) : emwihv3_drw has 0 polygons
2026-09-09 20:59:10 +0200: Memory Usage (467092K) : redbulay_drw has 0 polygons
2026-09-09 20:59:10 +0200: Memory Usage (467252K) : smos_drw has 0 polygons
2026-09-09 20:59:10 +0200: Memory Usage (467252K) : graphpad_drw has 0 polygons
2026-09-09 20:59:10 +0200: Memory Usage (467252K) : polimide_drw has 0 polygons
2026-09-09 20:59:10 +0200: Memory Usage (467412K) : polimide_pin has 0 polygons
2026-09-09 20:59:10 +0200: Memory Usage (467412K) : recog_drw has 0 polygons
2026-09-09 20:59:10 +0200: Memory Usage (467412K) : recog_pin has 0 polygons
2026-09-09 20:59:10 +0200: Memory Usage (467572K) : recog_esd has 0 polygons
2026-09-09 20:59:10 +0200: Memory Usage (467572K) : recog_diode has 0 polygons
2026-09-09 20:59:10 +0200: Memory Usage (467572K) : recog_tsv has 0 polygons
2026-09-09 20:59:10 +0200: Memory Usage (467732K) : recog_iprobe has 0 polygons
2026-09-09 20:59:10 +0200: Memory Usage (467732K) : recog_diffprb has 0 polygons
2026-09-09 20:59:10 +0200: Memory Usage (467732K) : recog_pillar has 0 polygons
2026-09-09 20:59:10 +0200: Memory Usage (467892K) : recog_sbump has 0 polygons
2026-09-09 20:59:10 +0200: Memory Usage (467892K) : recog_otp has 0 polygons
2026-09-09 20:59:10 +0200: Memory Usage (467892K) : recog_pdiode has 0 polygons
2026-09-09 20:59:10 +0200: Memory Usage (468052K) : recog_mom has 0 polygons
2026-09-09 20:59:10 +0200: Memory Usage (468052K) : recog_pcm has 0 polygons
2026-09-09 20:59:10 +0200: Memory Usage (468052K) : colopen_drw has 0 polygons
2026-09-09 20:59:10 +0200: Memory Usage (468212K) : graphmetal1_drw has 0 polygons
2026-09-09 20:59:10 +0200: Memory Usage (468212K) : graphmetal1_filler has 0 polygons
2026-09-09 20:59:10 +0200: Memory Usage (468212K) : graphmetal1_nofill has 0 polygons
2026-09-09 20:59:10 +0200: Memory Usage (468372K) : graphmetal1_slit has 0 polygons
2026-09-09 20:59:10 +0200: Memory Usage (468372K) : graphmetal1_opc has 0 polygons
2026-09-09 20:59:10 +0200: Memory Usage (468372K) : graphmet1l_drw has 0 polygons
2026-09-09 20:59:10 +0200: Memory Usage (468532K) : graphmet1l_filler has 0 polygons
2026-09-09 20:59:10 +0200: Memory Usage (468532K) : graphmet1l_nofill has 0 polygons
2026-09-09 20:59:10 +0200: Memory Usage (468532K) : graphmet1l_slit has 0 polygons
2026-09-09 20:59:10 +0200: Memory Usage (468692K) : graphmet1l_opc has 0 polygons
2026-09-09 20:59:10 +0200: Memory Usage (468692K) : extblock_drw has 0 polygons
2026-09-09 20:59:10 +0200: Memory Usage (468692K) : nldd_drw has 0 polygons
2026-09-09 20:59:10 +0200: Memory Usage (468852K) : pldd_drw has 0 polygons
2026-09-09 20:59:10 +0200: Memory Usage (468852K) : next_drw has 0 polygons
2026-09-09 20:59:10 +0200: Memory Usage (468852K) : pext_drw has 0 polygons
2026-09-09 20:59:10 +0200: Memory Usage (469012K) : nexthv_drw has 0 polygons
2026-09-09 20:59:10 +0200: Memory Usage (469012K) : pexthv_drw has 0 polygons
2026-09-09 20:59:10 +0200: Memory Usage (469012K) : graphgate_drw has 0 polygons
2026-09-09 20:59:10 +0200: Memory Usage (469172K) : sinwg_drw has 0 polygons
2026-09-09 20:59:10 +0200: Memory Usage (469172K) : sinwg_filler has 0 polygons
2026-09-09 20:59:10 +0200: Memory Usage (469172K) : sinwg_nofill has 0 polygons
2026-09-09 20:59:10 +0200: Memory Usage (469332K) : mempad_drw has 0 polygons
2026-09-09 20:59:10 +0200: Memory Usage (469332K) : topvia1_drw has 0 polygons
2026-09-09 20:59:10 +0200: Memory Usage (469332K) : topmetal1_drw has 0 polygons
2026-09-09 20:59:10 +0200: Memory Usage (469332K) : topmetal1_pin has 0 polygons
2026-09-09 20:59:10 +0200: Memory Usage (469332K) : topmetal1_mask has 0 polygons
2026-09-09 20:59:10 +0200: Memory Usage (469332K) : topmetal1_filler has 0 polygons
2026-09-09 20:59:10 +0200: Memory Usage (469332K) : topmetal1_nofill has 0 polygons
2026-09-09 20:59:10 +0200: Memory Usage (469332K) : topmetal1_slit has 0 polygons
2026-09-09 20:59:10 +0200: Memory Usage (469332K) : topmetal1_text has 0 polygons
2026-09-09 20:59:10 +0200: Memory Usage (469332K) : topmetal1_noqrc has 0 polygons
2026-09-09 20:59:10 +0200: Memory Usage (469492K) : topmetal1_res has 0 polygons
2026-09-09 20:59:10 +0200: Memory Usage (469492K) : topmetal1_iprobe has 0 polygons
2026-09-09 20:59:10 +0200: Memory Usage (469492K) : topmetal1_diffprb has 0 polygons
2026-09-09 20:59:10 +0200: Memory Usage (469652K) : inldpwl_drw has 0 polygons
2026-09-09 20:59:10 +0200: Memory Usage (469652K) : polyres_drw has 0 polygons
2026-09-09 20:59:10 +0200: Memory Usage (469652K) : polyres_pin has 0 polygons
2026-09-09 20:59:10 +0200: Memory Usage (469812K) : vmim_drw has 0 polygons
2026-09-09 20:59:10 +0200: Memory Usage (469812K) : nbulaycut_drw has 0 polygons
2026-09-09 20:59:10 +0200: Memory Usage (469812K) : antmetal1_drw has 0 polygons
2026-09-09 20:59:10 +0200: Memory Usage (469972K) : topvia2_drw has 0 polygons
2026-09-09 20:59:10 +0200: Memory Usage (469972K) : topmetal2_drw has 0 polygons
2026-09-09 20:59:10 +0200: Memory Usage (469972K) : topmetal2_pin has 0 polygons
2026-09-09 20:59:10 +0200: Memory Usage (470132K) : topmetal2_mask has 0 polygons
2026-09-09 20:59:10 +0200: Memory Usage (470132K) : topmetal2_filler has 0 polygons
2026-09-09 20:59:10 +0200: Memory Usage (470132K) : topmetal2_nofill has 0 polygons
2026-09-09 20:59:10 +0200: Memory Usage (470292K) : topmetal2_slit has 0 polygons
2026-09-09 20:59:10 +0200: Memory Usage (470292K) : topmetal2_text has 0 polygons
2026-09-09 20:59:10 +0200: Memory Usage (470292K) : topmetal2_noqrc has 0 polygons
2026-09-09 20:59:10 +0200: Memory Usage (470452K) : topmetal2_res has 0 polygons
2026-09-09 20:59:10 +0200: Memory Usage (470452K) : topmetal2_iprobe has 0 polygons
2026-09-09 20:59:10 +0200: Memory Usage (470452K) : topmetal2_diffprb has 0 polygons
2026-09-09 20:59:10 +0200: Memory Usage (470612K) : snsring_drw has 0 polygons
2026-09-09 20:59:10 +0200: Memory Usage (470612K) : sensor_drw has 0 polygons
2026-09-09 20:59:10 +0200: Memory Usage (470612K) : snsarms_drw has 0 polygons
2026-09-09 20:59:10 +0200: Memory Usage (470772K) : snscmosvia_drw has 0 polygons
2026-09-09 20:59:10 +0200: Memory Usage (470772K) : colwind_drw has 0 polygons
2026-09-09 20:59:10 +0200: Memory Usage (470772K) : flm_drw has 0 polygons
2026-09-09 20:59:10 +0200: Memory Usage (470932K) : hafniumox_drw has 0 polygons
2026-09-09 20:59:10 +0200: Memory Usage (470932K) : memvia_drw has 0 polygons
2026-09-09 20:59:10 +0200: Memory Usage (470932K) : thinfilmres_drw has 0 polygons
2026-09-09 20:59:10 +0200: Memory Usage (471092K) : rfmem_drw has 0 polygons
2026-09-09 20:59:10 +0200: Memory Usage (471092K) : norcx_drw has 0 polygons
2026-09-09 20:59:10 +0200: Memory Usage (471092K) : norcx_m2m3 has 0 polygons
2026-09-09 20:59:10 +0200: Memory Usage (471252K) : norcx_m2m4 has 0 polygons
2026-09-09 20:59:10 +0200: Memory Usage (471252K) : norcx_m2m5 has 0 polygons
2026-09-09 20:59:10 +0200: Memory Usage (471412K) : norcx_m2tm1 has 0 polygons
2026-09-09 20:59:10 +0200: Memory Usage (471412K) : norcx_m2tm2 has 0 polygons
2026-09-09 20:59:10 +0200: Memory Usage (471412K) : norcx_m3m4 has 0 polygons
2026-09-09 20:59:10 +0200: Memory Usage (471412K) : norcx_m3m5 has 0 polygons
2026-09-09 20:59:10 +0200: Memory Usage (471572K) : norcx_m3tm1 has 0 polygons
2026-09-09 20:59:10 +0200: Memory Usage (471572K) : norcx_m3tm2 has 0 polygons
2026-09-09 20:59:10 +0200: Memory Usage (471732K) : norcx_m4m5 has 0 polygons
2026-09-09 20:59:10 +0200: Memory Usage (471732K) : norcx_m4tm1 has 0 polygons
2026-09-09 20:59:10 +0200: Memory Usage (471732K) : norcx_m4tm2 has 0 polygons
2026-09-09 20:59:10 +0200: Memory Usage (471892K) : norcx_m5tm1 has 0 polygons
2026-09-09 20:59:10 +0200: Memory Usage (471892K) : norcx_m5tm2 has 0 polygons
2026-09-09 20:59:10 +0200: Memory Usage (471892K) : norcx_tm1tm2 has 0 polygons
2026-09-09 20:59:10 +0200: Memory Usage (472052K) : norcx_m1sub has 0 polygons
2026-09-09 20:59:10 +0200: Memory Usage (472052K) : norcx_m2sub has 0 polygons
2026-09-09 20:59:10 +0200: Memory Usage (472052K) : norcx_m3sub has 0 polygons
2026-09-09 20:59:10 +0200: Memory Usage (472212K) : norcx_m4sub has 0 polygons
2026-09-09 20:59:10 +0200: Memory Usage (472212K) : norcx_m5sub has 0 polygons
2026-09-09 20:59:10 +0200: Memory Usage (472212K) : norcx_tm1sub has 0 polygons
2026-09-09 20:59:10 +0200: Memory Usage (472372K) : norcx_tm2sub has 0 polygons
2026-09-09 20:59:10 +0200: Memory Usage (472372K) : snsbotvia_drw has 0 polygons
2026-09-09 20:59:10 +0200: Memory Usage (472372K) : snstopvia_drw has 0 polygons
2026-09-09 20:59:10 +0200: Memory Usage (472532K) : deepvia_drw has 0 polygons
2026-09-09 20:59:10 +0200: Memory Usage (472532K) : fgetch_drw has 0 polygons
2026-09-09 20:59:10 +0200: Memory Usage (472532K) : ctrgat_drw has 0 polygons
2026-09-09 20:59:10 +0200: Memory Usage (472692K) : fgimp_drw has 0 polygons
2026-09-09 20:59:10 +0200: Memory Usage (472692K) : emwihv_drw has 0 polygons
2026-09-09 20:59:10 +0200: Memory Usage (472692K) : lbe_drw has 0 polygons
2026-09-09 20:59:10 +0200: Memory Usage (472852K) : alcustop_drw has 0 polygons
2026-09-09 20:59:10 +0200: Memory Usage (472852K) : nometfiller_drw has 0 polygons
2026-09-09 20:59:10 +0200: Memory Usage (472852K) : prboundary_drw has 0 polygons
2026-09-09 20:59:10 +0200: Memory Usage (473012K) : exchange0_drw has 0 polygons
2026-09-09 20:59:10 +0200: Memory Usage (473012K) : exchange0_pin has 0 polygons
2026-09-09 20:59:10 +0200: Memory Usage (473012K) : exchange0_text has 0 polygons
2026-09-09 20:59:10 +0200: Memory Usage (473172K) : exchange1_drw has 0 polygons
2026-09-09 20:59:10 +0200: Memory Usage (473172K) : exchange1_pin has 0 polygons
2026-09-09 20:59:10 +0200: Memory Usage (473172K) : exchange1_text has 0 polygons
2026-09-09 20:59:10 +0200: Memory Usage (473332K) : exchange2_drw has 0 polygons
2026-09-09 20:59:10 +0200: Memory Usage (473332K) : exchange2_pin has 0 polygons
2026-09-09 20:59:10 +0200: Memory Usage (473332K) : exchange2_text has 0 polygons
2026-09-09 20:59:10 +0200: Memory Usage (473332K) : exchange3_drw has 0 polygons
2026-09-09 20:59:10 +0200: Memory Usage (473492K) : exchange3_pin has 0 polygons
2026-09-09 20:59:10 +0200: Memory Usage (473492K) : exchange3_text has 0 polygons
2026-09-09 20:59:10 +0200: Memory Usage (473492K) : exchange4_drw has 0 polygons
2026-09-09 20:59:10 +0200: Memory Usage (473652K) : exchange4_pin has 0 polygons
2026-09-09 20:59:10 +0200: Memory Usage (473652K) : exchange4_text has 0 polygons
2026-09-09 20:59:10 +0200: Memory Usage (473652K) : isonwell_drw has 0 polygons
2026-09-09 20:59:10 +0200: Memory Usage (473652K) : Total no. of polygons in the design is 95
2026-09-09 20:59:10 +0200: Memory Usage (473652K) : Loaded TECH DRC rules values from /foss/pdks/ihp-sg13g2/libs.tech/klayout/python/sg13g2_pycell_lib/sg13g2_tech_mod.json
2026-09-09 20:59:10 +0200: Memory Usage (473652K) : Loaded default DRC rules values from /foss/pdks/ihp-sg13g2/libs.tech/klayout/tech/drc/rule_decks/sg13g2_tech_default.json
2026-09-09 20:59:10 +0200: Memory Usage (473652K) : The following rules values were missing in tech json and default values were used:
2026-09-09 20:59:10 +0200: Memory Usage (473652K) :   - NW_f1_digibnd
2026-09-09 20:59:10 +0200: Memory Usage (473652K) :   - Cnt_c_digibnd
2026-09-09 20:59:10 +0200: Memory Usage (473652K) :   - Cnt_c_sram
2026-09-09 20:59:10 +0200: Memory Usage (473652K) :   - Sdiod_b
2026-09-09 20:59:10 +0200: Memory Usage (473652K) :   - Sdiod_c
2026-09-09 20:59:10 +0200: Memory Usage (474996K) : Total area of the design is 18.9648 um^2.
2026-09-09 20:59:10 +0200: Memory Usage (474996K) : The design dimensions are 4.32 µm * 4.39 µm.
2026-09-09 20:59:10 +0200: Memory Usage (474996K) : Starting general IHP-SG13G2 derivations.
2026-09-09 20:59:10 +0200: Memory Usage (474996K) : Starting Pwell derivations
2026-09-09 20:59:10 +0200: Memory Usage (476500K) : Starting IHP-SG13G2 DRC rules.
2026-09-09 20:59:10 +0200: Memory Usage (476500K) : Starting 5.21. TopVia1 table
2026-09-09 20:59:10 +0200: Memory Usage (476500K) : Executing rule TV1.a
2026-09-09 20:59:10 +0200: Memory Usage (476700K) : Executing rule TV1.b
2026-09-09 20:59:10 +0200: Memory Usage (476892K) : Executing rule TV1.c
2026-09-09 20:59:10 +0200: Memory Usage (476892K) : Executing rule TV1.d
2026-09-09 20:59:10 +0200: Memory Usage (476892K) : KLayout DRC run for tables 'topvia1' completed in 0.34 seconds
