# Logfile created on 2026-09-09 20:59:10 +0200 by logger.rb/v1.5.3
2026-09-09 20:59:10 +0200: Memory Usage (457252K) : Starting running IHP-SG13G2 KLayout DRC runset on /foss/designs/aion_chip/flow/regress/AION_a21oi_nor2_1/AION_a21oi_nor2_1.gds
2026-09-09 20:59:10 +0200: Memory Usage (457252K) : Ruby Version for klayout: 3.2.3
2026-09-09 20:59:10 +0200: Memory Usage (458404K) : Loading database to memory is complete.
2026-09-09 20:59:10 +0200: Memory Usage (458404K) : IHP-SG13G2 KLayout DRC runset output at: /foss/designs/aion_chip/flow/regress/AION_a21oi_nor2_1/drc/AION_a21oi_nor2_1.klayout.drc/AION_a21oi_nor2_1_AION_a21oi_nor2_1_metalnfiller.lyrdb
2026-09-09 20:59:10 +0200: Memory Usage (458404K) : Evaluate switches.
2026-09-09 20:59:10 +0200: Memory Usage (458404K) : tables selected: metalnfiller
2026-09-09 20:59:10 +0200: Memory Usage (458404K) : KLayout will use 15 thread(s) in tiling mode.
2026-09-09 20:59:10 +0200: Memory Usage (458404K) : deep mode is enabled.
2026-09-09 20:59:10 +0200: Memory Usage (458404K) : FEOL enabled: false
2026-09-09 20:59:10 +0200: Memory Usage (458404K) : BEOL enabled: false
2026-09-09 20:59:10 +0200: Memory Usage (458404K) : OFFGRID enabled: true
2026-09-09 20:59:10 +0200: Memory Usage (458404K) : ANGLE enabled: true
2026-09-09 20:59:10 +0200: Memory Usage (458404K) : PIN enabled: false
2026-09-09 20:59:10 +0200: Memory Usage (458404K) : FORBIDDEN enabled: false
2026-09-09 20:59:10 +0200: Memory Usage (458404K) : RECOMMENDED enabled: true
2026-09-09 20:59:10 +0200: Memory Usage (458404K) : PreCheck DRC enabled: false
2026-09-09 20:59:10 +0200: Memory Usage (458404K) : CONNECTIVITY_RULES enabled: false.
2026-09-09 20:59:10 +0200: Memory Usage (458404K) : Read in polygons from layers.
2026-09-09 20:59:10 +0200: Memory Usage (459364K) : activ_drw has 5 polygons
2026-09-09 20:59:10 +0200: Memory Usage (459364K) : activ_pin has 0 polygons
2026-09-09 20:59:10 +0200: Memory Usage (459364K) : activ_mask has 0 polygons
2026-09-09 20:59:10 +0200: Memory Usage (459364K) : activ_filler has 0 polygons
2026-09-09 20:59:10 +0200: Memory Usage (459364K) : activ_nofill has 0 polygons
2026-09-09 20:59:10 +0200: Memory Usage (459364K) : activ_opc has 0 polygons
2026-09-09 20:59:10 +0200: Memory Usage (459364K) : activ_iopc has 0 polygons
2026-09-09 20:59:10 +0200: Memory Usage (459364K) : activ_noqrc has 0 polygons
2026-09-09 20:59:10 +0200: Memory Usage (459364K) : biwind_drw has 0 polygons
2026-09-09 20:59:10 +0200: Memory Usage (459364K) : biwind_opc has 0 polygons
2026-09-09 20:59:10 +0200: Memory Usage (459364K) : pemwind_drw has 0 polygons
2026-09-09 20:59:10 +0200: Memory Usage (459364K) : gatpoly_drw has 10 polygons
2026-09-09 20:59:10 +0200: Memory Usage (459364K) : gatpoly_pin has 0 polygons
2026-09-09 20:59:10 +0200: Memory Usage (459364K) : gatpoly_filler has 0 polygons
2026-09-09 20:59:10 +0200: Memory Usage (459364K) : gatpoly_nofill has 0 polygons
2026-09-09 20:59:10 +0200: Memory Usage (459364K) : gatpoly_opc has 0 polygons
2026-09-09 20:59:10 +0200: Memory Usage (459364K) : gatpoly_iopc has 0 polygons
2026-09-09 20:59:10 +0200: Memory Usage (459364K) : gatpoly_noqrc has 0 polygons
2026-09-09 20:59:10 +0200: Memory Usage (459364K) : cont_drw has 40 polygons
2026-09-09 20:59:10 +0200: Memory Usage (459524K) : cont_opc has 0 polygons
2026-09-09 20:59:10 +0200: Memory Usage (459524K) : nsd_drw has 0 polygons
2026-09-09 20:59:10 +0200: Memory Usage (459524K) : nsd_block has 0 polygons
2026-09-09 20:59:10 +0200: Memory Usage (459524K) : metal1_drw has 23 polygons
2026-09-09 20:59:10 +0200: Memory Usage (459524K) : metal1_pin has 7 polygons
2026-09-09 20:59:10 +0200: Memory Usage (459524K) : metal1_mask has 0 polygons
2026-09-09 20:59:10 +0200: Memory Usage (459524K) : metal1_filler has 0 polygons
2026-09-09 20:59:10 +0200: Memory Usage (459684K) : metal1_nofill has 0 polygons
2026-09-09 20:59:10 +0200: Memory Usage (459684K) : metal1_slit has 0 polygons
2026-09-09 20:59:10 +0200: Memory Usage (459876K) : metal1_text has 7 polygons
2026-09-09 20:59:10 +0200: Memory Usage (460036K) : metal1_opc has 0 polygons
2026-09-09 20:59:10 +0200: Memory Usage (460036K) : metal1_noqrc has 0 polygons
2026-09-09 20:59:10 +0200: Memory Usage (460196K) : metal1_res has 0 polygons
2026-09-09 20:59:10 +0200: Memory Usage (460196K) : metal1_iprobe has 0 polygons
2026-09-09 20:59:10 +0200: Memory Usage (460196K) : metal1_diffprb has 0 polygons
2026-09-09 20:59:10 +0200: Memory Usage (460356K) : passiv_drw has 0 polygons
2026-09-09 20:59:10 +0200: Memory Usage (460356K) : passiv_pin has 0 polygons
2026-09-09 20:59:10 +0200: Memory Usage (460356K) : passiv_sbump has 0 polygons
2026-09-09 20:59:10 +0200: Memory Usage (460516K) : passiv_pillar has 0 polygons
2026-09-09 20:59:10 +0200: Memory Usage (460516K) : passiv_pdl has 0 polygons
2026-09-09 20:59:10 +0200: Memory Usage (460516K) : metal2_drw has 0 polygons
2026-09-09 20:59:10 +0200: Memory Usage (460516K) : metal2_pin has 0 polygons
2026-09-09 20:59:10 +0200: Memory Usage (460516K) : metal2_mask has 0 polygons
2026-09-09 20:59:10 +0200: Memory Usage (460516K) : metal2_filler has 0 polygons
2026-09-09 20:59:10 +0200: Memory Usage (460516K) : metal2_nofill has 0 polygons
2026-09-09 20:59:10 +0200: Memory Usage (460516K) : metal2_slit has 0 polygons
2026-09-09 20:59:10 +0200: Memory Usage (460516K) : metal2_text has 0 polygons
2026-09-09 20:59:10 +0200: Memory Usage (460516K) : metal2_opc has 0 polygons
2026-09-09 20:59:10 +0200: Memory Usage (460676K) : metal2_noqrc has 0 polygons
2026-09-09 20:59:10 +0200: Memory Usage (460676K) : metal2_res has 0 polygons
2026-09-09 20:59:10 +0200: Memory Usage (460676K) : metal2_iprobe has 0 polygons
2026-09-09 20:59:10 +0200: Memory Usage (460836K) : metal2_diffprb has 0 polygons
2026-09-09 20:59:10 +0200: Memory Usage (460836K) : baspoly_drw has 0 polygons
2026-09-09 20:59:10 +0200: Memory Usage (460836K) : baspoly_pin has 0 polygons
2026-09-09 20:59:10 +0200: Memory Usage (460836K) : psd_drw has 2 polygons
2026-09-09 20:59:10 +0200: Memory Usage (460996K) : nldb_drw has 0 polygons
2026-09-09 20:59:10 +0200: Memory Usage (460996K) : digibnd_drw has 0 polygons
2026-09-09 20:59:10 +0200: Memory Usage (460996K) : via1_drw has 0 polygons
2026-09-09 20:59:10 +0200: Memory Usage (461156K) : backmetal1_drw has 0 polygons
2026-09-09 20:59:10 +0200: Memory Usage (461156K) : backmetal1_pin has 0 polygons
2026-09-09 20:59:10 +0200: Memory Usage (461156K) : backmetal1_mask has 0 polygons
2026-09-09 20:59:10 +0200: Memory Usage (461316K) : backmetal1_filler has 0 polygons
2026-09-09 20:59:10 +0200: Memory Usage (461316K) : backmetal1_nofill has 0 polygons
2026-09-09 20:59:10 +0200: Memory Usage (461316K) : backmetal1_slit has 0 polygons
2026-09-09 20:59:10 +0200: Memory Usage (461476K) : backmetal1_text has 0 polygons
2026-09-09 20:59:10 +0200: Memory Usage (461476K) : backmetal1_opc has 0 polygons
2026-09-09 20:59:10 +0200: Memory Usage (461476K) : backmetal1_noqrc has 0 polygons
2026-09-09 20:59:10 +0200: Memory Usage (461636K) : backmetal1_res has 0 polygons
2026-09-09 20:59:10 +0200: Memory Usage (461636K) : backmetal1_iprobe has 0 polygons
2026-09-09 20:59:10 +0200: Memory Usage (461796K) : backmetal1_diffprb has 0 polygons
2026-09-09 20:59:10 +0200: Memory Usage (461956K) : backpassiv_drw has 0 polygons
2026-09-09 20:59:10 +0200: Memory Usage (461956K) : res_drw has 0 polygons
2026-09-09 20:59:10 +0200: Memory Usage (461956K) : sram_drw has 0 polygons
2026-09-09 20:59:10 +0200: Memory Usage (462116K) : trans_drw has 0 polygons
2026-09-09 20:59:10 +0200: Memory Usage (462116K) : ind_drw has 0 polygons
2026-09-09 20:59:10 +0200: Memory Usage (462116K) : ind_pin has 0 polygons
2026-09-09 20:59:10 +0200: Memory Usage (462276K) : ind_text has 0 polygons
2026-09-09 20:59:10 +0200: Memory Usage (462276K) : salblock_drw has 0 polygons
2026-09-09 20:59:10 +0200: Memory Usage (462276K) : via2_drw has 0 polygons
2026-09-09 20:59:10 +0200: Memory Usage (462436K) : metal3_drw has 0 polygons
2026-09-09 20:59:10 +0200: Memory Usage (462436K) : metal3_pin has 0 polygons
2026-09-09 20:59:10 +0200: Memory Usage (462436K) : metal3_mask has 0 polygons
2026-09-09 20:59:10 +0200: Memory Usage (462596K) : metal3_filler has 0 polygons
2026-09-09 20:59:10 +0200: Memory Usage (462596K) : metal3_nofill has 0 polygons
2026-09-09 20:59:10 +0200: Memory Usage (462596K) : metal3_slit has 0 polygons
2026-09-09 20:59:10 +0200: Memory Usage (462756K) : metal3_text has 0 polygons
2026-09-09 20:59:10 +0200: Memory Usage (462756K) : metal3_opc has 0 polygons
2026-09-09 20:59:10 +0200: Memory Usage (462916K) : metal3_noqrc has 0 polygons
2026-09-09 20:59:10 +0200: Memory Usage (462916K) : metal3_res has 0 polygons
2026-09-09 20:59:10 +0200: Memory Usage (462916K) : metal3_iprobe has 0 polygons
2026-09-09 20:59:10 +0200: Memory Usage (463076K) : metal3_diffprb has 0 polygons
2026-09-09 20:59:10 +0200: Memory Usage (463076K) : nwell_drw has 1 polygons
2026-09-09 20:59:10 +0200: Memory Usage (463076K) : nwell_pin has 0 polygons
2026-09-09 20:59:10 +0200: Memory Usage (463076K) : nbulay_drw has 0 polygons
2026-09-09 20:59:10 +0200: Memory Usage (463236K) : nbulay_pin has 0 polygons
2026-09-09 20:59:10 +0200: Memory Usage (463236K) : nbulay_block has 0 polygons
2026-09-09 20:59:10 +0200: Memory Usage (463236K) : emwind_drw has 0 polygons
2026-09-09 20:59:10 +0200: Memory Usage (463236K) : emwind_opc has 0 polygons
2026-09-09 20:59:10 +0200: Memory Usage (463236K) : deepco_drw has 0 polygons
2026-09-09 20:59:10 +0200: Memory Usage (463396K) : deepco_drw has 0 polygons
2026-09-09 20:59:10 +0200: Memory Usage (463396K) : mim_drw has 0 polygons
2026-09-09 20:59:10 +0200: Memory Usage (463396K) : edgeseal_drw has 0 polygons
2026-09-09 20:59:10 +0200: Memory Usage (463396K) : edgeseal_bound has 0 polygons
2026-09-09 20:59:10 +0200: Memory Usage (463556K) : substrate_drw has 0 polygons
2026-09-09 20:59:10 +0200: Memory Usage (463556K) : substrate_text has 0 polygons
2026-09-09 20:59:10 +0200: Memory Usage (463556K) : dfpad_drw has 0 polygons
2026-09-09 20:59:10 +0200: Memory Usage (463556K) : dfpad_pillar has 0 polygons
2026-09-09 20:59:10 +0200: Memory Usage (463716K) : dfpad_sbump has 0 polygons
2026-09-09 20:59:10 +0200: Memory Usage (463716K) : thickgateox_drw has 0 polygons
2026-09-09 20:59:10 +0200: Memory Usage (463716K) : pldb_drw has 0 polygons
2026-09-09 20:59:10 +0200: Memory Usage (463876K) : pwell_drw has 0 polygons
2026-09-09 20:59:10 +0200: Memory Usage (463876K) : pwell_pin has 0 polygons
2026-09-09 20:59:10 +0200: Memory Usage (463876K) : pwell_block has 0 polygons
2026-09-09 20:59:10 +0200: Memory Usage (464036K) : ic_drw has 0 polygons
2026-09-09 20:59:10 +0200: Memory Usage (464036K) : via3_drw has 0 polygons
2026-09-09 20:59:10 +0200: Memory Usage (464036K) : metal4_drw has 0 polygons
2026-09-09 20:59:10 +0200: Memory Usage (464196K) : metal4_pin has 0 polygons
2026-09-09 20:59:10 +0200: Memory Usage (464196K) : metal4_mask has 0 polygons
2026-09-09 20:59:10 +0200: Memory Usage (464196K) : metal4_filler has 0 polygons
2026-09-09 20:59:10 +0200: Memory Usage (464356K) : metal4_nofill has 0 polygons
2026-09-09 20:59:10 +0200: Memory Usage (464356K) : metal4_slit has 0 polygons
2026-09-09 20:59:10 +0200: Memory Usage (464356K) : metal4_text has 0 polygons
2026-09-09 20:59:10 +0200: Memory Usage (464516K) : metal4_opc has 0 polygons
2026-09-09 20:59:10 +0200: Memory Usage (464516K) : metal4_noqrc has 0 polygons
2026-09-09 20:59:10 +0200: Memory Usage (464516K) : metal4_res has 0 polygons
2026-09-09 20:59:10 +0200: Memory Usage (464676K) : metal4_iprobe has 0 polygons
2026-09-09 20:59:10 +0200: Memory Usage (464676K) : metal4_diffprb has 0 polygons
2026-09-09 20:59:10 +0200: Memory Usage (464676K) : heattrans_drw has 0 polygons
2026-09-09 20:59:10 +0200: Memory Usage (464836K) : heatres_drw has 0 polygons
2026-09-09 20:59:10 +0200: Memory Usage (464836K) : pempoly_drw has 0 polygons
2026-09-09 20:59:10 +0200: Memory Usage (464996K) : fbe_drw has 0 polygons
2026-09-09 20:59:10 +0200: Memory Usage (464996K) : empoly_drw has 0 polygons
2026-09-09 20:59:10 +0200: Memory Usage (464996K) : ldmos_drw has 0 polygons
2026-09-09 20:59:10 +0200: Memory Usage (464996K) : pbiwind_drw has 0 polygons
2026-09-09 20:59:10 +0200: Memory Usage (465156K) : digisub_drw has 0 polygons
2026-09-09 20:59:10 +0200: Memory Usage (465156K) : nodrc_drw has 0 polygons
2026-09-09 20:59:10 +0200: Memory Usage (465156K) : text_drw has 0 polygons
2026-09-09 20:59:10 +0200: Memory Usage (465156K) : via4_drw has 0 polygons
2026-09-09 20:59:10 +0200: Memory Usage (465316K) : metal5_drw has 0 polygons
2026-09-09 20:59:10 +0200: Memory Usage (465316K) : metal5_pin has 0 polygons
2026-09-09 20:59:10 +0200: Memory Usage (465316K) : metal5_mask has 0 polygons
2026-09-09 20:59:10 +0200: Memory Usage (465316K) : metal5_filler has 0 polygons
2026-09-09 20:59:10 +0200: Memory Usage (465476K) : metal5_nofill has 0 polygons
2026-09-09 20:59:10 +0200: Memory Usage (465476K) : metal5_slit has 0 polygons
2026-09-09 20:59:10 +0200: Memory Usage (465476K) : metal5_text has 0 polygons
2026-09-09 20:59:10 +0200: Memory Usage (465636K) : metal5_opc has 0 polygons
2026-09-09 20:59:10 +0200: Memory Usage (465636K) : metal5_noqrc has 0 polygons
2026-09-09 20:59:10 +0200: Memory Usage (465636K) : metal5_res has 0 polygons
2026-09-09 20:59:10 +0200: Memory Usage (465796K) : metal5_iprobe has 0 polygons
2026-09-09 20:59:10 +0200: Memory Usage (465796K) : metal5_diffprb has 0 polygons
2026-09-09 20:59:10 +0200: Memory Usage (465956K) : radhard_drw has 0 polygons
2026-09-09 20:59:10 +0200: Memory Usage (465956K) : memcap_drw has 0 polygons
2026-09-09 20:59:10 +0200: Memory Usage (465956K) : varicap_drw has 0 polygons
2026-09-09 20:59:10 +0200: Memory Usage (466116K) : flash_drw has 0 polygons
2026-09-09 20:59:10 +0200: Memory Usage (466116K) : intbondvia_drw has 0 polygons
2026-09-09 20:59:10 +0200: Memory Usage (466116K) : intbondmet_drw has 0 polygons
2026-09-09 20:59:10 +0200: Memory Usage (466276K) : devbondvia_drw has 0 polygons
2026-09-09 20:59:10 +0200: Memory Usage (466276K) : devbondmet_drw has 0 polygons
2026-09-09 20:59:10 +0200: Memory Usage (466276K) : devtrench_drw has 0 polygons
2026-09-09 20:59:10 +0200: Memory Usage (466436K) : redist_drw has 0 polygons
2026-09-09 20:59:10 +0200: Memory Usage (466436K) : graphbot_drw has 0 polygons
2026-09-09 20:59:10 +0200: Memory Usage (466436K) : graphtop_drw has 0 polygons
2026-09-09 20:59:10 +0200: Memory Usage (466436K) : antvia1_drw has 0 polygons
2026-09-09 20:59:10 +0200: Memory Usage (466596K) : antmetal2_drw has 0 polygons
2026-09-09 20:59:10 +0200: Memory Usage (466596K) : graphcont_drw has 0 polygons
2026-09-09 20:59:10 +0200: Memory Usage (466756K) : siwg_drw has 0 polygons
2026-09-09 20:59:10 +0200: Memory Usage (466756K) : siwg_filler has 0 polygons
2026-09-09 20:59:10 +0200: Memory Usage (466756K) : siwg_nofill has 0 polygons
2026-09-09 20:59:10 +0200: Memory Usage (466916K) : sigrating_drw has 0 polygons
2026-09-09 20:59:10 +0200: Memory Usage (466916K) : singrating_drw has 0 polygons
2026-09-09 20:59:10 +0200: Memory Usage (466916K) : graphpas_drw has 0 polygons
2026-09-09 20:59:10 +0200: Memory Usage (466916K) : emwind3_drw has 0 polygons
2026-09-09 20:59:10 +0200: Memory Usage (466916K) : emwihv3_drw has 0 polygons
2026-09-09 20:59:10 +0200: Memory Usage (467076K) : redbulay_drw has 0 polygons
2026-09-09 20:59:10 +0200: Memory Usage (467076K) : smos_drw has 0 polygons
2026-09-09 20:59:10 +0200: Memory Usage (467076K) : graphpad_drw has 0 polygons
2026-09-09 20:59:10 +0200: Memory Usage (467076K) : polimide_drw has 0 polygons
2026-09-09 20:59:10 +0200: Memory Usage (467236K) : polimide_pin has 0 polygons
2026-09-09 20:59:10 +0200: Memory Usage (467236K) : recog_drw has 0 polygons
2026-09-09 20:59:10 +0200: Memory Usage (467236K) : recog_pin has 0 polygons
2026-09-09 20:59:10 +0200: Memory Usage (467396K) : recog_esd has 0 polygons
2026-09-09 20:59:10 +0200: Memory Usage (467396K) : recog_diode has 0 polygons
2026-09-09 20:59:10 +0200: Memory Usage (467396K) : recog_tsv has 0 polygons
2026-09-09 20:59:10 +0200: Memory Usage (467556K) : recog_iprobe has 0 polygons
2026-09-09 20:59:10 +0200: Memory Usage (467556K) : recog_diffprb has 0 polygons
2026-09-09 20:59:10 +0200: Memory Usage (467556K) : recog_pillar has 0 polygons
2026-09-09 20:59:10 +0200: Memory Usage (467716K) : recog_sbump has 0 polygons
2026-09-09 20:59:10 +0200: Memory Usage (467716K) : recog_otp has 0 polygons
2026-09-09 20:59:10 +0200: Memory Usage (467716K) : recog_pdiode has 0 polygons
2026-09-09 20:59:10 +0200: Memory Usage (467876K) : recog_mom has 0 polygons
2026-09-09 20:59:10 +0200: Memory Usage (467876K) : recog_pcm has 0 polygons
2026-09-09 20:59:10 +0200: Memory Usage (467876K) : colopen_drw has 0 polygons
2026-09-09 20:59:10 +0200: Memory Usage (468036K) : graphmetal1_drw has 0 polygons
2026-09-09 20:59:10 +0200: Memory Usage (468036K) : graphmetal1_filler has 0 polygons
2026-09-09 20:59:10 +0200: Memory Usage (468036K) : graphmetal1_nofill has 0 polygons
2026-09-09 20:59:10 +0200: Memory Usage (468196K) : graphmetal1_slit has 0 polygons
2026-09-09 20:59:10 +0200: Memory Usage (468196K) : graphmetal1_opc has 0 polygons
2026-09-09 20:59:10 +0200: Memory Usage (468196K) : graphmet1l_drw has 0 polygons
2026-09-09 20:59:10 +0200: Memory Usage (468356K) : graphmet1l_filler has 0 polygons
2026-09-09 20:59:10 +0200: Memory Usage (468356K) : graphmet1l_nofill has 0 polygons
2026-09-09 20:59:10 +0200: Memory Usage (468356K) : graphmet1l_slit has 0 polygons
2026-09-09 20:59:10 +0200: Memory Usage (468516K) : graphmet1l_opc has 0 polygons
2026-09-09 20:59:10 +0200: Memory Usage (468516K) : extblock_drw has 0 polygons
2026-09-09 20:59:10 +0200: Memory Usage (468516K) : nldd_drw has 0 polygons
2026-09-09 20:59:10 +0200: Memory Usage (468676K) : pldd_drw has 0 polygons
2026-09-09 20:59:10 +0200: Memory Usage (468676K) : next_drw has 0 polygons
2026-09-09 20:59:10 +0200: Memory Usage (468676K) : pext_drw has 0 polygons
2026-09-09 20:59:10 +0200: Memory Usage (468836K) : nexthv_drw has 0 polygons
2026-09-09 20:59:10 +0200: Memory Usage (468836K) : pexthv_drw has 0 polygons
2026-09-09 20:59:10 +0200: Memory Usage (468836K) : graphgate_drw has 0 polygons
2026-09-09 20:59:10 +0200: Memory Usage (468996K) : sinwg_drw has 0 polygons
2026-09-09 20:59:10 +0200: Memory Usage (468996K) : sinwg_filler has 0 polygons
2026-09-09 20:59:10 +0200: Memory Usage (468996K) : sinwg_nofill has 0 polygons
2026-09-09 20:59:10 +0200: Memory Usage (469156K) : mempad_drw has 0 polygons
2026-09-09 20:59:10 +0200: Memory Usage (469156K) : topvia1_drw has 0 polygons
2026-09-09 20:59:10 +0200: Memory Usage (469156K) : topmetal1_drw has 0 polygons
2026-09-09 20:59:10 +0200: Memory Usage (469156K) : topmetal1_pin has 0 polygons
2026-09-09 20:59:10 +0200: Memory Usage (469156K) : topmetal1_mask has 0 polygons
2026-09-09 20:59:10 +0200: Memory Usage (469156K) : topmetal1_filler has 0 polygons
2026-09-09 20:59:10 +0200: Memory Usage (469156K) : topmetal1_nofill has 0 polygons
2026-09-09 20:59:10 +0200: Memory Usage (469156K) : topmetal1_slit has 0 polygons
2026-09-09 20:59:10 +0200: Memory Usage (469156K) : topmetal1_text has 0 polygons
2026-09-09 20:59:10 +0200: Memory Usage (469156K) : topmetal1_noqrc has 0 polygons
2026-09-09 20:59:10 +0200: Memory Usage (469316K) : topmetal1_res has 0 polygons
2026-09-09 20:59:10 +0200: Memory Usage (469316K) : topmetal1_iprobe has 0 polygons
2026-09-09 20:59:10 +0200: Memory Usage (469316K) : topmetal1_diffprb has 0 polygons
2026-09-09 20:59:10 +0200: Memory Usage (469476K) : inldpwl_drw has 0 polygons
2026-09-09 20:59:10 +0200: Memory Usage (469476K) : polyres_drw has 0 polygons
2026-09-09 20:59:10 +0200: Memory Usage (469476K) : polyres_pin has 0 polygons
2026-09-09 20:59:10 +0200: Memory Usage (469636K) : vmim_drw has 0 polygons
2026-09-09 20:59:10 +0200: Memory Usage (469636K) : nbulaycut_drw has 0 polygons
2026-09-09 20:59:10 +0200: Memory Usage (469636K) : antmetal1_drw has 0 polygons
2026-09-09 20:59:10 +0200: Memory Usage (469796K) : topvia2_drw has 0 polygons
2026-09-09 20:59:10 +0200: Memory Usage (469796K) : topmetal2_drw has 0 polygons
2026-09-09 20:59:10 +0200: Memory Usage (469796K) : topmetal2_pin has 0 polygons
2026-09-09 20:59:10 +0200: Memory Usage (469956K) : topmetal2_mask has 0 polygons
2026-09-09 20:59:10 +0200: Memory Usage (469956K) : topmetal2_filler has 0 polygons
2026-09-09 20:59:10 +0200: Memory Usage (469956K) : topmetal2_nofill has 0 polygons
2026-09-09 20:59:10 +0200: Memory Usage (470116K) : topmetal2_slit has 0 polygons
2026-09-09 20:59:10 +0200: Memory Usage (470116K) : topmetal2_text has 0 polygons
2026-09-09 20:59:10 +0200: Memory Usage (470116K) : topmetal2_noqrc has 0 polygons
2026-09-09 20:59:10 +0200: Memory Usage (470276K) : topmetal2_res has 0 polygons
2026-09-09 20:59:10 +0200: Memory Usage (470276K) : topmetal2_iprobe has 0 polygons
2026-09-09 20:59:10 +0200: Memory Usage (470276K) : topmetal2_diffprb has 0 polygons
2026-09-09 20:59:10 +0200: Memory Usage (470436K) : snsring_drw has 0 polygons
2026-09-09 20:59:10 +0200: Memory Usage (470436K) : sensor_drw has 0 polygons
2026-09-09 20:59:10 +0200: Memory Usage (470436K) : snsarms_drw has 0 polygons
2026-09-09 20:59:10 +0200: Memory Usage (470596K) : snscmosvia_drw has 0 polygons
2026-09-09 20:59:10 +0200: Memory Usage (470596K) : colwind_drw has 0 polygons
2026-09-09 20:59:10 +0200: Memory Usage (470596K) : flm_drw has 0 polygons
2026-09-09 20:59:10 +0200: Memory Usage (470756K) : hafniumox_drw has 0 polygons
2026-09-09 20:59:10 +0200: Memory Usage (470756K) : memvia_drw has 0 polygons
2026-09-09 20:59:10 +0200: Memory Usage (470756K) : thinfilmres_drw has 0 polygons
2026-09-09 20:59:10 +0200: Memory Usage (470916K) : rfmem_drw has 0 polygons
2026-09-09 20:59:10 +0200: Memory Usage (470916K) : norcx_drw has 0 polygons
2026-09-09 20:59:10 +0200: Memory Usage (470916K) : norcx_m2m3 has 0 polygons
2026-09-09 20:59:10 +0200: Memory Usage (471076K) : norcx_m2m4 has 0 polygons
2026-09-09 20:59:10 +0200: Memory Usage (471076K) : norcx_m2m5 has 0 polygons
2026-09-09 20:59:10 +0200: Memory Usage (471236K) : norcx_m2tm1 has 0 polygons
2026-09-09 20:59:10 +0200: Memory Usage (471236K) : norcx_m2tm2 has 0 polygons
2026-09-09 20:59:10 +0200: Memory Usage (471236K) : norcx_m3m4 has 0 polygons
2026-09-09 20:59:10 +0200: Memory Usage (471236K) : norcx_m3m5 has 0 polygons
2026-09-09 20:59:10 +0200: Memory Usage (471396K) : norcx_m3tm1 has 0 polygons
2026-09-09 20:59:10 +0200: Memory Usage (471396K) : norcx_m3tm2 has 0 polygons
2026-09-09 20:59:10 +0200: Memory Usage (471556K) : norcx_m4m5 has 0 polygons
2026-09-09 20:59:10 +0200: Memory Usage (471556K) : norcx_m4tm1 has 0 polygons
2026-09-09 20:59:10 +0200: Memory Usage (471556K) : norcx_m4tm2 has 0 polygons
2026-09-09 20:59:10 +0200: Memory Usage (471716K) : norcx_m5tm1 has 0 polygons
2026-09-09 20:59:10 +0200: Memory Usage (471716K) : norcx_m5tm2 has 0 polygons
2026-09-09 20:59:10 +0200: Memory Usage (471716K) : norcx_tm1tm2 has 0 polygons
2026-09-09 20:59:10 +0200: Memory Usage (471876K) : norcx_m1sub has 0 polygons
2026-09-09 20:59:10 +0200: Memory Usage (471876K) : norcx_m2sub has 0 polygons
2026-09-09 20:59:10 +0200: Memory Usage (471876K) : norcx_m3sub has 0 polygons
2026-09-09 20:59:10 +0200: Memory Usage (472036K) : norcx_m4sub has 0 polygons
2026-09-09 20:59:10 +0200: Memory Usage (472036K) : norcx_m5sub has 0 polygons
2026-09-09 20:59:10 +0200: Memory Usage (472036K) : norcx_tm1sub has 0 polygons
2026-09-09 20:59:10 +0200: Memory Usage (472196K) : norcx_tm2sub has 0 polygons
2026-09-09 20:59:10 +0200: Memory Usage (472196K) : snsbotvia_drw has 0 polygons
2026-09-09 20:59:10 +0200: Memory Usage (472196K) : snstopvia_drw has 0 polygons
2026-09-09 20:59:10 +0200: Memory Usage (472356K) : deepvia_drw has 0 polygons
2026-09-09 20:59:10 +0200: Memory Usage (472356K) : fgetch_drw has 0 polygons
2026-09-09 20:59:10 +0200: Memory Usage (472356K) : ctrgat_drw has 0 polygons
2026-09-09 20:59:10 +0200: Memory Usage (472516K) : fgimp_drw has 0 polygons
2026-09-09 20:59:10 +0200: Memory Usage (472516K) : emwihv_drw has 0 polygons
2026-09-09 20:59:10 +0200: Memory Usage (472516K) : lbe_drw has 0 polygons
2026-09-09 20:59:10 +0200: Memory Usage (472676K) : alcustop_drw has 0 polygons
2026-09-09 20:59:10 +0200: Memory Usage (472676K) : nometfiller_drw has 0 polygons
2026-09-09 20:59:10 +0200: Memory Usage (472676K) : prboundary_drw has 0 polygons
2026-09-09 20:59:10 +0200: Memory Usage (472836K) : exchange0_drw has 0 polygons
2026-09-09 20:59:10 +0200: Memory Usage (472836K) : exchange0_pin has 0 polygons
2026-09-09 20:59:10 +0200: Memory Usage (472836K) : exchange0_text has 0 polygons
2026-09-09 20:59:10 +0200: Memory Usage (472836K) : exchange1_drw has 0 polygons
2026-09-09 20:59:10 +0200: Memory Usage (472996K) : exchange1_pin has 0 polygons
2026-09-09 20:59:10 +0200: Memory Usage (472996K) : exchange1_text has 0 polygons
2026-09-09 20:59:10 +0200: Memory Usage (473156K) : exchange2_drw has 0 polygons
2026-09-09 20:59:10 +0200: Memory Usage (473316K) : exchange2_pin has 0 polygons
2026-09-09 20:59:10 +0200: Memory Usage (473316K) : exchange2_text has 0 polygons
2026-09-09 20:59:10 +0200: Memory Usage (473316K) : exchange3_drw has 0 polygons
2026-09-09 20:59:10 +0200: Memory Usage (473316K) : exchange3_pin has 0 polygons
2026-09-09 20:59:10 +0200: Memory Usage (473476K) : exchange3_text has 0 polygons
2026-09-09 20:59:10 +0200: Memory Usage (473476K) : exchange4_drw has 0 polygons
2026-09-09 20:59:10 +0200: Memory Usage (473476K) : exchange4_pin has 0 polygons
2026-09-09 20:59:10 +0200: Memory Usage (473636K) : exchange4_text has 0 polygons
2026-09-09 20:59:10 +0200: Memory Usage (473636K) : isonwell_drw has 0 polygons
2026-09-09 20:59:10 +0200: Memory Usage (473636K) : Total no. of polygons in the design is 95
2026-09-09 20:59:10 +0200: Memory Usage (473796K) : Loaded TECH DRC rules values from /foss/pdks/ihp-sg13g2/libs.tech/klayout/python/sg13g2_pycell_lib/sg13g2_tech_mod.json
2026-09-09 20:59:10 +0200: Memory Usage (473796K) : Loaded default DRC rules values from /foss/pdks/ihp-sg13g2/libs.tech/klayout/tech/drc/rule_decks/sg13g2_tech_default.json
2026-09-09 20:59:10 +0200: Memory Usage (473796K) : The following rules values were missing in tech json and default values were used:
2026-09-09 20:59:10 +0200: Memory Usage (473796K) :   - NW_f1_digibnd
2026-09-09 20:59:10 +0200: Memory Usage (473796K) :   - Cnt_c_digibnd
2026-09-09 20:59:10 +0200: Memory Usage (473796K) :   - Cnt_c_sram
2026-09-09 20:59:10 +0200: Memory Usage (473796K) :   - Sdiod_b
2026-09-09 20:59:10 +0200: Memory Usage (473796K) :   - Sdiod_c
2026-09-09 20:59:10 +0200: Memory Usage (475140K) : Total area of the design is 18.9648 um^2.
2026-09-09 20:59:10 +0200: Memory Usage (475140K) : The design dimensions are 4.32 µm * 4.39 µm.
2026-09-09 20:59:10 +0200: Memory Usage (475140K) : Starting general IHP-SG13G2 derivations.
2026-09-09 20:59:10 +0200: Memory Usage (475140K) : Starting Pwell derivations
2026-09-09 20:59:10 +0200: Memory Usage (477036K) : Starting IHP-SG13G2 DRC rules.
2026-09-09 20:59:10 +0200: Memory Usage (477036K) : Starting 5.18 Metaln:filler table
2026-09-09 20:59:10 +0200: Memory Usage (477036K) : Executing rule M1Fil.c
2026-09-09 20:59:10 +0200: Memory Usage (477404K) : Executing rule M1Fil.a2
2026-09-09 20:59:10 +0200: Memory Usage (477404K) : Executing rule M2Fil.c
2026-09-09 20:59:10 +0200: Memory Usage (477404K) : Executing rule M2Fil.a2
2026-09-09 20:59:10 +0200: Memory Usage (477404K) : Executing rule M3Fil.c
2026-09-09 20:59:10 +0200: Memory Usage (477404K) : Executing rule M3Fil.a2
2026-09-09 20:59:10 +0200: Memory Usage (477404K) : Executing rule M4Fil.c
2026-09-09 20:59:10 +0200: Memory Usage (477404K) : Executing rule M4Fil.a2
2026-09-09 20:59:10 +0200: Memory Usage (477404K) : Executing rule M5Fil.c
2026-09-09 20:59:10 +0200: Memory Usage (477404K) : Executing rule M5Fil.a2
2026-09-09 20:59:10 +0200: Memory Usage (477404K) : KLayout DRC run for tables 'metalnfiller' completed in 0.21 seconds
