# Logfile created on 2026-09-09 20:59:07 +0200 by logger.rb/v1.5.3
2026-09-09 20:59:07 +0200: Memory Usage (457484K) : Starting running IHP-SG13G2 KLayout DRC runset on /foss/designs/aion_chip/flow/regress/AION_a21oi_nor2_1/AION_a21oi_nor2_1.gds
2026-09-09 20:59:07 +0200: Memory Usage (457484K) : Ruby Version for klayout: 3.2.3
2026-09-09 20:59:07 +0200: Memory Usage (458604K) : Loading database to memory is complete.
2026-09-09 20:59:07 +0200: Memory Usage (458604K) : IHP-SG13G2 KLayout DRC runset output at: /foss/designs/aion_chip/flow/regress/AION_a21oi_nor2_1/drc/AION_a21oi_nor2_1.klayout.drc/AION_a21oi_nor2_1_AION_a21oi_nor2_1_activfiller.lyrdb
2026-09-09 20:59:07 +0200: Memory Usage (458604K) : Evaluate switches.
2026-09-09 20:59:07 +0200: Memory Usage (458604K) : tables selected: activfiller
2026-09-09 20:59:07 +0200: Memory Usage (458604K) : KLayout will use 15 thread(s) in tiling mode.
2026-09-09 20:59:07 +0200: Memory Usage (458604K) : deep mode is enabled.
2026-09-09 20:59:07 +0200: Memory Usage (458604K) : FEOL enabled: false
2026-09-09 20:59:07 +0200: Memory Usage (458604K) : BEOL enabled: false
2026-09-09 20:59:07 +0200: Memory Usage (458604K) : OFFGRID enabled: true
2026-09-09 20:59:07 +0200: Memory Usage (458604K) : ANGLE enabled: true
2026-09-09 20:59:07 +0200: Memory Usage (458604K) : PIN enabled: false
2026-09-09 20:59:07 +0200: Memory Usage (458604K) : FORBIDDEN enabled: false
2026-09-09 20:59:07 +0200: Memory Usage (458604K) : RECOMMENDED enabled: true
2026-09-09 20:59:07 +0200: Memory Usage (458604K) : PreCheck DRC enabled: false
2026-09-09 20:59:07 +0200: Memory Usage (458604K) : CONNECTIVITY_RULES enabled: false.
2026-09-09 20:59:07 +0200: Memory Usage (458604K) : Read in polygons from layers.
2026-09-09 20:59:07 +0200: Memory Usage (459564K) : activ_drw has 5 polygons
2026-09-09 20:59:07 +0200: Memory Usage (459564K) : activ_pin has 0 polygons
2026-09-09 20:59:07 +0200: Memory Usage (459564K) : activ_mask has 0 polygons
2026-09-09 20:59:07 +0200: Memory Usage (459564K) : activ_filler has 0 polygons
2026-09-09 20:59:07 +0200: Memory Usage (459564K) : activ_nofill has 0 polygons
2026-09-09 20:59:07 +0200: Memory Usage (459564K) : activ_opc has 0 polygons
2026-09-09 20:59:07 +0200: Memory Usage (459564K) : activ_iopc has 0 polygons
2026-09-09 20:59:07 +0200: Memory Usage (459564K) : activ_noqrc has 0 polygons
2026-09-09 20:59:07 +0200: Memory Usage (459564K) : biwind_drw has 0 polygons
2026-09-09 20:59:07 +0200: Memory Usage (459564K) : biwind_opc has 0 polygons
2026-09-09 20:59:07 +0200: Memory Usage (459564K) : pemwind_drw has 0 polygons
2026-09-09 20:59:07 +0200: Memory Usage (459564K) : gatpoly_drw has 10 polygons
2026-09-09 20:59:07 +0200: Memory Usage (459564K) : gatpoly_pin has 0 polygons
2026-09-09 20:59:07 +0200: Memory Usage (459564K) : gatpoly_filler has 0 polygons
2026-09-09 20:59:07 +0200: Memory Usage (459564K) : gatpoly_nofill has 0 polygons
2026-09-09 20:59:07 +0200: Memory Usage (459564K) : gatpoly_opc has 0 polygons
2026-09-09 20:59:07 +0200: Memory Usage (459564K) : gatpoly_iopc has 0 polygons
2026-09-09 20:59:07 +0200: Memory Usage (459564K) : gatpoly_noqrc has 0 polygons
2026-09-09 20:59:07 +0200: Memory Usage (459564K) : cont_drw has 40 polygons
2026-09-09 20:59:07 +0200: Memory Usage (459724K) : cont_opc has 0 polygons
2026-09-09 20:59:07 +0200: Memory Usage (459724K) : nsd_drw has 0 polygons
2026-09-09 20:59:07 +0200: Memory Usage (459724K) : nsd_block has 0 polygons
2026-09-09 20:59:07 +0200: Memory Usage (459724K) : metal1_drw has 23 polygons
2026-09-09 20:59:07 +0200: Memory Usage (459724K) : metal1_pin has 7 polygons
2026-09-09 20:59:07 +0200: Memory Usage (459724K) : metal1_mask has 0 polygons
2026-09-09 20:59:07 +0200: Memory Usage (459884K) : metal1_filler has 0 polygons
2026-09-09 20:59:07 +0200: Memory Usage (459884K) : metal1_nofill has 0 polygons
2026-09-09 20:59:07 +0200: Memory Usage (459884K) : metal1_slit has 0 polygons
2026-09-09 20:59:07 +0200: Memory Usage (460236K) : metal1_text has 7 polygons
2026-09-09 20:59:07 +0200: Memory Usage (460236K) : metal1_opc has 0 polygons
2026-09-09 20:59:07 +0200: Memory Usage (460236K) : metal1_noqrc has 0 polygons
2026-09-09 20:59:07 +0200: Memory Usage (460396K) : metal1_res has 0 polygons
2026-09-09 20:59:07 +0200: Memory Usage (460396K) : metal1_iprobe has 0 polygons
2026-09-09 20:59:07 +0200: Memory Usage (460396K) : metal1_diffprb has 0 polygons
2026-09-09 20:59:07 +0200: Memory Usage (460556K) : passiv_drw has 0 polygons
2026-09-09 20:59:07 +0200: Memory Usage (460556K) : passiv_pin has 0 polygons
2026-09-09 20:59:07 +0200: Memory Usage (460556K) : passiv_sbump has 0 polygons
2026-09-09 20:59:07 +0200: Memory Usage (460716K) : passiv_pillar has 0 polygons
2026-09-09 20:59:07 +0200: Memory Usage (460716K) : passiv_pdl has 0 polygons
2026-09-09 20:59:07 +0200: Memory Usage (460716K) : metal2_drw has 0 polygons
2026-09-09 20:59:07 +0200: Memory Usage (460716K) : metal2_pin has 0 polygons
2026-09-09 20:59:07 +0200: Memory Usage (460716K) : metal2_mask has 0 polygons
2026-09-09 20:59:07 +0200: Memory Usage (460716K) : metal2_filler has 0 polygons
2026-09-09 20:59:07 +0200: Memory Usage (460716K) : metal2_nofill has 0 polygons
2026-09-09 20:59:07 +0200: Memory Usage (460716K) : metal2_slit has 0 polygons
2026-09-09 20:59:07 +0200: Memory Usage (460716K) : metal2_text has 0 polygons
2026-09-09 20:59:07 +0200: Memory Usage (460716K) : metal2_opc has 0 polygons
2026-09-09 20:59:07 +0200: Memory Usage (460876K) : metal2_noqrc has 0 polygons
2026-09-09 20:59:07 +0200: Memory Usage (460876K) : metal2_res has 0 polygons
2026-09-09 20:59:07 +0200: Memory Usage (460876K) : metal2_iprobe has 0 polygons
2026-09-09 20:59:07 +0200: Memory Usage (460876K) : metal2_diffprb has 0 polygons
2026-09-09 20:59:07 +0200: Memory Usage (461036K) : baspoly_drw has 0 polygons
2026-09-09 20:59:07 +0200: Memory Usage (461036K) : baspoly_pin has 0 polygons
2026-09-09 20:59:07 +0200: Memory Usage (461036K) : psd_drw has 2 polygons
2026-09-09 20:59:07 +0200: Memory Usage (461196K) : nldb_drw has 0 polygons
2026-09-09 20:59:07 +0200: Memory Usage (461196K) : digibnd_drw has 0 polygons
2026-09-09 20:59:07 +0200: Memory Usage (461196K) : via1_drw has 0 polygons
2026-09-09 20:59:07 +0200: Memory Usage (461356K) : backmetal1_drw has 0 polygons
2026-09-09 20:59:07 +0200: Memory Usage (461356K) : backmetal1_pin has 0 polygons
2026-09-09 20:59:07 +0200: Memory Usage (461356K) : backmetal1_mask has 0 polygons
2026-09-09 20:59:07 +0200: Memory Usage (461516K) : backmetal1_filler has 0 polygons
2026-09-09 20:59:07 +0200: Memory Usage (461516K) : backmetal1_nofill has 0 polygons
2026-09-09 20:59:07 +0200: Memory Usage (461516K) : backmetal1_slit has 0 polygons
2026-09-09 20:59:07 +0200: Memory Usage (461676K) : backmetal1_text has 0 polygons
2026-09-09 20:59:07 +0200: Memory Usage (461676K) : backmetal1_opc has 0 polygons
2026-09-09 20:59:07 +0200: Memory Usage (461836K) : backmetal1_noqrc has 0 polygons
2026-09-09 20:59:07 +0200: Memory Usage (461836K) : backmetal1_res has 0 polygons
2026-09-09 20:59:07 +0200: Memory Usage (461996K) : backmetal1_iprobe has 0 polygons
2026-09-09 20:59:07 +0200: Memory Usage (461996K) : backmetal1_diffprb has 0 polygons
2026-09-09 20:59:07 +0200: Memory Usage (462156K) : backpassiv_drw has 0 polygons
2026-09-09 20:59:07 +0200: Memory Usage (462156K) : res_drw has 0 polygons
2026-09-09 20:59:07 +0200: Memory Usage (462156K) : sram_drw has 0 polygons
2026-09-09 20:59:07 +0200: Memory Usage (462316K) : trans_drw has 0 polygons
2026-09-09 20:59:07 +0200: Memory Usage (462316K) : ind_drw has 0 polygons
2026-09-09 20:59:07 +0200: Memory Usage (462316K) : ind_pin has 0 polygons
2026-09-09 20:59:07 +0200: Memory Usage (462476K) : ind_text has 0 polygons
2026-09-09 20:59:07 +0200: Memory Usage (462476K) : salblock_drw has 0 polygons
2026-09-09 20:59:07 +0200: Memory Usage (462476K) : via2_drw has 0 polygons
2026-09-09 20:59:07 +0200: Memory Usage (462636K) : metal3_drw has 0 polygons
2026-09-09 20:59:07 +0200: Memory Usage (462636K) : metal3_pin has 0 polygons
2026-09-09 20:59:07 +0200: Memory Usage (462636K) : metal3_mask has 0 polygons
2026-09-09 20:59:07 +0200: Memory Usage (462796K) : metal3_filler has 0 polygons
2026-09-09 20:59:07 +0200: Memory Usage (462796K) : metal3_nofill has 0 polygons
2026-09-09 20:59:07 +0200: Memory Usage (462796K) : metal3_slit has 0 polygons
2026-09-09 20:59:07 +0200: Memory Usage (462956K) : metal3_text has 0 polygons
2026-09-09 20:59:07 +0200: Memory Usage (462956K) : metal3_opc has 0 polygons
2026-09-09 20:59:07 +0200: Memory Usage (463116K) : metal3_noqrc has 0 polygons
2026-09-09 20:59:07 +0200: Memory Usage (463116K) : metal3_res has 0 polygons
2026-09-09 20:59:07 +0200: Memory Usage (463116K) : metal3_iprobe has 0 polygons
2026-09-09 20:59:07 +0200: Memory Usage (463116K) : metal3_diffprb has 0 polygons
2026-09-09 20:59:07 +0200: Memory Usage (463276K) : nwell_drw has 1 polygons
2026-09-09 20:59:07 +0200: Memory Usage (463276K) : nwell_pin has 0 polygons
2026-09-09 20:59:07 +0200: Memory Usage (463276K) : nbulay_drw has 0 polygons
2026-09-09 20:59:07 +0200: Memory Usage (463276K) : nbulay_pin has 0 polygons
2026-09-09 20:59:07 +0200: Memory Usage (463436K) : nbulay_block has 0 polygons
2026-09-09 20:59:07 +0200: Memory Usage (463436K) : emwind_drw has 0 polygons
2026-09-09 20:59:07 +0200: Memory Usage (463436K) : emwind_opc has 0 polygons
2026-09-09 20:59:07 +0200: Memory Usage (463436K) : deepco_drw has 0 polygons
2026-09-09 20:59:07 +0200: Memory Usage (463596K) : deepco_drw has 0 polygons
2026-09-09 20:59:07 +0200: Memory Usage (463596K) : mim_drw has 0 polygons
2026-09-09 20:59:07 +0200: Memory Usage (463596K) : edgeseal_drw has 0 polygons
2026-09-09 20:59:07 +0200: Memory Usage (463596K) : edgeseal_bound has 0 polygons
2026-09-09 20:59:07 +0200: Memory Usage (463596K) : substrate_drw has 0 polygons
2026-09-09 20:59:07 +0200: Memory Usage (463756K) : substrate_text has 0 polygons
2026-09-09 20:59:07 +0200: Memory Usage (463756K) : dfpad_drw has 0 polygons
2026-09-09 20:59:07 +0200: Memory Usage (463756K) : dfpad_pillar has 0 polygons
2026-09-09 20:59:07 +0200: Memory Usage (463916K) : dfpad_sbump has 0 polygons
2026-09-09 20:59:07 +0200: Memory Usage (463916K) : thickgateox_drw has 0 polygons
2026-09-09 20:59:07 +0200: Memory Usage (463916K) : pldb_drw has 0 polygons
2026-09-09 20:59:07 +0200: Memory Usage (464076K) : pwell_drw has 0 polygons
2026-09-09 20:59:07 +0200: Memory Usage (464076K) : pwell_pin has 0 polygons
2026-09-09 20:59:07 +0200: Memory Usage (464076K) : pwell_block has 0 polygons
2026-09-09 20:59:07 +0200: Memory Usage (464236K) : ic_drw has 0 polygons
2026-09-09 20:59:07 +0200: Memory Usage (464236K) : via3_drw has 0 polygons
2026-09-09 20:59:07 +0200: Memory Usage (464236K) : metal4_drw has 0 polygons
2026-09-09 20:59:07 +0200: Memory Usage (464396K) : metal4_pin has 0 polygons
2026-09-09 20:59:07 +0200: Memory Usage (464396K) : metal4_mask has 0 polygons
2026-09-09 20:59:07 +0200: Memory Usage (464396K) : metal4_filler has 0 polygons
2026-09-09 20:59:07 +0200: Memory Usage (464556K) : metal4_nofill has 0 polygons
2026-09-09 20:59:07 +0200: Memory Usage (464556K) : metal4_slit has 0 polygons
2026-09-09 20:59:07 +0200: Memory Usage (464556K) : metal4_text has 0 polygons
2026-09-09 20:59:07 +0200: Memory Usage (464716K) : metal4_opc has 0 polygons
2026-09-09 20:59:07 +0200: Memory Usage (464716K) : metal4_noqrc has 0 polygons
2026-09-09 20:59:07 +0200: Memory Usage (464716K) : metal4_res has 0 polygons
2026-09-09 20:59:07 +0200: Memory Usage (464876K) : metal4_iprobe has 0 polygons
2026-09-09 20:59:07 +0200: Memory Usage (464876K) : metal4_diffprb has 0 polygons
2026-09-09 20:59:07 +0200: Memory Usage (464876K) : heattrans_drw has 0 polygons
2026-09-09 20:59:07 +0200: Memory Usage (465036K) : heatres_drw has 0 polygons
2026-09-09 20:59:07 +0200: Memory Usage (465036K) : pempoly_drw has 0 polygons
2026-09-09 20:59:07 +0200: Memory Usage (465036K) : fbe_drw has 0 polygons
2026-09-09 20:59:07 +0200: Memory Usage (465196K) : empoly_drw has 0 polygons
2026-09-09 20:59:07 +0200: Memory Usage (465196K) : ldmos_drw has 0 polygons
2026-09-09 20:59:07 +0200: Memory Usage (465196K) : pbiwind_drw has 0 polygons
2026-09-09 20:59:07 +0200: Memory Usage (465356K) : digisub_drw has 0 polygons
2026-09-09 20:59:07 +0200: Memory Usage (465356K) : nodrc_drw has 0 polygons
2026-09-09 20:59:07 +0200: Memory Usage (465356K) : text_drw has 0 polygons
2026-09-09 20:59:07 +0200: Memory Usage (465356K) : via4_drw has 0 polygons
2026-09-09 20:59:07 +0200: Memory Usage (465356K) : metal5_drw has 0 polygons
2026-09-09 20:59:07 +0200: Memory Usage (465516K) : metal5_pin has 0 polygons
2026-09-09 20:59:07 +0200: Memory Usage (465516K) : metal5_mask has 0 polygons
2026-09-09 20:59:07 +0200: Memory Usage (465516K) : metal5_filler has 0 polygons
2026-09-09 20:59:07 +0200: Memory Usage (465676K) : metal5_nofill has 0 polygons
2026-09-09 20:59:07 +0200: Memory Usage (465676K) : metal5_slit has 0 polygons
2026-09-09 20:59:07 +0200: Memory Usage (465676K) : metal5_text has 0 polygons
2026-09-09 20:59:07 +0200: Memory Usage (465836K) : metal5_opc has 0 polygons
2026-09-09 20:59:07 +0200: Memory Usage (465836K) : metal5_noqrc has 0 polygons
2026-09-09 20:59:07 +0200: Memory Usage (465836K) : metal5_res has 0 polygons
2026-09-09 20:59:07 +0200: Memory Usage (465996K) : metal5_iprobe has 0 polygons
2026-09-09 20:59:07 +0200: Memory Usage (465996K) : metal5_diffprb has 0 polygons
2026-09-09 20:59:07 +0200: Memory Usage (465996K) : radhard_drw has 0 polygons
2026-09-09 20:59:07 +0200: Memory Usage (466156K) : memcap_drw has 0 polygons
2026-09-09 20:59:07 +0200: Memory Usage (466156K) : varicap_drw has 0 polygons
2026-09-09 20:59:07 +0200: Memory Usage (466156K) : flash_drw has 0 polygons
2026-09-09 20:59:07 +0200: Memory Usage (466316K) : intbondvia_drw has 0 polygons
2026-09-09 20:59:07 +0200: Memory Usage (466316K) : intbondmet_drw has 0 polygons
2026-09-09 20:59:07 +0200: Memory Usage (466316K) : devbondvia_drw has 0 polygons
2026-09-09 20:59:07 +0200: Memory Usage (466476K) : devbondmet_drw has 0 polygons
2026-09-09 20:59:07 +0200: Memory Usage (466476K) : devtrench_drw has 0 polygons
2026-09-09 20:59:07 +0200: Memory Usage (466476K) : redist_drw has 0 polygons
2026-09-09 20:59:07 +0200: Memory Usage (466636K) : graphbot_drw has 0 polygons
2026-09-09 20:59:07 +0200: Memory Usage (466636K) : graphtop_drw has 0 polygons
2026-09-09 20:59:07 +0200: Memory Usage (466636K) : antvia1_drw has 0 polygons
2026-09-09 20:59:07 +0200: Memory Usage (466796K) : antmetal2_drw has 0 polygons
2026-09-09 20:59:07 +0200: Memory Usage (466796K) : graphcont_drw has 0 polygons
2026-09-09 20:59:07 +0200: Memory Usage (466796K) : siwg_drw has 0 polygons
2026-09-09 20:59:07 +0200: Memory Usage (466956K) : siwg_filler has 0 polygons
2026-09-09 20:59:07 +0200: Memory Usage (466956K) : siwg_nofill has 0 polygons
2026-09-09 20:59:07 +0200: Memory Usage (466956K) : sigrating_drw has 0 polygons
2026-09-09 20:59:07 +0200: Memory Usage (467116K) : singrating_drw has 0 polygons
2026-09-09 20:59:07 +0200: Memory Usage (467116K) : graphpas_drw has 0 polygons
2026-09-09 20:59:07 +0200: Memory Usage (467116K) : emwind3_drw has 0 polygons
2026-09-09 20:59:07 +0200: Memory Usage (467116K) : emwihv3_drw has 0 polygons
2026-09-09 20:59:07 +0200: Memory Usage (467276K) : redbulay_drw has 0 polygons
2026-09-09 20:59:07 +0200: Memory Usage (467276K) : smos_drw has 0 polygons
2026-09-09 20:59:07 +0200: Memory Usage (467276K) : graphpad_drw has 0 polygons
2026-09-09 20:59:07 +0200: Memory Usage (467276K) : polimide_drw has 0 polygons
2026-09-09 20:59:07 +0200: Memory Usage (467436K) : polimide_pin has 0 polygons
2026-09-09 20:59:07 +0200: Memory Usage (467436K) : recog_drw has 0 polygons
2026-09-09 20:59:07 +0200: Memory Usage (467436K) : recog_pin has 0 polygons
2026-09-09 20:59:07 +0200: Memory Usage (467596K) : recog_esd has 0 polygons
2026-09-09 20:59:07 +0200: Memory Usage (467596K) : recog_diode has 0 polygons
2026-09-09 20:59:07 +0200: Memory Usage (467596K) : recog_tsv has 0 polygons
2026-09-09 20:59:07 +0200: Memory Usage (467756K) : recog_iprobe has 0 polygons
2026-09-09 20:59:07 +0200: Memory Usage (467756K) : recog_diffprb has 0 polygons
2026-09-09 20:59:07 +0200: Memory Usage (467756K) : recog_pillar has 0 polygons
2026-09-09 20:59:07 +0200: Memory Usage (467916K) : recog_sbump has 0 polygons
2026-09-09 20:59:07 +0200: Memory Usage (467916K) : recog_otp has 0 polygons
2026-09-09 20:59:07 +0200: Memory Usage (467916K) : recog_pdiode has 0 polygons
2026-09-09 20:59:07 +0200: Memory Usage (468076K) : recog_mom has 0 polygons
2026-09-09 20:59:07 +0200: Memory Usage (468076K) : recog_pcm has 0 polygons
2026-09-09 20:59:07 +0200: Memory Usage (468076K) : colopen_drw has 0 polygons
2026-09-09 20:59:07 +0200: Memory Usage (468236K) : graphmetal1_drw has 0 polygons
2026-09-09 20:59:07 +0200: Memory Usage (468236K) : graphmetal1_filler has 0 polygons
2026-09-09 20:59:07 +0200: Memory Usage (468236K) : graphmetal1_nofill has 0 polygons
2026-09-09 20:59:07 +0200: Memory Usage (468396K) : graphmetal1_slit has 0 polygons
2026-09-09 20:59:07 +0200: Memory Usage (468396K) : graphmetal1_opc has 0 polygons
2026-09-09 20:59:07 +0200: Memory Usage (468396K) : graphmet1l_drw has 0 polygons
2026-09-09 20:59:07 +0200: Memory Usage (468556K) : graphmet1l_filler has 0 polygons
2026-09-09 20:59:07 +0200: Memory Usage (468556K) : graphmet1l_nofill has 0 polygons
2026-09-09 20:59:07 +0200: Memory Usage (468716K) : graphmet1l_slit has 0 polygons
2026-09-09 20:59:07 +0200: Memory Usage (468716K) : graphmet1l_opc has 0 polygons
2026-09-09 20:59:07 +0200: Memory Usage (468716K) : extblock_drw has 0 polygons
2026-09-09 20:59:07 +0200: Memory Usage (468876K) : nldd_drw has 0 polygons
2026-09-09 20:59:07 +0200: Memory Usage (468876K) : pldd_drw has 0 polygons
2026-09-09 20:59:07 +0200: Memory Usage (468876K) : next_drw has 0 polygons
2026-09-09 20:59:07 +0200: Memory Usage (469036K) : pext_drw has 0 polygons
2026-09-09 20:59:07 +0200: Memory Usage (469036K) : nexthv_drw has 0 polygons
2026-09-09 20:59:07 +0200: Memory Usage (469036K) : pexthv_drw has 0 polygons
2026-09-09 20:59:07 +0200: Memory Usage (469196K) : graphgate_drw has 0 polygons
2026-09-09 20:59:07 +0200: Memory Usage (469196K) : sinwg_drw has 0 polygons
2026-09-09 20:59:07 +0200: Memory Usage (469196K) : sinwg_filler has 0 polygons
2026-09-09 20:59:07 +0200: Memory Usage (469356K) : sinwg_nofill has 0 polygons
2026-09-09 20:59:07 +0200: Memory Usage (469356K) : mempad_drw has 0 polygons
2026-09-09 20:59:07 +0200: Memory Usage (469356K) : topvia1_drw has 0 polygons
2026-09-09 20:59:07 +0200: Memory Usage (469356K) : topmetal1_drw has 0 polygons
2026-09-09 20:59:07 +0200: Memory Usage (469356K) : topmetal1_pin has 0 polygons
2026-09-09 20:59:07 +0200: Memory Usage (469356K) : topmetal1_mask has 0 polygons
2026-09-09 20:59:07 +0200: Memory Usage (469356K) : topmetal1_filler has 0 polygons
2026-09-09 20:59:07 +0200: Memory Usage (469356K) : topmetal1_nofill has 0 polygons
2026-09-09 20:59:07 +0200: Memory Usage (469356K) : topmetal1_slit has 0 polygons
2026-09-09 20:59:07 +0200: Memory Usage (469356K) : topmetal1_text has 0 polygons
2026-09-09 20:59:07 +0200: Memory Usage (469356K) : topmetal1_noqrc has 0 polygons
2026-09-09 20:59:07 +0200: Memory Usage (469516K) : topmetal1_res has 0 polygons
2026-09-09 20:59:07 +0200: Memory Usage (469516K) : topmetal1_iprobe has 0 polygons
2026-09-09 20:59:07 +0200: Memory Usage (469516K) : topmetal1_diffprb has 0 polygons
2026-09-09 20:59:07 +0200: Memory Usage (469676K) : inldpwl_drw has 0 polygons
2026-09-09 20:59:07 +0200: Memory Usage (469676K) : polyres_drw has 0 polygons
2026-09-09 20:59:07 +0200: Memory Usage (469676K) : polyres_pin has 0 polygons
2026-09-09 20:59:07 +0200: Memory Usage (469836K) : vmim_drw has 0 polygons
2026-09-09 20:59:07 +0200: Memory Usage (469836K) : nbulaycut_drw has 0 polygons
2026-09-09 20:59:07 +0200: Memory Usage (469996K) : antmetal1_drw has 0 polygons
2026-09-09 20:59:07 +0200: Memory Usage (469996K) : topvia2_drw has 0 polygons
2026-09-09 20:59:07 +0200: Memory Usage (469996K) : topmetal2_drw has 0 polygons
2026-09-09 20:59:07 +0200: Memory Usage (470156K) : topmetal2_pin has 0 polygons
2026-09-09 20:59:07 +0200: Memory Usage (470156K) : topmetal2_mask has 0 polygons
2026-09-09 20:59:07 +0200: Memory Usage (470156K) : topmetal2_filler has 0 polygons
2026-09-09 20:59:07 +0200: Memory Usage (470316K) : topmetal2_nofill has 0 polygons
2026-09-09 20:59:07 +0200: Memory Usage (470316K) : topmetal2_slit has 0 polygons
2026-09-09 20:59:07 +0200: Memory Usage (470316K) : topmetal2_text has 0 polygons
2026-09-09 20:59:07 +0200: Memory Usage (470316K) : topmetal2_noqrc has 0 polygons
2026-09-09 20:59:07 +0200: Memory Usage (470476K) : topmetal2_res has 0 polygons
2026-09-09 20:59:07 +0200: Memory Usage (470476K) : topmetal2_iprobe has 0 polygons
2026-09-09 20:59:07 +0200: Memory Usage (470476K) : topmetal2_diffprb has 0 polygons
2026-09-09 20:59:07 +0200: Memory Usage (470636K) : snsring_drw has 0 polygons
2026-09-09 20:59:07 +0200: Memory Usage (470636K) : sensor_drw has 0 polygons
2026-09-09 20:59:07 +0200: Memory Usage (470636K) : snsarms_drw has 0 polygons
2026-09-09 20:59:07 +0200: Memory Usage (470796K) : snscmosvia_drw has 0 polygons
2026-09-09 20:59:07 +0200: Memory Usage (470796K) : colwind_drw has 0 polygons
2026-09-09 20:59:07 +0200: Memory Usage (470796K) : flm_drw has 0 polygons
2026-09-09 20:59:07 +0200: Memory Usage (470956K) : hafniumox_drw has 0 polygons
2026-09-09 20:59:07 +0200: Memory Usage (470956K) : memvia_drw has 0 polygons
2026-09-09 20:59:07 +0200: Memory Usage (470956K) : thinfilmres_drw has 0 polygons
2026-09-09 20:59:07 +0200: Memory Usage (471116K) : rfmem_drw has 0 polygons
2026-09-09 20:59:07 +0200: Memory Usage (471116K) : norcx_drw has 0 polygons
2026-09-09 20:59:07 +0200: Memory Usage (471276K) : norcx_m2m3 has 0 polygons
2026-09-09 20:59:07 +0200: Memory Usage (471276K) : norcx_m2m4 has 0 polygons
2026-09-09 20:59:07 +0200: Memory Usage (471276K) : norcx_m2m5 has 0 polygons
2026-09-09 20:59:07 +0200: Memory Usage (471436K) : norcx_m2tm1 has 0 polygons
2026-09-09 20:59:07 +0200: Memory Usage (471436K) : norcx_m2tm2 has 0 polygons
2026-09-09 20:59:07 +0200: Memory Usage (471436K) : norcx_m3m4 has 0 polygons
2026-09-09 20:59:07 +0200: Memory Usage (471596K) : norcx_m3m5 has 0 polygons
2026-09-09 20:59:07 +0200: Memory Usage (471596K) : norcx_m3tm1 has 0 polygons
2026-09-09 20:59:07 +0200: Memory Usage (471596K) : norcx_m3tm2 has 0 polygons
2026-09-09 20:59:07 +0200: Memory Usage (471756K) : norcx_m4m5 has 0 polygons
2026-09-09 20:59:07 +0200: Memory Usage (471756K) : norcx_m4tm1 has 0 polygons
2026-09-09 20:59:07 +0200: Memory Usage (471756K) : norcx_m4tm2 has 0 polygons
2026-09-09 20:59:07 +0200: Memory Usage (471916K) : norcx_m5tm1 has 0 polygons
2026-09-09 20:59:07 +0200: Memory Usage (471916K) : norcx_m5tm2 has 0 polygons
2026-09-09 20:59:07 +0200: Memory Usage (471916K) : norcx_tm1tm2 has 0 polygons
2026-09-09 20:59:07 +0200: Memory Usage (472076K) : norcx_m1sub has 0 polygons
2026-09-09 20:59:07 +0200: Memory Usage (472076K) : norcx_m2sub has 0 polygons
2026-09-09 20:59:07 +0200: Memory Usage (472076K) : norcx_m3sub has 0 polygons
2026-09-09 20:59:07 +0200: Memory Usage (472236K) : norcx_m4sub has 0 polygons
2026-09-09 20:59:07 +0200: Memory Usage (472236K) : norcx_m5sub has 0 polygons
2026-09-09 20:59:07 +0200: Memory Usage (472236K) : norcx_tm1sub has 0 polygons
2026-09-09 20:59:07 +0200: Memory Usage (472396K) : norcx_tm2sub has 0 polygons
2026-09-09 20:59:07 +0200: Memory Usage (472396K) : snsbotvia_drw has 0 polygons
2026-09-09 20:59:07 +0200: Memory Usage (472396K) : snstopvia_drw has 0 polygons
2026-09-09 20:59:07 +0200: Memory Usage (472556K) : deepvia_drw has 0 polygons
2026-09-09 20:59:07 +0200: Memory Usage (472556K) : fgetch_drw has 0 polygons
2026-09-09 20:59:07 +0200: Memory Usage (472556K) : ctrgat_drw has 0 polygons
2026-09-09 20:59:07 +0200: Memory Usage (472716K) : fgimp_drw has 0 polygons
2026-09-09 20:59:07 +0200: Memory Usage (472716K) : emwihv_drw has 0 polygons
2026-09-09 20:59:07 +0200: Memory Usage (472716K) : lbe_drw has 0 polygons
2026-09-09 20:59:07 +0200: Memory Usage (472876K) : alcustop_drw has 0 polygons
2026-09-09 20:59:07 +0200: Memory Usage (472876K) : nometfiller_drw has 0 polygons
2026-09-09 20:59:07 +0200: Memory Usage (472876K) : prboundary_drw has 0 polygons
2026-09-09 20:59:07 +0200: Memory Usage (473036K) : exchange0_drw has 0 polygons
2026-09-09 20:59:07 +0200: Memory Usage (473036K) : exchange0_pin has 0 polygons
2026-09-09 20:59:07 +0200: Memory Usage (473036K) : exchange0_text has 0 polygons
2026-09-09 20:59:07 +0200: Memory Usage (473196K) : exchange1_drw has 0 polygons
2026-09-09 20:59:07 +0200: Memory Usage (473196K) : exchange1_pin has 0 polygons
2026-09-09 20:59:07 +0200: Memory Usage (473196K) : exchange1_text has 0 polygons
2026-09-09 20:59:07 +0200: Memory Usage (473356K) : exchange2_drw has 0 polygons
2026-09-09 20:59:07 +0200: Memory Usage (473356K) : exchange2_pin has 0 polygons
2026-09-09 20:59:07 +0200: Memory Usage (473356K) : exchange2_text has 0 polygons
2026-09-09 20:59:07 +0200: Memory Usage (473516K) : exchange3_drw has 0 polygons
2026-09-09 20:59:07 +0200: Memory Usage (473516K) : exchange3_pin has 0 polygons
2026-09-09 20:59:07 +0200: Memory Usage (473516K) : exchange3_text has 0 polygons
2026-09-09 20:59:07 +0200: Memory Usage (473676K) : exchange4_drw has 0 polygons
2026-09-09 20:59:07 +0200: Memory Usage (473676K) : exchange4_pin has 0 polygons
2026-09-09 20:59:07 +0200: Memory Usage (473836K) : exchange4_text has 0 polygons
2026-09-09 20:59:07 +0200: Memory Usage (473836K) : isonwell_drw has 0 polygons
2026-09-09 20:59:07 +0200: Memory Usage (473836K) : Total no. of polygons in the design is 95
2026-09-09 20:59:07 +0200: Memory Usage (473836K) : Loaded TECH DRC rules values from /foss/pdks/ihp-sg13g2/libs.tech/klayout/python/sg13g2_pycell_lib/sg13g2_tech_mod.json
2026-09-09 20:59:07 +0200: Memory Usage (473836K) : Loaded default DRC rules values from /foss/pdks/ihp-sg13g2/libs.tech/klayout/tech/drc/rule_decks/sg13g2_tech_default.json
2026-09-09 20:59:07 +0200: Memory Usage (473836K) : The following rules values were missing in tech json and default values were used:
2026-09-09 20:59:07 +0200: Memory Usage (473836K) :   - NW_f1_digibnd
2026-09-09 20:59:07 +0200: Memory Usage (473836K) :   - Cnt_c_digibnd
2026-09-09 20:59:07 +0200: Memory Usage (473836K) :   - Cnt_c_sram
2026-09-09 20:59:07 +0200: Memory Usage (473836K) :   - Sdiod_b
2026-09-09 20:59:07 +0200: Memory Usage (473836K) :   - Sdiod_c
2026-09-09 20:59:07 +0200: Memory Usage (475180K) : Total area of the design is 18.9648 um^2.
2026-09-09 20:59:07 +0200: Memory Usage (475180K) : The design dimensions are 4.32 µm * 4.39 µm.
2026-09-09 20:59:07 +0200: Memory Usage (475180K) : Starting general IHP-SG13G2 derivations.
2026-09-09 20:59:07 +0200: Memory Usage (475180K) : Starting Pwell derivations
2026-09-09 20:59:07 +0200: Memory Usage (476536K) : Starting IHP-SG13G2 DRC rules.
2026-09-09 20:59:07 +0200: Memory Usage (476536K) : Starting 5.6 Activ:filler table
2026-09-09 20:59:07 +0200: Memory Usage (476536K) : Executing rule AFil.c1
2026-09-09 20:59:07 +0200: Memory Usage (476728K) : Executing rule AFil.c
2026-09-09 20:59:07 +0200: Memory Usage (476728K) : Executing rule AFil.d
2026-09-09 20:59:07 +0200: Memory Usage (476728K) : Executing rule AFil.e
2026-09-09 20:59:07 +0200: Memory Usage (476728K) : Executing rule AFil.j
2026-09-09 20:59:07 +0200: Memory Usage (476728K) : KLayout DRC run for tables 'activfiller' completed in 0.19 seconds
