# Logfile created on 2026-09-09 20:59:07 +0200 by logger.rb/v1.5.3
2026-09-09 20:59:07 +0200: Memory Usage (457068K) : Starting running IHP-SG13G2 KLayout DRC runset on /foss/designs/aion_chip/flow/regress/AION_a21oi_nor2_1/AION_a21oi_nor2_1.gds
2026-09-09 20:59:07 +0200: Memory Usage (457068K) : Ruby Version for klayout: 3.2.3
2026-09-09 20:59:07 +0200: Memory Usage (458028K) : Loading database to memory is complete.
2026-09-09 20:59:07 +0200: Memory Usage (458028K) : IHP-SG13G2 KLayout DRC runset output at: /foss/designs/aion_chip/flow/regress/AION_a21oi_nor2_1/drc/AION_a21oi_nor2_1.klayout.drc/AION_a21oi_nor2_1_AION_a21oi_nor2_1_psd.lyrdb
2026-09-09 20:59:07 +0200: Memory Usage (458220K) : Evaluate switches.
2026-09-09 20:59:07 +0200: Memory Usage (458220K) : tables selected: psd
2026-09-09 20:59:07 +0200: Memory Usage (458220K) : KLayout will use 15 thread(s) in tiling mode.
2026-09-09 20:59:07 +0200: Memory Usage (458220K) : deep mode is enabled.
2026-09-09 20:59:07 +0200: Memory Usage (458220K) : FEOL enabled: false
2026-09-09 20:59:07 +0200: Memory Usage (458220K) : BEOL enabled: false
2026-09-09 20:59:07 +0200: Memory Usage (458220K) : OFFGRID enabled: true
2026-09-09 20:59:07 +0200: Memory Usage (458220K) : ANGLE enabled: true
2026-09-09 20:59:07 +0200: Memory Usage (458220K) : PIN enabled: false
2026-09-09 20:59:07 +0200: Memory Usage (458220K) : FORBIDDEN enabled: false
2026-09-09 20:59:07 +0200: Memory Usage (458220K) : RECOMMENDED enabled: true
2026-09-09 20:59:07 +0200: Memory Usage (458220K) : PreCheck DRC enabled: false
2026-09-09 20:59:07 +0200: Memory Usage (458220K) : CONNECTIVITY_RULES enabled: false.
2026-09-09 20:59:07 +0200: Memory Usage (458220K) : Read in polygons from layers.
2026-09-09 20:59:07 +0200: Memory Usage (459180K) : activ_drw has 5 polygons
2026-09-09 20:59:07 +0200: Memory Usage (459180K) : activ_pin has 0 polygons
2026-09-09 20:59:07 +0200: Memory Usage (459180K) : activ_mask has 0 polygons
2026-09-09 20:59:07 +0200: Memory Usage (459180K) : activ_filler has 0 polygons
2026-09-09 20:59:07 +0200: Memory Usage (459180K) : activ_nofill has 0 polygons
2026-09-09 20:59:07 +0200: Memory Usage (459180K) : activ_opc has 0 polygons
2026-09-09 20:59:07 +0200: Memory Usage (459180K) : activ_iopc has 0 polygons
2026-09-09 20:59:07 +0200: Memory Usage (459180K) : activ_noqrc has 0 polygons
2026-09-09 20:59:07 +0200: Memory Usage (459180K) : biwind_drw has 0 polygons
2026-09-09 20:59:07 +0200: Memory Usage (459180K) : biwind_opc has 0 polygons
2026-09-09 20:59:07 +0200: Memory Usage (459180K) : pemwind_drw has 0 polygons
2026-09-09 20:59:07 +0200: Memory Usage (459180K) : gatpoly_drw has 10 polygons
2026-09-09 20:59:07 +0200: Memory Usage (459180K) : gatpoly_pin has 0 polygons
2026-09-09 20:59:07 +0200: Memory Usage (459180K) : gatpoly_filler has 0 polygons
2026-09-09 20:59:07 +0200: Memory Usage (459180K) : gatpoly_nofill has 0 polygons
2026-09-09 20:59:07 +0200: Memory Usage (459340K) : gatpoly_opc has 0 polygons
2026-09-09 20:59:07 +0200: Memory Usage (459340K) : gatpoly_iopc has 0 polygons
2026-09-09 20:59:07 +0200: Memory Usage (459340K) : gatpoly_noqrc has 0 polygons
2026-09-09 20:59:08 +0200: Memory Usage (459340K) : cont_drw has 40 polygons
2026-09-09 20:59:08 +0200: Memory Usage (459500K) : cont_opc has 0 polygons
2026-09-09 20:59:08 +0200: Memory Usage (459500K) : nsd_drw has 0 polygons
2026-09-09 20:59:08 +0200: Memory Usage (459500K) : nsd_block has 0 polygons
2026-09-09 20:59:08 +0200: Memory Usage (459500K) : metal1_drw has 23 polygons
2026-09-09 20:59:08 +0200: Memory Usage (459500K) : metal1_pin has 7 polygons
2026-09-09 20:59:08 +0200: Memory Usage (459500K) : metal1_mask has 0 polygons
2026-09-09 20:59:08 +0200: Memory Usage (459500K) : metal1_filler has 0 polygons
2026-09-09 20:59:08 +0200: Memory Usage (459660K) : metal1_nofill has 0 polygons
2026-09-09 20:59:08 +0200: Memory Usage (459660K) : metal1_slit has 0 polygons
2026-09-09 20:59:08 +0200: Memory Usage (460044K) : metal1_text has 7 polygons
2026-09-09 20:59:08 +0200: Memory Usage (460204K) : metal1_opc has 0 polygons
2026-09-09 20:59:08 +0200: Memory Usage (460204K) : metal1_noqrc has 0 polygons
2026-09-09 20:59:08 +0200: Memory Usage (460204K) : metal1_res has 0 polygons
2026-09-09 20:59:08 +0200: Memory Usage (460364K) : metal1_iprobe has 0 polygons
2026-09-09 20:59:08 +0200: Memory Usage (460364K) : metal1_diffprb has 0 polygons
2026-09-09 20:59:08 +0200: Memory Usage (460364K) : passiv_drw has 0 polygons
2026-09-09 20:59:08 +0200: Memory Usage (460524K) : passiv_pin has 0 polygons
2026-09-09 20:59:08 +0200: Memory Usage (460524K) : passiv_sbump has 0 polygons
2026-09-09 20:59:08 +0200: Memory Usage (460524K) : passiv_pillar has 0 polygons
2026-09-09 20:59:08 +0200: Memory Usage (460684K) : passiv_pdl has 0 polygons
2026-09-09 20:59:08 +0200: Memory Usage (460684K) : metal2_drw has 0 polygons
2026-09-09 20:59:08 +0200: Memory Usage (460684K) : metal2_pin has 0 polygons
2026-09-09 20:59:08 +0200: Memory Usage (460684K) : metal2_mask has 0 polygons
2026-09-09 20:59:08 +0200: Memory Usage (460684K) : metal2_filler has 0 polygons
2026-09-09 20:59:08 +0200: Memory Usage (460684K) : metal2_nofill has 0 polygons
2026-09-09 20:59:08 +0200: Memory Usage (460684K) : metal2_slit has 0 polygons
2026-09-09 20:59:08 +0200: Memory Usage (460684K) : metal2_text has 0 polygons
2026-09-09 20:59:08 +0200: Memory Usage (460684K) : metal2_opc has 0 polygons
2026-09-09 20:59:08 +0200: Memory Usage (460844K) : metal2_noqrc has 0 polygons
2026-09-09 20:59:08 +0200: Memory Usage (460844K) : metal2_res has 0 polygons
2026-09-09 20:59:08 +0200: Memory Usage (460844K) : metal2_iprobe has 0 polygons
2026-09-09 20:59:08 +0200: Memory Usage (460844K) : metal2_diffprb has 0 polygons
2026-09-09 20:59:08 +0200: Memory Usage (461004K) : baspoly_drw has 0 polygons
2026-09-09 20:59:08 +0200: Memory Usage (461004K) : baspoly_pin has 0 polygons
2026-09-09 20:59:08 +0200: Memory Usage (461004K) : psd_drw has 2 polygons
2026-09-09 20:59:08 +0200: Memory Usage (461004K) : nldb_drw has 0 polygons
2026-09-09 20:59:08 +0200: Memory Usage (461164K) : digibnd_drw has 0 polygons
2026-09-09 20:59:08 +0200: Memory Usage (461164K) : via1_drw has 0 polygons
2026-09-09 20:59:08 +0200: Memory Usage (461324K) : backmetal1_drw has 0 polygons
2026-09-09 20:59:08 +0200: Memory Usage (461324K) : backmetal1_pin has 0 polygons
2026-09-09 20:59:08 +0200: Memory Usage (461324K) : backmetal1_mask has 0 polygons
2026-09-09 20:59:08 +0200: Memory Usage (461484K) : backmetal1_filler has 0 polygons
2026-09-09 20:59:08 +0200: Memory Usage (461484K) : backmetal1_nofill has 0 polygons
2026-09-09 20:59:08 +0200: Memory Usage (461484K) : backmetal1_slit has 0 polygons
2026-09-09 20:59:08 +0200: Memory Usage (461644K) : backmetal1_text has 0 polygons
2026-09-09 20:59:08 +0200: Memory Usage (461644K) : backmetal1_opc has 0 polygons
2026-09-09 20:59:08 +0200: Memory Usage (461644K) : backmetal1_noqrc has 0 polygons
2026-09-09 20:59:08 +0200: Memory Usage (461804K) : backmetal1_res has 0 polygons
2026-09-09 20:59:08 +0200: Memory Usage (461804K) : backmetal1_iprobe has 0 polygons
2026-09-09 20:59:08 +0200: Memory Usage (461964K) : backmetal1_diffprb has 0 polygons
2026-09-09 20:59:08 +0200: Memory Usage (461964K) : backpassiv_drw has 0 polygons
2026-09-09 20:59:08 +0200: Memory Usage (462124K) : res_drw has 0 polygons
2026-09-09 20:59:08 +0200: Memory Usage (462124K) : sram_drw has 0 polygons
2026-09-09 20:59:08 +0200: Memory Usage (462124K) : trans_drw has 0 polygons
2026-09-09 20:59:08 +0200: Memory Usage (462284K) : ind_drw has 0 polygons
2026-09-09 20:59:08 +0200: Memory Usage (462284K) : ind_pin has 0 polygons
2026-09-09 20:59:08 +0200: Memory Usage (462284K) : ind_text has 0 polygons
2026-09-09 20:59:08 +0200: Memory Usage (462444K) : salblock_drw has 0 polygons
2026-09-09 20:59:08 +0200: Memory Usage (462444K) : via2_drw has 0 polygons
2026-09-09 20:59:08 +0200: Memory Usage (462444K) : metal3_drw has 0 polygons
2026-09-09 20:59:08 +0200: Memory Usage (462604K) : metal3_pin has 0 polygons
2026-09-09 20:59:08 +0200: Memory Usage (462604K) : metal3_mask has 0 polygons
2026-09-09 20:59:08 +0200: Memory Usage (462604K) : metal3_filler has 0 polygons
2026-09-09 20:59:08 +0200: Memory Usage (462764K) : metal3_nofill has 0 polygons
2026-09-09 20:59:08 +0200: Memory Usage (462764K) : metal3_slit has 0 polygons
2026-09-09 20:59:08 +0200: Memory Usage (462924K) : metal3_text has 0 polygons
2026-09-09 20:59:08 +0200: Memory Usage (462924K) : metal3_opc has 0 polygons
2026-09-09 20:59:08 +0200: Memory Usage (463084K) : metal3_noqrc has 0 polygons
2026-09-09 20:59:08 +0200: Memory Usage (463084K) : metal3_res has 0 polygons
2026-09-09 20:59:08 +0200: Memory Usage (463084K) : metal3_iprobe has 0 polygons
2026-09-09 20:59:08 +0200: Memory Usage (463244K) : metal3_diffprb has 0 polygons
2026-09-09 20:59:08 +0200: Memory Usage (463244K) : nwell_drw has 1 polygons
2026-09-09 20:59:08 +0200: Memory Usage (463244K) : nwell_pin has 0 polygons
2026-09-09 20:59:08 +0200: Memory Usage (463244K) : nbulay_drw has 0 polygons
2026-09-09 20:59:08 +0200: Memory Usage (463404K) : nbulay_pin has 0 polygons
2026-09-09 20:59:08 +0200: Memory Usage (463404K) : nbulay_block has 0 polygons
2026-09-09 20:59:08 +0200: Memory Usage (463404K) : emwind_drw has 0 polygons
2026-09-09 20:59:08 +0200: Memory Usage (463404K) : emwind_opc has 0 polygons
2026-09-09 20:59:08 +0200: Memory Usage (463564K) : deepco_drw has 0 polygons
2026-09-09 20:59:08 +0200: Memory Usage (463564K) : deepco_drw has 0 polygons
2026-09-09 20:59:08 +0200: Memory Usage (463564K) : mim_drw has 0 polygons
2026-09-09 20:59:08 +0200: Memory Usage (463564K) : edgeseal_drw has 0 polygons
2026-09-09 20:59:08 +0200: Memory Usage (463564K) : edgeseal_bound has 0 polygons
2026-09-09 20:59:08 +0200: Memory Usage (463724K) : substrate_drw has 0 polygons
2026-09-09 20:59:08 +0200: Memory Usage (463724K) : substrate_text has 0 polygons
2026-09-09 20:59:08 +0200: Memory Usage (463724K) : dfpad_drw has 0 polygons
2026-09-09 20:59:08 +0200: Memory Usage (463724K) : dfpad_pillar has 0 polygons
2026-09-09 20:59:08 +0200: Memory Usage (463884K) : dfpad_sbump has 0 polygons
2026-09-09 20:59:08 +0200: Memory Usage (463884K) : thickgateox_drw has 0 polygons
2026-09-09 20:59:08 +0200: Memory Usage (463884K) : pldb_drw has 0 polygons
2026-09-09 20:59:08 +0200: Memory Usage (464044K) : pwell_drw has 0 polygons
2026-09-09 20:59:08 +0200: Memory Usage (464044K) : pwell_pin has 0 polygons
2026-09-09 20:59:08 +0200: Memory Usage (464044K) : pwell_block has 0 polygons
2026-09-09 20:59:08 +0200: Memory Usage (464204K) : ic_drw has 0 polygons
2026-09-09 20:59:08 +0200: Memory Usage (464204K) : via3_drw has 0 polygons
2026-09-09 20:59:08 +0200: Memory Usage (464204K) : metal4_drw has 0 polygons
2026-09-09 20:59:08 +0200: Memory Usage (464364K) : metal4_pin has 0 polygons
2026-09-09 20:59:08 +0200: Memory Usage (464364K) : metal4_mask has 0 polygons
2026-09-09 20:59:08 +0200: Memory Usage (464364K) : metal4_filler has 0 polygons
2026-09-09 20:59:08 +0200: Memory Usage (464524K) : metal4_nofill has 0 polygons
2026-09-09 20:59:08 +0200: Memory Usage (464524K) : metal4_slit has 0 polygons
2026-09-09 20:59:08 +0200: Memory Usage (464524K) : metal4_text has 0 polygons
2026-09-09 20:59:08 +0200: Memory Usage (464684K) : metal4_opc has 0 polygons
2026-09-09 20:59:08 +0200: Memory Usage (464684K) : metal4_noqrc has 0 polygons
2026-09-09 20:59:08 +0200: Memory Usage (464684K) : metal4_res has 0 polygons
2026-09-09 20:59:08 +0200: Memory Usage (464844K) : metal4_iprobe has 0 polygons
2026-09-09 20:59:08 +0200: Memory Usage (464844K) : metal4_diffprb has 0 polygons
2026-09-09 20:59:08 +0200: Memory Usage (464844K) : heattrans_drw has 0 polygons
2026-09-09 20:59:08 +0200: Memory Usage (465004K) : heatres_drw has 0 polygons
2026-09-09 20:59:08 +0200: Memory Usage (465004K) : pempoly_drw has 0 polygons
2026-09-09 20:59:08 +0200: Memory Usage (465004K) : fbe_drw has 0 polygons
2026-09-09 20:59:08 +0200: Memory Usage (465164K) : empoly_drw has 0 polygons
2026-09-09 20:59:08 +0200: Memory Usage (465164K) : ldmos_drw has 0 polygons
2026-09-09 20:59:08 +0200: Memory Usage (465324K) : pbiwind_drw has 0 polygons
2026-09-09 20:59:08 +0200: Memory Usage (465324K) : digisub_drw has 0 polygons
2026-09-09 20:59:08 +0200: Memory Usage (465324K) : nodrc_drw has 0 polygons
2026-09-09 20:59:08 +0200: Memory Usage (465324K) : text_drw has 0 polygons
2026-09-09 20:59:08 +0200: Memory Usage (465324K) : via4_drw has 0 polygons
2026-09-09 20:59:08 +0200: Memory Usage (465484K) : metal5_drw has 0 polygons
2026-09-09 20:59:08 +0200: Memory Usage (465484K) : metal5_pin has 0 polygons
2026-09-09 20:59:08 +0200: Memory Usage (465484K) : metal5_mask has 0 polygons
2026-09-09 20:59:08 +0200: Memory Usage (465484K) : metal5_filler has 0 polygons
2026-09-09 20:59:08 +0200: Memory Usage (465644K) : metal5_nofill has 0 polygons
2026-09-09 20:59:08 +0200: Memory Usage (465644K) : metal5_slit has 0 polygons
2026-09-09 20:59:08 +0200: Memory Usage (465644K) : metal5_text has 0 polygons
2026-09-09 20:59:08 +0200: Memory Usage (465804K) : metal5_opc has 0 polygons
2026-09-09 20:59:08 +0200: Memory Usage (465804K) : metal5_noqrc has 0 polygons
2026-09-09 20:59:08 +0200: Memory Usage (465804K) : metal5_res has 0 polygons
2026-09-09 20:59:08 +0200: Memory Usage (465964K) : metal5_iprobe has 0 polygons
2026-09-09 20:59:08 +0200: Memory Usage (465964K) : metal5_diffprb has 0 polygons
2026-09-09 20:59:08 +0200: Memory Usage (465964K) : radhard_drw has 0 polygons
2026-09-09 20:59:08 +0200: Memory Usage (466124K) : memcap_drw has 0 polygons
2026-09-09 20:59:08 +0200: Memory Usage (466124K) : varicap_drw has 0 polygons
2026-09-09 20:59:08 +0200: Memory Usage (466124K) : flash_drw has 0 polygons
2026-09-09 20:59:08 +0200: Memory Usage (466284K) : intbondvia_drw has 0 polygons
2026-09-09 20:59:08 +0200: Memory Usage (466284K) : intbondmet_drw has 0 polygons
2026-09-09 20:59:08 +0200: Memory Usage (466284K) : devbondvia_drw has 0 polygons
2026-09-09 20:59:08 +0200: Memory Usage (466444K) : devbondmet_drw has 0 polygons
2026-09-09 20:59:08 +0200: Memory Usage (466444K) : devtrench_drw has 0 polygons
2026-09-09 20:59:08 +0200: Memory Usage (466444K) : redist_drw has 0 polygons
2026-09-09 20:59:08 +0200: Memory Usage (466604K) : graphbot_drw has 0 polygons
2026-09-09 20:59:08 +0200: Memory Usage (466604K) : graphtop_drw has 0 polygons
2026-09-09 20:59:08 +0200: Memory Usage (466604K) : antvia1_drw has 0 polygons
2026-09-09 20:59:08 +0200: Memory Usage (466764K) : antmetal2_drw has 0 polygons
2026-09-09 20:59:08 +0200: Memory Usage (466764K) : graphcont_drw has 0 polygons
2026-09-09 20:59:08 +0200: Memory Usage (466764K) : siwg_drw has 0 polygons
2026-09-09 20:59:08 +0200: Memory Usage (466924K) : siwg_filler has 0 polygons
2026-09-09 20:59:08 +0200: Memory Usage (466924K) : siwg_nofill has 0 polygons
2026-09-09 20:59:08 +0200: Memory Usage (466924K) : sigrating_drw has 0 polygons
2026-09-09 20:59:08 +0200: Memory Usage (467084K) : singrating_drw has 0 polygons
2026-09-09 20:59:08 +0200: Memory Usage (467084K) : graphpas_drw has 0 polygons
2026-09-09 20:59:08 +0200: Memory Usage (467084K) : emwind3_drw has 0 polygons
2026-09-09 20:59:08 +0200: Memory Usage (467244K) : emwihv3_drw has 0 polygons
2026-09-09 20:59:08 +0200: Memory Usage (467244K) : redbulay_drw has 0 polygons
2026-09-09 20:59:08 +0200: Memory Usage (467244K) : smos_drw has 0 polygons
2026-09-09 20:59:08 +0200: Memory Usage (467244K) : graphpad_drw has 0 polygons
2026-09-09 20:59:08 +0200: Memory Usage (467404K) : polimide_drw has 0 polygons
2026-09-09 20:59:08 +0200: Memory Usage (467404K) : polimide_pin has 0 polygons
2026-09-09 20:59:08 +0200: Memory Usage (467404K) : recog_drw has 0 polygons
2026-09-09 20:59:08 +0200: Memory Usage (467404K) : recog_pin has 0 polygons
2026-09-09 20:59:08 +0200: Memory Usage (467404K) : recog_esd has 0 polygons
2026-09-09 20:59:08 +0200: Memory Usage (467564K) : recog_diode has 0 polygons
2026-09-09 20:59:08 +0200: Memory Usage (467564K) : recog_tsv has 0 polygons
2026-09-09 20:59:08 +0200: Memory Usage (467724K) : recog_iprobe has 0 polygons
2026-09-09 20:59:08 +0200: Memory Usage (467724K) : recog_diffprb has 0 polygons
2026-09-09 20:59:08 +0200: Memory Usage (467724K) : recog_pillar has 0 polygons
2026-09-09 20:59:08 +0200: Memory Usage (467884K) : recog_sbump has 0 polygons
2026-09-09 20:59:08 +0200: Memory Usage (467884K) : recog_otp has 0 polygons
2026-09-09 20:59:08 +0200: Memory Usage (467884K) : recog_pdiode has 0 polygons
2026-09-09 20:59:08 +0200: Memory Usage (468044K) : recog_mom has 0 polygons
2026-09-09 20:59:08 +0200: Memory Usage (468044K) : recog_pcm has 0 polygons
2026-09-09 20:59:08 +0200: Memory Usage (468044K) : colopen_drw has 0 polygons
2026-09-09 20:59:08 +0200: Memory Usage (468204K) : graphmetal1_drw has 0 polygons
2026-09-09 20:59:08 +0200: Memory Usage (468204K) : graphmetal1_filler has 0 polygons
2026-09-09 20:59:08 +0200: Memory Usage (468204K) : graphmetal1_nofill has 0 polygons
2026-09-09 20:59:08 +0200: Memory Usage (468364K) : graphmetal1_slit has 0 polygons
2026-09-09 20:59:08 +0200: Memory Usage (468364K) : graphmetal1_opc has 0 polygons
2026-09-09 20:59:08 +0200: Memory Usage (468364K) : graphmet1l_drw has 0 polygons
2026-09-09 20:59:08 +0200: Memory Usage (468524K) : graphmet1l_filler has 0 polygons
2026-09-09 20:59:08 +0200: Memory Usage (468524K) : graphmet1l_nofill has 0 polygons
2026-09-09 20:59:08 +0200: Memory Usage (468524K) : graphmet1l_slit has 0 polygons
2026-09-09 20:59:08 +0200: Memory Usage (468684K) : graphmet1l_opc has 0 polygons
2026-09-09 20:59:08 +0200: Memory Usage (468684K) : extblock_drw has 0 polygons
2026-09-09 20:59:08 +0200: Memory Usage (468684K) : nldd_drw has 0 polygons
2026-09-09 20:59:08 +0200: Memory Usage (468844K) : pldd_drw has 0 polygons
2026-09-09 20:59:08 +0200: Memory Usage (468844K) : next_drw has 0 polygons
2026-09-09 20:59:08 +0200: Memory Usage (468844K) : pext_drw has 0 polygons
2026-09-09 20:59:08 +0200: Memory Usage (469004K) : nexthv_drw has 0 polygons
2026-09-09 20:59:08 +0200: Memory Usage (469004K) : pexthv_drw has 0 polygons
2026-09-09 20:59:08 +0200: Memory Usage (469004K) : graphgate_drw has 0 polygons
2026-09-09 20:59:08 +0200: Memory Usage (469164K) : sinwg_drw has 0 polygons
2026-09-09 20:59:08 +0200: Memory Usage (469164K) : sinwg_filler has 0 polygons
2026-09-09 20:59:08 +0200: Memory Usage (469164K) : sinwg_nofill has 0 polygons
2026-09-09 20:59:08 +0200: Memory Usage (469324K) : mempad_drw has 0 polygons
2026-09-09 20:59:08 +0200: Memory Usage (469324K) : topvia1_drw has 0 polygons
2026-09-09 20:59:08 +0200: Memory Usage (469324K) : topmetal1_drw has 0 polygons
2026-09-09 20:59:08 +0200: Memory Usage (469324K) : topmetal1_pin has 0 polygons
2026-09-09 20:59:08 +0200: Memory Usage (469324K) : topmetal1_mask has 0 polygons
2026-09-09 20:59:08 +0200: Memory Usage (469324K) : topmetal1_filler has 0 polygons
2026-09-09 20:59:08 +0200: Memory Usage (469324K) : topmetal1_nofill has 0 polygons
2026-09-09 20:59:08 +0200: Memory Usage (469324K) : topmetal1_slit has 0 polygons
2026-09-09 20:59:08 +0200: Memory Usage (469324K) : topmetal1_text has 0 polygons
2026-09-09 20:59:08 +0200: Memory Usage (469324K) : topmetal1_noqrc has 0 polygons
2026-09-09 20:59:08 +0200: Memory Usage (469484K) : topmetal1_res has 0 polygons
2026-09-09 20:59:08 +0200: Memory Usage (469484K) : topmetal1_iprobe has 0 polygons
2026-09-09 20:59:08 +0200: Memory Usage (469484K) : topmetal1_diffprb has 0 polygons
2026-09-09 20:59:08 +0200: Memory Usage (469644K) : inldpwl_drw has 0 polygons
2026-09-09 20:59:08 +0200: Memory Usage (469644K) : polyres_drw has 0 polygons
2026-09-09 20:59:08 +0200: Memory Usage (469644K) : polyres_pin has 0 polygons
2026-09-09 20:59:08 +0200: Memory Usage (469804K) : vmim_drw has 0 polygons
2026-09-09 20:59:08 +0200: Memory Usage (469804K) : nbulaycut_drw has 0 polygons
2026-09-09 20:59:08 +0200: Memory Usage (469804K) : antmetal1_drw has 0 polygons
2026-09-09 20:59:08 +0200: Memory Usage (469964K) : topvia2_drw has 0 polygons
2026-09-09 20:59:08 +0200: Memory Usage (469964K) : topmetal2_drw has 0 polygons
2026-09-09 20:59:08 +0200: Memory Usage (469964K) : topmetal2_pin has 0 polygons
2026-09-09 20:59:08 +0200: Memory Usage (470124K) : topmetal2_mask has 0 polygons
2026-09-09 20:59:08 +0200: Memory Usage (470124K) : topmetal2_filler has 0 polygons
2026-09-09 20:59:08 +0200: Memory Usage (470124K) : topmetal2_nofill has 0 polygons
2026-09-09 20:59:08 +0200: Memory Usage (470284K) : topmetal2_slit has 0 polygons
2026-09-09 20:59:08 +0200: Memory Usage (470284K) : topmetal2_text has 0 polygons
2026-09-09 20:59:08 +0200: Memory Usage (470284K) : topmetal2_noqrc has 0 polygons
2026-09-09 20:59:08 +0200: Memory Usage (470444K) : topmetal2_res has 0 polygons
2026-09-09 20:59:08 +0200: Memory Usage (470444K) : topmetal2_iprobe has 0 polygons
2026-09-09 20:59:08 +0200: Memory Usage (470444K) : topmetal2_diffprb has 0 polygons
2026-09-09 20:59:08 +0200: Memory Usage (470604K) : snsring_drw has 0 polygons
2026-09-09 20:59:08 +0200: Memory Usage (470604K) : sensor_drw has 0 polygons
2026-09-09 20:59:08 +0200: Memory Usage (470604K) : snsarms_drw has 0 polygons
2026-09-09 20:59:08 +0200: Memory Usage (470764K) : snscmosvia_drw has 0 polygons
2026-09-09 20:59:08 +0200: Memory Usage (470764K) : colwind_drw has 0 polygons
2026-09-09 20:59:08 +0200: Memory Usage (470764K) : flm_drw has 0 polygons
2026-09-09 20:59:08 +0200: Memory Usage (470924K) : hafniumox_drw has 0 polygons
2026-09-09 20:59:08 +0200: Memory Usage (470924K) : memvia_drw has 0 polygons
2026-09-09 20:59:08 +0200: Memory Usage (470924K) : thinfilmres_drw has 0 polygons
2026-09-09 20:59:08 +0200: Memory Usage (471084K) : rfmem_drw has 0 polygons
2026-09-09 20:59:08 +0200: Memory Usage (471084K) : norcx_drw has 0 polygons
2026-09-09 20:59:08 +0200: Memory Usage (471084K) : norcx_m2m3 has 0 polygons
2026-09-09 20:59:08 +0200: Memory Usage (471244K) : norcx_m2m4 has 0 polygons
2026-09-09 20:59:08 +0200: Memory Usage (471244K) : norcx_m2m5 has 0 polygons
2026-09-09 20:59:08 +0200: Memory Usage (471244K) : norcx_m2tm1 has 0 polygons
2026-09-09 20:59:08 +0200: Memory Usage (471404K) : norcx_m2tm2 has 0 polygons
2026-09-09 20:59:08 +0200: Memory Usage (471404K) : norcx_m3m4 has 0 polygons
2026-09-09 20:59:08 +0200: Memory Usage (471404K) : norcx_m3m5 has 0 polygons
2026-09-09 20:59:08 +0200: Memory Usage (471564K) : norcx_m3tm1 has 0 polygons
2026-09-09 20:59:08 +0200: Memory Usage (471564K) : norcx_m3tm2 has 0 polygons
2026-09-09 20:59:08 +0200: Memory Usage (471564K) : norcx_m4m5 has 0 polygons
2026-09-09 20:59:08 +0200: Memory Usage (471724K) : norcx_m4tm1 has 0 polygons
2026-09-09 20:59:08 +0200: Memory Usage (471724K) : norcx_m4tm2 has 0 polygons
2026-09-09 20:59:08 +0200: Memory Usage (471724K) : norcx_m5tm1 has 0 polygons
2026-09-09 20:59:08 +0200: Memory Usage (471884K) : norcx_m5tm2 has 0 polygons
2026-09-09 20:59:08 +0200: Memory Usage (471884K) : norcx_tm1tm2 has 0 polygons
2026-09-09 20:59:08 +0200: Memory Usage (471884K) : norcx_m1sub has 0 polygons
2026-09-09 20:59:08 +0200: Memory Usage (472044K) : norcx_m2sub has 0 polygons
2026-09-09 20:59:08 +0200: Memory Usage (472044K) : norcx_m3sub has 0 polygons
2026-09-09 20:59:08 +0200: Memory Usage (472044K) : norcx_m4sub has 0 polygons
2026-09-09 20:59:08 +0200: Memory Usage (472204K) : norcx_m5sub has 0 polygons
2026-09-09 20:59:08 +0200: Memory Usage (472204K) : norcx_tm1sub has 0 polygons
2026-09-09 20:59:08 +0200: Memory Usage (472204K) : norcx_tm2sub has 0 polygons
2026-09-09 20:59:08 +0200: Memory Usage (472364K) : snsbotvia_drw has 0 polygons
2026-09-09 20:59:08 +0200: Memory Usage (472364K) : snstopvia_drw has 0 polygons
2026-09-09 20:59:08 +0200: Memory Usage (472364K) : deepvia_drw has 0 polygons
2026-09-09 20:59:08 +0200: Memory Usage (472524K) : fgetch_drw has 0 polygons
2026-09-09 20:59:08 +0200: Memory Usage (472524K) : ctrgat_drw has 0 polygons
2026-09-09 20:59:08 +0200: Memory Usage (472684K) : fgimp_drw has 0 polygons
2026-09-09 20:59:08 +0200: Memory Usage (472684K) : emwihv_drw has 0 polygons
2026-09-09 20:59:08 +0200: Memory Usage (472684K) : lbe_drw has 0 polygons
2026-09-09 20:59:08 +0200: Memory Usage (472844K) : alcustop_drw has 0 polygons
2026-09-09 20:59:08 +0200: Memory Usage (472844K) : nometfiller_drw has 0 polygons
2026-09-09 20:59:08 +0200: Memory Usage (472844K) : prboundary_drw has 0 polygons
2026-09-09 20:59:08 +0200: Memory Usage (473004K) : exchange0_drw has 0 polygons
2026-09-09 20:59:08 +0200: Memory Usage (473004K) : exchange0_pin has 0 polygons
2026-09-09 20:59:08 +0200: Memory Usage (473004K) : exchange0_text has 0 polygons
2026-09-09 20:59:08 +0200: Memory Usage (473004K) : exchange1_drw has 0 polygons
2026-09-09 20:59:08 +0200: Memory Usage (473164K) : exchange1_pin has 0 polygons
2026-09-09 20:59:08 +0200: Memory Usage (473164K) : exchange1_text has 0 polygons
2026-09-09 20:59:08 +0200: Memory Usage (473164K) : exchange2_drw has 0 polygons
2026-09-09 20:59:08 +0200: Memory Usage (473324K) : exchange2_pin has 0 polygons
2026-09-09 20:59:08 +0200: Memory Usage (473324K) : exchange2_text has 0 polygons
2026-09-09 20:59:08 +0200: Memory Usage (473324K) : exchange3_drw has 0 polygons
2026-09-09 20:59:08 +0200: Memory Usage (473484K) : exchange3_pin has 0 polygons
2026-09-09 20:59:08 +0200: Memory Usage (473484K) : exchange3_text has 0 polygons
2026-09-09 20:59:08 +0200: Memory Usage (473484K) : exchange4_drw has 0 polygons
2026-09-09 20:59:08 +0200: Memory Usage (473644K) : exchange4_pin has 0 polygons
2026-09-09 20:59:08 +0200: Memory Usage (473644K) : exchange4_text has 0 polygons
2026-09-09 20:59:08 +0200: Memory Usage (473644K) : isonwell_drw has 0 polygons
2026-09-09 20:59:08 +0200: Memory Usage (473644K) : Total no. of polygons in the design is 95
2026-09-09 20:59:08 +0200: Memory Usage (473644K) : Loaded TECH DRC rules values from /foss/pdks/ihp-sg13g2/libs.tech/klayout/python/sg13g2_pycell_lib/sg13g2_tech_mod.json
2026-09-09 20:59:08 +0200: Memory Usage (473644K) : Loaded default DRC rules values from /foss/pdks/ihp-sg13g2/libs.tech/klayout/tech/drc/rule_decks/sg13g2_tech_default.json
2026-09-09 20:59:08 +0200: Memory Usage (473644K) : The following rules values were missing in tech json and default values were used:
2026-09-09 20:59:08 +0200: Memory Usage (473804K) :   - NW_f1_digibnd
2026-09-09 20:59:08 +0200: Memory Usage (473804K) :   - Cnt_c_digibnd
2026-09-09 20:59:08 +0200: Memory Usage (473804K) :   - Cnt_c_sram
2026-09-09 20:59:08 +0200: Memory Usage (473804K) :   - Sdiod_b
2026-09-09 20:59:08 +0200: Memory Usage (473804K) :   - Sdiod_c
2026-09-09 20:59:08 +0200: Memory Usage (474956K) : Total area of the design is 18.9648 um^2.
2026-09-09 20:59:08 +0200: Memory Usage (474956K) : The design dimensions are 4.32 µm * 4.39 µm.
2026-09-09 20:59:08 +0200: Memory Usage (474956K) : Starting general IHP-SG13G2 derivations.
2026-09-09 20:59:08 +0200: Memory Usage (474956K) : Starting Pwell derivations
2026-09-09 20:59:08 +0200: Memory Usage (477012K) : Starting IHP-SG13G2 DRC rules.
2026-09-09 20:59:08 +0200: Memory Usage (477012K) : Starting 5.10 pSD table
2026-09-09 20:59:08 +0200: Memory Usage (477012K) : Executing rule pSD.c1
2026-09-09 20:59:08 +0200: Memory Usage (477528K) : KLayout DRC run for tables 'psd' completed in 0.29 seconds
