# Logfile created on 2026-09-09 20:59:11 +0200 by logger.rb/v1.5.3
2026-09-09 20:59:11 +0200: Memory Usage (456716K) : Starting running IHP-SG13G2 KLayout DRC runset on /foss/designs/aion_chip/flow/regress/AION_a21oi_nor2_1/AION_a21oi_nor2_1.gds
2026-09-09 20:59:11 +0200: Memory Usage (456716K) : Ruby Version for klayout: 3.2.3
2026-09-09 20:59:11 +0200: Memory Usage (457704K) : Loading database to memory is complete.
2026-09-09 20:59:11 +0200: Memory Usage (457704K) : IHP-SG13G2 KLayout DRC runset output at: /foss/designs/aion_chip/flow/regress/AION_a21oi_nor2_1/drc/AION_a21oi_nor2_1.klayout.drc/AION_a21oi_nor2_1_AION_a21oi_nor2_1_pad.lyrdb
2026-09-09 20:59:11 +0200: Memory Usage (457704K) : Evaluate switches.
2026-09-09 20:59:11 +0200: Memory Usage (457704K) : tables selected: pad
2026-09-09 20:59:11 +0200: Memory Usage (457704K) : KLayout will use 15 thread(s) in tiling mode.
2026-09-09 20:59:11 +0200: Memory Usage (457704K) : deep mode is enabled.
2026-09-09 20:59:11 +0200: Memory Usage (457704K) : FEOL enabled: false
2026-09-09 20:59:11 +0200: Memory Usage (457704K) : BEOL enabled: false
2026-09-09 20:59:11 +0200: Memory Usage (457704K) : OFFGRID enabled: true
2026-09-09 20:59:11 +0200: Memory Usage (457704K) : ANGLE enabled: true
2026-09-09 20:59:11 +0200: Memory Usage (457704K) : PIN enabled: false
2026-09-09 20:59:11 +0200: Memory Usage (457704K) : FORBIDDEN enabled: false
2026-09-09 20:59:11 +0200: Memory Usage (457704K) : RECOMMENDED enabled: true
2026-09-09 20:59:11 +0200: Memory Usage (457704K) : PreCheck DRC enabled: false
2026-09-09 20:59:11 +0200: Memory Usage (457704K) : CONNECTIVITY_RULES enabled: false.
2026-09-09 20:59:11 +0200: Memory Usage (457704K) : Read in polygons from layers.
2026-09-09 20:59:11 +0200: Memory Usage (458840K) : activ_drw has 5 polygons
2026-09-09 20:59:11 +0200: Memory Usage (458840K) : activ_pin has 0 polygons
2026-09-09 20:59:11 +0200: Memory Usage (458840K) : activ_mask has 0 polygons
2026-09-09 20:59:11 +0200: Memory Usage (458840K) : activ_filler has 0 polygons
2026-09-09 20:59:11 +0200: Memory Usage (458840K) : activ_nofill has 0 polygons
2026-09-09 20:59:11 +0200: Memory Usage (458840K) : activ_opc has 0 polygons
2026-09-09 20:59:11 +0200: Memory Usage (458840K) : activ_iopc has 0 polygons
2026-09-09 20:59:11 +0200: Memory Usage (458840K) : activ_noqrc has 0 polygons
2026-09-09 20:59:11 +0200: Memory Usage (458840K) : biwind_drw has 0 polygons
2026-09-09 20:59:11 +0200: Memory Usage (458840K) : biwind_opc has 0 polygons
2026-09-09 20:59:11 +0200: Memory Usage (458840K) : pemwind_drw has 0 polygons
2026-09-09 20:59:11 +0200: Memory Usage (458840K) : gatpoly_drw has 10 polygons
2026-09-09 20:59:11 +0200: Memory Usage (458840K) : gatpoly_pin has 0 polygons
2026-09-09 20:59:11 +0200: Memory Usage (458840K) : gatpoly_filler has 0 polygons
2026-09-09 20:59:11 +0200: Memory Usage (458840K) : gatpoly_nofill has 0 polygons
2026-09-09 20:59:11 +0200: Memory Usage (458840K) : gatpoly_opc has 0 polygons
2026-09-09 20:59:11 +0200: Memory Usage (458840K) : gatpoly_iopc has 0 polygons
2026-09-09 20:59:11 +0200: Memory Usage (458840K) : gatpoly_noqrc has 0 polygons
2026-09-09 20:59:11 +0200: Memory Usage (458840K) : cont_drw has 40 polygons
2026-09-09 20:59:11 +0200: Memory Usage (459000K) : cont_opc has 0 polygons
2026-09-09 20:59:11 +0200: Memory Usage (459000K) : nsd_drw has 0 polygons
2026-09-09 20:59:11 +0200: Memory Usage (459000K) : nsd_block has 0 polygons
2026-09-09 20:59:11 +0200: Memory Usage (459000K) : metal1_drw has 23 polygons
2026-09-09 20:59:11 +0200: Memory Usage (459000K) : metal1_pin has 7 polygons
2026-09-09 20:59:11 +0200: Memory Usage (459000K) : metal1_mask has 0 polygons
2026-09-09 20:59:11 +0200: Memory Usage (459000K) : metal1_filler has 0 polygons
2026-09-09 20:59:11 +0200: Memory Usage (459160K) : metal1_nofill has 0 polygons
2026-09-09 20:59:11 +0200: Memory Usage (459160K) : metal1_slit has 0 polygons
2026-09-09 20:59:11 +0200: Memory Usage (459352K) : metal1_text has 7 polygons
2026-09-09 20:59:11 +0200: Memory Usage (459512K) : metal1_opc has 0 polygons
2026-09-09 20:59:11 +0200: Memory Usage (459512K) : metal1_noqrc has 0 polygons
2026-09-09 20:59:11 +0200: Memory Usage (459672K) : metal1_res has 0 polygons
2026-09-09 20:59:11 +0200: Memory Usage (459672K) : metal1_iprobe has 0 polygons
2026-09-09 20:59:11 +0200: Memory Usage (459672K) : metal1_diffprb has 0 polygons
2026-09-09 20:59:11 +0200: Memory Usage (459832K) : passiv_drw has 0 polygons
2026-09-09 20:59:11 +0200: Memory Usage (459832K) : passiv_pin has 0 polygons
2026-09-09 20:59:11 +0200: Memory Usage (459832K) : passiv_sbump has 0 polygons
2026-09-09 20:59:11 +0200: Memory Usage (459992K) : passiv_pillar has 0 polygons
2026-09-09 20:59:11 +0200: Memory Usage (459992K) : passiv_pdl has 0 polygons
2026-09-09 20:59:11 +0200: Memory Usage (459992K) : metal2_drw has 0 polygons
2026-09-09 20:59:11 +0200: Memory Usage (459992K) : metal2_pin has 0 polygons
2026-09-09 20:59:11 +0200: Memory Usage (459992K) : metal2_mask has 0 polygons
2026-09-09 20:59:11 +0200: Memory Usage (459992K) : metal2_filler has 0 polygons
2026-09-09 20:59:11 +0200: Memory Usage (459992K) : metal2_nofill has 0 polygons
2026-09-09 20:59:11 +0200: Memory Usage (459992K) : metal2_slit has 0 polygons
2026-09-09 20:59:11 +0200: Memory Usage (459992K) : metal2_text has 0 polygons
2026-09-09 20:59:11 +0200: Memory Usage (459992K) : metal2_opc has 0 polygons
2026-09-09 20:59:11 +0200: Memory Usage (460152K) : metal2_noqrc has 0 polygons
2026-09-09 20:59:11 +0200: Memory Usage (460152K) : metal2_res has 0 polygons
2026-09-09 20:59:11 +0200: Memory Usage (460152K) : metal2_iprobe has 0 polygons
2026-09-09 20:59:11 +0200: Memory Usage (460152K) : metal2_diffprb has 0 polygons
2026-09-09 20:59:11 +0200: Memory Usage (460312K) : baspoly_drw has 0 polygons
2026-09-09 20:59:11 +0200: Memory Usage (460312K) : baspoly_pin has 0 polygons
2026-09-09 20:59:11 +0200: Memory Usage (460312K) : psd_drw has 2 polygons
2026-09-09 20:59:11 +0200: Memory Usage (460472K) : nldb_drw has 0 polygons
2026-09-09 20:59:11 +0200: Memory Usage (460472K) : digibnd_drw has 0 polygons
2026-09-09 20:59:11 +0200: Memory Usage (460472K) : via1_drw has 0 polygons
2026-09-09 20:59:11 +0200: Memory Usage (460632K) : backmetal1_drw has 0 polygons
2026-09-09 20:59:11 +0200: Memory Usage (460632K) : backmetal1_pin has 0 polygons
2026-09-09 20:59:11 +0200: Memory Usage (460632K) : backmetal1_mask has 0 polygons
2026-09-09 20:59:11 +0200: Memory Usage (460792K) : backmetal1_filler has 0 polygons
2026-09-09 20:59:11 +0200: Memory Usage (460792K) : backmetal1_nofill has 0 polygons
2026-09-09 20:59:11 +0200: Memory Usage (460792K) : backmetal1_slit has 0 polygons
2026-09-09 20:59:11 +0200: Memory Usage (460952K) : backmetal1_text has 0 polygons
2026-09-09 20:59:11 +0200: Memory Usage (460952K) : backmetal1_opc has 0 polygons
2026-09-09 20:59:11 +0200: Memory Usage (461112K) : backmetal1_noqrc has 0 polygons
2026-09-09 20:59:11 +0200: Memory Usage (461112K) : backmetal1_res has 0 polygons
2026-09-09 20:59:11 +0200: Memory Usage (461272K) : backmetal1_iprobe has 0 polygons
2026-09-09 20:59:11 +0200: Memory Usage (461272K) : backmetal1_diffprb has 0 polygons
2026-09-09 20:59:11 +0200: Memory Usage (461272K) : backpassiv_drw has 0 polygons
2026-09-09 20:59:11 +0200: Memory Usage (461432K) : res_drw has 0 polygons
2026-09-09 20:59:11 +0200: Memory Usage (461432K) : sram_drw has 0 polygons
2026-09-09 20:59:11 +0200: Memory Usage (461592K) : trans_drw has 0 polygons
2026-09-09 20:59:11 +0200: Memory Usage (461592K) : ind_drw has 0 polygons
2026-09-09 20:59:11 +0200: Memory Usage (461592K) : ind_pin has 0 polygons
2026-09-09 20:59:11 +0200: Memory Usage (461752K) : ind_text has 0 polygons
2026-09-09 20:59:11 +0200: Memory Usage (461752K) : salblock_drw has 0 polygons
2026-09-09 20:59:11 +0200: Memory Usage (461752K) : via2_drw has 0 polygons
2026-09-09 20:59:11 +0200: Memory Usage (461912K) : metal3_drw has 0 polygons
2026-09-09 20:59:11 +0200: Memory Usage (461912K) : metal3_pin has 0 polygons
2026-09-09 20:59:11 +0200: Memory Usage (461912K) : metal3_mask has 0 polygons
2026-09-09 20:59:11 +0200: Memory Usage (462072K) : metal3_filler has 0 polygons
2026-09-09 20:59:11 +0200: Memory Usage (462072K) : metal3_nofill has 0 polygons
2026-09-09 20:59:11 +0200: Memory Usage (462072K) : metal3_slit has 0 polygons
2026-09-09 20:59:11 +0200: Memory Usage (462232K) : metal3_text has 0 polygons
2026-09-09 20:59:11 +0200: Memory Usage (462232K) : metal3_opc has 0 polygons
2026-09-09 20:59:11 +0200: Memory Usage (462392K) : metal3_noqrc has 0 polygons
2026-09-09 20:59:11 +0200: Memory Usage (462392K) : metal3_res has 0 polygons
2026-09-09 20:59:11 +0200: Memory Usage (462392K) : metal3_iprobe has 0 polygons
2026-09-09 20:59:11 +0200: Memory Usage (462392K) : metal3_diffprb has 0 polygons
2026-09-09 20:59:11 +0200: Memory Usage (462552K) : nwell_drw has 1 polygons
2026-09-09 20:59:11 +0200: Memory Usage (462552K) : nwell_pin has 0 polygons
2026-09-09 20:59:11 +0200: Memory Usage (462552K) : nbulay_drw has 0 polygons
2026-09-09 20:59:11 +0200: Memory Usage (462552K) : nbulay_pin has 0 polygons
2026-09-09 20:59:11 +0200: Memory Usage (462712K) : nbulay_block has 0 polygons
2026-09-09 20:59:11 +0200: Memory Usage (462712K) : emwind_drw has 0 polygons
2026-09-09 20:59:11 +0200: Memory Usage (462712K) : emwind_opc has 0 polygons
2026-09-09 20:59:11 +0200: Memory Usage (462712K) : deepco_drw has 0 polygons
2026-09-09 20:59:11 +0200: Memory Usage (462872K) : deepco_drw has 0 polygons
2026-09-09 20:59:11 +0200: Memory Usage (462872K) : mim_drw has 0 polygons
2026-09-09 20:59:11 +0200: Memory Usage (462872K) : edgeseal_drw has 0 polygons
2026-09-09 20:59:11 +0200: Memory Usage (462872K) : edgeseal_bound has 0 polygons
2026-09-09 20:59:11 +0200: Memory Usage (462872K) : substrate_drw has 0 polygons
2026-09-09 20:59:11 +0200: Memory Usage (463032K) : substrate_text has 0 polygons
2026-09-09 20:59:11 +0200: Memory Usage (463032K) : dfpad_drw has 0 polygons
2026-09-09 20:59:11 +0200: Memory Usage (463032K) : dfpad_pillar has 0 polygons
2026-09-09 20:59:11 +0200: Memory Usage (463192K) : dfpad_sbump has 0 polygons
2026-09-09 20:59:11 +0200: Memory Usage (463192K) : thickgateox_drw has 0 polygons
2026-09-09 20:59:11 +0200: Memory Usage (463192K) : pldb_drw has 0 polygons
2026-09-09 20:59:11 +0200: Memory Usage (463352K) : pwell_drw has 0 polygons
2026-09-09 20:59:11 +0200: Memory Usage (463352K) : pwell_pin has 0 polygons
2026-09-09 20:59:11 +0200: Memory Usage (463352K) : pwell_block has 0 polygons
2026-09-09 20:59:11 +0200: Memory Usage (463512K) : ic_drw has 0 polygons
2026-09-09 20:59:11 +0200: Memory Usage (463512K) : via3_drw has 0 polygons
2026-09-09 20:59:11 +0200: Memory Usage (463512K) : metal4_drw has 0 polygons
2026-09-09 20:59:11 +0200: Memory Usage (463672K) : metal4_pin has 0 polygons
2026-09-09 20:59:11 +0200: Memory Usage (463672K) : metal4_mask has 0 polygons
2026-09-09 20:59:11 +0200: Memory Usage (463672K) : metal4_filler has 0 polygons
2026-09-09 20:59:11 +0200: Memory Usage (463832K) : metal4_nofill has 0 polygons
2026-09-09 20:59:11 +0200: Memory Usage (463832K) : metal4_slit has 0 polygons
2026-09-09 20:59:11 +0200: Memory Usage (463832K) : metal4_text has 0 polygons
2026-09-09 20:59:11 +0200: Memory Usage (463992K) : metal4_opc has 0 polygons
2026-09-09 20:59:11 +0200: Memory Usage (463992K) : metal4_noqrc has 0 polygons
2026-09-09 20:59:11 +0200: Memory Usage (463992K) : metal4_res has 0 polygons
2026-09-09 20:59:11 +0200: Memory Usage (464152K) : metal4_iprobe has 0 polygons
2026-09-09 20:59:11 +0200: Memory Usage (464152K) : metal4_diffprb has 0 polygons
2026-09-09 20:59:11 +0200: Memory Usage (464152K) : heattrans_drw has 0 polygons
2026-09-09 20:59:11 +0200: Memory Usage (464312K) : heatres_drw has 0 polygons
2026-09-09 20:59:11 +0200: Memory Usage (464312K) : pempoly_drw has 0 polygons
2026-09-09 20:59:11 +0200: Memory Usage (464312K) : fbe_drw has 0 polygons
2026-09-09 20:59:11 +0200: Memory Usage (464472K) : empoly_drw has 0 polygons
2026-09-09 20:59:11 +0200: Memory Usage (464472K) : ldmos_drw has 0 polygons
2026-09-09 20:59:11 +0200: Memory Usage (464472K) : pbiwind_drw has 0 polygons
2026-09-09 20:59:11 +0200: Memory Usage (464632K) : digisub_drw has 0 polygons
2026-09-09 20:59:11 +0200: Memory Usage (464632K) : nodrc_drw has 0 polygons
2026-09-09 20:59:11 +0200: Memory Usage (464632K) : text_drw has 0 polygons
2026-09-09 20:59:11 +0200: Memory Usage (464632K) : via4_drw has 0 polygons
2026-09-09 20:59:11 +0200: Memory Usage (464792K) : metal5_drw has 0 polygons
2026-09-09 20:59:11 +0200: Memory Usage (464792K) : metal5_pin has 0 polygons
2026-09-09 20:59:11 +0200: Memory Usage (464792K) : metal5_mask has 0 polygons
2026-09-09 20:59:11 +0200: Memory Usage (464792K) : metal5_filler has 0 polygons
2026-09-09 20:59:11 +0200: Memory Usage (464952K) : metal5_nofill has 0 polygons
2026-09-09 20:59:11 +0200: Memory Usage (464952K) : metal5_slit has 0 polygons
2026-09-09 20:59:11 +0200: Memory Usage (464952K) : metal5_text has 0 polygons
2026-09-09 20:59:11 +0200: Memory Usage (465112K) : metal5_opc has 0 polygons
2026-09-09 20:59:11 +0200: Memory Usage (465112K) : metal5_noqrc has 0 polygons
2026-09-09 20:59:11 +0200: Memory Usage (465112K) : metal5_res has 0 polygons
2026-09-09 20:59:11 +0200: Memory Usage (465272K) : metal5_iprobe has 0 polygons
2026-09-09 20:59:11 +0200: Memory Usage (465272K) : metal5_diffprb has 0 polygons
2026-09-09 20:59:11 +0200: Memory Usage (465272K) : radhard_drw has 0 polygons
2026-09-09 20:59:11 +0200: Memory Usage (465432K) : memcap_drw has 0 polygons
2026-09-09 20:59:11 +0200: Memory Usage (465432K) : varicap_drw has 0 polygons
2026-09-09 20:59:11 +0200: Memory Usage (465432K) : flash_drw has 0 polygons
2026-09-09 20:59:11 +0200: Memory Usage (465592K) : intbondvia_drw has 0 polygons
2026-09-09 20:59:11 +0200: Memory Usage (465592K) : intbondmet_drw has 0 polygons
2026-09-09 20:59:11 +0200: Memory Usage (465592K) : devbondvia_drw has 0 polygons
2026-09-09 20:59:11 +0200: Memory Usage (465752K) : devbondmet_drw has 0 polygons
2026-09-09 20:59:11 +0200: Memory Usage (465752K) : devtrench_drw has 0 polygons
2026-09-09 20:59:11 +0200: Memory Usage (465752K) : redist_drw has 0 polygons
2026-09-09 20:59:11 +0200: Memory Usage (465912K) : graphbot_drw has 0 polygons
2026-09-09 20:59:11 +0200: Memory Usage (465912K) : graphtop_drw has 0 polygons
2026-09-09 20:59:11 +0200: Memory Usage (465912K) : antvia1_drw has 0 polygons
2026-09-09 20:59:11 +0200: Memory Usage (466072K) : antmetal2_drw has 0 polygons
2026-09-09 20:59:11 +0200: Memory Usage (466072K) : graphcont_drw has 0 polygons
2026-09-09 20:59:11 +0200: Memory Usage (466072K) : siwg_drw has 0 polygons
2026-09-09 20:59:11 +0200: Memory Usage (466232K) : siwg_filler has 0 polygons
2026-09-09 20:59:11 +0200: Memory Usage (466232K) : siwg_nofill has 0 polygons
2026-09-09 20:59:11 +0200: Memory Usage (466232K) : sigrating_drw has 0 polygons
2026-09-09 20:59:11 +0200: Memory Usage (466392K) : singrating_drw has 0 polygons
2026-09-09 20:59:11 +0200: Memory Usage (466392K) : graphpas_drw has 0 polygons
2026-09-09 20:59:11 +0200: Memory Usage (466392K) : emwind3_drw has 0 polygons
2026-09-09 20:59:11 +0200: Memory Usage (466392K) : emwihv3_drw has 0 polygons
2026-09-09 20:59:11 +0200: Memory Usage (466552K) : redbulay_drw has 0 polygons
2026-09-09 20:59:11 +0200: Memory Usage (466552K) : smos_drw has 0 polygons
2026-09-09 20:59:11 +0200: Memory Usage (466552K) : graphpad_drw has 0 polygons
2026-09-09 20:59:11 +0200: Memory Usage (466552K) : polimide_drw has 0 polygons
2026-09-09 20:59:11 +0200: Memory Usage (466712K) : polimide_pin has 0 polygons
2026-09-09 20:59:11 +0200: Memory Usage (466712K) : recog_drw has 0 polygons
2026-09-09 20:59:11 +0200: Memory Usage (466712K) : recog_pin has 0 polygons
2026-09-09 20:59:11 +0200: Memory Usage (466872K) : recog_esd has 0 polygons
2026-09-09 20:59:11 +0200: Memory Usage (466872K) : recog_diode has 0 polygons
2026-09-09 20:59:11 +0200: Memory Usage (466872K) : recog_tsv has 0 polygons
2026-09-09 20:59:11 +0200: Memory Usage (467032K) : recog_iprobe has 0 polygons
2026-09-09 20:59:11 +0200: Memory Usage (467032K) : recog_diffprb has 0 polygons
2026-09-09 20:59:11 +0200: Memory Usage (467032K) : recog_pillar has 0 polygons
2026-09-09 20:59:11 +0200: Memory Usage (467192K) : recog_sbump has 0 polygons
2026-09-09 20:59:11 +0200: Memory Usage (467192K) : recog_otp has 0 polygons
2026-09-09 20:59:11 +0200: Memory Usage (467192K) : recog_pdiode has 0 polygons
2026-09-09 20:59:11 +0200: Memory Usage (467352K) : recog_mom has 0 polygons
2026-09-09 20:59:11 +0200: Memory Usage (467352K) : recog_pcm has 0 polygons
2026-09-09 20:59:11 +0200: Memory Usage (467352K) : colopen_drw has 0 polygons
2026-09-09 20:59:11 +0200: Memory Usage (467512K) : graphmetal1_drw has 0 polygons
2026-09-09 20:59:11 +0200: Memory Usage (467512K) : graphmetal1_filler has 0 polygons
2026-09-09 20:59:11 +0200: Memory Usage (467512K) : graphmetal1_nofill has 0 polygons
2026-09-09 20:59:11 +0200: Memory Usage (467672K) : graphmetal1_slit has 0 polygons
2026-09-09 20:59:11 +0200: Memory Usage (467672K) : graphmetal1_opc has 0 polygons
2026-09-09 20:59:11 +0200: Memory Usage (467672K) : graphmet1l_drw has 0 polygons
2026-09-09 20:59:11 +0200: Memory Usage (467832K) : graphmet1l_filler has 0 polygons
2026-09-09 20:59:11 +0200: Memory Usage (467832K) : graphmet1l_nofill has 0 polygons
2026-09-09 20:59:11 +0200: Memory Usage (467832K) : graphmet1l_slit has 0 polygons
2026-09-09 20:59:11 +0200: Memory Usage (467992K) : graphmet1l_opc has 0 polygons
2026-09-09 20:59:11 +0200: Memory Usage (467992K) : extblock_drw has 0 polygons
2026-09-09 20:59:11 +0200: Memory Usage (467992K) : nldd_drw has 0 polygons
2026-09-09 20:59:11 +0200: Memory Usage (468152K) : pldd_drw has 0 polygons
2026-09-09 20:59:11 +0200: Memory Usage (468152K) : next_drw has 0 polygons
2026-09-09 20:59:11 +0200: Memory Usage (468152K) : pext_drw has 0 polygons
2026-09-09 20:59:11 +0200: Memory Usage (468312K) : nexthv_drw has 0 polygons
2026-09-09 20:59:11 +0200: Memory Usage (468312K) : pexthv_drw has 0 polygons
2026-09-09 20:59:11 +0200: Memory Usage (468312K) : graphgate_drw has 0 polygons
2026-09-09 20:59:11 +0200: Memory Usage (468472K) : sinwg_drw has 0 polygons
2026-09-09 20:59:11 +0200: Memory Usage (468472K) : sinwg_filler has 0 polygons
2026-09-09 20:59:11 +0200: Memory Usage (468472K) : sinwg_nofill has 0 polygons
2026-09-09 20:59:11 +0200: Memory Usage (468632K) : mempad_drw has 0 polygons
2026-09-09 20:59:11 +0200: Memory Usage (468632K) : topvia1_drw has 0 polygons
2026-09-09 20:59:11 +0200: Memory Usage (468632K) : topmetal1_drw has 0 polygons
2026-09-09 20:59:11 +0200: Memory Usage (468632K) : topmetal1_pin has 0 polygons
2026-09-09 20:59:11 +0200: Memory Usage (468632K) : topmetal1_mask has 0 polygons
2026-09-09 20:59:11 +0200: Memory Usage (468632K) : topmetal1_filler has 0 polygons
2026-09-09 20:59:11 +0200: Memory Usage (468632K) : topmetal1_nofill has 0 polygons
2026-09-09 20:59:11 +0200: Memory Usage (468632K) : topmetal1_slit has 0 polygons
2026-09-09 20:59:11 +0200: Memory Usage (468632K) : topmetal1_text has 0 polygons
2026-09-09 20:59:11 +0200: Memory Usage (468632K) : topmetal1_noqrc has 0 polygons
2026-09-09 20:59:11 +0200: Memory Usage (468792K) : topmetal1_res has 0 polygons
2026-09-09 20:59:11 +0200: Memory Usage (468792K) : topmetal1_iprobe has 0 polygons
2026-09-09 20:59:11 +0200: Memory Usage (468792K) : topmetal1_diffprb has 0 polygons
2026-09-09 20:59:11 +0200: Memory Usage (468952K) : inldpwl_drw has 0 polygons
2026-09-09 20:59:11 +0200: Memory Usage (468952K) : polyres_drw has 0 polygons
2026-09-09 20:59:11 +0200: Memory Usage (468952K) : polyres_pin has 0 polygons
2026-09-09 20:59:11 +0200: Memory Usage (469112K) : vmim_drw has 0 polygons
2026-09-09 20:59:11 +0200: Memory Usage (469112K) : nbulaycut_drw has 0 polygons
2026-09-09 20:59:11 +0200: Memory Usage (469112K) : antmetal1_drw has 0 polygons
2026-09-09 20:59:11 +0200: Memory Usage (469272K) : topvia2_drw has 0 polygons
2026-09-09 20:59:11 +0200: Memory Usage (469272K) : topmetal2_drw has 0 polygons
2026-09-09 20:59:11 +0200: Memory Usage (469272K) : topmetal2_pin has 0 polygons
2026-09-09 20:59:11 +0200: Memory Usage (469432K) : topmetal2_mask has 0 polygons
2026-09-09 20:59:11 +0200: Memory Usage (469432K) : topmetal2_filler has 0 polygons
2026-09-09 20:59:11 +0200: Memory Usage (469432K) : topmetal2_nofill has 0 polygons
2026-09-09 20:59:11 +0200: Memory Usage (469592K) : topmetal2_slit has 0 polygons
2026-09-09 20:59:11 +0200: Memory Usage (469592K) : topmetal2_text has 0 polygons
2026-09-09 20:59:11 +0200: Memory Usage (469592K) : topmetal2_noqrc has 0 polygons
2026-09-09 20:59:11 +0200: Memory Usage (469752K) : topmetal2_res has 0 polygons
2026-09-09 20:59:11 +0200: Memory Usage (469752K) : topmetal2_iprobe has 0 polygons
2026-09-09 20:59:11 +0200: Memory Usage (469752K) : topmetal2_diffprb has 0 polygons
2026-09-09 20:59:11 +0200: Memory Usage (469912K) : snsring_drw has 0 polygons
2026-09-09 20:59:11 +0200: Memory Usage (469912K) : sensor_drw has 0 polygons
2026-09-09 20:59:11 +0200: Memory Usage (469912K) : snsarms_drw has 0 polygons
2026-09-09 20:59:11 +0200: Memory Usage (470072K) : snscmosvia_drw has 0 polygons
2026-09-09 20:59:11 +0200: Memory Usage (470072K) : colwind_drw has 0 polygons
2026-09-09 20:59:11 +0200: Memory Usage (470072K) : flm_drw has 0 polygons
2026-09-09 20:59:11 +0200: Memory Usage (470232K) : hafniumox_drw has 0 polygons
2026-09-09 20:59:11 +0200: Memory Usage (470232K) : memvia_drw has 0 polygons
2026-09-09 20:59:11 +0200: Memory Usage (470232K) : thinfilmres_drw has 0 polygons
2026-09-09 20:59:11 +0200: Memory Usage (470392K) : rfmem_drw has 0 polygons
2026-09-09 20:59:11 +0200: Memory Usage (470392K) : norcx_drw has 0 polygons
2026-09-09 20:59:11 +0200: Memory Usage (470392K) : norcx_m2m3 has 0 polygons
2026-09-09 20:59:11 +0200: Memory Usage (470552K) : norcx_m2m4 has 0 polygons
2026-09-09 20:59:11 +0200: Memory Usage (470552K) : norcx_m2m5 has 0 polygons
2026-09-09 20:59:11 +0200: Memory Usage (470712K) : norcx_m2tm1 has 0 polygons
2026-09-09 20:59:11 +0200: Memory Usage (470712K) : norcx_m2tm2 has 0 polygons
2026-09-09 20:59:11 +0200: Memory Usage (470712K) : norcx_m3m4 has 0 polygons
2026-09-09 20:59:11 +0200: Memory Usage (470712K) : norcx_m3m5 has 0 polygons
2026-09-09 20:59:11 +0200: Memory Usage (470872K) : norcx_m3tm1 has 0 polygons
2026-09-09 20:59:11 +0200: Memory Usage (470872K) : norcx_m3tm2 has 0 polygons
2026-09-09 20:59:11 +0200: Memory Usage (470872K) : norcx_m4m5 has 0 polygons
2026-09-09 20:59:11 +0200: Memory Usage (471032K) : norcx_m4tm1 has 0 polygons
2026-09-09 20:59:11 +0200: Memory Usage (471032K) : norcx_m4tm2 has 0 polygons
2026-09-09 20:59:11 +0200: Memory Usage (471032K) : norcx_m5tm1 has 0 polygons
2026-09-09 20:59:11 +0200: Memory Usage (471192K) : norcx_m5tm2 has 0 polygons
2026-09-09 20:59:11 +0200: Memory Usage (471192K) : norcx_tm1tm2 has 0 polygons
2026-09-09 20:59:11 +0200: Memory Usage (471352K) : norcx_m1sub has 0 polygons
2026-09-09 20:59:11 +0200: Memory Usage (471352K) : norcx_m2sub has 0 polygons
2026-09-09 20:59:11 +0200: Memory Usage (471352K) : norcx_m3sub has 0 polygons
2026-09-09 20:59:11 +0200: Memory Usage (471512K) : norcx_m4sub has 0 polygons
2026-09-09 20:59:11 +0200: Memory Usage (471512K) : norcx_m5sub has 0 polygons
2026-09-09 20:59:11 +0200: Memory Usage (471512K) : norcx_tm1sub has 0 polygons
2026-09-09 20:59:11 +0200: Memory Usage (471672K) : norcx_tm2sub has 0 polygons
2026-09-09 20:59:11 +0200: Memory Usage (471672K) : snsbotvia_drw has 0 polygons
2026-09-09 20:59:11 +0200: Memory Usage (471672K) : snstopvia_drw has 0 polygons
2026-09-09 20:59:11 +0200: Memory Usage (471832K) : deepvia_drw has 0 polygons
2026-09-09 20:59:11 +0200: Memory Usage (471832K) : fgetch_drw has 0 polygons
2026-09-09 20:59:11 +0200: Memory Usage (471832K) : ctrgat_drw has 0 polygons
2026-09-09 20:59:11 +0200: Memory Usage (471992K) : fgimp_drw has 0 polygons
2026-09-09 20:59:11 +0200: Memory Usage (471992K) : emwihv_drw has 0 polygons
2026-09-09 20:59:11 +0200: Memory Usage (471992K) : lbe_drw has 0 polygons
2026-09-09 20:59:11 +0200: Memory Usage (472152K) : alcustop_drw has 0 polygons
2026-09-09 20:59:11 +0200: Memory Usage (472152K) : nometfiller_drw has 0 polygons
2026-09-09 20:59:11 +0200: Memory Usage (472152K) : prboundary_drw has 0 polygons
2026-09-09 20:59:11 +0200: Memory Usage (472312K) : exchange0_drw has 0 polygons
2026-09-09 20:59:11 +0200: Memory Usage (472312K) : exchange0_pin has 0 polygons
2026-09-09 20:59:11 +0200: Memory Usage (472312K) : exchange0_text has 0 polygons
2026-09-09 20:59:11 +0200: Memory Usage (472312K) : exchange1_drw has 0 polygons
2026-09-09 20:59:11 +0200: Memory Usage (472472K) : exchange1_pin has 0 polygons
2026-09-09 20:59:11 +0200: Memory Usage (472472K) : exchange1_text has 0 polygons
2026-09-09 20:59:11 +0200: Memory Usage (472632K) : exchange2_drw has 0 polygons
2026-09-09 20:59:11 +0200: Memory Usage (472632K) : exchange2_pin has 0 polygons
2026-09-09 20:59:11 +0200: Memory Usage (472632K) : exchange2_text has 0 polygons
2026-09-09 20:59:11 +0200: Memory Usage (472632K) : exchange3_drw has 0 polygons
2026-09-09 20:59:11 +0200: Memory Usage (472792K) : exchange3_pin has 0 polygons
2026-09-09 20:59:11 +0200: Memory Usage (472792K) : exchange3_text has 0 polygons
2026-09-09 20:59:11 +0200: Memory Usage (472792K) : exchange4_drw has 0 polygons
2026-09-09 20:59:11 +0200: Memory Usage (472952K) : exchange4_pin has 0 polygons
2026-09-09 20:59:11 +0200: Memory Usage (472952K) : exchange4_text has 0 polygons
2026-09-09 20:59:11 +0200: Memory Usage (472952K) : isonwell_drw has 0 polygons
2026-09-09 20:59:11 +0200: Memory Usage (472952K) : Total no. of polygons in the design is 95
2026-09-09 20:59:11 +0200: Memory Usage (473112K) : Loaded TECH DRC rules values from /foss/pdks/ihp-sg13g2/libs.tech/klayout/python/sg13g2_pycell_lib/sg13g2_tech_mod.json
2026-09-09 20:59:11 +0200: Memory Usage (473112K) : Loaded default DRC rules values from /foss/pdks/ihp-sg13g2/libs.tech/klayout/tech/drc/rule_decks/sg13g2_tech_default.json
2026-09-09 20:59:11 +0200: Memory Usage (473112K) : The following rules values were missing in tech json and default values were used:
2026-09-09 20:59:11 +0200: Memory Usage (473112K) :   - NW_f1_digibnd
2026-09-09 20:59:11 +0200: Memory Usage (473112K) :   - Cnt_c_digibnd
2026-09-09 20:59:11 +0200: Memory Usage (473112K) :   - Cnt_c_sram
2026-09-09 20:59:11 +0200: Memory Usage (473112K) :   - Sdiod_b
2026-09-09 20:59:11 +0200: Memory Usage (473112K) :   - Sdiod_c
2026-09-09 20:59:11 +0200: Memory Usage (474280K) : Total area of the design is 18.9648 um^2.
2026-09-09 20:59:11 +0200: Memory Usage (474280K) : The design dimensions are 4.32 µm * 4.39 µm.
2026-09-09 20:59:11 +0200: Memory Usage (474280K) : Starting general IHP-SG13G2 derivations.
2026-09-09 20:59:11 +0200: Memory Usage (474280K) : Starting Pwell derivations
2026-09-09 20:59:11 +0200: Memory Usage (476352K) : Starting pad general derivations
2026-09-09 20:59:11 +0200: Memory Usage (476352K) : Starting IHP-SG13G2 DRC rules.
2026-09-09 20:59:11 +0200: Memory Usage (476352K) : Starting 6.9 Pad table
2026-09-09 20:59:11 +0200: Memory Usage (476352K) : Executing rule Pad.m
2026-09-09 20:59:11 +0200: Memory Usage (476352K) : Executing rule Pad.fR_M1
2026-09-09 20:59:11 +0200: Memory Usage (476720K) : Executing rule Pad.fR_M2
2026-09-09 20:59:11 +0200: Memory Usage (476720K) : Executing rule Pad.fR_M3
2026-09-09 20:59:11 +0200: Memory Usage (476720K) : Executing rule Pad.fR_M4
2026-09-09 20:59:11 +0200: Memory Usage (476720K) : Executing rule Pad.fR_M5
2026-09-09 20:59:11 +0200: Memory Usage (476720K) : Executing rule Pad.fR_TM1
2026-09-09 20:59:11 +0200: Memory Usage (476720K) : Executing rule Pad.fR_TM2
2026-09-09 20:59:11 +0200: Memory Usage (476720K) : Executing rule Pad.i
2026-09-09 20:59:11 +0200: Memory Usage (476720K) : KLayout DRC run for tables 'pad' completed in 0.16 seconds
