# Logfile created on 2026-09-09 20:59:08 +0200 by logger.rb/v1.5.3
2026-09-09 20:59:08 +0200: Memory Usage (457644K) : Starting running IHP-SG13G2 KLayout DRC runset on /foss/designs/aion_chip/flow/regress/AION_a21oi_nor2_1/AION_a21oi_nor2_1.gds
2026-09-09 20:59:08 +0200: Memory Usage (457644K) : Ruby Version for klayout: 3.2.3
2026-09-09 20:59:08 +0200: Memory Usage (458632K) : Loading database to memory is complete.
2026-09-09 20:59:08 +0200: Memory Usage (458632K) : IHP-SG13G2 KLayout DRC runset output at: /foss/designs/aion_chip/flow/regress/AION_a21oi_nor2_1/drc/AION_a21oi_nor2_1.klayout.drc/AION_a21oi_nor2_1_AION_a21oi_nor2_1_activ.lyrdb
2026-09-09 20:59:08 +0200: Memory Usage (458632K) : Evaluate switches.
2026-09-09 20:59:08 +0200: Memory Usage (458632K) : tables selected: activ
2026-09-09 20:59:08 +0200: Memory Usage (458632K) : KLayout will use 15 thread(s) in tiling mode.
2026-09-09 20:59:08 +0200: Memory Usage (458632K) : deep mode is enabled.
2026-09-09 20:59:08 +0200: Memory Usage (458632K) : FEOL enabled: false
2026-09-09 20:59:08 +0200: Memory Usage (458632K) : BEOL enabled: false
2026-09-09 20:59:08 +0200: Memory Usage (458632K) : OFFGRID enabled: true
2026-09-09 20:59:08 +0200: Memory Usage (458632K) : ANGLE enabled: true
2026-09-09 20:59:08 +0200: Memory Usage (458632K) : PIN enabled: false
2026-09-09 20:59:08 +0200: Memory Usage (458632K) : FORBIDDEN enabled: false
2026-09-09 20:59:08 +0200: Memory Usage (458632K) : RECOMMENDED enabled: true
2026-09-09 20:59:08 +0200: Memory Usage (458632K) : PreCheck DRC enabled: false
2026-09-09 20:59:08 +0200: Memory Usage (458632K) : CONNECTIVITY_RULES enabled: false.
2026-09-09 20:59:08 +0200: Memory Usage (458632K) : Read in polygons from layers.
2026-09-09 20:59:08 +0200: Memory Usage (459400K) : activ_drw has 5 polygons
2026-09-09 20:59:08 +0200: Memory Usage (459400K) : activ_pin has 0 polygons
2026-09-09 20:59:08 +0200: Memory Usage (459400K) : activ_mask has 0 polygons
2026-09-09 20:59:08 +0200: Memory Usage (459400K) : activ_filler has 0 polygons
2026-09-09 20:59:08 +0200: Memory Usage (459400K) : activ_nofill has 0 polygons
2026-09-09 20:59:08 +0200: Memory Usage (459400K) : activ_opc has 0 polygons
2026-09-09 20:59:08 +0200: Memory Usage (459400K) : activ_iopc has 0 polygons
2026-09-09 20:59:08 +0200: Memory Usage (459400K) : activ_noqrc has 0 polygons
2026-09-09 20:59:08 +0200: Memory Usage (459400K) : biwind_drw has 0 polygons
2026-09-09 20:59:08 +0200: Memory Usage (459400K) : biwind_opc has 0 polygons
2026-09-09 20:59:08 +0200: Memory Usage (459400K) : pemwind_drw has 0 polygons
2026-09-09 20:59:08 +0200: Memory Usage (459400K) : gatpoly_drw has 10 polygons
2026-09-09 20:59:08 +0200: Memory Usage (459400K) : gatpoly_pin has 0 polygons
2026-09-09 20:59:08 +0200: Memory Usage (459400K) : gatpoly_filler has 0 polygons
2026-09-09 20:59:08 +0200: Memory Usage (459400K) : gatpoly_nofill has 0 polygons
2026-09-09 20:59:08 +0200: Memory Usage (459400K) : gatpoly_opc has 0 polygons
2026-09-09 20:59:08 +0200: Memory Usage (459400K) : gatpoly_iopc has 0 polygons
2026-09-09 20:59:08 +0200: Memory Usage (459400K) : gatpoly_noqrc has 0 polygons
2026-09-09 20:59:08 +0200: Memory Usage (459400K) : cont_drw has 40 polygons
2026-09-09 20:59:08 +0200: Memory Usage (459560K) : cont_opc has 0 polygons
2026-09-09 20:59:08 +0200: Memory Usage (459560K) : nsd_drw has 0 polygons
2026-09-09 20:59:08 +0200: Memory Usage (459560K) : nsd_block has 0 polygons
2026-09-09 20:59:08 +0200: Memory Usage (459560K) : metal1_drw has 23 polygons
2026-09-09 20:59:08 +0200: Memory Usage (459560K) : metal1_pin has 7 polygons
2026-09-09 20:59:08 +0200: Memory Usage (459560K) : metal1_mask has 0 polygons
2026-09-09 20:59:08 +0200: Memory Usage (459720K) : metal1_filler has 0 polygons
2026-09-09 20:59:08 +0200: Memory Usage (459720K) : metal1_nofill has 0 polygons
2026-09-09 20:59:08 +0200: Memory Usage (459720K) : metal1_slit has 0 polygons
2026-09-09 20:59:08 +0200: Memory Usage (459912K) : metal1_text has 7 polygons
2026-09-09 20:59:08 +0200: Memory Usage (460072K) : metal1_opc has 0 polygons
2026-09-09 20:59:08 +0200: Memory Usage (460072K) : metal1_noqrc has 0 polygons
2026-09-09 20:59:08 +0200: Memory Usage (460072K) : metal1_res has 0 polygons
2026-09-09 20:59:08 +0200: Memory Usage (460232K) : metal1_iprobe has 0 polygons
2026-09-09 20:59:08 +0200: Memory Usage (460232K) : metal1_diffprb has 0 polygons
2026-09-09 20:59:08 +0200: Memory Usage (460232K) : passiv_drw has 0 polygons
2026-09-09 20:59:08 +0200: Memory Usage (460392K) : passiv_pin has 0 polygons
2026-09-09 20:59:08 +0200: Memory Usage (460392K) : passiv_sbump has 0 polygons
2026-09-09 20:59:08 +0200: Memory Usage (460392K) : passiv_pillar has 0 polygons
2026-09-09 20:59:08 +0200: Memory Usage (460552K) : passiv_pdl has 0 polygons
2026-09-09 20:59:08 +0200: Memory Usage (460552K) : metal2_drw has 0 polygons
2026-09-09 20:59:08 +0200: Memory Usage (460552K) : metal2_pin has 0 polygons
2026-09-09 20:59:08 +0200: Memory Usage (460552K) : metal2_mask has 0 polygons
2026-09-09 20:59:08 +0200: Memory Usage (460552K) : metal2_filler has 0 polygons
2026-09-09 20:59:08 +0200: Memory Usage (460552K) : metal2_nofill has 0 polygons
2026-09-09 20:59:08 +0200: Memory Usage (460552K) : metal2_slit has 0 polygons
2026-09-09 20:59:08 +0200: Memory Usage (460552K) : metal2_text has 0 polygons
2026-09-09 20:59:08 +0200: Memory Usage (460552K) : metal2_opc has 0 polygons
2026-09-09 20:59:08 +0200: Memory Usage (460712K) : metal2_noqrc has 0 polygons
2026-09-09 20:59:08 +0200: Memory Usage (460712K) : metal2_res has 0 polygons
2026-09-09 20:59:08 +0200: Memory Usage (460712K) : metal2_iprobe has 0 polygons
2026-09-09 20:59:08 +0200: Memory Usage (460712K) : metal2_diffprb has 0 polygons
2026-09-09 20:59:08 +0200: Memory Usage (460872K) : baspoly_drw has 0 polygons
2026-09-09 20:59:08 +0200: Memory Usage (460872K) : baspoly_pin has 0 polygons
2026-09-09 20:59:08 +0200: Memory Usage (460872K) : psd_drw has 2 polygons
2026-09-09 20:59:08 +0200: Memory Usage (460872K) : nldb_drw has 0 polygons
2026-09-09 20:59:08 +0200: Memory Usage (461032K) : digibnd_drw has 0 polygons
2026-09-09 20:59:08 +0200: Memory Usage (461032K) : via1_drw has 0 polygons
2026-09-09 20:59:08 +0200: Memory Usage (461192K) : backmetal1_drw has 0 polygons
2026-09-09 20:59:08 +0200: Memory Usage (461192K) : backmetal1_pin has 0 polygons
2026-09-09 20:59:08 +0200: Memory Usage (461192K) : backmetal1_mask has 0 polygons
2026-09-09 20:59:08 +0200: Memory Usage (461192K) : backmetal1_filler has 0 polygons
2026-09-09 20:59:08 +0200: Memory Usage (461352K) : backmetal1_nofill has 0 polygons
2026-09-09 20:59:08 +0200: Memory Usage (461352K) : backmetal1_slit has 0 polygons
2026-09-09 20:59:08 +0200: Memory Usage (461512K) : backmetal1_text has 0 polygons
2026-09-09 20:59:08 +0200: Memory Usage (461512K) : backmetal1_opc has 0 polygons
2026-09-09 20:59:08 +0200: Memory Usage (461512K) : backmetal1_noqrc has 0 polygons
2026-09-09 20:59:08 +0200: Memory Usage (461672K) : backmetal1_res has 0 polygons
2026-09-09 20:59:08 +0200: Memory Usage (461832K) : backmetal1_iprobe has 0 polygons
2026-09-09 20:59:08 +0200: Memory Usage (461832K) : backmetal1_diffprb has 0 polygons
2026-09-09 20:59:08 +0200: Memory Usage (461832K) : backpassiv_drw has 0 polygons
2026-09-09 20:59:08 +0200: Memory Usage (461992K) : res_drw has 0 polygons
2026-09-09 20:59:08 +0200: Memory Usage (461992K) : sram_drw has 0 polygons
2026-09-09 20:59:08 +0200: Memory Usage (461992K) : trans_drw has 0 polygons
2026-09-09 20:59:08 +0200: Memory Usage (462152K) : ind_drw has 0 polygons
2026-09-09 20:59:08 +0200: Memory Usage (462152K) : ind_pin has 0 polygons
2026-09-09 20:59:08 +0200: Memory Usage (462152K) : ind_text has 0 polygons
2026-09-09 20:59:08 +0200: Memory Usage (462312K) : salblock_drw has 0 polygons
2026-09-09 20:59:08 +0200: Memory Usage (462312K) : via2_drw has 0 polygons
2026-09-09 20:59:08 +0200: Memory Usage (462312K) : metal3_drw has 0 polygons
2026-09-09 20:59:08 +0200: Memory Usage (462472K) : metal3_pin has 0 polygons
2026-09-09 20:59:08 +0200: Memory Usage (462472K) : metal3_mask has 0 polygons
2026-09-09 20:59:08 +0200: Memory Usage (462632K) : metal3_filler has 0 polygons
2026-09-09 20:59:08 +0200: Memory Usage (462632K) : metal3_nofill has 0 polygons
2026-09-09 20:59:08 +0200: Memory Usage (462632K) : metal3_slit has 0 polygons
2026-09-09 20:59:08 +0200: Memory Usage (462792K) : metal3_text has 0 polygons
2026-09-09 20:59:08 +0200: Memory Usage (462792K) : metal3_opc has 0 polygons
2026-09-09 20:59:08 +0200: Memory Usage (462952K) : metal3_noqrc has 0 polygons
2026-09-09 20:59:08 +0200: Memory Usage (462952K) : metal3_res has 0 polygons
2026-09-09 20:59:08 +0200: Memory Usage (462952K) : metal3_iprobe has 0 polygons
2026-09-09 20:59:08 +0200: Memory Usage (463112K) : metal3_diffprb has 0 polygons
2026-09-09 20:59:08 +0200: Memory Usage (463112K) : nwell_drw has 1 polygons
2026-09-09 20:59:08 +0200: Memory Usage (463112K) : nwell_pin has 0 polygons
2026-09-09 20:59:08 +0200: Memory Usage (463112K) : nbulay_drw has 0 polygons
2026-09-09 20:59:08 +0200: Memory Usage (463272K) : nbulay_pin has 0 polygons
2026-09-09 20:59:08 +0200: Memory Usage (463272K) : nbulay_block has 0 polygons
2026-09-09 20:59:08 +0200: Memory Usage (463272K) : emwind_drw has 0 polygons
2026-09-09 20:59:08 +0200: Memory Usage (463272K) : emwind_opc has 0 polygons
2026-09-09 20:59:08 +0200: Memory Usage (463432K) : deepco_drw has 0 polygons
2026-09-09 20:59:08 +0200: Memory Usage (463432K) : deepco_drw has 0 polygons
2026-09-09 20:59:08 +0200: Memory Usage (463432K) : mim_drw has 0 polygons
2026-09-09 20:59:08 +0200: Memory Usage (463432K) : edgeseal_drw has 0 polygons
2026-09-09 20:59:08 +0200: Memory Usage (463432K) : edgeseal_bound has 0 polygons
2026-09-09 20:59:08 +0200: Memory Usage (463592K) : substrate_drw has 0 polygons
2026-09-09 20:59:08 +0200: Memory Usage (463592K) : substrate_text has 0 polygons
2026-09-09 20:59:08 +0200: Memory Usage (463592K) : dfpad_drw has 0 polygons
2026-09-09 20:59:08 +0200: Memory Usage (463592K) : dfpad_pillar has 0 polygons
2026-09-09 20:59:08 +0200: Memory Usage (463752K) : dfpad_sbump has 0 polygons
2026-09-09 20:59:08 +0200: Memory Usage (463752K) : thickgateox_drw has 0 polygons
2026-09-09 20:59:08 +0200: Memory Usage (463752K) : pldb_drw has 0 polygons
2026-09-09 20:59:08 +0200: Memory Usage (463912K) : pwell_drw has 0 polygons
2026-09-09 20:59:08 +0200: Memory Usage (463912K) : pwell_pin has 0 polygons
2026-09-09 20:59:08 +0200: Memory Usage (463912K) : pwell_block has 0 polygons
2026-09-09 20:59:08 +0200: Memory Usage (464072K) : ic_drw has 0 polygons
2026-09-09 20:59:08 +0200: Memory Usage (464072K) : via3_drw has 0 polygons
2026-09-09 20:59:08 +0200: Memory Usage (464072K) : metal4_drw has 0 polygons
2026-09-09 20:59:08 +0200: Memory Usage (464232K) : metal4_pin has 0 polygons
2026-09-09 20:59:08 +0200: Memory Usage (464232K) : metal4_mask has 0 polygons
2026-09-09 20:59:08 +0200: Memory Usage (464232K) : metal4_filler has 0 polygons
2026-09-09 20:59:08 +0200: Memory Usage (464392K) : metal4_nofill has 0 polygons
2026-09-09 20:59:08 +0200: Memory Usage (464392K) : metal4_slit has 0 polygons
2026-09-09 20:59:08 +0200: Memory Usage (464392K) : metal4_text has 0 polygons
2026-09-09 20:59:08 +0200: Memory Usage (464552K) : metal4_opc has 0 polygons
2026-09-09 20:59:08 +0200: Memory Usage (464552K) : metal4_noqrc has 0 polygons
2026-09-09 20:59:08 +0200: Memory Usage (464552K) : metal4_res has 0 polygons
2026-09-09 20:59:08 +0200: Memory Usage (464712K) : metal4_iprobe has 0 polygons
2026-09-09 20:59:08 +0200: Memory Usage (464712K) : metal4_diffprb has 0 polygons
2026-09-09 20:59:08 +0200: Memory Usage (464712K) : heattrans_drw has 0 polygons
2026-09-09 20:59:08 +0200: Memory Usage (464872K) : heatres_drw has 0 polygons
2026-09-09 20:59:08 +0200: Memory Usage (464872K) : pempoly_drw has 0 polygons
2026-09-09 20:59:08 +0200: Memory Usage (464872K) : fbe_drw has 0 polygons
2026-09-09 20:59:08 +0200: Memory Usage (465032K) : empoly_drw has 0 polygons
2026-09-09 20:59:08 +0200: Memory Usage (465032K) : ldmos_drw has 0 polygons
2026-09-09 20:59:08 +0200: Memory Usage (465032K) : pbiwind_drw has 0 polygons
2026-09-09 20:59:08 +0200: Memory Usage (465192K) : digisub_drw has 0 polygons
2026-09-09 20:59:08 +0200: Memory Usage (465192K) : nodrc_drw has 0 polygons
2026-09-09 20:59:08 +0200: Memory Usage (465192K) : text_drw has 0 polygons
2026-09-09 20:59:08 +0200: Memory Usage (465192K) : via4_drw has 0 polygons
2026-09-09 20:59:08 +0200: Memory Usage (465352K) : metal5_drw has 0 polygons
2026-09-09 20:59:08 +0200: Memory Usage (465352K) : metal5_pin has 0 polygons
2026-09-09 20:59:08 +0200: Memory Usage (465352K) : metal5_mask has 0 polygons
2026-09-09 20:59:08 +0200: Memory Usage (465352K) : metal5_filler has 0 polygons
2026-09-09 20:59:08 +0200: Memory Usage (465512K) : metal5_nofill has 0 polygons
2026-09-09 20:59:08 +0200: Memory Usage (465512K) : metal5_slit has 0 polygons
2026-09-09 20:59:08 +0200: Memory Usage (465512K) : metal5_text has 0 polygons
2026-09-09 20:59:08 +0200: Memory Usage (465672K) : metal5_opc has 0 polygons
2026-09-09 20:59:08 +0200: Memory Usage (465672K) : metal5_noqrc has 0 polygons
2026-09-09 20:59:08 +0200: Memory Usage (465672K) : metal5_res has 0 polygons
2026-09-09 20:59:08 +0200: Memory Usage (465832K) : metal5_iprobe has 0 polygons
2026-09-09 20:59:08 +0200: Memory Usage (465832K) : metal5_diffprb has 0 polygons
2026-09-09 20:59:08 +0200: Memory Usage (465832K) : radhard_drw has 0 polygons
2026-09-09 20:59:08 +0200: Memory Usage (465992K) : memcap_drw has 0 polygons
2026-09-09 20:59:08 +0200: Memory Usage (465992K) : varicap_drw has 0 polygons
2026-09-09 20:59:08 +0200: Memory Usage (465992K) : flash_drw has 0 polygons
2026-09-09 20:59:08 +0200: Memory Usage (466152K) : intbondvia_drw has 0 polygons
2026-09-09 20:59:08 +0200: Memory Usage (466152K) : intbondmet_drw has 0 polygons
2026-09-09 20:59:08 +0200: Memory Usage (466152K) : devbondvia_drw has 0 polygons
2026-09-09 20:59:08 +0200: Memory Usage (466312K) : devbondmet_drw has 0 polygons
2026-09-09 20:59:08 +0200: Memory Usage (466312K) : devtrench_drw has 0 polygons
2026-09-09 20:59:08 +0200: Memory Usage (466312K) : redist_drw has 0 polygons
2026-09-09 20:59:08 +0200: Memory Usage (466472K) : graphbot_drw has 0 polygons
2026-09-09 20:59:08 +0200: Memory Usage (466472K) : graphtop_drw has 0 polygons
2026-09-09 20:59:08 +0200: Memory Usage (466472K) : antvia1_drw has 0 polygons
2026-09-09 20:59:08 +0200: Memory Usage (466632K) : antmetal2_drw has 0 polygons
2026-09-09 20:59:08 +0200: Memory Usage (466632K) : graphcont_drw has 0 polygons
2026-09-09 20:59:08 +0200: Memory Usage (466632K) : siwg_drw has 0 polygons
2026-09-09 20:59:08 +0200: Memory Usage (466792K) : siwg_filler has 0 polygons
2026-09-09 20:59:08 +0200: Memory Usage (466792K) : siwg_nofill has 0 polygons
2026-09-09 20:59:08 +0200: Memory Usage (466792K) : sigrating_drw has 0 polygons
2026-09-09 20:59:08 +0200: Memory Usage (466952K) : singrating_drw has 0 polygons
2026-09-09 20:59:08 +0200: Memory Usage (466952K) : graphpas_drw has 0 polygons
2026-09-09 20:59:08 +0200: Memory Usage (466952K) : emwind3_drw has 0 polygons
2026-09-09 20:59:08 +0200: Memory Usage (467112K) : emwihv3_drw has 0 polygons
2026-09-09 20:59:08 +0200: Memory Usage (467112K) : redbulay_drw has 0 polygons
2026-09-09 20:59:08 +0200: Memory Usage (467112K) : smos_drw has 0 polygons
2026-09-09 20:59:08 +0200: Memory Usage (467112K) : graphpad_drw has 0 polygons
2026-09-09 20:59:08 +0200: Memory Usage (467112K) : polimide_drw has 0 polygons
2026-09-09 20:59:08 +0200: Memory Usage (467272K) : polimide_pin has 0 polygons
2026-09-09 20:59:08 +0200: Memory Usage (467272K) : recog_drw has 0 polygons
2026-09-09 20:59:08 +0200: Memory Usage (467272K) : recog_pin has 0 polygons
2026-09-09 20:59:08 +0200: Memory Usage (467272K) : recog_esd has 0 polygons
2026-09-09 20:59:08 +0200: Memory Usage (467432K) : recog_diode has 0 polygons
2026-09-09 20:59:08 +0200: Memory Usage (467432K) : recog_tsv has 0 polygons
2026-09-09 20:59:08 +0200: Memory Usage (467592K) : recog_iprobe has 0 polygons
2026-09-09 20:59:08 +0200: Memory Usage (467592K) : recog_diffprb has 0 polygons
2026-09-09 20:59:08 +0200: Memory Usage (467592K) : recog_pillar has 0 polygons
2026-09-09 20:59:08 +0200: Memory Usage (467752K) : recog_sbump has 0 polygons
2026-09-09 20:59:08 +0200: Memory Usage (467752K) : recog_otp has 0 polygons
2026-09-09 20:59:08 +0200: Memory Usage (467752K) : recog_pdiode has 0 polygons
2026-09-09 20:59:08 +0200: Memory Usage (467912K) : recog_mom has 0 polygons
2026-09-09 20:59:08 +0200: Memory Usage (467912K) : recog_pcm has 0 polygons
2026-09-09 20:59:08 +0200: Memory Usage (467912K) : colopen_drw has 0 polygons
2026-09-09 20:59:08 +0200: Memory Usage (468072K) : graphmetal1_drw has 0 polygons
2026-09-09 20:59:08 +0200: Memory Usage (468072K) : graphmetal1_filler has 0 polygons
2026-09-09 20:59:08 +0200: Memory Usage (468072K) : graphmetal1_nofill has 0 polygons
2026-09-09 20:59:08 +0200: Memory Usage (468232K) : graphmetal1_slit has 0 polygons
2026-09-09 20:59:08 +0200: Memory Usage (468232K) : graphmetal1_opc has 0 polygons
2026-09-09 20:59:08 +0200: Memory Usage (468232K) : graphmet1l_drw has 0 polygons
2026-09-09 20:59:08 +0200: Memory Usage (468392K) : graphmet1l_filler has 0 polygons
2026-09-09 20:59:08 +0200: Memory Usage (468392K) : graphmet1l_nofill has 0 polygons
2026-09-09 20:59:08 +0200: Memory Usage (468392K) : graphmet1l_slit has 0 polygons
2026-09-09 20:59:08 +0200: Memory Usage (468552K) : graphmet1l_opc has 0 polygons
2026-09-09 20:59:08 +0200: Memory Usage (468552K) : extblock_drw has 0 polygons
2026-09-09 20:59:08 +0200: Memory Usage (468552K) : nldd_drw has 0 polygons
2026-09-09 20:59:08 +0200: Memory Usage (468712K) : pldd_drw has 0 polygons
2026-09-09 20:59:08 +0200: Memory Usage (468712K) : next_drw has 0 polygons
2026-09-09 20:59:08 +0200: Memory Usage (468712K) : pext_drw has 0 polygons
2026-09-09 20:59:08 +0200: Memory Usage (468872K) : nexthv_drw has 0 polygons
2026-09-09 20:59:08 +0200: Memory Usage (468872K) : pexthv_drw has 0 polygons
2026-09-09 20:59:08 +0200: Memory Usage (468872K) : graphgate_drw has 0 polygons
2026-09-09 20:59:08 +0200: Memory Usage (469032K) : sinwg_drw has 0 polygons
2026-09-09 20:59:08 +0200: Memory Usage (469032K) : sinwg_filler has 0 polygons
2026-09-09 20:59:08 +0200: Memory Usage (469032K) : sinwg_nofill has 0 polygons
2026-09-09 20:59:08 +0200: Memory Usage (469192K) : mempad_drw has 0 polygons
2026-09-09 20:59:08 +0200: Memory Usage (469192K) : topvia1_drw has 0 polygons
2026-09-09 20:59:08 +0200: Memory Usage (469192K) : topmetal1_drw has 0 polygons
2026-09-09 20:59:08 +0200: Memory Usage (469192K) : topmetal1_pin has 0 polygons
2026-09-09 20:59:08 +0200: Memory Usage (469192K) : topmetal1_mask has 0 polygons
2026-09-09 20:59:08 +0200: Memory Usage (469192K) : topmetal1_filler has 0 polygons
2026-09-09 20:59:08 +0200: Memory Usage (469192K) : topmetal1_nofill has 0 polygons
2026-09-09 20:59:08 +0200: Memory Usage (469192K) : topmetal1_slit has 0 polygons
2026-09-09 20:59:08 +0200: Memory Usage (469192K) : topmetal1_text has 0 polygons
2026-09-09 20:59:08 +0200: Memory Usage (469352K) : topmetal1_noqrc has 0 polygons
2026-09-09 20:59:08 +0200: Memory Usage (469352K) : topmetal1_res has 0 polygons
2026-09-09 20:59:08 +0200: Memory Usage (469352K) : topmetal1_iprobe has 0 polygons
2026-09-09 20:59:08 +0200: Memory Usage (469352K) : topmetal1_diffprb has 0 polygons
2026-09-09 20:59:08 +0200: Memory Usage (469512K) : inldpwl_drw has 0 polygons
2026-09-09 20:59:08 +0200: Memory Usage (469512K) : polyres_drw has 0 polygons
2026-09-09 20:59:08 +0200: Memory Usage (469512K) : polyres_pin has 0 polygons
2026-09-09 20:59:08 +0200: Memory Usage (469672K) : vmim_drw has 0 polygons
2026-09-09 20:59:08 +0200: Memory Usage (469672K) : nbulaycut_drw has 0 polygons
2026-09-09 20:59:08 +0200: Memory Usage (469672K) : antmetal1_drw has 0 polygons
2026-09-09 20:59:08 +0200: Memory Usage (469832K) : topvia2_drw has 0 polygons
2026-09-09 20:59:08 +0200: Memory Usage (469832K) : topmetal2_drw has 0 polygons
2026-09-09 20:59:08 +0200: Memory Usage (469832K) : topmetal2_pin has 0 polygons
2026-09-09 20:59:08 +0200: Memory Usage (469992K) : topmetal2_mask has 0 polygons
2026-09-09 20:59:08 +0200: Memory Usage (469992K) : topmetal2_filler has 0 polygons
2026-09-09 20:59:08 +0200: Memory Usage (469992K) : topmetal2_nofill has 0 polygons
2026-09-09 20:59:08 +0200: Memory Usage (470152K) : topmetal2_slit has 0 polygons
2026-09-09 20:59:08 +0200: Memory Usage (470152K) : topmetal2_text has 0 polygons
2026-09-09 20:59:08 +0200: Memory Usage (470152K) : topmetal2_noqrc has 0 polygons
2026-09-09 20:59:08 +0200: Memory Usage (470312K) : topmetal2_res has 0 polygons
2026-09-09 20:59:08 +0200: Memory Usage (470312K) : topmetal2_iprobe has 0 polygons
2026-09-09 20:59:08 +0200: Memory Usage (470312K) : topmetal2_diffprb has 0 polygons
2026-09-09 20:59:08 +0200: Memory Usage (470472K) : snsring_drw has 0 polygons
2026-09-09 20:59:08 +0200: Memory Usage (470472K) : sensor_drw has 0 polygons
2026-09-09 20:59:08 +0200: Memory Usage (470472K) : snsarms_drw has 0 polygons
2026-09-09 20:59:08 +0200: Memory Usage (470632K) : snscmosvia_drw has 0 polygons
2026-09-09 20:59:08 +0200: Memory Usage (470632K) : colwind_drw has 0 polygons
2026-09-09 20:59:08 +0200: Memory Usage (470632K) : flm_drw has 0 polygons
2026-09-09 20:59:08 +0200: Memory Usage (470792K) : hafniumox_drw has 0 polygons
2026-09-09 20:59:08 +0200: Memory Usage (470792K) : memvia_drw has 0 polygons
2026-09-09 20:59:08 +0200: Memory Usage (470792K) : thinfilmres_drw has 0 polygons
2026-09-09 20:59:08 +0200: Memory Usage (470952K) : rfmem_drw has 0 polygons
2026-09-09 20:59:08 +0200: Memory Usage (470952K) : norcx_drw has 0 polygons
2026-09-09 20:59:08 +0200: Memory Usage (470952K) : norcx_m2m3 has 0 polygons
2026-09-09 20:59:08 +0200: Memory Usage (471112K) : norcx_m2m4 has 0 polygons
2026-09-09 20:59:08 +0200: Memory Usage (471112K) : norcx_m2m5 has 0 polygons
2026-09-09 20:59:08 +0200: Memory Usage (471112K) : norcx_m2tm1 has 0 polygons
2026-09-09 20:59:08 +0200: Memory Usage (471272K) : norcx_m2tm2 has 0 polygons
2026-09-09 20:59:08 +0200: Memory Usage (471272K) : norcx_m3m4 has 0 polygons
2026-09-09 20:59:08 +0200: Memory Usage (471272K) : norcx_m3m5 has 0 polygons
2026-09-09 20:59:08 +0200: Memory Usage (471432K) : norcx_m3tm1 has 0 polygons
2026-09-09 20:59:08 +0200: Memory Usage (471432K) : norcx_m3tm2 has 0 polygons
2026-09-09 20:59:08 +0200: Memory Usage (471432K) : norcx_m4m5 has 0 polygons
2026-09-09 20:59:08 +0200: Memory Usage (471592K) : norcx_m4tm1 has 0 polygons
2026-09-09 20:59:08 +0200: Memory Usage (471592K) : norcx_m4tm2 has 0 polygons
2026-09-09 20:59:08 +0200: Memory Usage (471592K) : norcx_m5tm1 has 0 polygons
2026-09-09 20:59:08 +0200: Memory Usage (471752K) : norcx_m5tm2 has 0 polygons
2026-09-09 20:59:08 +0200: Memory Usage (471752K) : norcx_tm1tm2 has 0 polygons
2026-09-09 20:59:08 +0200: Memory Usage (471752K) : norcx_m1sub has 0 polygons
2026-09-09 20:59:08 +0200: Memory Usage (471912K) : norcx_m2sub has 0 polygons
2026-09-09 20:59:08 +0200: Memory Usage (471912K) : norcx_m3sub has 0 polygons
2026-09-09 20:59:08 +0200: Memory Usage (471912K) : norcx_m4sub has 0 polygons
2026-09-09 20:59:08 +0200: Memory Usage (472072K) : norcx_m5sub has 0 polygons
2026-09-09 20:59:08 +0200: Memory Usage (472072K) : norcx_tm1sub has 0 polygons
2026-09-09 20:59:08 +0200: Memory Usage (472072K) : norcx_tm2sub has 0 polygons
2026-09-09 20:59:08 +0200: Memory Usage (472232K) : snsbotvia_drw has 0 polygons
2026-09-09 20:59:08 +0200: Memory Usage (472232K) : snstopvia_drw has 0 polygons
2026-09-09 20:59:08 +0200: Memory Usage (472232K) : deepvia_drw has 0 polygons
2026-09-09 20:59:08 +0200: Memory Usage (472392K) : fgetch_drw has 0 polygons
2026-09-09 20:59:08 +0200: Memory Usage (472392K) : ctrgat_drw has 0 polygons
2026-09-09 20:59:08 +0200: Memory Usage (472392K) : fgimp_drw has 0 polygons
2026-09-09 20:59:08 +0200: Memory Usage (472552K) : emwihv_drw has 0 polygons
2026-09-09 20:59:08 +0200: Memory Usage (472552K) : lbe_drw has 0 polygons
2026-09-09 20:59:08 +0200: Memory Usage (472552K) : alcustop_drw has 0 polygons
2026-09-09 20:59:08 +0200: Memory Usage (472712K) : nometfiller_drw has 0 polygons
2026-09-09 20:59:08 +0200: Memory Usage (472712K) : prboundary_drw has 0 polygons
2026-09-09 20:59:08 +0200: Memory Usage (472872K) : exchange0_drw has 0 polygons
2026-09-09 20:59:08 +0200: Memory Usage (472872K) : exchange0_pin has 0 polygons
2026-09-09 20:59:08 +0200: Memory Usage (472872K) : exchange0_text has 0 polygons
2026-09-09 20:59:08 +0200: Memory Usage (472872K) : exchange1_drw has 0 polygons
2026-09-09 20:59:08 +0200: Memory Usage (473032K) : exchange1_pin has 0 polygons
2026-09-09 20:59:08 +0200: Memory Usage (473032K) : exchange1_text has 0 polygons
2026-09-09 20:59:08 +0200: Memory Usage (473032K) : exchange2_drw has 0 polygons
2026-09-09 20:59:08 +0200: Memory Usage (473192K) : exchange2_pin has 0 polygons
2026-09-09 20:59:08 +0200: Memory Usage (473192K) : exchange2_text has 0 polygons
2026-09-09 20:59:08 +0200: Memory Usage (473192K) : exchange3_drw has 0 polygons
2026-09-09 20:59:08 +0200: Memory Usage (473352K) : exchange3_pin has 0 polygons
2026-09-09 20:59:08 +0200: Memory Usage (473352K) : exchange3_text has 0 polygons
2026-09-09 20:59:08 +0200: Memory Usage (473352K) : exchange4_drw has 0 polygons
2026-09-09 20:59:08 +0200: Memory Usage (473512K) : exchange4_pin has 0 polygons
2026-09-09 20:59:08 +0200: Memory Usage (473512K) : exchange4_text has 0 polygons
2026-09-09 20:59:08 +0200: Memory Usage (473512K) : isonwell_drw has 0 polygons
2026-09-09 20:59:08 +0200: Memory Usage (473512K) : Total no. of polygons in the design is 95
2026-09-09 20:59:08 +0200: Memory Usage (473512K) : Loaded TECH DRC rules values from /foss/pdks/ihp-sg13g2/libs.tech/klayout/python/sg13g2_pycell_lib/sg13g2_tech_mod.json
2026-09-09 20:59:08 +0200: Memory Usage (473512K) : Loaded default DRC rules values from /foss/pdks/ihp-sg13g2/libs.tech/klayout/tech/drc/rule_decks/sg13g2_tech_default.json
2026-09-09 20:59:08 +0200: Memory Usage (473512K) : The following rules values were missing in tech json and default values were used:
2026-09-09 20:59:08 +0200: Memory Usage (473512K) :   - NW_f1_digibnd
2026-09-09 20:59:08 +0200: Memory Usage (473512K) :   - Cnt_c_digibnd
2026-09-09 20:59:08 +0200: Memory Usage (473512K) :   - Cnt_c_sram
2026-09-09 20:59:08 +0200: Memory Usage (473512K) :   - Sdiod_b
2026-09-09 20:59:08 +0200: Memory Usage (473672K) :   - Sdiod_c
2026-09-09 20:59:08 +0200: Memory Usage (475016K) : Total area of the design is 18.9648 um^2.
2026-09-09 20:59:08 +0200: Memory Usage (475016K) : The design dimensions are 4.32 µm * 4.39 µm.
2026-09-09 20:59:08 +0200: Memory Usage (475016K) : Starting general IHP-SG13G2 derivations.
2026-09-09 20:59:08 +0200: Memory Usage (475016K) : Starting Pwell derivations
2026-09-09 20:59:08 +0200: Memory Usage (477080K) : Starting IHP-SG13G2 DRC rules.
2026-09-09 20:59:08 +0200: Memory Usage (477080K) : Starting 5.5. Activ table
2026-09-09 20:59:08 +0200: Memory Usage (477080K) : Executing rule Act.a
2026-09-09 20:59:08 +0200: Memory Usage (477476K) : Executing rule Act.b
2026-09-09 20:59:08 +0200: Memory Usage (478016K) : KLayout DRC run for tables 'activ' completed in 0.21 seconds
