# Logfile created on 2026-09-09 20:59:12 +0200 by logger.rb/v1.5.3
2026-09-09 20:59:12 +0200: Memory Usage (456552K) : Starting running IHP-SG13G2 KLayout DRC runset on /foss/designs/aion_chip/flow/regress/AION_a21oi_nor2_1/AION_a21oi_nor2_1.gds
2026-09-09 20:59:12 +0200: Memory Usage (456552K) : Ruby Version for klayout: 3.2.3
2026-09-09 20:59:12 +0200: Memory Usage (457512K) : Loading database to memory is complete.
2026-09-09 20:59:12 +0200: Memory Usage (457512K) : IHP-SG13G2 KLayout DRC runset output at: /foss/designs/aion_chip/flow/regress/AION_a21oi_nor2_1/drc/AION_a21oi_nor2_1.klayout.drc/AION_a21oi_nor2_1_AION_a21oi_nor2_1_angle.lyrdb
2026-09-09 20:59:12 +0200: Memory Usage (457512K) : Evaluate switches.
2026-09-09 20:59:12 +0200: Memory Usage (457512K) : tables selected: angle
2026-09-09 20:59:12 +0200: Memory Usage (457512K) : KLayout will use 15 thread(s) in tiling mode.
2026-09-09 20:59:12 +0200: Memory Usage (457512K) : deep mode is enabled.
2026-09-09 20:59:12 +0200: Memory Usage (457512K) : FEOL enabled: false
2026-09-09 20:59:12 +0200: Memory Usage (457512K) : BEOL enabled: false
2026-09-09 20:59:12 +0200: Memory Usage (457512K) : OFFGRID enabled: true
2026-09-09 20:59:12 +0200: Memory Usage (457512K) : ANGLE enabled: true
2026-09-09 20:59:12 +0200: Memory Usage (457512K) : PIN enabled: false
2026-09-09 20:59:12 +0200: Memory Usage (457512K) : FORBIDDEN enabled: false
2026-09-09 20:59:12 +0200: Memory Usage (457512K) : RECOMMENDED enabled: true
2026-09-09 20:59:12 +0200: Memory Usage (457512K) : PreCheck DRC enabled: false
2026-09-09 20:59:12 +0200: Memory Usage (457512K) : CONNECTIVITY_RULES enabled: false.
2026-09-09 20:59:12 +0200: Memory Usage (457512K) : Read in polygons from layers.
2026-09-09 20:59:12 +0200: Memory Usage (458660K) : activ_drw has 5 polygons
2026-09-09 20:59:12 +0200: Memory Usage (458660K) : activ_pin has 0 polygons
2026-09-09 20:59:12 +0200: Memory Usage (458660K) : activ_mask has 0 polygons
2026-09-09 20:59:12 +0200: Memory Usage (458660K) : activ_filler has 0 polygons
2026-09-09 20:59:12 +0200: Memory Usage (458660K) : activ_nofill has 0 polygons
2026-09-09 20:59:12 +0200: Memory Usage (458660K) : activ_opc has 0 polygons
2026-09-09 20:59:12 +0200: Memory Usage (458660K) : activ_iopc has 0 polygons
2026-09-09 20:59:12 +0200: Memory Usage (458660K) : activ_noqrc has 0 polygons
2026-09-09 20:59:12 +0200: Memory Usage (458660K) : biwind_drw has 0 polygons
2026-09-09 20:59:12 +0200: Memory Usage (458660K) : biwind_opc has 0 polygons
2026-09-09 20:59:12 +0200: Memory Usage (458660K) : pemwind_drw has 0 polygons
2026-09-09 20:59:12 +0200: Memory Usage (458660K) : gatpoly_drw has 10 polygons
2026-09-09 20:59:12 +0200: Memory Usage (458660K) : gatpoly_pin has 0 polygons
2026-09-09 20:59:12 +0200: Memory Usage (458660K) : gatpoly_filler has 0 polygons
2026-09-09 20:59:12 +0200: Memory Usage (458660K) : gatpoly_nofill has 0 polygons
2026-09-09 20:59:12 +0200: Memory Usage (458660K) : gatpoly_opc has 0 polygons
2026-09-09 20:59:12 +0200: Memory Usage (458660K) : gatpoly_iopc has 0 polygons
2026-09-09 20:59:12 +0200: Memory Usage (458660K) : gatpoly_noqrc has 0 polygons
2026-09-09 20:59:12 +0200: Memory Usage (458660K) : cont_drw has 40 polygons
2026-09-09 20:59:12 +0200: Memory Usage (458820K) : cont_opc has 0 polygons
2026-09-09 20:59:12 +0200: Memory Usage (458820K) : nsd_drw has 0 polygons
2026-09-09 20:59:12 +0200: Memory Usage (458820K) : nsd_block has 0 polygons
2026-09-09 20:59:12 +0200: Memory Usage (458820K) : metal1_drw has 23 polygons
2026-09-09 20:59:12 +0200: Memory Usage (458820K) : metal1_pin has 7 polygons
2026-09-09 20:59:12 +0200: Memory Usage (458820K) : metal1_mask has 0 polygons
2026-09-09 20:59:12 +0200: Memory Usage (458980K) : metal1_filler has 0 polygons
2026-09-09 20:59:12 +0200: Memory Usage (458980K) : metal1_nofill has 0 polygons
2026-09-09 20:59:12 +0200: Memory Usage (458980K) : metal1_slit has 0 polygons
2026-09-09 20:59:12 +0200: Memory Usage (459332K) : metal1_text has 7 polygons
2026-09-09 20:59:12 +0200: Memory Usage (459332K) : metal1_opc has 0 polygons
2026-09-09 20:59:12 +0200: Memory Usage (459332K) : metal1_noqrc has 0 polygons
2026-09-09 20:59:12 +0200: Memory Usage (459492K) : metal1_res has 0 polygons
2026-09-09 20:59:12 +0200: Memory Usage (459492K) : metal1_iprobe has 0 polygons
2026-09-09 20:59:12 +0200: Memory Usage (459492K) : metal1_diffprb has 0 polygons
2026-09-09 20:59:12 +0200: Memory Usage (459652K) : passiv_drw has 0 polygons
2026-09-09 20:59:12 +0200: Memory Usage (459652K) : passiv_pin has 0 polygons
2026-09-09 20:59:12 +0200: Memory Usage (459812K) : passiv_sbump has 0 polygons
2026-09-09 20:59:12 +0200: Memory Usage (459812K) : passiv_pillar has 0 polygons
2026-09-09 20:59:12 +0200: Memory Usage (459812K) : passiv_pdl has 0 polygons
2026-09-09 20:59:12 +0200: Memory Usage (459812K) : metal2_drw has 0 polygons
2026-09-09 20:59:12 +0200: Memory Usage (459972K) : metal2_pin has 0 polygons
2026-09-09 20:59:12 +0200: Memory Usage (459972K) : metal2_mask has 0 polygons
2026-09-09 20:59:12 +0200: Memory Usage (459972K) : metal2_filler has 0 polygons
2026-09-09 20:59:12 +0200: Memory Usage (459972K) : metal2_nofill has 0 polygons
2026-09-09 20:59:12 +0200: Memory Usage (459972K) : metal2_slit has 0 polygons
2026-09-09 20:59:12 +0200: Memory Usage (459972K) : metal2_text has 0 polygons
2026-09-09 20:59:12 +0200: Memory Usage (459972K) : metal2_opc has 0 polygons
2026-09-09 20:59:12 +0200: Memory Usage (460132K) : metal2_noqrc has 0 polygons
2026-09-09 20:59:12 +0200: Memory Usage (460132K) : metal2_res has 0 polygons
2026-09-09 20:59:12 +0200: Memory Usage (460132K) : metal2_iprobe has 0 polygons
2026-09-09 20:59:12 +0200: Memory Usage (460132K) : metal2_diffprb has 0 polygons
2026-09-09 20:59:12 +0200: Memory Usage (460132K) : baspoly_drw has 0 polygons
2026-09-09 20:59:12 +0200: Memory Usage (460132K) : baspoly_pin has 0 polygons
2026-09-09 20:59:12 +0200: Memory Usage (460292K) : psd_drw has 2 polygons
2026-09-09 20:59:12 +0200: Memory Usage (460292K) : nldb_drw has 0 polygons
2026-09-09 20:59:12 +0200: Memory Usage (460292K) : digibnd_drw has 0 polygons
2026-09-09 20:59:12 +0200: Memory Usage (460452K) : via1_drw has 0 polygons
2026-09-09 20:59:12 +0200: Memory Usage (460452K) : backmetal1_drw has 0 polygons
2026-09-09 20:59:12 +0200: Memory Usage (460452K) : backmetal1_pin has 0 polygons
2026-09-09 20:59:12 +0200: Memory Usage (460612K) : backmetal1_mask has 0 polygons
2026-09-09 20:59:12 +0200: Memory Usage (460612K) : backmetal1_filler has 0 polygons
2026-09-09 20:59:12 +0200: Memory Usage (460612K) : backmetal1_nofill has 0 polygons
2026-09-09 20:59:12 +0200: Memory Usage (460772K) : backmetal1_slit has 0 polygons
2026-09-09 20:59:12 +0200: Memory Usage (460772K) : backmetal1_text has 0 polygons
2026-09-09 20:59:12 +0200: Memory Usage (460772K) : backmetal1_opc has 0 polygons
2026-09-09 20:59:12 +0200: Memory Usage (460932K) : backmetal1_noqrc has 0 polygons
2026-09-09 20:59:12 +0200: Memory Usage (460932K) : backmetal1_res has 0 polygons
2026-09-09 20:59:12 +0200: Memory Usage (461092K) : backmetal1_iprobe has 0 polygons
2026-09-09 20:59:12 +0200: Memory Usage (461092K) : backmetal1_diffprb has 0 polygons
2026-09-09 20:59:12 +0200: Memory Usage (461252K) : backpassiv_drw has 0 polygons
2026-09-09 20:59:12 +0200: Memory Usage (461252K) : res_drw has 0 polygons
2026-09-09 20:59:12 +0200: Memory Usage (461252K) : sram_drw has 0 polygons
2026-09-09 20:59:12 +0200: Memory Usage (461412K) : trans_drw has 0 polygons
2026-09-09 20:59:12 +0200: Memory Usage (461412K) : ind_drw has 0 polygons
2026-09-09 20:59:12 +0200: Memory Usage (461572K) : ind_pin has 0 polygons
2026-09-09 20:59:12 +0200: Memory Usage (461572K) : ind_text has 0 polygons
2026-09-09 20:59:12 +0200: Memory Usage (461572K) : salblock_drw has 0 polygons
2026-09-09 20:59:12 +0200: Memory Usage (461732K) : via2_drw has 0 polygons
2026-09-09 20:59:12 +0200: Memory Usage (461732K) : metal3_drw has 0 polygons
2026-09-09 20:59:12 +0200: Memory Usage (461732K) : metal3_pin has 0 polygons
2026-09-09 20:59:12 +0200: Memory Usage (461892K) : metal3_mask has 0 polygons
2026-09-09 20:59:12 +0200: Memory Usage (461892K) : metal3_filler has 0 polygons
2026-09-09 20:59:12 +0200: Memory Usage (461892K) : metal3_nofill has 0 polygons
2026-09-09 20:59:12 +0200: Memory Usage (462052K) : metal3_slit has 0 polygons
2026-09-09 20:59:12 +0200: Memory Usage (462052K) : metal3_text has 0 polygons
2026-09-09 20:59:12 +0200: Memory Usage (462212K) : metal3_opc has 0 polygons
2026-09-09 20:59:12 +0200: Memory Usage (462212K) : metal3_noqrc has 0 polygons
2026-09-09 20:59:12 +0200: Memory Usage (462212K) : metal3_res has 0 polygons
2026-09-09 20:59:12 +0200: Memory Usage (462372K) : metal3_iprobe has 0 polygons
2026-09-09 20:59:12 +0200: Memory Usage (462372K) : metal3_diffprb has 0 polygons
2026-09-09 20:59:12 +0200: Memory Usage (462372K) : nwell_drw has 1 polygons
2026-09-09 20:59:12 +0200: Memory Usage (462532K) : nwell_pin has 0 polygons
2026-09-09 20:59:12 +0200: Memory Usage (462532K) : nbulay_drw has 0 polygons
2026-09-09 20:59:12 +0200: Memory Usage (462532K) : nbulay_pin has 0 polygons
2026-09-09 20:59:12 +0200: Memory Usage (462532K) : nbulay_block has 0 polygons
2026-09-09 20:59:12 +0200: Memory Usage (462532K) : emwind_drw has 0 polygons
2026-09-09 20:59:12 +0200: Memory Usage (462692K) : emwind_opc has 0 polygons
2026-09-09 20:59:12 +0200: Memory Usage (462692K) : deepco_drw has 0 polygons
2026-09-09 20:59:12 +0200: Memory Usage (462692K) : deepco_drw has 0 polygons
2026-09-09 20:59:12 +0200: Memory Usage (462692K) : mim_drw has 0 polygons
2026-09-09 20:59:12 +0200: Memory Usage (462852K) : edgeseal_drw has 0 polygons
2026-09-09 20:59:12 +0200: Memory Usage (462852K) : edgeseal_bound has 0 polygons
2026-09-09 20:59:12 +0200: Memory Usage (462852K) : substrate_drw has 0 polygons
2026-09-09 20:59:12 +0200: Memory Usage (462852K) : substrate_text has 0 polygons
2026-09-09 20:59:12 +0200: Memory Usage (463012K) : dfpad_drw has 0 polygons
2026-09-09 20:59:12 +0200: Memory Usage (463012K) : dfpad_pillar has 0 polygons
2026-09-09 20:59:12 +0200: Memory Usage (463012K) : dfpad_sbump has 0 polygons
2026-09-09 20:59:12 +0200: Memory Usage (463012K) : thickgateox_drw has 0 polygons
2026-09-09 20:59:12 +0200: Memory Usage (463172K) : pldb_drw has 0 polygons
2026-09-09 20:59:12 +0200: Memory Usage (463172K) : pwell_drw has 0 polygons
2026-09-09 20:59:12 +0200: Memory Usage (463172K) : pwell_pin has 0 polygons
2026-09-09 20:59:12 +0200: Memory Usage (463332K) : pwell_block has 0 polygons
2026-09-09 20:59:12 +0200: Memory Usage (463332K) : ic_drw has 0 polygons
2026-09-09 20:59:12 +0200: Memory Usage (463332K) : via3_drw has 0 polygons
2026-09-09 20:59:12 +0200: Memory Usage (463492K) : metal4_drw has 0 polygons
2026-09-09 20:59:12 +0200: Memory Usage (463492K) : metal4_pin has 0 polygons
2026-09-09 20:59:12 +0200: Memory Usage (463492K) : metal4_mask has 0 polygons
2026-09-09 20:59:12 +0200: Memory Usage (463652K) : metal4_filler has 0 polygons
2026-09-09 20:59:12 +0200: Memory Usage (463652K) : metal4_nofill has 0 polygons
2026-09-09 20:59:12 +0200: Memory Usage (463652K) : metal4_slit has 0 polygons
2026-09-09 20:59:12 +0200: Memory Usage (463812K) : metal4_text has 0 polygons
2026-09-09 20:59:12 +0200: Memory Usage (463812K) : metal4_opc has 0 polygons
2026-09-09 20:59:12 +0200: Memory Usage (463812K) : metal4_noqrc has 0 polygons
2026-09-09 20:59:12 +0200: Memory Usage (463972K) : metal4_res has 0 polygons
2026-09-09 20:59:12 +0200: Memory Usage (463972K) : metal4_iprobe has 0 polygons
2026-09-09 20:59:12 +0200: Memory Usage (463972K) : metal4_diffprb has 0 polygons
2026-09-09 20:59:12 +0200: Memory Usage (464132K) : heattrans_drw has 0 polygons
2026-09-09 20:59:12 +0200: Memory Usage (464132K) : heatres_drw has 0 polygons
2026-09-09 20:59:12 +0200: Memory Usage (464292K) : pempoly_drw has 0 polygons
2026-09-09 20:59:12 +0200: Memory Usage (464292K) : fbe_drw has 0 polygons
2026-09-09 20:59:12 +0200: Memory Usage (464292K) : empoly_drw has 0 polygons
2026-09-09 20:59:12 +0200: Memory Usage (464452K) : ldmos_drw has 0 polygons
2026-09-09 20:59:12 +0200: Memory Usage (464452K) : pbiwind_drw has 0 polygons
2026-09-09 20:59:12 +0200: Memory Usage (464452K) : digisub_drw has 0 polygons
2026-09-09 20:59:12 +0200: Memory Usage (464452K) : nodrc_drw has 0 polygons
2026-09-09 20:59:12 +0200: Memory Usage (464612K) : text_drw has 0 polygons
2026-09-09 20:59:12 +0200: Memory Usage (464612K) : via4_drw has 0 polygons
2026-09-09 20:59:12 +0200: Memory Usage (464612K) : metal5_drw has 0 polygons
2026-09-09 20:59:12 +0200: Memory Usage (464612K) : metal5_pin has 0 polygons
2026-09-09 20:59:12 +0200: Memory Usage (464772K) : metal5_mask has 0 polygons
2026-09-09 20:59:12 +0200: Memory Usage (464772K) : metal5_filler has 0 polygons
2026-09-09 20:59:12 +0200: Memory Usage (464772K) : metal5_nofill has 0 polygons
2026-09-09 20:59:12 +0200: Memory Usage (464772K) : metal5_slit has 0 polygons
2026-09-09 20:59:12 +0200: Memory Usage (464932K) : metal5_text has 0 polygons
2026-09-09 20:59:12 +0200: Memory Usage (464932K) : metal5_opc has 0 polygons
2026-09-09 20:59:12 +0200: Memory Usage (464932K) : metal5_noqrc has 0 polygons
2026-09-09 20:59:12 +0200: Memory Usage (465092K) : metal5_res has 0 polygons
2026-09-09 20:59:12 +0200: Memory Usage (465092K) : metal5_iprobe has 0 polygons
2026-09-09 20:59:12 +0200: Memory Usage (465092K) : metal5_diffprb has 0 polygons
2026-09-09 20:59:12 +0200: Memory Usage (465252K) : radhard_drw has 0 polygons
2026-09-09 20:59:12 +0200: Memory Usage (465252K) : memcap_drw has 0 polygons
2026-09-09 20:59:12 +0200: Memory Usage (465252K) : varicap_drw has 0 polygons
2026-09-09 20:59:12 +0200: Memory Usage (465412K) : flash_drw has 0 polygons
2026-09-09 20:59:12 +0200: Memory Usage (465412K) : intbondvia_drw has 0 polygons
2026-09-09 20:59:12 +0200: Memory Usage (465412K) : intbondmet_drw has 0 polygons
2026-09-09 20:59:12 +0200: Memory Usage (465572K) : devbondvia_drw has 0 polygons
2026-09-09 20:59:12 +0200: Memory Usage (465572K) : devbondmet_drw has 0 polygons
2026-09-09 20:59:12 +0200: Memory Usage (465572K) : devtrench_drw has 0 polygons
2026-09-09 20:59:12 +0200: Memory Usage (465732K) : redist_drw has 0 polygons
2026-09-09 20:59:12 +0200: Memory Usage (465732K) : graphbot_drw has 0 polygons
2026-09-09 20:59:12 +0200: Memory Usage (465732K) : graphtop_drw has 0 polygons
2026-09-09 20:59:12 +0200: Memory Usage (465892K) : antvia1_drw has 0 polygons
2026-09-09 20:59:12 +0200: Memory Usage (465892K) : antmetal2_drw has 0 polygons
2026-09-09 20:59:12 +0200: Memory Usage (465892K) : graphcont_drw has 0 polygons
2026-09-09 20:59:12 +0200: Memory Usage (466052K) : siwg_drw has 0 polygons
2026-09-09 20:59:12 +0200: Memory Usage (466052K) : siwg_filler has 0 polygons
2026-09-09 20:59:12 +0200: Memory Usage (466212K) : siwg_nofill has 0 polygons
2026-09-09 20:59:12 +0200: Memory Usage (466212K) : sigrating_drw has 0 polygons
2026-09-09 20:59:12 +0200: Memory Usage (466212K) : singrating_drw has 0 polygons
2026-09-09 20:59:12 +0200: Memory Usage (466372K) : graphpas_drw has 0 polygons
2026-09-09 20:59:12 +0200: Memory Usage (466372K) : emwind3_drw has 0 polygons
2026-09-09 20:59:12 +0200: Memory Usage (466372K) : emwihv3_drw has 0 polygons
2026-09-09 20:59:12 +0200: Memory Usage (466372K) : redbulay_drw has 0 polygons
2026-09-09 20:59:12 +0200: Memory Usage (466532K) : smos_drw has 0 polygons
2026-09-09 20:59:12 +0200: Memory Usage (466532K) : graphpad_drw has 0 polygons
2026-09-09 20:59:12 +0200: Memory Usage (466532K) : polimide_drw has 0 polygons
2026-09-09 20:59:12 +0200: Memory Usage (466532K) : polimide_pin has 0 polygons
2026-09-09 20:59:12 +0200: Memory Usage (466692K) : recog_drw has 0 polygons
2026-09-09 20:59:12 +0200: Memory Usage (466692K) : recog_pin has 0 polygons
2026-09-09 20:59:12 +0200: Memory Usage (466692K) : recog_esd has 0 polygons
2026-09-09 20:59:12 +0200: Memory Usage (466692K) : recog_diode has 0 polygons
2026-09-09 20:59:12 +0200: Memory Usage (466852K) : recog_tsv has 0 polygons
2026-09-09 20:59:12 +0200: Memory Usage (466852K) : recog_iprobe has 0 polygons
2026-09-09 20:59:12 +0200: Memory Usage (466852K) : recog_diffprb has 0 polygons
2026-09-09 20:59:12 +0200: Memory Usage (467012K) : recog_pillar has 0 polygons
2026-09-09 20:59:12 +0200: Memory Usage (467012K) : recog_sbump has 0 polygons
2026-09-09 20:59:12 +0200: Memory Usage (467012K) : recog_otp has 0 polygons
2026-09-09 20:59:12 +0200: Memory Usage (467172K) : recog_pdiode has 0 polygons
2026-09-09 20:59:12 +0200: Memory Usage (467172K) : recog_mom has 0 polygons
2026-09-09 20:59:12 +0200: Memory Usage (467172K) : recog_pcm has 0 polygons
2026-09-09 20:59:12 +0200: Memory Usage (467332K) : colopen_drw has 0 polygons
2026-09-09 20:59:12 +0200: Memory Usage (467332K) : graphmetal1_drw has 0 polygons
2026-09-09 20:59:12 +0200: Memory Usage (467332K) : graphmetal1_filler has 0 polygons
2026-09-09 20:59:12 +0200: Memory Usage (467492K) : graphmetal1_nofill has 0 polygons
2026-09-09 20:59:12 +0200: Memory Usage (467492K) : graphmetal1_slit has 0 polygons
2026-09-09 20:59:12 +0200: Memory Usage (467492K) : graphmetal1_opc has 0 polygons
2026-09-09 20:59:12 +0200: Memory Usage (467652K) : graphmet1l_drw has 0 polygons
2026-09-09 20:59:12 +0200: Memory Usage (467652K) : graphmet1l_filler has 0 polygons
2026-09-09 20:59:12 +0200: Memory Usage (467652K) : graphmet1l_nofill has 0 polygons
2026-09-09 20:59:12 +0200: Memory Usage (467812K) : graphmet1l_slit has 0 polygons
2026-09-09 20:59:12 +0200: Memory Usage (467812K) : graphmet1l_opc has 0 polygons
2026-09-09 20:59:12 +0200: Memory Usage (467812K) : extblock_drw has 0 polygons
2026-09-09 20:59:12 +0200: Memory Usage (467972K) : nldd_drw has 0 polygons
2026-09-09 20:59:12 +0200: Memory Usage (467972K) : pldd_drw has 0 polygons
2026-09-09 20:59:12 +0200: Memory Usage (467972K) : next_drw has 0 polygons
2026-09-09 20:59:12 +0200: Memory Usage (468132K) : pext_drw has 0 polygons
2026-09-09 20:59:12 +0200: Memory Usage (468132K) : nexthv_drw has 0 polygons
2026-09-09 20:59:12 +0200: Memory Usage (468132K) : pexthv_drw has 0 polygons
2026-09-09 20:59:12 +0200: Memory Usage (468292K) : graphgate_drw has 0 polygons
2026-09-09 20:59:12 +0200: Memory Usage (468292K) : sinwg_drw has 0 polygons
2026-09-09 20:59:12 +0200: Memory Usage (468292K) : sinwg_filler has 0 polygons
2026-09-09 20:59:12 +0200: Memory Usage (468452K) : sinwg_nofill has 0 polygons
2026-09-09 20:59:12 +0200: Memory Usage (468452K) : mempad_drw has 0 polygons
2026-09-09 20:59:12 +0200: Memory Usage (468452K) : topvia1_drw has 0 polygons
2026-09-09 20:59:12 +0200: Memory Usage (468452K) : topmetal1_drw has 0 polygons
2026-09-09 20:59:12 +0200: Memory Usage (468452K) : topmetal1_pin has 0 polygons
2026-09-09 20:59:12 +0200: Memory Usage (468452K) : topmetal1_mask has 0 polygons
2026-09-09 20:59:12 +0200: Memory Usage (468452K) : topmetal1_filler has 0 polygons
2026-09-09 20:59:12 +0200: Memory Usage (468452K) : topmetal1_nofill has 0 polygons
2026-09-09 20:59:12 +0200: Memory Usage (468452K) : topmetal1_slit has 0 polygons
2026-09-09 20:59:12 +0200: Memory Usage (468452K) : topmetal1_text has 0 polygons
2026-09-09 20:59:12 +0200: Memory Usage (468612K) : topmetal1_noqrc has 0 polygons
2026-09-09 20:59:12 +0200: Memory Usage (468612K) : topmetal1_res has 0 polygons
2026-09-09 20:59:12 +0200: Memory Usage (468612K) : topmetal1_iprobe has 0 polygons
2026-09-09 20:59:12 +0200: Memory Usage (468772K) : topmetal1_diffprb has 0 polygons
2026-09-09 20:59:12 +0200: Memory Usage (468772K) : inldpwl_drw has 0 polygons
2026-09-09 20:59:12 +0200: Memory Usage (468772K) : polyres_drw has 0 polygons
2026-09-09 20:59:12 +0200: Memory Usage (468932K) : polyres_pin has 0 polygons
2026-09-09 20:59:12 +0200: Memory Usage (468932K) : vmim_drw has 0 polygons
2026-09-09 20:59:12 +0200: Memory Usage (468932K) : nbulaycut_drw has 0 polygons
2026-09-09 20:59:12 +0200: Memory Usage (469092K) : antmetal1_drw has 0 polygons
2026-09-09 20:59:12 +0200: Memory Usage (469092K) : topvia2_drw has 0 polygons
2026-09-09 20:59:12 +0200: Memory Usage (469092K) : topmetal2_drw has 0 polygons
2026-09-09 20:59:12 +0200: Memory Usage (469252K) : topmetal2_pin has 0 polygons
2026-09-09 20:59:12 +0200: Memory Usage (469252K) : topmetal2_mask has 0 polygons
2026-09-09 20:59:12 +0200: Memory Usage (469252K) : topmetal2_filler has 0 polygons
2026-09-09 20:59:12 +0200: Memory Usage (469412K) : topmetal2_nofill has 0 polygons
2026-09-09 20:59:12 +0200: Memory Usage (469412K) : topmetal2_slit has 0 polygons
2026-09-09 20:59:12 +0200: Memory Usage (469412K) : topmetal2_text has 0 polygons
2026-09-09 20:59:12 +0200: Memory Usage (469572K) : topmetal2_noqrc has 0 polygons
2026-09-09 20:59:12 +0200: Memory Usage (469572K) : topmetal2_res has 0 polygons
2026-09-09 20:59:12 +0200: Memory Usage (469572K) : topmetal2_iprobe has 0 polygons
2026-09-09 20:59:12 +0200: Memory Usage (469732K) : topmetal2_diffprb has 0 polygons
2026-09-09 20:59:12 +0200: Memory Usage (469732K) : snsring_drw has 0 polygons
2026-09-09 20:59:12 +0200: Memory Usage (469732K) : sensor_drw has 0 polygons
2026-09-09 20:59:12 +0200: Memory Usage (469892K) : snsarms_drw has 0 polygons
2026-09-09 20:59:12 +0200: Memory Usage (469892K) : snscmosvia_drw has 0 polygons
2026-09-09 20:59:12 +0200: Memory Usage (469892K) : colwind_drw has 0 polygons
2026-09-09 20:59:12 +0200: Memory Usage (470052K) : flm_drw has 0 polygons
2026-09-09 20:59:12 +0200: Memory Usage (470052K) : hafniumox_drw has 0 polygons
2026-09-09 20:59:12 +0200: Memory Usage (470052K) : memvia_drw has 0 polygons
2026-09-09 20:59:12 +0200: Memory Usage (470212K) : thinfilmres_drw has 0 polygons
2026-09-09 20:59:12 +0200: Memory Usage (470212K) : rfmem_drw has 0 polygons
2026-09-09 20:59:12 +0200: Memory Usage (470212K) : norcx_drw has 0 polygons
2026-09-09 20:59:12 +0200: Memory Usage (470212K) : norcx_m2m3 has 0 polygons
2026-09-09 20:59:12 +0200: Memory Usage (470372K) : norcx_m2m4 has 0 polygons
2026-09-09 20:59:12 +0200: Memory Usage (470372K) : norcx_m2m5 has 0 polygons
2026-09-09 20:59:12 +0200: Memory Usage (470372K) : norcx_m2tm1 has 0 polygons
2026-09-09 20:59:12 +0200: Memory Usage (470532K) : norcx_m2tm2 has 0 polygons
2026-09-09 20:59:12 +0200: Memory Usage (470532K) : norcx_m3m4 has 0 polygons
2026-09-09 20:59:12 +0200: Memory Usage (470532K) : norcx_m3m5 has 0 polygons
2026-09-09 20:59:12 +0200: Memory Usage (470692K) : norcx_m3tm1 has 0 polygons
2026-09-09 20:59:12 +0200: Memory Usage (470692K) : norcx_m3tm2 has 0 polygons
2026-09-09 20:59:12 +0200: Memory Usage (470692K) : norcx_m4m5 has 0 polygons
2026-09-09 20:59:12 +0200: Memory Usage (470852K) : norcx_m4tm1 has 0 polygons
2026-09-09 20:59:12 +0200: Memory Usage (470852K) : norcx_m4tm2 has 0 polygons
2026-09-09 20:59:12 +0200: Memory Usage (470852K) : norcx_m5tm1 has 0 polygons
2026-09-09 20:59:12 +0200: Memory Usage (471012K) : norcx_m5tm2 has 0 polygons
2026-09-09 20:59:12 +0200: Memory Usage (471012K) : norcx_tm1tm2 has 0 polygons
2026-09-09 20:59:12 +0200: Memory Usage (471012K) : norcx_m1sub has 0 polygons
2026-09-09 20:59:12 +0200: Memory Usage (471172K) : norcx_m2sub has 0 polygons
2026-09-09 20:59:12 +0200: Memory Usage (471172K) : norcx_m3sub has 0 polygons
2026-09-09 20:59:12 +0200: Memory Usage (471172K) : norcx_m4sub has 0 polygons
2026-09-09 20:59:12 +0200: Memory Usage (471332K) : norcx_m5sub has 0 polygons
2026-09-09 20:59:12 +0200: Memory Usage (471332K) : norcx_tm1sub has 0 polygons
2026-09-09 20:59:12 +0200: Memory Usage (471332K) : norcx_tm2sub has 0 polygons
2026-09-09 20:59:12 +0200: Memory Usage (471492K) : snsbotvia_drw has 0 polygons
2026-09-09 20:59:12 +0200: Memory Usage (471492K) : snstopvia_drw has 0 polygons
2026-09-09 20:59:12 +0200: Memory Usage (471492K) : deepvia_drw has 0 polygons
2026-09-09 20:59:12 +0200: Memory Usage (471652K) : fgetch_drw has 0 polygons
2026-09-09 20:59:12 +0200: Memory Usage (471652K) : ctrgat_drw has 0 polygons
2026-09-09 20:59:12 +0200: Memory Usage (471652K) : fgimp_drw has 0 polygons
2026-09-09 20:59:12 +0200: Memory Usage (471812K) : emwihv_drw has 0 polygons
2026-09-09 20:59:12 +0200: Memory Usage (471812K) : lbe_drw has 0 polygons
2026-09-09 20:59:12 +0200: Memory Usage (471812K) : alcustop_drw has 0 polygons
2026-09-09 20:59:12 +0200: Memory Usage (471972K) : nometfiller_drw has 0 polygons
2026-09-09 20:59:12 +0200: Memory Usage (471972K) : prboundary_drw has 0 polygons
2026-09-09 20:59:12 +0200: Memory Usage (471972K) : exchange0_drw has 0 polygons
2026-09-09 20:59:12 +0200: Memory Usage (472132K) : exchange0_pin has 0 polygons
2026-09-09 20:59:12 +0200: Memory Usage (472132K) : exchange0_text has 0 polygons
2026-09-09 20:59:12 +0200: Memory Usage (472132K) : exchange1_drw has 0 polygons
2026-09-09 20:59:12 +0200: Memory Usage (472292K) : exchange1_pin has 0 polygons
2026-09-09 20:59:12 +0200: Memory Usage (472292K) : exchange1_text has 0 polygons
2026-09-09 20:59:12 +0200: Memory Usage (472292K) : exchange2_drw has 0 polygons
2026-09-09 20:59:12 +0200: Memory Usage (472452K) : exchange2_pin has 0 polygons
2026-09-09 20:59:12 +0200: Memory Usage (472452K) : exchange2_text has 0 polygons
2026-09-09 20:59:12 +0200: Memory Usage (472452K) : exchange3_drw has 0 polygons
2026-09-09 20:59:12 +0200: Memory Usage (472612K) : exchange3_pin has 0 polygons
2026-09-09 20:59:12 +0200: Memory Usage (472612K) : exchange3_text has 0 polygons
2026-09-09 20:59:12 +0200: Memory Usage (472612K) : exchange4_drw has 0 polygons
2026-09-09 20:59:12 +0200: Memory Usage (472772K) : exchange4_pin has 0 polygons
2026-09-09 20:59:12 +0200: Memory Usage (472772K) : exchange4_text has 0 polygons
2026-09-09 20:59:12 +0200: Memory Usage (472772K) : isonwell_drw has 0 polygons
2026-09-09 20:59:12 +0200: Memory Usage (472772K) : Total no. of polygons in the design is 95
2026-09-09 20:59:12 +0200: Memory Usage (472772K) : Loaded TECH DRC rules values from /foss/pdks/ihp-sg13g2/libs.tech/klayout/python/sg13g2_pycell_lib/sg13g2_tech_mod.json
2026-09-09 20:59:12 +0200: Memory Usage (472772K) : Loaded default DRC rules values from /foss/pdks/ihp-sg13g2/libs.tech/klayout/tech/drc/rule_decks/sg13g2_tech_default.json
2026-09-09 20:59:12 +0200: Memory Usage (472772K) : The following rules values were missing in tech json and default values were used:
2026-09-09 20:59:12 +0200: Memory Usage (472772K) :   - NW_f1_digibnd
2026-09-09 20:59:12 +0200: Memory Usage (472772K) :   - Cnt_c_digibnd
2026-09-09 20:59:12 +0200: Memory Usage (472772K) :   - Cnt_c_sram
2026-09-09 20:59:12 +0200: Memory Usage (472772K) :   - Sdiod_b
2026-09-09 20:59:12 +0200: Memory Usage (472932K) :   - Sdiod_c
2026-09-09 20:59:12 +0200: Memory Usage (473896K) : Total area of the design is 18.9648 um^2.
2026-09-09 20:59:12 +0200: Memory Usage (473896K) : The design dimensions are 4.32 µm * 4.39 µm.
2026-09-09 20:59:12 +0200: Memory Usage (473896K) : Starting general IHP-SG13G2 derivations.
2026-09-09 20:59:12 +0200: Memory Usage (473896K) : Starting Pwell derivations
2026-09-09 20:59:12 +0200: Memory Usage (476248K) : Starting IHP-SG13G2 DRC rules.
2026-09-09 20:59:12 +0200: Memory Usage (476248K) : Starting 3.2. angle table
2026-09-09 20:59:12 +0200: Memory Usage (476248K) : Executing rule activ_drw_Acute
2026-09-09 20:59:12 +0200: Memory Usage (476648K) : Executing rule activ_pin_Acute
2026-09-09 20:59:12 +0200: Memory Usage (476648K) : Executing rule activ_mask_Acute
2026-09-09 20:59:12 +0200: Memory Usage (476648K) : Executing rule activ_filler_Acute
2026-09-09 20:59:12 +0200: Memory Usage (476648K) : Executing rule activ_nofill_Acute
2026-09-09 20:59:12 +0200: Memory Usage (476648K) : Executing rule activ_opc_Acute
2026-09-09 20:59:12 +0200: Memory Usage (476648K) : Executing rule activ_iopc_Acute
2026-09-09 20:59:12 +0200: Memory Usage (476648K) : Executing rule activ_noqrc_Acute
2026-09-09 20:59:12 +0200: Memory Usage (476648K) : Executing rule biwind_drw_Acute
2026-09-09 20:59:12 +0200: Memory Usage (476968K) : Executing rule biwind_opc_Acute
2026-09-09 20:59:12 +0200: Memory Usage (477448K) : Executing rule pemwind_drw_Acute
2026-09-09 20:59:12 +0200: Memory Usage (477928K) : Executing rule gatpoly_drw_Acute
2026-09-09 20:59:12 +0200: Memory Usage (478408K) : Executing rule gatpoly_pin_Acute
2026-09-09 20:59:12 +0200: Memory Usage (478888K) : Executing rule gatpoly_filler_Acute
2026-09-09 20:59:12 +0200: Memory Usage (479528K) : Executing rule gatpoly_nofill_Acute
2026-09-09 20:59:12 +0200: Memory Usage (480008K) : Executing rule gatpoly_opc_Acute
2026-09-09 20:59:12 +0200: Memory Usage (480488K) : Executing rule gatpoly_iopc_Acute
2026-09-09 20:59:12 +0200: Memory Usage (480968K) : Executing rule gatpoly_noqrc_Acute
2026-09-09 20:59:12 +0200: Memory Usage (481448K) : Executing rule cont_drw_Acute
2026-09-09 20:59:12 +0200: Memory Usage (481928K) : Executing rule cont_opc_Acute
2026-09-09 20:59:12 +0200: Memory Usage (482408K) : Executing rule nsd_drw_Acute
2026-09-09 20:59:12 +0200: Memory Usage (482888K) : Executing rule nsd_block_Acute
2026-09-09 20:59:12 +0200: Memory Usage (483368K) : Executing rule metal1_drw_Acute
2026-09-09 20:59:12 +0200: Memory Usage (483368K) : Executing rule metal1_pin_Acute
2026-09-09 20:59:12 +0200: Memory Usage (483368K) : Executing rule metal1_mask_Acute
2026-09-09 20:59:12 +0200: Memory Usage (483368K) : Executing rule metal1_filler_Acute
2026-09-09 20:59:12 +0200: Memory Usage (483368K) : Executing rule metal1_nofill_Acute
2026-09-09 20:59:12 +0200: Memory Usage (483368K) : Executing rule metal1_slit_Acute
2026-09-09 20:59:12 +0200: Memory Usage (483528K) : Executing rule metal1_opc_Acute
2026-09-09 20:59:12 +0200: Memory Usage (484008K) : Executing rule metal1_noqrc_Acute
2026-09-09 20:59:12 +0200: Memory Usage (484328K) : Executing rule metal1_res_Acute
2026-09-09 20:59:12 +0200: Memory Usage (484328K) : Executing rule metal1_iprobe_Acute
2026-09-09 20:59:12 +0200: Memory Usage (484328K) : Executing rule metal1_diffprb_Acute
2026-09-09 20:59:12 +0200: Memory Usage (484328K) : Executing rule passiv_drw_Acute
2026-09-09 20:59:12 +0200: Memory Usage (484328K) : Executing rule passiv_pin_Acute
2026-09-09 20:59:12 +0200: Memory Usage (484328K) : Executing rule passiv_pillar_Acute
2026-09-09 20:59:12 +0200: Memory Usage (484488K) : Executing rule passiv_sbump_Acute
2026-09-09 20:59:12 +0200: Memory Usage (484488K) : Executing rule passiv_pdl_Acute
2026-09-09 20:59:12 +0200: Memory Usage (484488K) : Executing rule metal2_drw_Acute
2026-09-09 20:59:12 +0200: Memory Usage (484488K) : Executing rule metal2_pin_Acute
2026-09-09 20:59:12 +0200: Memory Usage (484488K) : Executing rule metal2_mask_Acute
2026-09-09 20:59:12 +0200: Memory Usage (484488K) : Executing rule metal2_filler_Acute
2026-09-09 20:59:12 +0200: Memory Usage (484488K) : Executing rule metal2_nofill_Acute
2026-09-09 20:59:12 +0200: Memory Usage (484488K) : Executing rule metal2_slit_Acute
2026-09-09 20:59:12 +0200: Memory Usage (484488K) : Executing rule metal2_opc_Acute
2026-09-09 20:59:12 +0200: Memory Usage (484488K) : Executing rule metal2_noqrc_Acute
2026-09-09 20:59:12 +0200: Memory Usage (484488K) : Executing rule metal2_res_Acute
2026-09-09 20:59:12 +0200: Memory Usage (484488K) : Executing rule metal2_iprobe_Acute
2026-09-09 20:59:12 +0200: Memory Usage (484488K) : Executing rule metal2_diffprb_Acute
2026-09-09 20:59:12 +0200: Memory Usage (484808K) : Executing rule baspoly_drw_Acute
2026-09-09 20:59:12 +0200: Memory Usage (485288K) : Executing rule baspoly_pin_Acute
2026-09-09 20:59:12 +0200: Memory Usage (485768K) : Executing rule psd_drw_Acute
2026-09-09 20:59:12 +0200: Memory Usage (486248K) : Executing rule nldb_drw_Acute
2026-09-09 20:59:12 +0200: Memory Usage (486248K) : Executing rule via1_drw_Acute
2026-09-09 20:59:12 +0200: Memory Usage (486248K) : Executing rule backmetal1_drw_Acute
2026-09-09 20:59:12 +0200: Memory Usage (486248K) : Executing rule backmetal1_pin_Acute
2026-09-09 20:59:12 +0200: Memory Usage (486248K) : Executing rule backmetal1_mask_Acute
2026-09-09 20:59:12 +0200: Memory Usage (486248K) : Executing rule backmetal1_filler_Acute
2026-09-09 20:59:12 +0200: Memory Usage (486248K) : Executing rule backmetal1_nofill_Acute
2026-09-09 20:59:12 +0200: Memory Usage (486568K) : Executing rule backmetal1_slit_Acute
2026-09-09 20:59:12 +0200: Memory Usage (486888K) : Executing rule backmetal1_opc_Acute
2026-09-09 20:59:12 +0200: Memory Usage (486888K) : Executing rule backmetal1_noqrc_Acute
2026-09-09 20:59:12 +0200: Memory Usage (486888K) : Executing rule backmetal1_res_Acute
2026-09-09 20:59:12 +0200: Memory Usage (486888K) : Executing rule backmetal1_iprobe_Acute
2026-09-09 20:59:12 +0200: Memory Usage (486888K) : Executing rule backmetal1_diffprb_Acute
2026-09-09 20:59:12 +0200: Memory Usage (486888K) : Executing rule backpassiv_drw_Acute
2026-09-09 20:59:12 +0200: Memory Usage (486888K) : Executing rule salblock_drw_Acute
2026-09-09 20:59:13 +0200: Memory Usage (486888K) : Executing rule via2_drw_Acute
2026-09-09 20:59:13 +0200: Memory Usage (486888K) : Executing rule metal3_drw_Acute
2026-09-09 20:59:13 +0200: Memory Usage (486888K) : Executing rule metal3_pin_Acute
2026-09-09 20:59:13 +0200: Memory Usage (486888K) : Executing rule metal3_mask_Acute
2026-09-09 20:59:13 +0200: Memory Usage (486888K) : Executing rule metal3_filler_Acute
2026-09-09 20:59:13 +0200: Memory Usage (486888K) : Executing rule metal3_nofill_Acute
2026-09-09 20:59:13 +0200: Memory Usage (486888K) : Executing rule metal3_slit_Acute
2026-09-09 20:59:13 +0200: Memory Usage (486888K) : Executing rule metal3_opc_Acute
2026-09-09 20:59:13 +0200: Memory Usage (487048K) : Executing rule metal3_noqrc_Acute
2026-09-09 20:59:13 +0200: Memory Usage (487528K) : Executing rule metal3_res_Acute
2026-09-09 20:59:13 +0200: Memory Usage (488008K) : Executing rule metal3_iprobe_Acute
2026-09-09 20:59:13 +0200: Memory Usage (488328K) : Executing rule metal3_diffprb_Acute
2026-09-09 20:59:13 +0200: Memory Usage (488808K) : Executing rule nwell_drw_Acute
2026-09-09 20:59:13 +0200: Memory Usage (489288K) : Executing rule nwell_pin_Acute
2026-09-09 20:59:13 +0200: Memory Usage (489768K) : Executing rule nbulay_drw_Acute
2026-09-09 20:59:13 +0200: Memory Usage (490248K) : Executing rule nbulay_pin_Acute
2026-09-09 20:59:13 +0200: Memory Usage (490728K) : Executing rule nbulay_block_Acute
2026-09-09 20:59:13 +0200: Memory Usage (491208K) : Executing rule pwell_drw_Acute
2026-09-09 20:59:13 +0200: Memory Usage (491688K) : Executing rule pwell_pin_Acute
2026-09-09 20:59:13 +0200: Memory Usage (491848K) : Executing rule pwell_block_Acute
2026-09-09 20:59:13 +0200: Memory Usage (491848K) : Executing rule emwind_drw_Acute
2026-09-09 20:59:13 +0200: Memory Usage (491848K) : Executing rule emwind_opc_Acute
2026-09-09 20:59:13 +0200: Memory Usage (491848K) : Executing rule deepco_drw_Acute
2026-09-09 20:59:13 +0200: Memory Usage (491848K) : Executing rule mim_drw_Acute
2026-09-09 20:59:13 +0200: Memory Usage (491848K) : Executing rule substrate_drw_Acute
2026-09-09 20:59:13 +0200: Memory Usage (491848K) : Executing rule ic_drw_Acute
2026-09-09 20:59:13 +0200: Memory Usage (491848K) : Executing rule via3_drw_Acute
2026-09-09 20:59:13 +0200: Memory Usage (491848K) : Executing rule pldb_drw_Acute
2026-09-09 20:59:13 +0200: Memory Usage (491848K) : Executing rule metal4_drw_Acute
2026-09-09 20:59:13 +0200: Memory Usage (491848K) : Executing rule metal4_pin_Acute
2026-09-09 20:59:13 +0200: Memory Usage (491848K) : Executing rule metal4_mask_Acute
2026-09-09 20:59:13 +0200: Memory Usage (491848K) : Executing rule metal4_filler_Acute
2026-09-09 20:59:13 +0200: Memory Usage (491848K) : Executing rule metal4_nofill_Acute
2026-09-09 20:59:13 +0200: Memory Usage (491848K) : Executing rule metal4_slit_Acute
2026-09-09 20:59:13 +0200: Memory Usage (491848K) : Executing rule metal4_opc_Acute
2026-09-09 20:59:13 +0200: Memory Usage (491848K) : Executing rule metal4_noqrc_Acute
2026-09-09 20:59:13 +0200: Memory Usage (491848K) : Executing rule metal4_res_Acute
2026-09-09 20:59:13 +0200: Memory Usage (491848K) : Executing rule metal4_iprobe_Acute
2026-09-09 20:59:13 +0200: Memory Usage (491848K) : Executing rule metal4_diffprb_Acute
2026-09-09 20:59:13 +0200: Memory Usage (491848K) : Executing rule via4_drw_Acute
2026-09-09 20:59:13 +0200: Memory Usage (491848K) : Executing rule metal5_drw_Acute
2026-09-09 20:59:13 +0200: Memory Usage (491848K) : Executing rule metal5_pin_Acute
2026-09-09 20:59:13 +0200: Memory Usage (491848K) : Executing rule metal5_mask_Acute
2026-09-09 20:59:13 +0200: Memory Usage (491848K) : Executing rule metal5_filler_Acute
2026-09-09 20:59:13 +0200: Memory Usage (491848K) : Executing rule metal5_nofill_Acute
2026-09-09 20:59:13 +0200: Memory Usage (491848K) : Executing rule metal5_slit_Acute
2026-09-09 20:59:13 +0200: Memory Usage (491848K) : Executing rule metal5_opc_Acute
2026-09-09 20:59:13 +0200: Memory Usage (491848K) : Executing rule metal5_noqrc_Acute
2026-09-09 20:59:13 +0200: Memory Usage (491848K) : Executing rule metal5_res_Acute
2026-09-09 20:59:13 +0200: Memory Usage (491848K) : Executing rule metal5_iprobe_Acute
2026-09-09 20:59:13 +0200: Memory Usage (491848K) : Executing rule metal5_diffprb_Acute
2026-09-09 20:59:13 +0200: Memory Usage (491848K) : Executing rule prboundary_drw_Acute
2026-09-09 20:59:13 +0200: Memory Usage (491848K) : Executing rule exchange0_drw_Acute
2026-09-09 20:59:13 +0200: Memory Usage (491848K) : Executing rule exchange0_pin_Acute
2026-09-09 20:59:13 +0200: Memory Usage (491848K) : Executing rule exchange1_drw_Acute
2026-09-09 20:59:13 +0200: Memory Usage (491848K) : Executing rule exchange1_pin_Acute
2026-09-09 20:59:13 +0200: Memory Usage (491848K) : Executing rule exchange2_drw_Acute
2026-09-09 20:59:13 +0200: Memory Usage (491848K) : Executing rule exchange2_pin_Acute
2026-09-09 20:59:13 +0200: Memory Usage (491848K) : Executing rule exchange3_drw_Acute
2026-09-09 20:59:13 +0200: Memory Usage (491848K) : Executing rule exchange3_pin_Acute
2026-09-09 20:59:13 +0200: Memory Usage (491848K) : Executing rule exchange4_drw_Acute
2026-09-09 20:59:13 +0200: Memory Usage (491848K) : Executing rule exchange4_pin_Acute
2026-09-09 20:59:13 +0200: Memory Usage (491848K) : Executing rule isonwell_drw_Acute
2026-09-09 20:59:13 +0200: Memory Usage (491848K) : Executing rule thickgateox_drw_Acute
2026-09-09 20:59:13 +0200: Memory Usage (491848K) : Executing rule pempoly_drw_Acute
2026-09-09 20:59:13 +0200: Memory Usage (491848K) : Executing rule fbe_drw_Acute
2026-09-09 20:59:13 +0200: Memory Usage (491848K) : Executing rule empoly_drw_Acute
2026-09-09 20:59:13 +0200: Memory Usage (491848K) : Executing rule ldmos_drw_Acute
2026-09-09 20:59:13 +0200: Memory Usage (491848K) : Executing rule pbiwind_drw_Acute
2026-09-09 20:59:13 +0200: Memory Usage (491848K) : Executing rule colopen_drw_Acute
2026-09-09 20:59:13 +0200: Memory Usage (491848K) : Executing rule extblock_drw_Acute
2026-09-09 20:59:13 +0200: Memory Usage (491848K) : Executing rule nldd_drw_Acute
2026-09-09 20:59:13 +0200: Memory Usage (491848K) : Executing rule pldd_drw_Acute
2026-09-09 20:59:13 +0200: Memory Usage (491848K) : Executing rule next_drw_Acute
2026-09-09 20:59:13 +0200: Memory Usage (491848K) : Executing rule pext_drw_Acute
2026-09-09 20:59:13 +0200: Memory Usage (491848K) : Executing rule nexthv_drw_Acute
2026-09-09 20:59:13 +0200: Memory Usage (491848K) : Executing rule pexthv_drw_Acute
2026-09-09 20:59:13 +0200: Memory Usage (491848K) : Executing rule graphgate_drw_Acute
2026-09-09 20:59:13 +0200: Memory Usage (491848K) : Executing rule mempad_drw_Acute
2026-09-09 20:59:13 +0200: Memory Usage (491848K) : Executing rule topvia1_drw_Acute
2026-09-09 20:59:13 +0200: Memory Usage (491848K) : Executing rule topmetal1_drw_Acute
2026-09-09 20:59:13 +0200: Memory Usage (491848K) : Executing rule topmetal1_pin_Acute
2026-09-09 20:59:13 +0200: Memory Usage (491848K) : Executing rule topmetal1_mask_Acute
2026-09-09 20:59:13 +0200: Memory Usage (491848K) : Executing rule topmetal1_filler_Acute
2026-09-09 20:59:13 +0200: Memory Usage (491848K) : Executing rule topmetal1_nofill_Acute
2026-09-09 20:59:13 +0200: Memory Usage (491848K) : Executing rule topmetal1_slit_Acute
2026-09-09 20:59:13 +0200: Memory Usage (491848K) : Executing rule topmetal1_noqrc_Acute
2026-09-09 20:59:13 +0200: Memory Usage (491848K) : Executing rule topmetal1_res_Acute
2026-09-09 20:59:13 +0200: Memory Usage (491848K) : Executing rule topmetal1_iprobe_Acute
2026-09-09 20:59:13 +0200: Memory Usage (491848K) : Executing rule topmetal1_diffprb_Acute
2026-09-09 20:59:13 +0200: Memory Usage (491848K) : Executing rule inldpwl_drw_Acute
2026-09-09 20:59:13 +0200: Memory Usage (491848K) : Executing rule polyres_drw_Acute
2026-09-09 20:59:13 +0200: Memory Usage (491848K) : Executing rule polyres_pin_Acute
2026-09-09 20:59:13 +0200: Memory Usage (491848K) : Executing rule vmim_drw_Acute
2026-09-09 20:59:13 +0200: Memory Usage (491848K) : Executing rule nbulaycut_drw_Acute
2026-09-09 20:59:13 +0200: Memory Usage (491848K) : Executing rule antmetal1_drw_Acute
2026-09-09 20:59:13 +0200: Memory Usage (491848K) : Executing rule topvia2_drw_Acute
2026-09-09 20:59:13 +0200: Memory Usage (491848K) : Executing rule topmetal2_drw_Acute
2026-09-09 20:59:13 +0200: Memory Usage (491848K) : Executing rule topmetal2_pin_Acute
2026-09-09 20:59:13 +0200: Memory Usage (491848K) : Executing rule topmetal2_mask_Acute
2026-09-09 20:59:13 +0200: Memory Usage (491848K) : Executing rule topmetal2_filler_Acute
2026-09-09 20:59:13 +0200: Memory Usage (491848K) : Executing rule topmetal2_nofill_Acute
2026-09-09 20:59:13 +0200: Memory Usage (491848K) : Executing rule topmetal2_slit_Acute
2026-09-09 20:59:13 +0200: Memory Usage (491848K) : Executing rule topmetal2_noqrc_Acute
2026-09-09 20:59:13 +0200: Memory Usage (491848K) : Executing rule topmetal2_res_Acute
2026-09-09 20:59:13 +0200: Memory Usage (491848K) : Executing rule topmetal2_iprobe_Acute
2026-09-09 20:59:13 +0200: Memory Usage (491848K) : Executing rule topmetal2_diffprb_Acute
2026-09-09 20:59:13 +0200: Memory Usage (491848K) : Executing rule snsring_drw_Acute
2026-09-09 20:59:13 +0200: Memory Usage (491848K) : Executing rule sensor_drw_Acute
2026-09-09 20:59:13 +0200: Memory Usage (491848K) : Executing rule snsarms_drw_Acute
2026-09-09 20:59:13 +0200: Memory Usage (491848K) : Executing rule snscmosvia_drw_Acute
2026-09-09 20:59:13 +0200: Memory Usage (491848K) : Executing rule colwind_drw_Acute
2026-09-09 20:59:13 +0200: Memory Usage (491848K) : Executing rule flm_drw_Acute
2026-09-09 20:59:13 +0200: Memory Usage (491848K) : Executing rule hafniumox_drw_Acute
2026-09-09 20:59:13 +0200: Memory Usage (491848K) : Executing rule memvia_drw_Acute
2026-09-09 20:59:13 +0200: Memory Usage (491848K) : Executing rule thinfilmres_drw_Acute
2026-09-09 20:59:13 +0200: Memory Usage (491848K) : Executing rule rfmem_drw_Acute
2026-09-09 20:59:13 +0200: Memory Usage (491848K) : Executing rule snsbotvia_drw_Acute
2026-09-09 20:59:13 +0200: Memory Usage (491848K) : Executing rule snstopvia_drw_Acute
2026-09-09 20:59:13 +0200: Memory Usage (491848K) : Executing rule deepvia_drw_Acute
2026-09-09 20:59:13 +0200: Memory Usage (491848K) : Executing rule fgetch_drw_Acute
2026-09-09 20:59:13 +0200: Memory Usage (491848K) : Executing rule ctrgat_drw_Acute
2026-09-09 20:59:13 +0200: Memory Usage (491848K) : Executing rule fgimp_drw_Acute
2026-09-09 20:59:13 +0200: Memory Usage (491848K) : Executing rule emwihv_drw_Acute
2026-09-09 20:59:13 +0200: Memory Usage (491848K) : Executing rule lbe_drw_Acute
2026-09-09 20:59:13 +0200: Memory Usage (491848K) : Executing rule alcustop_drw_Acute
2026-09-09 20:59:13 +0200: Memory Usage (491848K) : Executing rule cont_drw_Angle90
2026-09-09 20:59:13 +0200: Memory Usage (492584K) : Executing rule via1_drw_Angle90
2026-09-09 20:59:13 +0200: Memory Usage (492584K) : Executing rule via2_drw_Angle90
2026-09-09 20:59:13 +0200: Memory Usage (492584K) : Executing rule via3_drw_Angle90
2026-09-09 20:59:13 +0200: Memory Usage (492584K) : Executing rule via4_drw_Angle90
2026-09-09 20:59:13 +0200: Memory Usage (492584K) : Executing rule vmim_drw_Angle90
2026-09-09 20:59:13 +0200: Memory Usage (492584K) : Executing rule topvia1_drw_Angle90
2026-09-09 20:59:13 +0200: Memory Usage (492584K) : Executing rule topvia2_drw_Angle90
2026-09-09 20:59:13 +0200: Memory Usage (492584K) : Executing rule gatpoly_drw_Angle45
2026-09-09 20:59:13 +0200: Memory Usage (492744K) : Executing rule activ_drw_Angle45
2026-09-09 20:59:13 +0200: Memory Usage (492744K) : Executing rule metal1_drw_Angle45
2026-09-09 20:59:13 +0200: Memory Usage (492904K) : Executing rule metal2_drw_Angle45
2026-09-09 20:59:13 +0200: Memory Usage (492904K) : Executing rule metal3_drw_Angle45
2026-09-09 20:59:13 +0200: Memory Usage (492904K) : Executing rule metal4_drw_Angle45
2026-09-09 20:59:13 +0200: Memory Usage (492904K) : Executing rule metal5_drw_Angle45
2026-09-09 20:59:13 +0200: Memory Usage (492904K) : Executing rule topmetal1_drw_Angle45
2026-09-09 20:59:13 +0200: Memory Usage (492904K) : Executing rule topmetal2_drw_Angle45
2026-09-09 20:59:13 +0200: Memory Usage (492904K) : KLayout DRC run for tables 'angle' completed in 0.66 seconds
