# Logfile created on 2026-09-09 20:59:07 +0200 by logger.rb/v1.5.3
2026-09-09 20:59:07 +0200: Memory Usage (455960K) : Starting running IHP-SG13G2 KLayout DRC runset on /foss/designs/aion_chip/flow/regress/AION_a21oi_nor2_1/AION_a21oi_nor2_1.gds
2026-09-09 20:59:07 +0200: Memory Usage (455960K) : Ruby Version for klayout: 3.2.3
2026-09-09 20:59:07 +0200: Memory Usage (456756K) : Loading database to memory is complete.
2026-09-09 20:59:07 +0200: Memory Usage (456756K) : IHP-SG13G2 KLayout DRC runset output at: /foss/designs/aion_chip/flow/regress/AION_a21oi_nor2_1/drc/AION_a21oi_nor2_1.klayout.drc/AION_a21oi_nor2_1_AION_a21oi_nor2_1_gatpolyfiller.lyrdb
2026-09-09 20:59:07 +0200: Memory Usage (456948K) : Evaluate switches.
2026-09-09 20:59:07 +0200: Memory Usage (456948K) : tables selected: gatpolyfiller
2026-09-09 20:59:07 +0200: Memory Usage (456948K) : KLayout will use 15 thread(s) in tiling mode.
2026-09-09 20:59:07 +0200: Memory Usage (456948K) : deep mode is enabled.
2026-09-09 20:59:07 +0200: Memory Usage (456948K) : FEOL enabled: false
2026-09-09 20:59:07 +0200: Memory Usage (456948K) : BEOL enabled: false
2026-09-09 20:59:07 +0200: Memory Usage (456948K) : OFFGRID enabled: true
2026-09-09 20:59:07 +0200: Memory Usage (456948K) : ANGLE enabled: true
2026-09-09 20:59:07 +0200: Memory Usage (456948K) : PIN enabled: false
2026-09-09 20:59:07 +0200: Memory Usage (456948K) : FORBIDDEN enabled: false
2026-09-09 20:59:07 +0200: Memory Usage (456948K) : RECOMMENDED enabled: true
2026-09-09 20:59:07 +0200: Memory Usage (456948K) : PreCheck DRC enabled: false
2026-09-09 20:59:07 +0200: Memory Usage (456948K) : CONNECTIVITY_RULES enabled: false.
2026-09-09 20:59:07 +0200: Memory Usage (456948K) : Read in polygons from layers.
2026-09-09 20:59:07 +0200: Memory Usage (457912K) : activ_drw has 5 polygons
2026-09-09 20:59:07 +0200: Memory Usage (457912K) : activ_pin has 0 polygons
2026-09-09 20:59:07 +0200: Memory Usage (457912K) : activ_mask has 0 polygons
2026-09-09 20:59:07 +0200: Memory Usage (457912K) : activ_filler has 0 polygons
2026-09-09 20:59:07 +0200: Memory Usage (457912K) : activ_nofill has 0 polygons
2026-09-09 20:59:07 +0200: Memory Usage (457912K) : activ_opc has 0 polygons
2026-09-09 20:59:07 +0200: Memory Usage (457912K) : activ_iopc has 0 polygons
2026-09-09 20:59:07 +0200: Memory Usage (457912K) : activ_noqrc has 0 polygons
2026-09-09 20:59:07 +0200: Memory Usage (457912K) : biwind_drw has 0 polygons
2026-09-09 20:59:07 +0200: Memory Usage (457912K) : biwind_opc has 0 polygons
2026-09-09 20:59:07 +0200: Memory Usage (457912K) : pemwind_drw has 0 polygons
2026-09-09 20:59:07 +0200: Memory Usage (457912K) : gatpoly_drw has 10 polygons
2026-09-09 20:59:07 +0200: Memory Usage (457912K) : gatpoly_pin has 0 polygons
2026-09-09 20:59:07 +0200: Memory Usage (457912K) : gatpoly_filler has 0 polygons
2026-09-09 20:59:07 +0200: Memory Usage (458072K) : gatpoly_nofill has 0 polygons
2026-09-09 20:59:07 +0200: Memory Usage (458072K) : gatpoly_opc has 0 polygons
2026-09-09 20:59:07 +0200: Memory Usage (458072K) : gatpoly_iopc has 0 polygons
2026-09-09 20:59:07 +0200: Memory Usage (458072K) : gatpoly_noqrc has 0 polygons
2026-09-09 20:59:07 +0200: Memory Usage (458072K) : cont_drw has 40 polygons
2026-09-09 20:59:07 +0200: Memory Usage (458232K) : cont_opc has 0 polygons
2026-09-09 20:59:07 +0200: Memory Usage (458232K) : nsd_drw has 0 polygons
2026-09-09 20:59:07 +0200: Memory Usage (458232K) : nsd_block has 0 polygons
2026-09-09 20:59:07 +0200: Memory Usage (458232K) : metal1_drw has 23 polygons
2026-09-09 20:59:07 +0200: Memory Usage (458232K) : metal1_pin has 7 polygons
2026-09-09 20:59:07 +0200: Memory Usage (458232K) : metal1_mask has 0 polygons
2026-09-09 20:59:07 +0200: Memory Usage (458232K) : metal1_filler has 0 polygons
2026-09-09 20:59:07 +0200: Memory Usage (458392K) : metal1_nofill has 0 polygons
2026-09-09 20:59:07 +0200: Memory Usage (458392K) : metal1_slit has 0 polygons
2026-09-09 20:59:07 +0200: Memory Usage (458584K) : metal1_text has 7 polygons
2026-09-09 20:59:07 +0200: Memory Usage (458744K) : metal1_opc has 0 polygons
2026-09-09 20:59:07 +0200: Memory Usage (458744K) : metal1_noqrc has 0 polygons
2026-09-09 20:59:07 +0200: Memory Usage (458744K) : metal1_res has 0 polygons
2026-09-09 20:59:07 +0200: Memory Usage (458904K) : metal1_iprobe has 0 polygons
2026-09-09 20:59:07 +0200: Memory Usage (458904K) : metal1_diffprb has 0 polygons
2026-09-09 20:59:07 +0200: Memory Usage (458904K) : passiv_drw has 0 polygons
2026-09-09 20:59:07 +0200: Memory Usage (459064K) : passiv_pin has 0 polygons
2026-09-09 20:59:07 +0200: Memory Usage (459064K) : passiv_sbump has 0 polygons
2026-09-09 20:59:07 +0200: Memory Usage (459064K) : passiv_pillar has 0 polygons
2026-09-09 20:59:07 +0200: Memory Usage (459224K) : passiv_pdl has 0 polygons
2026-09-09 20:59:07 +0200: Memory Usage (459224K) : metal2_drw has 0 polygons
2026-09-09 20:59:07 +0200: Memory Usage (459224K) : metal2_pin has 0 polygons
2026-09-09 20:59:07 +0200: Memory Usage (459224K) : metal2_mask has 0 polygons
2026-09-09 20:59:07 +0200: Memory Usage (459224K) : metal2_filler has 0 polygons
2026-09-09 20:59:07 +0200: Memory Usage (459224K) : metal2_nofill has 0 polygons
2026-09-09 20:59:07 +0200: Memory Usage (459224K) : metal2_slit has 0 polygons
2026-09-09 20:59:07 +0200: Memory Usage (459224K) : metal2_text has 0 polygons
2026-09-09 20:59:07 +0200: Memory Usage (459224K) : metal2_opc has 0 polygons
2026-09-09 20:59:07 +0200: Memory Usage (459384K) : metal2_noqrc has 0 polygons
2026-09-09 20:59:07 +0200: Memory Usage (459384K) : metal2_res has 0 polygons
2026-09-09 20:59:07 +0200: Memory Usage (459384K) : metal2_iprobe has 0 polygons
2026-09-09 20:59:07 +0200: Memory Usage (459384K) : metal2_diffprb has 0 polygons
2026-09-09 20:59:07 +0200: Memory Usage (459544K) : baspoly_drw has 0 polygons
2026-09-09 20:59:07 +0200: Memory Usage (459544K) : baspoly_pin has 0 polygons
2026-09-09 20:59:07 +0200: Memory Usage (459544K) : psd_drw has 2 polygons
2026-09-09 20:59:07 +0200: Memory Usage (459544K) : nldb_drw has 0 polygons
2026-09-09 20:59:07 +0200: Memory Usage (459704K) : digibnd_drw has 0 polygons
2026-09-09 20:59:07 +0200: Memory Usage (459704K) : via1_drw has 0 polygons
2026-09-09 20:59:07 +0200: Memory Usage (459704K) : backmetal1_drw has 0 polygons
2026-09-09 20:59:07 +0200: Memory Usage (459864K) : backmetal1_pin has 0 polygons
2026-09-09 20:59:07 +0200: Memory Usage (459864K) : backmetal1_mask has 0 polygons
2026-09-09 20:59:07 +0200: Memory Usage (459864K) : backmetal1_filler has 0 polygons
2026-09-09 20:59:07 +0200: Memory Usage (460024K) : backmetal1_nofill has 0 polygons
2026-09-09 20:59:07 +0200: Memory Usage (460024K) : backmetal1_slit has 0 polygons
2026-09-09 20:59:07 +0200: Memory Usage (460024K) : backmetal1_text has 0 polygons
2026-09-09 20:59:07 +0200: Memory Usage (460184K) : backmetal1_opc has 0 polygons
2026-09-09 20:59:07 +0200: Memory Usage (460184K) : backmetal1_noqrc has 0 polygons
2026-09-09 20:59:07 +0200: Memory Usage (460344K) : backmetal1_res has 0 polygons
2026-09-09 20:59:07 +0200: Memory Usage (460344K) : backmetal1_iprobe has 0 polygons
2026-09-09 20:59:07 +0200: Memory Usage (460504K) : backmetal1_diffprb has 0 polygons
2026-09-09 20:59:07 +0200: Memory Usage (460504K) : backpassiv_drw has 0 polygons
2026-09-09 20:59:07 +0200: Memory Usage (460664K) : res_drw has 0 polygons
2026-09-09 20:59:07 +0200: Memory Usage (460664K) : sram_drw has 0 polygons
2026-09-09 20:59:07 +0200: Memory Usage (460664K) : trans_drw has 0 polygons
2026-09-09 20:59:07 +0200: Memory Usage (460824K) : ind_drw has 0 polygons
2026-09-09 20:59:07 +0200: Memory Usage (460824K) : ind_pin has 0 polygons
2026-09-09 20:59:07 +0200: Memory Usage (460824K) : ind_text has 0 polygons
2026-09-09 20:59:07 +0200: Memory Usage (460984K) : salblock_drw has 0 polygons
2026-09-09 20:59:07 +0200: Memory Usage (460984K) : via2_drw has 0 polygons
2026-09-09 20:59:07 +0200: Memory Usage (460984K) : metal3_drw has 0 polygons
2026-09-09 20:59:07 +0200: Memory Usage (461144K) : metal3_pin has 0 polygons
2026-09-09 20:59:07 +0200: Memory Usage (461144K) : metal3_mask has 0 polygons
2026-09-09 20:59:07 +0200: Memory Usage (461144K) : metal3_filler has 0 polygons
2026-09-09 20:59:07 +0200: Memory Usage (461304K) : metal3_nofill has 0 polygons
2026-09-09 20:59:07 +0200: Memory Usage (461304K) : metal3_slit has 0 polygons
2026-09-09 20:59:07 +0200: Memory Usage (461304K) : metal3_text has 0 polygons
2026-09-09 20:59:07 +0200: Memory Usage (461464K) : metal3_opc has 0 polygons
2026-09-09 20:59:07 +0200: Memory Usage (461464K) : metal3_noqrc has 0 polygons
2026-09-09 20:59:07 +0200: Memory Usage (461624K) : metal3_res has 0 polygons
2026-09-09 20:59:07 +0200: Memory Usage (461624K) : metal3_iprobe has 0 polygons
2026-09-09 20:59:07 +0200: Memory Usage (461624K) : metal3_diffprb has 0 polygons
2026-09-09 20:59:07 +0200: Memory Usage (461784K) : nwell_drw has 1 polygons
2026-09-09 20:59:07 +0200: Memory Usage (461784K) : nwell_pin has 0 polygons
2026-09-09 20:59:07 +0200: Memory Usage (461784K) : nbulay_drw has 0 polygons
2026-09-09 20:59:07 +0200: Memory Usage (461944K) : nbulay_pin has 0 polygons
2026-09-09 20:59:07 +0200: Memory Usage (461944K) : nbulay_block has 0 polygons
2026-09-09 20:59:07 +0200: Memory Usage (461944K) : emwind_drw has 0 polygons
2026-09-09 20:59:07 +0200: Memory Usage (461944K) : emwind_opc has 0 polygons
2026-09-09 20:59:07 +0200: Memory Usage (461944K) : deepco_drw has 0 polygons
2026-09-09 20:59:07 +0200: Memory Usage (462104K) : deepco_drw has 0 polygons
2026-09-09 20:59:07 +0200: Memory Usage (462104K) : mim_drw has 0 polygons
2026-09-09 20:59:07 +0200: Memory Usage (462104K) : edgeseal_drw has 0 polygons
2026-09-09 20:59:07 +0200: Memory Usage (462104K) : edgeseal_bound has 0 polygons
2026-09-09 20:59:07 +0200: Memory Usage (462264K) : substrate_drw has 0 polygons
2026-09-09 20:59:07 +0200: Memory Usage (462264K) : substrate_text has 0 polygons
2026-09-09 20:59:07 +0200: Memory Usage (462264K) : dfpad_drw has 0 polygons
2026-09-09 20:59:07 +0200: Memory Usage (462264K) : dfpad_pillar has 0 polygons
2026-09-09 20:59:07 +0200: Memory Usage (462424K) : dfpad_sbump has 0 polygons
2026-09-09 20:59:07 +0200: Memory Usage (462424K) : thickgateox_drw has 0 polygons
2026-09-09 20:59:07 +0200: Memory Usage (462424K) : pldb_drw has 0 polygons
2026-09-09 20:59:07 +0200: Memory Usage (462584K) : pwell_drw has 0 polygons
2026-09-09 20:59:07 +0200: Memory Usage (462584K) : pwell_pin has 0 polygons
2026-09-09 20:59:07 +0200: Memory Usage (462584K) : pwell_block has 0 polygons
2026-09-09 20:59:07 +0200: Memory Usage (462744K) : ic_drw has 0 polygons
2026-09-09 20:59:07 +0200: Memory Usage (462744K) : via3_drw has 0 polygons
2026-09-09 20:59:07 +0200: Memory Usage (462744K) : metal4_drw has 0 polygons
2026-09-09 20:59:07 +0200: Memory Usage (462904K) : metal4_pin has 0 polygons
2026-09-09 20:59:07 +0200: Memory Usage (462904K) : metal4_mask has 0 polygons
2026-09-09 20:59:07 +0200: Memory Usage (462904K) : metal4_filler has 0 polygons
2026-09-09 20:59:07 +0200: Memory Usage (462904K) : metal4_nofill has 0 polygons
2026-09-09 20:59:07 +0200: Memory Usage (463064K) : metal4_slit has 0 polygons
2026-09-09 20:59:07 +0200: Memory Usage (463064K) : metal4_text has 0 polygons
2026-09-09 20:59:07 +0200: Memory Usage (463224K) : metal4_opc has 0 polygons
2026-09-09 20:59:07 +0200: Memory Usage (463224K) : metal4_noqrc has 0 polygons
2026-09-09 20:59:07 +0200: Memory Usage (463224K) : metal4_res has 0 polygons
2026-09-09 20:59:07 +0200: Memory Usage (463384K) : metal4_iprobe has 0 polygons
2026-09-09 20:59:07 +0200: Memory Usage (463384K) : metal4_diffprb has 0 polygons
2026-09-09 20:59:07 +0200: Memory Usage (463384K) : heattrans_drw has 0 polygons
2026-09-09 20:59:07 +0200: Memory Usage (463544K) : heatres_drw has 0 polygons
2026-09-09 20:59:07 +0200: Memory Usage (463544K) : pempoly_drw has 0 polygons
2026-09-09 20:59:07 +0200: Memory Usage (463544K) : fbe_drw has 0 polygons
2026-09-09 20:59:07 +0200: Memory Usage (463704K) : empoly_drw has 0 polygons
2026-09-09 20:59:07 +0200: Memory Usage (463704K) : ldmos_drw has 0 polygons
2026-09-09 20:59:07 +0200: Memory Usage (463704K) : pbiwind_drw has 0 polygons
2026-09-09 20:59:07 +0200: Memory Usage (463864K) : digisub_drw has 0 polygons
2026-09-09 20:59:07 +0200: Memory Usage (463864K) : nodrc_drw has 0 polygons
2026-09-09 20:59:07 +0200: Memory Usage (463864K) : text_drw has 0 polygons
2026-09-09 20:59:07 +0200: Memory Usage (463864K) : via4_drw has 0 polygons
2026-09-09 20:59:07 +0200: Memory Usage (464024K) : metal5_drw has 0 polygons
2026-09-09 20:59:07 +0200: Memory Usage (464024K) : metal5_pin has 0 polygons
2026-09-09 20:59:07 +0200: Memory Usage (464024K) : metal5_mask has 0 polygons
2026-09-09 20:59:07 +0200: Memory Usage (464024K) : metal5_filler has 0 polygons
2026-09-09 20:59:07 +0200: Memory Usage (464184K) : metal5_nofill has 0 polygons
2026-09-09 20:59:07 +0200: Memory Usage (464184K) : metal5_slit has 0 polygons
2026-09-09 20:59:07 +0200: Memory Usage (464184K) : metal5_text has 0 polygons
2026-09-09 20:59:07 +0200: Memory Usage (464344K) : metal5_opc has 0 polygons
2026-09-09 20:59:07 +0200: Memory Usage (464344K) : metal5_noqrc has 0 polygons
2026-09-09 20:59:07 +0200: Memory Usage (464344K) : metal5_res has 0 polygons
2026-09-09 20:59:07 +0200: Memory Usage (464504K) : metal5_iprobe has 0 polygons
2026-09-09 20:59:07 +0200: Memory Usage (464504K) : metal5_diffprb has 0 polygons
2026-09-09 20:59:07 +0200: Memory Usage (464504K) : radhard_drw has 0 polygons
2026-09-09 20:59:07 +0200: Memory Usage (464664K) : memcap_drw has 0 polygons
2026-09-09 20:59:07 +0200: Memory Usage (464664K) : varicap_drw has 0 polygons
2026-09-09 20:59:07 +0200: Memory Usage (464664K) : flash_drw has 0 polygons
2026-09-09 20:59:07 +0200: Memory Usage (464824K) : intbondvia_drw has 0 polygons
2026-09-09 20:59:07 +0200: Memory Usage (464824K) : intbondmet_drw has 0 polygons
2026-09-09 20:59:07 +0200: Memory Usage (464824K) : devbondvia_drw has 0 polygons
2026-09-09 20:59:07 +0200: Memory Usage (464984K) : devbondmet_drw has 0 polygons
2026-09-09 20:59:07 +0200: Memory Usage (464984K) : devtrench_drw has 0 polygons
2026-09-09 20:59:07 +0200: Memory Usage (464984K) : redist_drw has 0 polygons
2026-09-09 20:59:07 +0200: Memory Usage (465144K) : graphbot_drw has 0 polygons
2026-09-09 20:59:07 +0200: Memory Usage (465144K) : graphtop_drw has 0 polygons
2026-09-09 20:59:07 +0200: Memory Usage (465144K) : antvia1_drw has 0 polygons
2026-09-09 20:59:07 +0200: Memory Usage (465304K) : antmetal2_drw has 0 polygons
2026-09-09 20:59:07 +0200: Memory Usage (465304K) : graphcont_drw has 0 polygons
2026-09-09 20:59:07 +0200: Memory Usage (465304K) : siwg_drw has 0 polygons
2026-09-09 20:59:07 +0200: Memory Usage (465464K) : siwg_filler has 0 polygons
2026-09-09 20:59:07 +0200: Memory Usage (465464K) : siwg_nofill has 0 polygons
2026-09-09 20:59:07 +0200: Memory Usage (465464K) : sigrating_drw has 0 polygons
2026-09-09 20:59:07 +0200: Memory Usage (465624K) : singrating_drw has 0 polygons
2026-09-09 20:59:07 +0200: Memory Usage (465624K) : graphpas_drw has 0 polygons
2026-09-09 20:59:07 +0200: Memory Usage (465624K) : emwind3_drw has 0 polygons
2026-09-09 20:59:07 +0200: Memory Usage (465784K) : emwihv3_drw has 0 polygons
2026-09-09 20:59:07 +0200: Memory Usage (465784K) : redbulay_drw has 0 polygons
2026-09-09 20:59:07 +0200: Memory Usage (465784K) : smos_drw has 0 polygons
2026-09-09 20:59:07 +0200: Memory Usage (465784K) : graphpad_drw has 0 polygons
2026-09-09 20:59:07 +0200: Memory Usage (465944K) : polimide_drw has 0 polygons
2026-09-09 20:59:07 +0200: Memory Usage (465944K) : polimide_pin has 0 polygons
2026-09-09 20:59:07 +0200: Memory Usage (465944K) : recog_drw has 0 polygons
2026-09-09 20:59:07 +0200: Memory Usage (465944K) : recog_pin has 0 polygons
2026-09-09 20:59:07 +0200: Memory Usage (465944K) : recog_esd has 0 polygons
2026-09-09 20:59:07 +0200: Memory Usage (466104K) : recog_diode has 0 polygons
2026-09-09 20:59:07 +0200: Memory Usage (466104K) : recog_tsv has 0 polygons
2026-09-09 20:59:07 +0200: Memory Usage (466104K) : recog_iprobe has 0 polygons
2026-09-09 20:59:07 +0200: Memory Usage (466264K) : recog_diffprb has 0 polygons
2026-09-09 20:59:07 +0200: Memory Usage (466264K) : recog_pillar has 0 polygons
2026-09-09 20:59:07 +0200: Memory Usage (466264K) : recog_sbump has 0 polygons
2026-09-09 20:59:07 +0200: Memory Usage (466424K) : recog_otp has 0 polygons
2026-09-09 20:59:07 +0200: Memory Usage (466424K) : recog_pdiode has 0 polygons
2026-09-09 20:59:07 +0200: Memory Usage (466424K) : recog_mom has 0 polygons
2026-09-09 20:59:07 +0200: Memory Usage (466584K) : recog_pcm has 0 polygons
2026-09-09 20:59:07 +0200: Memory Usage (466584K) : colopen_drw has 0 polygons
2026-09-09 20:59:07 +0200: Memory Usage (466584K) : graphmetal1_drw has 0 polygons
2026-09-09 20:59:07 +0200: Memory Usage (466744K) : graphmetal1_filler has 0 polygons
2026-09-09 20:59:07 +0200: Memory Usage (466744K) : graphmetal1_nofill has 0 polygons
2026-09-09 20:59:07 +0200: Memory Usage (466744K) : graphmetal1_slit has 0 polygons
2026-09-09 20:59:07 +0200: Memory Usage (466904K) : graphmetal1_opc has 0 polygons
2026-09-09 20:59:07 +0200: Memory Usage (466904K) : graphmet1l_drw has 0 polygons
2026-09-09 20:59:07 +0200: Memory Usage (466904K) : graphmet1l_filler has 0 polygons
2026-09-09 20:59:07 +0200: Memory Usage (467064K) : graphmet1l_nofill has 0 polygons
2026-09-09 20:59:07 +0200: Memory Usage (467064K) : graphmet1l_slit has 0 polygons
2026-09-09 20:59:07 +0200: Memory Usage (467064K) : graphmet1l_opc has 0 polygons
2026-09-09 20:59:07 +0200: Memory Usage (467224K) : extblock_drw has 0 polygons
2026-09-09 20:59:07 +0200: Memory Usage (467224K) : nldd_drw has 0 polygons
2026-09-09 20:59:07 +0200: Memory Usage (467224K) : pldd_drw has 0 polygons
2026-09-09 20:59:07 +0200: Memory Usage (467384K) : next_drw has 0 polygons
2026-09-09 20:59:07 +0200: Memory Usage (467384K) : pext_drw has 0 polygons
2026-09-09 20:59:07 +0200: Memory Usage (467384K) : nexthv_drw has 0 polygons
2026-09-09 20:59:07 +0200: Memory Usage (467544K) : pexthv_drw has 0 polygons
2026-09-09 20:59:07 +0200: Memory Usage (467544K) : graphgate_drw has 0 polygons
2026-09-09 20:59:07 +0200: Memory Usage (467544K) : sinwg_drw has 0 polygons
2026-09-09 20:59:07 +0200: Memory Usage (467704K) : sinwg_filler has 0 polygons
2026-09-09 20:59:07 +0200: Memory Usage (467704K) : sinwg_nofill has 0 polygons
2026-09-09 20:59:07 +0200: Memory Usage (467704K) : mempad_drw has 0 polygons
2026-09-09 20:59:07 +0200: Memory Usage (467864K) : topvia1_drw has 0 polygons
2026-09-09 20:59:07 +0200: Memory Usage (467864K) : topmetal1_drw has 0 polygons
2026-09-09 20:59:07 +0200: Memory Usage (467864K) : topmetal1_pin has 0 polygons
2026-09-09 20:59:07 +0200: Memory Usage (467864K) : topmetal1_mask has 0 polygons
2026-09-09 20:59:07 +0200: Memory Usage (467864K) : topmetal1_filler has 0 polygons
2026-09-09 20:59:07 +0200: Memory Usage (467864K) : topmetal1_nofill has 0 polygons
2026-09-09 20:59:07 +0200: Memory Usage (467864K) : topmetal1_slit has 0 polygons
2026-09-09 20:59:07 +0200: Memory Usage (467864K) : topmetal1_text has 0 polygons
2026-09-09 20:59:07 +0200: Memory Usage (467864K) : topmetal1_noqrc has 0 polygons
2026-09-09 20:59:07 +0200: Memory Usage (467864K) : topmetal1_res has 0 polygons
2026-09-09 20:59:07 +0200: Memory Usage (468024K) : topmetal1_iprobe has 0 polygons
2026-09-09 20:59:07 +0200: Memory Usage (468024K) : topmetal1_diffprb has 0 polygons
2026-09-09 20:59:07 +0200: Memory Usage (468024K) : inldpwl_drw has 0 polygons
2026-09-09 20:59:07 +0200: Memory Usage (468184K) : polyres_drw has 0 polygons
2026-09-09 20:59:07 +0200: Memory Usage (468184K) : polyres_pin has 0 polygons
2026-09-09 20:59:07 +0200: Memory Usage (468184K) : vmim_drw has 0 polygons
2026-09-09 20:59:07 +0200: Memory Usage (468344K) : nbulaycut_drw has 0 polygons
2026-09-09 20:59:07 +0200: Memory Usage (468344K) : antmetal1_drw has 0 polygons
2026-09-09 20:59:07 +0200: Memory Usage (468344K) : topvia2_drw has 0 polygons
2026-09-09 20:59:07 +0200: Memory Usage (468504K) : topmetal2_drw has 0 polygons
2026-09-09 20:59:07 +0200: Memory Usage (468504K) : topmetal2_pin has 0 polygons
2026-09-09 20:59:07 +0200: Memory Usage (468664K) : topmetal2_mask has 0 polygons
2026-09-09 20:59:07 +0200: Memory Usage (468664K) : topmetal2_filler has 0 polygons
2026-09-09 20:59:07 +0200: Memory Usage (468664K) : topmetal2_nofill has 0 polygons
2026-09-09 20:59:07 +0200: Memory Usage (468824K) : topmetal2_slit has 0 polygons
2026-09-09 20:59:07 +0200: Memory Usage (468824K) : topmetal2_text has 0 polygons
2026-09-09 20:59:07 +0200: Memory Usage (468824K) : topmetal2_noqrc has 0 polygons
2026-09-09 20:59:07 +0200: Memory Usage (468984K) : topmetal2_res has 0 polygons
2026-09-09 20:59:07 +0200: Memory Usage (468984K) : topmetal2_iprobe has 0 polygons
2026-09-09 20:59:07 +0200: Memory Usage (468984K) : topmetal2_diffprb has 0 polygons
2026-09-09 20:59:07 +0200: Memory Usage (469144K) : snsring_drw has 0 polygons
2026-09-09 20:59:07 +0200: Memory Usage (469144K) : sensor_drw has 0 polygons
2026-09-09 20:59:07 +0200: Memory Usage (469144K) : snsarms_drw has 0 polygons
2026-09-09 20:59:07 +0200: Memory Usage (469304K) : snscmosvia_drw has 0 polygons
2026-09-09 20:59:07 +0200: Memory Usage (469304K) : colwind_drw has 0 polygons
2026-09-09 20:59:07 +0200: Memory Usage (469304K) : flm_drw has 0 polygons
2026-09-09 20:59:07 +0200: Memory Usage (469304K) : hafniumox_drw has 0 polygons
2026-09-09 20:59:07 +0200: Memory Usage (469464K) : memvia_drw has 0 polygons
2026-09-09 20:59:07 +0200: Memory Usage (469464K) : thinfilmres_drw has 0 polygons
2026-09-09 20:59:07 +0200: Memory Usage (469464K) : rfmem_drw has 0 polygons
2026-09-09 20:59:07 +0200: Memory Usage (469624K) : norcx_drw has 0 polygons
2026-09-09 20:59:07 +0200: Memory Usage (469624K) : norcx_m2m3 has 0 polygons
2026-09-09 20:59:07 +0200: Memory Usage (469784K) : norcx_m2m4 has 0 polygons
2026-09-09 20:59:07 +0200: Memory Usage (469784K) : norcx_m2m5 has 0 polygons
2026-09-09 20:59:07 +0200: Memory Usage (469784K) : norcx_m2tm1 has 0 polygons
2026-09-09 20:59:07 +0200: Memory Usage (469944K) : norcx_m2tm2 has 0 polygons
2026-09-09 20:59:07 +0200: Memory Usage (469944K) : norcx_m3m4 has 0 polygons
2026-09-09 20:59:07 +0200: Memory Usage (469944K) : norcx_m3m5 has 0 polygons
2026-09-09 20:59:07 +0200: Memory Usage (470104K) : norcx_m3tm1 has 0 polygons
2026-09-09 20:59:07 +0200: Memory Usage (470104K) : norcx_m3tm2 has 0 polygons
2026-09-09 20:59:07 +0200: Memory Usage (470104K) : norcx_m4m5 has 0 polygons
2026-09-09 20:59:07 +0200: Memory Usage (470264K) : norcx_m4tm1 has 0 polygons
2026-09-09 20:59:07 +0200: Memory Usage (470264K) : norcx_m4tm2 has 0 polygons
2026-09-09 20:59:07 +0200: Memory Usage (470264K) : norcx_m5tm1 has 0 polygons
2026-09-09 20:59:07 +0200: Memory Usage (470424K) : norcx_m5tm2 has 0 polygons
2026-09-09 20:59:07 +0200: Memory Usage (470424K) : norcx_tm1tm2 has 0 polygons
2026-09-09 20:59:07 +0200: Memory Usage (470424K) : norcx_m1sub has 0 polygons
2026-09-09 20:59:07 +0200: Memory Usage (470584K) : norcx_m2sub has 0 polygons
2026-09-09 20:59:07 +0200: Memory Usage (470584K) : norcx_m3sub has 0 polygons
2026-09-09 20:59:07 +0200: Memory Usage (470584K) : norcx_m4sub has 0 polygons
2026-09-09 20:59:07 +0200: Memory Usage (470744K) : norcx_m5sub has 0 polygons
2026-09-09 20:59:07 +0200: Memory Usage (470744K) : norcx_tm1sub has 0 polygons
2026-09-09 20:59:07 +0200: Memory Usage (470744K) : norcx_tm2sub has 0 polygons
2026-09-09 20:59:07 +0200: Memory Usage (470904K) : snsbotvia_drw has 0 polygons
2026-09-09 20:59:07 +0200: Memory Usage (470904K) : snstopvia_drw has 0 polygons
2026-09-09 20:59:07 +0200: Memory Usage (470904K) : deepvia_drw has 0 polygons
2026-09-09 20:59:07 +0200: Memory Usage (471064K) : fgetch_drw has 0 polygons
2026-09-09 20:59:07 +0200: Memory Usage (471064K) : ctrgat_drw has 0 polygons
2026-09-09 20:59:07 +0200: Memory Usage (471064K) : fgimp_drw has 0 polygons
2026-09-09 20:59:07 +0200: Memory Usage (471224K) : emwihv_drw has 0 polygons
2026-09-09 20:59:07 +0200: Memory Usage (471224K) : lbe_drw has 0 polygons
2026-09-09 20:59:07 +0200: Memory Usage (471224K) : alcustop_drw has 0 polygons
2026-09-09 20:59:07 +0200: Memory Usage (471384K) : nometfiller_drw has 0 polygons
2026-09-09 20:59:07 +0200: Memory Usage (471384K) : prboundary_drw has 0 polygons
2026-09-09 20:59:07 +0200: Memory Usage (471384K) : exchange0_drw has 0 polygons
2026-09-09 20:59:07 +0200: Memory Usage (471544K) : exchange0_pin has 0 polygons
2026-09-09 20:59:07 +0200: Memory Usage (471544K) : exchange0_text has 0 polygons
2026-09-09 20:59:07 +0200: Memory Usage (471544K) : exchange1_drw has 0 polygons
2026-09-09 20:59:07 +0200: Memory Usage (471704K) : exchange1_pin has 0 polygons
2026-09-09 20:59:07 +0200: Memory Usage (471704K) : exchange1_text has 0 polygons
2026-09-09 20:59:07 +0200: Memory Usage (471704K) : exchange2_drw has 0 polygons
2026-09-09 20:59:07 +0200: Memory Usage (471864K) : exchange2_pin has 0 polygons
2026-09-09 20:59:07 +0200: Memory Usage (471864K) : exchange2_text has 0 polygons
2026-09-09 20:59:07 +0200: Memory Usage (471864K) : exchange3_drw has 0 polygons
2026-09-09 20:59:07 +0200: Memory Usage (472024K) : exchange3_pin has 0 polygons
2026-09-09 20:59:07 +0200: Memory Usage (472024K) : exchange3_text has 0 polygons
2026-09-09 20:59:07 +0200: Memory Usage (472024K) : exchange4_drw has 0 polygons
2026-09-09 20:59:07 +0200: Memory Usage (472184K) : exchange4_pin has 0 polygons
2026-09-09 20:59:07 +0200: Memory Usage (472184K) : exchange4_text has 0 polygons
2026-09-09 20:59:07 +0200: Memory Usage (472184K) : isonwell_drw has 0 polygons
2026-09-09 20:59:07 +0200: Memory Usage (472184K) : Total no. of polygons in the design is 95
2026-09-09 20:59:07 +0200: Memory Usage (472184K) : Loaded TECH DRC rules values from /foss/pdks/ihp-sg13g2/libs.tech/klayout/python/sg13g2_pycell_lib/sg13g2_tech_mod.json
2026-09-09 20:59:07 +0200: Memory Usage (472184K) : Loaded default DRC rules values from /foss/pdks/ihp-sg13g2/libs.tech/klayout/tech/drc/rule_decks/sg13g2_tech_default.json
2026-09-09 20:59:07 +0200: Memory Usage (472184K) : The following rules values were missing in tech json and default values were used:
2026-09-09 20:59:07 +0200: Memory Usage (472184K) :   - NW_f1_digibnd
2026-09-09 20:59:07 +0200: Memory Usage (472184K) :   - Cnt_c_digibnd
2026-09-09 20:59:07 +0200: Memory Usage (472184K) :   - Cnt_c_sram
2026-09-09 20:59:07 +0200: Memory Usage (472184K) :   - Sdiod_b
2026-09-09 20:59:07 +0200: Memory Usage (472184K) :   - Sdiod_c
2026-09-09 20:59:07 +0200: Memory Usage (473500K) : Total area of the design is 18.9648 um^2.
2026-09-09 20:59:07 +0200: Memory Usage (473500K) : The design dimensions are 4.32 µm * 4.39 µm.
2026-09-09 20:59:07 +0200: Memory Usage (473500K) : Starting general IHP-SG13G2 derivations.
2026-09-09 20:59:07 +0200: Memory Usage (473500K) : Starting Pwell derivations
2026-09-09 20:59:07 +0200: Memory Usage (475560K) : Starting IHP-SG13G2 DRC rules.
2026-09-09 20:59:07 +0200: Memory Usage (475560K) : Starting 5.9 GatPoly:filler
2026-09-09 20:59:07 +0200: Memory Usage (475560K) : Executing rule GFil.d
2026-09-09 20:59:07 +0200: Memory Usage (475928K) : Executing rule GFil.e
2026-09-09 20:59:07 +0200: Memory Usage (475928K) : Executing rule GFil.i
2026-09-09 20:59:07 +0200: Memory Usage (475928K) : KLayout DRC run for tables 'gatpolyfiller' completed in 0.18 seconds
