# Logfile created on 2026-09-09 20:57:27 +0200 by logger.rb/v1.5.3
2026-09-09 20:57:27 +0200: Memory Usage (455992K) : Starting running IHP-SG13G2 KLayout DRC runset on /foss/designs/aion_chip/flow/regress/AION_nand2_o21ai_0/AION_nand2_o21ai_0.gds
2026-09-09 20:57:27 +0200: Memory Usage (455992K) : Ruby Version for klayout: 3.2.3
2026-09-09 20:57:27 +0200: Memory Usage (456936K) : Loading database to memory is complete.
2026-09-09 20:57:27 +0200: Memory Usage (456936K) : IHP-SG13G2 KLayout DRC runset output at: /foss/designs/aion_chip/flow/regress/AION_nand2_o21ai_0/drc/AION_nand2_o21ai_0.klayout.drc/AION_nand2_o21ai_0_AION_nand2_o21ai_0_nbulay.lyrdb
2026-09-09 20:57:27 +0200: Memory Usage (456936K) : Evaluate switches.
2026-09-09 20:57:27 +0200: Memory Usage (456936K) : tables selected: nbulay
2026-09-09 20:57:27 +0200: Memory Usage (456936K) : KLayout will use 15 thread(s) in tiling mode.
2026-09-09 20:57:27 +0200: Memory Usage (456936K) : deep mode is enabled.
2026-09-09 20:57:27 +0200: Memory Usage (456936K) : FEOL enabled: false
2026-09-09 20:57:27 +0200: Memory Usage (456936K) : BEOL enabled: false
2026-09-09 20:57:27 +0200: Memory Usage (456936K) : OFFGRID enabled: true
2026-09-09 20:57:27 +0200: Memory Usage (456936K) : ANGLE enabled: true
2026-09-09 20:57:27 +0200: Memory Usage (456936K) : PIN enabled: false
2026-09-09 20:57:27 +0200: Memory Usage (456936K) : FORBIDDEN enabled: false
2026-09-09 20:57:27 +0200: Memory Usage (456936K) : RECOMMENDED enabled: true
2026-09-09 20:57:27 +0200: Memory Usage (456936K) : PreCheck DRC enabled: false
2026-09-09 20:57:27 +0200: Memory Usage (456936K) : CONNECTIVITY_RULES enabled: true.
2026-09-09 20:57:27 +0200: Memory Usage (456936K) : Read in polygons from layers.
2026-09-09 20:57:27 +0200: Memory Usage (458072K) : activ_drw has 5 polygons
2026-09-09 20:57:27 +0200: Memory Usage (458072K) : activ_pin has 0 polygons
2026-09-09 20:57:27 +0200: Memory Usage (458072K) : activ_mask has 0 polygons
2026-09-09 20:57:27 +0200: Memory Usage (458072K) : activ_filler has 0 polygons
2026-09-09 20:57:27 +0200: Memory Usage (458072K) : activ_nofill has 0 polygons
2026-09-09 20:57:27 +0200: Memory Usage (458072K) : activ_opc has 0 polygons
2026-09-09 20:57:27 +0200: Memory Usage (458072K) : activ_iopc has 0 polygons
2026-09-09 20:57:27 +0200: Memory Usage (458072K) : activ_noqrc has 0 polygons
2026-09-09 20:57:27 +0200: Memory Usage (458072K) : biwind_drw has 0 polygons
2026-09-09 20:57:27 +0200: Memory Usage (458072K) : biwind_opc has 0 polygons
2026-09-09 20:57:27 +0200: Memory Usage (458072K) : pemwind_drw has 0 polygons
2026-09-09 20:57:27 +0200: Memory Usage (458072K) : gatpoly_drw has 10 polygons
2026-09-09 20:57:27 +0200: Memory Usage (458072K) : gatpoly_pin has 0 polygons
2026-09-09 20:57:27 +0200: Memory Usage (458072K) : gatpoly_filler has 0 polygons
2026-09-09 20:57:27 +0200: Memory Usage (458072K) : gatpoly_nofill has 0 polygons
2026-09-09 20:57:27 +0200: Memory Usage (458072K) : gatpoly_opc has 0 polygons
2026-09-09 20:57:27 +0200: Memory Usage (458072K) : gatpoly_iopc has 0 polygons
2026-09-09 20:57:27 +0200: Memory Usage (458072K) : gatpoly_noqrc has 0 polygons
2026-09-09 20:57:27 +0200: Memory Usage (458072K) : cont_drw has 41 polygons
2026-09-09 20:57:27 +0200: Memory Usage (458232K) : cont_opc has 0 polygons
2026-09-09 20:57:27 +0200: Memory Usage (458232K) : nsd_drw has 0 polygons
2026-09-09 20:57:27 +0200: Memory Usage (458232K) : nsd_block has 0 polygons
2026-09-09 20:57:27 +0200: Memory Usage (458232K) : metal1_drw has 23 polygons
2026-09-09 20:57:27 +0200: Memory Usage (458232K) : metal1_pin has 6 polygons
2026-09-09 20:57:27 +0200: Memory Usage (458232K) : metal1_mask has 0 polygons
2026-09-09 20:57:27 +0200: Memory Usage (458392K) : metal1_filler has 0 polygons
2026-09-09 20:57:27 +0200: Memory Usage (458392K) : metal1_nofill has 0 polygons
2026-09-09 20:57:27 +0200: Memory Usage (458392K) : metal1_slit has 0 polygons
2026-09-09 20:57:27 +0200: Memory Usage (458936K) : metal1_text has 6 polygons
2026-09-09 20:57:27 +0200: Memory Usage (458936K) : metal1_opc has 0 polygons
2026-09-09 20:57:27 +0200: Memory Usage (458936K) : metal1_noqrc has 0 polygons
2026-09-09 20:57:27 +0200: Memory Usage (459096K) : metal1_res has 0 polygons
2026-09-09 20:57:27 +0200: Memory Usage (459096K) : metal1_iprobe has 0 polygons
2026-09-09 20:57:27 +0200: Memory Usage (459096K) : metal1_diffprb has 0 polygons
2026-09-09 20:57:27 +0200: Memory Usage (459256K) : passiv_drw has 0 polygons
2026-09-09 20:57:27 +0200: Memory Usage (459256K) : passiv_pin has 0 polygons
2026-09-09 20:57:27 +0200: Memory Usage (459416K) : passiv_sbump has 0 polygons
2026-09-09 20:57:27 +0200: Memory Usage (459416K) : passiv_pillar has 0 polygons
2026-09-09 20:57:27 +0200: Memory Usage (459416K) : passiv_pdl has 0 polygons
2026-09-09 20:57:27 +0200: Memory Usage (459416K) : metal2_drw has 1 polygons
2026-09-09 20:57:27 +0200: Memory Usage (459576K) : metal2_pin has 1 polygons
2026-09-09 20:57:27 +0200: Memory Usage (459576K) : metal2_mask has 0 polygons
2026-09-09 20:57:27 +0200: Memory Usage (459576K) : metal2_filler has 0 polygons
2026-09-09 20:57:27 +0200: Memory Usage (459576K) : metal2_nofill has 0 polygons
2026-09-09 20:57:27 +0200: Memory Usage (459576K) : metal2_slit has 0 polygons
2026-09-09 20:57:27 +0200: Memory Usage (459576K) : metal2_text has 1 polygons
2026-09-09 20:57:27 +0200: Memory Usage (459576K) : metal2_opc has 0 polygons
2026-09-09 20:57:27 +0200: Memory Usage (459736K) : metal2_noqrc has 0 polygons
2026-09-09 20:57:27 +0200: Memory Usage (459736K) : metal2_res has 0 polygons
2026-09-09 20:57:27 +0200: Memory Usage (459736K) : metal2_iprobe has 0 polygons
2026-09-09 20:57:27 +0200: Memory Usage (459736K) : metal2_diffprb has 0 polygons
2026-09-09 20:57:27 +0200: Memory Usage (459736K) : baspoly_drw has 0 polygons
2026-09-09 20:57:27 +0200: Memory Usage (459736K) : baspoly_pin has 0 polygons
2026-09-09 20:57:27 +0200: Memory Usage (459896K) : psd_drw has 2 polygons
2026-09-09 20:57:27 +0200: Memory Usage (459896K) : nldb_drw has 0 polygons
2026-09-09 20:57:27 +0200: Memory Usage (459896K) : digibnd_drw has 0 polygons
2026-09-09 20:57:27 +0200: Memory Usage (460056K) : via1_drw has 2 polygons
2026-09-09 20:57:27 +0200: Memory Usage (460056K) : backmetal1_drw has 0 polygons
2026-09-09 20:57:27 +0200: Memory Usage (460056K) : backmetal1_pin has 0 polygons
2026-09-09 20:57:27 +0200: Memory Usage (460216K) : backmetal1_mask has 0 polygons
2026-09-09 20:57:27 +0200: Memory Usage (460216K) : backmetal1_filler has 0 polygons
2026-09-09 20:57:27 +0200: Memory Usage (460216K) : backmetal1_nofill has 0 polygons
2026-09-09 20:57:27 +0200: Memory Usage (460376K) : backmetal1_slit has 0 polygons
2026-09-09 20:57:27 +0200: Memory Usage (460376K) : backmetal1_text has 0 polygons
2026-09-09 20:57:27 +0200: Memory Usage (460376K) : backmetal1_opc has 0 polygons
2026-09-09 20:57:27 +0200: Memory Usage (460536K) : backmetal1_noqrc has 0 polygons
2026-09-09 20:57:27 +0200: Memory Usage (460536K) : backmetal1_res has 0 polygons
2026-09-09 20:57:27 +0200: Memory Usage (460696K) : backmetal1_iprobe has 0 polygons
2026-09-09 20:57:27 +0200: Memory Usage (460856K) : backmetal1_diffprb has 0 polygons
2026-09-09 20:57:27 +0200: Memory Usage (460856K) : backpassiv_drw has 0 polygons
2026-09-09 20:57:27 +0200: Memory Usage (460856K) : res_drw has 0 polygons
2026-09-09 20:57:27 +0200: Memory Usage (461016K) : sram_drw has 0 polygons
2026-09-09 20:57:27 +0200: Memory Usage (461016K) : trans_drw has 0 polygons
2026-09-09 20:57:27 +0200: Memory Usage (461016K) : ind_drw has 0 polygons
2026-09-09 20:57:27 +0200: Memory Usage (461176K) : ind_pin has 0 polygons
2026-09-09 20:57:27 +0200: Memory Usage (461176K) : ind_text has 0 polygons
2026-09-09 20:57:27 +0200: Memory Usage (461176K) : salblock_drw has 0 polygons
2026-09-09 20:57:27 +0200: Memory Usage (461336K) : via2_drw has 0 polygons
2026-09-09 20:57:27 +0200: Memory Usage (461336K) : metal3_drw has 0 polygons
2026-09-09 20:57:27 +0200: Memory Usage (461336K) : metal3_pin has 0 polygons
2026-09-09 20:57:27 +0200: Memory Usage (461496K) : metal3_mask has 0 polygons
2026-09-09 20:57:27 +0200: Memory Usage (461496K) : metal3_filler has 0 polygons
2026-09-09 20:57:27 +0200: Memory Usage (461496K) : metal3_nofill has 0 polygons
2026-09-09 20:57:27 +0200: Memory Usage (461656K) : metal3_slit has 0 polygons
2026-09-09 20:57:27 +0200: Memory Usage (461656K) : metal3_text has 0 polygons
2026-09-09 20:57:27 +0200: Memory Usage (461656K) : metal3_opc has 0 polygons
2026-09-09 20:57:27 +0200: Memory Usage (461816K) : metal3_noqrc has 0 polygons
2026-09-09 20:57:27 +0200: Memory Usage (461816K) : metal3_res has 0 polygons
2026-09-09 20:57:27 +0200: Memory Usage (461976K) : metal3_iprobe has 0 polygons
2026-09-09 20:57:27 +0200: Memory Usage (461976K) : metal3_diffprb has 0 polygons
2026-09-09 20:57:27 +0200: Memory Usage (461976K) : nwell_drw has 1 polygons
2026-09-09 20:57:27 +0200: Memory Usage (462136K) : nwell_pin has 0 polygons
2026-09-09 20:57:27 +0200: Memory Usage (462136K) : nbulay_drw has 0 polygons
2026-09-09 20:57:27 +0200: Memory Usage (462136K) : nbulay_pin has 0 polygons
2026-09-09 20:57:27 +0200: Memory Usage (462136K) : nbulay_block has 0 polygons
2026-09-09 20:57:27 +0200: Memory Usage (462296K) : emwind_drw has 0 polygons
2026-09-09 20:57:27 +0200: Memory Usage (462296K) : emwind_opc has 0 polygons
2026-09-09 20:57:27 +0200: Memory Usage (462296K) : deepco_drw has 0 polygons
2026-09-09 20:57:27 +0200: Memory Usage (462296K) : deepco_drw has 0 polygons
2026-09-09 20:57:27 +0200: Memory Usage (462456K) : mim_drw has 0 polygons
2026-09-09 20:57:27 +0200: Memory Usage (462456K) : edgeseal_drw has 0 polygons
2026-09-09 20:57:27 +0200: Memory Usage (462456K) : edgeseal_bound has 0 polygons
2026-09-09 20:57:27 +0200: Memory Usage (462456K) : substrate_drw has 0 polygons
2026-09-09 20:57:27 +0200: Memory Usage (462616K) : substrate_text has 0 polygons
2026-09-09 20:57:27 +0200: Memory Usage (462616K) : dfpad_drw has 0 polygons
2026-09-09 20:57:27 +0200: Memory Usage (462616K) : dfpad_pillar has 0 polygons
2026-09-09 20:57:27 +0200: Memory Usage (462616K) : dfpad_sbump has 0 polygons
2026-09-09 20:57:27 +0200: Memory Usage (462616K) : thickgateox_drw has 0 polygons
2026-09-09 20:57:27 +0200: Memory Usage (462776K) : pldb_drw has 0 polygons
2026-09-09 20:57:27 +0200: Memory Usage (462776K) : pwell_drw has 0 polygons
2026-09-09 20:57:27 +0200: Memory Usage (462776K) : pwell_pin has 0 polygons
2026-09-09 20:57:27 +0200: Memory Usage (462936K) : pwell_block has 0 polygons
2026-09-09 20:57:27 +0200: Memory Usage (462936K) : ic_drw has 0 polygons
2026-09-09 20:57:27 +0200: Memory Usage (462936K) : via3_drw has 0 polygons
2026-09-09 20:57:27 +0200: Memory Usage (463096K) : metal4_drw has 0 polygons
2026-09-09 20:57:27 +0200: Memory Usage (463096K) : metal4_pin has 0 polygons
2026-09-09 20:57:27 +0200: Memory Usage (463096K) : metal4_mask has 0 polygons
2026-09-09 20:57:27 +0200: Memory Usage (463256K) : metal4_filler has 0 polygons
2026-09-09 20:57:27 +0200: Memory Usage (463256K) : metal4_nofill has 0 polygons
2026-09-09 20:57:27 +0200: Memory Usage (463256K) : metal4_slit has 0 polygons
2026-09-09 20:57:27 +0200: Memory Usage (463416K) : metal4_text has 0 polygons
2026-09-09 20:57:27 +0200: Memory Usage (463416K) : metal4_opc has 0 polygons
2026-09-09 20:57:27 +0200: Memory Usage (463416K) : metal4_noqrc has 0 polygons
2026-09-09 20:57:27 +0200: Memory Usage (463576K) : metal4_res has 0 polygons
2026-09-09 20:57:27 +0200: Memory Usage (463576K) : metal4_iprobe has 0 polygons
2026-09-09 20:57:27 +0200: Memory Usage (463736K) : metal4_diffprb has 0 polygons
2026-09-09 20:57:27 +0200: Memory Usage (463736K) : heattrans_drw has 0 polygons
2026-09-09 20:57:27 +0200: Memory Usage (463736K) : heatres_drw has 0 polygons
2026-09-09 20:57:27 +0200: Memory Usage (463896K) : pempoly_drw has 0 polygons
2026-09-09 20:57:27 +0200: Memory Usage (463896K) : fbe_drw has 0 polygons
2026-09-09 20:57:27 +0200: Memory Usage (463896K) : empoly_drw has 0 polygons
2026-09-09 20:57:27 +0200: Memory Usage (464056K) : ldmos_drw has 0 polygons
2026-09-09 20:57:27 +0200: Memory Usage (464056K) : pbiwind_drw has 0 polygons
2026-09-09 20:57:27 +0200: Memory Usage (464056K) : digisub_drw has 0 polygons
2026-09-09 20:57:27 +0200: Memory Usage (464216K) : nodrc_drw has 0 polygons
2026-09-09 20:57:27 +0200: Memory Usage (464216K) : text_drw has 0 polygons
2026-09-09 20:57:27 +0200: Memory Usage (464216K) : via4_drw has 0 polygons
2026-09-09 20:57:27 +0200: Memory Usage (464216K) : metal5_drw has 0 polygons
2026-09-09 20:57:27 +0200: Memory Usage (464376K) : metal5_pin has 0 polygons
2026-09-09 20:57:27 +0200: Memory Usage (464376K) : metal5_mask has 0 polygons
2026-09-09 20:57:27 +0200: Memory Usage (464376K) : metal5_filler has 0 polygons
2026-09-09 20:57:27 +0200: Memory Usage (464376K) : metal5_nofill has 0 polygons
2026-09-09 20:57:27 +0200: Memory Usage (464376K) : metal5_slit has 0 polygons
2026-09-09 20:57:27 +0200: Memory Usage (464536K) : metal5_text has 0 polygons
2026-09-09 20:57:27 +0200: Memory Usage (464536K) : metal5_opc has 0 polygons
2026-09-09 20:57:27 +0200: Memory Usage (464536K) : metal5_noqrc has 0 polygons
2026-09-09 20:57:27 +0200: Memory Usage (464696K) : metal5_res has 0 polygons
2026-09-09 20:57:27 +0200: Memory Usage (464696K) : metal5_iprobe has 0 polygons
2026-09-09 20:57:27 +0200: Memory Usage (464696K) : metal5_diffprb has 0 polygons
2026-09-09 20:57:27 +0200: Memory Usage (464856K) : radhard_drw has 0 polygons
2026-09-09 20:57:27 +0200: Memory Usage (464856K) : memcap_drw has 0 polygons
2026-09-09 20:57:27 +0200: Memory Usage (464856K) : varicap_drw has 0 polygons
2026-09-09 20:57:27 +0200: Memory Usage (465016K) : flash_drw has 0 polygons
2026-09-09 20:57:27 +0200: Memory Usage (465016K) : intbondvia_drw has 0 polygons
2026-09-09 20:57:27 +0200: Memory Usage (465016K) : intbondmet_drw has 0 polygons
2026-09-09 20:57:27 +0200: Memory Usage (465176K) : devbondvia_drw has 0 polygons
2026-09-09 20:57:27 +0200: Memory Usage (465176K) : devbondmet_drw has 0 polygons
2026-09-09 20:57:27 +0200: Memory Usage (465176K) : devtrench_drw has 0 polygons
2026-09-09 20:57:27 +0200: Memory Usage (465336K) : redist_drw has 0 polygons
2026-09-09 20:57:27 +0200: Memory Usage (465336K) : graphbot_drw has 0 polygons
2026-09-09 20:57:27 +0200: Memory Usage (465496K) : graphtop_drw has 0 polygons
2026-09-09 20:57:27 +0200: Memory Usage (465496K) : antvia1_drw has 0 polygons
2026-09-09 20:57:27 +0200: Memory Usage (465496K) : antmetal2_drw has 0 polygons
2026-09-09 20:57:27 +0200: Memory Usage (465656K) : graphcont_drw has 0 polygons
2026-09-09 20:57:27 +0200: Memory Usage (465656K) : siwg_drw has 0 polygons
2026-09-09 20:57:27 +0200: Memory Usage (465656K) : siwg_filler has 0 polygons
2026-09-09 20:57:27 +0200: Memory Usage (465816K) : siwg_nofill has 0 polygons
2026-09-09 20:57:27 +0200: Memory Usage (465816K) : sigrating_drw has 0 polygons
2026-09-09 20:57:27 +0200: Memory Usage (465816K) : singrating_drw has 0 polygons
2026-09-09 20:57:27 +0200: Memory Usage (465976K) : graphpas_drw has 0 polygons
2026-09-09 20:57:27 +0200: Memory Usage (465976K) : emwind3_drw has 0 polygons
2026-09-09 20:57:27 +0200: Memory Usage (465976K) : emwihv3_drw has 0 polygons
2026-09-09 20:57:27 +0200: Memory Usage (465976K) : redbulay_drw has 0 polygons
2026-09-09 20:57:27 +0200: Memory Usage (465976K) : smos_drw has 0 polygons
2026-09-09 20:57:27 +0200: Memory Usage (465976K) : graphpad_drw has 0 polygons
2026-09-09 20:57:27 +0200: Memory Usage (465976K) : polimide_drw has 0 polygons
2026-09-09 20:57:27 +0200: Memory Usage (465976K) : polimide_pin has 0 polygons
2026-09-09 20:57:27 +0200: Memory Usage (466136K) : recog_drw has 0 polygons
2026-09-09 20:57:27 +0200: Memory Usage (466136K) : recog_pin has 0 polygons
2026-09-09 20:57:27 +0200: Memory Usage (466136K) : recog_esd has 0 polygons
2026-09-09 20:57:27 +0200: Memory Usage (466136K) : recog_diode has 0 polygons
2026-09-09 20:57:27 +0200: Memory Usage (466296K) : recog_tsv has 0 polygons
2026-09-09 20:57:27 +0200: Memory Usage (466296K) : recog_iprobe has 0 polygons
2026-09-09 20:57:27 +0200: Memory Usage (466296K) : recog_diffprb has 0 polygons
2026-09-09 20:57:27 +0200: Memory Usage (466456K) : recog_pillar has 0 polygons
2026-09-09 20:57:27 +0200: Memory Usage (466456K) : recog_sbump has 0 polygons
2026-09-09 20:57:27 +0200: Memory Usage (466456K) : recog_otp has 0 polygons
2026-09-09 20:57:27 +0200: Memory Usage (466616K) : recog_pdiode has 0 polygons
2026-09-09 20:57:27 +0200: Memory Usage (466616K) : recog_mom has 0 polygons
2026-09-09 20:57:27 +0200: Memory Usage (466616K) : recog_pcm has 0 polygons
2026-09-09 20:57:27 +0200: Memory Usage (466776K) : colopen_drw has 0 polygons
2026-09-09 20:57:27 +0200: Memory Usage (466776K) : graphmetal1_drw has 0 polygons
2026-09-09 20:57:27 +0200: Memory Usage (466936K) : graphmetal1_filler has 0 polygons
2026-09-09 20:57:27 +0200: Memory Usage (466936K) : graphmetal1_nofill has 0 polygons
2026-09-09 20:57:27 +0200: Memory Usage (466936K) : graphmetal1_slit has 0 polygons
2026-09-09 20:57:27 +0200: Memory Usage (466936K) : graphmetal1_opc has 0 polygons
2026-09-09 20:57:27 +0200: Memory Usage (467096K) : graphmet1l_drw has 0 polygons
2026-09-09 20:57:27 +0200: Memory Usage (467096K) : graphmet1l_filler has 0 polygons
2026-09-09 20:57:27 +0200: Memory Usage (467256K) : graphmet1l_nofill has 0 polygons
2026-09-09 20:57:27 +0200: Memory Usage (467256K) : graphmet1l_slit has 0 polygons
2026-09-09 20:57:27 +0200: Memory Usage (467256K) : graphmet1l_opc has 0 polygons
2026-09-09 20:57:27 +0200: Memory Usage (467416K) : extblock_drw has 0 polygons
2026-09-09 20:57:27 +0200: Memory Usage (467416K) : nldd_drw has 0 polygons
2026-09-09 20:57:27 +0200: Memory Usage (467416K) : pldd_drw has 0 polygons
2026-09-09 20:57:27 +0200: Memory Usage (467576K) : next_drw has 0 polygons
2026-09-09 20:57:27 +0200: Memory Usage (467576K) : pext_drw has 0 polygons
2026-09-09 20:57:27 +0200: Memory Usage (467576K) : nexthv_drw has 0 polygons
2026-09-09 20:57:27 +0200: Memory Usage (467736K) : pexthv_drw has 0 polygons
2026-09-09 20:57:27 +0200: Memory Usage (467736K) : graphgate_drw has 0 polygons
2026-09-09 20:57:27 +0200: Memory Usage (467736K) : sinwg_drw has 0 polygons
2026-09-09 20:57:27 +0200: Memory Usage (467896K) : sinwg_filler has 0 polygons
2026-09-09 20:57:27 +0200: Memory Usage (467896K) : sinwg_nofill has 0 polygons
2026-09-09 20:57:27 +0200: Memory Usage (467896K) : mempad_drw has 0 polygons
2026-09-09 20:57:27 +0200: Memory Usage (468056K) : topvia1_drw has 0 polygons
2026-09-09 20:57:27 +0200: Memory Usage (468056K) : topmetal1_drw has 0 polygons
2026-09-09 20:57:27 +0200: Memory Usage (468056K) : topmetal1_pin has 0 polygons
2026-09-09 20:57:27 +0200: Memory Usage (468056K) : topmetal1_mask has 0 polygons
2026-09-09 20:57:27 +0200: Memory Usage (468056K) : topmetal1_filler has 0 polygons
2026-09-09 20:57:27 +0200: Memory Usage (468056K) : topmetal1_nofill has 0 polygons
2026-09-09 20:57:27 +0200: Memory Usage (468056K) : topmetal1_slit has 0 polygons
2026-09-09 20:57:27 +0200: Memory Usage (468056K) : topmetal1_text has 0 polygons
2026-09-09 20:57:27 +0200: Memory Usage (468056K) : topmetal1_noqrc has 0 polygons
2026-09-09 20:57:27 +0200: Memory Usage (468056K) : topmetal1_res has 0 polygons
2026-09-09 20:57:27 +0200: Memory Usage (468216K) : topmetal1_iprobe has 0 polygons
2026-09-09 20:57:27 +0200: Memory Usage (468216K) : topmetal1_diffprb has 0 polygons
2026-09-09 20:57:27 +0200: Memory Usage (468216K) : inldpwl_drw has 0 polygons
2026-09-09 20:57:27 +0200: Memory Usage (468376K) : polyres_drw has 0 polygons
2026-09-09 20:57:27 +0200: Memory Usage (468376K) : polyres_pin has 0 polygons
2026-09-09 20:57:27 +0200: Memory Usage (468376K) : vmim_drw has 0 polygons
2026-09-09 20:57:27 +0200: Memory Usage (468536K) : nbulaycut_drw has 0 polygons
2026-09-09 20:57:27 +0200: Memory Usage (468536K) : antmetal1_drw has 0 polygons
2026-09-09 20:57:27 +0200: Memory Usage (468536K) : topvia2_drw has 0 polygons
2026-09-09 20:57:27 +0200: Memory Usage (468696K) : topmetal2_drw has 0 polygons
2026-09-09 20:57:27 +0200: Memory Usage (468696K) : topmetal2_pin has 0 polygons
2026-09-09 20:57:27 +0200: Memory Usage (468696K) : topmetal2_mask has 0 polygons
2026-09-09 20:57:27 +0200: Memory Usage (468856K) : topmetal2_filler has 0 polygons
2026-09-09 20:57:27 +0200: Memory Usage (468856K) : topmetal2_nofill has 0 polygons
2026-09-09 20:57:27 +0200: Memory Usage (468856K) : topmetal2_slit has 0 polygons
2026-09-09 20:57:27 +0200: Memory Usage (469016K) : topmetal2_text has 0 polygons
2026-09-09 20:57:27 +0200: Memory Usage (469016K) : topmetal2_noqrc has 0 polygons
2026-09-09 20:57:27 +0200: Memory Usage (469016K) : topmetal2_res has 0 polygons
2026-09-09 20:57:27 +0200: Memory Usage (469176K) : topmetal2_iprobe has 0 polygons
2026-09-09 20:57:27 +0200: Memory Usage (469176K) : topmetal2_diffprb has 0 polygons
2026-09-09 20:57:27 +0200: Memory Usage (469176K) : snsring_drw has 0 polygons
2026-09-09 20:57:27 +0200: Memory Usage (469336K) : sensor_drw has 0 polygons
2026-09-09 20:57:27 +0200: Memory Usage (469336K) : snsarms_drw has 0 polygons
2026-09-09 20:57:27 +0200: Memory Usage (469336K) : snscmosvia_drw has 0 polygons
2026-09-09 20:57:27 +0200: Memory Usage (469496K) : colwind_drw has 0 polygons
2026-09-09 20:57:27 +0200: Memory Usage (469496K) : flm_drw has 0 polygons
2026-09-09 20:57:27 +0200: Memory Usage (469496K) : hafniumox_drw has 0 polygons
2026-09-09 20:57:27 +0200: Memory Usage (469656K) : memvia_drw has 0 polygons
2026-09-09 20:57:27 +0200: Memory Usage (469656K) : thinfilmres_drw has 0 polygons
2026-09-09 20:57:27 +0200: Memory Usage (469656K) : rfmem_drw has 0 polygons
2026-09-09 20:57:27 +0200: Memory Usage (469816K) : norcx_drw has 0 polygons
2026-09-09 20:57:27 +0200: Memory Usage (469816K) : norcx_m2m3 has 0 polygons
2026-09-09 20:57:27 +0200: Memory Usage (469816K) : norcx_m2m4 has 0 polygons
2026-09-09 20:57:27 +0200: Memory Usage (469976K) : norcx_m2m5 has 0 polygons
2026-09-09 20:57:27 +0200: Memory Usage (469976K) : norcx_m2tm1 has 0 polygons
2026-09-09 20:57:27 +0200: Memory Usage (469976K) : norcx_m2tm2 has 0 polygons
2026-09-09 20:57:27 +0200: Memory Usage (470136K) : norcx_m3m4 has 0 polygons
2026-09-09 20:57:27 +0200: Memory Usage (470136K) : norcx_m3m5 has 0 polygons
2026-09-09 20:57:27 +0200: Memory Usage (470136K) : norcx_m3tm1 has 0 polygons
2026-09-09 20:57:27 +0200: Memory Usage (470296K) : norcx_m3tm2 has 0 polygons
2026-09-09 20:57:27 +0200: Memory Usage (470296K) : norcx_m4m5 has 0 polygons
2026-09-09 20:57:27 +0200: Memory Usage (470296K) : norcx_m4tm1 has 0 polygons
2026-09-09 20:57:27 +0200: Memory Usage (470456K) : norcx_m4tm2 has 0 polygons
2026-09-09 20:57:27 +0200: Memory Usage (470456K) : norcx_m5tm1 has 0 polygons
2026-09-09 20:57:27 +0200: Memory Usage (470456K) : norcx_m5tm2 has 0 polygons
2026-09-09 20:57:27 +0200: Memory Usage (470616K) : norcx_tm1tm2 has 0 polygons
2026-09-09 20:57:27 +0200: Memory Usage (470616K) : norcx_m1sub has 0 polygons
2026-09-09 20:57:27 +0200: Memory Usage (470616K) : norcx_m2sub has 0 polygons
2026-09-09 20:57:27 +0200: Memory Usage (470776K) : norcx_m3sub has 0 polygons
2026-09-09 20:57:27 +0200: Memory Usage (470776K) : norcx_m4sub has 0 polygons
2026-09-09 20:57:27 +0200: Memory Usage (470776K) : norcx_m5sub has 0 polygons
2026-09-09 20:57:27 +0200: Memory Usage (470936K) : norcx_tm1sub has 0 polygons
2026-09-09 20:57:27 +0200: Memory Usage (470936K) : norcx_tm2sub has 0 polygons
2026-09-09 20:57:27 +0200: Memory Usage (470936K) : snsbotvia_drw has 0 polygons
2026-09-09 20:57:27 +0200: Memory Usage (471096K) : snstopvia_drw has 0 polygons
2026-09-09 20:57:27 +0200: Memory Usage (471096K) : deepvia_drw has 0 polygons
2026-09-09 20:57:27 +0200: Memory Usage (471096K) : fgetch_drw has 0 polygons
2026-09-09 20:57:27 +0200: Memory Usage (471256K) : ctrgat_drw has 0 polygons
2026-09-09 20:57:27 +0200: Memory Usage (471256K) : fgimp_drw has 0 polygons
2026-09-09 20:57:27 +0200: Memory Usage (471256K) : emwihv_drw has 0 polygons
2026-09-09 20:57:27 +0200: Memory Usage (471416K) : lbe_drw has 0 polygons
2026-09-09 20:57:27 +0200: Memory Usage (471416K) : alcustop_drw has 0 polygons
2026-09-09 20:57:27 +0200: Memory Usage (471416K) : nometfiller_drw has 0 polygons
2026-09-09 20:57:27 +0200: Memory Usage (471576K) : prboundary_drw has 0 polygons
2026-09-09 20:57:27 +0200: Memory Usage (471576K) : exchange0_drw has 0 polygons
2026-09-09 20:57:27 +0200: Memory Usage (471576K) : exchange0_pin has 0 polygons
2026-09-09 20:57:27 +0200: Memory Usage (471736K) : exchange0_text has 0 polygons
2026-09-09 20:57:27 +0200: Memory Usage (471736K) : exchange1_drw has 0 polygons
2026-09-09 20:57:27 +0200: Memory Usage (471736K) : exchange1_pin has 0 polygons
2026-09-09 20:57:27 +0200: Memory Usage (471896K) : exchange1_text has 0 polygons
2026-09-09 20:57:27 +0200: Memory Usage (471896K) : exchange2_drw has 0 polygons
2026-09-09 20:57:27 +0200: Memory Usage (471896K) : exchange2_pin has 0 polygons
2026-09-09 20:57:27 +0200: Memory Usage (472056K) : exchange2_text has 0 polygons
2026-09-09 20:57:27 +0200: Memory Usage (472056K) : exchange3_drw has 0 polygons
2026-09-09 20:57:27 +0200: Memory Usage (472056K) : exchange3_pin has 0 polygons
2026-09-09 20:57:27 +0200: Memory Usage (472216K) : exchange3_text has 0 polygons
2026-09-09 20:57:27 +0200: Memory Usage (472216K) : exchange4_drw has 0 polygons
2026-09-09 20:57:27 +0200: Memory Usage (472216K) : exchange4_pin has 0 polygons
2026-09-09 20:57:27 +0200: Memory Usage (472376K) : exchange4_text has 0 polygons
2026-09-09 20:57:27 +0200: Memory Usage (472376K) : isonwell_drw has 0 polygons
2026-09-09 20:57:27 +0200: Memory Usage (472376K) : Total no. of polygons in the design is 99
2026-09-09 20:57:27 +0200: Memory Usage (472376K) : Loaded TECH DRC rules values from /foss/pdks/ihp-sg13g2/libs.tech/klayout/python/sg13g2_pycell_lib/sg13g2_tech_mod.json
2026-09-09 20:57:27 +0200: Memory Usage (472376K) : Loaded default DRC rules values from /foss/pdks/ihp-sg13g2/libs.tech/klayout/tech/drc/rule_decks/sg13g2_tech_default.json
2026-09-09 20:57:27 +0200: Memory Usage (472376K) : The following rules values were missing in tech json and default values were used:
2026-09-09 20:57:27 +0200: Memory Usage (472376K) :   - NW_f1_digibnd
2026-09-09 20:57:27 +0200: Memory Usage (472376K) :   - Cnt_c_digibnd
2026-09-09 20:57:27 +0200: Memory Usage (472376K) :   - Cnt_c_sram
2026-09-09 20:57:27 +0200: Memory Usage (472376K) :   - Sdiod_b
2026-09-09 20:57:27 +0200: Memory Usage (472376K) :   - Sdiod_c
2026-09-09 20:57:27 +0200: Memory Usage (473704K) : Total area of the design is 18.9648 um^2.
2026-09-09 20:57:27 +0200: Memory Usage (473704K) : The design dimensions are 4.32 µm * 4.39 µm.
2026-09-09 20:57:27 +0200: Memory Usage (473704K) : Starting general IHP-SG13G2 derivations.
2026-09-09 20:57:27 +0200: Memory Usage (473704K) : Starting Pwell derivations
2026-09-09 20:57:27 +0200: Memory Usage (475904K) : Starting n-Activ derivations
2026-09-09 20:57:27 +0200: Memory Usage (476064K) : Starting p-Activ derivations
2026-09-09 20:57:27 +0200: Memory Usage (476064K) : Starting ptap derivations
2026-09-09 20:57:27 +0200: Memory Usage (476064K) : Starting ntap derivations
2026-09-09 20:57:27 +0200: Memory Usage (476064K) : Starting pact FET derivations
2026-09-09 20:57:27 +0200: Memory Usage (476224K) : Starting nact FET derivations
2026-09-09 20:57:27 +0200: Memory Usage (476384K) : Starting Gate derivations
2026-09-09 20:57:27 +0200: Memory Usage (476384K) : Starting SVaricap general derivations
2026-09-09 20:57:27 +0200: Memory Usage (476544K) : Starting IHP-SG13G2 DRC connectivity related derivations.
2026-09-09 20:57:27 +0200: Memory Usage (476544K) : Starting IHP-SG13G2 DRC connectivity setup
2026-09-09 20:57:27 +0200: Memory Usage (476928K) : Starting IHP-SG13G2 DRC rules.
2026-09-09 20:57:27 +0200: Memory Usage (476928K) : Starting 5.3 nBuLay table
2026-09-09 20:57:27 +0200: Memory Usage (476928K) : Executing rule NBL.b
2026-09-09 20:57:27 +0200: Memory Usage (477120K) : Executing rule NBL.c
2026-09-09 20:57:27 +0200: Memory Usage (477120K) : Executing rule NBL.d
2026-09-09 20:57:27 +0200: Memory Usage (477120K) : Executing rule NBL.e
2026-09-09 20:57:27 +0200: Memory Usage (477120K) : Executing rule NBL.f
2026-09-09 20:57:27 +0200: Memory Usage (477120K) : KLayout DRC run for tables 'nbulay' completed in 0.24 seconds
