# Logfile created on 2026-09-09 20:57:30 +0200 by logger.rb/v1.5.3
2026-09-09 20:57:30 +0200: Memory Usage (456904K) : Starting running IHP-SG13G2 KLayout DRC runset on /foss/designs/aion_chip/flow/regress/AION_nand2_o21ai_0/AION_nand2_o21ai_0.gds
2026-09-09 20:57:30 +0200: Memory Usage (456904K) : Ruby Version for klayout: 3.2.3
2026-09-09 20:57:30 +0200: Memory Usage (457892K) : Loading database to memory is complete.
2026-09-09 20:57:30 +0200: Memory Usage (457892K) : IHP-SG13G2 KLayout DRC runset output at: /foss/designs/aion_chip/flow/regress/AION_nand2_o21ai_0/drc/AION_nand2_o21ai_0.klayout.drc/AION_nand2_o21ai_0_AION_nand2_o21ai_0_pad.lyrdb
2026-09-09 20:57:30 +0200: Memory Usage (457892K) : Evaluate switches.
2026-09-09 20:57:30 +0200: Memory Usage (457892K) : tables selected: pad
2026-09-09 20:57:30 +0200: Memory Usage (457892K) : KLayout will use 15 thread(s) in tiling mode.
2026-09-09 20:57:30 +0200: Memory Usage (457892K) : deep mode is enabled.
2026-09-09 20:57:30 +0200: Memory Usage (457892K) : FEOL enabled: false
2026-09-09 20:57:30 +0200: Memory Usage (457892K) : BEOL enabled: false
2026-09-09 20:57:30 +0200: Memory Usage (457892K) : OFFGRID enabled: true
2026-09-09 20:57:30 +0200: Memory Usage (457892K) : ANGLE enabled: true
2026-09-09 20:57:30 +0200: Memory Usage (457892K) : PIN enabled: false
2026-09-09 20:57:30 +0200: Memory Usage (457892K) : FORBIDDEN enabled: false
2026-09-09 20:57:30 +0200: Memory Usage (457892K) : RECOMMENDED enabled: true
2026-09-09 20:57:30 +0200: Memory Usage (457892K) : PreCheck DRC enabled: false
2026-09-09 20:57:30 +0200: Memory Usage (457892K) : CONNECTIVITY_RULES enabled: false.
2026-09-09 20:57:30 +0200: Memory Usage (457892K) : Read in polygons from layers.
2026-09-09 20:57:30 +0200: Memory Usage (459020K) : activ_drw has 5 polygons
2026-09-09 20:57:30 +0200: Memory Usage (459020K) : activ_pin has 0 polygons
2026-09-09 20:57:30 +0200: Memory Usage (459020K) : activ_mask has 0 polygons
2026-09-09 20:57:30 +0200: Memory Usage (459020K) : activ_filler has 0 polygons
2026-09-09 20:57:30 +0200: Memory Usage (459020K) : activ_nofill has 0 polygons
2026-09-09 20:57:30 +0200: Memory Usage (459020K) : activ_opc has 0 polygons
2026-09-09 20:57:30 +0200: Memory Usage (459020K) : activ_iopc has 0 polygons
2026-09-09 20:57:30 +0200: Memory Usage (459020K) : activ_noqrc has 0 polygons
2026-09-09 20:57:30 +0200: Memory Usage (459020K) : biwind_drw has 0 polygons
2026-09-09 20:57:30 +0200: Memory Usage (459020K) : biwind_opc has 0 polygons
2026-09-09 20:57:30 +0200: Memory Usage (459020K) : pemwind_drw has 0 polygons
2026-09-09 20:57:30 +0200: Memory Usage (459020K) : gatpoly_drw has 10 polygons
2026-09-09 20:57:30 +0200: Memory Usage (459020K) : gatpoly_pin has 0 polygons
2026-09-09 20:57:30 +0200: Memory Usage (459020K) : gatpoly_filler has 0 polygons
2026-09-09 20:57:30 +0200: Memory Usage (459020K) : gatpoly_nofill has 0 polygons
2026-09-09 20:57:30 +0200: Memory Usage (459020K) : gatpoly_opc has 0 polygons
2026-09-09 20:57:30 +0200: Memory Usage (459020K) : gatpoly_iopc has 0 polygons
2026-09-09 20:57:30 +0200: Memory Usage (459020K) : gatpoly_noqrc has 0 polygons
2026-09-09 20:57:30 +0200: Memory Usage (459020K) : cont_drw has 41 polygons
2026-09-09 20:57:30 +0200: Memory Usage (459180K) : cont_opc has 0 polygons
2026-09-09 20:57:30 +0200: Memory Usage (459180K) : nsd_drw has 0 polygons
2026-09-09 20:57:30 +0200: Memory Usage (459180K) : nsd_block has 0 polygons
2026-09-09 20:57:30 +0200: Memory Usage (459180K) : metal1_drw has 23 polygons
2026-09-09 20:57:30 +0200: Memory Usage (459180K) : metal1_pin has 6 polygons
2026-09-09 20:57:30 +0200: Memory Usage (459340K) : metal1_mask has 0 polygons
2026-09-09 20:57:30 +0200: Memory Usage (459340K) : metal1_filler has 0 polygons
2026-09-09 20:57:30 +0200: Memory Usage (459340K) : metal1_nofill has 0 polygons
2026-09-09 20:57:30 +0200: Memory Usage (459500K) : metal1_slit has 0 polygons
2026-09-09 20:57:30 +0200: Memory Usage (459884K) : metal1_text has 6 polygons
2026-09-09 20:57:30 +0200: Memory Usage (459884K) : metal1_opc has 0 polygons
2026-09-09 20:57:30 +0200: Memory Usage (460044K) : metal1_noqrc has 0 polygons
2026-09-09 20:57:30 +0200: Memory Usage (460044K) : metal1_res has 0 polygons
2026-09-09 20:57:30 +0200: Memory Usage (460044K) : metal1_iprobe has 0 polygons
2026-09-09 20:57:30 +0200: Memory Usage (460204K) : metal1_diffprb has 0 polygons
2026-09-09 20:57:30 +0200: Memory Usage (460204K) : passiv_drw has 0 polygons
2026-09-09 20:57:30 +0200: Memory Usage (460204K) : passiv_pin has 0 polygons
2026-09-09 20:57:30 +0200: Memory Usage (460364K) : passiv_sbump has 0 polygons
2026-09-09 20:57:30 +0200: Memory Usage (460364K) : passiv_pillar has 0 polygons
2026-09-09 20:57:31 +0200: Memory Usage (460364K) : passiv_pdl has 0 polygons
2026-09-09 20:57:31 +0200: Memory Usage (460364K) : metal2_drw has 1 polygons
2026-09-09 20:57:31 +0200: Memory Usage (460524K) : metal2_pin has 1 polygons
2026-09-09 20:57:31 +0200: Memory Usage (460524K) : metal2_mask has 0 polygons
2026-09-09 20:57:31 +0200: Memory Usage (460524K) : metal2_filler has 0 polygons
2026-09-09 20:57:31 +0200: Memory Usage (460524K) : metal2_nofill has 0 polygons
2026-09-09 20:57:31 +0200: Memory Usage (460524K) : metal2_slit has 0 polygons
2026-09-09 20:57:31 +0200: Memory Usage (460524K) : metal2_text has 1 polygons
2026-09-09 20:57:31 +0200: Memory Usage (460524K) : metal2_opc has 0 polygons
2026-09-09 20:57:31 +0200: Memory Usage (460684K) : metal2_noqrc has 0 polygons
2026-09-09 20:57:31 +0200: Memory Usage (460684K) : metal2_res has 0 polygons
2026-09-09 20:57:31 +0200: Memory Usage (460684K) : metal2_iprobe has 0 polygons
2026-09-09 20:57:31 +0200: Memory Usage (460684K) : metal2_diffprb has 0 polygons
2026-09-09 20:57:31 +0200: Memory Usage (460684K) : baspoly_drw has 0 polygons
2026-09-09 20:57:31 +0200: Memory Usage (460684K) : baspoly_pin has 0 polygons
2026-09-09 20:57:31 +0200: Memory Usage (460844K) : psd_drw has 2 polygons
2026-09-09 20:57:31 +0200: Memory Usage (460844K) : nldb_drw has 0 polygons
2026-09-09 20:57:31 +0200: Memory Usage (460844K) : digibnd_drw has 0 polygons
2026-09-09 20:57:31 +0200: Memory Usage (461004K) : via1_drw has 2 polygons
2026-09-09 20:57:31 +0200: Memory Usage (461004K) : backmetal1_drw has 0 polygons
2026-09-09 20:57:31 +0200: Memory Usage (461004K) : backmetal1_pin has 0 polygons
2026-09-09 20:57:31 +0200: Memory Usage (461164K) : backmetal1_mask has 0 polygons
2026-09-09 20:57:31 +0200: Memory Usage (461164K) : backmetal1_filler has 0 polygons
2026-09-09 20:57:31 +0200: Memory Usage (461164K) : backmetal1_nofill has 0 polygons
2026-09-09 20:57:31 +0200: Memory Usage (461324K) : backmetal1_slit has 0 polygons
2026-09-09 20:57:31 +0200: Memory Usage (461324K) : backmetal1_text has 0 polygons
2026-09-09 20:57:31 +0200: Memory Usage (461324K) : backmetal1_opc has 0 polygons
2026-09-09 20:57:31 +0200: Memory Usage (461484K) : backmetal1_noqrc has 0 polygons
2026-09-09 20:57:31 +0200: Memory Usage (461484K) : backmetal1_res has 0 polygons
2026-09-09 20:57:31 +0200: Memory Usage (461644K) : backmetal1_iprobe has 0 polygons
2026-09-09 20:57:31 +0200: Memory Usage (461804K) : backmetal1_diffprb has 0 polygons
2026-09-09 20:57:31 +0200: Memory Usage (461804K) : backpassiv_drw has 0 polygons
2026-09-09 20:57:31 +0200: Memory Usage (461804K) : res_drw has 0 polygons
2026-09-09 20:57:31 +0200: Memory Usage (461964K) : sram_drw has 0 polygons
2026-09-09 20:57:31 +0200: Memory Usage (461964K) : trans_drw has 0 polygons
2026-09-09 20:57:31 +0200: Memory Usage (461964K) : ind_drw has 0 polygons
2026-09-09 20:57:31 +0200: Memory Usage (462124K) : ind_pin has 0 polygons
2026-09-09 20:57:31 +0200: Memory Usage (462124K) : ind_text has 0 polygons
2026-09-09 20:57:31 +0200: Memory Usage (462124K) : salblock_drw has 0 polygons
2026-09-09 20:57:31 +0200: Memory Usage (462284K) : via2_drw has 0 polygons
2026-09-09 20:57:31 +0200: Memory Usage (462284K) : metal3_drw has 0 polygons
2026-09-09 20:57:31 +0200: Memory Usage (462284K) : metal3_pin has 0 polygons
2026-09-09 20:57:31 +0200: Memory Usage (462444K) : metal3_mask has 0 polygons
2026-09-09 20:57:31 +0200: Memory Usage (462444K) : metal3_filler has 0 polygons
2026-09-09 20:57:31 +0200: Memory Usage (462444K) : metal3_nofill has 0 polygons
2026-09-09 20:57:31 +0200: Memory Usage (462604K) : metal3_slit has 0 polygons
2026-09-09 20:57:31 +0200: Memory Usage (462604K) : metal3_text has 0 polygons
2026-09-09 20:57:31 +0200: Memory Usage (462604K) : metal3_opc has 0 polygons
2026-09-09 20:57:31 +0200: Memory Usage (462764K) : metal3_noqrc has 0 polygons
2026-09-09 20:57:31 +0200: Memory Usage (462764K) : metal3_res has 0 polygons
2026-09-09 20:57:31 +0200: Memory Usage (462924K) : metal3_iprobe has 0 polygons
2026-09-09 20:57:31 +0200: Memory Usage (462924K) : metal3_diffprb has 0 polygons
2026-09-09 20:57:31 +0200: Memory Usage (462924K) : nwell_drw has 1 polygons
2026-09-09 20:57:31 +0200: Memory Usage (462924K) : nwell_pin has 0 polygons
2026-09-09 20:57:31 +0200: Memory Usage (463084K) : nbulay_drw has 0 polygons
2026-09-09 20:57:31 +0200: Memory Usage (463084K) : nbulay_pin has 0 polygons
2026-09-09 20:57:31 +0200: Memory Usage (463084K) : nbulay_block has 0 polygons
2026-09-09 20:57:31 +0200: Memory Usage (463084K) : emwind_drw has 0 polygons
2026-09-09 20:57:31 +0200: Memory Usage (463244K) : emwind_opc has 0 polygons
2026-09-09 20:57:31 +0200: Memory Usage (463244K) : deepco_drw has 0 polygons
2026-09-09 20:57:31 +0200: Memory Usage (463244K) : deepco_drw has 0 polygons
2026-09-09 20:57:31 +0200: Memory Usage (463244K) : mim_drw has 0 polygons
2026-09-09 20:57:31 +0200: Memory Usage (463404K) : edgeseal_drw has 0 polygons
2026-09-09 20:57:31 +0200: Memory Usage (463404K) : edgeseal_bound has 0 polygons
2026-09-09 20:57:31 +0200: Memory Usage (463404K) : substrate_drw has 0 polygons
2026-09-09 20:57:31 +0200: Memory Usage (463404K) : substrate_text has 0 polygons
2026-09-09 20:57:31 +0200: Memory Usage (463564K) : dfpad_drw has 0 polygons
2026-09-09 20:57:31 +0200: Memory Usage (463564K) : dfpad_pillar has 0 polygons
2026-09-09 20:57:31 +0200: Memory Usage (463564K) : dfpad_sbump has 0 polygons
2026-09-09 20:57:31 +0200: Memory Usage (463564K) : thickgateox_drw has 0 polygons
2026-09-09 20:57:31 +0200: Memory Usage (463724K) : pldb_drw has 0 polygons
2026-09-09 20:57:31 +0200: Memory Usage (463724K) : pwell_drw has 0 polygons
2026-09-09 20:57:31 +0200: Memory Usage (463724K) : pwell_pin has 0 polygons
2026-09-09 20:57:31 +0200: Memory Usage (463884K) : pwell_block has 0 polygons
2026-09-09 20:57:31 +0200: Memory Usage (463884K) : ic_drw has 0 polygons
2026-09-09 20:57:31 +0200: Memory Usage (463884K) : via3_drw has 0 polygons
2026-09-09 20:57:31 +0200: Memory Usage (464044K) : metal4_drw has 0 polygons
2026-09-09 20:57:31 +0200: Memory Usage (464044K) : metal4_pin has 0 polygons
2026-09-09 20:57:31 +0200: Memory Usage (464044K) : metal4_mask has 0 polygons
2026-09-09 20:57:31 +0200: Memory Usage (464204K) : metal4_filler has 0 polygons
2026-09-09 20:57:31 +0200: Memory Usage (464204K) : metal4_nofill has 0 polygons
2026-09-09 20:57:31 +0200: Memory Usage (464364K) : metal4_slit has 0 polygons
2026-09-09 20:57:31 +0200: Memory Usage (464364K) : metal4_text has 0 polygons
2026-09-09 20:57:31 +0200: Memory Usage (464364K) : metal4_opc has 0 polygons
2026-09-09 20:57:31 +0200: Memory Usage (464364K) : metal4_noqrc has 0 polygons
2026-09-09 20:57:31 +0200: Memory Usage (464524K) : metal4_res has 0 polygons
2026-09-09 20:57:31 +0200: Memory Usage (464524K) : metal4_iprobe has 0 polygons
2026-09-09 20:57:31 +0200: Memory Usage (464684K) : metal4_diffprb has 0 polygons
2026-09-09 20:57:31 +0200: Memory Usage (464684K) : heattrans_drw has 0 polygons
2026-09-09 20:57:31 +0200: Memory Usage (464684K) : heatres_drw has 0 polygons
2026-09-09 20:57:31 +0200: Memory Usage (464844K) : pempoly_drw has 0 polygons
2026-09-09 20:57:31 +0200: Memory Usage (464844K) : fbe_drw has 0 polygons
2026-09-09 20:57:31 +0200: Memory Usage (464844K) : empoly_drw has 0 polygons
2026-09-09 20:57:31 +0200: Memory Usage (465004K) : ldmos_drw has 0 polygons
2026-09-09 20:57:31 +0200: Memory Usage (465004K) : pbiwind_drw has 0 polygons
2026-09-09 20:57:31 +0200: Memory Usage (465004K) : digisub_drw has 0 polygons
2026-09-09 20:57:31 +0200: Memory Usage (465004K) : nodrc_drw has 0 polygons
2026-09-09 20:57:31 +0200: Memory Usage (465164K) : text_drw has 0 polygons
2026-09-09 20:57:31 +0200: Memory Usage (465164K) : via4_drw has 0 polygons
2026-09-09 20:57:31 +0200: Memory Usage (465164K) : metal5_drw has 0 polygons
2026-09-09 20:57:31 +0200: Memory Usage (465164K) : metal5_pin has 0 polygons
2026-09-09 20:57:31 +0200: Memory Usage (465324K) : metal5_mask has 0 polygons
2026-09-09 20:57:31 +0200: Memory Usage (465324K) : metal5_filler has 0 polygons
2026-09-09 20:57:31 +0200: Memory Usage (465324K) : metal5_nofill has 0 polygons
2026-09-09 20:57:31 +0200: Memory Usage (465484K) : metal5_slit has 0 polygons
2026-09-09 20:57:31 +0200: Memory Usage (465484K) : metal5_text has 0 polygons
2026-09-09 20:57:31 +0200: Memory Usage (465484K) : metal5_opc has 0 polygons
2026-09-09 20:57:31 +0200: Memory Usage (465484K) : metal5_noqrc has 0 polygons
2026-09-09 20:57:31 +0200: Memory Usage (465644K) : metal5_res has 0 polygons
2026-09-09 20:57:31 +0200: Memory Usage (465644K) : metal5_iprobe has 0 polygons
2026-09-09 20:57:31 +0200: Memory Usage (465644K) : metal5_diffprb has 0 polygons
2026-09-09 20:57:31 +0200: Memory Usage (465804K) : radhard_drw has 0 polygons
2026-09-09 20:57:31 +0200: Memory Usage (465804K) : memcap_drw has 0 polygons
2026-09-09 20:57:31 +0200: Memory Usage (465804K) : varicap_drw has 0 polygons
2026-09-09 20:57:31 +0200: Memory Usage (465964K) : flash_drw has 0 polygons
2026-09-09 20:57:31 +0200: Memory Usage (465964K) : intbondvia_drw has 0 polygons
2026-09-09 20:57:31 +0200: Memory Usage (466124K) : intbondmet_drw has 0 polygons
2026-09-09 20:57:31 +0200: Memory Usage (466124K) : devbondvia_drw has 0 polygons
2026-09-09 20:57:31 +0200: Memory Usage (466124K) : devbondmet_drw has 0 polygons
2026-09-09 20:57:31 +0200: Memory Usage (466284K) : devtrench_drw has 0 polygons
2026-09-09 20:57:31 +0200: Memory Usage (466284K) : redist_drw has 0 polygons
2026-09-09 20:57:31 +0200: Memory Usage (466284K) : graphbot_drw has 0 polygons
2026-09-09 20:57:31 +0200: Memory Usage (466444K) : graphtop_drw has 0 polygons
2026-09-09 20:57:31 +0200: Memory Usage (466444K) : antvia1_drw has 0 polygons
2026-09-09 20:57:31 +0200: Memory Usage (466444K) : antmetal2_drw has 0 polygons
2026-09-09 20:57:31 +0200: Memory Usage (466604K) : graphcont_drw has 0 polygons
2026-09-09 20:57:31 +0200: Memory Usage (466604K) : siwg_drw has 0 polygons
2026-09-09 20:57:31 +0200: Memory Usage (466604K) : siwg_filler has 0 polygons
2026-09-09 20:57:31 +0200: Memory Usage (466764K) : siwg_nofill has 0 polygons
2026-09-09 20:57:31 +0200: Memory Usage (466764K) : sigrating_drw has 0 polygons
2026-09-09 20:57:31 +0200: Memory Usage (466764K) : singrating_drw has 0 polygons
2026-09-09 20:57:31 +0200: Memory Usage (466924K) : graphpas_drw has 0 polygons
2026-09-09 20:57:31 +0200: Memory Usage (466924K) : emwind3_drw has 0 polygons
2026-09-09 20:57:31 +0200: Memory Usage (466924K) : emwihv3_drw has 0 polygons
2026-09-09 20:57:31 +0200: Memory Usage (466924K) : redbulay_drw has 0 polygons
2026-09-09 20:57:31 +0200: Memory Usage (466924K) : smos_drw has 0 polygons
2026-09-09 20:57:31 +0200: Memory Usage (467084K) : graphpad_drw has 0 polygons
2026-09-09 20:57:31 +0200: Memory Usage (467084K) : polimide_drw has 0 polygons
2026-09-09 20:57:31 +0200: Memory Usage (467084K) : polimide_pin has 0 polygons
2026-09-09 20:57:31 +0200: Memory Usage (467084K) : recog_drw has 0 polygons
2026-09-09 20:57:31 +0200: Memory Usage (467244K) : recog_pin has 0 polygons
2026-09-09 20:57:31 +0200: Memory Usage (467244K) : recog_esd has 0 polygons
2026-09-09 20:57:31 +0200: Memory Usage (467244K) : recog_diode has 0 polygons
2026-09-09 20:57:31 +0200: Memory Usage (467404K) : recog_tsv has 0 polygons
2026-09-09 20:57:31 +0200: Memory Usage (467404K) : recog_iprobe has 0 polygons
2026-09-09 20:57:31 +0200: Memory Usage (467404K) : recog_diffprb has 0 polygons
2026-09-09 20:57:31 +0200: Memory Usage (467564K) : recog_pillar has 0 polygons
2026-09-09 20:57:31 +0200: Memory Usage (467564K) : recog_sbump has 0 polygons
2026-09-09 20:57:31 +0200: Memory Usage (467564K) : recog_otp has 0 polygons
2026-09-09 20:57:31 +0200: Memory Usage (467724K) : recog_pdiode has 0 polygons
2026-09-09 20:57:31 +0200: Memory Usage (467724K) : recog_mom has 0 polygons
2026-09-09 20:57:31 +0200: Memory Usage (467724K) : recog_pcm has 0 polygons
2026-09-09 20:57:31 +0200: Memory Usage (467884K) : colopen_drw has 0 polygons
2026-09-09 20:57:31 +0200: Memory Usage (467884K) : graphmetal1_drw has 0 polygons
2026-09-09 20:57:31 +0200: Memory Usage (467884K) : graphmetal1_filler has 0 polygons
2026-09-09 20:57:31 +0200: Memory Usage (468044K) : graphmetal1_nofill has 0 polygons
2026-09-09 20:57:31 +0200: Memory Usage (468044K) : graphmetal1_slit has 0 polygons
2026-09-09 20:57:31 +0200: Memory Usage (468044K) : graphmetal1_opc has 0 polygons
2026-09-09 20:57:31 +0200: Memory Usage (468204K) : graphmet1l_drw has 0 polygons
2026-09-09 20:57:31 +0200: Memory Usage (468204K) : graphmet1l_filler has 0 polygons
2026-09-09 20:57:31 +0200: Memory Usage (468204K) : graphmet1l_nofill has 0 polygons
2026-09-09 20:57:31 +0200: Memory Usage (468364K) : graphmet1l_slit has 0 polygons
2026-09-09 20:57:31 +0200: Memory Usage (468364K) : graphmet1l_opc has 0 polygons
2026-09-09 20:57:31 +0200: Memory Usage (468364K) : extblock_drw has 0 polygons
2026-09-09 20:57:31 +0200: Memory Usage (468524K) : nldd_drw has 0 polygons
2026-09-09 20:57:31 +0200: Memory Usage (468524K) : pldd_drw has 0 polygons
2026-09-09 20:57:31 +0200: Memory Usage (468524K) : next_drw has 0 polygons
2026-09-09 20:57:31 +0200: Memory Usage (468684K) : pext_drw has 0 polygons
2026-09-09 20:57:31 +0200: Memory Usage (468684K) : nexthv_drw has 0 polygons
2026-09-09 20:57:31 +0200: Memory Usage (468684K) : pexthv_drw has 0 polygons
2026-09-09 20:57:31 +0200: Memory Usage (468844K) : graphgate_drw has 0 polygons
2026-09-09 20:57:31 +0200: Memory Usage (468844K) : sinwg_drw has 0 polygons
2026-09-09 20:57:31 +0200: Memory Usage (468844K) : sinwg_filler has 0 polygons
2026-09-09 20:57:31 +0200: Memory Usage (469004K) : sinwg_nofill has 0 polygons
2026-09-09 20:57:31 +0200: Memory Usage (469004K) : mempad_drw has 0 polygons
2026-09-09 20:57:31 +0200: Memory Usage (469004K) : topvia1_drw has 0 polygons
2026-09-09 20:57:31 +0200: Memory Usage (469004K) : topmetal1_drw has 0 polygons
2026-09-09 20:57:31 +0200: Memory Usage (469004K) : topmetal1_pin has 0 polygons
2026-09-09 20:57:31 +0200: Memory Usage (469004K) : topmetal1_mask has 0 polygons
2026-09-09 20:57:31 +0200: Memory Usage (469004K) : topmetal1_filler has 0 polygons
2026-09-09 20:57:31 +0200: Memory Usage (469004K) : topmetal1_nofill has 0 polygons
2026-09-09 20:57:31 +0200: Memory Usage (469004K) : topmetal1_slit has 0 polygons
2026-09-09 20:57:31 +0200: Memory Usage (469004K) : topmetal1_text has 0 polygons
2026-09-09 20:57:31 +0200: Memory Usage (469164K) : topmetal1_noqrc has 0 polygons
2026-09-09 20:57:31 +0200: Memory Usage (469164K) : topmetal1_res has 0 polygons
2026-09-09 20:57:31 +0200: Memory Usage (469164K) : topmetal1_iprobe has 0 polygons
2026-09-09 20:57:31 +0200: Memory Usage (469324K) : topmetal1_diffprb has 0 polygons
2026-09-09 20:57:31 +0200: Memory Usage (469324K) : inldpwl_drw has 0 polygons
2026-09-09 20:57:31 +0200: Memory Usage (469324K) : polyres_drw has 0 polygons
2026-09-09 20:57:31 +0200: Memory Usage (469484K) : polyres_pin has 0 polygons
2026-09-09 20:57:31 +0200: Memory Usage (469484K) : vmim_drw has 0 polygons
2026-09-09 20:57:31 +0200: Memory Usage (469484K) : nbulaycut_drw has 0 polygons
2026-09-09 20:57:31 +0200: Memory Usage (469644K) : antmetal1_drw has 0 polygons
2026-09-09 20:57:31 +0200: Memory Usage (469644K) : topvia2_drw has 0 polygons
2026-09-09 20:57:31 +0200: Memory Usage (469644K) : topmetal2_drw has 0 polygons
2026-09-09 20:57:31 +0200: Memory Usage (469804K) : topmetal2_pin has 0 polygons
2026-09-09 20:57:31 +0200: Memory Usage (469804K) : topmetal2_mask has 0 polygons
2026-09-09 20:57:31 +0200: Memory Usage (469804K) : topmetal2_filler has 0 polygons
2026-09-09 20:57:31 +0200: Memory Usage (469964K) : topmetal2_nofill has 0 polygons
2026-09-09 20:57:31 +0200: Memory Usage (469964K) : topmetal2_slit has 0 polygons
2026-09-09 20:57:31 +0200: Memory Usage (469964K) : topmetal2_text has 0 polygons
2026-09-09 20:57:31 +0200: Memory Usage (470124K) : topmetal2_noqrc has 0 polygons
2026-09-09 20:57:31 +0200: Memory Usage (470124K) : topmetal2_res has 0 polygons
2026-09-09 20:57:31 +0200: Memory Usage (470124K) : topmetal2_iprobe has 0 polygons
2026-09-09 20:57:31 +0200: Memory Usage (470284K) : topmetal2_diffprb has 0 polygons
2026-09-09 20:57:31 +0200: Memory Usage (470284K) : snsring_drw has 0 polygons
2026-09-09 20:57:31 +0200: Memory Usage (470284K) : sensor_drw has 0 polygons
2026-09-09 20:57:31 +0200: Memory Usage (470444K) : snsarms_drw has 0 polygons
2026-09-09 20:57:31 +0200: Memory Usage (470444K) : snscmosvia_drw has 0 polygons
2026-09-09 20:57:31 +0200: Memory Usage (470444K) : colwind_drw has 0 polygons
2026-09-09 20:57:31 +0200: Memory Usage (470604K) : flm_drw has 0 polygons
2026-09-09 20:57:31 +0200: Memory Usage (470604K) : hafniumox_drw has 0 polygons
2026-09-09 20:57:31 +0200: Memory Usage (470604K) : memvia_drw has 0 polygons
2026-09-09 20:57:31 +0200: Memory Usage (470764K) : thinfilmres_drw has 0 polygons
2026-09-09 20:57:31 +0200: Memory Usage (470764K) : rfmem_drw has 0 polygons
2026-09-09 20:57:31 +0200: Memory Usage (470764K) : norcx_drw has 0 polygons
2026-09-09 20:57:31 +0200: Memory Usage (470924K) : norcx_m2m3 has 0 polygons
2026-09-09 20:57:31 +0200: Memory Usage (470924K) : norcx_m2m4 has 0 polygons
2026-09-09 20:57:31 +0200: Memory Usage (470924K) : norcx_m2m5 has 0 polygons
2026-09-09 20:57:31 +0200: Memory Usage (471084K) : norcx_m2tm1 has 0 polygons
2026-09-09 20:57:31 +0200: Memory Usage (471084K) : norcx_m2tm2 has 0 polygons
2026-09-09 20:57:31 +0200: Memory Usage (471084K) : norcx_m3m4 has 0 polygons
2026-09-09 20:57:31 +0200: Memory Usage (471244K) : norcx_m3m5 has 0 polygons
2026-09-09 20:57:31 +0200: Memory Usage (471244K) : norcx_m3tm1 has 0 polygons
2026-09-09 20:57:31 +0200: Memory Usage (471244K) : norcx_m3tm2 has 0 polygons
2026-09-09 20:57:31 +0200: Memory Usage (471404K) : norcx_m4m5 has 0 polygons
2026-09-09 20:57:31 +0200: Memory Usage (471404K) : norcx_m4tm1 has 0 polygons
2026-09-09 20:57:31 +0200: Memory Usage (471564K) : norcx_m4tm2 has 0 polygons
2026-09-09 20:57:31 +0200: Memory Usage (471564K) : norcx_m5tm1 has 0 polygons
2026-09-09 20:57:31 +0200: Memory Usage (471564K) : norcx_m5tm2 has 0 polygons
2026-09-09 20:57:31 +0200: Memory Usage (471724K) : norcx_tm1tm2 has 0 polygons
2026-09-09 20:57:31 +0200: Memory Usage (471724K) : norcx_m1sub has 0 polygons
2026-09-09 20:57:31 +0200: Memory Usage (471724K) : norcx_m2sub has 0 polygons
2026-09-09 20:57:31 +0200: Memory Usage (471884K) : norcx_m3sub has 0 polygons
2026-09-09 20:57:31 +0200: Memory Usage (471884K) : norcx_m4sub has 0 polygons
2026-09-09 20:57:31 +0200: Memory Usage (471884K) : norcx_m5sub has 0 polygons
2026-09-09 20:57:31 +0200: Memory Usage (472044K) : norcx_tm1sub has 0 polygons
2026-09-09 20:57:31 +0200: Memory Usage (472044K) : norcx_tm2sub has 0 polygons
2026-09-09 20:57:31 +0200: Memory Usage (472044K) : snsbotvia_drw has 0 polygons
2026-09-09 20:57:31 +0200: Memory Usage (472204K) : snstopvia_drw has 0 polygons
2026-09-09 20:57:31 +0200: Memory Usage (472204K) : deepvia_drw has 0 polygons
2026-09-09 20:57:31 +0200: Memory Usage (472204K) : fgetch_drw has 0 polygons
2026-09-09 20:57:31 +0200: Memory Usage (472364K) : ctrgat_drw has 0 polygons
2026-09-09 20:57:31 +0200: Memory Usage (472364K) : fgimp_drw has 0 polygons
2026-09-09 20:57:31 +0200: Memory Usage (472364K) : emwihv_drw has 0 polygons
2026-09-09 20:57:31 +0200: Memory Usage (472524K) : lbe_drw has 0 polygons
2026-09-09 20:57:31 +0200: Memory Usage (472524K) : alcustop_drw has 0 polygons
2026-09-09 20:57:31 +0200: Memory Usage (472524K) : nometfiller_drw has 0 polygons
2026-09-09 20:57:31 +0200: Memory Usage (472684K) : prboundary_drw has 0 polygons
2026-09-09 20:57:31 +0200: Memory Usage (472684K) : exchange0_drw has 0 polygons
2026-09-09 20:57:31 +0200: Memory Usage (472684K) : exchange0_pin has 0 polygons
2026-09-09 20:57:31 +0200: Memory Usage (472844K) : exchange0_text has 0 polygons
2026-09-09 20:57:31 +0200: Memory Usage (472844K) : exchange1_drw has 0 polygons
2026-09-09 20:57:31 +0200: Memory Usage (472844K) : exchange1_pin has 0 polygons
2026-09-09 20:57:31 +0200: Memory Usage (473004K) : exchange1_text has 0 polygons
2026-09-09 20:57:31 +0200: Memory Usage (473004K) : exchange2_drw has 0 polygons
2026-09-09 20:57:31 +0200: Memory Usage (473004K) : exchange2_pin has 0 polygons
2026-09-09 20:57:31 +0200: Memory Usage (473164K) : exchange2_text has 0 polygons
2026-09-09 20:57:31 +0200: Memory Usage (473164K) : exchange3_drw has 0 polygons
2026-09-09 20:57:31 +0200: Memory Usage (473164K) : exchange3_pin has 0 polygons
2026-09-09 20:57:31 +0200: Memory Usage (473164K) : exchange3_text has 0 polygons
2026-09-09 20:57:31 +0200: Memory Usage (473324K) : exchange4_drw has 0 polygons
2026-09-09 20:57:31 +0200: Memory Usage (473324K) : exchange4_pin has 0 polygons
2026-09-09 20:57:31 +0200: Memory Usage (473324K) : exchange4_text has 0 polygons
2026-09-09 20:57:31 +0200: Memory Usage (473484K) : isonwell_drw has 0 polygons
2026-09-09 20:57:31 +0200: Memory Usage (473484K) : Total no. of polygons in the design is 99
2026-09-09 20:57:31 +0200: Memory Usage (473484K) : Loaded TECH DRC rules values from /foss/pdks/ihp-sg13g2/libs.tech/klayout/python/sg13g2_pycell_lib/sg13g2_tech_mod.json
2026-09-09 20:57:31 +0200: Memory Usage (473484K) : Loaded default DRC rules values from /foss/pdks/ihp-sg13g2/libs.tech/klayout/tech/drc/rule_decks/sg13g2_tech_default.json
2026-09-09 20:57:31 +0200: Memory Usage (473484K) : The following rules values were missing in tech json and default values were used:
2026-09-09 20:57:31 +0200: Memory Usage (473484K) :   - NW_f1_digibnd
2026-09-09 20:57:31 +0200: Memory Usage (473484K) :   - Cnt_c_digibnd
2026-09-09 20:57:31 +0200: Memory Usage (473484K) :   - Cnt_c_sram
2026-09-09 20:57:31 +0200: Memory Usage (473484K) :   - Sdiod_b
2026-09-09 20:57:31 +0200: Memory Usage (473484K) :   - Sdiod_c
2026-09-09 20:57:31 +0200: Memory Usage (474820K) : Total area of the design is 18.9648 um^2.
2026-09-09 20:57:31 +0200: Memory Usage (474820K) : The design dimensions are 4.32 µm * 4.39 µm.
2026-09-09 20:57:31 +0200: Memory Usage (474820K) : Starting general IHP-SG13G2 derivations.
2026-09-09 20:57:31 +0200: Memory Usage (474820K) : Starting Pwell derivations
2026-09-09 20:57:31 +0200: Memory Usage (476372K) : Starting pad general derivations
2026-09-09 20:57:31 +0200: Memory Usage (476372K) : Starting IHP-SG13G2 DRC rules.
2026-09-09 20:57:31 +0200: Memory Usage (476372K) : Starting 6.9 Pad table
2026-09-09 20:57:31 +0200: Memory Usage (476372K) : Executing rule Pad.m
2026-09-09 20:57:31 +0200: Memory Usage (476372K) : Executing rule Pad.fR_M1
2026-09-09 20:57:31 +0200: Memory Usage (476588K) : Executing rule Pad.fR_M2
2026-09-09 20:57:31 +0200: Memory Usage (476588K) : Executing rule Pad.fR_M3
2026-09-09 20:57:31 +0200: Memory Usage (476588K) : Executing rule Pad.fR_M4
2026-09-09 20:57:31 +0200: Memory Usage (476588K) : Executing rule Pad.fR_M5
2026-09-09 20:57:31 +0200: Memory Usage (476588K) : Executing rule Pad.fR_TM1
2026-09-09 20:57:31 +0200: Memory Usage (476588K) : Executing rule Pad.fR_TM2
2026-09-09 20:57:31 +0200: Memory Usage (476588K) : Executing rule Pad.i
2026-09-09 20:57:31 +0200: Memory Usage (476588K) : KLayout DRC run for tables 'pad' completed in 0.15 seconds
