# Logfile created on 2026-09-09 20:57:27 +0200 by logger.rb/v1.5.3
2026-09-09 20:57:27 +0200: Memory Usage (457076K) : Starting running IHP-SG13G2 KLayout DRC runset on /foss/designs/aion_chip/flow/regress/AION_nand2_o21ai_0/AION_nand2_o21ai_0.gds
2026-09-09 20:57:27 +0200: Memory Usage (457076K) : Ruby Version for klayout: 3.2.3
2026-09-09 20:57:27 +0200: Memory Usage (458196K) : Loading database to memory is complete.
2026-09-09 20:57:27 +0200: Memory Usage (458196K) : IHP-SG13G2 KLayout DRC runset output at: /foss/designs/aion_chip/flow/regress/AION_nand2_o21ai_0/drc/AION_nand2_o21ai_0.klayout.drc/AION_nand2_o21ai_0_AION_nand2_o21ai_0_psd.lyrdb
2026-09-09 20:57:27 +0200: Memory Usage (458196K) : Evaluate switches.
2026-09-09 20:57:27 +0200: Memory Usage (458196K) : tables selected: psd
2026-09-09 20:57:27 +0200: Memory Usage (458196K) : KLayout will use 15 thread(s) in tiling mode.
2026-09-09 20:57:27 +0200: Memory Usage (458196K) : deep mode is enabled.
2026-09-09 20:57:27 +0200: Memory Usage (458196K) : FEOL enabled: false
2026-09-09 20:57:27 +0200: Memory Usage (458196K) : BEOL enabled: false
2026-09-09 20:57:27 +0200: Memory Usage (458196K) : OFFGRID enabled: true
2026-09-09 20:57:27 +0200: Memory Usage (458196K) : ANGLE enabled: true
2026-09-09 20:57:27 +0200: Memory Usage (458196K) : PIN enabled: false
2026-09-09 20:57:27 +0200: Memory Usage (458196K) : FORBIDDEN enabled: false
2026-09-09 20:57:27 +0200: Memory Usage (458196K) : RECOMMENDED enabled: true
2026-09-09 20:57:27 +0200: Memory Usage (458196K) : PreCheck DRC enabled: false
2026-09-09 20:57:27 +0200: Memory Usage (458196K) : CONNECTIVITY_RULES enabled: false.
2026-09-09 20:57:27 +0200: Memory Usage (458196K) : Read in polygons from layers.
2026-09-09 20:57:27 +0200: Memory Usage (459348K) : activ_drw has 5 polygons
2026-09-09 20:57:27 +0200: Memory Usage (459348K) : activ_pin has 0 polygons
2026-09-09 20:57:27 +0200: Memory Usage (459348K) : activ_mask has 0 polygons
2026-09-09 20:57:27 +0200: Memory Usage (459348K) : activ_filler has 0 polygons
2026-09-09 20:57:27 +0200: Memory Usage (459348K) : activ_nofill has 0 polygons
2026-09-09 20:57:27 +0200: Memory Usage (459348K) : activ_opc has 0 polygons
2026-09-09 20:57:27 +0200: Memory Usage (459348K) : activ_iopc has 0 polygons
2026-09-09 20:57:27 +0200: Memory Usage (459348K) : activ_noqrc has 0 polygons
2026-09-09 20:57:27 +0200: Memory Usage (459348K) : biwind_drw has 0 polygons
2026-09-09 20:57:27 +0200: Memory Usage (459348K) : biwind_opc has 0 polygons
2026-09-09 20:57:27 +0200: Memory Usage (459348K) : pemwind_drw has 0 polygons
2026-09-09 20:57:27 +0200: Memory Usage (459348K) : gatpoly_drw has 10 polygons
2026-09-09 20:57:27 +0200: Memory Usage (459348K) : gatpoly_pin has 0 polygons
2026-09-09 20:57:27 +0200: Memory Usage (459348K) : gatpoly_filler has 0 polygons
2026-09-09 20:57:27 +0200: Memory Usage (459348K) : gatpoly_nofill has 0 polygons
2026-09-09 20:57:27 +0200: Memory Usage (459348K) : gatpoly_opc has 0 polygons
2026-09-09 20:57:27 +0200: Memory Usage (459348K) : gatpoly_iopc has 0 polygons
2026-09-09 20:57:27 +0200: Memory Usage (459348K) : gatpoly_noqrc has 0 polygons
2026-09-09 20:57:27 +0200: Memory Usage (459348K) : cont_drw has 41 polygons
2026-09-09 20:57:27 +0200: Memory Usage (459508K) : cont_opc has 0 polygons
2026-09-09 20:57:27 +0200: Memory Usage (459508K) : nsd_drw has 0 polygons
2026-09-09 20:57:27 +0200: Memory Usage (459508K) : nsd_block has 0 polygons
2026-09-09 20:57:27 +0200: Memory Usage (459508K) : metal1_drw has 23 polygons
2026-09-09 20:57:27 +0200: Memory Usage (459508K) : metal1_pin has 6 polygons
2026-09-09 20:57:27 +0200: Memory Usage (459668K) : metal1_mask has 0 polygons
2026-09-09 20:57:27 +0200: Memory Usage (459668K) : metal1_filler has 0 polygons
2026-09-09 20:57:27 +0200: Memory Usage (459668K) : metal1_nofill has 0 polygons
2026-09-09 20:57:27 +0200: Memory Usage (459828K) : metal1_slit has 0 polygons
2026-09-09 20:57:27 +0200: Memory Usage (460020K) : metal1_text has 6 polygons
2026-09-09 20:57:27 +0200: Memory Usage (460020K) : metal1_opc has 0 polygons
2026-09-09 20:57:27 +0200: Memory Usage (460180K) : metal1_noqrc has 0 polygons
2026-09-09 20:57:27 +0200: Memory Usage (460180K) : metal1_res has 0 polygons
2026-09-09 20:57:27 +0200: Memory Usage (460180K) : metal1_iprobe has 0 polygons
2026-09-09 20:57:27 +0200: Memory Usage (460340K) : metal1_diffprb has 0 polygons
2026-09-09 20:57:27 +0200: Memory Usage (460340K) : passiv_drw has 0 polygons
2026-09-09 20:57:27 +0200: Memory Usage (460340K) : passiv_pin has 0 polygons
2026-09-09 20:57:27 +0200: Memory Usage (460500K) : passiv_sbump has 0 polygons
2026-09-09 20:57:27 +0200: Memory Usage (460500K) : passiv_pillar has 0 polygons
2026-09-09 20:57:27 +0200: Memory Usage (460500K) : passiv_pdl has 0 polygons
2026-09-09 20:57:27 +0200: Memory Usage (460500K) : metal2_drw has 1 polygons
2026-09-09 20:57:27 +0200: Memory Usage (460660K) : metal2_pin has 1 polygons
2026-09-09 20:57:27 +0200: Memory Usage (460660K) : metal2_mask has 0 polygons
2026-09-09 20:57:27 +0200: Memory Usage (460660K) : metal2_filler has 0 polygons
2026-09-09 20:57:27 +0200: Memory Usage (460660K) : metal2_nofill has 0 polygons
2026-09-09 20:57:27 +0200: Memory Usage (460660K) : metal2_slit has 0 polygons
2026-09-09 20:57:27 +0200: Memory Usage (460660K) : metal2_text has 1 polygons
2026-09-09 20:57:27 +0200: Memory Usage (460660K) : metal2_opc has 0 polygons
2026-09-09 20:57:27 +0200: Memory Usage (460820K) : metal2_noqrc has 0 polygons
2026-09-09 20:57:27 +0200: Memory Usage (460820K) : metal2_res has 0 polygons
2026-09-09 20:57:27 +0200: Memory Usage (460820K) : metal2_iprobe has 0 polygons
2026-09-09 20:57:27 +0200: Memory Usage (460820K) : metal2_diffprb has 0 polygons
2026-09-09 20:57:27 +0200: Memory Usage (460820K) : baspoly_drw has 0 polygons
2026-09-09 20:57:27 +0200: Memory Usage (460820K) : baspoly_pin has 0 polygons
2026-09-09 20:57:27 +0200: Memory Usage (460980K) : psd_drw has 2 polygons
2026-09-09 20:57:27 +0200: Memory Usage (460980K) : nldb_drw has 0 polygons
2026-09-09 20:57:27 +0200: Memory Usage (460980K) : digibnd_drw has 0 polygons
2026-09-09 20:57:27 +0200: Memory Usage (461140K) : via1_drw has 2 polygons
2026-09-09 20:57:27 +0200: Memory Usage (461140K) : backmetal1_drw has 0 polygons
2026-09-09 20:57:27 +0200: Memory Usage (461140K) : backmetal1_pin has 0 polygons
2026-09-09 20:57:27 +0200: Memory Usage (461300K) : backmetal1_mask has 0 polygons
2026-09-09 20:57:27 +0200: Memory Usage (461300K) : backmetal1_filler has 0 polygons
2026-09-09 20:57:27 +0200: Memory Usage (461300K) : backmetal1_nofill has 0 polygons
2026-09-09 20:57:27 +0200: Memory Usage (461460K) : backmetal1_slit has 0 polygons
2026-09-09 20:57:27 +0200: Memory Usage (461460K) : backmetal1_text has 0 polygons
2026-09-09 20:57:27 +0200: Memory Usage (461620K) : backmetal1_opc has 0 polygons
2026-09-09 20:57:27 +0200: Memory Usage (461620K) : backmetal1_noqrc has 0 polygons
2026-09-09 20:57:27 +0200: Memory Usage (461780K) : backmetal1_res has 0 polygons
2026-09-09 20:57:27 +0200: Memory Usage (461780K) : backmetal1_iprobe has 0 polygons
2026-09-09 20:57:27 +0200: Memory Usage (461940K) : backmetal1_diffprb has 0 polygons
2026-09-09 20:57:27 +0200: Memory Usage (461940K) : backpassiv_drw has 0 polygons
2026-09-09 20:57:27 +0200: Memory Usage (461940K) : res_drw has 0 polygons
2026-09-09 20:57:27 +0200: Memory Usage (462100K) : sram_drw has 0 polygons
2026-09-09 20:57:27 +0200: Memory Usage (462100K) : trans_drw has 0 polygons
2026-09-09 20:57:27 +0200: Memory Usage (462100K) : ind_drw has 0 polygons
2026-09-09 20:57:27 +0200: Memory Usage (462260K) : ind_pin has 0 polygons
2026-09-09 20:57:27 +0200: Memory Usage (462260K) : ind_text has 0 polygons
2026-09-09 20:57:27 +0200: Memory Usage (462260K) : salblock_drw has 0 polygons
2026-09-09 20:57:27 +0200: Memory Usage (462420K) : via2_drw has 0 polygons
2026-09-09 20:57:27 +0200: Memory Usage (462420K) : metal3_drw has 0 polygons
2026-09-09 20:57:27 +0200: Memory Usage (462420K) : metal3_pin has 0 polygons
2026-09-09 20:57:27 +0200: Memory Usage (462580K) : metal3_mask has 0 polygons
2026-09-09 20:57:27 +0200: Memory Usage (462580K) : metal3_filler has 0 polygons
2026-09-09 20:57:27 +0200: Memory Usage (462580K) : metal3_nofill has 0 polygons
2026-09-09 20:57:27 +0200: Memory Usage (462740K) : metal3_slit has 0 polygons
2026-09-09 20:57:27 +0200: Memory Usage (462740K) : metal3_text has 0 polygons
2026-09-09 20:57:27 +0200: Memory Usage (462740K) : metal3_opc has 0 polygons
2026-09-09 20:57:27 +0200: Memory Usage (462900K) : metal3_noqrc has 0 polygons
2026-09-09 20:57:27 +0200: Memory Usage (463060K) : metal3_res has 0 polygons
2026-09-09 20:57:27 +0200: Memory Usage (463060K) : metal3_iprobe has 0 polygons
2026-09-09 20:57:27 +0200: Memory Usage (463060K) : metal3_diffprb has 0 polygons
2026-09-09 20:57:27 +0200: Memory Usage (463220K) : nwell_drw has 1 polygons
2026-09-09 20:57:27 +0200: Memory Usage (463220K) : nwell_pin has 0 polygons
2026-09-09 20:57:27 +0200: Memory Usage (463220K) : nbulay_drw has 0 polygons
2026-09-09 20:57:27 +0200: Memory Usage (463220K) : nbulay_pin has 0 polygons
2026-09-09 20:57:27 +0200: Memory Usage (463220K) : nbulay_block has 0 polygons
2026-09-09 20:57:27 +0200: Memory Usage (463380K) : emwind_drw has 0 polygons
2026-09-09 20:57:27 +0200: Memory Usage (463380K) : emwind_opc has 0 polygons
2026-09-09 20:57:27 +0200: Memory Usage (463380K) : deepco_drw has 0 polygons
2026-09-09 20:57:27 +0200: Memory Usage (463380K) : deepco_drw has 0 polygons
2026-09-09 20:57:27 +0200: Memory Usage (463540K) : mim_drw has 0 polygons
2026-09-09 20:57:27 +0200: Memory Usage (463540K) : edgeseal_drw has 0 polygons
2026-09-09 20:57:27 +0200: Memory Usage (463540K) : edgeseal_bound has 0 polygons
2026-09-09 20:57:27 +0200: Memory Usage (463540K) : substrate_drw has 0 polygons
2026-09-09 20:57:27 +0200: Memory Usage (463700K) : substrate_text has 0 polygons
2026-09-09 20:57:27 +0200: Memory Usage (463700K) : dfpad_drw has 0 polygons
2026-09-09 20:57:27 +0200: Memory Usage (463700K) : dfpad_pillar has 0 polygons
2026-09-09 20:57:27 +0200: Memory Usage (463700K) : dfpad_sbump has 0 polygons
2026-09-09 20:57:27 +0200: Memory Usage (463860K) : thickgateox_drw has 0 polygons
2026-09-09 20:57:27 +0200: Memory Usage (463860K) : pldb_drw has 0 polygons
2026-09-09 20:57:27 +0200: Memory Usage (463860K) : pwell_drw has 0 polygons
2026-09-09 20:57:27 +0200: Memory Usage (464020K) : pwell_pin has 0 polygons
2026-09-09 20:57:27 +0200: Memory Usage (464020K) : pwell_block has 0 polygons
2026-09-09 20:57:27 +0200: Memory Usage (464020K) : ic_drw has 0 polygons
2026-09-09 20:57:27 +0200: Memory Usage (464180K) : via3_drw has 0 polygons
2026-09-09 20:57:27 +0200: Memory Usage (464180K) : metal4_drw has 0 polygons
2026-09-09 20:57:27 +0200: Memory Usage (464180K) : metal4_pin has 0 polygons
2026-09-09 20:57:27 +0200: Memory Usage (464340K) : metal4_mask has 0 polygons
2026-09-09 20:57:27 +0200: Memory Usage (464340K) : metal4_filler has 0 polygons
2026-09-09 20:57:27 +0200: Memory Usage (464340K) : metal4_nofill has 0 polygons
2026-09-09 20:57:27 +0200: Memory Usage (464500K) : metal4_slit has 0 polygons
2026-09-09 20:57:27 +0200: Memory Usage (464500K) : metal4_text has 0 polygons
2026-09-09 20:57:27 +0200: Memory Usage (464500K) : metal4_opc has 0 polygons
2026-09-09 20:57:27 +0200: Memory Usage (464660K) : metal4_noqrc has 0 polygons
2026-09-09 20:57:27 +0200: Memory Usage (464660K) : metal4_res has 0 polygons
2026-09-09 20:57:27 +0200: Memory Usage (464660K) : metal4_iprobe has 0 polygons
2026-09-09 20:57:27 +0200: Memory Usage (464820K) : metal4_diffprb has 0 polygons
2026-09-09 20:57:27 +0200: Memory Usage (464820K) : heattrans_drw has 0 polygons
2026-09-09 20:57:27 +0200: Memory Usage (464820K) : heatres_drw has 0 polygons
2026-09-09 20:57:27 +0200: Memory Usage (464980K) : pempoly_drw has 0 polygons
2026-09-09 20:57:27 +0200: Memory Usage (464980K) : fbe_drw has 0 polygons
2026-09-09 20:57:27 +0200: Memory Usage (464980K) : empoly_drw has 0 polygons
2026-09-09 20:57:27 +0200: Memory Usage (465140K) : ldmos_drw has 0 polygons
2026-09-09 20:57:27 +0200: Memory Usage (465140K) : pbiwind_drw has 0 polygons
2026-09-09 20:57:27 +0200: Memory Usage (465140K) : digisub_drw has 0 polygons
2026-09-09 20:57:27 +0200: Memory Usage (465300K) : nodrc_drw has 0 polygons
2026-09-09 20:57:27 +0200: Memory Usage (465300K) : text_drw has 0 polygons
2026-09-09 20:57:27 +0200: Memory Usage (465300K) : via4_drw has 0 polygons
2026-09-09 20:57:27 +0200: Memory Usage (465300K) : metal5_drw has 0 polygons
2026-09-09 20:57:27 +0200: Memory Usage (465460K) : metal5_pin has 0 polygons
2026-09-09 20:57:27 +0200: Memory Usage (465460K) : metal5_mask has 0 polygons
2026-09-09 20:57:27 +0200: Memory Usage (465460K) : metal5_filler has 0 polygons
2026-09-09 20:57:27 +0200: Memory Usage (465460K) : metal5_nofill has 0 polygons
2026-09-09 20:57:27 +0200: Memory Usage (465620K) : metal5_slit has 0 polygons
2026-09-09 20:57:27 +0200: Memory Usage (465620K) : metal5_text has 0 polygons
2026-09-09 20:57:27 +0200: Memory Usage (465620K) : metal5_opc has 0 polygons
2026-09-09 20:57:27 +0200: Memory Usage (465780K) : metal5_noqrc has 0 polygons
2026-09-09 20:57:27 +0200: Memory Usage (465780K) : metal5_res has 0 polygons
2026-09-09 20:57:27 +0200: Memory Usage (465780K) : metal5_iprobe has 0 polygons
2026-09-09 20:57:27 +0200: Memory Usage (465940K) : metal5_diffprb has 0 polygons
2026-09-09 20:57:27 +0200: Memory Usage (465940K) : radhard_drw has 0 polygons
2026-09-09 20:57:27 +0200: Memory Usage (465940K) : memcap_drw has 0 polygons
2026-09-09 20:57:27 +0200: Memory Usage (466100K) : varicap_drw has 0 polygons
2026-09-09 20:57:27 +0200: Memory Usage (466100K) : flash_drw has 0 polygons
2026-09-09 20:57:27 +0200: Memory Usage (466100K) : intbondvia_drw has 0 polygons
2026-09-09 20:57:27 +0200: Memory Usage (466260K) : intbondmet_drw has 0 polygons
2026-09-09 20:57:27 +0200: Memory Usage (466260K) : devbondvia_drw has 0 polygons
2026-09-09 20:57:27 +0200: Memory Usage (466260K) : devbondmet_drw has 0 polygons
2026-09-09 20:57:27 +0200: Memory Usage (466420K) : devtrench_drw has 0 polygons
2026-09-09 20:57:27 +0200: Memory Usage (466420K) : redist_drw has 0 polygons
2026-09-09 20:57:27 +0200: Memory Usage (466420K) : graphbot_drw has 0 polygons
2026-09-09 20:57:27 +0200: Memory Usage (466580K) : graphtop_drw has 0 polygons
2026-09-09 20:57:27 +0200: Memory Usage (466580K) : antvia1_drw has 0 polygons
2026-09-09 20:57:27 +0200: Memory Usage (466580K) : antmetal2_drw has 0 polygons
2026-09-09 20:57:27 +0200: Memory Usage (466740K) : graphcont_drw has 0 polygons
2026-09-09 20:57:27 +0200: Memory Usage (466740K) : siwg_drw has 0 polygons
2026-09-09 20:57:27 +0200: Memory Usage (466740K) : siwg_filler has 0 polygons
2026-09-09 20:57:27 +0200: Memory Usage (466900K) : siwg_nofill has 0 polygons
2026-09-09 20:57:27 +0200: Memory Usage (466900K) : sigrating_drw has 0 polygons
2026-09-09 20:57:27 +0200: Memory Usage (466900K) : singrating_drw has 0 polygons
2026-09-09 20:57:27 +0200: Memory Usage (467060K) : graphpas_drw has 0 polygons
2026-09-09 20:57:27 +0200: Memory Usage (467060K) : emwind3_drw has 0 polygons
2026-09-09 20:57:27 +0200: Memory Usage (467060K) : emwihv3_drw has 0 polygons
2026-09-09 20:57:27 +0200: Memory Usage (467060K) : redbulay_drw has 0 polygons
2026-09-09 20:57:27 +0200: Memory Usage (467220K) : smos_drw has 0 polygons
2026-09-09 20:57:27 +0200: Memory Usage (467220K) : graphpad_drw has 0 polygons
2026-09-09 20:57:27 +0200: Memory Usage (467220K) : polimide_drw has 0 polygons
2026-09-09 20:57:27 +0200: Memory Usage (467220K) : polimide_pin has 0 polygons
2026-09-09 20:57:27 +0200: Memory Usage (467380K) : recog_drw has 0 polygons
2026-09-09 20:57:27 +0200: Memory Usage (467380K) : recog_pin has 0 polygons
2026-09-09 20:57:27 +0200: Memory Usage (467380K) : recog_esd has 0 polygons
2026-09-09 20:57:27 +0200: Memory Usage (467380K) : recog_diode has 0 polygons
2026-09-09 20:57:27 +0200: Memory Usage (467540K) : recog_tsv has 0 polygons
2026-09-09 20:57:27 +0200: Memory Usage (467540K) : recog_iprobe has 0 polygons
2026-09-09 20:57:27 +0200: Memory Usage (467540K) : recog_diffprb has 0 polygons
2026-09-09 20:57:27 +0200: Memory Usage (467700K) : recog_pillar has 0 polygons
2026-09-09 20:57:27 +0200: Memory Usage (467700K) : recog_sbump has 0 polygons
2026-09-09 20:57:27 +0200: Memory Usage (467700K) : recog_otp has 0 polygons
2026-09-09 20:57:27 +0200: Memory Usage (467860K) : recog_pdiode has 0 polygons
2026-09-09 20:57:27 +0200: Memory Usage (467860K) : recog_mom has 0 polygons
2026-09-09 20:57:27 +0200: Memory Usage (467860K) : recog_pcm has 0 polygons
2026-09-09 20:57:27 +0200: Memory Usage (468020K) : colopen_drw has 0 polygons
2026-09-09 20:57:27 +0200: Memory Usage (468020K) : graphmetal1_drw has 0 polygons
2026-09-09 20:57:27 +0200: Memory Usage (468020K) : graphmetal1_filler has 0 polygons
2026-09-09 20:57:27 +0200: Memory Usage (468180K) : graphmetal1_nofill has 0 polygons
2026-09-09 20:57:27 +0200: Memory Usage (468180K) : graphmetal1_slit has 0 polygons
2026-09-09 20:57:27 +0200: Memory Usage (468340K) : graphmetal1_opc has 0 polygons
2026-09-09 20:57:27 +0200: Memory Usage (468340K) : graphmet1l_drw has 0 polygons
2026-09-09 20:57:27 +0200: Memory Usage (468340K) : graphmet1l_filler has 0 polygons
2026-09-09 20:57:27 +0200: Memory Usage (468500K) : graphmet1l_nofill has 0 polygons
2026-09-09 20:57:27 +0200: Memory Usage (468500K) : graphmet1l_slit has 0 polygons
2026-09-09 20:57:27 +0200: Memory Usage (468500K) : graphmet1l_opc has 0 polygons
2026-09-09 20:57:27 +0200: Memory Usage (468660K) : extblock_drw has 0 polygons
2026-09-09 20:57:27 +0200: Memory Usage (468660K) : nldd_drw has 0 polygons
2026-09-09 20:57:27 +0200: Memory Usage (468660K) : pldd_drw has 0 polygons
2026-09-09 20:57:27 +0200: Memory Usage (468820K) : next_drw has 0 polygons
2026-09-09 20:57:27 +0200: Memory Usage (468820K) : pext_drw has 0 polygons
2026-09-09 20:57:27 +0200: Memory Usage (468820K) : nexthv_drw has 0 polygons
2026-09-09 20:57:27 +0200: Memory Usage (468980K) : pexthv_drw has 0 polygons
2026-09-09 20:57:27 +0200: Memory Usage (468980K) : graphgate_drw has 0 polygons
2026-09-09 20:57:27 +0200: Memory Usage (468980K) : sinwg_drw has 0 polygons
2026-09-09 20:57:27 +0200: Memory Usage (469140K) : sinwg_filler has 0 polygons
2026-09-09 20:57:27 +0200: Memory Usage (469140K) : sinwg_nofill has 0 polygons
2026-09-09 20:57:27 +0200: Memory Usage (469140K) : mempad_drw has 0 polygons
2026-09-09 20:57:27 +0200: Memory Usage (469300K) : topvia1_drw has 0 polygons
2026-09-09 20:57:27 +0200: Memory Usage (469300K) : topmetal1_drw has 0 polygons
2026-09-09 20:57:27 +0200: Memory Usage (469300K) : topmetal1_pin has 0 polygons
2026-09-09 20:57:27 +0200: Memory Usage (469300K) : topmetal1_mask has 0 polygons
2026-09-09 20:57:27 +0200: Memory Usage (469300K) : topmetal1_filler has 0 polygons
2026-09-09 20:57:27 +0200: Memory Usage (469300K) : topmetal1_nofill has 0 polygons
2026-09-09 20:57:27 +0200: Memory Usage (469300K) : topmetal1_slit has 0 polygons
2026-09-09 20:57:27 +0200: Memory Usage (469300K) : topmetal1_text has 0 polygons
2026-09-09 20:57:27 +0200: Memory Usage (469300K) : topmetal1_noqrc has 0 polygons
2026-09-09 20:57:27 +0200: Memory Usage (469300K) : topmetal1_res has 0 polygons
2026-09-09 20:57:27 +0200: Memory Usage (469460K) : topmetal1_iprobe has 0 polygons
2026-09-09 20:57:27 +0200: Memory Usage (469460K) : topmetal1_diffprb has 0 polygons
2026-09-09 20:57:27 +0200: Memory Usage (469460K) : inldpwl_drw has 0 polygons
2026-09-09 20:57:27 +0200: Memory Usage (469620K) : polyres_drw has 0 polygons
2026-09-09 20:57:27 +0200: Memory Usage (469620K) : polyres_pin has 0 polygons
2026-09-09 20:57:27 +0200: Memory Usage (469620K) : vmim_drw has 0 polygons
2026-09-09 20:57:27 +0200: Memory Usage (469780K) : nbulaycut_drw has 0 polygons
2026-09-09 20:57:27 +0200: Memory Usage (469780K) : antmetal1_drw has 0 polygons
2026-09-09 20:57:27 +0200: Memory Usage (469780K) : topvia2_drw has 0 polygons
2026-09-09 20:57:27 +0200: Memory Usage (469940K) : topmetal2_drw has 0 polygons
2026-09-09 20:57:27 +0200: Memory Usage (469940K) : topmetal2_pin has 0 polygons
2026-09-09 20:57:27 +0200: Memory Usage (469940K) : topmetal2_mask has 0 polygons
2026-09-09 20:57:27 +0200: Memory Usage (470100K) : topmetal2_filler has 0 polygons
2026-09-09 20:57:27 +0200: Memory Usage (470100K) : topmetal2_nofill has 0 polygons
2026-09-09 20:57:27 +0200: Memory Usage (470100K) : topmetal2_slit has 0 polygons
2026-09-09 20:57:27 +0200: Memory Usage (470260K) : topmetal2_text has 0 polygons
2026-09-09 20:57:27 +0200: Memory Usage (470260K) : topmetal2_noqrc has 0 polygons
2026-09-09 20:57:27 +0200: Memory Usage (470260K) : topmetal2_res has 0 polygons
2026-09-09 20:57:27 +0200: Memory Usage (470420K) : topmetal2_iprobe has 0 polygons
2026-09-09 20:57:27 +0200: Memory Usage (470420K) : topmetal2_diffprb has 0 polygons
2026-09-09 20:57:27 +0200: Memory Usage (470420K) : snsring_drw has 0 polygons
2026-09-09 20:57:27 +0200: Memory Usage (470580K) : sensor_drw has 0 polygons
2026-09-09 20:57:27 +0200: Memory Usage (470580K) : snsarms_drw has 0 polygons
2026-09-09 20:57:27 +0200: Memory Usage (470580K) : snscmosvia_drw has 0 polygons
2026-09-09 20:57:27 +0200: Memory Usage (470740K) : colwind_drw has 0 polygons
2026-09-09 20:57:27 +0200: Memory Usage (470740K) : flm_drw has 0 polygons
2026-09-09 20:57:27 +0200: Memory Usage (470740K) : hafniumox_drw has 0 polygons
2026-09-09 20:57:27 +0200: Memory Usage (470900K) : memvia_drw has 0 polygons
2026-09-09 20:57:27 +0200: Memory Usage (470900K) : thinfilmres_drw has 0 polygons
2026-09-09 20:57:27 +0200: Memory Usage (470900K) : rfmem_drw has 0 polygons
2026-09-09 20:57:27 +0200: Memory Usage (471060K) : norcx_drw has 0 polygons
2026-09-09 20:57:27 +0200: Memory Usage (471060K) : norcx_m2m3 has 0 polygons
2026-09-09 20:57:27 +0200: Memory Usage (471060K) : norcx_m2m4 has 0 polygons
2026-09-09 20:57:27 +0200: Memory Usage (471220K) : norcx_m2m5 has 0 polygons
2026-09-09 20:57:27 +0200: Memory Usage (471220K) : norcx_m2tm1 has 0 polygons
2026-09-09 20:57:27 +0200: Memory Usage (471220K) : norcx_m2tm2 has 0 polygons
2026-09-09 20:57:27 +0200: Memory Usage (471380K) : norcx_m3m4 has 0 polygons
2026-09-09 20:57:27 +0200: Memory Usage (471380K) : norcx_m3m5 has 0 polygons
2026-09-09 20:57:27 +0200: Memory Usage (471380K) : norcx_m3tm1 has 0 polygons
2026-09-09 20:57:27 +0200: Memory Usage (471540K) : norcx_m3tm2 has 0 polygons
2026-09-09 20:57:27 +0200: Memory Usage (471540K) : norcx_m4m5 has 0 polygons
2026-09-09 20:57:27 +0200: Memory Usage (471540K) : norcx_m4tm1 has 0 polygons
2026-09-09 20:57:27 +0200: Memory Usage (471700K) : norcx_m4tm2 has 0 polygons
2026-09-09 20:57:27 +0200: Memory Usage (471700K) : norcx_m5tm1 has 0 polygons
2026-09-09 20:57:27 +0200: Memory Usage (471700K) : norcx_m5tm2 has 0 polygons
2026-09-09 20:57:27 +0200: Memory Usage (471860K) : norcx_tm1tm2 has 0 polygons
2026-09-09 20:57:27 +0200: Memory Usage (471860K) : norcx_m1sub has 0 polygons
2026-09-09 20:57:27 +0200: Memory Usage (471860K) : norcx_m2sub has 0 polygons
2026-09-09 20:57:27 +0200: Memory Usage (472020K) : norcx_m3sub has 0 polygons
2026-09-09 20:57:27 +0200: Memory Usage (472020K) : norcx_m4sub has 0 polygons
2026-09-09 20:57:27 +0200: Memory Usage (472020K) : norcx_m5sub has 0 polygons
2026-09-09 20:57:27 +0200: Memory Usage (472180K) : norcx_tm1sub has 0 polygons
2026-09-09 20:57:27 +0200: Memory Usage (472180K) : norcx_tm2sub has 0 polygons
2026-09-09 20:57:27 +0200: Memory Usage (472180K) : snsbotvia_drw has 0 polygons
2026-09-09 20:57:27 +0200: Memory Usage (472340K) : snstopvia_drw has 0 polygons
2026-09-09 20:57:27 +0200: Memory Usage (472340K) : deepvia_drw has 0 polygons
2026-09-09 20:57:27 +0200: Memory Usage (472340K) : fgetch_drw has 0 polygons
2026-09-09 20:57:27 +0200: Memory Usage (472500K) : ctrgat_drw has 0 polygons
2026-09-09 20:57:27 +0200: Memory Usage (472500K) : fgimp_drw has 0 polygons
2026-09-09 20:57:27 +0200: Memory Usage (472500K) : emwihv_drw has 0 polygons
2026-09-09 20:57:27 +0200: Memory Usage (472660K) : lbe_drw has 0 polygons
2026-09-09 20:57:27 +0200: Memory Usage (472660K) : alcustop_drw has 0 polygons
2026-09-09 20:57:27 +0200: Memory Usage (472660K) : nometfiller_drw has 0 polygons
2026-09-09 20:57:27 +0200: Memory Usage (472820K) : prboundary_drw has 0 polygons
2026-09-09 20:57:27 +0200: Memory Usage (472820K) : exchange0_drw has 0 polygons
2026-09-09 20:57:27 +0200: Memory Usage (472820K) : exchange0_pin has 0 polygons
2026-09-09 20:57:27 +0200: Memory Usage (472980K) : exchange0_text has 0 polygons
2026-09-09 20:57:27 +0200: Memory Usage (472980K) : exchange1_drw has 0 polygons
2026-09-09 20:57:27 +0200: Memory Usage (472980K) : exchange1_pin has 0 polygons
2026-09-09 20:57:27 +0200: Memory Usage (473140K) : exchange1_text has 0 polygons
2026-09-09 20:57:27 +0200: Memory Usage (473140K) : exchange2_drw has 0 polygons
2026-09-09 20:57:27 +0200: Memory Usage (473140K) : exchange2_pin has 0 polygons
2026-09-09 20:57:27 +0200: Memory Usage (473300K) : exchange2_text has 0 polygons
2026-09-09 20:57:27 +0200: Memory Usage (473300K) : exchange3_drw has 0 polygons
2026-09-09 20:57:27 +0200: Memory Usage (473300K) : exchange3_pin has 0 polygons
2026-09-09 20:57:27 +0200: Memory Usage (473460K) : exchange3_text has 0 polygons
2026-09-09 20:57:27 +0200: Memory Usage (473460K) : exchange4_drw has 0 polygons
2026-09-09 20:57:27 +0200: Memory Usage (473460K) : exchange4_pin has 0 polygons
2026-09-09 20:57:27 +0200: Memory Usage (473620K) : exchange4_text has 0 polygons
2026-09-09 20:57:27 +0200: Memory Usage (473620K) : isonwell_drw has 0 polygons
2026-09-09 20:57:27 +0200: Memory Usage (473620K) : Total no. of polygons in the design is 99
2026-09-09 20:57:27 +0200: Memory Usage (473620K) : Loaded TECH DRC rules values from /foss/pdks/ihp-sg13g2/libs.tech/klayout/python/sg13g2_pycell_lib/sg13g2_tech_mod.json
2026-09-09 20:57:27 +0200: Memory Usage (473620K) : Loaded default DRC rules values from /foss/pdks/ihp-sg13g2/libs.tech/klayout/tech/drc/rule_decks/sg13g2_tech_default.json
2026-09-09 20:57:27 +0200: Memory Usage (473620K) : The following rules values were missing in tech json and default values were used:
2026-09-09 20:57:27 +0200: Memory Usage (473620K) :   - NW_f1_digibnd
2026-09-09 20:57:27 +0200: Memory Usage (473780K) :   - Cnt_c_digibnd
2026-09-09 20:57:27 +0200: Memory Usage (473780K) :   - Cnt_c_sram
2026-09-09 20:57:27 +0200: Memory Usage (473780K) :   - Sdiod_b
2026-09-09 20:57:27 +0200: Memory Usage (473780K) :   - Sdiod_c
2026-09-09 20:57:27 +0200: Memory Usage (475124K) : Total area of the design is 18.9648 um^2.
2026-09-09 20:57:27 +0200: Memory Usage (475124K) : The design dimensions are 4.32 µm * 4.39 µm.
2026-09-09 20:57:27 +0200: Memory Usage (475124K) : Starting general IHP-SG13G2 derivations.
2026-09-09 20:57:27 +0200: Memory Usage (475124K) : Starting Pwell derivations
2026-09-09 20:57:27 +0200: Memory Usage (476808K) : Starting IHP-SG13G2 DRC rules.
2026-09-09 20:57:27 +0200: Memory Usage (476808K) : Starting 5.10 pSD table
2026-09-09 20:57:27 +0200: Memory Usage (476808K) : Executing rule pSD.c1
2026-09-09 20:57:27 +0200: Memory Usage (477360K) : KLayout DRC run for tables 'psd' completed in 0.27 seconds
