# Logfile created on 2026-09-09 20:57:29 +0200 by logger.rb/v1.5.3
2026-09-09 20:57:29 +0200: Memory Usage (457164K) : Starting running IHP-SG13G2 KLayout DRC runset on /foss/designs/aion_chip/flow/regress/AION_nand2_o21ai_0/AION_nand2_o21ai_0.gds
2026-09-09 20:57:29 +0200: Memory Usage (457164K) : Ruby Version for klayout: 3.2.3
2026-09-09 20:57:29 +0200: Memory Usage (458316K) : Loading database to memory is complete.
2026-09-09 20:57:29 +0200: Memory Usage (458316K) : IHP-SG13G2 KLayout DRC runset output at: /foss/designs/aion_chip/flow/regress/AION_nand2_o21ai_0/drc/AION_nand2_o21ai_0.klayout.drc/AION_nand2_o21ai_0_AION_nand2_o21ai_0_metalnfiller.lyrdb
2026-09-09 20:57:29 +0200: Memory Usage (458508K) : Evaluate switches.
2026-09-09 20:57:29 +0200: Memory Usage (458508K) : tables selected: metalnfiller
2026-09-09 20:57:29 +0200: Memory Usage (458508K) : KLayout will use 15 thread(s) in tiling mode.
2026-09-09 20:57:29 +0200: Memory Usage (458508K) : deep mode is enabled.
2026-09-09 20:57:29 +0200: Memory Usage (458508K) : FEOL enabled: false
2026-09-09 20:57:29 +0200: Memory Usage (458508K) : BEOL enabled: false
2026-09-09 20:57:29 +0200: Memory Usage (458508K) : OFFGRID enabled: true
2026-09-09 20:57:29 +0200: Memory Usage (458508K) : ANGLE enabled: true
2026-09-09 20:57:29 +0200: Memory Usage (458508K) : PIN enabled: false
2026-09-09 20:57:29 +0200: Memory Usage (458508K) : FORBIDDEN enabled: false
2026-09-09 20:57:29 +0200: Memory Usage (458508K) : RECOMMENDED enabled: true
2026-09-09 20:57:29 +0200: Memory Usage (458508K) : PreCheck DRC enabled: false
2026-09-09 20:57:29 +0200: Memory Usage (458508K) : CONNECTIVITY_RULES enabled: false.
2026-09-09 20:57:29 +0200: Memory Usage (458508K) : Read in polygons from layers.
2026-09-09 20:57:29 +0200: Memory Usage (459276K) : activ_drw has 5 polygons
2026-09-09 20:57:29 +0200: Memory Usage (459276K) : activ_pin has 0 polygons
2026-09-09 20:57:29 +0200: Memory Usage (459276K) : activ_mask has 0 polygons
2026-09-09 20:57:29 +0200: Memory Usage (459276K) : activ_filler has 0 polygons
2026-09-09 20:57:29 +0200: Memory Usage (459276K) : activ_nofill has 0 polygons
2026-09-09 20:57:29 +0200: Memory Usage (459276K) : activ_opc has 0 polygons
2026-09-09 20:57:29 +0200: Memory Usage (459276K) : activ_iopc has 0 polygons
2026-09-09 20:57:29 +0200: Memory Usage (459276K) : activ_noqrc has 0 polygons
2026-09-09 20:57:29 +0200: Memory Usage (459276K) : biwind_drw has 0 polygons
2026-09-09 20:57:29 +0200: Memory Usage (459276K) : biwind_opc has 0 polygons
2026-09-09 20:57:29 +0200: Memory Usage (459276K) : pemwind_drw has 0 polygons
2026-09-09 20:57:29 +0200: Memory Usage (459276K) : gatpoly_drw has 10 polygons
2026-09-09 20:57:29 +0200: Memory Usage (459276K) : gatpoly_pin has 0 polygons
2026-09-09 20:57:29 +0200: Memory Usage (459276K) : gatpoly_filler has 0 polygons
2026-09-09 20:57:29 +0200: Memory Usage (459276K) : gatpoly_nofill has 0 polygons
2026-09-09 20:57:29 +0200: Memory Usage (459276K) : gatpoly_opc has 0 polygons
2026-09-09 20:57:29 +0200: Memory Usage (459276K) : gatpoly_iopc has 0 polygons
2026-09-09 20:57:29 +0200: Memory Usage (459276K) : gatpoly_noqrc has 0 polygons
2026-09-09 20:57:29 +0200: Memory Usage (459276K) : cont_drw has 41 polygons
2026-09-09 20:57:29 +0200: Memory Usage (459436K) : cont_opc has 0 polygons
2026-09-09 20:57:29 +0200: Memory Usage (459436K) : nsd_drw has 0 polygons
2026-09-09 20:57:29 +0200: Memory Usage (459436K) : nsd_block has 0 polygons
2026-09-09 20:57:29 +0200: Memory Usage (459436K) : metal1_drw has 23 polygons
2026-09-09 20:57:29 +0200: Memory Usage (459436K) : metal1_pin has 6 polygons
2026-09-09 20:57:29 +0200: Memory Usage (459436K) : metal1_mask has 0 polygons
2026-09-09 20:57:29 +0200: Memory Usage (459436K) : metal1_filler has 0 polygons
2026-09-09 20:57:29 +0200: Memory Usage (459596K) : metal1_nofill has 0 polygons
2026-09-09 20:57:29 +0200: Memory Usage (459596K) : metal1_slit has 0 polygons
2026-09-09 20:57:29 +0200: Memory Usage (459788K) : metal1_text has 6 polygons
2026-09-09 20:57:29 +0200: Memory Usage (459948K) : metal1_opc has 0 polygons
2026-09-09 20:57:29 +0200: Memory Usage (459948K) : metal1_noqrc has 0 polygons
2026-09-09 20:57:29 +0200: Memory Usage (459948K) : metal1_res has 0 polygons
2026-09-09 20:57:29 +0200: Memory Usage (460108K) : metal1_iprobe has 0 polygons
2026-09-09 20:57:29 +0200: Memory Usage (460108K) : metal1_diffprb has 0 polygons
2026-09-09 20:57:29 +0200: Memory Usage (460268K) : passiv_drw has 0 polygons
2026-09-09 20:57:29 +0200: Memory Usage (460268K) : passiv_pin has 0 polygons
2026-09-09 20:57:29 +0200: Memory Usage (460268K) : passiv_sbump has 0 polygons
2026-09-09 20:57:29 +0200: Memory Usage (460428K) : passiv_pillar has 0 polygons
2026-09-09 20:57:29 +0200: Memory Usage (460428K) : passiv_pdl has 0 polygons
2026-09-09 20:57:29 +0200: Memory Usage (460428K) : metal2_drw has 1 polygons
2026-09-09 20:57:29 +0200: Memory Usage (460428K) : metal2_pin has 1 polygons
2026-09-09 20:57:29 +0200: Memory Usage (460428K) : metal2_mask has 0 polygons
2026-09-09 20:57:29 +0200: Memory Usage (460428K) : metal2_filler has 0 polygons
2026-09-09 20:57:29 +0200: Memory Usage (460428K) : metal2_nofill has 0 polygons
2026-09-09 20:57:29 +0200: Memory Usage (460428K) : metal2_slit has 0 polygons
2026-09-09 20:57:29 +0200: Memory Usage (460428K) : metal2_text has 1 polygons
2026-09-09 20:57:29 +0200: Memory Usage (460428K) : metal2_opc has 0 polygons
2026-09-09 20:57:29 +0200: Memory Usage (460588K) : metal2_noqrc has 0 polygons
2026-09-09 20:57:29 +0200: Memory Usage (460588K) : metal2_res has 0 polygons
2026-09-09 20:57:29 +0200: Memory Usage (460588K) : metal2_iprobe has 0 polygons
2026-09-09 20:57:29 +0200: Memory Usage (460748K) : metal2_diffprb has 0 polygons
2026-09-09 20:57:29 +0200: Memory Usage (460748K) : baspoly_drw has 0 polygons
2026-09-09 20:57:29 +0200: Memory Usage (460748K) : baspoly_pin has 0 polygons
2026-09-09 20:57:29 +0200: Memory Usage (460748K) : psd_drw has 2 polygons
2026-09-09 20:57:29 +0200: Memory Usage (460908K) : nldb_drw has 0 polygons
2026-09-09 20:57:29 +0200: Memory Usage (460908K) : digibnd_drw has 0 polygons
2026-09-09 20:57:29 +0200: Memory Usage (460908K) : via1_drw has 2 polygons
2026-09-09 20:57:29 +0200: Memory Usage (461068K) : backmetal1_drw has 0 polygons
2026-09-09 20:57:29 +0200: Memory Usage (461068K) : backmetal1_pin has 0 polygons
2026-09-09 20:57:29 +0200: Memory Usage (461068K) : backmetal1_mask has 0 polygons
2026-09-09 20:57:29 +0200: Memory Usage (461228K) : backmetal1_filler has 0 polygons
2026-09-09 20:57:29 +0200: Memory Usage (461228K) : backmetal1_nofill has 0 polygons
2026-09-09 20:57:29 +0200: Memory Usage (461228K) : backmetal1_slit has 0 polygons
2026-09-09 20:57:29 +0200: Memory Usage (461388K) : backmetal1_text has 0 polygons
2026-09-09 20:57:29 +0200: Memory Usage (461388K) : backmetal1_opc has 0 polygons
2026-09-09 20:57:29 +0200: Memory Usage (461388K) : backmetal1_noqrc has 0 polygons
2026-09-09 20:57:29 +0200: Memory Usage (461548K) : backmetal1_res has 0 polygons
2026-09-09 20:57:29 +0200: Memory Usage (461548K) : backmetal1_iprobe has 0 polygons
2026-09-09 20:57:29 +0200: Memory Usage (461708K) : backmetal1_diffprb has 0 polygons
2026-09-09 20:57:29 +0200: Memory Usage (461868K) : backpassiv_drw has 0 polygons
2026-09-09 20:57:29 +0200: Memory Usage (461868K) : res_drw has 0 polygons
2026-09-09 20:57:29 +0200: Memory Usage (461868K) : sram_drw has 0 polygons
2026-09-09 20:57:29 +0200: Memory Usage (462028K) : trans_drw has 0 polygons
2026-09-09 20:57:29 +0200: Memory Usage (462028K) : ind_drw has 0 polygons
2026-09-09 20:57:29 +0200: Memory Usage (462028K) : ind_pin has 0 polygons
2026-09-09 20:57:29 +0200: Memory Usage (462188K) : ind_text has 0 polygons
2026-09-09 20:57:29 +0200: Memory Usage (462188K) : salblock_drw has 0 polygons
2026-09-09 20:57:29 +0200: Memory Usage (462188K) : via2_drw has 0 polygons
2026-09-09 20:57:29 +0200: Memory Usage (462348K) : metal3_drw has 0 polygons
2026-09-09 20:57:29 +0200: Memory Usage (462348K) : metal3_pin has 0 polygons
2026-09-09 20:57:29 +0200: Memory Usage (462348K) : metal3_mask has 0 polygons
2026-09-09 20:57:29 +0200: Memory Usage (462508K) : metal3_filler has 0 polygons
2026-09-09 20:57:29 +0200: Memory Usage (462508K) : metal3_nofill has 0 polygons
2026-09-09 20:57:29 +0200: Memory Usage (462508K) : metal3_slit has 0 polygons
2026-09-09 20:57:29 +0200: Memory Usage (462668K) : metal3_text has 0 polygons
2026-09-09 20:57:29 +0200: Memory Usage (462668K) : metal3_opc has 0 polygons
2026-09-09 20:57:29 +0200: Memory Usage (462828K) : metal3_noqrc has 0 polygons
2026-09-09 20:57:29 +0200: Memory Usage (462828K) : metal3_res has 0 polygons
2026-09-09 20:57:29 +0200: Memory Usage (462828K) : metal3_iprobe has 0 polygons
2026-09-09 20:57:29 +0200: Memory Usage (462988K) : metal3_diffprb has 0 polygons
2026-09-09 20:57:29 +0200: Memory Usage (462988K) : nwell_drw has 1 polygons
2026-09-09 20:57:29 +0200: Memory Usage (462988K) : nwell_pin has 0 polygons
2026-09-09 20:57:29 +0200: Memory Usage (462988K) : nbulay_drw has 0 polygons
2026-09-09 20:57:29 +0200: Memory Usage (463148K) : nbulay_pin has 0 polygons
2026-09-09 20:57:29 +0200: Memory Usage (463148K) : nbulay_block has 0 polygons
2026-09-09 20:57:29 +0200: Memory Usage (463148K) : emwind_drw has 0 polygons
2026-09-09 20:57:29 +0200: Memory Usage (463148K) : emwind_opc has 0 polygons
2026-09-09 20:57:29 +0200: Memory Usage (463308K) : deepco_drw has 0 polygons
2026-09-09 20:57:29 +0200: Memory Usage (463308K) : deepco_drw has 0 polygons
2026-09-09 20:57:29 +0200: Memory Usage (463308K) : mim_drw has 0 polygons
2026-09-09 20:57:29 +0200: Memory Usage (463308K) : edgeseal_drw has 0 polygons
2026-09-09 20:57:29 +0200: Memory Usage (463308K) : edgeseal_bound has 0 polygons
2026-09-09 20:57:29 +0200: Memory Usage (463468K) : substrate_drw has 0 polygons
2026-09-09 20:57:29 +0200: Memory Usage (463468K) : substrate_text has 0 polygons
2026-09-09 20:57:29 +0200: Memory Usage (463468K) : dfpad_drw has 0 polygons
2026-09-09 20:57:29 +0200: Memory Usage (463468K) : dfpad_pillar has 0 polygons
2026-09-09 20:57:29 +0200: Memory Usage (463628K) : dfpad_sbump has 0 polygons
2026-09-09 20:57:29 +0200: Memory Usage (463628K) : thickgateox_drw has 0 polygons
2026-09-09 20:57:29 +0200: Memory Usage (463628K) : pldb_drw has 0 polygons
2026-09-09 20:57:29 +0200: Memory Usage (463788K) : pwell_drw has 0 polygons
2026-09-09 20:57:29 +0200: Memory Usage (463788K) : pwell_pin has 0 polygons
2026-09-09 20:57:29 +0200: Memory Usage (463788K) : pwell_block has 0 polygons
2026-09-09 20:57:29 +0200: Memory Usage (463948K) : ic_drw has 0 polygons
2026-09-09 20:57:29 +0200: Memory Usage (463948K) : via3_drw has 0 polygons
2026-09-09 20:57:29 +0200: Memory Usage (463948K) : metal4_drw has 0 polygons
2026-09-09 20:57:29 +0200: Memory Usage (464108K) : metal4_pin has 0 polygons
2026-09-09 20:57:29 +0200: Memory Usage (464108K) : metal4_mask has 0 polygons
2026-09-09 20:57:29 +0200: Memory Usage (464268K) : metal4_filler has 0 polygons
2026-09-09 20:57:29 +0200: Memory Usage (464268K) : metal4_nofill has 0 polygons
2026-09-09 20:57:29 +0200: Memory Usage (464268K) : metal4_slit has 0 polygons
2026-09-09 20:57:29 +0200: Memory Usage (464428K) : metal4_text has 0 polygons
2026-09-09 20:57:29 +0200: Memory Usage (464428K) : metal4_opc has 0 polygons
2026-09-09 20:57:29 +0200: Memory Usage (464428K) : metal4_noqrc has 0 polygons
2026-09-09 20:57:29 +0200: Memory Usage (464588K) : metal4_res has 0 polygons
2026-09-09 20:57:29 +0200: Memory Usage (464588K) : metal4_iprobe has 0 polygons
2026-09-09 20:57:29 +0200: Memory Usage (464588K) : metal4_diffprb has 0 polygons
2026-09-09 20:57:29 +0200: Memory Usage (464748K) : heattrans_drw has 0 polygons
2026-09-09 20:57:29 +0200: Memory Usage (464748K) : heatres_drw has 0 polygons
2026-09-09 20:57:29 +0200: Memory Usage (464748K) : pempoly_drw has 0 polygons
2026-09-09 20:57:29 +0200: Memory Usage (464908K) : fbe_drw has 0 polygons
2026-09-09 20:57:29 +0200: Memory Usage (464908K) : empoly_drw has 0 polygons
2026-09-09 20:57:29 +0200: Memory Usage (464908K) : ldmos_drw has 0 polygons
2026-09-09 20:57:29 +0200: Memory Usage (465068K) : pbiwind_drw has 0 polygons
2026-09-09 20:57:29 +0200: Memory Usage (465068K) : digisub_drw has 0 polygons
2026-09-09 20:57:29 +0200: Memory Usage (465068K) : nodrc_drw has 0 polygons
2026-09-09 20:57:29 +0200: Memory Usage (465068K) : text_drw has 0 polygons
2026-09-09 20:57:29 +0200: Memory Usage (465228K) : via4_drw has 0 polygons
2026-09-09 20:57:29 +0200: Memory Usage (465228K) : metal5_drw has 0 polygons
2026-09-09 20:57:29 +0200: Memory Usage (465228K) : metal5_pin has 0 polygons
2026-09-09 20:57:29 +0200: Memory Usage (465228K) : metal5_mask has 0 polygons
2026-09-09 20:57:29 +0200: Memory Usage (465388K) : metal5_filler has 0 polygons
2026-09-09 20:57:29 +0200: Memory Usage (465388K) : metal5_nofill has 0 polygons
2026-09-09 20:57:29 +0200: Memory Usage (465388K) : metal5_slit has 0 polygons
2026-09-09 20:57:29 +0200: Memory Usage (465388K) : metal5_text has 0 polygons
2026-09-09 20:57:29 +0200: Memory Usage (465548K) : metal5_opc has 0 polygons
2026-09-09 20:57:29 +0200: Memory Usage (465548K) : metal5_noqrc has 0 polygons
2026-09-09 20:57:29 +0200: Memory Usage (465548K) : metal5_res has 0 polygons
2026-09-09 20:57:29 +0200: Memory Usage (465708K) : metal5_iprobe has 0 polygons
2026-09-09 20:57:29 +0200: Memory Usage (465708K) : metal5_diffprb has 0 polygons
2026-09-09 20:57:29 +0200: Memory Usage (465708K) : radhard_drw has 0 polygons
2026-09-09 20:57:29 +0200: Memory Usage (465868K) : memcap_drw has 0 polygons
2026-09-09 20:57:29 +0200: Memory Usage (465868K) : varicap_drw has 0 polygons
2026-09-09 20:57:29 +0200: Memory Usage (465868K) : flash_drw has 0 polygons
2026-09-09 20:57:29 +0200: Memory Usage (466028K) : intbondvia_drw has 0 polygons
2026-09-09 20:57:29 +0200: Memory Usage (466028K) : intbondmet_drw has 0 polygons
2026-09-09 20:57:29 +0200: Memory Usage (466028K) : devbondvia_drw has 0 polygons
2026-09-09 20:57:29 +0200: Memory Usage (466188K) : devbondmet_drw has 0 polygons
2026-09-09 20:57:29 +0200: Memory Usage (466188K) : devtrench_drw has 0 polygons
2026-09-09 20:57:29 +0200: Memory Usage (466188K) : redist_drw has 0 polygons
2026-09-09 20:57:29 +0200: Memory Usage (466348K) : graphbot_drw has 0 polygons
2026-09-09 20:57:29 +0200: Memory Usage (466348K) : graphtop_drw has 0 polygons
2026-09-09 20:57:29 +0200: Memory Usage (466508K) : antvia1_drw has 0 polygons
2026-09-09 20:57:29 +0200: Memory Usage (466508K) : antmetal2_drw has 0 polygons
2026-09-09 20:57:29 +0200: Memory Usage (466508K) : graphcont_drw has 0 polygons
2026-09-09 20:57:29 +0200: Memory Usage (466668K) : siwg_drw has 0 polygons
2026-09-09 20:57:29 +0200: Memory Usage (466668K) : siwg_filler has 0 polygons
2026-09-09 20:57:29 +0200: Memory Usage (466668K) : siwg_nofill has 0 polygons
2026-09-09 20:57:29 +0200: Memory Usage (466828K) : sigrating_drw has 0 polygons
2026-09-09 20:57:29 +0200: Memory Usage (466828K) : singrating_drw has 0 polygons
2026-09-09 20:57:29 +0200: Memory Usage (466828K) : graphpas_drw has 0 polygons
2026-09-09 20:57:29 +0200: Memory Usage (466988K) : emwind3_drw has 0 polygons
2026-09-09 20:57:29 +0200: Memory Usage (466988K) : emwihv3_drw has 0 polygons
2026-09-09 20:57:29 +0200: Memory Usage (466988K) : redbulay_drw has 0 polygons
2026-09-09 20:57:29 +0200: Memory Usage (466988K) : smos_drw has 0 polygons
2026-09-09 20:57:29 +0200: Memory Usage (466988K) : graphpad_drw has 0 polygons
2026-09-09 20:57:29 +0200: Memory Usage (467148K) : polimide_drw has 0 polygons
2026-09-09 20:57:29 +0200: Memory Usage (467148K) : polimide_pin has 0 polygons
2026-09-09 20:57:29 +0200: Memory Usage (467148K) : recog_drw has 0 polygons
2026-09-09 20:57:29 +0200: Memory Usage (467148K) : recog_pin has 0 polygons
2026-09-09 20:57:29 +0200: Memory Usage (467308K) : recog_esd has 0 polygons
2026-09-09 20:57:29 +0200: Memory Usage (467308K) : recog_diode has 0 polygons
2026-09-09 20:57:29 +0200: Memory Usage (467308K) : recog_tsv has 0 polygons
2026-09-09 20:57:29 +0200: Memory Usage (467468K) : recog_iprobe has 0 polygons
2026-09-09 20:57:29 +0200: Memory Usage (467468K) : recog_diffprb has 0 polygons
2026-09-09 20:57:29 +0200: Memory Usage (467468K) : recog_pillar has 0 polygons
2026-09-09 20:57:29 +0200: Memory Usage (467628K) : recog_sbump has 0 polygons
2026-09-09 20:57:29 +0200: Memory Usage (467628K) : recog_otp has 0 polygons
2026-09-09 20:57:29 +0200: Memory Usage (467628K) : recog_pdiode has 0 polygons
2026-09-09 20:57:29 +0200: Memory Usage (467788K) : recog_mom has 0 polygons
2026-09-09 20:57:29 +0200: Memory Usage (467788K) : recog_pcm has 0 polygons
2026-09-09 20:57:29 +0200: Memory Usage (467788K) : colopen_drw has 0 polygons
2026-09-09 20:57:29 +0200: Memory Usage (467948K) : graphmetal1_drw has 0 polygons
2026-09-09 20:57:29 +0200: Memory Usage (467948K) : graphmetal1_filler has 0 polygons
2026-09-09 20:57:29 +0200: Memory Usage (467948K) : graphmetal1_nofill has 0 polygons
2026-09-09 20:57:29 +0200: Memory Usage (468108K) : graphmetal1_slit has 0 polygons
2026-09-09 20:57:29 +0200: Memory Usage (468108K) : graphmetal1_opc has 0 polygons
2026-09-09 20:57:29 +0200: Memory Usage (468108K) : graphmet1l_drw has 0 polygons
2026-09-09 20:57:29 +0200: Memory Usage (468268K) : graphmet1l_filler has 0 polygons
2026-09-09 20:57:29 +0200: Memory Usage (468268K) : graphmet1l_nofill has 0 polygons
2026-09-09 20:57:29 +0200: Memory Usage (468268K) : graphmet1l_slit has 0 polygons
2026-09-09 20:57:29 +0200: Memory Usage (468428K) : graphmet1l_opc has 0 polygons
2026-09-09 20:57:29 +0200: Memory Usage (468428K) : extblock_drw has 0 polygons
2026-09-09 20:57:29 +0200: Memory Usage (468428K) : nldd_drw has 0 polygons
2026-09-09 20:57:29 +0200: Memory Usage (468588K) : pldd_drw has 0 polygons
2026-09-09 20:57:29 +0200: Memory Usage (468588K) : next_drw has 0 polygons
2026-09-09 20:57:29 +0200: Memory Usage (468588K) : pext_drw has 0 polygons
2026-09-09 20:57:29 +0200: Memory Usage (468748K) : nexthv_drw has 0 polygons
2026-09-09 20:57:29 +0200: Memory Usage (468748K) : pexthv_drw has 0 polygons
2026-09-09 20:57:29 +0200: Memory Usage (468748K) : graphgate_drw has 0 polygons
2026-09-09 20:57:29 +0200: Memory Usage (468908K) : sinwg_drw has 0 polygons
2026-09-09 20:57:29 +0200: Memory Usage (468908K) : sinwg_filler has 0 polygons
2026-09-09 20:57:29 +0200: Memory Usage (468908K) : sinwg_nofill has 0 polygons
2026-09-09 20:57:29 +0200: Memory Usage (469068K) : mempad_drw has 0 polygons
2026-09-09 20:57:29 +0200: Memory Usage (469068K) : topvia1_drw has 0 polygons
2026-09-09 20:57:29 +0200: Memory Usage (469068K) : topmetal1_drw has 0 polygons
2026-09-09 20:57:29 +0200: Memory Usage (469068K) : topmetal1_pin has 0 polygons
2026-09-09 20:57:29 +0200: Memory Usage (469068K) : topmetal1_mask has 0 polygons
2026-09-09 20:57:29 +0200: Memory Usage (469068K) : topmetal1_filler has 0 polygons
2026-09-09 20:57:29 +0200: Memory Usage (469068K) : topmetal1_nofill has 0 polygons
2026-09-09 20:57:29 +0200: Memory Usage (469068K) : topmetal1_slit has 0 polygons
2026-09-09 20:57:29 +0200: Memory Usage (469068K) : topmetal1_text has 0 polygons
2026-09-09 20:57:29 +0200: Memory Usage (469068K) : topmetal1_noqrc has 0 polygons
2026-09-09 20:57:29 +0200: Memory Usage (469228K) : topmetal1_res has 0 polygons
2026-09-09 20:57:29 +0200: Memory Usage (469228K) : topmetal1_iprobe has 0 polygons
2026-09-09 20:57:29 +0200: Memory Usage (469228K) : topmetal1_diffprb has 0 polygons
2026-09-09 20:57:29 +0200: Memory Usage (469388K) : inldpwl_drw has 0 polygons
2026-09-09 20:57:29 +0200: Memory Usage (469388K) : polyres_drw has 0 polygons
2026-09-09 20:57:29 +0200: Memory Usage (469388K) : polyres_pin has 0 polygons
2026-09-09 20:57:29 +0200: Memory Usage (469548K) : vmim_drw has 0 polygons
2026-09-09 20:57:29 +0200: Memory Usage (469548K) : nbulaycut_drw has 0 polygons
2026-09-09 20:57:29 +0200: Memory Usage (469548K) : antmetal1_drw has 0 polygons
2026-09-09 20:57:29 +0200: Memory Usage (469708K) : topvia2_drw has 0 polygons
2026-09-09 20:57:29 +0200: Memory Usage (469708K) : topmetal2_drw has 0 polygons
2026-09-09 20:57:29 +0200: Memory Usage (469708K) : topmetal2_pin has 0 polygons
2026-09-09 20:57:29 +0200: Memory Usage (469868K) : topmetal2_mask has 0 polygons
2026-09-09 20:57:29 +0200: Memory Usage (469868K) : topmetal2_filler has 0 polygons
2026-09-09 20:57:29 +0200: Memory Usage (469868K) : topmetal2_nofill has 0 polygons
2026-09-09 20:57:29 +0200: Memory Usage (470028K) : topmetal2_slit has 0 polygons
2026-09-09 20:57:29 +0200: Memory Usage (470028K) : topmetal2_text has 0 polygons
2026-09-09 20:57:29 +0200: Memory Usage (470028K) : topmetal2_noqrc has 0 polygons
2026-09-09 20:57:29 +0200: Memory Usage (470188K) : topmetal2_res has 0 polygons
2026-09-09 20:57:29 +0200: Memory Usage (470188K) : topmetal2_iprobe has 0 polygons
2026-09-09 20:57:29 +0200: Memory Usage (470188K) : topmetal2_diffprb has 0 polygons
2026-09-09 20:57:29 +0200: Memory Usage (470348K) : snsring_drw has 0 polygons
2026-09-09 20:57:29 +0200: Memory Usage (470348K) : sensor_drw has 0 polygons
2026-09-09 20:57:29 +0200: Memory Usage (470508K) : snsarms_drw has 0 polygons
2026-09-09 20:57:29 +0200: Memory Usage (470508K) : snscmosvia_drw has 0 polygons
2026-09-09 20:57:29 +0200: Memory Usage (470508K) : colwind_drw has 0 polygons
2026-09-09 20:57:29 +0200: Memory Usage (470508K) : flm_drw has 0 polygons
2026-09-09 20:57:29 +0200: Memory Usage (470668K) : hafniumox_drw has 0 polygons
2026-09-09 20:57:29 +0200: Memory Usage (470668K) : memvia_drw has 0 polygons
2026-09-09 20:57:29 +0200: Memory Usage (470668K) : thinfilmres_drw has 0 polygons
2026-09-09 20:57:29 +0200: Memory Usage (470828K) : rfmem_drw has 0 polygons
2026-09-09 20:57:29 +0200: Memory Usage (470828K) : norcx_drw has 0 polygons
2026-09-09 20:57:29 +0200: Memory Usage (470828K) : norcx_m2m3 has 0 polygons
2026-09-09 20:57:29 +0200: Memory Usage (470988K) : norcx_m2m4 has 0 polygons
2026-09-09 20:57:29 +0200: Memory Usage (470988K) : norcx_m2m5 has 0 polygons
2026-09-09 20:57:29 +0200: Memory Usage (471148K) : norcx_m2tm1 has 0 polygons
2026-09-09 20:57:29 +0200: Memory Usage (471148K) : norcx_m2tm2 has 0 polygons
2026-09-09 20:57:29 +0200: Memory Usage (471148K) : norcx_m3m4 has 0 polygons
2026-09-09 20:57:29 +0200: Memory Usage (471148K) : norcx_m3m5 has 0 polygons
2026-09-09 20:57:29 +0200: Memory Usage (471308K) : norcx_m3tm1 has 0 polygons
2026-09-09 20:57:29 +0200: Memory Usage (471308K) : norcx_m3tm2 has 0 polygons
2026-09-09 20:57:29 +0200: Memory Usage (471468K) : norcx_m4m5 has 0 polygons
2026-09-09 20:57:29 +0200: Memory Usage (471468K) : norcx_m4tm1 has 0 polygons
2026-09-09 20:57:29 +0200: Memory Usage (471468K) : norcx_m4tm2 has 0 polygons
2026-09-09 20:57:29 +0200: Memory Usage (471628K) : norcx_m5tm1 has 0 polygons
2026-09-09 20:57:29 +0200: Memory Usage (471628K) : norcx_m5tm2 has 0 polygons
2026-09-09 20:57:29 +0200: Memory Usage (471628K) : norcx_tm1tm2 has 0 polygons
2026-09-09 20:57:29 +0200: Memory Usage (471788K) : norcx_m1sub has 0 polygons
2026-09-09 20:57:29 +0200: Memory Usage (471788K) : norcx_m2sub has 0 polygons
2026-09-09 20:57:29 +0200: Memory Usage (471788K) : norcx_m3sub has 0 polygons
2026-09-09 20:57:29 +0200: Memory Usage (471948K) : norcx_m4sub has 0 polygons
2026-09-09 20:57:29 +0200: Memory Usage (471948K) : norcx_m5sub has 0 polygons
2026-09-09 20:57:29 +0200: Memory Usage (471948K) : norcx_tm1sub has 0 polygons
2026-09-09 20:57:29 +0200: Memory Usage (472108K) : norcx_tm2sub has 0 polygons
2026-09-09 20:57:29 +0200: Memory Usage (472108K) : snsbotvia_drw has 0 polygons
2026-09-09 20:57:29 +0200: Memory Usage (472108K) : snstopvia_drw has 0 polygons
2026-09-09 20:57:29 +0200: Memory Usage (472268K) : deepvia_drw has 0 polygons
2026-09-09 20:57:29 +0200: Memory Usage (472268K) : fgetch_drw has 0 polygons
2026-09-09 20:57:29 +0200: Memory Usage (472268K) : ctrgat_drw has 0 polygons
2026-09-09 20:57:29 +0200: Memory Usage (472428K) : fgimp_drw has 0 polygons
2026-09-09 20:57:29 +0200: Memory Usage (472428K) : emwihv_drw has 0 polygons
2026-09-09 20:57:29 +0200: Memory Usage (472428K) : lbe_drw has 0 polygons
2026-09-09 20:57:29 +0200: Memory Usage (472588K) : alcustop_drw has 0 polygons
2026-09-09 20:57:29 +0200: Memory Usage (472588K) : nometfiller_drw has 0 polygons
2026-09-09 20:57:29 +0200: Memory Usage (472588K) : prboundary_drw has 0 polygons
2026-09-09 20:57:29 +0200: Memory Usage (472748K) : exchange0_drw has 0 polygons
2026-09-09 20:57:29 +0200: Memory Usage (472748K) : exchange0_pin has 0 polygons
2026-09-09 20:57:29 +0200: Memory Usage (472748K) : exchange0_text has 0 polygons
2026-09-09 20:57:29 +0200: Memory Usage (472908K) : exchange1_drw has 0 polygons
2026-09-09 20:57:29 +0200: Memory Usage (472908K) : exchange1_pin has 0 polygons
2026-09-09 20:57:29 +0200: Memory Usage (472908K) : exchange1_text has 0 polygons
2026-09-09 20:57:29 +0200: Memory Usage (473068K) : exchange2_drw has 0 polygons
2026-09-09 20:57:29 +0200: Memory Usage (473068K) : exchange2_pin has 0 polygons
2026-09-09 20:57:29 +0200: Memory Usage (473068K) : exchange2_text has 0 polygons
2026-09-09 20:57:29 +0200: Memory Usage (473228K) : exchange3_drw has 0 polygons
2026-09-09 20:57:29 +0200: Memory Usage (473228K) : exchange3_pin has 0 polygons
2026-09-09 20:57:29 +0200: Memory Usage (473228K) : exchange3_text has 0 polygons
2026-09-09 20:57:29 +0200: Memory Usage (473228K) : exchange4_drw has 0 polygons
2026-09-09 20:57:29 +0200: Memory Usage (473388K) : exchange4_pin has 0 polygons
2026-09-09 20:57:29 +0200: Memory Usage (473388K) : exchange4_text has 0 polygons
2026-09-09 20:57:29 +0200: Memory Usage (473388K) : isonwell_drw has 0 polygons
2026-09-09 20:57:29 +0200: Memory Usage (473388K) : Total no. of polygons in the design is 99
2026-09-09 20:57:29 +0200: Memory Usage (473548K) : Loaded TECH DRC rules values from /foss/pdks/ihp-sg13g2/libs.tech/klayout/python/sg13g2_pycell_lib/sg13g2_tech_mod.json
2026-09-09 20:57:29 +0200: Memory Usage (473548K) : Loaded default DRC rules values from /foss/pdks/ihp-sg13g2/libs.tech/klayout/tech/drc/rule_decks/sg13g2_tech_default.json
2026-09-09 20:57:29 +0200: Memory Usage (473548K) : The following rules values were missing in tech json and default values were used:
2026-09-09 20:57:29 +0200: Memory Usage (473548K) :   - NW_f1_digibnd
2026-09-09 20:57:29 +0200: Memory Usage (473548K) :   - Cnt_c_digibnd
2026-09-09 20:57:29 +0200: Memory Usage (473548K) :   - Cnt_c_sram
2026-09-09 20:57:29 +0200: Memory Usage (473548K) :   - Sdiod_b
2026-09-09 20:57:29 +0200: Memory Usage (473548K) :   - Sdiod_c
2026-09-09 20:57:29 +0200: Memory Usage (474892K) : Total area of the design is 18.9648 um^2.
2026-09-09 20:57:29 +0200: Memory Usage (474892K) : The design dimensions are 4.32 µm * 4.39 µm.
2026-09-09 20:57:29 +0200: Memory Usage (474892K) : Starting general IHP-SG13G2 derivations.
2026-09-09 20:57:29 +0200: Memory Usage (474892K) : Starting Pwell derivations
2026-09-09 20:57:29 +0200: Memory Usage (476548K) : Starting IHP-SG13G2 DRC rules.
2026-09-09 20:57:29 +0200: Memory Usage (476548K) : Starting 5.18 Metaln:filler table
2026-09-09 20:57:29 +0200: Memory Usage (476548K) : Executing rule M1Fil.c
2026-09-09 20:57:29 +0200: Memory Usage (476744K) : Executing rule M1Fil.a2
2026-09-09 20:57:29 +0200: Memory Usage (476744K) : Executing rule M2Fil.c
2026-09-09 20:57:29 +0200: Memory Usage (476744K) : Executing rule M2Fil.a2
2026-09-09 20:57:29 +0200: Memory Usage (476744K) : Executing rule M3Fil.c
2026-09-09 20:57:29 +0200: Memory Usage (476744K) : Executing rule M3Fil.a2
2026-09-09 20:57:29 +0200: Memory Usage (476744K) : Executing rule M4Fil.c
2026-09-09 20:57:29 +0200: Memory Usage (476744K) : Executing rule M4Fil.a2
2026-09-09 20:57:29 +0200: Memory Usage (476744K) : Executing rule M5Fil.c
2026-09-09 20:57:29 +0200: Memory Usage (476744K) : Executing rule M5Fil.a2
2026-09-09 20:57:29 +0200: Memory Usage (476744K) : KLayout DRC run for tables 'metalnfiller' completed in 0.17 seconds
