# Logfile created on 2026-09-09 20:57:32 +0200 by logger.rb/v1.5.3
2026-09-09 20:57:32 +0200: Memory Usage (456484K) : Starting running IHP-SG13G2 KLayout DRC runset on /foss/designs/aion_chip/flow/regress/AION_nand2_o21ai_0/AION_nand2_o21ai_0.gds
2026-09-09 20:57:32 +0200: Memory Usage (456484K) : Ruby Version for klayout: 3.2.3
2026-09-09 20:57:32 +0200: Memory Usage (457604K) : Loading database to memory is complete.
2026-09-09 20:57:32 +0200: Memory Usage (457604K) : IHP-SG13G2 KLayout DRC runset output at: /foss/designs/aion_chip/flow/regress/AION_nand2_o21ai_0/drc/AION_nand2_o21ai_0.klayout.drc/AION_nand2_o21ai_0_AION_nand2_o21ai_0_offgrid.lyrdb
2026-09-09 20:57:32 +0200: Memory Usage (457796K) : Evaluate switches.
2026-09-09 20:57:32 +0200: Memory Usage (457796K) : tables selected: offgrid
2026-09-09 20:57:32 +0200: Memory Usage (457796K) : KLayout will use 15 thread(s) in tiling mode.
2026-09-09 20:57:32 +0200: Memory Usage (457796K) : deep mode is enabled.
2026-09-09 20:57:32 +0200: Memory Usage (457796K) : FEOL enabled: false
2026-09-09 20:57:32 +0200: Memory Usage (457796K) : BEOL enabled: false
2026-09-09 20:57:32 +0200: Memory Usage (457796K) : OFFGRID enabled: true
2026-09-09 20:57:32 +0200: Memory Usage (457796K) : ANGLE enabled: true
2026-09-09 20:57:32 +0200: Memory Usage (457796K) : PIN enabled: false
2026-09-09 20:57:32 +0200: Memory Usage (457796K) : FORBIDDEN enabled: false
2026-09-09 20:57:32 +0200: Memory Usage (457796K) : RECOMMENDED enabled: true
2026-09-09 20:57:32 +0200: Memory Usage (457796K) : PreCheck DRC enabled: false
2026-09-09 20:57:32 +0200: Memory Usage (457796K) : CONNECTIVITY_RULES enabled: false.
2026-09-09 20:57:32 +0200: Memory Usage (457796K) : Read in polygons from layers.
2026-09-09 20:57:32 +0200: Memory Usage (458564K) : activ_drw has 5 polygons
2026-09-09 20:57:32 +0200: Memory Usage (458564K) : activ_pin has 0 polygons
2026-09-09 20:57:32 +0200: Memory Usage (458564K) : activ_mask has 0 polygons
2026-09-09 20:57:32 +0200: Memory Usage (458564K) : activ_filler has 0 polygons
2026-09-09 20:57:32 +0200: Memory Usage (458564K) : activ_nofill has 0 polygons
2026-09-09 20:57:32 +0200: Memory Usage (458564K) : activ_opc has 0 polygons
2026-09-09 20:57:32 +0200: Memory Usage (458564K) : activ_iopc has 0 polygons
2026-09-09 20:57:32 +0200: Memory Usage (458564K) : activ_noqrc has 0 polygons
2026-09-09 20:57:32 +0200: Memory Usage (458564K) : biwind_drw has 0 polygons
2026-09-09 20:57:32 +0200: Memory Usage (458564K) : biwind_opc has 0 polygons
2026-09-09 20:57:32 +0200: Memory Usage (458564K) : pemwind_drw has 0 polygons
2026-09-09 20:57:32 +0200: Memory Usage (458564K) : gatpoly_drw has 10 polygons
2026-09-09 20:57:32 +0200: Memory Usage (458564K) : gatpoly_pin has 0 polygons
2026-09-09 20:57:32 +0200: Memory Usage (458564K) : gatpoly_filler has 0 polygons
2026-09-09 20:57:32 +0200: Memory Usage (458724K) : gatpoly_nofill has 0 polygons
2026-09-09 20:57:32 +0200: Memory Usage (458724K) : gatpoly_opc has 0 polygons
2026-09-09 20:57:32 +0200: Memory Usage (458724K) : gatpoly_iopc has 0 polygons
2026-09-09 20:57:32 +0200: Memory Usage (458724K) : gatpoly_noqrc has 0 polygons
2026-09-09 20:57:32 +0200: Memory Usage (458724K) : cont_drw has 41 polygons
2026-09-09 20:57:32 +0200: Memory Usage (458724K) : cont_opc has 0 polygons
2026-09-09 20:57:32 +0200: Memory Usage (458724K) : nsd_drw has 0 polygons
2026-09-09 20:57:32 +0200: Memory Usage (458724K) : nsd_block has 0 polygons
2026-09-09 20:57:32 +0200: Memory Usage (458724K) : metal1_drw has 23 polygons
2026-09-09 20:57:32 +0200: Memory Usage (458724K) : metal1_pin has 6 polygons
2026-09-09 20:57:32 +0200: Memory Usage (458884K) : metal1_mask has 0 polygons
2026-09-09 20:57:32 +0200: Memory Usage (458884K) : metal1_filler has 0 polygons
2026-09-09 20:57:32 +0200: Memory Usage (458884K) : metal1_nofill has 0 polygons
2026-09-09 20:57:32 +0200: Memory Usage (459044K) : metal1_slit has 0 polygons
2026-09-09 20:57:32 +0200: Memory Usage (459236K) : metal1_text has 6 polygons
2026-09-09 20:57:32 +0200: Memory Usage (459236K) : metal1_opc has 0 polygons
2026-09-09 20:57:32 +0200: Memory Usage (459396K) : metal1_noqrc has 0 polygons
2026-09-09 20:57:32 +0200: Memory Usage (459396K) : metal1_res has 0 polygons
2026-09-09 20:57:32 +0200: Memory Usage (459396K) : metal1_iprobe has 0 polygons
2026-09-09 20:57:32 +0200: Memory Usage (459556K) : metal1_diffprb has 0 polygons
2026-09-09 20:57:32 +0200: Memory Usage (459556K) : passiv_drw has 0 polygons
2026-09-09 20:57:32 +0200: Memory Usage (459716K) : passiv_pin has 0 polygons
2026-09-09 20:57:32 +0200: Memory Usage (459716K) : passiv_sbump has 0 polygons
2026-09-09 20:57:32 +0200: Memory Usage (459716K) : passiv_pillar has 0 polygons
2026-09-09 20:57:32 +0200: Memory Usage (459716K) : passiv_pdl has 0 polygons
2026-09-09 20:57:32 +0200: Memory Usage (459716K) : metal2_drw has 1 polygons
2026-09-09 20:57:32 +0200: Memory Usage (459876K) : metal2_pin has 1 polygons
2026-09-09 20:57:32 +0200: Memory Usage (459876K) : metal2_mask has 0 polygons
2026-09-09 20:57:32 +0200: Memory Usage (459876K) : metal2_filler has 0 polygons
2026-09-09 20:57:32 +0200: Memory Usage (459876K) : metal2_nofill has 0 polygons
2026-09-09 20:57:32 +0200: Memory Usage (459876K) : metal2_slit has 0 polygons
2026-09-09 20:57:32 +0200: Memory Usage (459876K) : metal2_text has 1 polygons
2026-09-09 20:57:32 +0200: Memory Usage (459876K) : metal2_opc has 0 polygons
2026-09-09 20:57:32 +0200: Memory Usage (460036K) : metal2_noqrc has 0 polygons
2026-09-09 20:57:32 +0200: Memory Usage (460036K) : metal2_res has 0 polygons
2026-09-09 20:57:32 +0200: Memory Usage (460036K) : metal2_iprobe has 0 polygons
2026-09-09 20:57:32 +0200: Memory Usage (460036K) : metal2_diffprb has 0 polygons
2026-09-09 20:57:32 +0200: Memory Usage (460036K) : baspoly_drw has 0 polygons
2026-09-09 20:57:32 +0200: Memory Usage (460036K) : baspoly_pin has 0 polygons
2026-09-09 20:57:32 +0200: Memory Usage (460196K) : psd_drw has 2 polygons
2026-09-09 20:57:32 +0200: Memory Usage (460196K) : nldb_drw has 0 polygons
2026-09-09 20:57:32 +0200: Memory Usage (460356K) : digibnd_drw has 0 polygons
2026-09-09 20:57:32 +0200: Memory Usage (460356K) : via1_drw has 2 polygons
2026-09-09 20:57:32 +0200: Memory Usage (460356K) : backmetal1_drw has 0 polygons
2026-09-09 20:57:32 +0200: Memory Usage (460516K) : backmetal1_pin has 0 polygons
2026-09-09 20:57:32 +0200: Memory Usage (460516K) : backmetal1_mask has 0 polygons
2026-09-09 20:57:32 +0200: Memory Usage (460516K) : backmetal1_filler has 0 polygons
2026-09-09 20:57:32 +0200: Memory Usage (460676K) : backmetal1_nofill has 0 polygons
2026-09-09 20:57:32 +0200: Memory Usage (460676K) : backmetal1_slit has 0 polygons
2026-09-09 20:57:32 +0200: Memory Usage (460676K) : backmetal1_text has 0 polygons
2026-09-09 20:57:32 +0200: Memory Usage (460836K) : backmetal1_opc has 0 polygons
2026-09-09 20:57:32 +0200: Memory Usage (460836K) : backmetal1_noqrc has 0 polygons
2026-09-09 20:57:32 +0200: Memory Usage (460996K) : backmetal1_res has 0 polygons
2026-09-09 20:57:32 +0200: Memory Usage (460996K) : backmetal1_iprobe has 0 polygons
2026-09-09 20:57:32 +0200: Memory Usage (461156K) : backmetal1_diffprb has 0 polygons
2026-09-09 20:57:32 +0200: Memory Usage (461156K) : backpassiv_drw has 0 polygons
2026-09-09 20:57:32 +0200: Memory Usage (461316K) : res_drw has 0 polygons
2026-09-09 20:57:32 +0200: Memory Usage (461316K) : sram_drw has 0 polygons
2026-09-09 20:57:32 +0200: Memory Usage (461316K) : trans_drw has 0 polygons
2026-09-09 20:57:32 +0200: Memory Usage (461316K) : ind_drw has 0 polygons
2026-09-09 20:57:32 +0200: Memory Usage (461476K) : ind_pin has 0 polygons
2026-09-09 20:57:32 +0200: Memory Usage (461476K) : ind_text has 0 polygons
2026-09-09 20:57:32 +0200: Memory Usage (461636K) : salblock_drw has 0 polygons
2026-09-09 20:57:32 +0200: Memory Usage (461636K) : via2_drw has 0 polygons
2026-09-09 20:57:32 +0200: Memory Usage (461636K) : metal3_drw has 0 polygons
2026-09-09 20:57:32 +0200: Memory Usage (461796K) : metal3_pin has 0 polygons
2026-09-09 20:57:32 +0200: Memory Usage (461796K) : metal3_mask has 0 polygons
2026-09-09 20:57:32 +0200: Memory Usage (461796K) : metal3_filler has 0 polygons
2026-09-09 20:57:32 +0200: Memory Usage (461956K) : metal3_nofill has 0 polygons
2026-09-09 20:57:32 +0200: Memory Usage (461956K) : metal3_slit has 0 polygons
2026-09-09 20:57:32 +0200: Memory Usage (461956K) : metal3_text has 0 polygons
2026-09-09 20:57:32 +0200: Memory Usage (462116K) : metal3_opc has 0 polygons
2026-09-09 20:57:32 +0200: Memory Usage (462116K) : metal3_noqrc has 0 polygons
2026-09-09 20:57:32 +0200: Memory Usage (462276K) : metal3_res has 0 polygons
2026-09-09 20:57:32 +0200: Memory Usage (462276K) : metal3_iprobe has 0 polygons
2026-09-09 20:57:32 +0200: Memory Usage (462276K) : metal3_diffprb has 0 polygons
2026-09-09 20:57:32 +0200: Memory Usage (462276K) : nwell_drw has 1 polygons
2026-09-09 20:57:32 +0200: Memory Usage (462276K) : nwell_pin has 0 polygons
2026-09-09 20:57:32 +0200: Memory Usage (462276K) : nbulay_drw has 0 polygons
2026-09-09 20:57:32 +0200: Memory Usage (462276K) : nbulay_pin has 0 polygons
2026-09-09 20:57:32 +0200: Memory Usage (462436K) : nbulay_block has 0 polygons
2026-09-09 20:57:32 +0200: Memory Usage (462436K) : emwind_drw has 0 polygons
2026-09-09 20:57:32 +0200: Memory Usage (462436K) : emwind_opc has 0 polygons
2026-09-09 20:57:32 +0200: Memory Usage (462436K) : deepco_drw has 0 polygons
2026-09-09 20:57:32 +0200: Memory Usage (462596K) : deepco_drw has 0 polygons
2026-09-09 20:57:32 +0200: Memory Usage (462596K) : mim_drw has 0 polygons
2026-09-09 20:57:32 +0200: Memory Usage (462596K) : edgeseal_drw has 0 polygons
2026-09-09 20:57:32 +0200: Memory Usage (462596K) : edgeseal_bound has 0 polygons
2026-09-09 20:57:32 +0200: Memory Usage (462756K) : substrate_drw has 0 polygons
2026-09-09 20:57:32 +0200: Memory Usage (462756K) : substrate_text has 0 polygons
2026-09-09 20:57:32 +0200: Memory Usage (462756K) : dfpad_drw has 0 polygons
2026-09-09 20:57:32 +0200: Memory Usage (462756K) : dfpad_pillar has 0 polygons
2026-09-09 20:57:32 +0200: Memory Usage (462916K) : dfpad_sbump has 0 polygons
2026-09-09 20:57:32 +0200: Memory Usage (462916K) : thickgateox_drw has 0 polygons
2026-09-09 20:57:32 +0200: Memory Usage (462916K) : pldb_drw has 0 polygons
2026-09-09 20:57:32 +0200: Memory Usage (462916K) : pwell_drw has 0 polygons
2026-09-09 20:57:32 +0200: Memory Usage (463076K) : pwell_pin has 0 polygons
2026-09-09 20:57:32 +0200: Memory Usage (463076K) : pwell_block has 0 polygons
2026-09-09 20:57:32 +0200: Memory Usage (463076K) : ic_drw has 0 polygons
2026-09-09 20:57:32 +0200: Memory Usage (463236K) : via3_drw has 0 polygons
2026-09-09 20:57:32 +0200: Memory Usage (463236K) : metal4_drw has 0 polygons
2026-09-09 20:57:32 +0200: Memory Usage (463236K) : metal4_pin has 0 polygons
2026-09-09 20:57:32 +0200: Memory Usage (463396K) : metal4_mask has 0 polygons
2026-09-09 20:57:32 +0200: Memory Usage (463396K) : metal4_filler has 0 polygons
2026-09-09 20:57:32 +0200: Memory Usage (463396K) : metal4_nofill has 0 polygons
2026-09-09 20:57:32 +0200: Memory Usage (463556K) : metal4_slit has 0 polygons
2026-09-09 20:57:32 +0200: Memory Usage (463556K) : metal4_text has 0 polygons
2026-09-09 20:57:32 +0200: Memory Usage (463716K) : metal4_opc has 0 polygons
2026-09-09 20:57:32 +0200: Memory Usage (463716K) : metal4_noqrc has 0 polygons
2026-09-09 20:57:32 +0200: Memory Usage (463716K) : metal4_res has 0 polygons
2026-09-09 20:57:32 +0200: Memory Usage (463876K) : metal4_iprobe has 0 polygons
2026-09-09 20:57:32 +0200: Memory Usage (463876K) : metal4_diffprb has 0 polygons
2026-09-09 20:57:32 +0200: Memory Usage (463876K) : heattrans_drw has 0 polygons
2026-09-09 20:57:32 +0200: Memory Usage (464036K) : heatres_drw has 0 polygons
2026-09-09 20:57:32 +0200: Memory Usage (464036K) : pempoly_drw has 0 polygons
2026-09-09 20:57:32 +0200: Memory Usage (464036K) : fbe_drw has 0 polygons
2026-09-09 20:57:32 +0200: Memory Usage (464196K) : empoly_drw has 0 polygons
2026-09-09 20:57:32 +0200: Memory Usage (464196K) : ldmos_drw has 0 polygons
2026-09-09 20:57:32 +0200: Memory Usage (464196K) : pbiwind_drw has 0 polygons
2026-09-09 20:57:32 +0200: Memory Usage (464356K) : digisub_drw has 0 polygons
2026-09-09 20:57:32 +0200: Memory Usage (464356K) : nodrc_drw has 0 polygons
2026-09-09 20:57:32 +0200: Memory Usage (464356K) : text_drw has 0 polygons
2026-09-09 20:57:32 +0200: Memory Usage (464356K) : via4_drw has 0 polygons
2026-09-09 20:57:32 +0200: Memory Usage (464516K) : metal5_drw has 0 polygons
2026-09-09 20:57:32 +0200: Memory Usage (464516K) : metal5_pin has 0 polygons
2026-09-09 20:57:32 +0200: Memory Usage (464516K) : metal5_mask has 0 polygons
2026-09-09 20:57:32 +0200: Memory Usage (464516K) : metal5_filler has 0 polygons
2026-09-09 20:57:32 +0200: Memory Usage (464676K) : metal5_nofill has 0 polygons
2026-09-09 20:57:32 +0200: Memory Usage (464676K) : metal5_slit has 0 polygons
2026-09-09 20:57:32 +0200: Memory Usage (464676K) : metal5_text has 0 polygons
2026-09-09 20:57:32 +0200: Memory Usage (464676K) : metal5_opc has 0 polygons
2026-09-09 20:57:32 +0200: Memory Usage (464836K) : metal5_noqrc has 0 polygons
2026-09-09 20:57:32 +0200: Memory Usage (464836K) : metal5_res has 0 polygons
2026-09-09 20:57:32 +0200: Memory Usage (464836K) : metal5_iprobe has 0 polygons
2026-09-09 20:57:32 +0200: Memory Usage (464996K) : metal5_diffprb has 0 polygons
2026-09-09 20:57:32 +0200: Memory Usage (464996K) : radhard_drw has 0 polygons
2026-09-09 20:57:32 +0200: Memory Usage (465156K) : memcap_drw has 0 polygons
2026-09-09 20:57:32 +0200: Memory Usage (465156K) : varicap_drw has 0 polygons
2026-09-09 20:57:32 +0200: Memory Usage (465156K) : flash_drw has 0 polygons
2026-09-09 20:57:32 +0200: Memory Usage (465316K) : intbondvia_drw has 0 polygons
2026-09-09 20:57:32 +0200: Memory Usage (465316K) : intbondmet_drw has 0 polygons
2026-09-09 20:57:32 +0200: Memory Usage (465316K) : devbondvia_drw has 0 polygons
2026-09-09 20:57:32 +0200: Memory Usage (465476K) : devbondmet_drw has 0 polygons
2026-09-09 20:57:32 +0200: Memory Usage (465476K) : devtrench_drw has 0 polygons
2026-09-09 20:57:32 +0200: Memory Usage (465476K) : redist_drw has 0 polygons
2026-09-09 20:57:32 +0200: Memory Usage (465636K) : graphbot_drw has 0 polygons
2026-09-09 20:57:32 +0200: Memory Usage (465636K) : graphtop_drw has 0 polygons
2026-09-09 20:57:32 +0200: Memory Usage (465636K) : antvia1_drw has 0 polygons
2026-09-09 20:57:32 +0200: Memory Usage (465796K) : antmetal2_drw has 0 polygons
2026-09-09 20:57:32 +0200: Memory Usage (465796K) : graphcont_drw has 0 polygons
2026-09-09 20:57:32 +0200: Memory Usage (465796K) : siwg_drw has 0 polygons
2026-09-09 20:57:32 +0200: Memory Usage (465956K) : siwg_filler has 0 polygons
2026-09-09 20:57:32 +0200: Memory Usage (465956K) : siwg_nofill has 0 polygons
2026-09-09 20:57:32 +0200: Memory Usage (465956K) : sigrating_drw has 0 polygons
2026-09-09 20:57:32 +0200: Memory Usage (466116K) : singrating_drw has 0 polygons
2026-09-09 20:57:32 +0200: Memory Usage (466116K) : graphpas_drw has 0 polygons
2026-09-09 20:57:32 +0200: Memory Usage (466116K) : emwind3_drw has 0 polygons
2026-09-09 20:57:32 +0200: Memory Usage (466276K) : emwihv3_drw has 0 polygons
2026-09-09 20:57:32 +0200: Memory Usage (466276K) : redbulay_drw has 0 polygons
2026-09-09 20:57:32 +0200: Memory Usage (466276K) : smos_drw has 0 polygons
2026-09-09 20:57:32 +0200: Memory Usage (466276K) : graphpad_drw has 0 polygons
2026-09-09 20:57:32 +0200: Memory Usage (466436K) : polimide_drw has 0 polygons
2026-09-09 20:57:32 +0200: Memory Usage (466436K) : polimide_pin has 0 polygons
2026-09-09 20:57:32 +0200: Memory Usage (466436K) : recog_drw has 0 polygons
2026-09-09 20:57:32 +0200: Memory Usage (466436K) : recog_pin has 0 polygons
2026-09-09 20:57:32 +0200: Memory Usage (466436K) : recog_esd has 0 polygons
2026-09-09 20:57:32 +0200: Memory Usage (466596K) : recog_diode has 0 polygons
2026-09-09 20:57:32 +0200: Memory Usage (466596K) : recog_tsv has 0 polygons
2026-09-09 20:57:32 +0200: Memory Usage (466596K) : recog_iprobe has 0 polygons
2026-09-09 20:57:32 +0200: Memory Usage (466756K) : recog_diffprb has 0 polygons
2026-09-09 20:57:32 +0200: Memory Usage (466756K) : recog_pillar has 0 polygons
2026-09-09 20:57:32 +0200: Memory Usage (466756K) : recog_sbump has 0 polygons
2026-09-09 20:57:32 +0200: Memory Usage (466916K) : recog_otp has 0 polygons
2026-09-09 20:57:32 +0200: Memory Usage (466916K) : recog_pdiode has 0 polygons
2026-09-09 20:57:32 +0200: Memory Usage (466916K) : recog_mom has 0 polygons
2026-09-09 20:57:32 +0200: Memory Usage (467076K) : recog_pcm has 0 polygons
2026-09-09 20:57:32 +0200: Memory Usage (467076K) : colopen_drw has 0 polygons
2026-09-09 20:57:32 +0200: Memory Usage (467076K) : graphmetal1_drw has 0 polygons
2026-09-09 20:57:32 +0200: Memory Usage (467236K) : graphmetal1_filler has 0 polygons
2026-09-09 20:57:32 +0200: Memory Usage (467236K) : graphmetal1_nofill has 0 polygons
2026-09-09 20:57:32 +0200: Memory Usage (467236K) : graphmetal1_slit has 0 polygons
2026-09-09 20:57:32 +0200: Memory Usage (467396K) : graphmetal1_opc has 0 polygons
2026-09-09 20:57:32 +0200: Memory Usage (467396K) : graphmet1l_drw has 0 polygons
2026-09-09 20:57:32 +0200: Memory Usage (467396K) : graphmet1l_filler has 0 polygons
2026-09-09 20:57:32 +0200: Memory Usage (467556K) : graphmet1l_nofill has 0 polygons
2026-09-09 20:57:32 +0200: Memory Usage (467556K) : graphmet1l_slit has 0 polygons
2026-09-09 20:57:32 +0200: Memory Usage (467556K) : graphmet1l_opc has 0 polygons
2026-09-09 20:57:32 +0200: Memory Usage (467716K) : extblock_drw has 0 polygons
2026-09-09 20:57:32 +0200: Memory Usage (467716K) : nldd_drw has 0 polygons
2026-09-09 20:57:32 +0200: Memory Usage (467716K) : pldd_drw has 0 polygons
2026-09-09 20:57:32 +0200: Memory Usage (467876K) : next_drw has 0 polygons
2026-09-09 20:57:32 +0200: Memory Usage (467876K) : pext_drw has 0 polygons
2026-09-09 20:57:32 +0200: Memory Usage (467876K) : nexthv_drw has 0 polygons
2026-09-09 20:57:32 +0200: Memory Usage (468036K) : pexthv_drw has 0 polygons
2026-09-09 20:57:32 +0200: Memory Usage (468036K) : graphgate_drw has 0 polygons
2026-09-09 20:57:32 +0200: Memory Usage (468036K) : sinwg_drw has 0 polygons
2026-09-09 20:57:32 +0200: Memory Usage (468196K) : sinwg_filler has 0 polygons
2026-09-09 20:57:32 +0200: Memory Usage (468196K) : sinwg_nofill has 0 polygons
2026-09-09 20:57:32 +0200: Memory Usage (468196K) : mempad_drw has 0 polygons
2026-09-09 20:57:32 +0200: Memory Usage (468356K) : topvia1_drw has 0 polygons
2026-09-09 20:57:32 +0200: Memory Usage (468356K) : topmetal1_drw has 0 polygons
2026-09-09 20:57:32 +0200: Memory Usage (468356K) : topmetal1_pin has 0 polygons
2026-09-09 20:57:32 +0200: Memory Usage (468356K) : topmetal1_mask has 0 polygons
2026-09-09 20:57:32 +0200: Memory Usage (468356K) : topmetal1_filler has 0 polygons
2026-09-09 20:57:32 +0200: Memory Usage (468356K) : topmetal1_nofill has 0 polygons
2026-09-09 20:57:32 +0200: Memory Usage (468356K) : topmetal1_slit has 0 polygons
2026-09-09 20:57:32 +0200: Memory Usage (468356K) : topmetal1_text has 0 polygons
2026-09-09 20:57:32 +0200: Memory Usage (468356K) : topmetal1_noqrc has 0 polygons
2026-09-09 20:57:32 +0200: Memory Usage (468356K) : topmetal1_res has 0 polygons
2026-09-09 20:57:32 +0200: Memory Usage (468516K) : topmetal1_iprobe has 0 polygons
2026-09-09 20:57:32 +0200: Memory Usage (468516K) : topmetal1_diffprb has 0 polygons
2026-09-09 20:57:32 +0200: Memory Usage (468516K) : inldpwl_drw has 0 polygons
2026-09-09 20:57:32 +0200: Memory Usage (468676K) : polyres_drw has 0 polygons
2026-09-09 20:57:32 +0200: Memory Usage (468676K) : polyres_pin has 0 polygons
2026-09-09 20:57:32 +0200: Memory Usage (468836K) : vmim_drw has 0 polygons
2026-09-09 20:57:32 +0200: Memory Usage (468836K) : nbulaycut_drw has 0 polygons
2026-09-09 20:57:32 +0200: Memory Usage (468836K) : antmetal1_drw has 0 polygons
2026-09-09 20:57:32 +0200: Memory Usage (468836K) : topvia2_drw has 0 polygons
2026-09-09 20:57:32 +0200: Memory Usage (468996K) : topmetal2_drw has 0 polygons
2026-09-09 20:57:32 +0200: Memory Usage (468996K) : topmetal2_pin has 0 polygons
2026-09-09 20:57:32 +0200: Memory Usage (469156K) : topmetal2_mask has 0 polygons
2026-09-09 20:57:32 +0200: Memory Usage (469156K) : topmetal2_filler has 0 polygons
2026-09-09 20:57:32 +0200: Memory Usage (469156K) : topmetal2_nofill has 0 polygons
2026-09-09 20:57:32 +0200: Memory Usage (469316K) : topmetal2_slit has 0 polygons
2026-09-09 20:57:32 +0200: Memory Usage (469316K) : topmetal2_text has 0 polygons
2026-09-09 20:57:32 +0200: Memory Usage (469316K) : topmetal2_noqrc has 0 polygons
2026-09-09 20:57:32 +0200: Memory Usage (469476K) : topmetal2_res has 0 polygons
2026-09-09 20:57:32 +0200: Memory Usage (469476K) : topmetal2_iprobe has 0 polygons
2026-09-09 20:57:32 +0200: Memory Usage (469476K) : topmetal2_diffprb has 0 polygons
2026-09-09 20:57:32 +0200: Memory Usage (469636K) : snsring_drw has 0 polygons
2026-09-09 20:57:32 +0200: Memory Usage (469636K) : sensor_drw has 0 polygons
2026-09-09 20:57:32 +0200: Memory Usage (469636K) : snsarms_drw has 0 polygons
2026-09-09 20:57:32 +0200: Memory Usage (469796K) : snscmosvia_drw has 0 polygons
2026-09-09 20:57:32 +0200: Memory Usage (469796K) : colwind_drw has 0 polygons
2026-09-09 20:57:32 +0200: Memory Usage (469796K) : flm_drw has 0 polygons
2026-09-09 20:57:32 +0200: Memory Usage (469796K) : hafniumox_drw has 0 polygons
2026-09-09 20:57:32 +0200: Memory Usage (469956K) : memvia_drw has 0 polygons
2026-09-09 20:57:32 +0200: Memory Usage (469956K) : thinfilmres_drw has 0 polygons
2026-09-09 20:57:32 +0200: Memory Usage (470116K) : rfmem_drw has 0 polygons
2026-09-09 20:57:32 +0200: Memory Usage (470116K) : norcx_drw has 0 polygons
2026-09-09 20:57:32 +0200: Memory Usage (470116K) : norcx_m2m3 has 0 polygons
2026-09-09 20:57:32 +0200: Memory Usage (470276K) : norcx_m2m4 has 0 polygons
2026-09-09 20:57:32 +0200: Memory Usage (470276K) : norcx_m2m5 has 0 polygons
2026-09-09 20:57:32 +0200: Memory Usage (470276K) : norcx_m2tm1 has 0 polygons
2026-09-09 20:57:32 +0200: Memory Usage (470436K) : norcx_m2tm2 has 0 polygons
2026-09-09 20:57:32 +0200: Memory Usage (470436K) : norcx_m3m4 has 0 polygons
2026-09-09 20:57:32 +0200: Memory Usage (470436K) : norcx_m3m5 has 0 polygons
2026-09-09 20:57:32 +0200: Memory Usage (470596K) : norcx_m3tm1 has 0 polygons
2026-09-09 20:57:32 +0200: Memory Usage (470596K) : norcx_m3tm2 has 0 polygons
2026-09-09 20:57:32 +0200: Memory Usage (470596K) : norcx_m4m5 has 0 polygons
2026-09-09 20:57:32 +0200: Memory Usage (470756K) : norcx_m4tm1 has 0 polygons
2026-09-09 20:57:32 +0200: Memory Usage (470756K) : norcx_m4tm2 has 0 polygons
2026-09-09 20:57:32 +0200: Memory Usage (470756K) : norcx_m5tm1 has 0 polygons
2026-09-09 20:57:32 +0200: Memory Usage (470916K) : norcx_m5tm2 has 0 polygons
2026-09-09 20:57:32 +0200: Memory Usage (470916K) : norcx_tm1tm2 has 0 polygons
2026-09-09 20:57:32 +0200: Memory Usage (470916K) : norcx_m1sub has 0 polygons
2026-09-09 20:57:32 +0200: Memory Usage (471076K) : norcx_m2sub has 0 polygons
2026-09-09 20:57:32 +0200: Memory Usage (471076K) : norcx_m3sub has 0 polygons
2026-09-09 20:57:32 +0200: Memory Usage (471076K) : norcx_m4sub has 0 polygons
2026-09-09 20:57:32 +0200: Memory Usage (471236K) : norcx_m5sub has 0 polygons
2026-09-09 20:57:32 +0200: Memory Usage (471236K) : norcx_tm1sub has 0 polygons
2026-09-09 20:57:32 +0200: Memory Usage (471236K) : norcx_tm2sub has 0 polygons
2026-09-09 20:57:32 +0200: Memory Usage (471396K) : snsbotvia_drw has 0 polygons
2026-09-09 20:57:32 +0200: Memory Usage (471396K) : snstopvia_drw has 0 polygons
2026-09-09 20:57:32 +0200: Memory Usage (471396K) : deepvia_drw has 0 polygons
2026-09-09 20:57:32 +0200: Memory Usage (471556K) : fgetch_drw has 0 polygons
2026-09-09 20:57:32 +0200: Memory Usage (471556K) : ctrgat_drw has 0 polygons
2026-09-09 20:57:32 +0200: Memory Usage (471556K) : fgimp_drw has 0 polygons
2026-09-09 20:57:32 +0200: Memory Usage (471716K) : emwihv_drw has 0 polygons
2026-09-09 20:57:32 +0200: Memory Usage (471716K) : lbe_drw has 0 polygons
2026-09-09 20:57:32 +0200: Memory Usage (471716K) : alcustop_drw has 0 polygons
2026-09-09 20:57:32 +0200: Memory Usage (471876K) : nometfiller_drw has 0 polygons
2026-09-09 20:57:32 +0200: Memory Usage (471876K) : prboundary_drw has 0 polygons
2026-09-09 20:57:32 +0200: Memory Usage (471876K) : exchange0_drw has 0 polygons
2026-09-09 20:57:32 +0200: Memory Usage (472036K) : exchange0_pin has 0 polygons
2026-09-09 20:57:32 +0200: Memory Usage (472036K) : exchange0_text has 0 polygons
2026-09-09 20:57:32 +0200: Memory Usage (472036K) : exchange1_drw has 0 polygons
2026-09-09 20:57:32 +0200: Memory Usage (472196K) : exchange1_pin has 0 polygons
2026-09-09 20:57:32 +0200: Memory Usage (472196K) : exchange1_text has 0 polygons
2026-09-09 20:57:32 +0200: Memory Usage (472196K) : exchange2_drw has 0 polygons
2026-09-09 20:57:32 +0200: Memory Usage (472356K) : exchange2_pin has 0 polygons
2026-09-09 20:57:32 +0200: Memory Usage (472356K) : exchange2_text has 0 polygons
2026-09-09 20:57:32 +0200: Memory Usage (472356K) : exchange3_drw has 0 polygons
2026-09-09 20:57:32 +0200: Memory Usage (472516K) : exchange3_pin has 0 polygons
2026-09-09 20:57:32 +0200: Memory Usage (472516K) : exchange3_text has 0 polygons
2026-09-09 20:57:32 +0200: Memory Usage (472516K) : exchange4_drw has 0 polygons
2026-09-09 20:57:32 +0200: Memory Usage (472676K) : exchange4_pin has 0 polygons
2026-09-09 20:57:32 +0200: Memory Usage (472676K) : exchange4_text has 0 polygons
2026-09-09 20:57:32 +0200: Memory Usage (472676K) : isonwell_drw has 0 polygons
2026-09-09 20:57:32 +0200: Memory Usage (472676K) : Total no. of polygons in the design is 99
2026-09-09 20:57:32 +0200: Memory Usage (472676K) : Loaded TECH DRC rules values from /foss/pdks/ihp-sg13g2/libs.tech/klayout/python/sg13g2_pycell_lib/sg13g2_tech_mod.json
2026-09-09 20:57:32 +0200: Memory Usage (472676K) : Loaded default DRC rules values from /foss/pdks/ihp-sg13g2/libs.tech/klayout/tech/drc/rule_decks/sg13g2_tech_default.json
2026-09-09 20:57:32 +0200: Memory Usage (472676K) : The following rules values were missing in tech json and default values were used:
2026-09-09 20:57:32 +0200: Memory Usage (472836K) :   - NW_f1_digibnd
2026-09-09 20:57:32 +0200: Memory Usage (472836K) :   - Cnt_c_digibnd
2026-09-09 20:57:32 +0200: Memory Usage (472836K) :   - Cnt_c_sram
2026-09-09 20:57:32 +0200: Memory Usage (472836K) :   - Sdiod_b
2026-09-09 20:57:32 +0200: Memory Usage (472836K) :   - Sdiod_c
2026-09-09 20:57:32 +0200: Memory Usage (474180K) : Total area of the design is 18.9648 um^2.
2026-09-09 20:57:32 +0200: Memory Usage (474180K) : The design dimensions are 4.32 µm * 4.39 µm.
2026-09-09 20:57:32 +0200: Memory Usage (474180K) : Starting general IHP-SG13G2 derivations.
2026-09-09 20:57:32 +0200: Memory Usage (474180K) : Starting Pwell derivations
2026-09-09 20:57:32 +0200: Memory Usage (475652K) : Starting IHP-SG13G2 DRC rules.
2026-09-09 20:57:32 +0200: Memory Usage (475652K) : Starting 3.1. offgrid table
2026-09-09 20:57:32 +0200: Memory Usage (475652K) : Executing rule activ_drw_Offgrid
2026-09-09 20:57:32 +0200: Memory Usage (475828K) : Executing rule activ_mask_Offgrid
2026-09-09 20:57:32 +0200: Memory Usage (475828K) : Executing rule activ_filler_Offgrid
2026-09-09 20:57:32 +0200: Memory Usage (475828K) : Executing rule activ_opc_Offgrid
2026-09-09 20:57:32 +0200: Memory Usage (475828K) : Executing rule activ_iopc_Offgrid
2026-09-09 20:57:32 +0200: Memory Usage (475828K) : Executing rule biwind_drw_Offgrid
2026-09-09 20:57:32 +0200: Memory Usage (475828K) : Executing rule biwind_opc_Offgrid
2026-09-09 20:57:32 +0200: Memory Usage (475828K) : Executing rule pemwind_drw_Offgrid
2026-09-09 20:57:32 +0200: Memory Usage (475828K) : Executing rule gatpoly_drw_Offgrid
2026-09-09 20:57:32 +0200: Memory Usage (475988K) : Executing rule gatpoly_filler_Offgrid
2026-09-09 20:57:32 +0200: Memory Usage (476308K) : Executing rule gatpoly_opc_Offgrid
2026-09-09 20:57:32 +0200: Memory Usage (476948K) : Executing rule gatpoly_iopc_Offgrid
2026-09-09 20:57:32 +0200: Memory Usage (477268K) : Executing rule gatpoly_noqrc_Offgrid
2026-09-09 20:57:32 +0200: Memory Usage (477748K) : Executing rule cont_drw_Offgrid
2026-09-09 20:57:32 +0200: Memory Usage (478228K) : Executing rule cont_opc_Offgrid
2026-09-09 20:57:32 +0200: Memory Usage (478708K) : Executing rule nsd_drw_Offgrid
2026-09-09 20:57:32 +0200: Memory Usage (479188K) : Executing rule nsd_block_Offgrid
2026-09-09 20:57:32 +0200: Memory Usage (479668K) : Executing rule metal1_drw_Offgrid
2026-09-09 20:57:32 +0200: Memory Usage (480148K) : Executing rule metal1_mask_Offgrid
2026-09-09 20:57:32 +0200: Memory Usage (480628K) : Executing rule metal1_filler_Offgrid
2026-09-09 20:57:32 +0200: Memory Usage (481108K) : Executing rule metal1_slit_Offgrid
2026-09-09 20:57:32 +0200: Memory Usage (481588K) : Executing rule metal1_opc_Offgrid
2026-09-09 20:57:32 +0200: Memory Usage (482068K) : Executing rule metal1_noqrc_Offgrid
2026-09-09 20:57:32 +0200: Memory Usage (482388K) : Executing rule metal1_res_Offgrid
2026-09-09 20:57:32 +0200: Memory Usage (482548K) : Executing rule metal1_iprobe_Offgrid
2026-09-09 20:57:32 +0200: Memory Usage (482548K) : Executing rule metal1_diffprb_Offgrid
2026-09-09 20:57:32 +0200: Memory Usage (482548K) : Executing rule passiv_drw_Offgrid
2026-09-09 20:57:32 +0200: Memory Usage (482548K) : Executing rule passiv_pillar_Offgrid
2026-09-09 20:57:32 +0200: Memory Usage (482548K) : Executing rule passiv_sbump_Offgrid
2026-09-09 20:57:32 +0200: Memory Usage (482548K) : Executing rule passiv_pdl_Offgrid
2026-09-09 20:57:32 +0200: Memory Usage (483028K) : Executing rule metal2_drw_Offgrid
2026-09-09 20:57:32 +0200: Memory Usage (483348K) : Executing rule metal2_mask_Offgrid
2026-09-09 20:57:32 +0200: Memory Usage (483348K) : Executing rule metal2_filler_Offgrid
2026-09-09 20:57:32 +0200: Memory Usage (483348K) : Executing rule metal2_slit_Offgrid
2026-09-09 20:57:32 +0200: Memory Usage (483348K) : Executing rule metal2_opc_Offgrid
2026-09-09 20:57:32 +0200: Memory Usage (483348K) : Executing rule metal2_noqrc_Offgrid
2026-09-09 20:57:32 +0200: Memory Usage (483348K) : Executing rule metal2_res_Offgrid
2026-09-09 20:57:32 +0200: Memory Usage (483508K) : Executing rule metal2_iprobe_Offgrid
2026-09-09 20:57:32 +0200: Memory Usage (483668K) : Executing rule metal2_diffprb_Offgrid
2026-09-09 20:57:32 +0200: Memory Usage (483668K) : Executing rule baspoly_drw_Offgrid
2026-09-09 20:57:32 +0200: Memory Usage (483668K) : Executing rule psd_drw_Offgrid
2026-09-09 20:57:32 +0200: Memory Usage (483668K) : Executing rule nldb_drw_Offgrid
2026-09-09 20:57:32 +0200: Memory Usage (483668K) : Executing rule via1_drw_Offgrid
2026-09-09 20:57:32 +0200: Memory Usage (483668K) : Executing rule backmetal1_drw_Offgrid
2026-09-09 20:57:32 +0200: Memory Usage (483828K) : Executing rule backmetal1_mask_Offgrid
2026-09-09 20:57:32 +0200: Memory Usage (483988K) : Executing rule backmetal1_filler_Offgrid
2026-09-09 20:57:32 +0200: Memory Usage (483988K) : Executing rule backmetal1_slit_Offgrid
2026-09-09 20:57:32 +0200: Memory Usage (483988K) : Executing rule backmetal1_opc_Offgrid
2026-09-09 20:57:32 +0200: Memory Usage (483988K) : Executing rule backmetal1_noqrc_Offgrid
2026-09-09 20:57:32 +0200: Memory Usage (483988K) : Executing rule backmetal1_res_Offgrid
2026-09-09 20:57:32 +0200: Memory Usage (483988K) : Executing rule backmetal1_iprobe_Offgrid
2026-09-09 20:57:32 +0200: Memory Usage (483988K) : Executing rule backmetal1_diffprb_Offgrid
2026-09-09 20:57:32 +0200: Memory Usage (484308K) : Executing rule backpassiv_drw_Offgrid
2026-09-09 20:57:32 +0200: Memory Usage (484468K) : Executing rule salblock_drw_Offgrid
2026-09-09 20:57:32 +0200: Memory Usage (484948K) : Executing rule via2_drw_Offgrid
2026-09-09 20:57:32 +0200: Memory Usage (484948K) : Executing rule metal3_drw_Offgrid
2026-09-09 20:57:32 +0200: Memory Usage (484948K) : Executing rule metal3_mask_Offgrid
2026-09-09 20:57:32 +0200: Memory Usage (484948K) : Executing rule metal3_filler_Offgrid
2026-09-09 20:57:32 +0200: Memory Usage (484948K) : Executing rule metal3_slit_Offgrid
2026-09-09 20:57:32 +0200: Memory Usage (484948K) : Executing rule metal3_opc_Offgrid
2026-09-09 20:57:32 +0200: Memory Usage (484948K) : Executing rule metal3_noqrc_Offgrid
2026-09-09 20:57:32 +0200: Memory Usage (484948K) : Executing rule metal3_res_Offgrid
2026-09-09 20:57:32 +0200: Memory Usage (485428K) : Executing rule metal3_iprobe_Offgrid
2026-09-09 20:57:32 +0200: Memory Usage (485428K) : Executing rule metal3_diffprb_Offgrid
2026-09-09 20:57:32 +0200: Memory Usage (485428K) : Executing rule nwell_drw_Offgrid
2026-09-09 20:57:32 +0200: Memory Usage (485428K) : Executing rule nbulay_drw_Offgrid
2026-09-09 20:57:32 +0200: Memory Usage (485428K) : Executing rule nbulay_block_Offgrid
2026-09-09 20:57:32 +0200: Memory Usage (485428K) : Executing rule pwell_drw_Offgrid
2026-09-09 20:57:32 +0200: Memory Usage (485428K) : Executing rule pwell_block_Offgrid
2026-09-09 20:57:32 +0200: Memory Usage (485428K) : Executing rule emwind_drw_Offgrid
2026-09-09 20:57:32 +0200: Memory Usage (485428K) : Executing rule emwind_opc_Offgrid
2026-09-09 20:57:32 +0200: Memory Usage (485428K) : Executing rule deepco_drw_Offgrid
2026-09-09 20:57:32 +0200: Memory Usage (485428K) : Executing rule mim_drw_Offgrid
2026-09-09 20:57:32 +0200: Memory Usage (485428K) : Executing rule substrate_drw_Offgrid
2026-09-09 20:57:32 +0200: Memory Usage (485428K) : Executing rule ic_drw_Offgrid
2026-09-09 20:57:32 +0200: Memory Usage (485428K) : Executing rule via3_drw_Offgrid
2026-09-09 20:57:32 +0200: Memory Usage (485428K) : Executing rule pldb_drw_Offgrid
2026-09-09 20:57:32 +0200: Memory Usage (485428K) : Executing rule metal4_drw_Offgrid
2026-09-09 20:57:32 +0200: Memory Usage (485428K) : Executing rule metal4_mask_Offgrid
2026-09-09 20:57:32 +0200: Memory Usage (485748K) : Executing rule metal4_filler_Offgrid
2026-09-09 20:57:32 +0200: Memory Usage (486228K) : Executing rule metal4_slit_Offgrid
2026-09-09 20:57:32 +0200: Memory Usage (486708K) : Executing rule metal4_opc_Offgrid
2026-09-09 20:57:32 +0200: Memory Usage (487028K) : Executing rule metal4_noqrc_Offgrid
2026-09-09 20:57:32 +0200: Memory Usage (487508K) : Executing rule metal4_res_Offgrid
2026-09-09 20:57:32 +0200: Memory Usage (487988K) : Executing rule metal4_iprobe_Offgrid
2026-09-09 20:57:32 +0200: Memory Usage (488468K) : Executing rule metal4_diffprb_Offgrid
2026-09-09 20:57:32 +0200: Memory Usage (488948K) : Executing rule via4_drw_Offgrid
2026-09-09 20:57:32 +0200: Memory Usage (489268K) : Executing rule metal5_drw_Offgrid
2026-09-09 20:57:32 +0200: Memory Usage (489748K) : Executing rule metal5_mask_Offgrid
2026-09-09 20:57:32 +0200: Memory Usage (489908K) : Executing rule metal5_filler_Offgrid
2026-09-09 20:57:32 +0200: Memory Usage (489908K) : Executing rule metal5_slit_Offgrid
2026-09-09 20:57:32 +0200: Memory Usage (489908K) : Executing rule metal5_opc_Offgrid
2026-09-09 20:57:32 +0200: Memory Usage (489908K) : Executing rule metal5_noqrc_Offgrid
2026-09-09 20:57:32 +0200: Memory Usage (489908K) : Executing rule metal5_res_Offgrid
2026-09-09 20:57:32 +0200: Memory Usage (489908K) : Executing rule metal5_iprobe_Offgrid
2026-09-09 20:57:32 +0200: Memory Usage (489908K) : Executing rule metal5_diffprb_Offgrid
2026-09-09 20:57:32 +0200: Memory Usage (489908K) : Executing rule prboundary_drw_Offgrid
2026-09-09 20:57:32 +0200: Memory Usage (489908K) : Executing rule exchange0_drw_Offgrid
2026-09-09 20:57:32 +0200: Memory Usage (489908K) : Executing rule exchange1_drw_Offgrid
2026-09-09 20:57:32 +0200: Memory Usage (489908K) : Executing rule exchange2_drw_Offgrid
2026-09-09 20:57:32 +0200: Memory Usage (489908K) : Executing rule exchange3_drw_Offgrid
2026-09-09 20:57:32 +0200: Memory Usage (489908K) : Executing rule exchange4_drw_Offgrid
2026-09-09 20:57:32 +0200: Memory Usage (489908K) : Executing rule isonwell_drw_Offgrid
2026-09-09 20:57:32 +0200: Memory Usage (489908K) : Executing rule thickgateox_drw_Offgrid
2026-09-09 20:57:32 +0200: Memory Usage (489908K) : Executing rule pempoly_drw_Offgrid
2026-09-09 20:57:32 +0200: Memory Usage (489908K) : Executing rule fbe_drw_Offgrid
2026-09-09 20:57:32 +0200: Memory Usage (489908K) : Executing rule empoly_drw_Offgrid
2026-09-09 20:57:32 +0200: Memory Usage (489908K) : Executing rule ldmos_drw_Offgrid
2026-09-09 20:57:33 +0200: Memory Usage (489908K) : Executing rule pbiwind_drw_Offgrid
2026-09-09 20:57:33 +0200: Memory Usage (489908K) : Executing rule colopen_drw_Offgrid
2026-09-09 20:57:33 +0200: Memory Usage (489908K) : Executing rule extblock_drw_Offgrid
2026-09-09 20:57:33 +0200: Memory Usage (489908K) : Executing rule nldd_drw_Offgrid
2026-09-09 20:57:33 +0200: Memory Usage (489908K) : Executing rule pldd_drw_Offgrid
2026-09-09 20:57:33 +0200: Memory Usage (489908K) : Executing rule next_drw_Offgrid
2026-09-09 20:57:33 +0200: Memory Usage (489908K) : Executing rule pext_drw_Offgrid
2026-09-09 20:57:33 +0200: Memory Usage (489908K) : Executing rule nexthv_drw_Offgrid
2026-09-09 20:57:33 +0200: Memory Usage (489908K) : Executing rule pexthv_drw_Offgrid
2026-09-09 20:57:33 +0200: Memory Usage (489908K) : Executing rule graphgate_drw_Offgrid
2026-09-09 20:57:33 +0200: Memory Usage (489908K) : Executing rule mempad_drw_Offgrid
2026-09-09 20:57:33 +0200: Memory Usage (489908K) : Executing rule topvia1_drw_Offgrid
2026-09-09 20:57:33 +0200: Memory Usage (489908K) : Executing rule topmetal1_drw_Offgrid
2026-09-09 20:57:33 +0200: Memory Usage (489908K) : Executing rule topmetal1_mask_Offgrid
2026-09-09 20:57:33 +0200: Memory Usage (489908K) : Executing rule topmetal1_filler_Offgrid
2026-09-09 20:57:33 +0200: Memory Usage (489908K) : Executing rule topmetal1_slit_Offgrid
2026-09-09 20:57:33 +0200: Memory Usage (489908K) : Executing rule topmetal1_noqrc_Offgrid
2026-09-09 20:57:33 +0200: Memory Usage (489908K) : Executing rule topmetal1_res_Offgrid
2026-09-09 20:57:33 +0200: Memory Usage (489908K) : Executing rule topmetal1_iprobe_Offgrid
2026-09-09 20:57:33 +0200: Memory Usage (489908K) : Executing rule topmetal1_diffprb_Offgrid
2026-09-09 20:57:33 +0200: Memory Usage (489908K) : Executing rule inldpwl_drw_Offgrid
2026-09-09 20:57:33 +0200: Memory Usage (489908K) : Executing rule polyres_drw_Offgrid
2026-09-09 20:57:33 +0200: Memory Usage (489908K) : Executing rule vmim_drw_Offgrid
2026-09-09 20:57:33 +0200: Memory Usage (489908K) : Executing rule nbulaycut_drw_Offgrid
2026-09-09 20:57:33 +0200: Memory Usage (489908K) : Executing rule antmetal1_drw_Offgrid
2026-09-09 20:57:33 +0200: Memory Usage (489908K) : Executing rule topvia2_drw_Offgrid
2026-09-09 20:57:33 +0200: Memory Usage (489908K) : Executing rule topmetal2_drw_Offgrid
2026-09-09 20:57:33 +0200: Memory Usage (489908K) : Executing rule topmetal2_mask_Offgrid
2026-09-09 20:57:33 +0200: Memory Usage (489908K) : Executing rule topmetal2_filler_Offgrid
2026-09-09 20:57:33 +0200: Memory Usage (489908K) : Executing rule topmetal2_slit_Offgrid
2026-09-09 20:57:33 +0200: Memory Usage (489908K) : Executing rule topmetal2_noqrc_Offgrid
2026-09-09 20:57:33 +0200: Memory Usage (489908K) : Executing rule topmetal2_res_Offgrid
2026-09-09 20:57:33 +0200: Memory Usage (489908K) : Executing rule topmetal2_iprobe_Offgrid
2026-09-09 20:57:33 +0200: Memory Usage (489908K) : Executing rule topmetal2_diffprb_Offgrid
2026-09-09 20:57:33 +0200: Memory Usage (489908K) : Executing rule snsring_drw_Offgrid
2026-09-09 20:57:33 +0200: Memory Usage (489908K) : Executing rule sensor_drw_Offgrid
2026-09-09 20:57:33 +0200: Memory Usage (489908K) : Executing rule snsarms_drw_Offgrid
2026-09-09 20:57:33 +0200: Memory Usage (489908K) : Executing rule snscmosvia_drw_Offgrid
2026-09-09 20:57:33 +0200: Memory Usage (489908K) : Executing rule colwind_drw_Offgrid
2026-09-09 20:57:33 +0200: Memory Usage (489908K) : Executing rule flm_drw_Offgrid
2026-09-09 20:57:33 +0200: Memory Usage (489908K) : Executing rule hafniumox_drw_Offgrid
2026-09-09 20:57:33 +0200: Memory Usage (489908K) : Executing rule memvia_drw_Offgrid
2026-09-09 20:57:33 +0200: Memory Usage (489908K) : Executing rule thinfilmres_drw_Offgrid
2026-09-09 20:57:33 +0200: Memory Usage (489908K) : Executing rule rfmem_drw_Offgrid
2026-09-09 20:57:33 +0200: Memory Usage (489908K) : Executing rule snsbotvia_drw_Offgrid
2026-09-09 20:57:33 +0200: Memory Usage (489908K) : Executing rule snstopvia_drw_Offgrid
2026-09-09 20:57:33 +0200: Memory Usage (489908K) : Executing rule deepvia_drw_Offgrid
2026-09-09 20:57:33 +0200: Memory Usage (489908K) : Executing rule fgetch_drw_Offgrid
2026-09-09 20:57:33 +0200: Memory Usage (489908K) : Executing rule ctrgat_drw_Offgrid
2026-09-09 20:57:33 +0200: Memory Usage (489908K) : Executing rule fgimp_drw_Offgrid
2026-09-09 20:57:33 +0200: Memory Usage (489908K) : Executing rule emwihv_drw_Offgrid
2026-09-09 20:57:33 +0200: Memory Usage (489908K) : Executing rule lbe_drw_Offgrid
2026-09-09 20:57:33 +0200: Memory Usage (489908K) : Executing rule alcustop_drw_Offgrid
2026-09-09 20:57:33 +0200: Memory Usage (489908K) : KLayout DRC run for tables 'offgrid' completed in 0.62 seconds
