# Logfile created on 2026-09-09 20:57:28 +0200 by logger.rb/v1.5.3
2026-09-09 20:57:28 +0200: Memory Usage (454248K) : Starting running IHP-SG13G2 KLayout DRC runset on /foss/designs/aion_chip/flow/regress/AION_nand2_o21ai_0/AION_nand2_o21ai_0.gds
2026-09-09 20:57:28 +0200: Memory Usage (454248K) : Ruby Version for klayout: 3.2.3
2026-09-09 20:57:28 +0200: Memory Usage (455188K) : Loading database to memory is complete.
2026-09-09 20:57:28 +0200: Memory Usage (455188K) : IHP-SG13G2 KLayout DRC runset output at: /foss/designs/aion_chip/flow/regress/AION_nand2_o21ai_0/drc/AION_nand2_o21ai_0.klayout.drc/AION_nand2_o21ai_0_AION_nand2_o21ai_0_schottkydiode.lyrdb
2026-09-09 20:57:28 +0200: Memory Usage (455188K) : Evaluate switches.
2026-09-09 20:57:28 +0200: Memory Usage (455188K) : tables selected: schottkydiode
2026-09-09 20:57:28 +0200: Memory Usage (455188K) : KLayout will use 15 thread(s) in tiling mode.
2026-09-09 20:57:28 +0200: Memory Usage (455188K) : deep mode is enabled.
2026-09-09 20:57:28 +0200: Memory Usage (455188K) : FEOL enabled: false
2026-09-09 20:57:28 +0200: Memory Usage (455188K) : BEOL enabled: false
2026-09-09 20:57:28 +0200: Memory Usage (455188K) : OFFGRID enabled: true
2026-09-09 20:57:28 +0200: Memory Usage (455188K) : ANGLE enabled: true
2026-09-09 20:57:28 +0200: Memory Usage (455188K) : PIN enabled: false
2026-09-09 20:57:28 +0200: Memory Usage (455188K) : FORBIDDEN enabled: false
2026-09-09 20:57:28 +0200: Memory Usage (455188K) : RECOMMENDED enabled: true
2026-09-09 20:57:28 +0200: Memory Usage (455188K) : PreCheck DRC enabled: false
2026-09-09 20:57:28 +0200: Memory Usage (455188K) : CONNECTIVITY_RULES enabled: false.
2026-09-09 20:57:28 +0200: Memory Usage (455188K) : Read in polygons from layers.
2026-09-09 20:57:28 +0200: Memory Usage (456300K) : activ_drw has 5 polygons
2026-09-09 20:57:28 +0200: Memory Usage (456300K) : activ_pin has 0 polygons
2026-09-09 20:57:28 +0200: Memory Usage (456300K) : activ_mask has 0 polygons
2026-09-09 20:57:28 +0200: Memory Usage (456300K) : activ_filler has 0 polygons
2026-09-09 20:57:28 +0200: Memory Usage (456300K) : activ_nofill has 0 polygons
2026-09-09 20:57:28 +0200: Memory Usage (456300K) : activ_opc has 0 polygons
2026-09-09 20:57:28 +0200: Memory Usage (456300K) : activ_iopc has 0 polygons
2026-09-09 20:57:28 +0200: Memory Usage (456300K) : activ_noqrc has 0 polygons
2026-09-09 20:57:28 +0200: Memory Usage (456300K) : biwind_drw has 0 polygons
2026-09-09 20:57:28 +0200: Memory Usage (456300K) : biwind_opc has 0 polygons
2026-09-09 20:57:28 +0200: Memory Usage (456300K) : pemwind_drw has 0 polygons
2026-09-09 20:57:28 +0200: Memory Usage (456300K) : gatpoly_drw has 10 polygons
2026-09-09 20:57:28 +0200: Memory Usage (456300K) : gatpoly_pin has 0 polygons
2026-09-09 20:57:28 +0200: Memory Usage (456300K) : gatpoly_filler has 0 polygons
2026-09-09 20:57:28 +0200: Memory Usage (456300K) : gatpoly_nofill has 0 polygons
2026-09-09 20:57:28 +0200: Memory Usage (456300K) : gatpoly_opc has 0 polygons
2026-09-09 20:57:28 +0200: Memory Usage (456300K) : gatpoly_iopc has 0 polygons
2026-09-09 20:57:28 +0200: Memory Usage (456300K) : gatpoly_noqrc has 0 polygons
2026-09-09 20:57:28 +0200: Memory Usage (456300K) : cont_drw has 41 polygons
2026-09-09 20:57:28 +0200: Memory Usage (456460K) : cont_opc has 0 polygons
2026-09-09 20:57:28 +0200: Memory Usage (456460K) : nsd_drw has 0 polygons
2026-09-09 20:57:28 +0200: Memory Usage (456460K) : nsd_block has 0 polygons
2026-09-09 20:57:28 +0200: Memory Usage (456460K) : metal1_drw has 23 polygons
2026-09-09 20:57:28 +0200: Memory Usage (456460K) : metal1_pin has 6 polygons
2026-09-09 20:57:28 +0200: Memory Usage (456460K) : metal1_mask has 0 polygons
2026-09-09 20:57:28 +0200: Memory Usage (456620K) : metal1_filler has 0 polygons
2026-09-09 20:57:28 +0200: Memory Usage (456620K) : metal1_nofill has 0 polygons
2026-09-09 20:57:28 +0200: Memory Usage (456620K) : metal1_slit has 0 polygons
2026-09-09 20:57:28 +0200: Memory Usage (457164K) : metal1_text has 6 polygons
2026-09-09 20:57:28 +0200: Memory Usage (457164K) : metal1_opc has 0 polygons
2026-09-09 20:57:28 +0200: Memory Usage (457164K) : metal1_noqrc has 0 polygons
2026-09-09 20:57:28 +0200: Memory Usage (457324K) : metal1_res has 0 polygons
2026-09-09 20:57:28 +0200: Memory Usage (457324K) : metal1_iprobe has 0 polygons
2026-09-09 20:57:28 +0200: Memory Usage (457324K) : metal1_diffprb has 0 polygons
2026-09-09 20:57:28 +0200: Memory Usage (457484K) : passiv_drw has 0 polygons
2026-09-09 20:57:28 +0200: Memory Usage (457484K) : passiv_pin has 0 polygons
2026-09-09 20:57:28 +0200: Memory Usage (457484K) : passiv_sbump has 0 polygons
2026-09-09 20:57:28 +0200: Memory Usage (457644K) : passiv_pillar has 0 polygons
2026-09-09 20:57:28 +0200: Memory Usage (457644K) : passiv_pdl has 0 polygons
2026-09-09 20:57:28 +0200: Memory Usage (457644K) : metal2_drw has 1 polygons
2026-09-09 20:57:28 +0200: Memory Usage (457644K) : metal2_pin has 1 polygons
2026-09-09 20:57:28 +0200: Memory Usage (457644K) : metal2_mask has 0 polygons
2026-09-09 20:57:28 +0200: Memory Usage (457644K) : metal2_filler has 0 polygons
2026-09-09 20:57:28 +0200: Memory Usage (457644K) : metal2_nofill has 0 polygons
2026-09-09 20:57:28 +0200: Memory Usage (457644K) : metal2_slit has 0 polygons
2026-09-09 20:57:28 +0200: Memory Usage (457644K) : metal2_text has 1 polygons
2026-09-09 20:57:28 +0200: Memory Usage (457644K) : metal2_opc has 0 polygons
2026-09-09 20:57:28 +0200: Memory Usage (457964K) : metal2_noqrc has 0 polygons
2026-09-09 20:57:28 +0200: Memory Usage (457964K) : metal2_res has 0 polygons
2026-09-09 20:57:28 +0200: Memory Usage (457964K) : metal2_iprobe has 0 polygons
2026-09-09 20:57:28 +0200: Memory Usage (457964K) : metal2_diffprb has 0 polygons
2026-09-09 20:57:28 +0200: Memory Usage (457964K) : baspoly_drw has 0 polygons
2026-09-09 20:57:28 +0200: Memory Usage (457964K) : baspoly_pin has 0 polygons
2026-09-09 20:57:28 +0200: Memory Usage (457964K) : psd_drw has 2 polygons
2026-09-09 20:57:28 +0200: Memory Usage (458124K) : nldb_drw has 0 polygons
2026-09-09 20:57:28 +0200: Memory Usage (458124K) : digibnd_drw has 0 polygons
2026-09-09 20:57:28 +0200: Memory Usage (458124K) : via1_drw has 2 polygons
2026-09-09 20:57:28 +0200: Memory Usage (458284K) : backmetal1_drw has 0 polygons
2026-09-09 20:57:28 +0200: Memory Usage (458284K) : backmetal1_pin has 0 polygons
2026-09-09 20:57:28 +0200: Memory Usage (458284K) : backmetal1_mask has 0 polygons
2026-09-09 20:57:28 +0200: Memory Usage (458444K) : backmetal1_filler has 0 polygons
2026-09-09 20:57:28 +0200: Memory Usage (458444K) : backmetal1_nofill has 0 polygons
2026-09-09 20:57:28 +0200: Memory Usage (458444K) : backmetal1_slit has 0 polygons
2026-09-09 20:57:28 +0200: Memory Usage (458604K) : backmetal1_text has 0 polygons
2026-09-09 20:57:28 +0200: Memory Usage (458604K) : backmetal1_opc has 0 polygons
2026-09-09 20:57:28 +0200: Memory Usage (458604K) : backmetal1_noqrc has 0 polygons
2026-09-09 20:57:28 +0200: Memory Usage (458764K) : backmetal1_res has 0 polygons
2026-09-09 20:57:28 +0200: Memory Usage (458924K) : backmetal1_iprobe has 0 polygons
2026-09-09 20:57:28 +0200: Memory Usage (458924K) : backmetal1_diffprb has 0 polygons
2026-09-09 20:57:28 +0200: Memory Usage (459084K) : backpassiv_drw has 0 polygons
2026-09-09 20:57:28 +0200: Memory Usage (459084K) : res_drw has 0 polygons
2026-09-09 20:57:28 +0200: Memory Usage (459084K) : sram_drw has 0 polygons
2026-09-09 20:57:28 +0200: Memory Usage (459244K) : trans_drw has 0 polygons
2026-09-09 20:57:28 +0200: Memory Usage (459244K) : ind_drw has 0 polygons
2026-09-09 20:57:28 +0200: Memory Usage (459244K) : ind_pin has 0 polygons
2026-09-09 20:57:28 +0200: Memory Usage (459404K) : ind_text has 0 polygons
2026-09-09 20:57:28 +0200: Memory Usage (459404K) : salblock_drw has 0 polygons
2026-09-09 20:57:28 +0200: Memory Usage (459404K) : via2_drw has 0 polygons
2026-09-09 20:57:28 +0200: Memory Usage (459564K) : metal3_drw has 0 polygons
2026-09-09 20:57:28 +0200: Memory Usage (459564K) : metal3_pin has 0 polygons
2026-09-09 20:57:28 +0200: Memory Usage (459564K) : metal3_mask has 0 polygons
2026-09-09 20:57:28 +0200: Memory Usage (459724K) : metal3_filler has 0 polygons
2026-09-09 20:57:28 +0200: Memory Usage (459724K) : metal3_nofill has 0 polygons
2026-09-09 20:57:28 +0200: Memory Usage (459724K) : metal3_slit has 0 polygons
2026-09-09 20:57:28 +0200: Memory Usage (459884K) : metal3_text has 0 polygons
2026-09-09 20:57:28 +0200: Memory Usage (459884K) : metal3_opc has 0 polygons
2026-09-09 20:57:28 +0200: Memory Usage (460044K) : metal3_noqrc has 0 polygons
2026-09-09 20:57:28 +0200: Memory Usage (460044K) : metal3_res has 0 polygons
2026-09-09 20:57:28 +0200: Memory Usage (460204K) : metal3_iprobe has 0 polygons
2026-09-09 20:57:28 +0200: Memory Usage (460204K) : metal3_diffprb has 0 polygons
2026-09-09 20:57:28 +0200: Memory Usage (460204K) : nwell_drw has 1 polygons
2026-09-09 20:57:28 +0200: Memory Usage (460204K) : nwell_pin has 0 polygons
2026-09-09 20:57:28 +0200: Memory Usage (460364K) : nbulay_drw has 0 polygons
2026-09-09 20:57:28 +0200: Memory Usage (460364K) : nbulay_pin has 0 polygons
2026-09-09 20:57:28 +0200: Memory Usage (460364K) : nbulay_block has 0 polygons
2026-09-09 20:57:28 +0200: Memory Usage (460364K) : emwind_drw has 0 polygons
2026-09-09 20:57:28 +0200: Memory Usage (460524K) : emwind_opc has 0 polygons
2026-09-09 20:57:28 +0200: Memory Usage (460524K) : deepco_drw has 0 polygons
2026-09-09 20:57:28 +0200: Memory Usage (460524K) : deepco_drw has 0 polygons
2026-09-09 20:57:28 +0200: Memory Usage (460524K) : mim_drw has 0 polygons
2026-09-09 20:57:28 +0200: Memory Usage (460684K) : edgeseal_drw has 0 polygons
2026-09-09 20:57:28 +0200: Memory Usage (460684K) : edgeseal_bound has 0 polygons
2026-09-09 20:57:28 +0200: Memory Usage (460684K) : substrate_drw has 0 polygons
2026-09-09 20:57:28 +0200: Memory Usage (460684K) : substrate_text has 0 polygons
2026-09-09 20:57:28 +0200: Memory Usage (460684K) : dfpad_drw has 0 polygons
2026-09-09 20:57:28 +0200: Memory Usage (460844K) : dfpad_pillar has 0 polygons
2026-09-09 20:57:28 +0200: Memory Usage (460844K) : dfpad_sbump has 0 polygons
2026-09-09 20:57:28 +0200: Memory Usage (460844K) : thickgateox_drw has 0 polygons
2026-09-09 20:57:28 +0200: Memory Usage (461004K) : pldb_drw has 0 polygons
2026-09-09 20:57:28 +0200: Memory Usage (461004K) : pwell_drw has 0 polygons
2026-09-09 20:57:28 +0200: Memory Usage (461004K) : pwell_pin has 0 polygons
2026-09-09 20:57:28 +0200: Memory Usage (461164K) : pwell_block has 0 polygons
2026-09-09 20:57:28 +0200: Memory Usage (461164K) : ic_drw has 0 polygons
2026-09-09 20:57:28 +0200: Memory Usage (461164K) : via3_drw has 0 polygons
2026-09-09 20:57:28 +0200: Memory Usage (461324K) : metal4_drw has 0 polygons
2026-09-09 20:57:28 +0200: Memory Usage (461324K) : metal4_pin has 0 polygons
2026-09-09 20:57:28 +0200: Memory Usage (461324K) : metal4_mask has 0 polygons
2026-09-09 20:57:28 +0200: Memory Usage (461484K) : metal4_filler has 0 polygons
2026-09-09 20:57:28 +0200: Memory Usage (461484K) : metal4_nofill has 0 polygons
2026-09-09 20:57:28 +0200: Memory Usage (461484K) : metal4_slit has 0 polygons
2026-09-09 20:57:28 +0200: Memory Usage (461644K) : metal4_text has 0 polygons
2026-09-09 20:57:28 +0200: Memory Usage (461644K) : metal4_opc has 0 polygons
2026-09-09 20:57:28 +0200: Memory Usage (461644K) : metal4_noqrc has 0 polygons
2026-09-09 20:57:28 +0200: Memory Usage (461804K) : metal4_res has 0 polygons
2026-09-09 20:57:28 +0200: Memory Usage (461804K) : metal4_iprobe has 0 polygons
2026-09-09 20:57:28 +0200: Memory Usage (461804K) : metal4_diffprb has 0 polygons
2026-09-09 20:57:28 +0200: Memory Usage (461964K) : heattrans_drw has 0 polygons
2026-09-09 20:57:28 +0200: Memory Usage (461964K) : heatres_drw has 0 polygons
2026-09-09 20:57:28 +0200: Memory Usage (461964K) : pempoly_drw has 0 polygons
2026-09-09 20:57:28 +0200: Memory Usage (462124K) : fbe_drw has 0 polygons
2026-09-09 20:57:28 +0200: Memory Usage (462124K) : empoly_drw has 0 polygons
2026-09-09 20:57:28 +0200: Memory Usage (462124K) : ldmos_drw has 0 polygons
2026-09-09 20:57:28 +0200: Memory Usage (462284K) : pbiwind_drw has 0 polygons
2026-09-09 20:57:28 +0200: Memory Usage (462284K) : digisub_drw has 0 polygons
2026-09-09 20:57:28 +0200: Memory Usage (462284K) : nodrc_drw has 0 polygons
2026-09-09 20:57:28 +0200: Memory Usage (462284K) : text_drw has 0 polygons
2026-09-09 20:57:28 +0200: Memory Usage (462444K) : via4_drw has 0 polygons
2026-09-09 20:57:28 +0200: Memory Usage (462444K) : metal5_drw has 0 polygons
2026-09-09 20:57:28 +0200: Memory Usage (462444K) : metal5_pin has 0 polygons
2026-09-09 20:57:28 +0200: Memory Usage (462444K) : metal5_mask has 0 polygons
2026-09-09 20:57:28 +0200: Memory Usage (462604K) : metal5_filler has 0 polygons
2026-09-09 20:57:28 +0200: Memory Usage (462604K) : metal5_nofill has 0 polygons
2026-09-09 20:57:28 +0200: Memory Usage (462604K) : metal5_slit has 0 polygons
2026-09-09 20:57:28 +0200: Memory Usage (462764K) : metal5_text has 0 polygons
2026-09-09 20:57:28 +0200: Memory Usage (462764K) : metal5_opc has 0 polygons
2026-09-09 20:57:28 +0200: Memory Usage (462764K) : metal5_noqrc has 0 polygons
2026-09-09 20:57:28 +0200: Memory Usage (462924K) : metal5_res has 0 polygons
2026-09-09 20:57:28 +0200: Memory Usage (462924K) : metal5_iprobe has 0 polygons
2026-09-09 20:57:28 +0200: Memory Usage (462924K) : metal5_diffprb has 0 polygons
2026-09-09 20:57:28 +0200: Memory Usage (463084K) : radhard_drw has 0 polygons
2026-09-09 20:57:28 +0200: Memory Usage (463084K) : memcap_drw has 0 polygons
2026-09-09 20:57:28 +0200: Memory Usage (463084K) : varicap_drw has 0 polygons
2026-09-09 20:57:28 +0200: Memory Usage (463244K) : flash_drw has 0 polygons
2026-09-09 20:57:28 +0200: Memory Usage (463244K) : intbondvia_drw has 0 polygons
2026-09-09 20:57:28 +0200: Memory Usage (463244K) : intbondmet_drw has 0 polygons
2026-09-09 20:57:28 +0200: Memory Usage (463404K) : devbondvia_drw has 0 polygons
2026-09-09 20:57:28 +0200: Memory Usage (463404K) : devbondmet_drw has 0 polygons
2026-09-09 20:57:28 +0200: Memory Usage (463404K) : devtrench_drw has 0 polygons
2026-09-09 20:57:28 +0200: Memory Usage (463564K) : redist_drw has 0 polygons
2026-09-09 20:57:28 +0200: Memory Usage (463564K) : graphbot_drw has 0 polygons
2026-09-09 20:57:28 +0200: Memory Usage (463564K) : graphtop_drw has 0 polygons
2026-09-09 20:57:28 +0200: Memory Usage (463724K) : antvia1_drw has 0 polygons
2026-09-09 20:57:28 +0200: Memory Usage (463724K) : antmetal2_drw has 0 polygons
2026-09-09 20:57:28 +0200: Memory Usage (463724K) : graphcont_drw has 0 polygons
2026-09-09 20:57:28 +0200: Memory Usage (463884K) : siwg_drw has 0 polygons
2026-09-09 20:57:28 +0200: Memory Usage (463884K) : siwg_filler has 0 polygons
2026-09-09 20:57:28 +0200: Memory Usage (463884K) : siwg_nofill has 0 polygons
2026-09-09 20:57:28 +0200: Memory Usage (464044K) : sigrating_drw has 0 polygons
2026-09-09 20:57:28 +0200: Memory Usage (464044K) : singrating_drw has 0 polygons
2026-09-09 20:57:28 +0200: Memory Usage (464044K) : graphpas_drw has 0 polygons
2026-09-09 20:57:28 +0200: Memory Usage (464204K) : emwind3_drw has 0 polygons
2026-09-09 20:57:28 +0200: Memory Usage (464204K) : emwihv3_drw has 0 polygons
2026-09-09 20:57:28 +0200: Memory Usage (464204K) : redbulay_drw has 0 polygons
2026-09-09 20:57:28 +0200: Memory Usage (464204K) : smos_drw has 0 polygons
2026-09-09 20:57:28 +0200: Memory Usage (464364K) : graphpad_drw has 0 polygons
2026-09-09 20:57:28 +0200: Memory Usage (464364K) : polimide_drw has 0 polygons
2026-09-09 20:57:28 +0200: Memory Usage (464364K) : polimide_pin has 0 polygons
2026-09-09 20:57:28 +0200: Memory Usage (464364K) : recog_drw has 0 polygons
2026-09-09 20:57:28 +0200: Memory Usage (464524K) : recog_pin has 0 polygons
2026-09-09 20:57:28 +0200: Memory Usage (464524K) : recog_esd has 0 polygons
2026-09-09 20:57:28 +0200: Memory Usage (464524K) : recog_diode has 0 polygons
2026-09-09 20:57:28 +0200: Memory Usage (464684K) : recog_tsv has 0 polygons
2026-09-09 20:57:28 +0200: Memory Usage (464684K) : recog_iprobe has 0 polygons
2026-09-09 20:57:28 +0200: Memory Usage (464684K) : recog_diffprb has 0 polygons
2026-09-09 20:57:28 +0200: Memory Usage (464844K) : recog_pillar has 0 polygons
2026-09-09 20:57:28 +0200: Memory Usage (464844K) : recog_sbump has 0 polygons
2026-09-09 20:57:28 +0200: Memory Usage (464844K) : recog_otp has 0 polygons
2026-09-09 20:57:28 +0200: Memory Usage (465004K) : recog_pdiode has 0 polygons
2026-09-09 20:57:28 +0200: Memory Usage (465004K) : recog_mom has 0 polygons
2026-09-09 20:57:28 +0200: Memory Usage (465004K) : recog_pcm has 0 polygons
2026-09-09 20:57:28 +0200: Memory Usage (465164K) : colopen_drw has 0 polygons
2026-09-09 20:57:28 +0200: Memory Usage (465164K) : graphmetal1_drw has 0 polygons
2026-09-09 20:57:28 +0200: Memory Usage (465164K) : graphmetal1_filler has 0 polygons
2026-09-09 20:57:28 +0200: Memory Usage (465324K) : graphmetal1_nofill has 0 polygons
2026-09-09 20:57:28 +0200: Memory Usage (465324K) : graphmetal1_slit has 0 polygons
2026-09-09 20:57:28 +0200: Memory Usage (465324K) : graphmetal1_opc has 0 polygons
2026-09-09 20:57:28 +0200: Memory Usage (465484K) : graphmet1l_drw has 0 polygons
2026-09-09 20:57:28 +0200: Memory Usage (465484K) : graphmet1l_filler has 0 polygons
2026-09-09 20:57:28 +0200: Memory Usage (465484K) : graphmet1l_nofill has 0 polygons
2026-09-09 20:57:28 +0200: Memory Usage (465644K) : graphmet1l_slit has 0 polygons
2026-09-09 20:57:28 +0200: Memory Usage (465644K) : graphmet1l_opc has 0 polygons
2026-09-09 20:57:28 +0200: Memory Usage (465644K) : extblock_drw has 0 polygons
2026-09-09 20:57:28 +0200: Memory Usage (465804K) : nldd_drw has 0 polygons
2026-09-09 20:57:28 +0200: Memory Usage (465804K) : pldd_drw has 0 polygons
2026-09-09 20:57:28 +0200: Memory Usage (465804K) : next_drw has 0 polygons
2026-09-09 20:57:28 +0200: Memory Usage (465964K) : pext_drw has 0 polygons
2026-09-09 20:57:28 +0200: Memory Usage (465964K) : nexthv_drw has 0 polygons
2026-09-09 20:57:28 +0200: Memory Usage (465964K) : pexthv_drw has 0 polygons
2026-09-09 20:57:28 +0200: Memory Usage (466124K) : graphgate_drw has 0 polygons
2026-09-09 20:57:28 +0200: Memory Usage (466124K) : sinwg_drw has 0 polygons
2026-09-09 20:57:28 +0200: Memory Usage (466124K) : sinwg_filler has 0 polygons
2026-09-09 20:57:28 +0200: Memory Usage (466284K) : sinwg_nofill has 0 polygons
2026-09-09 20:57:28 +0200: Memory Usage (466284K) : mempad_drw has 0 polygons
2026-09-09 20:57:28 +0200: Memory Usage (466284K) : topvia1_drw has 0 polygons
2026-09-09 20:57:28 +0200: Memory Usage (466284K) : topmetal1_drw has 0 polygons
2026-09-09 20:57:28 +0200: Memory Usage (466284K) : topmetal1_pin has 0 polygons
2026-09-09 20:57:28 +0200: Memory Usage (466284K) : topmetal1_mask has 0 polygons
2026-09-09 20:57:28 +0200: Memory Usage (466284K) : topmetal1_filler has 0 polygons
2026-09-09 20:57:28 +0200: Memory Usage (466284K) : topmetal1_nofill has 0 polygons
2026-09-09 20:57:28 +0200: Memory Usage (466284K) : topmetal1_slit has 0 polygons
2026-09-09 20:57:28 +0200: Memory Usage (466284K) : topmetal1_text has 0 polygons
2026-09-09 20:57:28 +0200: Memory Usage (466444K) : topmetal1_noqrc has 0 polygons
2026-09-09 20:57:28 +0200: Memory Usage (466444K) : topmetal1_res has 0 polygons
2026-09-09 20:57:28 +0200: Memory Usage (466444K) : topmetal1_iprobe has 0 polygons
2026-09-09 20:57:28 +0200: Memory Usage (466604K) : topmetal1_diffprb has 0 polygons
2026-09-09 20:57:28 +0200: Memory Usage (466604K) : inldpwl_drw has 0 polygons
2026-09-09 20:57:28 +0200: Memory Usage (466604K) : polyres_drw has 0 polygons
2026-09-09 20:57:28 +0200: Memory Usage (466764K) : polyres_pin has 0 polygons
2026-09-09 20:57:28 +0200: Memory Usage (466764K) : vmim_drw has 0 polygons
2026-09-09 20:57:28 +0200: Memory Usage (466764K) : nbulaycut_drw has 0 polygons
2026-09-09 20:57:28 +0200: Memory Usage (466924K) : antmetal1_drw has 0 polygons
2026-09-09 20:57:28 +0200: Memory Usage (466924K) : topvia2_drw has 0 polygons
2026-09-09 20:57:28 +0200: Memory Usage (466924K) : topmetal2_drw has 0 polygons
2026-09-09 20:57:28 +0200: Memory Usage (467084K) : topmetal2_pin has 0 polygons
2026-09-09 20:57:28 +0200: Memory Usage (467084K) : topmetal2_mask has 0 polygons
2026-09-09 20:57:28 +0200: Memory Usage (467084K) : topmetal2_filler has 0 polygons
2026-09-09 20:57:28 +0200: Memory Usage (467244K) : topmetal2_nofill has 0 polygons
2026-09-09 20:57:28 +0200: Memory Usage (467244K) : topmetal2_slit has 0 polygons
2026-09-09 20:57:28 +0200: Memory Usage (467244K) : topmetal2_text has 0 polygons
2026-09-09 20:57:28 +0200: Memory Usage (467404K) : topmetal2_noqrc has 0 polygons
2026-09-09 20:57:28 +0200: Memory Usage (467404K) : topmetal2_res has 0 polygons
2026-09-09 20:57:28 +0200: Memory Usage (467404K) : topmetal2_iprobe has 0 polygons
2026-09-09 20:57:28 +0200: Memory Usage (467564K) : topmetal2_diffprb has 0 polygons
2026-09-09 20:57:28 +0200: Memory Usage (467564K) : snsring_drw has 0 polygons
2026-09-09 20:57:28 +0200: Memory Usage (467564K) : sensor_drw has 0 polygons
2026-09-09 20:57:28 +0200: Memory Usage (467724K) : snsarms_drw has 0 polygons
2026-09-09 20:57:28 +0200: Memory Usage (467724K) : snscmosvia_drw has 0 polygons
2026-09-09 20:57:28 +0200: Memory Usage (467724K) : colwind_drw has 0 polygons
2026-09-09 20:57:28 +0200: Memory Usage (467884K) : flm_drw has 0 polygons
2026-09-09 20:57:28 +0200: Memory Usage (467884K) : hafniumox_drw has 0 polygons
2026-09-09 20:57:28 +0200: Memory Usage (467884K) : memvia_drw has 0 polygons
2026-09-09 20:57:28 +0200: Memory Usage (468044K) : thinfilmres_drw has 0 polygons
2026-09-09 20:57:28 +0200: Memory Usage (468044K) : rfmem_drw has 0 polygons
2026-09-09 20:57:28 +0200: Memory Usage (468044K) : norcx_drw has 0 polygons
2026-09-09 20:57:28 +0200: Memory Usage (468204K) : norcx_m2m3 has 0 polygons
2026-09-09 20:57:28 +0200: Memory Usage (468204K) : norcx_m2m4 has 0 polygons
2026-09-09 20:57:28 +0200: Memory Usage (468204K) : norcx_m2m5 has 0 polygons
2026-09-09 20:57:28 +0200: Memory Usage (468364K) : norcx_m2tm1 has 0 polygons
2026-09-09 20:57:28 +0200: Memory Usage (468364K) : norcx_m2tm2 has 0 polygons
2026-09-09 20:57:28 +0200: Memory Usage (468364K) : norcx_m3m4 has 0 polygons
2026-09-09 20:57:28 +0200: Memory Usage (468524K) : norcx_m3m5 has 0 polygons
2026-09-09 20:57:28 +0200: Memory Usage (468524K) : norcx_m3tm1 has 0 polygons
2026-09-09 20:57:28 +0200: Memory Usage (468524K) : norcx_m3tm2 has 0 polygons
2026-09-09 20:57:28 +0200: Memory Usage (468684K) : norcx_m4m5 has 0 polygons
2026-09-09 20:57:28 +0200: Memory Usage (468684K) : norcx_m4tm1 has 0 polygons
2026-09-09 20:57:28 +0200: Memory Usage (468684K) : norcx_m4tm2 has 0 polygons
2026-09-09 20:57:28 +0200: Memory Usage (468844K) : norcx_m5tm1 has 0 polygons
2026-09-09 20:57:28 +0200: Memory Usage (468844K) : norcx_m5tm2 has 0 polygons
2026-09-09 20:57:28 +0200: Memory Usage (468844K) : norcx_tm1tm2 has 0 polygons
2026-09-09 20:57:28 +0200: Memory Usage (469004K) : norcx_m1sub has 0 polygons
2026-09-09 20:57:28 +0200: Memory Usage (469004K) : norcx_m2sub has 0 polygons
2026-09-09 20:57:28 +0200: Memory Usage (469004K) : norcx_m3sub has 0 polygons
2026-09-09 20:57:28 +0200: Memory Usage (469164K) : norcx_m4sub has 0 polygons
2026-09-09 20:57:28 +0200: Memory Usage (469164K) : norcx_m5sub has 0 polygons
2026-09-09 20:57:28 +0200: Memory Usage (469164K) : norcx_tm1sub has 0 polygons
2026-09-09 20:57:28 +0200: Memory Usage (469324K) : norcx_tm2sub has 0 polygons
2026-09-09 20:57:28 +0200: Memory Usage (469324K) : snsbotvia_drw has 0 polygons
2026-09-09 20:57:28 +0200: Memory Usage (469324K) : snstopvia_drw has 0 polygons
2026-09-09 20:57:28 +0200: Memory Usage (469484K) : deepvia_drw has 0 polygons
2026-09-09 20:57:28 +0200: Memory Usage (469484K) : fgetch_drw has 0 polygons
2026-09-09 20:57:28 +0200: Memory Usage (469484K) : ctrgat_drw has 0 polygons
2026-09-09 20:57:28 +0200: Memory Usage (469644K) : fgimp_drw has 0 polygons
2026-09-09 20:57:28 +0200: Memory Usage (469644K) : emwihv_drw has 0 polygons
2026-09-09 20:57:28 +0200: Memory Usage (469644K) : lbe_drw has 0 polygons
2026-09-09 20:57:28 +0200: Memory Usage (469804K) : alcustop_drw has 0 polygons
2026-09-09 20:57:28 +0200: Memory Usage (469804K) : nometfiller_drw has 0 polygons
2026-09-09 20:57:28 +0200: Memory Usage (469804K) : prboundary_drw has 0 polygons
2026-09-09 20:57:28 +0200: Memory Usage (469964K) : exchange0_drw has 0 polygons
2026-09-09 20:57:28 +0200: Memory Usage (469964K) : exchange0_pin has 0 polygons
2026-09-09 20:57:28 +0200: Memory Usage (469964K) : exchange0_text has 0 polygons
2026-09-09 20:57:28 +0200: Memory Usage (470124K) : exchange1_drw has 0 polygons
2026-09-09 20:57:28 +0200: Memory Usage (470124K) : exchange1_pin has 0 polygons
2026-09-09 20:57:28 +0200: Memory Usage (470124K) : exchange1_text has 0 polygons
2026-09-09 20:57:28 +0200: Memory Usage (470284K) : exchange2_drw has 0 polygons
2026-09-09 20:57:28 +0200: Memory Usage (470284K) : exchange2_pin has 0 polygons
2026-09-09 20:57:28 +0200: Memory Usage (470284K) : exchange2_text has 0 polygons
2026-09-09 20:57:28 +0200: Memory Usage (470444K) : exchange3_drw has 0 polygons
2026-09-09 20:57:28 +0200: Memory Usage (470444K) : exchange3_pin has 0 polygons
2026-09-09 20:57:28 +0200: Memory Usage (470444K) : exchange3_text has 0 polygons
2026-09-09 20:57:28 +0200: Memory Usage (470604K) : exchange4_drw has 0 polygons
2026-09-09 20:57:28 +0200: Memory Usage (470604K) : exchange4_pin has 0 polygons
2026-09-09 20:57:28 +0200: Memory Usage (470604K) : exchange4_text has 0 polygons
2026-09-09 20:57:28 +0200: Memory Usage (470764K) : isonwell_drw has 0 polygons
2026-09-09 20:57:28 +0200: Memory Usage (470764K) : Total no. of polygons in the design is 99
2026-09-09 20:57:28 +0200: Memory Usage (470764K) : Loaded TECH DRC rules values from /foss/pdks/ihp-sg13g2/libs.tech/klayout/python/sg13g2_pycell_lib/sg13g2_tech_mod.json
2026-09-09 20:57:28 +0200: Memory Usage (470764K) : Loaded default DRC rules values from /foss/pdks/ihp-sg13g2/libs.tech/klayout/tech/drc/rule_decks/sg13g2_tech_default.json
2026-09-09 20:57:28 +0200: Memory Usage (470764K) : The following rules values were missing in tech json and default values were used:
2026-09-09 20:57:28 +0200: Memory Usage (470764K) :   - NW_f1_digibnd
2026-09-09 20:57:28 +0200: Memory Usage (470764K) :   - Cnt_c_digibnd
2026-09-09 20:57:28 +0200: Memory Usage (470764K) :   - Cnt_c_sram
2026-09-09 20:57:28 +0200: Memory Usage (470764K) :   - Sdiod_b
2026-09-09 20:57:28 +0200: Memory Usage (470764K) :   - Sdiod_c
2026-09-09 20:57:28 +0200: Memory Usage (472088K) : Total area of the design is 18.9648 um^2.
2026-09-09 20:57:28 +0200: Memory Usage (472088K) : The design dimensions are 4.32 µm * 4.39 µm.
2026-09-09 20:57:28 +0200: Memory Usage (472088K) : Starting general IHP-SG13G2 derivations.
2026-09-09 20:57:28 +0200: Memory Usage (472088K) : Starting Pwell derivations
2026-09-09 20:57:28 +0200: Memory Usage (473948K) : Starting p-Activ derivations
2026-09-09 20:57:28 +0200: Memory Usage (474108K) : Starting ptap derivations
2026-09-09 20:57:28 +0200: Memory Usage (474268K) : Starting cont/contbar general derivations
2026-09-09 20:57:28 +0200: Memory Usage (474432K) : Starting schottky_nbl general derivations
2026-09-09 20:57:28 +0200: Memory Usage (474432K) : Starting IHP-SG13G2 DRC rules.
2026-09-09 20:57:28 +0200: Memory Usage (474432K) : Starting 6.7 Schottky diode table
2026-09-09 20:57:28 +0200: Memory Usage (474432K) : Executing rule Sdiod.b
2026-09-09 20:57:28 +0200: Memory Usage (474624K) : Executing rule Sdiod.c
2026-09-09 20:57:28 +0200: Memory Usage (474624K) : Executing rule Sdiod.d
2026-09-09 20:57:28 +0200: Memory Usage (474624K) : Executing rule Sdiod.e
2026-09-09 20:57:28 +0200: Memory Usage (474624K) : KLayout DRC run for tables 'schottkydiode' completed in 0.31 seconds
