# Logfile created on 2026-09-09 20:57:31 +0200 by logger.rb/v1.5.3
2026-09-09 20:57:31 +0200: Memory Usage (457160K) : Starting running IHP-SG13G2 KLayout DRC runset on /foss/designs/aion_chip/flow/regress/AION_nand2_o21ai_0/AION_nand2_o21ai_0.gds
2026-09-09 20:57:31 +0200: Memory Usage (457160K) : Ruby Version for klayout: 3.2.3
2026-09-09 20:57:31 +0200: Memory Usage (458520K) : Loading database to memory is complete.
2026-09-09 20:57:31 +0200: Memory Usage (458520K) : IHP-SG13G2 KLayout DRC runset output at: /foss/designs/aion_chip/flow/regress/AION_nand2_o21ai_0/drc/AION_nand2_o21ai_0.klayout.drc/AION_nand2_o21ai_0_AION_nand2_o21ai_0_metalslits.lyrdb
2026-09-09 20:57:31 +0200: Memory Usage (458520K) : Evaluate switches.
2026-09-09 20:57:31 +0200: Memory Usage (458520K) : tables selected: metalslits
2026-09-09 20:57:31 +0200: Memory Usage (458520K) : KLayout will use 15 thread(s) in tiling mode.
2026-09-09 20:57:31 +0200: Memory Usage (458520K) : deep mode is enabled.
2026-09-09 20:57:31 +0200: Memory Usage (458520K) : FEOL enabled: false
2026-09-09 20:57:31 +0200: Memory Usage (458520K) : BEOL enabled: false
2026-09-09 20:57:31 +0200: Memory Usage (458520K) : OFFGRID enabled: true
2026-09-09 20:57:31 +0200: Memory Usage (458520K) : ANGLE enabled: true
2026-09-09 20:57:31 +0200: Memory Usage (458520K) : PIN enabled: false
2026-09-09 20:57:31 +0200: Memory Usage (458520K) : FORBIDDEN enabled: false
2026-09-09 20:57:31 +0200: Memory Usage (458520K) : RECOMMENDED enabled: true
2026-09-09 20:57:31 +0200: Memory Usage (458520K) : PreCheck DRC enabled: false
2026-09-09 20:57:31 +0200: Memory Usage (458520K) : CONNECTIVITY_RULES enabled: false.
2026-09-09 20:57:31 +0200: Memory Usage (458520K) : Read in polygons from layers.
2026-09-09 20:57:31 +0200: Memory Usage (459288K) : activ_drw has 5 polygons
2026-09-09 20:57:31 +0200: Memory Usage (459288K) : activ_pin has 0 polygons
2026-09-09 20:57:31 +0200: Memory Usage (459288K) : activ_mask has 0 polygons
2026-09-09 20:57:31 +0200: Memory Usage (459288K) : activ_filler has 0 polygons
2026-09-09 20:57:31 +0200: Memory Usage (459288K) : activ_nofill has 0 polygons
2026-09-09 20:57:31 +0200: Memory Usage (459288K) : activ_opc has 0 polygons
2026-09-09 20:57:31 +0200: Memory Usage (459288K) : activ_iopc has 0 polygons
2026-09-09 20:57:31 +0200: Memory Usage (459288K) : activ_noqrc has 0 polygons
2026-09-09 20:57:31 +0200: Memory Usage (459288K) : biwind_drw has 0 polygons
2026-09-09 20:57:31 +0200: Memory Usage (459288K) : biwind_opc has 0 polygons
2026-09-09 20:57:31 +0200: Memory Usage (459288K) : pemwind_drw has 0 polygons
2026-09-09 20:57:31 +0200: Memory Usage (459288K) : gatpoly_drw has 10 polygons
2026-09-09 20:57:31 +0200: Memory Usage (459288K) : gatpoly_pin has 0 polygons
2026-09-09 20:57:31 +0200: Memory Usage (459288K) : gatpoly_filler has 0 polygons
2026-09-09 20:57:31 +0200: Memory Usage (459288K) : gatpoly_nofill has 0 polygons
2026-09-09 20:57:31 +0200: Memory Usage (459448K) : gatpoly_opc has 0 polygons
2026-09-09 20:57:31 +0200: Memory Usage (459448K) : gatpoly_iopc has 0 polygons
2026-09-09 20:57:31 +0200: Memory Usage (459448K) : gatpoly_noqrc has 0 polygons
2026-09-09 20:57:31 +0200: Memory Usage (459448K) : cont_drw has 41 polygons
2026-09-09 20:57:31 +0200: Memory Usage (459608K) : cont_opc has 0 polygons
2026-09-09 20:57:31 +0200: Memory Usage (459608K) : nsd_drw has 0 polygons
2026-09-09 20:57:31 +0200: Memory Usage (459608K) : nsd_block has 0 polygons
2026-09-09 20:57:31 +0200: Memory Usage (459608K) : metal1_drw has 23 polygons
2026-09-09 20:57:31 +0200: Memory Usage (459608K) : metal1_pin has 6 polygons
2026-09-09 20:57:31 +0200: Memory Usage (459608K) : metal1_mask has 0 polygons
2026-09-09 20:57:31 +0200: Memory Usage (459608K) : metal1_filler has 0 polygons
2026-09-09 20:57:31 +0200: Memory Usage (459768K) : metal1_nofill has 0 polygons
2026-09-09 20:57:31 +0200: Memory Usage (459768K) : metal1_slit has 0 polygons
2026-09-09 20:57:31 +0200: Memory Usage (460152K) : metal1_text has 6 polygons
2026-09-09 20:57:31 +0200: Memory Usage (460312K) : metal1_opc has 0 polygons
2026-09-09 20:57:31 +0200: Memory Usage (460312K) : metal1_noqrc has 0 polygons
2026-09-09 20:57:31 +0200: Memory Usage (460312K) : metal1_res has 0 polygons
2026-09-09 20:57:31 +0200: Memory Usage (460472K) : metal1_iprobe has 0 polygons
2026-09-09 20:57:31 +0200: Memory Usage (460472K) : metal1_diffprb has 0 polygons
2026-09-09 20:57:31 +0200: Memory Usage (460472K) : passiv_drw has 0 polygons
2026-09-09 20:57:31 +0200: Memory Usage (460632K) : passiv_pin has 0 polygons
2026-09-09 20:57:31 +0200: Memory Usage (460632K) : passiv_sbump has 0 polygons
2026-09-09 20:57:31 +0200: Memory Usage (460632K) : passiv_pillar has 0 polygons
2026-09-09 20:57:31 +0200: Memory Usage (460792K) : passiv_pdl has 0 polygons
2026-09-09 20:57:31 +0200: Memory Usage (460792K) : metal2_drw has 1 polygons
2026-09-09 20:57:31 +0200: Memory Usage (460792K) : metal2_pin has 1 polygons
2026-09-09 20:57:31 +0200: Memory Usage (460792K) : metal2_mask has 0 polygons
2026-09-09 20:57:31 +0200: Memory Usage (460792K) : metal2_filler has 0 polygons
2026-09-09 20:57:31 +0200: Memory Usage (460792K) : metal2_nofill has 0 polygons
2026-09-09 20:57:31 +0200: Memory Usage (460792K) : metal2_slit has 0 polygons
2026-09-09 20:57:31 +0200: Memory Usage (460792K) : metal2_text has 1 polygons
2026-09-09 20:57:31 +0200: Memory Usage (460792K) : metal2_opc has 0 polygons
2026-09-09 20:57:31 +0200: Memory Usage (460952K) : metal2_noqrc has 0 polygons
2026-09-09 20:57:31 +0200: Memory Usage (460952K) : metal2_res has 0 polygons
2026-09-09 20:57:31 +0200: Memory Usage (460952K) : metal2_iprobe has 0 polygons
2026-09-09 20:57:31 +0200: Memory Usage (460952K) : metal2_diffprb has 0 polygons
2026-09-09 20:57:31 +0200: Memory Usage (460952K) : baspoly_drw has 0 polygons
2026-09-09 20:57:31 +0200: Memory Usage (461112K) : baspoly_pin has 0 polygons
2026-09-09 20:57:31 +0200: Memory Usage (461112K) : psd_drw has 2 polygons
2026-09-09 20:57:31 +0200: Memory Usage (461112K) : nldb_drw has 0 polygons
2026-09-09 20:57:31 +0200: Memory Usage (461272K) : digibnd_drw has 0 polygons
2026-09-09 20:57:31 +0200: Memory Usage (461272K) : via1_drw has 2 polygons
2026-09-09 20:57:31 +0200: Memory Usage (461432K) : backmetal1_drw has 0 polygons
2026-09-09 20:57:31 +0200: Memory Usage (461432K) : backmetal1_pin has 0 polygons
2026-09-09 20:57:31 +0200: Memory Usage (461432K) : backmetal1_mask has 0 polygons
2026-09-09 20:57:31 +0200: Memory Usage (461592K) : backmetal1_filler has 0 polygons
2026-09-09 20:57:31 +0200: Memory Usage (461592K) : backmetal1_nofill has 0 polygons
2026-09-09 20:57:31 +0200: Memory Usage (461592K) : backmetal1_slit has 0 polygons
2026-09-09 20:57:31 +0200: Memory Usage (461752K) : backmetal1_text has 0 polygons
2026-09-09 20:57:31 +0200: Memory Usage (461752K) : backmetal1_opc has 0 polygons
2026-09-09 20:57:31 +0200: Memory Usage (461752K) : backmetal1_noqrc has 0 polygons
2026-09-09 20:57:31 +0200: Memory Usage (461912K) : backmetal1_res has 0 polygons
2026-09-09 20:57:31 +0200: Memory Usage (461912K) : backmetal1_iprobe has 0 polygons
2026-09-09 20:57:31 +0200: Memory Usage (462072K) : backmetal1_diffprb has 0 polygons
2026-09-09 20:57:31 +0200: Memory Usage (462072K) : backpassiv_drw has 0 polygons
2026-09-09 20:57:31 +0200: Memory Usage (462232K) : res_drw has 0 polygons
2026-09-09 20:57:31 +0200: Memory Usage (462232K) : sram_drw has 0 polygons
2026-09-09 20:57:31 +0200: Memory Usage (462232K) : trans_drw has 0 polygons
2026-09-09 20:57:31 +0200: Memory Usage (462392K) : ind_drw has 0 polygons
2026-09-09 20:57:31 +0200: Memory Usage (462392K) : ind_pin has 0 polygons
2026-09-09 20:57:31 +0200: Memory Usage (462552K) : ind_text has 0 polygons
2026-09-09 20:57:31 +0200: Memory Usage (462552K) : salblock_drw has 0 polygons
2026-09-09 20:57:31 +0200: Memory Usage (462552K) : via2_drw has 0 polygons
2026-09-09 20:57:31 +0200: Memory Usage (462712K) : metal3_drw has 0 polygons
2026-09-09 20:57:31 +0200: Memory Usage (462712K) : metal3_pin has 0 polygons
2026-09-09 20:57:31 +0200: Memory Usage (462712K) : metal3_mask has 0 polygons
2026-09-09 20:57:31 +0200: Memory Usage (462712K) : metal3_filler has 0 polygons
2026-09-09 20:57:31 +0200: Memory Usage (462872K) : metal3_nofill has 0 polygons
2026-09-09 20:57:31 +0200: Memory Usage (462872K) : metal3_slit has 0 polygons
2026-09-09 20:57:31 +0200: Memory Usage (463032K) : metal3_text has 0 polygons
2026-09-09 20:57:31 +0200: Memory Usage (463032K) : metal3_opc has 0 polygons
2026-09-09 20:57:31 +0200: Memory Usage (463192K) : metal3_noqrc has 0 polygons
2026-09-09 20:57:31 +0200: Memory Usage (463192K) : metal3_res has 0 polygons
2026-09-09 20:57:31 +0200: Memory Usage (463192K) : metal3_iprobe has 0 polygons
2026-09-09 20:57:31 +0200: Memory Usage (463352K) : metal3_diffprb has 0 polygons
2026-09-09 20:57:31 +0200: Memory Usage (463352K) : nwell_drw has 1 polygons
2026-09-09 20:57:31 +0200: Memory Usage (463352K) : nwell_pin has 0 polygons
2026-09-09 20:57:31 +0200: Memory Usage (463352K) : nbulay_drw has 0 polygons
2026-09-09 20:57:31 +0200: Memory Usage (463512K) : nbulay_pin has 0 polygons
2026-09-09 20:57:31 +0200: Memory Usage (463512K) : nbulay_block has 0 polygons
2026-09-09 20:57:31 +0200: Memory Usage (463512K) : emwind_drw has 0 polygons
2026-09-09 20:57:31 +0200: Memory Usage (463512K) : emwind_opc has 0 polygons
2026-09-09 20:57:31 +0200: Memory Usage (463672K) : deepco_drw has 0 polygons
2026-09-09 20:57:31 +0200: Memory Usage (463672K) : deepco_drw has 0 polygons
2026-09-09 20:57:31 +0200: Memory Usage (463672K) : mim_drw has 0 polygons
2026-09-09 20:57:31 +0200: Memory Usage (463672K) : edgeseal_drw has 0 polygons
2026-09-09 20:57:31 +0200: Memory Usage (463672K) : edgeseal_bound has 0 polygons
2026-09-09 20:57:31 +0200: Memory Usage (463832K) : substrate_drw has 0 polygons
2026-09-09 20:57:31 +0200: Memory Usage (463832K) : substrate_text has 0 polygons
2026-09-09 20:57:31 +0200: Memory Usage (463832K) : dfpad_drw has 0 polygons
2026-09-09 20:57:31 +0200: Memory Usage (463832K) : dfpad_pillar has 0 polygons
2026-09-09 20:57:31 +0200: Memory Usage (463992K) : dfpad_sbump has 0 polygons
2026-09-09 20:57:31 +0200: Memory Usage (463992K) : thickgateox_drw has 0 polygons
2026-09-09 20:57:31 +0200: Memory Usage (463992K) : pldb_drw has 0 polygons
2026-09-09 20:57:31 +0200: Memory Usage (464152K) : pwell_drw has 0 polygons
2026-09-09 20:57:31 +0200: Memory Usage (464152K) : pwell_pin has 0 polygons
2026-09-09 20:57:31 +0200: Memory Usage (464152K) : pwell_block has 0 polygons
2026-09-09 20:57:31 +0200: Memory Usage (464312K) : ic_drw has 0 polygons
2026-09-09 20:57:31 +0200: Memory Usage (464312K) : via3_drw has 0 polygons
2026-09-09 20:57:31 +0200: Memory Usage (464312K) : metal4_drw has 0 polygons
2026-09-09 20:57:31 +0200: Memory Usage (464472K) : metal4_pin has 0 polygons
2026-09-09 20:57:31 +0200: Memory Usage (464472K) : metal4_mask has 0 polygons
2026-09-09 20:57:31 +0200: Memory Usage (464472K) : metal4_filler has 0 polygons
2026-09-09 20:57:31 +0200: Memory Usage (464632K) : metal4_nofill has 0 polygons
2026-09-09 20:57:31 +0200: Memory Usage (464632K) : metal4_slit has 0 polygons
2026-09-09 20:57:31 +0200: Memory Usage (464632K) : metal4_text has 0 polygons
2026-09-09 20:57:31 +0200: Memory Usage (464792K) : metal4_opc has 0 polygons
2026-09-09 20:57:31 +0200: Memory Usage (464792K) : metal4_noqrc has 0 polygons
2026-09-09 20:57:31 +0200: Memory Usage (464792K) : metal4_res has 0 polygons
2026-09-09 20:57:31 +0200: Memory Usage (464952K) : metal4_iprobe has 0 polygons
2026-09-09 20:57:31 +0200: Memory Usage (464952K) : metal4_diffprb has 0 polygons
2026-09-09 20:57:31 +0200: Memory Usage (464952K) : heattrans_drw has 0 polygons
2026-09-09 20:57:31 +0200: Memory Usage (465112K) : heatres_drw has 0 polygons
2026-09-09 20:57:31 +0200: Memory Usage (465112K) : pempoly_drw has 0 polygons
2026-09-09 20:57:31 +0200: Memory Usage (465272K) : fbe_drw has 0 polygons
2026-09-09 20:57:31 +0200: Memory Usage (465272K) : empoly_drw has 0 polygons
2026-09-09 20:57:31 +0200: Memory Usage (465272K) : ldmos_drw has 0 polygons
2026-09-09 20:57:31 +0200: Memory Usage (465432K) : pbiwind_drw has 0 polygons
2026-09-09 20:57:31 +0200: Memory Usage (465432K) : digisub_drw has 0 polygons
2026-09-09 20:57:31 +0200: Memory Usage (465432K) : nodrc_drw has 0 polygons
2026-09-09 20:57:31 +0200: Memory Usage (465432K) : text_drw has 0 polygons
2026-09-09 20:57:31 +0200: Memory Usage (465432K) : via4_drw has 0 polygons
2026-09-09 20:57:31 +0200: Memory Usage (465592K) : metal5_drw has 0 polygons
2026-09-09 20:57:31 +0200: Memory Usage (465592K) : metal5_pin has 0 polygons
2026-09-09 20:57:31 +0200: Memory Usage (465592K) : metal5_mask has 0 polygons
2026-09-09 20:57:31 +0200: Memory Usage (465592K) : metal5_filler has 0 polygons
2026-09-09 20:57:31 +0200: Memory Usage (465752K) : metal5_nofill has 0 polygons
2026-09-09 20:57:31 +0200: Memory Usage (465752K) : metal5_slit has 0 polygons
2026-09-09 20:57:31 +0200: Memory Usage (465752K) : metal5_text has 0 polygons
2026-09-09 20:57:31 +0200: Memory Usage (465912K) : metal5_opc has 0 polygons
2026-09-09 20:57:31 +0200: Memory Usage (465912K) : metal5_noqrc has 0 polygons
2026-09-09 20:57:31 +0200: Memory Usage (465912K) : metal5_res has 0 polygons
2026-09-09 20:57:31 +0200: Memory Usage (466072K) : metal5_iprobe has 0 polygons
2026-09-09 20:57:31 +0200: Memory Usage (466072K) : metal5_diffprb has 0 polygons
2026-09-09 20:57:31 +0200: Memory Usage (466072K) : radhard_drw has 0 polygons
2026-09-09 20:57:31 +0200: Memory Usage (466232K) : memcap_drw has 0 polygons
2026-09-09 20:57:31 +0200: Memory Usage (466232K) : varicap_drw has 0 polygons
2026-09-09 20:57:31 +0200: Memory Usage (466232K) : flash_drw has 0 polygons
2026-09-09 20:57:31 +0200: Memory Usage (466392K) : intbondvia_drw has 0 polygons
2026-09-09 20:57:31 +0200: Memory Usage (466392K) : intbondmet_drw has 0 polygons
2026-09-09 20:57:31 +0200: Memory Usage (466392K) : devbondvia_drw has 0 polygons
2026-09-09 20:57:31 +0200: Memory Usage (466552K) : devbondmet_drw has 0 polygons
2026-09-09 20:57:31 +0200: Memory Usage (466552K) : devtrench_drw has 0 polygons
2026-09-09 20:57:31 +0200: Memory Usage (466552K) : redist_drw has 0 polygons
2026-09-09 20:57:31 +0200: Memory Usage (466712K) : graphbot_drw has 0 polygons
2026-09-09 20:57:31 +0200: Memory Usage (466712K) : graphtop_drw has 0 polygons
2026-09-09 20:57:31 +0200: Memory Usage (466712K) : antvia1_drw has 0 polygons
2026-09-09 20:57:31 +0200: Memory Usage (466872K) : antmetal2_drw has 0 polygons
2026-09-09 20:57:31 +0200: Memory Usage (466872K) : graphcont_drw has 0 polygons
2026-09-09 20:57:31 +0200: Memory Usage (466872K) : siwg_drw has 0 polygons
2026-09-09 20:57:31 +0200: Memory Usage (467032K) : siwg_filler has 0 polygons
2026-09-09 20:57:31 +0200: Memory Usage (467032K) : siwg_nofill has 0 polygons
2026-09-09 20:57:31 +0200: Memory Usage (467032K) : sigrating_drw has 0 polygons
2026-09-09 20:57:31 +0200: Memory Usage (467192K) : singrating_drw has 0 polygons
2026-09-09 20:57:31 +0200: Memory Usage (467192K) : graphpas_drw has 0 polygons
2026-09-09 20:57:31 +0200: Memory Usage (467192K) : emwind3_drw has 0 polygons
2026-09-09 20:57:31 +0200: Memory Usage (467352K) : emwihv3_drw has 0 polygons
2026-09-09 20:57:31 +0200: Memory Usage (467352K) : redbulay_drw has 0 polygons
2026-09-09 20:57:31 +0200: Memory Usage (467352K) : smos_drw has 0 polygons
2026-09-09 20:57:31 +0200: Memory Usage (467352K) : graphpad_drw has 0 polygons
2026-09-09 20:57:31 +0200: Memory Usage (467512K) : polimide_drw has 0 polygons
2026-09-09 20:57:31 +0200: Memory Usage (467512K) : polimide_pin has 0 polygons
2026-09-09 20:57:31 +0200: Memory Usage (467512K) : recog_drw has 0 polygons
2026-09-09 20:57:31 +0200: Memory Usage (467512K) : recog_pin has 0 polygons
2026-09-09 20:57:31 +0200: Memory Usage (467672K) : recog_esd has 0 polygons
2026-09-09 20:57:31 +0200: Memory Usage (467672K) : recog_diode has 0 polygons
2026-09-09 20:57:31 +0200: Memory Usage (467672K) : recog_tsv has 0 polygons
2026-09-09 20:57:31 +0200: Memory Usage (467832K) : recog_iprobe has 0 polygons
2026-09-09 20:57:31 +0200: Memory Usage (467832K) : recog_diffprb has 0 polygons
2026-09-09 20:57:31 +0200: Memory Usage (467832K) : recog_pillar has 0 polygons
2026-09-09 20:57:31 +0200: Memory Usage (467992K) : recog_sbump has 0 polygons
2026-09-09 20:57:31 +0200: Memory Usage (467992K) : recog_otp has 0 polygons
2026-09-09 20:57:31 +0200: Memory Usage (467992K) : recog_pdiode has 0 polygons
2026-09-09 20:57:31 +0200: Memory Usage (468152K) : recog_mom has 0 polygons
2026-09-09 20:57:31 +0200: Memory Usage (468152K) : recog_pcm has 0 polygons
2026-09-09 20:57:31 +0200: Memory Usage (468152K) : colopen_drw has 0 polygons
2026-09-09 20:57:31 +0200: Memory Usage (468312K) : graphmetal1_drw has 0 polygons
2026-09-09 20:57:31 +0200: Memory Usage (468312K) : graphmetal1_filler has 0 polygons
2026-09-09 20:57:31 +0200: Memory Usage (468312K) : graphmetal1_nofill has 0 polygons
2026-09-09 20:57:31 +0200: Memory Usage (468472K) : graphmetal1_slit has 0 polygons
2026-09-09 20:57:31 +0200: Memory Usage (468472K) : graphmetal1_opc has 0 polygons
2026-09-09 20:57:31 +0200: Memory Usage (468472K) : graphmet1l_drw has 0 polygons
2026-09-09 20:57:31 +0200: Memory Usage (468632K) : graphmet1l_filler has 0 polygons
2026-09-09 20:57:31 +0200: Memory Usage (468632K) : graphmet1l_nofill has 0 polygons
2026-09-09 20:57:31 +0200: Memory Usage (468632K) : graphmet1l_slit has 0 polygons
2026-09-09 20:57:31 +0200: Memory Usage (468792K) : graphmet1l_opc has 0 polygons
2026-09-09 20:57:31 +0200: Memory Usage (468792K) : extblock_drw has 0 polygons
2026-09-09 20:57:31 +0200: Memory Usage (468792K) : nldd_drw has 0 polygons
2026-09-09 20:57:31 +0200: Memory Usage (468952K) : pldd_drw has 0 polygons
2026-09-09 20:57:31 +0200: Memory Usage (468952K) : next_drw has 0 polygons
2026-09-09 20:57:31 +0200: Memory Usage (468952K) : pext_drw has 0 polygons
2026-09-09 20:57:31 +0200: Memory Usage (469112K) : nexthv_drw has 0 polygons
2026-09-09 20:57:31 +0200: Memory Usage (469112K) : pexthv_drw has 0 polygons
2026-09-09 20:57:31 +0200: Memory Usage (469112K) : graphgate_drw has 0 polygons
2026-09-09 20:57:31 +0200: Memory Usage (469272K) : sinwg_drw has 0 polygons
2026-09-09 20:57:31 +0200: Memory Usage (469272K) : sinwg_filler has 0 polygons
2026-09-09 20:57:31 +0200: Memory Usage (469272K) : sinwg_nofill has 0 polygons
2026-09-09 20:57:31 +0200: Memory Usage (469432K) : mempad_drw has 0 polygons
2026-09-09 20:57:31 +0200: Memory Usage (469432K) : topvia1_drw has 0 polygons
2026-09-09 20:57:31 +0200: Memory Usage (469432K) : topmetal1_drw has 0 polygons
2026-09-09 20:57:31 +0200: Memory Usage (469432K) : topmetal1_pin has 0 polygons
2026-09-09 20:57:31 +0200: Memory Usage (469432K) : topmetal1_mask has 0 polygons
2026-09-09 20:57:31 +0200: Memory Usage (469432K) : topmetal1_filler has 0 polygons
2026-09-09 20:57:31 +0200: Memory Usage (469432K) : topmetal1_nofill has 0 polygons
2026-09-09 20:57:31 +0200: Memory Usage (469432K) : topmetal1_slit has 0 polygons
2026-09-09 20:57:31 +0200: Memory Usage (469432K) : topmetal1_text has 0 polygons
2026-09-09 20:57:31 +0200: Memory Usage (469432K) : topmetal1_noqrc has 0 polygons
2026-09-09 20:57:31 +0200: Memory Usage (469592K) : topmetal1_res has 0 polygons
2026-09-09 20:57:31 +0200: Memory Usage (469592K) : topmetal1_iprobe has 0 polygons
2026-09-09 20:57:31 +0200: Memory Usage (469592K) : topmetal1_diffprb has 0 polygons
2026-09-09 20:57:31 +0200: Memory Usage (469752K) : inldpwl_drw has 0 polygons
2026-09-09 20:57:31 +0200: Memory Usage (469752K) : polyres_drw has 0 polygons
2026-09-09 20:57:31 +0200: Memory Usage (469752K) : polyres_pin has 0 polygons
2026-09-09 20:57:31 +0200: Memory Usage (469912K) : vmim_drw has 0 polygons
2026-09-09 20:57:31 +0200: Memory Usage (469912K) : nbulaycut_drw has 0 polygons
2026-09-09 20:57:31 +0200: Memory Usage (469912K) : antmetal1_drw has 0 polygons
2026-09-09 20:57:31 +0200: Memory Usage (470072K) : topvia2_drw has 0 polygons
2026-09-09 20:57:31 +0200: Memory Usage (470072K) : topmetal2_drw has 0 polygons
2026-09-09 20:57:31 +0200: Memory Usage (470072K) : topmetal2_pin has 0 polygons
2026-09-09 20:57:31 +0200: Memory Usage (470232K) : topmetal2_mask has 0 polygons
2026-09-09 20:57:31 +0200: Memory Usage (470232K) : topmetal2_filler has 0 polygons
2026-09-09 20:57:31 +0200: Memory Usage (470232K) : topmetal2_nofill has 0 polygons
2026-09-09 20:57:31 +0200: Memory Usage (470392K) : topmetal2_slit has 0 polygons
2026-09-09 20:57:31 +0200: Memory Usage (470392K) : topmetal2_text has 0 polygons
2026-09-09 20:57:31 +0200: Memory Usage (470552K) : topmetal2_noqrc has 0 polygons
2026-09-09 20:57:31 +0200: Memory Usage (470552K) : topmetal2_res has 0 polygons
2026-09-09 20:57:31 +0200: Memory Usage (470552K) : topmetal2_iprobe has 0 polygons
2026-09-09 20:57:31 +0200: Memory Usage (470712K) : topmetal2_diffprb has 0 polygons
2026-09-09 20:57:31 +0200: Memory Usage (470712K) : snsring_drw has 0 polygons
2026-09-09 20:57:31 +0200: Memory Usage (470712K) : sensor_drw has 0 polygons
2026-09-09 20:57:31 +0200: Memory Usage (470872K) : snsarms_drw has 0 polygons
2026-09-09 20:57:31 +0200: Memory Usage (470872K) : snscmosvia_drw has 0 polygons
2026-09-09 20:57:31 +0200: Memory Usage (470872K) : colwind_drw has 0 polygons
2026-09-09 20:57:31 +0200: Memory Usage (470872K) : flm_drw has 0 polygons
2026-09-09 20:57:31 +0200: Memory Usage (471032K) : hafniumox_drw has 0 polygons
2026-09-09 20:57:31 +0200: Memory Usage (471032K) : memvia_drw has 0 polygons
2026-09-09 20:57:31 +0200: Memory Usage (471032K) : thinfilmres_drw has 0 polygons
2026-09-09 20:57:31 +0200: Memory Usage (471192K) : rfmem_drw has 0 polygons
2026-09-09 20:57:31 +0200: Memory Usage (471192K) : norcx_drw has 0 polygons
2026-09-09 20:57:31 +0200: Memory Usage (471192K) : norcx_m2m3 has 0 polygons
2026-09-09 20:57:31 +0200: Memory Usage (471352K) : norcx_m2m4 has 0 polygons
2026-09-09 20:57:31 +0200: Memory Usage (471352K) : norcx_m2m5 has 0 polygons
2026-09-09 20:57:31 +0200: Memory Usage (471352K) : norcx_m2tm1 has 0 polygons
2026-09-09 20:57:31 +0200: Memory Usage (471512K) : norcx_m2tm2 has 0 polygons
2026-09-09 20:57:31 +0200: Memory Usage (471512K) : norcx_m3m4 has 0 polygons
2026-09-09 20:57:31 +0200: Memory Usage (471512K) : norcx_m3m5 has 0 polygons
2026-09-09 20:57:31 +0200: Memory Usage (471672K) : norcx_m3tm1 has 0 polygons
2026-09-09 20:57:31 +0200: Memory Usage (471672K) : norcx_m3tm2 has 0 polygons
2026-09-09 20:57:31 +0200: Memory Usage (471672K) : norcx_m4m5 has 0 polygons
2026-09-09 20:57:31 +0200: Memory Usage (471832K) : norcx_m4tm1 has 0 polygons
2026-09-09 20:57:31 +0200: Memory Usage (471832K) : norcx_m4tm2 has 0 polygons
2026-09-09 20:57:31 +0200: Memory Usage (471832K) : norcx_m5tm1 has 0 polygons
2026-09-09 20:57:31 +0200: Memory Usage (471992K) : norcx_m5tm2 has 0 polygons
2026-09-09 20:57:31 +0200: Memory Usage (471992K) : norcx_tm1tm2 has 0 polygons
2026-09-09 20:57:31 +0200: Memory Usage (471992K) : norcx_m1sub has 0 polygons
2026-09-09 20:57:31 +0200: Memory Usage (472152K) : norcx_m2sub has 0 polygons
2026-09-09 20:57:31 +0200: Memory Usage (472152K) : norcx_m3sub has 0 polygons
2026-09-09 20:57:31 +0200: Memory Usage (472152K) : norcx_m4sub has 0 polygons
2026-09-09 20:57:31 +0200: Memory Usage (472312K) : norcx_m5sub has 0 polygons
2026-09-09 20:57:31 +0200: Memory Usage (472312K) : norcx_tm1sub has 0 polygons
2026-09-09 20:57:31 +0200: Memory Usage (472312K) : norcx_tm2sub has 0 polygons
2026-09-09 20:57:31 +0200: Memory Usage (472472K) : snsbotvia_drw has 0 polygons
2026-09-09 20:57:31 +0200: Memory Usage (472472K) : snstopvia_drw has 0 polygons
2026-09-09 20:57:31 +0200: Memory Usage (472472K) : deepvia_drw has 0 polygons
2026-09-09 20:57:31 +0200: Memory Usage (472632K) : fgetch_drw has 0 polygons
2026-09-09 20:57:31 +0200: Memory Usage (472632K) : ctrgat_drw has 0 polygons
2026-09-09 20:57:31 +0200: Memory Usage (472632K) : fgimp_drw has 0 polygons
2026-09-09 20:57:31 +0200: Memory Usage (472792K) : emwihv_drw has 0 polygons
2026-09-09 20:57:31 +0200: Memory Usage (472792K) : lbe_drw has 0 polygons
2026-09-09 20:57:31 +0200: Memory Usage (472952K) : alcustop_drw has 0 polygons
2026-09-09 20:57:31 +0200: Memory Usage (472952K) : nometfiller_drw has 0 polygons
2026-09-09 20:57:31 +0200: Memory Usage (472952K) : prboundary_drw has 0 polygons
2026-09-09 20:57:31 +0200: Memory Usage (473112K) : exchange0_drw has 0 polygons
2026-09-09 20:57:31 +0200: Memory Usage (473112K) : exchange0_pin has 0 polygons
2026-09-09 20:57:31 +0200: Memory Usage (473112K) : exchange0_text has 0 polygons
2026-09-09 20:57:31 +0200: Memory Usage (473112K) : exchange1_drw has 0 polygons
2026-09-09 20:57:31 +0200: Memory Usage (473272K) : exchange1_pin has 0 polygons
2026-09-09 20:57:31 +0200: Memory Usage (473272K) : exchange1_text has 0 polygons
2026-09-09 20:57:31 +0200: Memory Usage (473272K) : exchange2_drw has 0 polygons
2026-09-09 20:57:31 +0200: Memory Usage (473432K) : exchange2_pin has 0 polygons
2026-09-09 20:57:31 +0200: Memory Usage (473432K) : exchange2_text has 0 polygons
2026-09-09 20:57:31 +0200: Memory Usage (473432K) : exchange3_drw has 0 polygons
2026-09-09 20:57:31 +0200: Memory Usage (473592K) : exchange3_pin has 0 polygons
2026-09-09 20:57:31 +0200: Memory Usage (473592K) : exchange3_text has 0 polygons
2026-09-09 20:57:31 +0200: Memory Usage (473592K) : exchange4_drw has 0 polygons
2026-09-09 20:57:31 +0200: Memory Usage (473752K) : exchange4_pin has 0 polygons
2026-09-09 20:57:31 +0200: Memory Usage (473752K) : exchange4_text has 0 polygons
2026-09-09 20:57:31 +0200: Memory Usage (473752K) : isonwell_drw has 0 polygons
2026-09-09 20:57:31 +0200: Memory Usage (473752K) : Total no. of polygons in the design is 99
2026-09-09 20:57:31 +0200: Memory Usage (473752K) : Loaded TECH DRC rules values from /foss/pdks/ihp-sg13g2/libs.tech/klayout/python/sg13g2_pycell_lib/sg13g2_tech_mod.json
2026-09-09 20:57:31 +0200: Memory Usage (473752K) : Loaded default DRC rules values from /foss/pdks/ihp-sg13g2/libs.tech/klayout/tech/drc/rule_decks/sg13g2_tech_default.json
2026-09-09 20:57:31 +0200: Memory Usage (473752K) : The following rules values were missing in tech json and default values were used:
2026-09-09 20:57:31 +0200: Memory Usage (473752K) :   - NW_f1_digibnd
2026-09-09 20:57:31 +0200: Memory Usage (473912K) :   - Cnt_c_digibnd
2026-09-09 20:57:31 +0200: Memory Usage (473912K) :   - Cnt_c_sram
2026-09-09 20:57:31 +0200: Memory Usage (473912K) :   - Sdiod_b
2026-09-09 20:57:31 +0200: Memory Usage (473912K) :   - Sdiod_c
2026-09-09 20:57:31 +0200: Memory Usage (475064K) : Total area of the design is 18.9648 um^2.
2026-09-09 20:57:31 +0200: Memory Usage (475064K) : The design dimensions are 4.32 µm * 4.39 µm.
2026-09-09 20:57:31 +0200: Memory Usage (475064K) : Starting general IHP-SG13G2 derivations.
2026-09-09 20:57:31 +0200: Memory Usage (475064K) : Starting Pwell derivations
2026-09-09 20:57:31 +0200: Memory Usage (476944K) : Starting IHP-SG13G2 DRC rules.
2026-09-09 20:57:31 +0200: Memory Usage (476944K) : Starting 7.3 Metal Slits table
2026-09-09 20:57:31 +0200: Memory Usage (476944K) : Executing rule Slt.e1_M1
2026-09-09 20:57:31 +0200: Memory Usage (476944K) : Executing rule Slt.e1_M2
2026-09-09 20:57:31 +0200: Memory Usage (476944K) : Executing rule Slt.e1_M3
2026-09-09 20:57:31 +0200: Memory Usage (476944K) : Executing rule Slt.e1_M4
2026-09-09 20:57:31 +0200: Memory Usage (476944K) : Executing rule Slt.e1_M5
2026-09-09 20:57:31 +0200: Memory Usage (476944K) : Executing rule Slt.e1_TM1
2026-09-09 20:57:31 +0200: Memory Usage (476944K) : Executing rule Slt.e1_TM2
2026-09-09 20:57:31 +0200: Memory Usage (476944K) : KLayout DRC run for tables 'metalslits' completed in 0.13 seconds
