# Logfile created on 2026-09-09 20:57:28 +0200 by logger.rb/v1.5.3
2026-09-09 20:57:28 +0200: Memory Usage (456216K) : Starting running IHP-SG13G2 KLayout DRC runset on /foss/designs/aion_chip/flow/regress/AION_nand2_o21ai_0/AION_nand2_o21ai_0.gds
2026-09-09 20:57:28 +0200: Memory Usage (456216K) : Ruby Version for klayout: 3.2.3
2026-09-09 20:57:28 +0200: Memory Usage (457188K) : Loading database to memory is complete.
2026-09-09 20:57:28 +0200: Memory Usage (457188K) : IHP-SG13G2 KLayout DRC runset output at: /foss/designs/aion_chip/flow/regress/AION_nand2_o21ai_0/drc/AION_nand2_o21ai_0.klayout.drc/AION_nand2_o21ai_0_AION_nand2_o21ai_0_thickgateox.lyrdb
2026-09-09 20:57:28 +0200: Memory Usage (457380K) : Evaluate switches.
2026-09-09 20:57:28 +0200: Memory Usage (457380K) : tables selected: thickgateox
2026-09-09 20:57:28 +0200: Memory Usage (457380K) : KLayout will use 15 thread(s) in tiling mode.
2026-09-09 20:57:28 +0200: Memory Usage (457380K) : deep mode is enabled.
2026-09-09 20:57:28 +0200: Memory Usage (457380K) : FEOL enabled: false
2026-09-09 20:57:28 +0200: Memory Usage (457380K) : BEOL enabled: false
2026-09-09 20:57:28 +0200: Memory Usage (457380K) : OFFGRID enabled: true
2026-09-09 20:57:28 +0200: Memory Usage (457380K) : ANGLE enabled: true
2026-09-09 20:57:28 +0200: Memory Usage (457380K) : PIN enabled: false
2026-09-09 20:57:28 +0200: Memory Usage (457380K) : FORBIDDEN enabled: false
2026-09-09 20:57:28 +0200: Memory Usage (457380K) : RECOMMENDED enabled: true
2026-09-09 20:57:28 +0200: Memory Usage (457380K) : PreCheck DRC enabled: false
2026-09-09 20:57:28 +0200: Memory Usage (457380K) : CONNECTIVITY_RULES enabled: false.
2026-09-09 20:57:28 +0200: Memory Usage (457380K) : Read in polygons from layers.
2026-09-09 20:57:28 +0200: Memory Usage (458320K) : activ_drw has 5 polygons
2026-09-09 20:57:28 +0200: Memory Usage (458320K) : activ_pin has 0 polygons
2026-09-09 20:57:28 +0200: Memory Usage (458320K) : activ_mask has 0 polygons
2026-09-09 20:57:28 +0200: Memory Usage (458320K) : activ_filler has 0 polygons
2026-09-09 20:57:28 +0200: Memory Usage (458320K) : activ_nofill has 0 polygons
2026-09-09 20:57:28 +0200: Memory Usage (458320K) : activ_opc has 0 polygons
2026-09-09 20:57:28 +0200: Memory Usage (458320K) : activ_iopc has 0 polygons
2026-09-09 20:57:28 +0200: Memory Usage (458320K) : activ_noqrc has 0 polygons
2026-09-09 20:57:28 +0200: Memory Usage (458320K) : biwind_drw has 0 polygons
2026-09-09 20:57:28 +0200: Memory Usage (458320K) : biwind_opc has 0 polygons
2026-09-09 20:57:28 +0200: Memory Usage (458320K) : pemwind_drw has 0 polygons
2026-09-09 20:57:28 +0200: Memory Usage (458320K) : gatpoly_drw has 10 polygons
2026-09-09 20:57:28 +0200: Memory Usage (458320K) : gatpoly_pin has 0 polygons
2026-09-09 20:57:28 +0200: Memory Usage (458320K) : gatpoly_filler has 0 polygons
2026-09-09 20:57:28 +0200: Memory Usage (458320K) : gatpoly_nofill has 0 polygons
2026-09-09 20:57:28 +0200: Memory Usage (458320K) : gatpoly_opc has 0 polygons
2026-09-09 20:57:28 +0200: Memory Usage (458320K) : gatpoly_iopc has 0 polygons
2026-09-09 20:57:28 +0200: Memory Usage (458320K) : gatpoly_noqrc has 0 polygons
2026-09-09 20:57:28 +0200: Memory Usage (458320K) : cont_drw has 41 polygons
2026-09-09 20:57:28 +0200: Memory Usage (458480K) : cont_opc has 0 polygons
2026-09-09 20:57:28 +0200: Memory Usage (458480K) : nsd_drw has 0 polygons
2026-09-09 20:57:28 +0200: Memory Usage (458480K) : nsd_block has 0 polygons
2026-09-09 20:57:28 +0200: Memory Usage (458480K) : metal1_drw has 23 polygons
2026-09-09 20:57:28 +0200: Memory Usage (458480K) : metal1_pin has 6 polygons
2026-09-09 20:57:28 +0200: Memory Usage (458480K) : metal1_mask has 0 polygons
2026-09-09 20:57:28 +0200: Memory Usage (458480K) : metal1_filler has 0 polygons
2026-09-09 20:57:28 +0200: Memory Usage (458640K) : metal1_nofill has 0 polygons
2026-09-09 20:57:28 +0200: Memory Usage (458640K) : metal1_slit has 0 polygons
2026-09-09 20:57:28 +0200: Memory Usage (458832K) : metal1_text has 6 polygons
2026-09-09 20:57:28 +0200: Memory Usage (458992K) : metal1_opc has 0 polygons
2026-09-09 20:57:28 +0200: Memory Usage (458992K) : metal1_noqrc has 0 polygons
2026-09-09 20:57:28 +0200: Memory Usage (458992K) : metal1_res has 0 polygons
2026-09-09 20:57:28 +0200: Memory Usage (459152K) : metal1_iprobe has 0 polygons
2026-09-09 20:57:28 +0200: Memory Usage (459152K) : metal1_diffprb has 0 polygons
2026-09-09 20:57:28 +0200: Memory Usage (459152K) : passiv_drw has 0 polygons
2026-09-09 20:57:28 +0200: Memory Usage (459312K) : passiv_pin has 0 polygons
2026-09-09 20:57:28 +0200: Memory Usage (459312K) : passiv_sbump has 0 polygons
2026-09-09 20:57:28 +0200: Memory Usage (459472K) : passiv_pillar has 0 polygons
2026-09-09 20:57:28 +0200: Memory Usage (459472K) : passiv_pdl has 0 polygons
2026-09-09 20:57:28 +0200: Memory Usage (459472K) : metal2_drw has 1 polygons
2026-09-09 20:57:28 +0200: Memory Usage (459472K) : metal2_pin has 1 polygons
2026-09-09 20:57:28 +0200: Memory Usage (459472K) : metal2_mask has 0 polygons
2026-09-09 20:57:28 +0200: Memory Usage (459472K) : metal2_filler has 0 polygons
2026-09-09 20:57:28 +0200: Memory Usage (459472K) : metal2_nofill has 0 polygons
2026-09-09 20:57:28 +0200: Memory Usage (459472K) : metal2_slit has 0 polygons
2026-09-09 20:57:28 +0200: Memory Usage (459472K) : metal2_text has 1 polygons
2026-09-09 20:57:28 +0200: Memory Usage (459472K) : metal2_opc has 0 polygons
2026-09-09 20:57:28 +0200: Memory Usage (459632K) : metal2_noqrc has 0 polygons
2026-09-09 20:57:28 +0200: Memory Usage (459632K) : metal2_res has 0 polygons
2026-09-09 20:57:28 +0200: Memory Usage (459632K) : metal2_iprobe has 0 polygons
2026-09-09 20:57:28 +0200: Memory Usage (459792K) : metal2_diffprb has 0 polygons
2026-09-09 20:57:28 +0200: Memory Usage (459792K) : baspoly_drw has 0 polygons
2026-09-09 20:57:28 +0200: Memory Usage (459792K) : baspoly_pin has 0 polygons
2026-09-09 20:57:28 +0200: Memory Usage (459792K) : psd_drw has 2 polygons
2026-09-09 20:57:28 +0200: Memory Usage (459952K) : nldb_drw has 0 polygons
2026-09-09 20:57:28 +0200: Memory Usage (459952K) : digibnd_drw has 0 polygons
2026-09-09 20:57:28 +0200: Memory Usage (459952K) : via1_drw has 2 polygons
2026-09-09 20:57:28 +0200: Memory Usage (460112K) : backmetal1_drw has 0 polygons
2026-09-09 20:57:28 +0200: Memory Usage (460112K) : backmetal1_pin has 0 polygons
2026-09-09 20:57:28 +0200: Memory Usage (460112K) : backmetal1_mask has 0 polygons
2026-09-09 20:57:28 +0200: Memory Usage (460272K) : backmetal1_filler has 0 polygons
2026-09-09 20:57:28 +0200: Memory Usage (460272K) : backmetal1_nofill has 0 polygons
2026-09-09 20:57:28 +0200: Memory Usage (460272K) : backmetal1_slit has 0 polygons
2026-09-09 20:57:28 +0200: Memory Usage (460432K) : backmetal1_text has 0 polygons
2026-09-09 20:57:28 +0200: Memory Usage (460432K) : backmetal1_opc has 0 polygons
2026-09-09 20:57:28 +0200: Memory Usage (460432K) : backmetal1_noqrc has 0 polygons
2026-09-09 20:57:28 +0200: Memory Usage (460592K) : backmetal1_res has 0 polygons
2026-09-09 20:57:28 +0200: Memory Usage (460592K) : backmetal1_iprobe has 0 polygons
2026-09-09 20:57:28 +0200: Memory Usage (460752K) : backmetal1_diffprb has 0 polygons
2026-09-09 20:57:28 +0200: Memory Usage (460752K) : backpassiv_drw has 0 polygons
2026-09-09 20:57:28 +0200: Memory Usage (460912K) : res_drw has 0 polygons
2026-09-09 20:57:28 +0200: Memory Usage (460912K) : sram_drw has 0 polygons
2026-09-09 20:57:28 +0200: Memory Usage (461072K) : trans_drw has 0 polygons
2026-09-09 20:57:28 +0200: Memory Usage (461072K) : ind_drw has 0 polygons
2026-09-09 20:57:28 +0200: Memory Usage (461072K) : ind_pin has 0 polygons
2026-09-09 20:57:28 +0200: Memory Usage (461232K) : ind_text has 0 polygons
2026-09-09 20:57:28 +0200: Memory Usage (461232K) : salblock_drw has 0 polygons
2026-09-09 20:57:28 +0200: Memory Usage (461232K) : via2_drw has 0 polygons
2026-09-09 20:57:28 +0200: Memory Usage (461392K) : metal3_drw has 0 polygons
2026-09-09 20:57:28 +0200: Memory Usage (461392K) : metal3_pin has 0 polygons
2026-09-09 20:57:28 +0200: Memory Usage (461392K) : metal3_mask has 0 polygons
2026-09-09 20:57:28 +0200: Memory Usage (461552K) : metal3_filler has 0 polygons
2026-09-09 20:57:28 +0200: Memory Usage (461552K) : metal3_nofill has 0 polygons
2026-09-09 20:57:28 +0200: Memory Usage (461552K) : metal3_slit has 0 polygons
2026-09-09 20:57:28 +0200: Memory Usage (461712K) : metal3_text has 0 polygons
2026-09-09 20:57:28 +0200: Memory Usage (461712K) : metal3_opc has 0 polygons
2026-09-09 20:57:28 +0200: Memory Usage (461872K) : metal3_noqrc has 0 polygons
2026-09-09 20:57:28 +0200: Memory Usage (461872K) : metal3_res has 0 polygons
2026-09-09 20:57:28 +0200: Memory Usage (461872K) : metal3_iprobe has 0 polygons
2026-09-09 20:57:28 +0200: Memory Usage (461872K) : metal3_diffprb has 0 polygons
2026-09-09 20:57:28 +0200: Memory Usage (462032K) : nwell_drw has 1 polygons
2026-09-09 20:57:28 +0200: Memory Usage (462032K) : nwell_pin has 0 polygons
2026-09-09 20:57:28 +0200: Memory Usage (462032K) : nbulay_drw has 0 polygons
2026-09-09 20:57:28 +0200: Memory Usage (462032K) : nbulay_pin has 0 polygons
2026-09-09 20:57:28 +0200: Memory Usage (462192K) : nbulay_block has 0 polygons
2026-09-09 20:57:28 +0200: Memory Usage (462192K) : emwind_drw has 0 polygons
2026-09-09 20:57:28 +0200: Memory Usage (462192K) : emwind_opc has 0 polygons
2026-09-09 20:57:28 +0200: Memory Usage (462192K) : deepco_drw has 0 polygons
2026-09-09 20:57:28 +0200: Memory Usage (462352K) : deepco_drw has 0 polygons
2026-09-09 20:57:28 +0200: Memory Usage (462352K) : mim_drw has 0 polygons
2026-09-09 20:57:28 +0200: Memory Usage (462352K) : edgeseal_drw has 0 polygons
2026-09-09 20:57:28 +0200: Memory Usage (462352K) : edgeseal_bound has 0 polygons
2026-09-09 20:57:28 +0200: Memory Usage (462352K) : substrate_drw has 0 polygons
2026-09-09 20:57:28 +0200: Memory Usage (462512K) : substrate_text has 0 polygons
2026-09-09 20:57:28 +0200: Memory Usage (462512K) : dfpad_drw has 0 polygons
2026-09-09 20:57:28 +0200: Memory Usage (462512K) : dfpad_pillar has 0 polygons
2026-09-09 20:57:28 +0200: Memory Usage (462672K) : dfpad_sbump has 0 polygons
2026-09-09 20:57:28 +0200: Memory Usage (462672K) : thickgateox_drw has 0 polygons
2026-09-09 20:57:28 +0200: Memory Usage (462672K) : pldb_drw has 0 polygons
2026-09-09 20:57:28 +0200: Memory Usage (462832K) : pwell_drw has 0 polygons
2026-09-09 20:57:28 +0200: Memory Usage (462832K) : pwell_pin has 0 polygons
2026-09-09 20:57:28 +0200: Memory Usage (462832K) : pwell_block has 0 polygons
2026-09-09 20:57:28 +0200: Memory Usage (462992K) : ic_drw has 0 polygons
2026-09-09 20:57:28 +0200: Memory Usage (462992K) : via3_drw has 0 polygons
2026-09-09 20:57:28 +0200: Memory Usage (462992K) : metal4_drw has 0 polygons
2026-09-09 20:57:28 +0200: Memory Usage (463152K) : metal4_pin has 0 polygons
2026-09-09 20:57:28 +0200: Memory Usage (463152K) : metal4_mask has 0 polygons
2026-09-09 20:57:28 +0200: Memory Usage (463152K) : metal4_filler has 0 polygons
2026-09-09 20:57:28 +0200: Memory Usage (463312K) : metal4_nofill has 0 polygons
2026-09-09 20:57:28 +0200: Memory Usage (463312K) : metal4_slit has 0 polygons
2026-09-09 20:57:28 +0200: Memory Usage (463312K) : metal4_text has 0 polygons
2026-09-09 20:57:28 +0200: Memory Usage (463472K) : metal4_opc has 0 polygons
2026-09-09 20:57:28 +0200: Memory Usage (463472K) : metal4_noqrc has 0 polygons
2026-09-09 20:57:28 +0200: Memory Usage (463472K) : metal4_res has 0 polygons
2026-09-09 20:57:28 +0200: Memory Usage (463632K) : metal4_iprobe has 0 polygons
2026-09-09 20:57:28 +0200: Memory Usage (463632K) : metal4_diffprb has 0 polygons
2026-09-09 20:57:28 +0200: Memory Usage (463632K) : heattrans_drw has 0 polygons
2026-09-09 20:57:28 +0200: Memory Usage (463792K) : heatres_drw has 0 polygons
2026-09-09 20:57:28 +0200: Memory Usage (463792K) : pempoly_drw has 0 polygons
2026-09-09 20:57:28 +0200: Memory Usage (463952K) : fbe_drw has 0 polygons
2026-09-09 20:57:28 +0200: Memory Usage (463952K) : empoly_drw has 0 polygons
2026-09-09 20:57:28 +0200: Memory Usage (463952K) : ldmos_drw has 0 polygons
2026-09-09 20:57:28 +0200: Memory Usage (463952K) : pbiwind_drw has 0 polygons
2026-09-09 20:57:28 +0200: Memory Usage (464112K) : digisub_drw has 0 polygons
2026-09-09 20:57:28 +0200: Memory Usage (464112K) : nodrc_drw has 0 polygons
2026-09-09 20:57:28 +0200: Memory Usage (464112K) : text_drw has 0 polygons
2026-09-09 20:57:28 +0200: Memory Usage (464112K) : via4_drw has 0 polygons
2026-09-09 20:57:28 +0200: Memory Usage (464272K) : metal5_drw has 0 polygons
2026-09-09 20:57:28 +0200: Memory Usage (464272K) : metal5_pin has 0 polygons
2026-09-09 20:57:28 +0200: Memory Usage (464272K) : metal5_mask has 0 polygons
2026-09-09 20:57:28 +0200: Memory Usage (464272K) : metal5_filler has 0 polygons
2026-09-09 20:57:28 +0200: Memory Usage (464432K) : metal5_nofill has 0 polygons
2026-09-09 20:57:28 +0200: Memory Usage (464432K) : metal5_slit has 0 polygons
2026-09-09 20:57:28 +0200: Memory Usage (464432K) : metal5_text has 0 polygons
2026-09-09 20:57:28 +0200: Memory Usage (464592K) : metal5_opc has 0 polygons
2026-09-09 20:57:28 +0200: Memory Usage (464592K) : metal5_noqrc has 0 polygons
2026-09-09 20:57:28 +0200: Memory Usage (464592K) : metal5_res has 0 polygons
2026-09-09 20:57:28 +0200: Memory Usage (464752K) : metal5_iprobe has 0 polygons
2026-09-09 20:57:28 +0200: Memory Usage (464752K) : metal5_diffprb has 0 polygons
2026-09-09 20:57:28 +0200: Memory Usage (464752K) : radhard_drw has 0 polygons
2026-09-09 20:57:28 +0200: Memory Usage (464912K) : memcap_drw has 0 polygons
2026-09-09 20:57:28 +0200: Memory Usage (464912K) : varicap_drw has 0 polygons
2026-09-09 20:57:28 +0200: Memory Usage (464912K) : flash_drw has 0 polygons
2026-09-09 20:57:28 +0200: Memory Usage (465072K) : intbondvia_drw has 0 polygons
2026-09-09 20:57:28 +0200: Memory Usage (465072K) : intbondmet_drw has 0 polygons
2026-09-09 20:57:28 +0200: Memory Usage (465072K) : devbondvia_drw has 0 polygons
2026-09-09 20:57:28 +0200: Memory Usage (465232K) : devbondmet_drw has 0 polygons
2026-09-09 20:57:28 +0200: Memory Usage (465232K) : devtrench_drw has 0 polygons
2026-09-09 20:57:28 +0200: Memory Usage (465232K) : redist_drw has 0 polygons
2026-09-09 20:57:28 +0200: Memory Usage (465392K) : graphbot_drw has 0 polygons
2026-09-09 20:57:28 +0200: Memory Usage (465392K) : graphtop_drw has 0 polygons
2026-09-09 20:57:28 +0200: Memory Usage (465392K) : antvia1_drw has 0 polygons
2026-09-09 20:57:28 +0200: Memory Usage (465552K) : antmetal2_drw has 0 polygons
2026-09-09 20:57:28 +0200: Memory Usage (465552K) : graphcont_drw has 0 polygons
2026-09-09 20:57:28 +0200: Memory Usage (465712K) : siwg_drw has 0 polygons
2026-09-09 20:57:28 +0200: Memory Usage (465712K) : siwg_filler has 0 polygons
2026-09-09 20:57:28 +0200: Memory Usage (465712K) : siwg_nofill has 0 polygons
2026-09-09 20:57:28 +0200: Memory Usage (465712K) : sigrating_drw has 0 polygons
2026-09-09 20:57:28 +0200: Memory Usage (465872K) : singrating_drw has 0 polygons
2026-09-09 20:57:28 +0200: Memory Usage (465872K) : graphpas_drw has 0 polygons
2026-09-09 20:57:28 +0200: Memory Usage (465872K) : emwind3_drw has 0 polygons
2026-09-09 20:57:28 +0200: Memory Usage (465872K) : emwihv3_drw has 0 polygons
2026-09-09 20:57:28 +0200: Memory Usage (466032K) : redbulay_drw has 0 polygons
2026-09-09 20:57:28 +0200: Memory Usage (466032K) : smos_drw has 0 polygons
2026-09-09 20:57:28 +0200: Memory Usage (466032K) : graphpad_drw has 0 polygons
2026-09-09 20:57:28 +0200: Memory Usage (466032K) : polimide_drw has 0 polygons
2026-09-09 20:57:28 +0200: Memory Usage (466192K) : polimide_pin has 0 polygons
2026-09-09 20:57:28 +0200: Memory Usage (466192K) : recog_drw has 0 polygons
2026-09-09 20:57:28 +0200: Memory Usage (466192K) : recog_pin has 0 polygons
2026-09-09 20:57:28 +0200: Memory Usage (466352K) : recog_esd has 0 polygons
2026-09-09 20:57:28 +0200: Memory Usage (466352K) : recog_diode has 0 polygons
2026-09-09 20:57:28 +0200: Memory Usage (466352K) : recog_tsv has 0 polygons
2026-09-09 20:57:28 +0200: Memory Usage (466512K) : recog_iprobe has 0 polygons
2026-09-09 20:57:28 +0200: Memory Usage (466512K) : recog_diffprb has 0 polygons
2026-09-09 20:57:28 +0200: Memory Usage (466512K) : recog_pillar has 0 polygons
2026-09-09 20:57:28 +0200: Memory Usage (466672K) : recog_sbump has 0 polygons
2026-09-09 20:57:28 +0200: Memory Usage (466672K) : recog_otp has 0 polygons
2026-09-09 20:57:28 +0200: Memory Usage (466672K) : recog_pdiode has 0 polygons
2026-09-09 20:57:28 +0200: Memory Usage (466832K) : recog_mom has 0 polygons
2026-09-09 20:57:28 +0200: Memory Usage (466832K) : recog_pcm has 0 polygons
2026-09-09 20:57:28 +0200: Memory Usage (466832K) : colopen_drw has 0 polygons
2026-09-09 20:57:28 +0200: Memory Usage (466992K) : graphmetal1_drw has 0 polygons
2026-09-09 20:57:28 +0200: Memory Usage (466992K) : graphmetal1_filler has 0 polygons
2026-09-09 20:57:28 +0200: Memory Usage (466992K) : graphmetal1_nofill has 0 polygons
2026-09-09 20:57:28 +0200: Memory Usage (467152K) : graphmetal1_slit has 0 polygons
2026-09-09 20:57:28 +0200: Memory Usage (467152K) : graphmetal1_opc has 0 polygons
2026-09-09 20:57:28 +0200: Memory Usage (467152K) : graphmet1l_drw has 0 polygons
2026-09-09 20:57:28 +0200: Memory Usage (467312K) : graphmet1l_filler has 0 polygons
2026-09-09 20:57:28 +0200: Memory Usage (467312K) : graphmet1l_nofill has 0 polygons
2026-09-09 20:57:28 +0200: Memory Usage (467312K) : graphmet1l_slit has 0 polygons
2026-09-09 20:57:28 +0200: Memory Usage (467472K) : graphmet1l_opc has 0 polygons
2026-09-09 20:57:28 +0200: Memory Usage (467472K) : extblock_drw has 0 polygons
2026-09-09 20:57:28 +0200: Memory Usage (467472K) : nldd_drw has 0 polygons
2026-09-09 20:57:28 +0200: Memory Usage (467632K) : pldd_drw has 0 polygons
2026-09-09 20:57:28 +0200: Memory Usage (467632K) : next_drw has 0 polygons
2026-09-09 20:57:28 +0200: Memory Usage (467632K) : pext_drw has 0 polygons
2026-09-09 20:57:28 +0200: Memory Usage (467792K) : nexthv_drw has 0 polygons
2026-09-09 20:57:28 +0200: Memory Usage (467792K) : pexthv_drw has 0 polygons
2026-09-09 20:57:28 +0200: Memory Usage (467792K) : graphgate_drw has 0 polygons
2026-09-09 20:57:28 +0200: Memory Usage (467952K) : sinwg_drw has 0 polygons
2026-09-09 20:57:28 +0200: Memory Usage (467952K) : sinwg_filler has 0 polygons
2026-09-09 20:57:28 +0200: Memory Usage (467952K) : sinwg_nofill has 0 polygons
2026-09-09 20:57:28 +0200: Memory Usage (468112K) : mempad_drw has 0 polygons
2026-09-09 20:57:28 +0200: Memory Usage (468112K) : topvia1_drw has 0 polygons
2026-09-09 20:57:28 +0200: Memory Usage (468112K) : topmetal1_drw has 0 polygons
2026-09-09 20:57:28 +0200: Memory Usage (468112K) : topmetal1_pin has 0 polygons
2026-09-09 20:57:28 +0200: Memory Usage (468112K) : topmetal1_mask has 0 polygons
2026-09-09 20:57:28 +0200: Memory Usage (468112K) : topmetal1_filler has 0 polygons
2026-09-09 20:57:28 +0200: Memory Usage (468112K) : topmetal1_nofill has 0 polygons
2026-09-09 20:57:28 +0200: Memory Usage (468112K) : topmetal1_slit has 0 polygons
2026-09-09 20:57:28 +0200: Memory Usage (468112K) : topmetal1_text has 0 polygons
2026-09-09 20:57:28 +0200: Memory Usage (468112K) : topmetal1_noqrc has 0 polygons
2026-09-09 20:57:28 +0200: Memory Usage (468272K) : topmetal1_res has 0 polygons
2026-09-09 20:57:28 +0200: Memory Usage (468272K) : topmetal1_iprobe has 0 polygons
2026-09-09 20:57:28 +0200: Memory Usage (468272K) : topmetal1_diffprb has 0 polygons
2026-09-09 20:57:28 +0200: Memory Usage (468432K) : inldpwl_drw has 0 polygons
2026-09-09 20:57:28 +0200: Memory Usage (468432K) : polyres_drw has 0 polygons
2026-09-09 20:57:28 +0200: Memory Usage (468432K) : polyres_pin has 0 polygons
2026-09-09 20:57:28 +0200: Memory Usage (468592K) : vmim_drw has 0 polygons
2026-09-09 20:57:28 +0200: Memory Usage (468592K) : nbulaycut_drw has 0 polygons
2026-09-09 20:57:28 +0200: Memory Usage (468592K) : antmetal1_drw has 0 polygons
2026-09-09 20:57:28 +0200: Memory Usage (468752K) : topvia2_drw has 0 polygons
2026-09-09 20:57:28 +0200: Memory Usage (468752K) : topmetal2_drw has 0 polygons
2026-09-09 20:57:28 +0200: Memory Usage (468752K) : topmetal2_pin has 0 polygons
2026-09-09 20:57:28 +0200: Memory Usage (468912K) : topmetal2_mask has 0 polygons
2026-09-09 20:57:28 +0200: Memory Usage (468912K) : topmetal2_filler has 0 polygons
2026-09-09 20:57:28 +0200: Memory Usage (468912K) : topmetal2_nofill has 0 polygons
2026-09-09 20:57:28 +0200: Memory Usage (469072K) : topmetal2_slit has 0 polygons
2026-09-09 20:57:28 +0200: Memory Usage (469072K) : topmetal2_text has 0 polygons
2026-09-09 20:57:28 +0200: Memory Usage (469072K) : topmetal2_noqrc has 0 polygons
2026-09-09 20:57:28 +0200: Memory Usage (469232K) : topmetal2_res has 0 polygons
2026-09-09 20:57:28 +0200: Memory Usage (469232K) : topmetal2_iprobe has 0 polygons
2026-09-09 20:57:28 +0200: Memory Usage (469392K) : topmetal2_diffprb has 0 polygons
2026-09-09 20:57:28 +0200: Memory Usage (469392K) : snsring_drw has 0 polygons
2026-09-09 20:57:28 +0200: Memory Usage (469392K) : sensor_drw has 0 polygons
2026-09-09 20:57:28 +0200: Memory Usage (469392K) : snsarms_drw has 0 polygons
2026-09-09 20:57:28 +0200: Memory Usage (469552K) : snscmosvia_drw has 0 polygons
2026-09-09 20:57:28 +0200: Memory Usage (469552K) : colwind_drw has 0 polygons
2026-09-09 20:57:28 +0200: Memory Usage (469552K) : flm_drw has 0 polygons
2026-09-09 20:57:28 +0200: Memory Usage (469712K) : hafniumox_drw has 0 polygons
2026-09-09 20:57:28 +0200: Memory Usage (469712K) : memvia_drw has 0 polygons
2026-09-09 20:57:28 +0200: Memory Usage (469712K) : thinfilmres_drw has 0 polygons
2026-09-09 20:57:28 +0200: Memory Usage (469872K) : rfmem_drw has 0 polygons
2026-09-09 20:57:28 +0200: Memory Usage (469872K) : norcx_drw has 0 polygons
2026-09-09 20:57:28 +0200: Memory Usage (469872K) : norcx_m2m3 has 0 polygons
2026-09-09 20:57:28 +0200: Memory Usage (470032K) : norcx_m2m4 has 0 polygons
2026-09-09 20:57:28 +0200: Memory Usage (470032K) : norcx_m2m5 has 0 polygons
2026-09-09 20:57:28 +0200: Memory Usage (470192K) : norcx_m2tm1 has 0 polygons
2026-09-09 20:57:28 +0200: Memory Usage (470192K) : norcx_m2tm2 has 0 polygons
2026-09-09 20:57:28 +0200: Memory Usage (470192K) : norcx_m3m4 has 0 polygons
2026-09-09 20:57:28 +0200: Memory Usage (470352K) : norcx_m3m5 has 0 polygons
2026-09-09 20:57:28 +0200: Memory Usage (470352K) : norcx_m3tm1 has 0 polygons
2026-09-09 20:57:28 +0200: Memory Usage (470352K) : norcx_m3tm2 has 0 polygons
2026-09-09 20:57:28 +0200: Memory Usage (470512K) : norcx_m4m5 has 0 polygons
2026-09-09 20:57:28 +0200: Memory Usage (470512K) : norcx_m4tm1 has 0 polygons
2026-09-09 20:57:28 +0200: Memory Usage (470512K) : norcx_m4tm2 has 0 polygons
2026-09-09 20:57:28 +0200: Memory Usage (470672K) : norcx_m5tm1 has 0 polygons
2026-09-09 20:57:28 +0200: Memory Usage (470672K) : norcx_m5tm2 has 0 polygons
2026-09-09 20:57:28 +0200: Memory Usage (470672K) : norcx_tm1tm2 has 0 polygons
2026-09-09 20:57:28 +0200: Memory Usage (470832K) : norcx_m1sub has 0 polygons
2026-09-09 20:57:28 +0200: Memory Usage (470832K) : norcx_m2sub has 0 polygons
2026-09-09 20:57:28 +0200: Memory Usage (470832K) : norcx_m3sub has 0 polygons
2026-09-09 20:57:28 +0200: Memory Usage (470992K) : norcx_m4sub has 0 polygons
2026-09-09 20:57:28 +0200: Memory Usage (470992K) : norcx_m5sub has 0 polygons
2026-09-09 20:57:28 +0200: Memory Usage (470992K) : norcx_tm1sub has 0 polygons
2026-09-09 20:57:28 +0200: Memory Usage (471152K) : norcx_tm2sub has 0 polygons
2026-09-09 20:57:28 +0200: Memory Usage (471152K) : snsbotvia_drw has 0 polygons
2026-09-09 20:57:28 +0200: Memory Usage (471152K) : snstopvia_drw has 0 polygons
2026-09-09 20:57:28 +0200: Memory Usage (471312K) : deepvia_drw has 0 polygons
2026-09-09 20:57:28 +0200: Memory Usage (471312K) : fgetch_drw has 0 polygons
2026-09-09 20:57:28 +0200: Memory Usage (471312K) : ctrgat_drw has 0 polygons
2026-09-09 20:57:28 +0200: Memory Usage (471472K) : fgimp_drw has 0 polygons
2026-09-09 20:57:28 +0200: Memory Usage (471472K) : emwihv_drw has 0 polygons
2026-09-09 20:57:28 +0200: Memory Usage (471472K) : lbe_drw has 0 polygons
2026-09-09 20:57:28 +0200: Memory Usage (471632K) : alcustop_drw has 0 polygons
2026-09-09 20:57:28 +0200: Memory Usage (471632K) : nometfiller_drw has 0 polygons
2026-09-09 20:57:28 +0200: Memory Usage (471632K) : prboundary_drw has 0 polygons
2026-09-09 20:57:28 +0200: Memory Usage (471792K) : exchange0_drw has 0 polygons
2026-09-09 20:57:28 +0200: Memory Usage (471792K) : exchange0_pin has 0 polygons
2026-09-09 20:57:28 +0200: Memory Usage (471792K) : exchange0_text has 0 polygons
2026-09-09 20:57:28 +0200: Memory Usage (471952K) : exchange1_drw has 0 polygons
2026-09-09 20:57:28 +0200: Memory Usage (471952K) : exchange1_pin has 0 polygons
2026-09-09 20:57:28 +0200: Memory Usage (471952K) : exchange1_text has 0 polygons
2026-09-09 20:57:28 +0200: Memory Usage (472112K) : exchange2_drw has 0 polygons
2026-09-09 20:57:28 +0200: Memory Usage (472112K) : exchange2_pin has 0 polygons
2026-09-09 20:57:28 +0200: Memory Usage (472112K) : exchange2_text has 0 polygons
2026-09-09 20:57:28 +0200: Memory Usage (472112K) : exchange3_drw has 0 polygons
2026-09-09 20:57:28 +0200: Memory Usage (472272K) : exchange3_pin has 0 polygons
2026-09-09 20:57:28 +0200: Memory Usage (472272K) : exchange3_text has 0 polygons
2026-09-09 20:57:28 +0200: Memory Usage (472272K) : exchange4_drw has 0 polygons
2026-09-09 20:57:28 +0200: Memory Usage (472432K) : exchange4_pin has 0 polygons
2026-09-09 20:57:28 +0200: Memory Usage (472432K) : exchange4_text has 0 polygons
2026-09-09 20:57:28 +0200: Memory Usage (472432K) : isonwell_drw has 0 polygons
2026-09-09 20:57:28 +0200: Memory Usage (472432K) : Total no. of polygons in the design is 99
2026-09-09 20:57:28 +0200: Memory Usage (472592K) : Loaded TECH DRC rules values from /foss/pdks/ihp-sg13g2/libs.tech/klayout/python/sg13g2_pycell_lib/sg13g2_tech_mod.json
2026-09-09 20:57:28 +0200: Memory Usage (472592K) : Loaded default DRC rules values from /foss/pdks/ihp-sg13g2/libs.tech/klayout/tech/drc/rule_decks/sg13g2_tech_default.json
2026-09-09 20:57:28 +0200: Memory Usage (472592K) : The following rules values were missing in tech json and default values were used:
2026-09-09 20:57:28 +0200: Memory Usage (472592K) :   - NW_f1_digibnd
2026-09-09 20:57:28 +0200: Memory Usage (472592K) :   - Cnt_c_digibnd
2026-09-09 20:57:28 +0200: Memory Usage (472592K) :   - Cnt_c_sram
2026-09-09 20:57:28 +0200: Memory Usage (472592K) :   - Sdiod_b
2026-09-09 20:57:28 +0200: Memory Usage (472592K) :   - Sdiod_c
2026-09-09 20:57:28 +0200: Memory Usage (473764K) : Total area of the design is 18.9648 um^2.
2026-09-09 20:57:28 +0200: Memory Usage (473764K) : The design dimensions are 4.32 µm * 4.39 µm.
2026-09-09 20:57:28 +0200: Memory Usage (473764K) : Starting general IHP-SG13G2 derivations.
2026-09-09 20:57:28 +0200: Memory Usage (473764K) : Starting Pwell derivations
2026-09-09 20:57:28 +0200: Memory Usage (475824K) : Starting IHP-SG13G2 DRC rules.
2026-09-09 20:57:28 +0200: Memory Usage (475824K) : Starting 5.7. ThickGateOx table
2026-09-09 20:57:28 +0200: Memory Usage (475824K) : Executing rule TGO.f
2026-09-09 20:57:28 +0200: Memory Usage (476024K) : KLayout DRC run for tables 'thickgateox' completed in 0.19 seconds
