# Logfile created on 2026-09-09 20:57:29 +0200 by logger.rb/v1.5.3
2026-09-09 20:57:29 +0200: Memory Usage (456984K) : Starting running IHP-SG13G2 KLayout DRC runset on /foss/designs/aion_chip/flow/regress/AION_nand2_o21ai_0/AION_nand2_o21ai_0.gds
2026-09-09 20:57:29 +0200: Memory Usage (456984K) : Ruby Version for klayout: 3.2.3
2026-09-09 20:57:29 +0200: Memory Usage (458340K) : Loading database to memory is complete.
2026-09-09 20:57:29 +0200: Memory Usage (458340K) : IHP-SG13G2 KLayout DRC runset output at: /foss/designs/aion_chip/flow/regress/AION_nand2_o21ai_0/drc/AION_nand2_o21ai_0.klayout.drc/AION_nand2_o21ai_0_AION_nand2_o21ai_0_metaln.lyrdb
2026-09-09 20:57:29 +0200: Memory Usage (458340K) : Evaluate switches.
2026-09-09 20:57:29 +0200: Memory Usage (458340K) : tables selected: metaln
2026-09-09 20:57:29 +0200: Memory Usage (458340K) : KLayout will use 15 thread(s) in tiling mode.
2026-09-09 20:57:29 +0200: Memory Usage (458340K) : deep mode is enabled.
2026-09-09 20:57:29 +0200: Memory Usage (458340K) : FEOL enabled: false
2026-09-09 20:57:29 +0200: Memory Usage (458340K) : BEOL enabled: false
2026-09-09 20:57:29 +0200: Memory Usage (458340K) : OFFGRID enabled: true
2026-09-09 20:57:29 +0200: Memory Usage (458340K) : ANGLE enabled: true
2026-09-09 20:57:29 +0200: Memory Usage (458340K) : PIN enabled: false
2026-09-09 20:57:29 +0200: Memory Usage (458340K) : FORBIDDEN enabled: false
2026-09-09 20:57:29 +0200: Memory Usage (458340K) : RECOMMENDED enabled: true
2026-09-09 20:57:29 +0200: Memory Usage (458340K) : PreCheck DRC enabled: false
2026-09-09 20:57:29 +0200: Memory Usage (458340K) : CONNECTIVITY_RULES enabled: false.
2026-09-09 20:57:29 +0200: Memory Usage (458340K) : Read in polygons from layers.
2026-09-09 20:57:29 +0200: Memory Usage (459300K) : activ_drw has 5 polygons
2026-09-09 20:57:29 +0200: Memory Usage (459300K) : activ_pin has 0 polygons
2026-09-09 20:57:29 +0200: Memory Usage (459300K) : activ_mask has 0 polygons
2026-09-09 20:57:29 +0200: Memory Usage (459300K) : activ_filler has 0 polygons
2026-09-09 20:57:29 +0200: Memory Usage (459300K) : activ_nofill has 0 polygons
2026-09-09 20:57:29 +0200: Memory Usage (459300K) : activ_opc has 0 polygons
2026-09-09 20:57:29 +0200: Memory Usage (459300K) : activ_iopc has 0 polygons
2026-09-09 20:57:29 +0200: Memory Usage (459300K) : activ_noqrc has 0 polygons
2026-09-09 20:57:29 +0200: Memory Usage (459300K) : biwind_drw has 0 polygons
2026-09-09 20:57:29 +0200: Memory Usage (459300K) : biwind_opc has 0 polygons
2026-09-09 20:57:29 +0200: Memory Usage (459300K) : pemwind_drw has 0 polygons
2026-09-09 20:57:29 +0200: Memory Usage (459300K) : gatpoly_drw has 10 polygons
2026-09-09 20:57:29 +0200: Memory Usage (459300K) : gatpoly_pin has 0 polygons
2026-09-09 20:57:29 +0200: Memory Usage (459300K) : gatpoly_filler has 0 polygons
2026-09-09 20:57:29 +0200: Memory Usage (459300K) : gatpoly_nofill has 0 polygons
2026-09-09 20:57:29 +0200: Memory Usage (459300K) : gatpoly_opc has 0 polygons
2026-09-09 20:57:29 +0200: Memory Usage (459300K) : gatpoly_iopc has 0 polygons
2026-09-09 20:57:29 +0200: Memory Usage (459300K) : gatpoly_noqrc has 0 polygons
2026-09-09 20:57:29 +0200: Memory Usage (459300K) : cont_drw has 41 polygons
2026-09-09 20:57:29 +0200: Memory Usage (459460K) : cont_opc has 0 polygons
2026-09-09 20:57:29 +0200: Memory Usage (459460K) : nsd_drw has 0 polygons
2026-09-09 20:57:29 +0200: Memory Usage (459460K) : nsd_block has 0 polygons
2026-09-09 20:57:29 +0200: Memory Usage (459460K) : metal1_drw has 23 polygons
2026-09-09 20:57:29 +0200: Memory Usage (459460K) : metal1_pin has 6 polygons
2026-09-09 20:57:29 +0200: Memory Usage (459620K) : metal1_mask has 0 polygons
2026-09-09 20:57:29 +0200: Memory Usage (459620K) : metal1_filler has 0 polygons
2026-09-09 20:57:29 +0200: Memory Usage (459620K) : metal1_nofill has 0 polygons
2026-09-09 20:57:29 +0200: Memory Usage (459780K) : metal1_slit has 0 polygons
2026-09-09 20:57:29 +0200: Memory Usage (459972K) : metal1_text has 6 polygons
2026-09-09 20:57:29 +0200: Memory Usage (459972K) : metal1_opc has 0 polygons
2026-09-09 20:57:29 +0200: Memory Usage (460132K) : metal1_noqrc has 0 polygons
2026-09-09 20:57:29 +0200: Memory Usage (460132K) : metal1_res has 0 polygons
2026-09-09 20:57:29 +0200: Memory Usage (460132K) : metal1_iprobe has 0 polygons
2026-09-09 20:57:29 +0200: Memory Usage (460292K) : metal1_diffprb has 0 polygons
2026-09-09 20:57:29 +0200: Memory Usage (460292K) : passiv_drw has 0 polygons
2026-09-09 20:57:29 +0200: Memory Usage (460292K) : passiv_pin has 0 polygons
2026-09-09 20:57:29 +0200: Memory Usage (460452K) : passiv_sbump has 0 polygons
2026-09-09 20:57:29 +0200: Memory Usage (460452K) : passiv_pillar has 0 polygons
2026-09-09 20:57:29 +0200: Memory Usage (460452K) : passiv_pdl has 0 polygons
2026-09-09 20:57:29 +0200: Memory Usage (460452K) : metal2_drw has 1 polygons
2026-09-09 20:57:29 +0200: Memory Usage (460612K) : metal2_pin has 1 polygons
2026-09-09 20:57:29 +0200: Memory Usage (460612K) : metal2_mask has 0 polygons
2026-09-09 20:57:29 +0200: Memory Usage (460612K) : metal2_filler has 0 polygons
2026-09-09 20:57:29 +0200: Memory Usage (460612K) : metal2_nofill has 0 polygons
2026-09-09 20:57:29 +0200: Memory Usage (460612K) : metal2_slit has 0 polygons
2026-09-09 20:57:29 +0200: Memory Usage (460612K) : metal2_text has 1 polygons
2026-09-09 20:57:29 +0200: Memory Usage (460612K) : metal2_opc has 0 polygons
2026-09-09 20:57:29 +0200: Memory Usage (460772K) : metal2_noqrc has 0 polygons
2026-09-09 20:57:29 +0200: Memory Usage (460772K) : metal2_res has 0 polygons
2026-09-09 20:57:29 +0200: Memory Usage (460772K) : metal2_iprobe has 0 polygons
2026-09-09 20:57:29 +0200: Memory Usage (460772K) : metal2_diffprb has 0 polygons
2026-09-09 20:57:29 +0200: Memory Usage (460772K) : baspoly_drw has 0 polygons
2026-09-09 20:57:29 +0200: Memory Usage (460772K) : baspoly_pin has 0 polygons
2026-09-09 20:57:29 +0200: Memory Usage (460932K) : psd_drw has 2 polygons
2026-09-09 20:57:29 +0200: Memory Usage (460932K) : nldb_drw has 0 polygons
2026-09-09 20:57:29 +0200: Memory Usage (460932K) : digibnd_drw has 0 polygons
2026-09-09 20:57:29 +0200: Memory Usage (461092K) : via1_drw has 2 polygons
2026-09-09 20:57:29 +0200: Memory Usage (461092K) : backmetal1_drw has 0 polygons
2026-09-09 20:57:29 +0200: Memory Usage (461092K) : backmetal1_pin has 0 polygons
2026-09-09 20:57:29 +0200: Memory Usage (461252K) : backmetal1_mask has 0 polygons
2026-09-09 20:57:29 +0200: Memory Usage (461252K) : backmetal1_filler has 0 polygons
2026-09-09 20:57:29 +0200: Memory Usage (461252K) : backmetal1_nofill has 0 polygons
2026-09-09 20:57:29 +0200: Memory Usage (461412K) : backmetal1_slit has 0 polygons
2026-09-09 20:57:29 +0200: Memory Usage (461412K) : backmetal1_text has 0 polygons
2026-09-09 20:57:29 +0200: Memory Usage (461572K) : backmetal1_opc has 0 polygons
2026-09-09 20:57:29 +0200: Memory Usage (461572K) : backmetal1_noqrc has 0 polygons
2026-09-09 20:57:29 +0200: Memory Usage (461732K) : backmetal1_res has 0 polygons
2026-09-09 20:57:29 +0200: Memory Usage (461732K) : backmetal1_iprobe has 0 polygons
2026-09-09 20:57:29 +0200: Memory Usage (461892K) : backmetal1_diffprb has 0 polygons
2026-09-09 20:57:29 +0200: Memory Usage (461892K) : backpassiv_drw has 0 polygons
2026-09-09 20:57:29 +0200: Memory Usage (461892K) : res_drw has 0 polygons
2026-09-09 20:57:29 +0200: Memory Usage (462052K) : sram_drw has 0 polygons
2026-09-09 20:57:29 +0200: Memory Usage (462052K) : trans_drw has 0 polygons
2026-09-09 20:57:29 +0200: Memory Usage (462052K) : ind_drw has 0 polygons
2026-09-09 20:57:29 +0200: Memory Usage (462212K) : ind_pin has 0 polygons
2026-09-09 20:57:29 +0200: Memory Usage (462212K) : ind_text has 0 polygons
2026-09-09 20:57:29 +0200: Memory Usage (462212K) : salblock_drw has 0 polygons
2026-09-09 20:57:29 +0200: Memory Usage (462372K) : via2_drw has 0 polygons
2026-09-09 20:57:29 +0200: Memory Usage (462372K) : metal3_drw has 0 polygons
2026-09-09 20:57:29 +0200: Memory Usage (462372K) : metal3_pin has 0 polygons
2026-09-09 20:57:29 +0200: Memory Usage (462532K) : metal3_mask has 0 polygons
2026-09-09 20:57:29 +0200: Memory Usage (462532K) : metal3_filler has 0 polygons
2026-09-09 20:57:29 +0200: Memory Usage (462532K) : metal3_nofill has 0 polygons
2026-09-09 20:57:29 +0200: Memory Usage (462692K) : metal3_slit has 0 polygons
2026-09-09 20:57:29 +0200: Memory Usage (462692K) : metal3_text has 0 polygons
2026-09-09 20:57:29 +0200: Memory Usage (462852K) : metal3_opc has 0 polygons
2026-09-09 20:57:29 +0200: Memory Usage (462852K) : metal3_noqrc has 0 polygons
2026-09-09 20:57:29 +0200: Memory Usage (463012K) : metal3_res has 0 polygons
2026-09-09 20:57:29 +0200: Memory Usage (463012K) : metal3_iprobe has 0 polygons
2026-09-09 20:57:29 +0200: Memory Usage (463012K) : metal3_diffprb has 0 polygons
2026-09-09 20:57:29 +0200: Memory Usage (463012K) : nwell_drw has 1 polygons
2026-09-09 20:57:29 +0200: Memory Usage (463012K) : nwell_pin has 0 polygons
2026-09-09 20:57:29 +0200: Memory Usage (463172K) : nbulay_drw has 0 polygons
2026-09-09 20:57:29 +0200: Memory Usage (463172K) : nbulay_pin has 0 polygons
2026-09-09 20:57:29 +0200: Memory Usage (463172K) : nbulay_block has 0 polygons
2026-09-09 20:57:29 +0200: Memory Usage (463172K) : emwind_drw has 0 polygons
2026-09-09 20:57:29 +0200: Memory Usage (463332K) : emwind_opc has 0 polygons
2026-09-09 20:57:29 +0200: Memory Usage (463332K) : deepco_drw has 0 polygons
2026-09-09 20:57:29 +0200: Memory Usage (463332K) : deepco_drw has 0 polygons
2026-09-09 20:57:29 +0200: Memory Usage (463332K) : mim_drw has 0 polygons
2026-09-09 20:57:29 +0200: Memory Usage (463492K) : edgeseal_drw has 0 polygons
2026-09-09 20:57:29 +0200: Memory Usage (463492K) : edgeseal_bound has 0 polygons
2026-09-09 20:57:29 +0200: Memory Usage (463492K) : substrate_drw has 0 polygons
2026-09-09 20:57:29 +0200: Memory Usage (463492K) : substrate_text has 0 polygons
2026-09-09 20:57:29 +0200: Memory Usage (463652K) : dfpad_drw has 0 polygons
2026-09-09 20:57:29 +0200: Memory Usage (463652K) : dfpad_pillar has 0 polygons
2026-09-09 20:57:29 +0200: Memory Usage (463652K) : dfpad_sbump has 0 polygons
2026-09-09 20:57:29 +0200: Memory Usage (463652K) : thickgateox_drw has 0 polygons
2026-09-09 20:57:29 +0200: Memory Usage (463812K) : pldb_drw has 0 polygons
2026-09-09 20:57:29 +0200: Memory Usage (463812K) : pwell_drw has 0 polygons
2026-09-09 20:57:29 +0200: Memory Usage (463972K) : pwell_pin has 0 polygons
2026-09-09 20:57:29 +0200: Memory Usage (463972K) : pwell_block has 0 polygons
2026-09-09 20:57:29 +0200: Memory Usage (463972K) : ic_drw has 0 polygons
2026-09-09 20:57:29 +0200: Memory Usage (464132K) : via3_drw has 0 polygons
2026-09-09 20:57:29 +0200: Memory Usage (464132K) : metal4_drw has 0 polygons
2026-09-09 20:57:29 +0200: Memory Usage (464132K) : metal4_pin has 0 polygons
2026-09-09 20:57:29 +0200: Memory Usage (464292K) : metal4_mask has 0 polygons
2026-09-09 20:57:29 +0200: Memory Usage (464292K) : metal4_filler has 0 polygons
2026-09-09 20:57:29 +0200: Memory Usage (464292K) : metal4_nofill has 0 polygons
2026-09-09 20:57:29 +0200: Memory Usage (464452K) : metal4_slit has 0 polygons
2026-09-09 20:57:29 +0200: Memory Usage (464452K) : metal4_text has 0 polygons
2026-09-09 20:57:29 +0200: Memory Usage (464452K) : metal4_opc has 0 polygons
2026-09-09 20:57:29 +0200: Memory Usage (464612K) : metal4_noqrc has 0 polygons
2026-09-09 20:57:29 +0200: Memory Usage (464612K) : metal4_res has 0 polygons
2026-09-09 20:57:29 +0200: Memory Usage (464612K) : metal4_iprobe has 0 polygons
2026-09-09 20:57:29 +0200: Memory Usage (464772K) : metal4_diffprb has 0 polygons
2026-09-09 20:57:29 +0200: Memory Usage (464772K) : heattrans_drw has 0 polygons
2026-09-09 20:57:29 +0200: Memory Usage (464772K) : heatres_drw has 0 polygons
2026-09-09 20:57:29 +0200: Memory Usage (464932K) : pempoly_drw has 0 polygons
2026-09-09 20:57:29 +0200: Memory Usage (464932K) : fbe_drw has 0 polygons
2026-09-09 20:57:29 +0200: Memory Usage (464932K) : empoly_drw has 0 polygons
2026-09-09 20:57:29 +0200: Memory Usage (465092K) : ldmos_drw has 0 polygons
2026-09-09 20:57:29 +0200: Memory Usage (465092K) : pbiwind_drw has 0 polygons
2026-09-09 20:57:29 +0200: Memory Usage (465092K) : digisub_drw has 0 polygons
2026-09-09 20:57:29 +0200: Memory Usage (465092K) : nodrc_drw has 0 polygons
2026-09-09 20:57:29 +0200: Memory Usage (465252K) : text_drw has 0 polygons
2026-09-09 20:57:29 +0200: Memory Usage (465252K) : via4_drw has 0 polygons
2026-09-09 20:57:29 +0200: Memory Usage (465252K) : metal5_drw has 0 polygons
2026-09-09 20:57:29 +0200: Memory Usage (465252K) : metal5_pin has 0 polygons
2026-09-09 20:57:29 +0200: Memory Usage (465412K) : metal5_mask has 0 polygons
2026-09-09 20:57:29 +0200: Memory Usage (465412K) : metal5_filler has 0 polygons
2026-09-09 20:57:29 +0200: Memory Usage (465412K) : metal5_nofill has 0 polygons
2026-09-09 20:57:29 +0200: Memory Usage (465572K) : metal5_slit has 0 polygons
2026-09-09 20:57:29 +0200: Memory Usage (465572K) : metal5_text has 0 polygons
2026-09-09 20:57:29 +0200: Memory Usage (465572K) : metal5_opc has 0 polygons
2026-09-09 20:57:29 +0200: Memory Usage (465732K) : metal5_noqrc has 0 polygons
2026-09-09 20:57:29 +0200: Memory Usage (465732K) : metal5_res has 0 polygons
2026-09-09 20:57:29 +0200: Memory Usage (465732K) : metal5_iprobe has 0 polygons
2026-09-09 20:57:29 +0200: Memory Usage (465892K) : metal5_diffprb has 0 polygons
2026-09-09 20:57:29 +0200: Memory Usage (465892K) : radhard_drw has 0 polygons
2026-09-09 20:57:29 +0200: Memory Usage (465892K) : memcap_drw has 0 polygons
2026-09-09 20:57:29 +0200: Memory Usage (466052K) : varicap_drw has 0 polygons
2026-09-09 20:57:29 +0200: Memory Usage (466052K) : flash_drw has 0 polygons
2026-09-09 20:57:29 +0200: Memory Usage (466052K) : intbondvia_drw has 0 polygons
2026-09-09 20:57:29 +0200: Memory Usage (466212K) : intbondmet_drw has 0 polygons
2026-09-09 20:57:29 +0200: Memory Usage (466212K) : devbondvia_drw has 0 polygons
2026-09-09 20:57:29 +0200: Memory Usage (466212K) : devbondmet_drw has 0 polygons
2026-09-09 20:57:29 +0200: Memory Usage (466372K) : devtrench_drw has 0 polygons
2026-09-09 20:57:29 +0200: Memory Usage (466372K) : redist_drw has 0 polygons
2026-09-09 20:57:29 +0200: Memory Usage (466372K) : graphbot_drw has 0 polygons
2026-09-09 20:57:29 +0200: Memory Usage (466532K) : graphtop_drw has 0 polygons
2026-09-09 20:57:29 +0200: Memory Usage (466532K) : antvia1_drw has 0 polygons
2026-09-09 20:57:29 +0200: Memory Usage (466532K) : antmetal2_drw has 0 polygons
2026-09-09 20:57:29 +0200: Memory Usage (466692K) : graphcont_drw has 0 polygons
2026-09-09 20:57:29 +0200: Memory Usage (466692K) : siwg_drw has 0 polygons
2026-09-09 20:57:29 +0200: Memory Usage (466692K) : siwg_filler has 0 polygons
2026-09-09 20:57:29 +0200: Memory Usage (466852K) : siwg_nofill has 0 polygons
2026-09-09 20:57:29 +0200: Memory Usage (466852K) : sigrating_drw has 0 polygons
2026-09-09 20:57:29 +0200: Memory Usage (466852K) : singrating_drw has 0 polygons
2026-09-09 20:57:29 +0200: Memory Usage (467012K) : graphpas_drw has 0 polygons
2026-09-09 20:57:29 +0200: Memory Usage (467012K) : emwind3_drw has 0 polygons
2026-09-09 20:57:29 +0200: Memory Usage (467012K) : emwihv3_drw has 0 polygons
2026-09-09 20:57:29 +0200: Memory Usage (467012K) : redbulay_drw has 0 polygons
2026-09-09 20:57:29 +0200: Memory Usage (467172K) : smos_drw has 0 polygons
2026-09-09 20:57:29 +0200: Memory Usage (467172K) : graphpad_drw has 0 polygons
2026-09-09 20:57:29 +0200: Memory Usage (467172K) : polimide_drw has 0 polygons
2026-09-09 20:57:29 +0200: Memory Usage (467172K) : polimide_pin has 0 polygons
2026-09-09 20:57:29 +0200: Memory Usage (467172K) : recog_drw has 0 polygons
2026-09-09 20:57:29 +0200: Memory Usage (467332K) : recog_pin has 0 polygons
2026-09-09 20:57:29 +0200: Memory Usage (467332K) : recog_esd has 0 polygons
2026-09-09 20:57:29 +0200: Memory Usage (467492K) : recog_diode has 0 polygons
2026-09-09 20:57:29 +0200: Memory Usage (467492K) : recog_tsv has 0 polygons
2026-09-09 20:57:29 +0200: Memory Usage (467492K) : recog_iprobe has 0 polygons
2026-09-09 20:57:29 +0200: Memory Usage (467652K) : recog_diffprb has 0 polygons
2026-09-09 20:57:29 +0200: Memory Usage (467652K) : recog_pillar has 0 polygons
2026-09-09 20:57:29 +0200: Memory Usage (467652K) : recog_sbump has 0 polygons
2026-09-09 20:57:29 +0200: Memory Usage (467812K) : recog_otp has 0 polygons
2026-09-09 20:57:29 +0200: Memory Usage (467812K) : recog_pdiode has 0 polygons
2026-09-09 20:57:29 +0200: Memory Usage (467812K) : recog_mom has 0 polygons
2026-09-09 20:57:29 +0200: Memory Usage (467972K) : recog_pcm has 0 polygons
2026-09-09 20:57:29 +0200: Memory Usage (467972K) : colopen_drw has 0 polygons
2026-09-09 20:57:29 +0200: Memory Usage (467972K) : graphmetal1_drw has 0 polygons
2026-09-09 20:57:29 +0200: Memory Usage (468132K) : graphmetal1_filler has 0 polygons
2026-09-09 20:57:29 +0200: Memory Usage (468132K) : graphmetal1_nofill has 0 polygons
2026-09-09 20:57:29 +0200: Memory Usage (468132K) : graphmetal1_slit has 0 polygons
2026-09-09 20:57:29 +0200: Memory Usage (468292K) : graphmetal1_opc has 0 polygons
2026-09-09 20:57:29 +0200: Memory Usage (468292K) : graphmet1l_drw has 0 polygons
2026-09-09 20:57:29 +0200: Memory Usage (468292K) : graphmet1l_filler has 0 polygons
2026-09-09 20:57:29 +0200: Memory Usage (468452K) : graphmet1l_nofill has 0 polygons
2026-09-09 20:57:29 +0200: Memory Usage (468452K) : graphmet1l_slit has 0 polygons
2026-09-09 20:57:29 +0200: Memory Usage (468452K) : graphmet1l_opc has 0 polygons
2026-09-09 20:57:29 +0200: Memory Usage (468612K) : extblock_drw has 0 polygons
2026-09-09 20:57:29 +0200: Memory Usage (468612K) : nldd_drw has 0 polygons
2026-09-09 20:57:29 +0200: Memory Usage (468612K) : pldd_drw has 0 polygons
2026-09-09 20:57:29 +0200: Memory Usage (468772K) : next_drw has 0 polygons
2026-09-09 20:57:29 +0200: Memory Usage (468772K) : pext_drw has 0 polygons
2026-09-09 20:57:29 +0200: Memory Usage (468772K) : nexthv_drw has 0 polygons
2026-09-09 20:57:29 +0200: Memory Usage (468932K) : pexthv_drw has 0 polygons
2026-09-09 20:57:29 +0200: Memory Usage (468932K) : graphgate_drw has 0 polygons
2026-09-09 20:57:29 +0200: Memory Usage (468932K) : sinwg_drw has 0 polygons
2026-09-09 20:57:29 +0200: Memory Usage (469092K) : sinwg_filler has 0 polygons
2026-09-09 20:57:29 +0200: Memory Usage (469092K) : sinwg_nofill has 0 polygons
2026-09-09 20:57:29 +0200: Memory Usage (469092K) : mempad_drw has 0 polygons
2026-09-09 20:57:29 +0200: Memory Usage (469092K) : topvia1_drw has 0 polygons
2026-09-09 20:57:29 +0200: Memory Usage (469092K) : topmetal1_drw has 0 polygons
2026-09-09 20:57:29 +0200: Memory Usage (469092K) : topmetal1_pin has 0 polygons
2026-09-09 20:57:29 +0200: Memory Usage (469092K) : topmetal1_mask has 0 polygons
2026-09-09 20:57:29 +0200: Memory Usage (469092K) : topmetal1_filler has 0 polygons
2026-09-09 20:57:29 +0200: Memory Usage (469092K) : topmetal1_nofill has 0 polygons
2026-09-09 20:57:29 +0200: Memory Usage (469252K) : topmetal1_slit has 0 polygons
2026-09-09 20:57:29 +0200: Memory Usage (469252K) : topmetal1_text has 0 polygons
2026-09-09 20:57:29 +0200: Memory Usage (469252K) : topmetal1_noqrc has 0 polygons
2026-09-09 20:57:29 +0200: Memory Usage (469252K) : topmetal1_res has 0 polygons
2026-09-09 20:57:29 +0200: Memory Usage (469412K) : topmetal1_iprobe has 0 polygons
2026-09-09 20:57:29 +0200: Memory Usage (469412K) : topmetal1_diffprb has 0 polygons
2026-09-09 20:57:29 +0200: Memory Usage (469412K) : inldpwl_drw has 0 polygons
2026-09-09 20:57:29 +0200: Memory Usage (469572K) : polyres_drw has 0 polygons
2026-09-09 20:57:29 +0200: Memory Usage (469572K) : polyres_pin has 0 polygons
2026-09-09 20:57:29 +0200: Memory Usage (469572K) : vmim_drw has 0 polygons
2026-09-09 20:57:29 +0200: Memory Usage (469732K) : nbulaycut_drw has 0 polygons
2026-09-09 20:57:29 +0200: Memory Usage (469732K) : antmetal1_drw has 0 polygons
2026-09-09 20:57:29 +0200: Memory Usage (469732K) : topvia2_drw has 0 polygons
2026-09-09 20:57:29 +0200: Memory Usage (469892K) : topmetal2_drw has 0 polygons
2026-09-09 20:57:29 +0200: Memory Usage (469892K) : topmetal2_pin has 0 polygons
2026-09-09 20:57:29 +0200: Memory Usage (469892K) : topmetal2_mask has 0 polygons
2026-09-09 20:57:29 +0200: Memory Usage (470052K) : topmetal2_filler has 0 polygons
2026-09-09 20:57:29 +0200: Memory Usage (470052K) : topmetal2_nofill has 0 polygons
2026-09-09 20:57:29 +0200: Memory Usage (470052K) : topmetal2_slit has 0 polygons
2026-09-09 20:57:29 +0200: Memory Usage (470212K) : topmetal2_text has 0 polygons
2026-09-09 20:57:29 +0200: Memory Usage (470212K) : topmetal2_noqrc has 0 polygons
2026-09-09 20:57:29 +0200: Memory Usage (470212K) : topmetal2_res has 0 polygons
2026-09-09 20:57:29 +0200: Memory Usage (470372K) : topmetal2_iprobe has 0 polygons
2026-09-09 20:57:29 +0200: Memory Usage (470372K) : topmetal2_diffprb has 0 polygons
2026-09-09 20:57:29 +0200: Memory Usage (470372K) : snsring_drw has 0 polygons
2026-09-09 20:57:29 +0200: Memory Usage (470532K) : sensor_drw has 0 polygons
2026-09-09 20:57:29 +0200: Memory Usage (470532K) : snsarms_drw has 0 polygons
2026-09-09 20:57:29 +0200: Memory Usage (470532K) : snscmosvia_drw has 0 polygons
2026-09-09 20:57:29 +0200: Memory Usage (470692K) : colwind_drw has 0 polygons
2026-09-09 20:57:29 +0200: Memory Usage (470692K) : flm_drw has 0 polygons
2026-09-09 20:57:29 +0200: Memory Usage (470692K) : hafniumox_drw has 0 polygons
2026-09-09 20:57:29 +0200: Memory Usage (470852K) : memvia_drw has 0 polygons
2026-09-09 20:57:29 +0200: Memory Usage (470852K) : thinfilmres_drw has 0 polygons
2026-09-09 20:57:29 +0200: Memory Usage (470852K) : rfmem_drw has 0 polygons
2026-09-09 20:57:29 +0200: Memory Usage (471012K) : norcx_drw has 0 polygons
2026-09-09 20:57:29 +0200: Memory Usage (471012K) : norcx_m2m3 has 0 polygons
2026-09-09 20:57:29 +0200: Memory Usage (471012K) : norcx_m2m4 has 0 polygons
2026-09-09 20:57:29 +0200: Memory Usage (471172K) : norcx_m2m5 has 0 polygons
2026-09-09 20:57:29 +0200: Memory Usage (471172K) : norcx_m2tm1 has 0 polygons
2026-09-09 20:57:29 +0200: Memory Usage (471172K) : norcx_m2tm2 has 0 polygons
2026-09-09 20:57:29 +0200: Memory Usage (471332K) : norcx_m3m4 has 0 polygons
2026-09-09 20:57:29 +0200: Memory Usage (471332K) : norcx_m3m5 has 0 polygons
2026-09-09 20:57:29 +0200: Memory Usage (471332K) : norcx_m3tm1 has 0 polygons
2026-09-09 20:57:29 +0200: Memory Usage (471492K) : norcx_m3tm2 has 0 polygons
2026-09-09 20:57:29 +0200: Memory Usage (471492K) : norcx_m4m5 has 0 polygons
2026-09-09 20:57:29 +0200: Memory Usage (471492K) : norcx_m4tm1 has 0 polygons
2026-09-09 20:57:29 +0200: Memory Usage (471652K) : norcx_m4tm2 has 0 polygons
2026-09-09 20:57:29 +0200: Memory Usage (471652K) : norcx_m5tm1 has 0 polygons
2026-09-09 20:57:29 +0200: Memory Usage (471652K) : norcx_m5tm2 has 0 polygons
2026-09-09 20:57:29 +0200: Memory Usage (471812K) : norcx_tm1tm2 has 0 polygons
2026-09-09 20:57:29 +0200: Memory Usage (471812K) : norcx_m1sub has 0 polygons
2026-09-09 20:57:29 +0200: Memory Usage (471812K) : norcx_m2sub has 0 polygons
2026-09-09 20:57:29 +0200: Memory Usage (471972K) : norcx_m3sub has 0 polygons
2026-09-09 20:57:29 +0200: Memory Usage (471972K) : norcx_m4sub has 0 polygons
2026-09-09 20:57:29 +0200: Memory Usage (471972K) : norcx_m5sub has 0 polygons
2026-09-09 20:57:29 +0200: Memory Usage (472132K) : norcx_tm1sub has 0 polygons
2026-09-09 20:57:29 +0200: Memory Usage (472132K) : norcx_tm2sub has 0 polygons
2026-09-09 20:57:29 +0200: Memory Usage (472132K) : snsbotvia_drw has 0 polygons
2026-09-09 20:57:29 +0200: Memory Usage (472292K) : snstopvia_drw has 0 polygons
2026-09-09 20:57:29 +0200: Memory Usage (472292K) : deepvia_drw has 0 polygons
2026-09-09 20:57:29 +0200: Memory Usage (472292K) : fgetch_drw has 0 polygons
2026-09-09 20:57:29 +0200: Memory Usage (472452K) : ctrgat_drw has 0 polygons
2026-09-09 20:57:29 +0200: Memory Usage (472452K) : fgimp_drw has 0 polygons
2026-09-09 20:57:29 +0200: Memory Usage (472452K) : emwihv_drw has 0 polygons
2026-09-09 20:57:29 +0200: Memory Usage (472612K) : lbe_drw has 0 polygons
2026-09-09 20:57:29 +0200: Memory Usage (472612K) : alcustop_drw has 0 polygons
2026-09-09 20:57:29 +0200: Memory Usage (472612K) : nometfiller_drw has 0 polygons
2026-09-09 20:57:29 +0200: Memory Usage (472772K) : prboundary_drw has 0 polygons
2026-09-09 20:57:29 +0200: Memory Usage (472772K) : exchange0_drw has 0 polygons
2026-09-09 20:57:29 +0200: Memory Usage (472932K) : exchange0_pin has 0 polygons
2026-09-09 20:57:29 +0200: Memory Usage (472932K) : exchange0_text has 0 polygons
2026-09-09 20:57:29 +0200: Memory Usage (472932K) : exchange1_drw has 0 polygons
2026-09-09 20:57:29 +0200: Memory Usage (472932K) : exchange1_pin has 0 polygons
2026-09-09 20:57:29 +0200: Memory Usage (473092K) : exchange1_text has 0 polygons
2026-09-09 20:57:29 +0200: Memory Usage (473092K) : exchange2_drw has 0 polygons
2026-09-09 20:57:29 +0200: Memory Usage (473092K) : exchange2_pin has 0 polygons
2026-09-09 20:57:29 +0200: Memory Usage (473252K) : exchange2_text has 0 polygons
2026-09-09 20:57:29 +0200: Memory Usage (473252K) : exchange3_drw has 0 polygons
2026-09-09 20:57:29 +0200: Memory Usage (473252K) : exchange3_pin has 0 polygons
2026-09-09 20:57:29 +0200: Memory Usage (473412K) : exchange3_text has 0 polygons
2026-09-09 20:57:29 +0200: Memory Usage (473412K) : exchange4_drw has 0 polygons
2026-09-09 20:57:29 +0200: Memory Usage (473412K) : exchange4_pin has 0 polygons
2026-09-09 20:57:29 +0200: Memory Usage (473572K) : exchange4_text has 0 polygons
2026-09-09 20:57:29 +0200: Memory Usage (473572K) : isonwell_drw has 0 polygons
2026-09-09 20:57:29 +0200: Memory Usage (473572K) : Total no. of polygons in the design is 99
2026-09-09 20:57:29 +0200: Memory Usage (473572K) : Loaded TECH DRC rules values from /foss/pdks/ihp-sg13g2/libs.tech/klayout/python/sg13g2_pycell_lib/sg13g2_tech_mod.json
2026-09-09 20:57:29 +0200: Memory Usage (473572K) : Loaded default DRC rules values from /foss/pdks/ihp-sg13g2/libs.tech/klayout/tech/drc/rule_decks/sg13g2_tech_default.json
2026-09-09 20:57:29 +0200: Memory Usage (473572K) : The following rules values were missing in tech json and default values were used:
2026-09-09 20:57:29 +0200: Memory Usage (473572K) :   - NW_f1_digibnd
2026-09-09 20:57:29 +0200: Memory Usage (473572K) :   - Cnt_c_digibnd
2026-09-09 20:57:29 +0200: Memory Usage (473572K) :   - Cnt_c_sram
2026-09-09 20:57:29 +0200: Memory Usage (473572K) :   - Sdiod_b
2026-09-09 20:57:29 +0200: Memory Usage (473572K) :   - Sdiod_c
2026-09-09 20:57:29 +0200: Memory Usage (474916K) : Total area of the design is 18.9648 um^2.
2026-09-09 20:57:29 +0200: Memory Usage (474916K) : The design dimensions are 4.32 µm * 4.39 µm.
2026-09-09 20:57:29 +0200: Memory Usage (474916K) : Starting general IHP-SG13G2 derivations.
2026-09-09 20:57:29 +0200: Memory Usage (474916K) : Starting Pwell derivations
2026-09-09 20:57:29 +0200: Memory Usage (476944K) : Starting IHP-SG13G2 DRC rules.
2026-09-09 20:57:29 +0200: Memory Usage (476944K) : Starting 5.17 Metaln table
2026-09-09 20:57:29 +0200: Memory Usage (476944K) : Executing rule M2.a
2026-09-09 20:57:29 +0200: Memory Usage (477296K) : Executing rule M2.b
2026-09-09 20:57:29 +0200: Memory Usage (477648K) : Executing rule M2.e
2026-09-09 20:57:29 +0200: Memory Usage (477648K) : Executing rule M2.f
2026-09-09 20:57:29 +0200: Memory Usage (477648K) : Executing rule M2.g
2026-09-09 20:57:29 +0200: Memory Usage (478192K) : Executing rule M2.i
2026-09-09 20:57:29 +0200: Memory Usage (478192K) : Executing rule M3.a
2026-09-09 20:57:29 +0200: Memory Usage (478192K) : Executing rule M3.b
2026-09-09 20:57:29 +0200: Memory Usage (478192K) : Executing rule M3.e
2026-09-09 20:57:29 +0200: Memory Usage (478192K) : Executing rule M3.f
2026-09-09 20:57:29 +0200: Memory Usage (478192K) : Executing rule M3.g
2026-09-09 20:57:29 +0200: Memory Usage (478352K) : Executing rule M3.i
2026-09-09 20:57:29 +0200: Memory Usage (478352K) : Executing rule M4.a
2026-09-09 20:57:29 +0200: Memory Usage (478352K) : Executing rule M4.b
2026-09-09 20:57:29 +0200: Memory Usage (478352K) : Executing rule M4.e
2026-09-09 20:57:29 +0200: Memory Usage (478352K) : Executing rule M4.f
2026-09-09 20:57:29 +0200: Memory Usage (478352K) : Executing rule M4.g
2026-09-09 20:57:29 +0200: Memory Usage (478512K) : Executing rule M4.i
2026-09-09 20:57:29 +0200: Memory Usage (478832K) : Executing rule M5.a
2026-09-09 20:57:29 +0200: Memory Usage (478992K) : Executing rule M5.b
2026-09-09 20:57:29 +0200: Memory Usage (479152K) : Executing rule M5.e
2026-09-09 20:57:29 +0200: Memory Usage (479472K) : Executing rule M5.f
2026-09-09 20:57:29 +0200: Memory Usage (479632K) : Executing rule M5.g
2026-09-09 20:57:29 +0200: Memory Usage (479792K) : Executing rule M5.i
2026-09-09 20:57:29 +0200: Memory Usage (480112K) : KLayout DRC run for tables 'metaln' completed in 0.3 seconds
