# Logfile created on 2026-09-09 20:57:26 +0200 by logger.rb/v1.5.3
2026-09-09 20:57:26 +0200: Memory Usage (454676K) : Starting running IHP-SG13G2 KLayout DRC runset on /foss/designs/aion_chip/flow/regress/AION_nand2_o21ai_0/AION_nand2_o21ai_0.gds
2026-09-09 20:57:26 +0200: Memory Usage (454676K) : Ruby Version for klayout: 3.2.3
2026-09-09 20:57:26 +0200: Memory Usage (455636K) : Loading database to memory is complete.
2026-09-09 20:57:26 +0200: Memory Usage (455636K) : IHP-SG13G2 KLayout DRC runset output at: /foss/designs/aion_chip/flow/regress/AION_nand2_o21ai_0/drc/AION_nand2_o21ai_0.klayout.drc/AION_nand2_o21ai_0_AION_nand2_o21ai_0_contbar.lyrdb
2026-09-09 20:57:26 +0200: Memory Usage (455636K) : Evaluate switches.
2026-09-09 20:57:26 +0200: Memory Usage (455636K) : tables selected: contbar
2026-09-09 20:57:26 +0200: Memory Usage (455636K) : KLayout will use 15 thread(s) in tiling mode.
2026-09-09 20:57:26 +0200: Memory Usage (455636K) : deep mode is enabled.
2026-09-09 20:57:26 +0200: Memory Usage (455636K) : FEOL enabled: false
2026-09-09 20:57:26 +0200: Memory Usage (455636K) : BEOL enabled: false
2026-09-09 20:57:26 +0200: Memory Usage (455636K) : OFFGRID enabled: true
2026-09-09 20:57:26 +0200: Memory Usage (455636K) : ANGLE enabled: true
2026-09-09 20:57:26 +0200: Memory Usage (455636K) : PIN enabled: false
2026-09-09 20:57:26 +0200: Memory Usage (455636K) : FORBIDDEN enabled: false
2026-09-09 20:57:26 +0200: Memory Usage (455636K) : RECOMMENDED enabled: true
2026-09-09 20:57:26 +0200: Memory Usage (455636K) : PreCheck DRC enabled: false
2026-09-09 20:57:26 +0200: Memory Usage (455636K) : CONNECTIVITY_RULES enabled: false.
2026-09-09 20:57:26 +0200: Memory Usage (455636K) : Read in polygons from layers.
2026-09-09 20:57:26 +0200: Memory Usage (456776K) : activ_drw has 5 polygons
2026-09-09 20:57:26 +0200: Memory Usage (456776K) : activ_pin has 0 polygons
2026-09-09 20:57:26 +0200: Memory Usage (456776K) : activ_mask has 0 polygons
2026-09-09 20:57:26 +0200: Memory Usage (456776K) : activ_filler has 0 polygons
2026-09-09 20:57:26 +0200: Memory Usage (456776K) : activ_nofill has 0 polygons
2026-09-09 20:57:26 +0200: Memory Usage (456776K) : activ_opc has 0 polygons
2026-09-09 20:57:26 +0200: Memory Usage (456776K) : activ_iopc has 0 polygons
2026-09-09 20:57:26 +0200: Memory Usage (456776K) : activ_noqrc has 0 polygons
2026-09-09 20:57:26 +0200: Memory Usage (456776K) : biwind_drw has 0 polygons
2026-09-09 20:57:26 +0200: Memory Usage (456776K) : biwind_opc has 0 polygons
2026-09-09 20:57:26 +0200: Memory Usage (456776K) : pemwind_drw has 0 polygons
2026-09-09 20:57:26 +0200: Memory Usage (456776K) : gatpoly_drw has 10 polygons
2026-09-09 20:57:26 +0200: Memory Usage (456776K) : gatpoly_pin has 0 polygons
2026-09-09 20:57:26 +0200: Memory Usage (456776K) : gatpoly_filler has 0 polygons
2026-09-09 20:57:26 +0200: Memory Usage (456776K) : gatpoly_nofill has 0 polygons
2026-09-09 20:57:26 +0200: Memory Usage (456776K) : gatpoly_opc has 0 polygons
2026-09-09 20:57:26 +0200: Memory Usage (456776K) : gatpoly_iopc has 0 polygons
2026-09-09 20:57:26 +0200: Memory Usage (456776K) : gatpoly_noqrc has 0 polygons
2026-09-09 20:57:26 +0200: Memory Usage (456776K) : cont_drw has 41 polygons
2026-09-09 20:57:26 +0200: Memory Usage (456936K) : cont_opc has 0 polygons
2026-09-09 20:57:26 +0200: Memory Usage (456936K) : nsd_drw has 0 polygons
2026-09-09 20:57:26 +0200: Memory Usage (456936K) : nsd_block has 0 polygons
2026-09-09 20:57:26 +0200: Memory Usage (456936K) : metal1_drw has 23 polygons
2026-09-09 20:57:26 +0200: Memory Usage (456936K) : metal1_pin has 6 polygons
2026-09-09 20:57:26 +0200: Memory Usage (456936K) : metal1_mask has 0 polygons
2026-09-09 20:57:26 +0200: Memory Usage (457096K) : metal1_filler has 0 polygons
2026-09-09 20:57:26 +0200: Memory Usage (457096K) : metal1_nofill has 0 polygons
2026-09-09 20:57:26 +0200: Memory Usage (457096K) : metal1_slit has 0 polygons
2026-09-09 20:57:26 +0200: Memory Usage (457640K) : metal1_text has 6 polygons
2026-09-09 20:57:26 +0200: Memory Usage (457640K) : metal1_opc has 0 polygons
2026-09-09 20:57:26 +0200: Memory Usage (457640K) : metal1_noqrc has 0 polygons
2026-09-09 20:57:26 +0200: Memory Usage (457800K) : metal1_res has 0 polygons
2026-09-09 20:57:26 +0200: Memory Usage (457800K) : metal1_iprobe has 0 polygons
2026-09-09 20:57:26 +0200: Memory Usage (457800K) : metal1_diffprb has 0 polygons
2026-09-09 20:57:26 +0200: Memory Usage (457960K) : passiv_drw has 0 polygons
2026-09-09 20:57:26 +0200: Memory Usage (457960K) : passiv_pin has 0 polygons
2026-09-09 20:57:26 +0200: Memory Usage (457960K) : passiv_sbump has 0 polygons
2026-09-09 20:57:26 +0200: Memory Usage (458120K) : passiv_pillar has 0 polygons
2026-09-09 20:57:26 +0200: Memory Usage (458120K) : passiv_pdl has 0 polygons
2026-09-09 20:57:26 +0200: Memory Usage (458120K) : metal2_drw has 1 polygons
2026-09-09 20:57:26 +0200: Memory Usage (458120K) : metal2_pin has 1 polygons
2026-09-09 20:57:26 +0200: Memory Usage (458120K) : metal2_mask has 0 polygons
2026-09-09 20:57:26 +0200: Memory Usage (458120K) : metal2_filler has 0 polygons
2026-09-09 20:57:26 +0200: Memory Usage (458120K) : metal2_nofill has 0 polygons
2026-09-09 20:57:26 +0200: Memory Usage (458120K) : metal2_slit has 0 polygons
2026-09-09 20:57:26 +0200: Memory Usage (458120K) : metal2_text has 1 polygons
2026-09-09 20:57:26 +0200: Memory Usage (458120K) : metal2_opc has 0 polygons
2026-09-09 20:57:26 +0200: Memory Usage (458440K) : metal2_noqrc has 0 polygons
2026-09-09 20:57:26 +0200: Memory Usage (458440K) : metal2_res has 0 polygons
2026-09-09 20:57:26 +0200: Memory Usage (458440K) : metal2_iprobe has 0 polygons
2026-09-09 20:57:26 +0200: Memory Usage (458440K) : metal2_diffprb has 0 polygons
2026-09-09 20:57:26 +0200: Memory Usage (458440K) : baspoly_drw has 0 polygons
2026-09-09 20:57:26 +0200: Memory Usage (458440K) : baspoly_pin has 0 polygons
2026-09-09 20:57:26 +0200: Memory Usage (458440K) : psd_drw has 2 polygons
2026-09-09 20:57:26 +0200: Memory Usage (458600K) : nldb_drw has 0 polygons
2026-09-09 20:57:26 +0200: Memory Usage (458600K) : digibnd_drw has 0 polygons
2026-09-09 20:57:26 +0200: Memory Usage (458760K) : via1_drw has 2 polygons
2026-09-09 20:57:26 +0200: Memory Usage (458760K) : backmetal1_drw has 0 polygons
2026-09-09 20:57:26 +0200: Memory Usage (458760K) : backmetal1_pin has 0 polygons
2026-09-09 20:57:26 +0200: Memory Usage (458920K) : backmetal1_mask has 0 polygons
2026-09-09 20:57:26 +0200: Memory Usage (458920K) : backmetal1_filler has 0 polygons
2026-09-09 20:57:26 +0200: Memory Usage (458920K) : backmetal1_nofill has 0 polygons
2026-09-09 20:57:26 +0200: Memory Usage (459080K) : backmetal1_slit has 0 polygons
2026-09-09 20:57:26 +0200: Memory Usage (459080K) : backmetal1_text has 0 polygons
2026-09-09 20:57:26 +0200: Memory Usage (459080K) : backmetal1_opc has 0 polygons
2026-09-09 20:57:26 +0200: Memory Usage (459240K) : backmetal1_noqrc has 0 polygons
2026-09-09 20:57:26 +0200: Memory Usage (459240K) : backmetal1_res has 0 polygons
2026-09-09 20:57:26 +0200: Memory Usage (459400K) : backmetal1_iprobe has 0 polygons
2026-09-09 20:57:26 +0200: Memory Usage (459400K) : backmetal1_diffprb has 0 polygons
2026-09-09 20:57:26 +0200: Memory Usage (459560K) : backpassiv_drw has 0 polygons
2026-09-09 20:57:26 +0200: Memory Usage (459560K) : res_drw has 0 polygons
2026-09-09 20:57:26 +0200: Memory Usage (459560K) : sram_drw has 0 polygons
2026-09-09 20:57:26 +0200: Memory Usage (459720K) : trans_drw has 0 polygons
2026-09-09 20:57:26 +0200: Memory Usage (459720K) : ind_drw has 0 polygons
2026-09-09 20:57:26 +0200: Memory Usage (459720K) : ind_pin has 0 polygons
2026-09-09 20:57:26 +0200: Memory Usage (459880K) : ind_text has 0 polygons
2026-09-09 20:57:26 +0200: Memory Usage (459880K) : salblock_drw has 0 polygons
2026-09-09 20:57:26 +0200: Memory Usage (460040K) : via2_drw has 0 polygons
2026-09-09 20:57:26 +0200: Memory Usage (460040K) : metal3_drw has 0 polygons
2026-09-09 20:57:26 +0200: Memory Usage (460040K) : metal3_pin has 0 polygons
2026-09-09 20:57:26 +0200: Memory Usage (460200K) : metal3_mask has 0 polygons
2026-09-09 20:57:26 +0200: Memory Usage (460200K) : metal3_filler has 0 polygons
2026-09-09 20:57:26 +0200: Memory Usage (460200K) : metal3_nofill has 0 polygons
2026-09-09 20:57:26 +0200: Memory Usage (460360K) : metal3_slit has 0 polygons
2026-09-09 20:57:26 +0200: Memory Usage (460360K) : metal3_text has 0 polygons
2026-09-09 20:57:26 +0200: Memory Usage (460520K) : metal3_opc has 0 polygons
2026-09-09 20:57:26 +0200: Memory Usage (460520K) : metal3_noqrc has 0 polygons
2026-09-09 20:57:26 +0200: Memory Usage (460520K) : metal3_res has 0 polygons
2026-09-09 20:57:26 +0200: Memory Usage (460680K) : metal3_iprobe has 0 polygons
2026-09-09 20:57:26 +0200: Memory Usage (460680K) : metal3_diffprb has 0 polygons
2026-09-09 20:57:26 +0200: Memory Usage (460680K) : nwell_drw has 1 polygons
2026-09-09 20:57:26 +0200: Memory Usage (460680K) : nwell_pin has 0 polygons
2026-09-09 20:57:26 +0200: Memory Usage (460840K) : nbulay_drw has 0 polygons
2026-09-09 20:57:26 +0200: Memory Usage (460840K) : nbulay_pin has 0 polygons
2026-09-09 20:57:26 +0200: Memory Usage (460840K) : nbulay_block has 0 polygons
2026-09-09 20:57:26 +0200: Memory Usage (460840K) : emwind_drw has 0 polygons
2026-09-09 20:57:26 +0200: Memory Usage (460840K) : emwind_opc has 0 polygons
2026-09-09 20:57:26 +0200: Memory Usage (461000K) : deepco_drw has 0 polygons
2026-09-09 20:57:26 +0200: Memory Usage (461000K) : deepco_drw has 0 polygons
2026-09-09 20:57:26 +0200: Memory Usage (461000K) : mim_drw has 0 polygons
2026-09-09 20:57:26 +0200: Memory Usage (461000K) : edgeseal_drw has 0 polygons
2026-09-09 20:57:26 +0200: Memory Usage (461160K) : edgeseal_bound has 0 polygons
2026-09-09 20:57:26 +0200: Memory Usage (461160K) : substrate_drw has 0 polygons
2026-09-09 20:57:26 +0200: Memory Usage (461160K) : substrate_text has 0 polygons
2026-09-09 20:57:26 +0200: Memory Usage (461160K) : dfpad_drw has 0 polygons
2026-09-09 20:57:26 +0200: Memory Usage (461320K) : dfpad_pillar has 0 polygons
2026-09-09 20:57:26 +0200: Memory Usage (461320K) : dfpad_sbump has 0 polygons
2026-09-09 20:57:26 +0200: Memory Usage (461320K) : thickgateox_drw has 0 polygons
2026-09-09 20:57:26 +0200: Memory Usage (461480K) : pldb_drw has 0 polygons
2026-09-09 20:57:26 +0200: Memory Usage (461480K) : pwell_drw has 0 polygons
2026-09-09 20:57:26 +0200: Memory Usage (461480K) : pwell_pin has 0 polygons
2026-09-09 20:57:26 +0200: Memory Usage (461640K) : pwell_block has 0 polygons
2026-09-09 20:57:26 +0200: Memory Usage (461640K) : ic_drw has 0 polygons
2026-09-09 20:57:26 +0200: Memory Usage (461640K) : via3_drw has 0 polygons
2026-09-09 20:57:26 +0200: Memory Usage (461800K) : metal4_drw has 0 polygons
2026-09-09 20:57:26 +0200: Memory Usage (461800K) : metal4_pin has 0 polygons
2026-09-09 20:57:26 +0200: Memory Usage (461800K) : metal4_mask has 0 polygons
2026-09-09 20:57:26 +0200: Memory Usage (461960K) : metal4_filler has 0 polygons
2026-09-09 20:57:26 +0200: Memory Usage (461960K) : metal4_nofill has 0 polygons
2026-09-09 20:57:26 +0200: Memory Usage (461960K) : metal4_slit has 0 polygons
2026-09-09 20:57:26 +0200: Memory Usage (462120K) : metal4_text has 0 polygons
2026-09-09 20:57:26 +0200: Memory Usage (462120K) : metal4_opc has 0 polygons
2026-09-09 20:57:26 +0200: Memory Usage (462120K) : metal4_noqrc has 0 polygons
2026-09-09 20:57:26 +0200: Memory Usage (462280K) : metal4_res has 0 polygons
2026-09-09 20:57:26 +0200: Memory Usage (462280K) : metal4_iprobe has 0 polygons
2026-09-09 20:57:26 +0200: Memory Usage (462280K) : metal4_diffprb has 0 polygons
2026-09-09 20:57:26 +0200: Memory Usage (462440K) : heattrans_drw has 0 polygons
2026-09-09 20:57:26 +0200: Memory Usage (462440K) : heatres_drw has 0 polygons
2026-09-09 20:57:26 +0200: Memory Usage (462440K) : pempoly_drw has 0 polygons
2026-09-09 20:57:26 +0200: Memory Usage (462600K) : fbe_drw has 0 polygons
2026-09-09 20:57:26 +0200: Memory Usage (462600K) : empoly_drw has 0 polygons
2026-09-09 20:57:26 +0200: Memory Usage (462600K) : ldmos_drw has 0 polygons
2026-09-09 20:57:26 +0200: Memory Usage (462760K) : pbiwind_drw has 0 polygons
2026-09-09 20:57:26 +0200: Memory Usage (462760K) : digisub_drw has 0 polygons
2026-09-09 20:57:26 +0200: Memory Usage (462760K) : nodrc_drw has 0 polygons
2026-09-09 20:57:26 +0200: Memory Usage (462760K) : text_drw has 0 polygons
2026-09-09 20:57:26 +0200: Memory Usage (462920K) : via4_drw has 0 polygons
2026-09-09 20:57:26 +0200: Memory Usage (462920K) : metal5_drw has 0 polygons
2026-09-09 20:57:26 +0200: Memory Usage (462920K) : metal5_pin has 0 polygons
2026-09-09 20:57:26 +0200: Memory Usage (462920K) : metal5_mask has 0 polygons
2026-09-09 20:57:26 +0200: Memory Usage (463080K) : metal5_filler has 0 polygons
2026-09-09 20:57:26 +0200: Memory Usage (463080K) : metal5_nofill has 0 polygons
2026-09-09 20:57:26 +0200: Memory Usage (463080K) : metal5_slit has 0 polygons
2026-09-09 20:57:26 +0200: Memory Usage (463240K) : metal5_text has 0 polygons
2026-09-09 20:57:26 +0200: Memory Usage (463240K) : metal5_opc has 0 polygons
2026-09-09 20:57:26 +0200: Memory Usage (463240K) : metal5_noqrc has 0 polygons
2026-09-09 20:57:26 +0200: Memory Usage (463400K) : metal5_res has 0 polygons
2026-09-09 20:57:26 +0200: Memory Usage (463400K) : metal5_iprobe has 0 polygons
2026-09-09 20:57:26 +0200: Memory Usage (463400K) : metal5_diffprb has 0 polygons
2026-09-09 20:57:26 +0200: Memory Usage (463560K) : radhard_drw has 0 polygons
2026-09-09 20:57:26 +0200: Memory Usage (463560K) : memcap_drw has 0 polygons
2026-09-09 20:57:26 +0200: Memory Usage (463560K) : varicap_drw has 0 polygons
2026-09-09 20:57:26 +0200: Memory Usage (463720K) : flash_drw has 0 polygons
2026-09-09 20:57:26 +0200: Memory Usage (463720K) : intbondvia_drw has 0 polygons
2026-09-09 20:57:26 +0200: Memory Usage (463720K) : intbondmet_drw has 0 polygons
2026-09-09 20:57:26 +0200: Memory Usage (463880K) : devbondvia_drw has 0 polygons
2026-09-09 20:57:26 +0200: Memory Usage (463880K) : devbondmet_drw has 0 polygons
2026-09-09 20:57:26 +0200: Memory Usage (463880K) : devtrench_drw has 0 polygons
2026-09-09 20:57:26 +0200: Memory Usage (464040K) : redist_drw has 0 polygons
2026-09-09 20:57:26 +0200: Memory Usage (464040K) : graphbot_drw has 0 polygons
2026-09-09 20:57:26 +0200: Memory Usage (464040K) : graphtop_drw has 0 polygons
2026-09-09 20:57:26 +0200: Memory Usage (464200K) : antvia1_drw has 0 polygons
2026-09-09 20:57:26 +0200: Memory Usage (464200K) : antmetal2_drw has 0 polygons
2026-09-09 20:57:26 +0200: Memory Usage (464200K) : graphcont_drw has 0 polygons
2026-09-09 20:57:26 +0200: Memory Usage (464360K) : siwg_drw has 0 polygons
2026-09-09 20:57:26 +0200: Memory Usage (464360K) : siwg_filler has 0 polygons
2026-09-09 20:57:26 +0200: Memory Usage (464360K) : siwg_nofill has 0 polygons
2026-09-09 20:57:26 +0200: Memory Usage (464520K) : sigrating_drw has 0 polygons
2026-09-09 20:57:26 +0200: Memory Usage (464520K) : singrating_drw has 0 polygons
2026-09-09 20:57:26 +0200: Memory Usage (464520K) : graphpas_drw has 0 polygons
2026-09-09 20:57:26 +0200: Memory Usage (464680K) : emwind3_drw has 0 polygons
2026-09-09 20:57:26 +0200: Memory Usage (464680K) : emwihv3_drw has 0 polygons
2026-09-09 20:57:26 +0200: Memory Usage (464680K) : redbulay_drw has 0 polygons
2026-09-09 20:57:26 +0200: Memory Usage (464680K) : smos_drw has 0 polygons
2026-09-09 20:57:26 +0200: Memory Usage (464680K) : graphpad_drw has 0 polygons
2026-09-09 20:57:26 +0200: Memory Usage (464840K) : polimide_drw has 0 polygons
2026-09-09 20:57:26 +0200: Memory Usage (464840K) : polimide_pin has 0 polygons
2026-09-09 20:57:26 +0200: Memory Usage (464840K) : recog_drw has 0 polygons
2026-09-09 20:57:26 +0200: Memory Usage (465000K) : recog_pin has 0 polygons
2026-09-09 20:57:26 +0200: Memory Usage (465000K) : recog_esd has 0 polygons
2026-09-09 20:57:26 +0200: Memory Usage (465000K) : recog_diode has 0 polygons
2026-09-09 20:57:26 +0200: Memory Usage (465160K) : recog_tsv has 0 polygons
2026-09-09 20:57:26 +0200: Memory Usage (465160K) : recog_iprobe has 0 polygons
2026-09-09 20:57:26 +0200: Memory Usage (465160K) : recog_diffprb has 0 polygons
2026-09-09 20:57:26 +0200: Memory Usage (465320K) : recog_pillar has 0 polygons
2026-09-09 20:57:26 +0200: Memory Usage (465320K) : recog_sbump has 0 polygons
2026-09-09 20:57:26 +0200: Memory Usage (465320K) : recog_otp has 0 polygons
2026-09-09 20:57:26 +0200: Memory Usage (465480K) : recog_pdiode has 0 polygons
2026-09-09 20:57:26 +0200: Memory Usage (465480K) : recog_mom has 0 polygons
2026-09-09 20:57:26 +0200: Memory Usage (465480K) : recog_pcm has 0 polygons
2026-09-09 20:57:26 +0200: Memory Usage (465640K) : colopen_drw has 0 polygons
2026-09-09 20:57:26 +0200: Memory Usage (465640K) : graphmetal1_drw has 0 polygons
2026-09-09 20:57:26 +0200: Memory Usage (465640K) : graphmetal1_filler has 0 polygons
2026-09-09 20:57:26 +0200: Memory Usage (465800K) : graphmetal1_nofill has 0 polygons
2026-09-09 20:57:26 +0200: Memory Usage (465800K) : graphmetal1_slit has 0 polygons
2026-09-09 20:57:26 +0200: Memory Usage (465800K) : graphmetal1_opc has 0 polygons
2026-09-09 20:57:26 +0200: Memory Usage (465960K) : graphmet1l_drw has 0 polygons
2026-09-09 20:57:26 +0200: Memory Usage (465960K) : graphmet1l_filler has 0 polygons
2026-09-09 20:57:26 +0200: Memory Usage (465960K) : graphmet1l_nofill has 0 polygons
2026-09-09 20:57:26 +0200: Memory Usage (466120K) : graphmet1l_slit has 0 polygons
2026-09-09 20:57:26 +0200: Memory Usage (466120K) : graphmet1l_opc has 0 polygons
2026-09-09 20:57:26 +0200: Memory Usage (466120K) : extblock_drw has 0 polygons
2026-09-09 20:57:26 +0200: Memory Usage (466280K) : nldd_drw has 0 polygons
2026-09-09 20:57:26 +0200: Memory Usage (466280K) : pldd_drw has 0 polygons
2026-09-09 20:57:26 +0200: Memory Usage (466280K) : next_drw has 0 polygons
2026-09-09 20:57:26 +0200: Memory Usage (466440K) : pext_drw has 0 polygons
2026-09-09 20:57:26 +0200: Memory Usage (466440K) : nexthv_drw has 0 polygons
2026-09-09 20:57:26 +0200: Memory Usage (466440K) : pexthv_drw has 0 polygons
2026-09-09 20:57:26 +0200: Memory Usage (466600K) : graphgate_drw has 0 polygons
2026-09-09 20:57:26 +0200: Memory Usage (466600K) : sinwg_drw has 0 polygons
2026-09-09 20:57:26 +0200: Memory Usage (466600K) : sinwg_filler has 0 polygons
2026-09-09 20:57:26 +0200: Memory Usage (466760K) : sinwg_nofill has 0 polygons
2026-09-09 20:57:26 +0200: Memory Usage (466760K) : mempad_drw has 0 polygons
2026-09-09 20:57:26 +0200: Memory Usage (466760K) : topvia1_drw has 0 polygons
2026-09-09 20:57:26 +0200: Memory Usage (466760K) : topmetal1_drw has 0 polygons
2026-09-09 20:57:26 +0200: Memory Usage (466760K) : topmetal1_pin has 0 polygons
2026-09-09 20:57:26 +0200: Memory Usage (466760K) : topmetal1_mask has 0 polygons
2026-09-09 20:57:26 +0200: Memory Usage (466760K) : topmetal1_filler has 0 polygons
2026-09-09 20:57:26 +0200: Memory Usage (466760K) : topmetal1_nofill has 0 polygons
2026-09-09 20:57:26 +0200: Memory Usage (466760K) : topmetal1_slit has 0 polygons
2026-09-09 20:57:26 +0200: Memory Usage (466760K) : topmetal1_text has 0 polygons
2026-09-09 20:57:26 +0200: Memory Usage (466920K) : topmetal1_noqrc has 0 polygons
2026-09-09 20:57:26 +0200: Memory Usage (466920K) : topmetal1_res has 0 polygons
2026-09-09 20:57:26 +0200: Memory Usage (466920K) : topmetal1_iprobe has 0 polygons
2026-09-09 20:57:26 +0200: Memory Usage (467080K) : topmetal1_diffprb has 0 polygons
2026-09-09 20:57:26 +0200: Memory Usage (467080K) : inldpwl_drw has 0 polygons
2026-09-09 20:57:26 +0200: Memory Usage (467080K) : polyres_drw has 0 polygons
2026-09-09 20:57:26 +0200: Memory Usage (467240K) : polyres_pin has 0 polygons
2026-09-09 20:57:26 +0200: Memory Usage (467240K) : vmim_drw has 0 polygons
2026-09-09 20:57:26 +0200: Memory Usage (467240K) : nbulaycut_drw has 0 polygons
2026-09-09 20:57:26 +0200: Memory Usage (467400K) : antmetal1_drw has 0 polygons
2026-09-09 20:57:26 +0200: Memory Usage (467400K) : topvia2_drw has 0 polygons
2026-09-09 20:57:26 +0200: Memory Usage (467400K) : topmetal2_drw has 0 polygons
2026-09-09 20:57:26 +0200: Memory Usage (467560K) : topmetal2_pin has 0 polygons
2026-09-09 20:57:26 +0200: Memory Usage (467560K) : topmetal2_mask has 0 polygons
2026-09-09 20:57:26 +0200: Memory Usage (467560K) : topmetal2_filler has 0 polygons
2026-09-09 20:57:26 +0200: Memory Usage (467720K) : topmetal2_nofill has 0 polygons
2026-09-09 20:57:26 +0200: Memory Usage (467720K) : topmetal2_slit has 0 polygons
2026-09-09 20:57:26 +0200: Memory Usage (467720K) : topmetal2_text has 0 polygons
2026-09-09 20:57:26 +0200: Memory Usage (467880K) : topmetal2_noqrc has 0 polygons
2026-09-09 20:57:26 +0200: Memory Usage (467880K) : topmetal2_res has 0 polygons
2026-09-09 20:57:26 +0200: Memory Usage (467880K) : topmetal2_iprobe has 0 polygons
2026-09-09 20:57:26 +0200: Memory Usage (468040K) : topmetal2_diffprb has 0 polygons
2026-09-09 20:57:26 +0200: Memory Usage (468040K) : snsring_drw has 0 polygons
2026-09-09 20:57:26 +0200: Memory Usage (468040K) : sensor_drw has 0 polygons
2026-09-09 20:57:26 +0200: Memory Usage (468200K) : snsarms_drw has 0 polygons
2026-09-09 20:57:26 +0200: Memory Usage (468200K) : snscmosvia_drw has 0 polygons
2026-09-09 20:57:26 +0200: Memory Usage (468200K) : colwind_drw has 0 polygons
2026-09-09 20:57:26 +0200: Memory Usage (468360K) : flm_drw has 0 polygons
2026-09-09 20:57:26 +0200: Memory Usage (468360K) : hafniumox_drw has 0 polygons
2026-09-09 20:57:26 +0200: Memory Usage (468360K) : memvia_drw has 0 polygons
2026-09-09 20:57:26 +0200: Memory Usage (468520K) : thinfilmres_drw has 0 polygons
2026-09-09 20:57:26 +0200: Memory Usage (468520K) : rfmem_drw has 0 polygons
2026-09-09 20:57:26 +0200: Memory Usage (468520K) : norcx_drw has 0 polygons
2026-09-09 20:57:26 +0200: Memory Usage (468680K) : norcx_m2m3 has 0 polygons
2026-09-09 20:57:26 +0200: Memory Usage (468680K) : norcx_m2m4 has 0 polygons
2026-09-09 20:57:26 +0200: Memory Usage (468680K) : norcx_m2m5 has 0 polygons
2026-09-09 20:57:26 +0200: Memory Usage (468840K) : norcx_m2tm1 has 0 polygons
2026-09-09 20:57:26 +0200: Memory Usage (468840K) : norcx_m2tm2 has 0 polygons
2026-09-09 20:57:26 +0200: Memory Usage (468840K) : norcx_m3m4 has 0 polygons
2026-09-09 20:57:26 +0200: Memory Usage (469000K) : norcx_m3m5 has 0 polygons
2026-09-09 20:57:26 +0200: Memory Usage (469000K) : norcx_m3tm1 has 0 polygons
2026-09-09 20:57:26 +0200: Memory Usage (469000K) : norcx_m3tm2 has 0 polygons
2026-09-09 20:57:26 +0200: Memory Usage (469160K) : norcx_m4m5 has 0 polygons
2026-09-09 20:57:26 +0200: Memory Usage (469160K) : norcx_m4tm1 has 0 polygons
2026-09-09 20:57:26 +0200: Memory Usage (469160K) : norcx_m4tm2 has 0 polygons
2026-09-09 20:57:26 +0200: Memory Usage (469320K) : norcx_m5tm1 has 0 polygons
2026-09-09 20:57:26 +0200: Memory Usage (469320K) : norcx_m5tm2 has 0 polygons
2026-09-09 20:57:26 +0200: Memory Usage (469320K) : norcx_tm1tm2 has 0 polygons
2026-09-09 20:57:26 +0200: Memory Usage (469480K) : norcx_m1sub has 0 polygons
2026-09-09 20:57:26 +0200: Memory Usage (469480K) : norcx_m2sub has 0 polygons
2026-09-09 20:57:26 +0200: Memory Usage (469480K) : norcx_m3sub has 0 polygons
2026-09-09 20:57:26 +0200: Memory Usage (469640K) : norcx_m4sub has 0 polygons
2026-09-09 20:57:26 +0200: Memory Usage (469640K) : norcx_m5sub has 0 polygons
2026-09-09 20:57:26 +0200: Memory Usage (469640K) : norcx_tm1sub has 0 polygons
2026-09-09 20:57:26 +0200: Memory Usage (469800K) : norcx_tm2sub has 0 polygons
2026-09-09 20:57:26 +0200: Memory Usage (469800K) : snsbotvia_drw has 0 polygons
2026-09-09 20:57:26 +0200: Memory Usage (469800K) : snstopvia_drw has 0 polygons
2026-09-09 20:57:26 +0200: Memory Usage (469960K) : deepvia_drw has 0 polygons
2026-09-09 20:57:26 +0200: Memory Usage (469960K) : fgetch_drw has 0 polygons
2026-09-09 20:57:26 +0200: Memory Usage (469960K) : ctrgat_drw has 0 polygons
2026-09-09 20:57:26 +0200: Memory Usage (470120K) : fgimp_drw has 0 polygons
2026-09-09 20:57:26 +0200: Memory Usage (470120K) : emwihv_drw has 0 polygons
2026-09-09 20:57:26 +0200: Memory Usage (470280K) : lbe_drw has 0 polygons
2026-09-09 20:57:26 +0200: Memory Usage (470280K) : alcustop_drw has 0 polygons
2026-09-09 20:57:26 +0200: Memory Usage (470280K) : nometfiller_drw has 0 polygons
2026-09-09 20:57:26 +0200: Memory Usage (470440K) : prboundary_drw has 0 polygons
2026-09-09 20:57:26 +0200: Memory Usage (470440K) : exchange0_drw has 0 polygons
2026-09-09 20:57:26 +0200: Memory Usage (470440K) : exchange0_pin has 0 polygons
2026-09-09 20:57:26 +0200: Memory Usage (470600K) : exchange0_text has 0 polygons
2026-09-09 20:57:26 +0200: Memory Usage (470600K) : exchange1_drw has 0 polygons
2026-09-09 20:57:26 +0200: Memory Usage (470600K) : exchange1_pin has 0 polygons
2026-09-09 20:57:26 +0200: Memory Usage (470600K) : exchange1_text has 0 polygons
2026-09-09 20:57:26 +0200: Memory Usage (470760K) : exchange2_drw has 0 polygons
2026-09-09 20:57:26 +0200: Memory Usage (470760K) : exchange2_pin has 0 polygons
2026-09-09 20:57:26 +0200: Memory Usage (470760K) : exchange2_text has 0 polygons
2026-09-09 20:57:26 +0200: Memory Usage (470920K) : exchange3_drw has 0 polygons
2026-09-09 20:57:26 +0200: Memory Usage (470920K) : exchange3_pin has 0 polygons
2026-09-09 20:57:26 +0200: Memory Usage (470920K) : exchange3_text has 0 polygons
2026-09-09 20:57:26 +0200: Memory Usage (471080K) : exchange4_drw has 0 polygons
2026-09-09 20:57:26 +0200: Memory Usage (471080K) : exchange4_pin has 0 polygons
2026-09-09 20:57:26 +0200: Memory Usage (471080K) : exchange4_text has 0 polygons
2026-09-09 20:57:26 +0200: Memory Usage (471240K) : isonwell_drw has 0 polygons
2026-09-09 20:57:26 +0200: Memory Usage (471240K) : Total no. of polygons in the design is 99
2026-09-09 20:57:26 +0200: Memory Usage (471240K) : Loaded TECH DRC rules values from /foss/pdks/ihp-sg13g2/libs.tech/klayout/python/sg13g2_pycell_lib/sg13g2_tech_mod.json
2026-09-09 20:57:26 +0200: Memory Usage (471240K) : Loaded default DRC rules values from /foss/pdks/ihp-sg13g2/libs.tech/klayout/tech/drc/rule_decks/sg13g2_tech_default.json
2026-09-09 20:57:26 +0200: Memory Usage (471240K) : The following rules values were missing in tech json and default values were used:
2026-09-09 20:57:26 +0200: Memory Usage (471240K) :   - NW_f1_digibnd
2026-09-09 20:57:26 +0200: Memory Usage (471240K) :   - Cnt_c_digibnd
2026-09-09 20:57:26 +0200: Memory Usage (471240K) :   - Cnt_c_sram
2026-09-09 20:57:26 +0200: Memory Usage (471240K) :   - Sdiod_b
2026-09-09 20:57:26 +0200: Memory Usage (471240K) :   - Sdiod_c
2026-09-09 20:57:26 +0200: Memory Usage (472212K) : Total area of the design is 18.9648 um^2.
2026-09-09 20:57:26 +0200: Memory Usage (472212K) : The design dimensions are 4.32 µm * 4.39 µm.
2026-09-09 20:57:26 +0200: Memory Usage (472212K) : Starting general IHP-SG13G2 derivations.
2026-09-09 20:57:26 +0200: Memory Usage (472212K) : Starting Pwell derivations
2026-09-09 20:57:26 +0200: Memory Usage (474604K) : Starting p-Activ derivations
2026-09-09 20:57:26 +0200: Memory Usage (474764K) : Starting ptap derivations
2026-09-09 20:57:26 +0200: Memory Usage (474764K) : Starting cont/contbar general derivations
2026-09-09 20:57:26 +0200: Memory Usage (474764K) : Starting schottky_nbl general derivations
2026-09-09 20:57:26 +0200: Memory Usage (474764K) : Starting HBT general derivations
2026-09-09 20:57:26 +0200: Memory Usage (474764K) : Starting IHP-SG13G2 DRC rules.
2026-09-09 20:57:26 +0200: Memory Usage (474764K) : Starting 5.15. ContBar table
2026-09-09 20:57:26 +0200: Memory Usage (474764K) : Executing rule CntB.a
2026-09-09 20:57:26 +0200: Memory Usage (475172K) : Executing rule CntB.a1
2026-09-09 20:57:26 +0200: Memory Usage (475172K) : Executing rule CntB.b1
2026-09-09 20:57:26 +0200: Memory Usage (475172K) : Executing rule CntB.h1
2026-09-09 20:57:26 +0200: Memory Usage (475172K) : KLayout DRC run for tables 'contbar' completed in 0.15 seconds
