# Logfile created on 2026-09-09 20:57:30 +0200 by logger.rb/v1.5.3
2026-09-09 20:57:30 +0200: Memory Usage (456912K) : Starting running IHP-SG13G2 KLayout DRC runset on /foss/designs/aion_chip/flow/regress/AION_nand2_o21ai_0/AION_nand2_o21ai_0.gds
2026-09-09 20:57:30 +0200: Memory Usage (456912K) : Ruby Version for klayout: 3.2.3
2026-09-09 20:57:30 +0200: Memory Usage (457840K) : Loading database to memory is complete.
2026-09-09 20:57:30 +0200: Memory Usage (457840K) : IHP-SG13G2 KLayout DRC runset output at: /foss/designs/aion_chip/flow/regress/AION_nand2_o21ai_0/drc/AION_nand2_o21ai_0.klayout.drc/AION_nand2_o21ai_0_AION_nand2_o21ai_0_topvia1.lyrdb
2026-09-09 20:57:30 +0200: Memory Usage (458032K) : Evaluate switches.
2026-09-09 20:57:30 +0200: Memory Usage (458032K) : tables selected: topvia1
2026-09-09 20:57:30 +0200: Memory Usage (458032K) : KLayout will use 15 thread(s) in tiling mode.
2026-09-09 20:57:30 +0200: Memory Usage (458032K) : deep mode is enabled.
2026-09-09 20:57:30 +0200: Memory Usage (458032K) : FEOL enabled: false
2026-09-09 20:57:30 +0200: Memory Usage (458032K) : BEOL enabled: false
2026-09-09 20:57:30 +0200: Memory Usage (458032K) : OFFGRID enabled: true
2026-09-09 20:57:30 +0200: Memory Usage (458032K) : ANGLE enabled: true
2026-09-09 20:57:30 +0200: Memory Usage (458032K) : PIN enabled: false
2026-09-09 20:57:30 +0200: Memory Usage (458032K) : FORBIDDEN enabled: false
2026-09-09 20:57:30 +0200: Memory Usage (458032K) : RECOMMENDED enabled: true
2026-09-09 20:57:30 +0200: Memory Usage (458032K) : PreCheck DRC enabled: false
2026-09-09 20:57:30 +0200: Memory Usage (458032K) : CONNECTIVITY_RULES enabled: false.
2026-09-09 20:57:30 +0200: Memory Usage (458032K) : Read in polygons from layers.
2026-09-09 20:57:30 +0200: Memory Usage (458992K) : activ_drw has 5 polygons
2026-09-09 20:57:30 +0200: Memory Usage (458992K) : activ_pin has 0 polygons
2026-09-09 20:57:30 +0200: Memory Usage (458992K) : activ_mask has 0 polygons
2026-09-09 20:57:30 +0200: Memory Usage (458992K) : activ_filler has 0 polygons
2026-09-09 20:57:30 +0200: Memory Usage (458992K) : activ_nofill has 0 polygons
2026-09-09 20:57:30 +0200: Memory Usage (458992K) : activ_opc has 0 polygons
2026-09-09 20:57:30 +0200: Memory Usage (458992K) : activ_iopc has 0 polygons
2026-09-09 20:57:30 +0200: Memory Usage (458992K) : activ_noqrc has 0 polygons
2026-09-09 20:57:30 +0200: Memory Usage (458992K) : biwind_drw has 0 polygons
2026-09-09 20:57:30 +0200: Memory Usage (458992K) : biwind_opc has 0 polygons
2026-09-09 20:57:30 +0200: Memory Usage (458992K) : pemwind_drw has 0 polygons
2026-09-09 20:57:30 +0200: Memory Usage (458992K) : gatpoly_drw has 10 polygons
2026-09-09 20:57:30 +0200: Memory Usage (458992K) : gatpoly_pin has 0 polygons
2026-09-09 20:57:30 +0200: Memory Usage (458992K) : gatpoly_filler has 0 polygons
2026-09-09 20:57:30 +0200: Memory Usage (458992K) : gatpoly_nofill has 0 polygons
2026-09-09 20:57:30 +0200: Memory Usage (458992K) : gatpoly_opc has 0 polygons
2026-09-09 20:57:30 +0200: Memory Usage (458992K) : gatpoly_iopc has 0 polygons
2026-09-09 20:57:30 +0200: Memory Usage (458992K) : gatpoly_noqrc has 0 polygons
2026-09-09 20:57:30 +0200: Memory Usage (458992K) : cont_drw has 41 polygons
2026-09-09 20:57:30 +0200: Memory Usage (459152K) : cont_opc has 0 polygons
2026-09-09 20:57:30 +0200: Memory Usage (459152K) : nsd_drw has 0 polygons
2026-09-09 20:57:30 +0200: Memory Usage (459152K) : nsd_block has 0 polygons
2026-09-09 20:57:30 +0200: Memory Usage (459152K) : metal1_drw has 23 polygons
2026-09-09 20:57:30 +0200: Memory Usage (459152K) : metal1_pin has 6 polygons
2026-09-09 20:57:30 +0200: Memory Usage (459312K) : metal1_mask has 0 polygons
2026-09-09 20:57:30 +0200: Memory Usage (459312K) : metal1_filler has 0 polygons
2026-09-09 20:57:30 +0200: Memory Usage (459312K) : metal1_nofill has 0 polygons
2026-09-09 20:57:30 +0200: Memory Usage (459312K) : metal1_slit has 0 polygons
2026-09-09 20:57:30 +0200: Memory Usage (459856K) : metal1_text has 6 polygons
2026-09-09 20:57:30 +0200: Memory Usage (459856K) : metal1_opc has 0 polygons
2026-09-09 20:57:30 +0200: Memory Usage (460016K) : metal1_noqrc has 0 polygons
2026-09-09 20:57:30 +0200: Memory Usage (460016K) : metal1_res has 0 polygons
2026-09-09 20:57:30 +0200: Memory Usage (460016K) : metal1_iprobe has 0 polygons
2026-09-09 20:57:30 +0200: Memory Usage (460176K) : metal1_diffprb has 0 polygons
2026-09-09 20:57:30 +0200: Memory Usage (460176K) : passiv_drw has 0 polygons
2026-09-09 20:57:30 +0200: Memory Usage (460176K) : passiv_pin has 0 polygons
2026-09-09 20:57:30 +0200: Memory Usage (460336K) : passiv_sbump has 0 polygons
2026-09-09 20:57:30 +0200: Memory Usage (460336K) : passiv_pillar has 0 polygons
2026-09-09 20:57:30 +0200: Memory Usage (460336K) : passiv_pdl has 0 polygons
2026-09-09 20:57:30 +0200: Memory Usage (460336K) : metal2_drw has 1 polygons
2026-09-09 20:57:30 +0200: Memory Usage (460496K) : metal2_pin has 1 polygons
2026-09-09 20:57:30 +0200: Memory Usage (460496K) : metal2_mask has 0 polygons
2026-09-09 20:57:30 +0200: Memory Usage (460496K) : metal2_filler has 0 polygons
2026-09-09 20:57:30 +0200: Memory Usage (460496K) : metal2_nofill has 0 polygons
2026-09-09 20:57:30 +0200: Memory Usage (460496K) : metal2_slit has 0 polygons
2026-09-09 20:57:30 +0200: Memory Usage (460496K) : metal2_text has 1 polygons
2026-09-09 20:57:30 +0200: Memory Usage (460496K) : metal2_opc has 0 polygons
2026-09-09 20:57:30 +0200: Memory Usage (460656K) : metal2_noqrc has 0 polygons
2026-09-09 20:57:30 +0200: Memory Usage (460656K) : metal2_res has 0 polygons
2026-09-09 20:57:30 +0200: Memory Usage (460656K) : metal2_iprobe has 0 polygons
2026-09-09 20:57:30 +0200: Memory Usage (460656K) : metal2_diffprb has 0 polygons
2026-09-09 20:57:30 +0200: Memory Usage (460656K) : baspoly_drw has 0 polygons
2026-09-09 20:57:30 +0200: Memory Usage (460656K) : baspoly_pin has 0 polygons
2026-09-09 20:57:30 +0200: Memory Usage (460816K) : psd_drw has 2 polygons
2026-09-09 20:57:30 +0200: Memory Usage (460816K) : nldb_drw has 0 polygons
2026-09-09 20:57:30 +0200: Memory Usage (460816K) : digibnd_drw has 0 polygons
2026-09-09 20:57:30 +0200: Memory Usage (460976K) : via1_drw has 2 polygons
2026-09-09 20:57:30 +0200: Memory Usage (460976K) : backmetal1_drw has 0 polygons
2026-09-09 20:57:30 +0200: Memory Usage (460976K) : backmetal1_pin has 0 polygons
2026-09-09 20:57:30 +0200: Memory Usage (461136K) : backmetal1_mask has 0 polygons
2026-09-09 20:57:30 +0200: Memory Usage (461136K) : backmetal1_filler has 0 polygons
2026-09-09 20:57:30 +0200: Memory Usage (461136K) : backmetal1_nofill has 0 polygons
2026-09-09 20:57:30 +0200: Memory Usage (461296K) : backmetal1_slit has 0 polygons
2026-09-09 20:57:30 +0200: Memory Usage (461296K) : backmetal1_text has 0 polygons
2026-09-09 20:57:30 +0200: Memory Usage (461296K) : backmetal1_opc has 0 polygons
2026-09-09 20:57:30 +0200: Memory Usage (461456K) : backmetal1_noqrc has 0 polygons
2026-09-09 20:57:30 +0200: Memory Usage (461616K) : backmetal1_res has 0 polygons
2026-09-09 20:57:30 +0200: Memory Usage (461616K) : backmetal1_iprobe has 0 polygons
2026-09-09 20:57:30 +0200: Memory Usage (461776K) : backmetal1_diffprb has 0 polygons
2026-09-09 20:57:30 +0200: Memory Usage (461776K) : backpassiv_drw has 0 polygons
2026-09-09 20:57:30 +0200: Memory Usage (461776K) : res_drw has 0 polygons
2026-09-09 20:57:30 +0200: Memory Usage (461936K) : sram_drw has 0 polygons
2026-09-09 20:57:30 +0200: Memory Usage (461936K) : trans_drw has 0 polygons
2026-09-09 20:57:30 +0200: Memory Usage (461936K) : ind_drw has 0 polygons
2026-09-09 20:57:30 +0200: Memory Usage (462096K) : ind_pin has 0 polygons
2026-09-09 20:57:30 +0200: Memory Usage (462096K) : ind_text has 0 polygons
2026-09-09 20:57:30 +0200: Memory Usage (462096K) : salblock_drw has 0 polygons
2026-09-09 20:57:30 +0200: Memory Usage (462256K) : via2_drw has 0 polygons
2026-09-09 20:57:30 +0200: Memory Usage (462256K) : metal3_drw has 0 polygons
2026-09-09 20:57:30 +0200: Memory Usage (462256K) : metal3_pin has 0 polygons
2026-09-09 20:57:30 +0200: Memory Usage (462416K) : metal3_mask has 0 polygons
2026-09-09 20:57:30 +0200: Memory Usage (462416K) : metal3_filler has 0 polygons
2026-09-09 20:57:30 +0200: Memory Usage (462416K) : metal3_nofill has 0 polygons
2026-09-09 20:57:30 +0200: Memory Usage (462576K) : metal3_slit has 0 polygons
2026-09-09 20:57:30 +0200: Memory Usage (462576K) : metal3_text has 0 polygons
2026-09-09 20:57:30 +0200: Memory Usage (462736K) : metal3_opc has 0 polygons
2026-09-09 20:57:30 +0200: Memory Usage (462736K) : metal3_noqrc has 0 polygons
2026-09-09 20:57:30 +0200: Memory Usage (462736K) : metal3_res has 0 polygons
2026-09-09 20:57:30 +0200: Memory Usage (462896K) : metal3_iprobe has 0 polygons
2026-09-09 20:57:30 +0200: Memory Usage (462896K) : metal3_diffprb has 0 polygons
2026-09-09 20:57:30 +0200: Memory Usage (462896K) : nwell_drw has 1 polygons
2026-09-09 20:57:30 +0200: Memory Usage (462896K) : nwell_pin has 0 polygons
2026-09-09 20:57:30 +0200: Memory Usage (463056K) : nbulay_drw has 0 polygons
2026-09-09 20:57:30 +0200: Memory Usage (463056K) : nbulay_pin has 0 polygons
2026-09-09 20:57:30 +0200: Memory Usage (463056K) : nbulay_block has 0 polygons
2026-09-09 20:57:30 +0200: Memory Usage (463056K) : emwind_drw has 0 polygons
2026-09-09 20:57:30 +0200: Memory Usage (463216K) : emwind_opc has 0 polygons
2026-09-09 20:57:30 +0200: Memory Usage (463216K) : deepco_drw has 0 polygons
2026-09-09 20:57:30 +0200: Memory Usage (463216K) : deepco_drw has 0 polygons
2026-09-09 20:57:30 +0200: Memory Usage (463216K) : mim_drw has 0 polygons
2026-09-09 20:57:30 +0200: Memory Usage (463376K) : edgeseal_drw has 0 polygons
2026-09-09 20:57:30 +0200: Memory Usage (463376K) : edgeseal_bound has 0 polygons
2026-09-09 20:57:30 +0200: Memory Usage (463376K) : substrate_drw has 0 polygons
2026-09-09 20:57:30 +0200: Memory Usage (463376K) : substrate_text has 0 polygons
2026-09-09 20:57:30 +0200: Memory Usage (463376K) : dfpad_drw has 0 polygons
2026-09-09 20:57:30 +0200: Memory Usage (463536K) : dfpad_pillar has 0 polygons
2026-09-09 20:57:30 +0200: Memory Usage (463536K) : dfpad_sbump has 0 polygons
2026-09-09 20:57:30 +0200: Memory Usage (463536K) : thickgateox_drw has 0 polygons
2026-09-09 20:57:30 +0200: Memory Usage (463696K) : pldb_drw has 0 polygons
2026-09-09 20:57:30 +0200: Memory Usage (463696K) : pwell_drw has 0 polygons
2026-09-09 20:57:30 +0200: Memory Usage (463696K) : pwell_pin has 0 polygons
2026-09-09 20:57:30 +0200: Memory Usage (463856K) : pwell_block has 0 polygons
2026-09-09 20:57:30 +0200: Memory Usage (463856K) : ic_drw has 0 polygons
2026-09-09 20:57:30 +0200: Memory Usage (463856K) : via3_drw has 0 polygons
2026-09-09 20:57:30 +0200: Memory Usage (464016K) : metal4_drw has 0 polygons
2026-09-09 20:57:30 +0200: Memory Usage (464016K) : metal4_pin has 0 polygons
2026-09-09 20:57:30 +0200: Memory Usage (464016K) : metal4_mask has 0 polygons
2026-09-09 20:57:30 +0200: Memory Usage (464176K) : metal4_filler has 0 polygons
2026-09-09 20:57:30 +0200: Memory Usage (464176K) : metal4_nofill has 0 polygons
2026-09-09 20:57:30 +0200: Memory Usage (464176K) : metal4_slit has 0 polygons
2026-09-09 20:57:30 +0200: Memory Usage (464336K) : metal4_text has 0 polygons
2026-09-09 20:57:30 +0200: Memory Usage (464336K) : metal4_opc has 0 polygons
2026-09-09 20:57:30 +0200: Memory Usage (464336K) : metal4_noqrc has 0 polygons
2026-09-09 20:57:30 +0200: Memory Usage (464496K) : metal4_res has 0 polygons
2026-09-09 20:57:30 +0200: Memory Usage (464496K) : metal4_iprobe has 0 polygons
2026-09-09 20:57:30 +0200: Memory Usage (464656K) : metal4_diffprb has 0 polygons
2026-09-09 20:57:30 +0200: Memory Usage (464656K) : heattrans_drw has 0 polygons
2026-09-09 20:57:30 +0200: Memory Usage (464656K) : heatres_drw has 0 polygons
2026-09-09 20:57:30 +0200: Memory Usage (464816K) : pempoly_drw has 0 polygons
2026-09-09 20:57:30 +0200: Memory Usage (464816K) : fbe_drw has 0 polygons
2026-09-09 20:57:30 +0200: Memory Usage (464816K) : empoly_drw has 0 polygons
2026-09-09 20:57:30 +0200: Memory Usage (464976K) : ldmos_drw has 0 polygons
2026-09-09 20:57:30 +0200: Memory Usage (464976K) : pbiwind_drw has 0 polygons
2026-09-09 20:57:30 +0200: Memory Usage (464976K) : digisub_drw has 0 polygons
2026-09-09 20:57:30 +0200: Memory Usage (464976K) : nodrc_drw has 0 polygons
2026-09-09 20:57:30 +0200: Memory Usage (464976K) : text_drw has 0 polygons
2026-09-09 20:57:30 +0200: Memory Usage (465136K) : via4_drw has 0 polygons
2026-09-09 20:57:30 +0200: Memory Usage (465136K) : metal5_drw has 0 polygons
2026-09-09 20:57:30 +0200: Memory Usage (465136K) : metal5_pin has 0 polygons
2026-09-09 20:57:30 +0200: Memory Usage (465136K) : metal5_mask has 0 polygons
2026-09-09 20:57:30 +0200: Memory Usage (465296K) : metal5_filler has 0 polygons
2026-09-09 20:57:30 +0200: Memory Usage (465296K) : metal5_nofill has 0 polygons
2026-09-09 20:57:30 +0200: Memory Usage (465456K) : metal5_slit has 0 polygons
2026-09-09 20:57:30 +0200: Memory Usage (465456K) : metal5_text has 0 polygons
2026-09-09 20:57:30 +0200: Memory Usage (465456K) : metal5_opc has 0 polygons
2026-09-09 20:57:30 +0200: Memory Usage (465616K) : metal5_noqrc has 0 polygons
2026-09-09 20:57:30 +0200: Memory Usage (465616K) : metal5_res has 0 polygons
2026-09-09 20:57:30 +0200: Memory Usage (465616K) : metal5_iprobe has 0 polygons
2026-09-09 20:57:30 +0200: Memory Usage (465776K) : metal5_diffprb has 0 polygons
2026-09-09 20:57:30 +0200: Memory Usage (465776K) : radhard_drw has 0 polygons
2026-09-09 20:57:30 +0200: Memory Usage (465776K) : memcap_drw has 0 polygons
2026-09-09 20:57:30 +0200: Memory Usage (465936K) : varicap_drw has 0 polygons
2026-09-09 20:57:30 +0200: Memory Usage (465936K) : flash_drw has 0 polygons
2026-09-09 20:57:30 +0200: Memory Usage (465936K) : intbondvia_drw has 0 polygons
2026-09-09 20:57:30 +0200: Memory Usage (466096K) : intbondmet_drw has 0 polygons
2026-09-09 20:57:30 +0200: Memory Usage (466096K) : devbondvia_drw has 0 polygons
2026-09-09 20:57:30 +0200: Memory Usage (466096K) : devbondmet_drw has 0 polygons
2026-09-09 20:57:30 +0200: Memory Usage (466256K) : devtrench_drw has 0 polygons
2026-09-09 20:57:30 +0200: Memory Usage (466256K) : redist_drw has 0 polygons
2026-09-09 20:57:30 +0200: Memory Usage (466256K) : graphbot_drw has 0 polygons
2026-09-09 20:57:30 +0200: Memory Usage (466416K) : graphtop_drw has 0 polygons
2026-09-09 20:57:30 +0200: Memory Usage (466416K) : antvia1_drw has 0 polygons
2026-09-09 20:57:30 +0200: Memory Usage (466416K) : antmetal2_drw has 0 polygons
2026-09-09 20:57:30 +0200: Memory Usage (466576K) : graphcont_drw has 0 polygons
2026-09-09 20:57:30 +0200: Memory Usage (466576K) : siwg_drw has 0 polygons
2026-09-09 20:57:30 +0200: Memory Usage (466576K) : siwg_filler has 0 polygons
2026-09-09 20:57:30 +0200: Memory Usage (466576K) : siwg_nofill has 0 polygons
2026-09-09 20:57:30 +0200: Memory Usage (466736K) : sigrating_drw has 0 polygons
2026-09-09 20:57:30 +0200: Memory Usage (466736K) : singrating_drw has 0 polygons
2026-09-09 20:57:30 +0200: Memory Usage (466896K) : graphpas_drw has 0 polygons
2026-09-09 20:57:30 +0200: Memory Usage (466896K) : emwind3_drw has 0 polygons
2026-09-09 20:57:30 +0200: Memory Usage (466896K) : emwihv3_drw has 0 polygons
2026-09-09 20:57:30 +0200: Memory Usage (466896K) : redbulay_drw has 0 polygons
2026-09-09 20:57:30 +0200: Memory Usage (466896K) : smos_drw has 0 polygons
2026-09-09 20:57:30 +0200: Memory Usage (467056K) : graphpad_drw has 0 polygons
2026-09-09 20:57:30 +0200: Memory Usage (467056K) : polimide_drw has 0 polygons
2026-09-09 20:57:30 +0200: Memory Usage (467056K) : polimide_pin has 0 polygons
2026-09-09 20:57:30 +0200: Memory Usage (467056K) : recog_drw has 0 polygons
2026-09-09 20:57:30 +0200: Memory Usage (467216K) : recog_pin has 0 polygons
2026-09-09 20:57:30 +0200: Memory Usage (467216K) : recog_esd has 0 polygons
2026-09-09 20:57:30 +0200: Memory Usage (467216K) : recog_diode has 0 polygons
2026-09-09 20:57:30 +0200: Memory Usage (467376K) : recog_tsv has 0 polygons
2026-09-09 20:57:30 +0200: Memory Usage (467376K) : recog_iprobe has 0 polygons
2026-09-09 20:57:30 +0200: Memory Usage (467376K) : recog_diffprb has 0 polygons
2026-09-09 20:57:30 +0200: Memory Usage (467536K) : recog_pillar has 0 polygons
2026-09-09 20:57:30 +0200: Memory Usage (467536K) : recog_sbump has 0 polygons
2026-09-09 20:57:30 +0200: Memory Usage (467536K) : recog_otp has 0 polygons
2026-09-09 20:57:30 +0200: Memory Usage (467696K) : recog_pdiode has 0 polygons
2026-09-09 20:57:30 +0200: Memory Usage (467696K) : recog_mom has 0 polygons
2026-09-09 20:57:30 +0200: Memory Usage (467696K) : recog_pcm has 0 polygons
2026-09-09 20:57:30 +0200: Memory Usage (467856K) : colopen_drw has 0 polygons
2026-09-09 20:57:30 +0200: Memory Usage (467856K) : graphmetal1_drw has 0 polygons
2026-09-09 20:57:30 +0200: Memory Usage (467856K) : graphmetal1_filler has 0 polygons
2026-09-09 20:57:30 +0200: Memory Usage (468016K) : graphmetal1_nofill has 0 polygons
2026-09-09 20:57:30 +0200: Memory Usage (468016K) : graphmetal1_slit has 0 polygons
2026-09-09 20:57:30 +0200: Memory Usage (468176K) : graphmetal1_opc has 0 polygons
2026-09-09 20:57:30 +0200: Memory Usage (468176K) : graphmet1l_drw has 0 polygons
2026-09-09 20:57:30 +0200: Memory Usage (468176K) : graphmet1l_filler has 0 polygons
2026-09-09 20:57:30 +0200: Memory Usage (468336K) : graphmet1l_nofill has 0 polygons
2026-09-09 20:57:30 +0200: Memory Usage (468336K) : graphmet1l_slit has 0 polygons
2026-09-09 20:57:30 +0200: Memory Usage (468336K) : graphmet1l_opc has 0 polygons
2026-09-09 20:57:30 +0200: Memory Usage (468496K) : extblock_drw has 0 polygons
2026-09-09 20:57:30 +0200: Memory Usage (468496K) : nldd_drw has 0 polygons
2026-09-09 20:57:30 +0200: Memory Usage (468496K) : pldd_drw has 0 polygons
2026-09-09 20:57:30 +0200: Memory Usage (468656K) : next_drw has 0 polygons
2026-09-09 20:57:30 +0200: Memory Usage (468656K) : pext_drw has 0 polygons
2026-09-09 20:57:30 +0200: Memory Usage (468656K) : nexthv_drw has 0 polygons
2026-09-09 20:57:30 +0200: Memory Usage (468816K) : pexthv_drw has 0 polygons
2026-09-09 20:57:30 +0200: Memory Usage (468816K) : graphgate_drw has 0 polygons
2026-09-09 20:57:30 +0200: Memory Usage (468816K) : sinwg_drw has 0 polygons
2026-09-09 20:57:30 +0200: Memory Usage (468976K) : sinwg_filler has 0 polygons
2026-09-09 20:57:30 +0200: Memory Usage (468976K) : sinwg_nofill has 0 polygons
2026-09-09 20:57:30 +0200: Memory Usage (468976K) : mempad_drw has 0 polygons
2026-09-09 20:57:30 +0200: Memory Usage (468976K) : topvia1_drw has 0 polygons
2026-09-09 20:57:30 +0200: Memory Usage (468976K) : topmetal1_drw has 0 polygons
2026-09-09 20:57:30 +0200: Memory Usage (468976K) : topmetal1_pin has 0 polygons
2026-09-09 20:57:30 +0200: Memory Usage (468976K) : topmetal1_mask has 0 polygons
2026-09-09 20:57:30 +0200: Memory Usage (468976K) : topmetal1_filler has 0 polygons
2026-09-09 20:57:30 +0200: Memory Usage (468976K) : topmetal1_nofill has 0 polygons
2026-09-09 20:57:30 +0200: Memory Usage (468976K) : topmetal1_slit has 0 polygons
2026-09-09 20:57:30 +0200: Memory Usage (468976K) : topmetal1_text has 0 polygons
2026-09-09 20:57:30 +0200: Memory Usage (469136K) : topmetal1_noqrc has 0 polygons
2026-09-09 20:57:30 +0200: Memory Usage (469136K) : topmetal1_res has 0 polygons
2026-09-09 20:57:30 +0200: Memory Usage (469136K) : topmetal1_iprobe has 0 polygons
2026-09-09 20:57:30 +0200: Memory Usage (469296K) : topmetal1_diffprb has 0 polygons
2026-09-09 20:57:30 +0200: Memory Usage (469296K) : inldpwl_drw has 0 polygons
2026-09-09 20:57:30 +0200: Memory Usage (469296K) : polyres_drw has 0 polygons
2026-09-09 20:57:30 +0200: Memory Usage (469456K) : polyres_pin has 0 polygons
2026-09-09 20:57:30 +0200: Memory Usage (469456K) : vmim_drw has 0 polygons
2026-09-09 20:57:30 +0200: Memory Usage (469456K) : nbulaycut_drw has 0 polygons
2026-09-09 20:57:30 +0200: Memory Usage (469616K) : antmetal1_drw has 0 polygons
2026-09-09 20:57:30 +0200: Memory Usage (469616K) : topvia2_drw has 0 polygons
2026-09-09 20:57:30 +0200: Memory Usage (469616K) : topmetal2_drw has 0 polygons
2026-09-09 20:57:30 +0200: Memory Usage (469776K) : topmetal2_pin has 0 polygons
2026-09-09 20:57:30 +0200: Memory Usage (469776K) : topmetal2_mask has 0 polygons
2026-09-09 20:57:30 +0200: Memory Usage (469936K) : topmetal2_filler has 0 polygons
2026-09-09 20:57:30 +0200: Memory Usage (469936K) : topmetal2_nofill has 0 polygons
2026-09-09 20:57:30 +0200: Memory Usage (469936K) : topmetal2_slit has 0 polygons
2026-09-09 20:57:30 +0200: Memory Usage (470096K) : topmetal2_text has 0 polygons
2026-09-09 20:57:30 +0200: Memory Usage (470096K) : topmetal2_noqrc has 0 polygons
2026-09-09 20:57:30 +0200: Memory Usage (470096K) : topmetal2_res has 0 polygons
2026-09-09 20:57:30 +0200: Memory Usage (470256K) : topmetal2_iprobe has 0 polygons
2026-09-09 20:57:30 +0200: Memory Usage (470256K) : topmetal2_diffprb has 0 polygons
2026-09-09 20:57:30 +0200: Memory Usage (470256K) : snsring_drw has 0 polygons
2026-09-09 20:57:30 +0200: Memory Usage (470416K) : sensor_drw has 0 polygons
2026-09-09 20:57:30 +0200: Memory Usage (470416K) : snsarms_drw has 0 polygons
2026-09-09 20:57:30 +0200: Memory Usage (470416K) : snscmosvia_drw has 0 polygons
2026-09-09 20:57:30 +0200: Memory Usage (470416K) : colwind_drw has 0 polygons
2026-09-09 20:57:30 +0200: Memory Usage (470576K) : flm_drw has 0 polygons
2026-09-09 20:57:30 +0200: Memory Usage (470576K) : hafniumox_drw has 0 polygons
2026-09-09 20:57:30 +0200: Memory Usage (470576K) : memvia_drw has 0 polygons
2026-09-09 20:57:30 +0200: Memory Usage (470736K) : thinfilmres_drw has 0 polygons
2026-09-09 20:57:30 +0200: Memory Usage (470736K) : rfmem_drw has 0 polygons
2026-09-09 20:57:30 +0200: Memory Usage (470736K) : norcx_drw has 0 polygons
2026-09-09 20:57:30 +0200: Memory Usage (470896K) : norcx_m2m3 has 0 polygons
2026-09-09 20:57:30 +0200: Memory Usage (470896K) : norcx_m2m4 has 0 polygons
2026-09-09 20:57:30 +0200: Memory Usage (470896K) : norcx_m2m5 has 0 polygons
2026-09-09 20:57:30 +0200: Memory Usage (471056K) : norcx_m2tm1 has 0 polygons
2026-09-09 20:57:30 +0200: Memory Usage (471056K) : norcx_m2tm2 has 0 polygons
2026-09-09 20:57:30 +0200: Memory Usage (471216K) : norcx_m3m4 has 0 polygons
2026-09-09 20:57:30 +0200: Memory Usage (471216K) : norcx_m3m5 has 0 polygons
2026-09-09 20:57:30 +0200: Memory Usage (471216K) : norcx_m3tm1 has 0 polygons
2026-09-09 20:57:30 +0200: Memory Usage (471376K) : norcx_m3tm2 has 0 polygons
2026-09-09 20:57:30 +0200: Memory Usage (471376K) : norcx_m4m5 has 0 polygons
2026-09-09 20:57:30 +0200: Memory Usage (471376K) : norcx_m4tm1 has 0 polygons
2026-09-09 20:57:30 +0200: Memory Usage (471536K) : norcx_m4tm2 has 0 polygons
2026-09-09 20:57:30 +0200: Memory Usage (471536K) : norcx_m5tm1 has 0 polygons
2026-09-09 20:57:30 +0200: Memory Usage (471536K) : norcx_m5tm2 has 0 polygons
2026-09-09 20:57:30 +0200: Memory Usage (471696K) : norcx_tm1tm2 has 0 polygons
2026-09-09 20:57:30 +0200: Memory Usage (471696K) : norcx_m1sub has 0 polygons
2026-09-09 20:57:30 +0200: Memory Usage (471696K) : norcx_m2sub has 0 polygons
2026-09-09 20:57:30 +0200: Memory Usage (471856K) : norcx_m3sub has 0 polygons
2026-09-09 20:57:30 +0200: Memory Usage (471856K) : norcx_m4sub has 0 polygons
2026-09-09 20:57:30 +0200: Memory Usage (471856K) : norcx_m5sub has 0 polygons
2026-09-09 20:57:30 +0200: Memory Usage (472016K) : norcx_tm1sub has 0 polygons
2026-09-09 20:57:30 +0200: Memory Usage (472016K) : norcx_tm2sub has 0 polygons
2026-09-09 20:57:30 +0200: Memory Usage (472016K) : snsbotvia_drw has 0 polygons
2026-09-09 20:57:30 +0200: Memory Usage (472176K) : snstopvia_drw has 0 polygons
2026-09-09 20:57:30 +0200: Memory Usage (472176K) : deepvia_drw has 0 polygons
2026-09-09 20:57:30 +0200: Memory Usage (472176K) : fgetch_drw has 0 polygons
2026-09-09 20:57:30 +0200: Memory Usage (472336K) : ctrgat_drw has 0 polygons
2026-09-09 20:57:30 +0200: Memory Usage (472336K) : fgimp_drw has 0 polygons
2026-09-09 20:57:30 +0200: Memory Usage (472336K) : emwihv_drw has 0 polygons
2026-09-09 20:57:30 +0200: Memory Usage (472496K) : lbe_drw has 0 polygons
2026-09-09 20:57:30 +0200: Memory Usage (472496K) : alcustop_drw has 0 polygons
2026-09-09 20:57:30 +0200: Memory Usage (472496K) : nometfiller_drw has 0 polygons
2026-09-09 20:57:30 +0200: Memory Usage (472656K) : prboundary_drw has 0 polygons
2026-09-09 20:57:30 +0200: Memory Usage (472656K) : exchange0_drw has 0 polygons
2026-09-09 20:57:30 +0200: Memory Usage (472656K) : exchange0_pin has 0 polygons
2026-09-09 20:57:30 +0200: Memory Usage (472816K) : exchange0_text has 0 polygons
2026-09-09 20:57:30 +0200: Memory Usage (472816K) : exchange1_drw has 0 polygons
2026-09-09 20:57:30 +0200: Memory Usage (472816K) : exchange1_pin has 0 polygons
2026-09-09 20:57:30 +0200: Memory Usage (472976K) : exchange1_text has 0 polygons
2026-09-09 20:57:30 +0200: Memory Usage (472976K) : exchange2_drw has 0 polygons
2026-09-09 20:57:30 +0200: Memory Usage (472976K) : exchange2_pin has 0 polygons
2026-09-09 20:57:30 +0200: Memory Usage (473136K) : exchange2_text has 0 polygons
2026-09-09 20:57:30 +0200: Memory Usage (473136K) : exchange3_drw has 0 polygons
2026-09-09 20:57:30 +0200: Memory Usage (473136K) : exchange3_pin has 0 polygons
2026-09-09 20:57:30 +0200: Memory Usage (473296K) : exchange3_text has 0 polygons
2026-09-09 20:57:30 +0200: Memory Usage (473296K) : exchange4_drw has 0 polygons
2026-09-09 20:57:30 +0200: Memory Usage (473296K) : exchange4_pin has 0 polygons
2026-09-09 20:57:30 +0200: Memory Usage (473296K) : exchange4_text has 0 polygons
2026-09-09 20:57:30 +0200: Memory Usage (473456K) : isonwell_drw has 0 polygons
2026-09-09 20:57:30 +0200: Memory Usage (473456K) : Total no. of polygons in the design is 99
2026-09-09 20:57:30 +0200: Memory Usage (473456K) : Loaded TECH DRC rules values from /foss/pdks/ihp-sg13g2/libs.tech/klayout/python/sg13g2_pycell_lib/sg13g2_tech_mod.json
2026-09-09 20:57:30 +0200: Memory Usage (473456K) : Loaded default DRC rules values from /foss/pdks/ihp-sg13g2/libs.tech/klayout/tech/drc/rule_decks/sg13g2_tech_default.json
2026-09-09 20:57:30 +0200: Memory Usage (473456K) : The following rules values were missing in tech json and default values were used:
2026-09-09 20:57:30 +0200: Memory Usage (473456K) :   - NW_f1_digibnd
2026-09-09 20:57:30 +0200: Memory Usage (473456K) :   - Cnt_c_digibnd
2026-09-09 20:57:30 +0200: Memory Usage (473456K) :   - Cnt_c_sram
2026-09-09 20:57:30 +0200: Memory Usage (473456K) :   - Sdiod_b
2026-09-09 20:57:30 +0200: Memory Usage (473456K) :   - Sdiod_c
2026-09-09 20:57:30 +0200: Memory Usage (474608K) : Total area of the design is 18.9648 um^2.
2026-09-09 20:57:30 +0200: Memory Usage (474608K) : The design dimensions are 4.32 µm * 4.39 µm.
2026-09-09 20:57:30 +0200: Memory Usage (474608K) : Starting general IHP-SG13G2 derivations.
2026-09-09 20:57:30 +0200: Memory Usage (474608K) : Starting Pwell derivations
2026-09-09 20:57:30 +0200: Memory Usage (476828K) : Starting IHP-SG13G2 DRC rules.
2026-09-09 20:57:30 +0200: Memory Usage (476828K) : Starting 5.21. TopVia1 table
2026-09-09 20:57:30 +0200: Memory Usage (476828K) : Executing rule TV1.a
2026-09-09 20:57:30 +0200: Memory Usage (476828K) : Executing rule TV1.b
2026-09-09 20:57:30 +0200: Memory Usage (477004K) : Executing rule TV1.c
2026-09-09 20:57:30 +0200: Memory Usage (477004K) : Executing rule TV1.d
2026-09-09 20:57:30 +0200: Memory Usage (477004K) : KLayout DRC run for tables 'topvia1' completed in 0.2 seconds
