# Logfile created on 2026-09-09 20:57:29 +0200 by logger.rb/v1.5.3
2026-09-09 20:57:29 +0200: Memory Usage (457116K) : Starting running IHP-SG13G2 KLayout DRC runset on /foss/designs/aion_chip/flow/regress/AION_nand2_o21ai_0/AION_nand2_o21ai_0.gds
2026-09-09 20:57:29 +0200: Memory Usage (457116K) : Ruby Version for klayout: 3.2.3
2026-09-09 20:57:29 +0200: Memory Usage (458104K) : Loading database to memory is complete.
2026-09-09 20:57:29 +0200: Memory Usage (458104K) : IHP-SG13G2 KLayout DRC runset output at: /foss/designs/aion_chip/flow/regress/AION_nand2_o21ai_0/drc/AION_nand2_o21ai_0.klayout.drc/AION_nand2_o21ai_0_AION_nand2_o21ai_0_vian.lyrdb
2026-09-09 20:57:29 +0200: Memory Usage (458104K) : Evaluate switches.
2026-09-09 20:57:29 +0200: Memory Usage (458104K) : tables selected: vian
2026-09-09 20:57:29 +0200: Memory Usage (458104K) : KLayout will use 15 thread(s) in tiling mode.
2026-09-09 20:57:29 +0200: Memory Usage (458104K) : deep mode is enabled.
2026-09-09 20:57:29 +0200: Memory Usage (458104K) : FEOL enabled: false
2026-09-09 20:57:29 +0200: Memory Usage (458104K) : BEOL enabled: false
2026-09-09 20:57:29 +0200: Memory Usage (458104K) : OFFGRID enabled: true
2026-09-09 20:57:29 +0200: Memory Usage (458104K) : ANGLE enabled: true
2026-09-09 20:57:29 +0200: Memory Usage (458104K) : PIN enabled: false
2026-09-09 20:57:29 +0200: Memory Usage (458104K) : FORBIDDEN enabled: false
2026-09-09 20:57:29 +0200: Memory Usage (458104K) : RECOMMENDED enabled: true
2026-09-09 20:57:29 +0200: Memory Usage (458104K) : PreCheck DRC enabled: false
2026-09-09 20:57:29 +0200: Memory Usage (458104K) : CONNECTIVITY_RULES enabled: false.
2026-09-09 20:57:29 +0200: Memory Usage (458104K) : Read in polygons from layers.
2026-09-09 20:57:29 +0200: Memory Usage (459064K) : activ_drw has 5 polygons
2026-09-09 20:57:29 +0200: Memory Usage (459064K) : activ_pin has 0 polygons
2026-09-09 20:57:29 +0200: Memory Usage (459064K) : activ_mask has 0 polygons
2026-09-09 20:57:29 +0200: Memory Usage (459064K) : activ_filler has 0 polygons
2026-09-09 20:57:29 +0200: Memory Usage (459064K) : activ_nofill has 0 polygons
2026-09-09 20:57:29 +0200: Memory Usage (459064K) : activ_opc has 0 polygons
2026-09-09 20:57:29 +0200: Memory Usage (459064K) : activ_iopc has 0 polygons
2026-09-09 20:57:29 +0200: Memory Usage (459064K) : activ_noqrc has 0 polygons
2026-09-09 20:57:29 +0200: Memory Usage (459064K) : biwind_drw has 0 polygons
2026-09-09 20:57:29 +0200: Memory Usage (459064K) : biwind_opc has 0 polygons
2026-09-09 20:57:29 +0200: Memory Usage (459064K) : pemwind_drw has 0 polygons
2026-09-09 20:57:29 +0200: Memory Usage (459064K) : gatpoly_drw has 10 polygons
2026-09-09 20:57:29 +0200: Memory Usage (459064K) : gatpoly_pin has 0 polygons
2026-09-09 20:57:29 +0200: Memory Usage (459064K) : gatpoly_filler has 0 polygons
2026-09-09 20:57:29 +0200: Memory Usage (459064K) : gatpoly_nofill has 0 polygons
2026-09-09 20:57:29 +0200: Memory Usage (459064K) : gatpoly_opc has 0 polygons
2026-09-09 20:57:29 +0200: Memory Usage (459064K) : gatpoly_iopc has 0 polygons
2026-09-09 20:57:29 +0200: Memory Usage (459064K) : gatpoly_noqrc has 0 polygons
2026-09-09 20:57:29 +0200: Memory Usage (459064K) : cont_drw has 41 polygons
2026-09-09 20:57:29 +0200: Memory Usage (459224K) : cont_opc has 0 polygons
2026-09-09 20:57:29 +0200: Memory Usage (459224K) : nsd_drw has 0 polygons
2026-09-09 20:57:29 +0200: Memory Usage (459224K) : nsd_block has 0 polygons
2026-09-09 20:57:29 +0200: Memory Usage (459224K) : metal1_drw has 23 polygons
2026-09-09 20:57:29 +0200: Memory Usage (459224K) : metal1_pin has 6 polygons
2026-09-09 20:57:29 +0200: Memory Usage (459384K) : metal1_mask has 0 polygons
2026-09-09 20:57:29 +0200: Memory Usage (459384K) : metal1_filler has 0 polygons
2026-09-09 20:57:29 +0200: Memory Usage (459384K) : metal1_nofill has 0 polygons
2026-09-09 20:57:29 +0200: Memory Usage (459544K) : metal1_slit has 0 polygons
2026-09-09 20:57:29 +0200: Memory Usage (459736K) : metal1_text has 6 polygons
2026-09-09 20:57:29 +0200: Memory Usage (459736K) : metal1_opc has 0 polygons
2026-09-09 20:57:29 +0200: Memory Usage (459896K) : metal1_noqrc has 0 polygons
2026-09-09 20:57:29 +0200: Memory Usage (459896K) : metal1_res has 0 polygons
2026-09-09 20:57:29 +0200: Memory Usage (459896K) : metal1_iprobe has 0 polygons
2026-09-09 20:57:29 +0200: Memory Usage (460056K) : metal1_diffprb has 0 polygons
2026-09-09 20:57:29 +0200: Memory Usage (460056K) : passiv_drw has 0 polygons
2026-09-09 20:57:29 +0200: Memory Usage (460056K) : passiv_pin has 0 polygons
2026-09-09 20:57:29 +0200: Memory Usage (460216K) : passiv_sbump has 0 polygons
2026-09-09 20:57:29 +0200: Memory Usage (460216K) : passiv_pillar has 0 polygons
2026-09-09 20:57:29 +0200: Memory Usage (460216K) : passiv_pdl has 0 polygons
2026-09-09 20:57:29 +0200: Memory Usage (460216K) : metal2_drw has 1 polygons
2026-09-09 20:57:29 +0200: Memory Usage (460376K) : metal2_pin has 1 polygons
2026-09-09 20:57:29 +0200: Memory Usage (460376K) : metal2_mask has 0 polygons
2026-09-09 20:57:29 +0200: Memory Usage (460376K) : metal2_filler has 0 polygons
2026-09-09 20:57:29 +0200: Memory Usage (460376K) : metal2_nofill has 0 polygons
2026-09-09 20:57:29 +0200: Memory Usage (460376K) : metal2_slit has 0 polygons
2026-09-09 20:57:29 +0200: Memory Usage (460376K) : metal2_text has 1 polygons
2026-09-09 20:57:29 +0200: Memory Usage (460376K) : metal2_opc has 0 polygons
2026-09-09 20:57:29 +0200: Memory Usage (460536K) : metal2_noqrc has 0 polygons
2026-09-09 20:57:29 +0200: Memory Usage (460536K) : metal2_res has 0 polygons
2026-09-09 20:57:29 +0200: Memory Usage (460536K) : metal2_iprobe has 0 polygons
2026-09-09 20:57:29 +0200: Memory Usage (460536K) : metal2_diffprb has 0 polygons
2026-09-09 20:57:29 +0200: Memory Usage (460536K) : baspoly_drw has 0 polygons
2026-09-09 20:57:29 +0200: Memory Usage (460536K) : baspoly_pin has 0 polygons
2026-09-09 20:57:29 +0200: Memory Usage (460696K) : psd_drw has 2 polygons
2026-09-09 20:57:29 +0200: Memory Usage (460696K) : nldb_drw has 0 polygons
2026-09-09 20:57:29 +0200: Memory Usage (460696K) : digibnd_drw has 0 polygons
2026-09-09 20:57:29 +0200: Memory Usage (460856K) : via1_drw has 2 polygons
2026-09-09 20:57:29 +0200: Memory Usage (460856K) : backmetal1_drw has 0 polygons
2026-09-09 20:57:29 +0200: Memory Usage (460856K) : backmetal1_pin has 0 polygons
2026-09-09 20:57:29 +0200: Memory Usage (461016K) : backmetal1_mask has 0 polygons
2026-09-09 20:57:29 +0200: Memory Usage (461016K) : backmetal1_filler has 0 polygons
2026-09-09 20:57:29 +0200: Memory Usage (461016K) : backmetal1_nofill has 0 polygons
2026-09-09 20:57:29 +0200: Memory Usage (461176K) : backmetal1_slit has 0 polygons
2026-09-09 20:57:29 +0200: Memory Usage (461176K) : backmetal1_text has 0 polygons
2026-09-09 20:57:29 +0200: Memory Usage (461176K) : backmetal1_opc has 0 polygons
2026-09-09 20:57:29 +0200: Memory Usage (461336K) : backmetal1_noqrc has 0 polygons
2026-09-09 20:57:29 +0200: Memory Usage (461496K) : backmetal1_res has 0 polygons
2026-09-09 20:57:29 +0200: Memory Usage (461496K) : backmetal1_iprobe has 0 polygons
2026-09-09 20:57:29 +0200: Memory Usage (461656K) : backmetal1_diffprb has 0 polygons
2026-09-09 20:57:29 +0200: Memory Usage (461656K) : backpassiv_drw has 0 polygons
2026-09-09 20:57:29 +0200: Memory Usage (461656K) : res_drw has 0 polygons
2026-09-09 20:57:29 +0200: Memory Usage (461816K) : sram_drw has 0 polygons
2026-09-09 20:57:29 +0200: Memory Usage (461816K) : trans_drw has 0 polygons
2026-09-09 20:57:29 +0200: Memory Usage (461816K) : ind_drw has 0 polygons
2026-09-09 20:57:29 +0200: Memory Usage (461976K) : ind_pin has 0 polygons
2026-09-09 20:57:29 +0200: Memory Usage (461976K) : ind_text has 0 polygons
2026-09-09 20:57:29 +0200: Memory Usage (461976K) : salblock_drw has 0 polygons
2026-09-09 20:57:29 +0200: Memory Usage (462136K) : via2_drw has 0 polygons
2026-09-09 20:57:29 +0200: Memory Usage (462136K) : metal3_drw has 0 polygons
2026-09-09 20:57:29 +0200: Memory Usage (462136K) : metal3_pin has 0 polygons
2026-09-09 20:57:29 +0200: Memory Usage (462296K) : metal3_mask has 0 polygons
2026-09-09 20:57:29 +0200: Memory Usage (462296K) : metal3_filler has 0 polygons
2026-09-09 20:57:29 +0200: Memory Usage (462296K) : metal3_nofill has 0 polygons
2026-09-09 20:57:29 +0200: Memory Usage (462456K) : metal3_slit has 0 polygons
2026-09-09 20:57:29 +0200: Memory Usage (462456K) : metal3_text has 0 polygons
2026-09-09 20:57:29 +0200: Memory Usage (462456K) : metal3_opc has 0 polygons
2026-09-09 20:57:29 +0200: Memory Usage (462616K) : metal3_noqrc has 0 polygons
2026-09-09 20:57:29 +0200: Memory Usage (462776K) : metal3_res has 0 polygons
2026-09-09 20:57:29 +0200: Memory Usage (462776K) : metal3_iprobe has 0 polygons
2026-09-09 20:57:29 +0200: Memory Usage (462776K) : metal3_diffprb has 0 polygons
2026-09-09 20:57:29 +0200: Memory Usage (462936K) : nwell_drw has 1 polygons
2026-09-09 20:57:29 +0200: Memory Usage (462936K) : nwell_pin has 0 polygons
2026-09-09 20:57:29 +0200: Memory Usage (462936K) : nbulay_drw has 0 polygons
2026-09-09 20:57:29 +0200: Memory Usage (462936K) : nbulay_pin has 0 polygons
2026-09-09 20:57:29 +0200: Memory Usage (462936K) : nbulay_block has 0 polygons
2026-09-09 20:57:29 +0200: Memory Usage (463096K) : emwind_drw has 0 polygons
2026-09-09 20:57:29 +0200: Memory Usage (463096K) : emwind_opc has 0 polygons
2026-09-09 20:57:29 +0200: Memory Usage (463096K) : deepco_drw has 0 polygons
2026-09-09 20:57:29 +0200: Memory Usage (463096K) : deepco_drw has 0 polygons
2026-09-09 20:57:29 +0200: Memory Usage (463256K) : mim_drw has 0 polygons
2026-09-09 20:57:29 +0200: Memory Usage (463256K) : edgeseal_drw has 0 polygons
2026-09-09 20:57:29 +0200: Memory Usage (463256K) : edgeseal_bound has 0 polygons
2026-09-09 20:57:29 +0200: Memory Usage (463256K) : substrate_drw has 0 polygons
2026-09-09 20:57:29 +0200: Memory Usage (463416K) : substrate_text has 0 polygons
2026-09-09 20:57:29 +0200: Memory Usage (463416K) : dfpad_drw has 0 polygons
2026-09-09 20:57:29 +0200: Memory Usage (463416K) : dfpad_pillar has 0 polygons
2026-09-09 20:57:29 +0200: Memory Usage (463416K) : dfpad_sbump has 0 polygons
2026-09-09 20:57:29 +0200: Memory Usage (463576K) : thickgateox_drw has 0 polygons
2026-09-09 20:57:29 +0200: Memory Usage (463576K) : pldb_drw has 0 polygons
2026-09-09 20:57:29 +0200: Memory Usage (463576K) : pwell_drw has 0 polygons
2026-09-09 20:57:29 +0200: Memory Usage (463736K) : pwell_pin has 0 polygons
2026-09-09 20:57:29 +0200: Memory Usage (463736K) : pwell_block has 0 polygons
2026-09-09 20:57:29 +0200: Memory Usage (463736K) : ic_drw has 0 polygons
2026-09-09 20:57:29 +0200: Memory Usage (463896K) : via3_drw has 0 polygons
2026-09-09 20:57:29 +0200: Memory Usage (463896K) : metal4_drw has 0 polygons
2026-09-09 20:57:29 +0200: Memory Usage (463896K) : metal4_pin has 0 polygons
2026-09-09 20:57:29 +0200: Memory Usage (464056K) : metal4_mask has 0 polygons
2026-09-09 20:57:29 +0200: Memory Usage (464056K) : metal4_filler has 0 polygons
2026-09-09 20:57:29 +0200: Memory Usage (464056K) : metal4_nofill has 0 polygons
2026-09-09 20:57:29 +0200: Memory Usage (464216K) : metal4_slit has 0 polygons
2026-09-09 20:57:29 +0200: Memory Usage (464216K) : metal4_text has 0 polygons
2026-09-09 20:57:29 +0200: Memory Usage (464216K) : metal4_opc has 0 polygons
2026-09-09 20:57:29 +0200: Memory Usage (464376K) : metal4_noqrc has 0 polygons
2026-09-09 20:57:29 +0200: Memory Usage (464376K) : metal4_res has 0 polygons
2026-09-09 20:57:29 +0200: Memory Usage (464376K) : metal4_iprobe has 0 polygons
2026-09-09 20:57:29 +0200: Memory Usage (464536K) : metal4_diffprb has 0 polygons
2026-09-09 20:57:29 +0200: Memory Usage (464536K) : heattrans_drw has 0 polygons
2026-09-09 20:57:29 +0200: Memory Usage (464536K) : heatres_drw has 0 polygons
2026-09-09 20:57:29 +0200: Memory Usage (464696K) : pempoly_drw has 0 polygons
2026-09-09 20:57:29 +0200: Memory Usage (464696K) : fbe_drw has 0 polygons
2026-09-09 20:57:29 +0200: Memory Usage (464696K) : empoly_drw has 0 polygons
2026-09-09 20:57:29 +0200: Memory Usage (464856K) : ldmos_drw has 0 polygons
2026-09-09 20:57:29 +0200: Memory Usage (464856K) : pbiwind_drw has 0 polygons
2026-09-09 20:57:29 +0200: Memory Usage (464856K) : digisub_drw has 0 polygons
2026-09-09 20:57:29 +0200: Memory Usage (465016K) : nodrc_drw has 0 polygons
2026-09-09 20:57:29 +0200: Memory Usage (465016K) : text_drw has 0 polygons
2026-09-09 20:57:29 +0200: Memory Usage (465016K) : via4_drw has 0 polygons
2026-09-09 20:57:29 +0200: Memory Usage (465016K) : metal5_drw has 0 polygons
2026-09-09 20:57:29 +0200: Memory Usage (465176K) : metal5_pin has 0 polygons
2026-09-09 20:57:29 +0200: Memory Usage (465176K) : metal5_mask has 0 polygons
2026-09-09 20:57:29 +0200: Memory Usage (465176K) : metal5_filler has 0 polygons
2026-09-09 20:57:29 +0200: Memory Usage (465176K) : metal5_nofill has 0 polygons
2026-09-09 20:57:29 +0200: Memory Usage (465336K) : metal5_slit has 0 polygons
2026-09-09 20:57:29 +0200: Memory Usage (465336K) : metal5_text has 0 polygons
2026-09-09 20:57:29 +0200: Memory Usage (465336K) : metal5_opc has 0 polygons
2026-09-09 20:57:29 +0200: Memory Usage (465496K) : metal5_noqrc has 0 polygons
2026-09-09 20:57:29 +0200: Memory Usage (465496K) : metal5_res has 0 polygons
2026-09-09 20:57:29 +0200: Memory Usage (465496K) : metal5_iprobe has 0 polygons
2026-09-09 20:57:29 +0200: Memory Usage (465656K) : metal5_diffprb has 0 polygons
2026-09-09 20:57:29 +0200: Memory Usage (465656K) : radhard_drw has 0 polygons
2026-09-09 20:57:29 +0200: Memory Usage (465656K) : memcap_drw has 0 polygons
2026-09-09 20:57:29 +0200: Memory Usage (465816K) : varicap_drw has 0 polygons
2026-09-09 20:57:29 +0200: Memory Usage (465816K) : flash_drw has 0 polygons
2026-09-09 20:57:29 +0200: Memory Usage (465816K) : intbondvia_drw has 0 polygons
2026-09-09 20:57:29 +0200: Memory Usage (465976K) : intbondmet_drw has 0 polygons
2026-09-09 20:57:29 +0200: Memory Usage (465976K) : devbondvia_drw has 0 polygons
2026-09-09 20:57:29 +0200: Memory Usage (465976K) : devbondmet_drw has 0 polygons
2026-09-09 20:57:29 +0200: Memory Usage (466136K) : devtrench_drw has 0 polygons
2026-09-09 20:57:29 +0200: Memory Usage (466136K) : redist_drw has 0 polygons
2026-09-09 20:57:29 +0200: Memory Usage (466136K) : graphbot_drw has 0 polygons
2026-09-09 20:57:29 +0200: Memory Usage (466296K) : graphtop_drw has 0 polygons
2026-09-09 20:57:29 +0200: Memory Usage (466296K) : antvia1_drw has 0 polygons
2026-09-09 20:57:29 +0200: Memory Usage (466296K) : antmetal2_drw has 0 polygons
2026-09-09 20:57:29 +0200: Memory Usage (466456K) : graphcont_drw has 0 polygons
2026-09-09 20:57:29 +0200: Memory Usage (466456K) : siwg_drw has 0 polygons
2026-09-09 20:57:29 +0200: Memory Usage (466456K) : siwg_filler has 0 polygons
2026-09-09 20:57:29 +0200: Memory Usage (466616K) : siwg_nofill has 0 polygons
2026-09-09 20:57:29 +0200: Memory Usage (466616K) : sigrating_drw has 0 polygons
2026-09-09 20:57:29 +0200: Memory Usage (466616K) : singrating_drw has 0 polygons
2026-09-09 20:57:29 +0200: Memory Usage (466776K) : graphpas_drw has 0 polygons
2026-09-09 20:57:29 +0200: Memory Usage (466776K) : emwind3_drw has 0 polygons
2026-09-09 20:57:29 +0200: Memory Usage (466776K) : emwihv3_drw has 0 polygons
2026-09-09 20:57:29 +0200: Memory Usage (466936K) : redbulay_drw has 0 polygons
2026-09-09 20:57:29 +0200: Memory Usage (466936K) : smos_drw has 0 polygons
2026-09-09 20:57:29 +0200: Memory Usage (466936K) : graphpad_drw has 0 polygons
2026-09-09 20:57:29 +0200: Memory Usage (466936K) : polimide_drw has 0 polygons
2026-09-09 20:57:29 +0200: Memory Usage (466936K) : polimide_pin has 0 polygons
2026-09-09 20:57:29 +0200: Memory Usage (467096K) : recog_drw has 0 polygons
2026-09-09 20:57:29 +0200: Memory Usage (467096K) : recog_pin has 0 polygons
2026-09-09 20:57:29 +0200: Memory Usage (467096K) : recog_esd has 0 polygons
2026-09-09 20:57:29 +0200: Memory Usage (467096K) : recog_diode has 0 polygons
2026-09-09 20:57:29 +0200: Memory Usage (467256K) : recog_tsv has 0 polygons
2026-09-09 20:57:29 +0200: Memory Usage (467256K) : recog_iprobe has 0 polygons
2026-09-09 20:57:29 +0200: Memory Usage (467256K) : recog_diffprb has 0 polygons
2026-09-09 20:57:29 +0200: Memory Usage (467416K) : recog_pillar has 0 polygons
2026-09-09 20:57:29 +0200: Memory Usage (467416K) : recog_sbump has 0 polygons
2026-09-09 20:57:29 +0200: Memory Usage (467416K) : recog_otp has 0 polygons
2026-09-09 20:57:29 +0200: Memory Usage (467576K) : recog_pdiode has 0 polygons
2026-09-09 20:57:29 +0200: Memory Usage (467576K) : recog_mom has 0 polygons
2026-09-09 20:57:29 +0200: Memory Usage (467576K) : recog_pcm has 0 polygons
2026-09-09 20:57:29 +0200: Memory Usage (467736K) : colopen_drw has 0 polygons
2026-09-09 20:57:29 +0200: Memory Usage (467736K) : graphmetal1_drw has 0 polygons
2026-09-09 20:57:29 +0200: Memory Usage (467736K) : graphmetal1_filler has 0 polygons
2026-09-09 20:57:29 +0200: Memory Usage (467896K) : graphmetal1_nofill has 0 polygons
2026-09-09 20:57:29 +0200: Memory Usage (467896K) : graphmetal1_slit has 0 polygons
2026-09-09 20:57:29 +0200: Memory Usage (467896K) : graphmetal1_opc has 0 polygons
2026-09-09 20:57:29 +0200: Memory Usage (468056K) : graphmet1l_drw has 0 polygons
2026-09-09 20:57:29 +0200: Memory Usage (468056K) : graphmet1l_filler has 0 polygons
2026-09-09 20:57:29 +0200: Memory Usage (468056K) : graphmet1l_nofill has 0 polygons
2026-09-09 20:57:29 +0200: Memory Usage (468216K) : graphmet1l_slit has 0 polygons
2026-09-09 20:57:29 +0200: Memory Usage (468216K) : graphmet1l_opc has 0 polygons
2026-09-09 20:57:29 +0200: Memory Usage (468216K) : extblock_drw has 0 polygons
2026-09-09 20:57:29 +0200: Memory Usage (468376K) : nldd_drw has 0 polygons
2026-09-09 20:57:29 +0200: Memory Usage (468376K) : pldd_drw has 0 polygons
2026-09-09 20:57:29 +0200: Memory Usage (468376K) : next_drw has 0 polygons
2026-09-09 20:57:29 +0200: Memory Usage (468536K) : pext_drw has 0 polygons
2026-09-09 20:57:29 +0200: Memory Usage (468536K) : nexthv_drw has 0 polygons
2026-09-09 20:57:29 +0200: Memory Usage (468696K) : pexthv_drw has 0 polygons
2026-09-09 20:57:29 +0200: Memory Usage (468696K) : graphgate_drw has 0 polygons
2026-09-09 20:57:29 +0200: Memory Usage (468696K) : sinwg_drw has 0 polygons
2026-09-09 20:57:29 +0200: Memory Usage (468856K) : sinwg_filler has 0 polygons
2026-09-09 20:57:29 +0200: Memory Usage (468856K) : sinwg_nofill has 0 polygons
2026-09-09 20:57:29 +0200: Memory Usage (468856K) : mempad_drw has 0 polygons
2026-09-09 20:57:29 +0200: Memory Usage (469016K) : topvia1_drw has 0 polygons
2026-09-09 20:57:29 +0200: Memory Usage (469016K) : topmetal1_drw has 0 polygons
2026-09-09 20:57:29 +0200: Memory Usage (469016K) : topmetal1_pin has 0 polygons
2026-09-09 20:57:29 +0200: Memory Usage (469016K) : topmetal1_mask has 0 polygons
2026-09-09 20:57:29 +0200: Memory Usage (469016K) : topmetal1_filler has 0 polygons
2026-09-09 20:57:29 +0200: Memory Usage (469016K) : topmetal1_nofill has 0 polygons
2026-09-09 20:57:29 +0200: Memory Usage (469016K) : topmetal1_slit has 0 polygons
2026-09-09 20:57:29 +0200: Memory Usage (469016K) : topmetal1_text has 0 polygons
2026-09-09 20:57:29 +0200: Memory Usage (469016K) : topmetal1_noqrc has 0 polygons
2026-09-09 20:57:29 +0200: Memory Usage (469016K) : topmetal1_res has 0 polygons
2026-09-09 20:57:29 +0200: Memory Usage (469176K) : topmetal1_iprobe has 0 polygons
2026-09-09 20:57:29 +0200: Memory Usage (469176K) : topmetal1_diffprb has 0 polygons
2026-09-09 20:57:29 +0200: Memory Usage (469176K) : inldpwl_drw has 0 polygons
2026-09-09 20:57:29 +0200: Memory Usage (469336K) : polyres_drw has 0 polygons
2026-09-09 20:57:29 +0200: Memory Usage (469336K) : polyres_pin has 0 polygons
2026-09-09 20:57:29 +0200: Memory Usage (469336K) : vmim_drw has 0 polygons
2026-09-09 20:57:29 +0200: Memory Usage (469496K) : nbulaycut_drw has 0 polygons
2026-09-09 20:57:29 +0200: Memory Usage (469496K) : antmetal1_drw has 0 polygons
2026-09-09 20:57:29 +0200: Memory Usage (469496K) : topvia2_drw has 0 polygons
2026-09-09 20:57:29 +0200: Memory Usage (469656K) : topmetal2_drw has 0 polygons
2026-09-09 20:57:29 +0200: Memory Usage (469656K) : topmetal2_pin has 0 polygons
2026-09-09 20:57:29 +0200: Memory Usage (469656K) : topmetal2_mask has 0 polygons
2026-09-09 20:57:29 +0200: Memory Usage (469816K) : topmetal2_filler has 0 polygons
2026-09-09 20:57:29 +0200: Memory Usage (469816K) : topmetal2_nofill has 0 polygons
2026-09-09 20:57:29 +0200: Memory Usage (469816K) : topmetal2_slit has 0 polygons
2026-09-09 20:57:29 +0200: Memory Usage (469976K) : topmetal2_text has 0 polygons
2026-09-09 20:57:29 +0200: Memory Usage (469976K) : topmetal2_noqrc has 0 polygons
2026-09-09 20:57:29 +0200: Memory Usage (469976K) : topmetal2_res has 0 polygons
2026-09-09 20:57:29 +0200: Memory Usage (470136K) : topmetal2_iprobe has 0 polygons
2026-09-09 20:57:29 +0200: Memory Usage (470136K) : topmetal2_diffprb has 0 polygons
2026-09-09 20:57:29 +0200: Memory Usage (470136K) : snsring_drw has 0 polygons
2026-09-09 20:57:29 +0200: Memory Usage (470296K) : sensor_drw has 0 polygons
2026-09-09 20:57:29 +0200: Memory Usage (470296K) : snsarms_drw has 0 polygons
2026-09-09 20:57:29 +0200: Memory Usage (470296K) : snscmosvia_drw has 0 polygons
2026-09-09 20:57:29 +0200: Memory Usage (470456K) : colwind_drw has 0 polygons
2026-09-09 20:57:29 +0200: Memory Usage (470456K) : flm_drw has 0 polygons
2026-09-09 20:57:29 +0200: Memory Usage (470456K) : hafniumox_drw has 0 polygons
2026-09-09 20:57:29 +0200: Memory Usage (470616K) : memvia_drw has 0 polygons
2026-09-09 20:57:29 +0200: Memory Usage (470616K) : thinfilmres_drw has 0 polygons
2026-09-09 20:57:29 +0200: Memory Usage (470616K) : rfmem_drw has 0 polygons
2026-09-09 20:57:29 +0200: Memory Usage (470776K) : norcx_drw has 0 polygons
2026-09-09 20:57:29 +0200: Memory Usage (470776K) : norcx_m2m3 has 0 polygons
2026-09-09 20:57:29 +0200: Memory Usage (470776K) : norcx_m2m4 has 0 polygons
2026-09-09 20:57:29 +0200: Memory Usage (470936K) : norcx_m2m5 has 0 polygons
2026-09-09 20:57:29 +0200: Memory Usage (470936K) : norcx_m2tm1 has 0 polygons
2026-09-09 20:57:29 +0200: Memory Usage (470936K) : norcx_m2tm2 has 0 polygons
2026-09-09 20:57:29 +0200: Memory Usage (471096K) : norcx_m3m4 has 0 polygons
2026-09-09 20:57:29 +0200: Memory Usage (471096K) : norcx_m3m5 has 0 polygons
2026-09-09 20:57:29 +0200: Memory Usage (471096K) : norcx_m3tm1 has 0 polygons
2026-09-09 20:57:29 +0200: Memory Usage (471256K) : norcx_m3tm2 has 0 polygons
2026-09-09 20:57:29 +0200: Memory Usage (471256K) : norcx_m4m5 has 0 polygons
2026-09-09 20:57:29 +0200: Memory Usage (471256K) : norcx_m4tm1 has 0 polygons
2026-09-09 20:57:29 +0200: Memory Usage (471416K) : norcx_m4tm2 has 0 polygons
2026-09-09 20:57:29 +0200: Memory Usage (471416K) : norcx_m5tm1 has 0 polygons
2026-09-09 20:57:29 +0200: Memory Usage (471416K) : norcx_m5tm2 has 0 polygons
2026-09-09 20:57:29 +0200: Memory Usage (471576K) : norcx_tm1tm2 has 0 polygons
2026-09-09 20:57:29 +0200: Memory Usage (471576K) : norcx_m1sub has 0 polygons
2026-09-09 20:57:29 +0200: Memory Usage (471576K) : norcx_m2sub has 0 polygons
2026-09-09 20:57:29 +0200: Memory Usage (471736K) : norcx_m3sub has 0 polygons
2026-09-09 20:57:29 +0200: Memory Usage (471736K) : norcx_m4sub has 0 polygons
2026-09-09 20:57:29 +0200: Memory Usage (471736K) : norcx_m5sub has 0 polygons
2026-09-09 20:57:29 +0200: Memory Usage (471896K) : norcx_tm1sub has 0 polygons
2026-09-09 20:57:29 +0200: Memory Usage (471896K) : norcx_tm2sub has 0 polygons
2026-09-09 20:57:29 +0200: Memory Usage (471896K) : snsbotvia_drw has 0 polygons
2026-09-09 20:57:29 +0200: Memory Usage (472056K) : snstopvia_drw has 0 polygons
2026-09-09 20:57:29 +0200: Memory Usage (472056K) : deepvia_drw has 0 polygons
2026-09-09 20:57:29 +0200: Memory Usage (472056K) : fgetch_drw has 0 polygons
2026-09-09 20:57:29 +0200: Memory Usage (472216K) : ctrgat_drw has 0 polygons
2026-09-09 20:57:29 +0200: Memory Usage (472216K) : fgimp_drw has 0 polygons
2026-09-09 20:57:29 +0200: Memory Usage (472216K) : emwihv_drw has 0 polygons
2026-09-09 20:57:29 +0200: Memory Usage (472376K) : lbe_drw has 0 polygons
2026-09-09 20:57:29 +0200: Memory Usage (472376K) : alcustop_drw has 0 polygons
2026-09-09 20:57:29 +0200: Memory Usage (472376K) : nometfiller_drw has 0 polygons
2026-09-09 20:57:29 +0200: Memory Usage (472536K) : prboundary_drw has 0 polygons
2026-09-09 20:57:29 +0200: Memory Usage (472536K) : exchange0_drw has 0 polygons
2026-09-09 20:57:29 +0200: Memory Usage (472536K) : exchange0_pin has 0 polygons
2026-09-09 20:57:29 +0200: Memory Usage (472696K) : exchange0_text has 0 polygons
2026-09-09 20:57:29 +0200: Memory Usage (472696K) : exchange1_drw has 0 polygons
2026-09-09 20:57:29 +0200: Memory Usage (472696K) : exchange1_pin has 0 polygons
2026-09-09 20:57:29 +0200: Memory Usage (472856K) : exchange1_text has 0 polygons
2026-09-09 20:57:29 +0200: Memory Usage (472856K) : exchange2_drw has 0 polygons
2026-09-09 20:57:29 +0200: Memory Usage (472856K) : exchange2_pin has 0 polygons
2026-09-09 20:57:29 +0200: Memory Usage (473016K) : exchange2_text has 0 polygons
2026-09-09 20:57:29 +0200: Memory Usage (473016K) : exchange3_drw has 0 polygons
2026-09-09 20:57:29 +0200: Memory Usage (473016K) : exchange3_pin has 0 polygons
2026-09-09 20:57:29 +0200: Memory Usage (473176K) : exchange3_text has 0 polygons
2026-09-09 20:57:29 +0200: Memory Usage (473176K) : exchange4_drw has 0 polygons
2026-09-09 20:57:29 +0200: Memory Usage (473176K) : exchange4_pin has 0 polygons
2026-09-09 20:57:29 +0200: Memory Usage (473336K) : exchange4_text has 0 polygons
2026-09-09 20:57:29 +0200: Memory Usage (473336K) : isonwell_drw has 0 polygons
2026-09-09 20:57:29 +0200: Memory Usage (473336K) : Total no. of polygons in the design is 99
2026-09-09 20:57:29 +0200: Memory Usage (473336K) : Loaded TECH DRC rules values from /foss/pdks/ihp-sg13g2/libs.tech/klayout/python/sg13g2_pycell_lib/sg13g2_tech_mod.json
2026-09-09 20:57:29 +0200: Memory Usage (473336K) : Loaded default DRC rules values from /foss/pdks/ihp-sg13g2/libs.tech/klayout/tech/drc/rule_decks/sg13g2_tech_default.json
2026-09-09 20:57:29 +0200: Memory Usage (473336K) : The following rules values were missing in tech json and default values were used:
2026-09-09 20:57:29 +0200: Memory Usage (473336K) :   - NW_f1_digibnd
2026-09-09 20:57:29 +0200: Memory Usage (473336K) :   - Cnt_c_digibnd
2026-09-09 20:57:29 +0200: Memory Usage (473336K) :   - Cnt_c_sram
2026-09-09 20:57:29 +0200: Memory Usage (473336K) :   - Sdiod_b
2026-09-09 20:57:29 +0200: Memory Usage (473336K) :   - Sdiod_c
2026-09-09 20:57:29 +0200: Memory Usage (474648K) : Total area of the design is 18.9648 um^2.
2026-09-09 20:57:29 +0200: Memory Usage (474648K) : The design dimensions are 4.32 µm * 4.39 µm.
2026-09-09 20:57:29 +0200: Memory Usage (474648K) : Starting general IHP-SG13G2 derivations.
2026-09-09 20:57:29 +0200: Memory Usage (474648K) : Starting Pwell derivations
2026-09-09 20:57:29 +0200: Memory Usage (476716K) : Starting IHP-SG13G2 DRC rules.
2026-09-09 20:57:29 +0200: Memory Usage (476716K) : Starting 5.20. Vian table
2026-09-09 20:57:29 +0200: Memory Usage (476716K) : Executing rule V2.a
2026-09-09 20:57:29 +0200: Memory Usage (476884K) : Executing rule V2.b
2026-09-09 20:57:29 +0200: Memory Usage (477076K) : Executing rule V2.c
2026-09-09 20:57:29 +0200: Memory Usage (477076K) : Executing rule V3.a
2026-09-09 20:57:29 +0200: Memory Usage (477076K) : Executing rule V3.b
2026-09-09 20:57:29 +0200: Memory Usage (477076K) : Executing rule V3.c
2026-09-09 20:57:29 +0200: Memory Usage (477076K) : Executing rule V4.a
2026-09-09 20:57:29 +0200: Memory Usage (477076K) : Executing rule V4.b
2026-09-09 20:57:29 +0200: Memory Usage (477076K) : Executing rule V4.c
2026-09-09 20:57:29 +0200: Memory Usage (477076K) : KLayout DRC run for tables 'vian' completed in 0.2 seconds
