# Logfile created on 2026-09-09 20:57:27 +0200 by logger.rb/v1.5.3
2026-09-09 20:57:27 +0200: Memory Usage (455816K) : Starting running IHP-SG13G2 KLayout DRC runset on /foss/designs/aion_chip/flow/regress/AION_nand2_o21ai_0/AION_nand2_o21ai_0.gds
2026-09-09 20:57:27 +0200: Memory Usage (455816K) : Ruby Version for klayout: 3.2.3
2026-09-09 20:57:27 +0200: Memory Usage (456744K) : Loading database to memory is complete.
2026-09-09 20:57:27 +0200: Memory Usage (456744K) : IHP-SG13G2 KLayout DRC runset output at: /foss/designs/aion_chip/flow/regress/AION_nand2_o21ai_0/drc/AION_nand2_o21ai_0.klayout.drc/AION_nand2_o21ai_0_AION_nand2_o21ai_0_cont.lyrdb
2026-09-09 20:57:27 +0200: Memory Usage (456744K) : Evaluate switches.
2026-09-09 20:57:27 +0200: Memory Usage (456744K) : tables selected: cont
2026-09-09 20:57:27 +0200: Memory Usage (456744K) : KLayout will use 15 thread(s) in tiling mode.
2026-09-09 20:57:27 +0200: Memory Usage (456744K) : deep mode is enabled.
2026-09-09 20:57:27 +0200: Memory Usage (456744K) : FEOL enabled: false
2026-09-09 20:57:27 +0200: Memory Usage (456744K) : BEOL enabled: false
2026-09-09 20:57:27 +0200: Memory Usage (456744K) : OFFGRID enabled: true
2026-09-09 20:57:27 +0200: Memory Usage (456744K) : ANGLE enabled: true
2026-09-09 20:57:27 +0200: Memory Usage (456744K) : PIN enabled: false
2026-09-09 20:57:27 +0200: Memory Usage (456744K) : FORBIDDEN enabled: false
2026-09-09 20:57:27 +0200: Memory Usage (456744K) : RECOMMENDED enabled: true
2026-09-09 20:57:27 +0200: Memory Usage (456744K) : PreCheck DRC enabled: false
2026-09-09 20:57:27 +0200: Memory Usage (456744K) : CONNECTIVITY_RULES enabled: false.
2026-09-09 20:57:27 +0200: Memory Usage (456744K) : Read in polygons from layers.
2026-09-09 20:57:27 +0200: Memory Usage (457884K) : activ_drw has 5 polygons
2026-09-09 20:57:27 +0200: Memory Usage (457884K) : activ_pin has 0 polygons
2026-09-09 20:57:27 +0200: Memory Usage (457884K) : activ_mask has 0 polygons
2026-09-09 20:57:27 +0200: Memory Usage (457884K) : activ_filler has 0 polygons
2026-09-09 20:57:27 +0200: Memory Usage (457884K) : activ_nofill has 0 polygons
2026-09-09 20:57:27 +0200: Memory Usage (457884K) : activ_opc has 0 polygons
2026-09-09 20:57:27 +0200: Memory Usage (457884K) : activ_iopc has 0 polygons
2026-09-09 20:57:27 +0200: Memory Usage (457884K) : activ_noqrc has 0 polygons
2026-09-09 20:57:27 +0200: Memory Usage (457884K) : biwind_drw has 0 polygons
2026-09-09 20:57:27 +0200: Memory Usage (457884K) : biwind_opc has 0 polygons
2026-09-09 20:57:27 +0200: Memory Usage (457884K) : pemwind_drw has 0 polygons
2026-09-09 20:57:27 +0200: Memory Usage (457884K) : gatpoly_drw has 10 polygons
2026-09-09 20:57:27 +0200: Memory Usage (457884K) : gatpoly_pin has 0 polygons
2026-09-09 20:57:27 +0200: Memory Usage (457884K) : gatpoly_filler has 0 polygons
2026-09-09 20:57:27 +0200: Memory Usage (457884K) : gatpoly_nofill has 0 polygons
2026-09-09 20:57:27 +0200: Memory Usage (457884K) : gatpoly_opc has 0 polygons
2026-09-09 20:57:27 +0200: Memory Usage (457884K) : gatpoly_iopc has 0 polygons
2026-09-09 20:57:27 +0200: Memory Usage (457884K) : gatpoly_noqrc has 0 polygons
2026-09-09 20:57:27 +0200: Memory Usage (457884K) : cont_drw has 41 polygons
2026-09-09 20:57:27 +0200: Memory Usage (458044K) : cont_opc has 0 polygons
2026-09-09 20:57:27 +0200: Memory Usage (458044K) : nsd_drw has 0 polygons
2026-09-09 20:57:27 +0200: Memory Usage (458044K) : nsd_block has 0 polygons
2026-09-09 20:57:27 +0200: Memory Usage (458044K) : metal1_drw has 23 polygons
2026-09-09 20:57:27 +0200: Memory Usage (458044K) : metal1_pin has 6 polygons
2026-09-09 20:57:27 +0200: Memory Usage (458044K) : metal1_mask has 0 polygons
2026-09-09 20:57:27 +0200: Memory Usage (458204K) : metal1_filler has 0 polygons
2026-09-09 20:57:27 +0200: Memory Usage (458204K) : metal1_nofill has 0 polygons
2026-09-09 20:57:27 +0200: Memory Usage (458204K) : metal1_slit has 0 polygons
2026-09-09 20:57:27 +0200: Memory Usage (458748K) : metal1_text has 6 polygons
2026-09-09 20:57:27 +0200: Memory Usage (458748K) : metal1_opc has 0 polygons
2026-09-09 20:57:27 +0200: Memory Usage (458748K) : metal1_noqrc has 0 polygons
2026-09-09 20:57:27 +0200: Memory Usage (458908K) : metal1_res has 0 polygons
2026-09-09 20:57:27 +0200: Memory Usage (458908K) : metal1_iprobe has 0 polygons
2026-09-09 20:57:27 +0200: Memory Usage (458908K) : metal1_diffprb has 0 polygons
2026-09-09 20:57:27 +0200: Memory Usage (459068K) : passiv_drw has 0 polygons
2026-09-09 20:57:27 +0200: Memory Usage (459068K) : passiv_pin has 0 polygons
2026-09-09 20:57:27 +0200: Memory Usage (459068K) : passiv_sbump has 0 polygons
2026-09-09 20:57:27 +0200: Memory Usage (459228K) : passiv_pillar has 0 polygons
2026-09-09 20:57:27 +0200: Memory Usage (459228K) : passiv_pdl has 0 polygons
2026-09-09 20:57:27 +0200: Memory Usage (459228K) : metal2_drw has 1 polygons
2026-09-09 20:57:27 +0200: Memory Usage (459228K) : metal2_pin has 1 polygons
2026-09-09 20:57:27 +0200: Memory Usage (459228K) : metal2_mask has 0 polygons
2026-09-09 20:57:27 +0200: Memory Usage (459228K) : metal2_filler has 0 polygons
2026-09-09 20:57:27 +0200: Memory Usage (459228K) : metal2_nofill has 0 polygons
2026-09-09 20:57:27 +0200: Memory Usage (459228K) : metal2_slit has 0 polygons
2026-09-09 20:57:27 +0200: Memory Usage (459228K) : metal2_text has 1 polygons
2026-09-09 20:57:27 +0200: Memory Usage (459228K) : metal2_opc has 0 polygons
2026-09-09 20:57:27 +0200: Memory Usage (459548K) : metal2_noqrc has 0 polygons
2026-09-09 20:57:27 +0200: Memory Usage (459548K) : metal2_res has 0 polygons
2026-09-09 20:57:27 +0200: Memory Usage (459548K) : metal2_iprobe has 0 polygons
2026-09-09 20:57:27 +0200: Memory Usage (459548K) : metal2_diffprb has 0 polygons
2026-09-09 20:57:27 +0200: Memory Usage (459548K) : baspoly_drw has 0 polygons
2026-09-09 20:57:27 +0200: Memory Usage (459548K) : baspoly_pin has 0 polygons
2026-09-09 20:57:27 +0200: Memory Usage (459548K) : psd_drw has 2 polygons
2026-09-09 20:57:27 +0200: Memory Usage (459708K) : nldb_drw has 0 polygons
2026-09-09 20:57:27 +0200: Memory Usage (459708K) : digibnd_drw has 0 polygons
2026-09-09 20:57:27 +0200: Memory Usage (459708K) : via1_drw has 2 polygons
2026-09-09 20:57:27 +0200: Memory Usage (459868K) : backmetal1_drw has 0 polygons
2026-09-09 20:57:27 +0200: Memory Usage (459868K) : backmetal1_pin has 0 polygons
2026-09-09 20:57:27 +0200: Memory Usage (460028K) : backmetal1_mask has 0 polygons
2026-09-09 20:57:27 +0200: Memory Usage (460028K) : backmetal1_filler has 0 polygons
2026-09-09 20:57:27 +0200: Memory Usage (460028K) : backmetal1_nofill has 0 polygons
2026-09-09 20:57:27 +0200: Memory Usage (460188K) : backmetal1_slit has 0 polygons
2026-09-09 20:57:27 +0200: Memory Usage (460188K) : backmetal1_text has 0 polygons
2026-09-09 20:57:27 +0200: Memory Usage (460188K) : backmetal1_opc has 0 polygons
2026-09-09 20:57:27 +0200: Memory Usage (460348K) : backmetal1_noqrc has 0 polygons
2026-09-09 20:57:27 +0200: Memory Usage (460348K) : backmetal1_res has 0 polygons
2026-09-09 20:57:27 +0200: Memory Usage (460508K) : backmetal1_iprobe has 0 polygons
2026-09-09 20:57:27 +0200: Memory Usage (460508K) : backmetal1_diffprb has 0 polygons
2026-09-09 20:57:27 +0200: Memory Usage (460668K) : backpassiv_drw has 0 polygons
2026-09-09 20:57:27 +0200: Memory Usage (460668K) : res_drw has 0 polygons
2026-09-09 20:57:27 +0200: Memory Usage (460668K) : sram_drw has 0 polygons
2026-09-09 20:57:27 +0200: Memory Usage (460828K) : trans_drw has 0 polygons
2026-09-09 20:57:27 +0200: Memory Usage (460828K) : ind_drw has 0 polygons
2026-09-09 20:57:27 +0200: Memory Usage (460828K) : ind_pin has 0 polygons
2026-09-09 20:57:27 +0200: Memory Usage (460988K) : ind_text has 0 polygons
2026-09-09 20:57:27 +0200: Memory Usage (460988K) : salblock_drw has 0 polygons
2026-09-09 20:57:27 +0200: Memory Usage (460988K) : via2_drw has 0 polygons
2026-09-09 20:57:27 +0200: Memory Usage (461148K) : metal3_drw has 0 polygons
2026-09-09 20:57:27 +0200: Memory Usage (461148K) : metal3_pin has 0 polygons
2026-09-09 20:57:27 +0200: Memory Usage (461308K) : metal3_mask has 0 polygons
2026-09-09 20:57:27 +0200: Memory Usage (461308K) : metal3_filler has 0 polygons
2026-09-09 20:57:27 +0200: Memory Usage (461308K) : metal3_nofill has 0 polygons
2026-09-09 20:57:27 +0200: Memory Usage (461468K) : metal3_slit has 0 polygons
2026-09-09 20:57:27 +0200: Memory Usage (461468K) : metal3_text has 0 polygons
2026-09-09 20:57:27 +0200: Memory Usage (461468K) : metal3_opc has 0 polygons
2026-09-09 20:57:27 +0200: Memory Usage (461628K) : metal3_noqrc has 0 polygons
2026-09-09 20:57:27 +0200: Memory Usage (461628K) : metal3_res has 0 polygons
2026-09-09 20:57:27 +0200: Memory Usage (461788K) : metal3_iprobe has 0 polygons
2026-09-09 20:57:27 +0200: Memory Usage (461788K) : metal3_diffprb has 0 polygons
2026-09-09 20:57:27 +0200: Memory Usage (461788K) : nwell_drw has 1 polygons
2026-09-09 20:57:27 +0200: Memory Usage (461788K) : nwell_pin has 0 polygons
2026-09-09 20:57:27 +0200: Memory Usage (461948K) : nbulay_drw has 0 polygons
2026-09-09 20:57:27 +0200: Memory Usage (461948K) : nbulay_pin has 0 polygons
2026-09-09 20:57:27 +0200: Memory Usage (461948K) : nbulay_block has 0 polygons
2026-09-09 20:57:27 +0200: Memory Usage (461948K) : emwind_drw has 0 polygons
2026-09-09 20:57:27 +0200: Memory Usage (462108K) : emwind_opc has 0 polygons
2026-09-09 20:57:27 +0200: Memory Usage (462108K) : deepco_drw has 0 polygons
2026-09-09 20:57:27 +0200: Memory Usage (462108K) : deepco_drw has 0 polygons
2026-09-09 20:57:27 +0200: Memory Usage (462108K) : mim_drw has 0 polygons
2026-09-09 20:57:27 +0200: Memory Usage (462268K) : edgeseal_drw has 0 polygons
2026-09-09 20:57:27 +0200: Memory Usage (462268K) : edgeseal_bound has 0 polygons
2026-09-09 20:57:27 +0200: Memory Usage (462268K) : substrate_drw has 0 polygons
2026-09-09 20:57:27 +0200: Memory Usage (462268K) : substrate_text has 0 polygons
2026-09-09 20:57:27 +0200: Memory Usage (462268K) : dfpad_drw has 0 polygons
2026-09-09 20:57:27 +0200: Memory Usage (462428K) : dfpad_pillar has 0 polygons
2026-09-09 20:57:27 +0200: Memory Usage (462428K) : dfpad_sbump has 0 polygons
2026-09-09 20:57:27 +0200: Memory Usage (462428K) : thickgateox_drw has 0 polygons
2026-09-09 20:57:27 +0200: Memory Usage (462588K) : pldb_drw has 0 polygons
2026-09-09 20:57:27 +0200: Memory Usage (462588K) : pwell_drw has 0 polygons
2026-09-09 20:57:27 +0200: Memory Usage (462588K) : pwell_pin has 0 polygons
2026-09-09 20:57:27 +0200: Memory Usage (462748K) : pwell_block has 0 polygons
2026-09-09 20:57:27 +0200: Memory Usage (462748K) : ic_drw has 0 polygons
2026-09-09 20:57:27 +0200: Memory Usage (462748K) : via3_drw has 0 polygons
2026-09-09 20:57:27 +0200: Memory Usage (462908K) : metal4_drw has 0 polygons
2026-09-09 20:57:27 +0200: Memory Usage (462908K) : metal4_pin has 0 polygons
2026-09-09 20:57:27 +0200: Memory Usage (462908K) : metal4_mask has 0 polygons
2026-09-09 20:57:27 +0200: Memory Usage (463068K) : metal4_filler has 0 polygons
2026-09-09 20:57:27 +0200: Memory Usage (463068K) : metal4_nofill has 0 polygons
2026-09-09 20:57:27 +0200: Memory Usage (463068K) : metal4_slit has 0 polygons
2026-09-09 20:57:27 +0200: Memory Usage (463228K) : metal4_text has 0 polygons
2026-09-09 20:57:27 +0200: Memory Usage (463228K) : metal4_opc has 0 polygons
2026-09-09 20:57:27 +0200: Memory Usage (463228K) : metal4_noqrc has 0 polygons
2026-09-09 20:57:27 +0200: Memory Usage (463388K) : metal4_res has 0 polygons
2026-09-09 20:57:27 +0200: Memory Usage (463388K) : metal4_iprobe has 0 polygons
2026-09-09 20:57:27 +0200: Memory Usage (463388K) : metal4_diffprb has 0 polygons
2026-09-09 20:57:27 +0200: Memory Usage (463548K) : heattrans_drw has 0 polygons
2026-09-09 20:57:27 +0200: Memory Usage (463548K) : heatres_drw has 0 polygons
2026-09-09 20:57:27 +0200: Memory Usage (463548K) : pempoly_drw has 0 polygons
2026-09-09 20:57:27 +0200: Memory Usage (463708K) : fbe_drw has 0 polygons
2026-09-09 20:57:27 +0200: Memory Usage (463708K) : empoly_drw has 0 polygons
2026-09-09 20:57:27 +0200: Memory Usage (463708K) : ldmos_drw has 0 polygons
2026-09-09 20:57:27 +0200: Memory Usage (463868K) : pbiwind_drw has 0 polygons
2026-09-09 20:57:27 +0200: Memory Usage (463868K) : digisub_drw has 0 polygons
2026-09-09 20:57:27 +0200: Memory Usage (463868K) : nodrc_drw has 0 polygons
2026-09-09 20:57:27 +0200: Memory Usage (464028K) : text_drw has 0 polygons
2026-09-09 20:57:27 +0200: Memory Usage (464028K) : via4_drw has 0 polygons
2026-09-09 20:57:27 +0200: Memory Usage (464028K) : metal5_drw has 0 polygons
2026-09-09 20:57:27 +0200: Memory Usage (464028K) : metal5_pin has 0 polygons
2026-09-09 20:57:27 +0200: Memory Usage (464188K) : metal5_mask has 0 polygons
2026-09-09 20:57:27 +0200: Memory Usage (464188K) : metal5_filler has 0 polygons
2026-09-09 20:57:27 +0200: Memory Usage (464188K) : metal5_nofill has 0 polygons
2026-09-09 20:57:27 +0200: Memory Usage (464188K) : metal5_slit has 0 polygons
2026-09-09 20:57:27 +0200: Memory Usage (464348K) : metal5_text has 0 polygons
2026-09-09 20:57:27 +0200: Memory Usage (464348K) : metal5_opc has 0 polygons
2026-09-09 20:57:27 +0200: Memory Usage (464348K) : metal5_noqrc has 0 polygons
2026-09-09 20:57:27 +0200: Memory Usage (464508K) : metal5_res has 0 polygons
2026-09-09 20:57:27 +0200: Memory Usage (464508K) : metal5_iprobe has 0 polygons
2026-09-09 20:57:27 +0200: Memory Usage (464508K) : metal5_diffprb has 0 polygons
2026-09-09 20:57:27 +0200: Memory Usage (464668K) : radhard_drw has 0 polygons
2026-09-09 20:57:27 +0200: Memory Usage (464668K) : memcap_drw has 0 polygons
2026-09-09 20:57:27 +0200: Memory Usage (464668K) : varicap_drw has 0 polygons
2026-09-09 20:57:27 +0200: Memory Usage (464828K) : flash_drw has 0 polygons
2026-09-09 20:57:27 +0200: Memory Usage (464828K) : intbondvia_drw has 0 polygons
2026-09-09 20:57:27 +0200: Memory Usage (464828K) : intbondmet_drw has 0 polygons
2026-09-09 20:57:27 +0200: Memory Usage (464988K) : devbondvia_drw has 0 polygons
2026-09-09 20:57:27 +0200: Memory Usage (464988K) : devbondmet_drw has 0 polygons
2026-09-09 20:57:27 +0200: Memory Usage (464988K) : devtrench_drw has 0 polygons
2026-09-09 20:57:27 +0200: Memory Usage (465148K) : redist_drw has 0 polygons
2026-09-09 20:57:27 +0200: Memory Usage (465148K) : graphbot_drw has 0 polygons
2026-09-09 20:57:27 +0200: Memory Usage (465148K) : graphtop_drw has 0 polygons
2026-09-09 20:57:27 +0200: Memory Usage (465308K) : antvia1_drw has 0 polygons
2026-09-09 20:57:27 +0200: Memory Usage (465308K) : antmetal2_drw has 0 polygons
2026-09-09 20:57:27 +0200: Memory Usage (465308K) : graphcont_drw has 0 polygons
2026-09-09 20:57:27 +0200: Memory Usage (465468K) : siwg_drw has 0 polygons
2026-09-09 20:57:27 +0200: Memory Usage (465468K) : siwg_filler has 0 polygons
2026-09-09 20:57:27 +0200: Memory Usage (465468K) : siwg_nofill has 0 polygons
2026-09-09 20:57:27 +0200: Memory Usage (465628K) : sigrating_drw has 0 polygons
2026-09-09 20:57:27 +0200: Memory Usage (465628K) : singrating_drw has 0 polygons
2026-09-09 20:57:27 +0200: Memory Usage (465628K) : graphpas_drw has 0 polygons
2026-09-09 20:57:27 +0200: Memory Usage (465788K) : emwind3_drw has 0 polygons
2026-09-09 20:57:27 +0200: Memory Usage (465788K) : emwihv3_drw has 0 polygons
2026-09-09 20:57:27 +0200: Memory Usage (465788K) : redbulay_drw has 0 polygons
2026-09-09 20:57:27 +0200: Memory Usage (465788K) : smos_drw has 0 polygons
2026-09-09 20:57:27 +0200: Memory Usage (465788K) : graphpad_drw has 0 polygons
2026-09-09 20:57:27 +0200: Memory Usage (465948K) : polimide_drw has 0 polygons
2026-09-09 20:57:27 +0200: Memory Usage (465948K) : polimide_pin has 0 polygons
2026-09-09 20:57:27 +0200: Memory Usage (465948K) : recog_drw has 0 polygons
2026-09-09 20:57:27 +0200: Memory Usage (465948K) : recog_pin has 0 polygons
2026-09-09 20:57:27 +0200: Memory Usage (466108K) : recog_esd has 0 polygons
2026-09-09 20:57:27 +0200: Memory Usage (466108K) : recog_diode has 0 polygons
2026-09-09 20:57:27 +0200: Memory Usage (466108K) : recog_tsv has 0 polygons
2026-09-09 20:57:27 +0200: Memory Usage (466268K) : recog_iprobe has 0 polygons
2026-09-09 20:57:27 +0200: Memory Usage (466268K) : recog_diffprb has 0 polygons
2026-09-09 20:57:27 +0200: Memory Usage (466268K) : recog_pillar has 0 polygons
2026-09-09 20:57:27 +0200: Memory Usage (466428K) : recog_sbump has 0 polygons
2026-09-09 20:57:27 +0200: Memory Usage (466428K) : recog_otp has 0 polygons
2026-09-09 20:57:27 +0200: Memory Usage (466428K) : recog_pdiode has 0 polygons
2026-09-09 20:57:27 +0200: Memory Usage (466588K) : recog_mom has 0 polygons
2026-09-09 20:57:27 +0200: Memory Usage (466588K) : recog_pcm has 0 polygons
2026-09-09 20:57:27 +0200: Memory Usage (466588K) : colopen_drw has 0 polygons
2026-09-09 20:57:27 +0200: Memory Usage (466748K) : graphmetal1_drw has 0 polygons
2026-09-09 20:57:27 +0200: Memory Usage (466748K) : graphmetal1_filler has 0 polygons
2026-09-09 20:57:27 +0200: Memory Usage (466748K) : graphmetal1_nofill has 0 polygons
2026-09-09 20:57:27 +0200: Memory Usage (466908K) : graphmetal1_slit has 0 polygons
2026-09-09 20:57:27 +0200: Memory Usage (466908K) : graphmetal1_opc has 0 polygons
2026-09-09 20:57:27 +0200: Memory Usage (466908K) : graphmet1l_drw has 0 polygons
2026-09-09 20:57:27 +0200: Memory Usage (467068K) : graphmet1l_filler has 0 polygons
2026-09-09 20:57:27 +0200: Memory Usage (467068K) : graphmet1l_nofill has 0 polygons
2026-09-09 20:57:27 +0200: Memory Usage (467068K) : graphmet1l_slit has 0 polygons
2026-09-09 20:57:27 +0200: Memory Usage (467228K) : graphmet1l_opc has 0 polygons
2026-09-09 20:57:27 +0200: Memory Usage (467228K) : extblock_drw has 0 polygons
2026-09-09 20:57:27 +0200: Memory Usage (467228K) : nldd_drw has 0 polygons
2026-09-09 20:57:27 +0200: Memory Usage (467388K) : pldd_drw has 0 polygons
2026-09-09 20:57:27 +0200: Memory Usage (467388K) : next_drw has 0 polygons
2026-09-09 20:57:27 +0200: Memory Usage (467388K) : pext_drw has 0 polygons
2026-09-09 20:57:27 +0200: Memory Usage (467548K) : nexthv_drw has 0 polygons
2026-09-09 20:57:27 +0200: Memory Usage (467548K) : pexthv_drw has 0 polygons
2026-09-09 20:57:27 +0200: Memory Usage (467548K) : graphgate_drw has 0 polygons
2026-09-09 20:57:27 +0200: Memory Usage (467708K) : sinwg_drw has 0 polygons
2026-09-09 20:57:27 +0200: Memory Usage (467708K) : sinwg_filler has 0 polygons
2026-09-09 20:57:27 +0200: Memory Usage (467708K) : sinwg_nofill has 0 polygons
2026-09-09 20:57:27 +0200: Memory Usage (467868K) : mempad_drw has 0 polygons
2026-09-09 20:57:27 +0200: Memory Usage (467868K) : topvia1_drw has 0 polygons
2026-09-09 20:57:27 +0200: Memory Usage (467868K) : topmetal1_drw has 0 polygons
2026-09-09 20:57:27 +0200: Memory Usage (467868K) : topmetal1_pin has 0 polygons
2026-09-09 20:57:27 +0200: Memory Usage (467868K) : topmetal1_mask has 0 polygons
2026-09-09 20:57:27 +0200: Memory Usage (467868K) : topmetal1_filler has 0 polygons
2026-09-09 20:57:27 +0200: Memory Usage (467868K) : topmetal1_nofill has 0 polygons
2026-09-09 20:57:27 +0200: Memory Usage (467868K) : topmetal1_slit has 0 polygons
2026-09-09 20:57:27 +0200: Memory Usage (467868K) : topmetal1_text has 0 polygons
2026-09-09 20:57:27 +0200: Memory Usage (467868K) : topmetal1_noqrc has 0 polygons
2026-09-09 20:57:27 +0200: Memory Usage (468028K) : topmetal1_res has 0 polygons
2026-09-09 20:57:27 +0200: Memory Usage (468028K) : topmetal1_iprobe has 0 polygons
2026-09-09 20:57:27 +0200: Memory Usage (468028K) : topmetal1_diffprb has 0 polygons
2026-09-09 20:57:27 +0200: Memory Usage (468188K) : inldpwl_drw has 0 polygons
2026-09-09 20:57:27 +0200: Memory Usage (468188K) : polyres_drw has 0 polygons
2026-09-09 20:57:27 +0200: Memory Usage (468188K) : polyres_pin has 0 polygons
2026-09-09 20:57:27 +0200: Memory Usage (468348K) : vmim_drw has 0 polygons
2026-09-09 20:57:27 +0200: Memory Usage (468348K) : nbulaycut_drw has 0 polygons
2026-09-09 20:57:27 +0200: Memory Usage (468508K) : antmetal1_drw has 0 polygons
2026-09-09 20:57:27 +0200: Memory Usage (468508K) : topvia2_drw has 0 polygons
2026-09-09 20:57:27 +0200: Memory Usage (468508K) : topmetal2_drw has 0 polygons
2026-09-09 20:57:27 +0200: Memory Usage (468668K) : topmetal2_pin has 0 polygons
2026-09-09 20:57:27 +0200: Memory Usage (468668K) : topmetal2_mask has 0 polygons
2026-09-09 20:57:27 +0200: Memory Usage (468668K) : topmetal2_filler has 0 polygons
2026-09-09 20:57:27 +0200: Memory Usage (468828K) : topmetal2_nofill has 0 polygons
2026-09-09 20:57:27 +0200: Memory Usage (468828K) : topmetal2_slit has 0 polygons
2026-09-09 20:57:27 +0200: Memory Usage (468828K) : topmetal2_text has 0 polygons
2026-09-09 20:57:27 +0200: Memory Usage (468988K) : topmetal2_noqrc has 0 polygons
2026-09-09 20:57:27 +0200: Memory Usage (468988K) : topmetal2_res has 0 polygons
2026-09-09 20:57:27 +0200: Memory Usage (468988K) : topmetal2_iprobe has 0 polygons
2026-09-09 20:57:27 +0200: Memory Usage (469148K) : topmetal2_diffprb has 0 polygons
2026-09-09 20:57:27 +0200: Memory Usage (469148K) : snsring_drw has 0 polygons
2026-09-09 20:57:27 +0200: Memory Usage (469148K) : sensor_drw has 0 polygons
2026-09-09 20:57:27 +0200: Memory Usage (469308K) : snsarms_drw has 0 polygons
2026-09-09 20:57:27 +0200: Memory Usage (469308K) : snscmosvia_drw has 0 polygons
2026-09-09 20:57:27 +0200: Memory Usage (469308K) : colwind_drw has 0 polygons
2026-09-09 20:57:27 +0200: Memory Usage (469308K) : flm_drw has 0 polygons
2026-09-09 20:57:27 +0200: Memory Usage (469468K) : hafniumox_drw has 0 polygons
2026-09-09 20:57:27 +0200: Memory Usage (469468K) : memvia_drw has 0 polygons
2026-09-09 20:57:27 +0200: Memory Usage (469628K) : thinfilmres_drw has 0 polygons
2026-09-09 20:57:27 +0200: Memory Usage (469628K) : rfmem_drw has 0 polygons
2026-09-09 20:57:27 +0200: Memory Usage (469628K) : norcx_drw has 0 polygons
2026-09-09 20:57:27 +0200: Memory Usage (469788K) : norcx_m2m3 has 0 polygons
2026-09-09 20:57:27 +0200: Memory Usage (469788K) : norcx_m2m4 has 0 polygons
2026-09-09 20:57:27 +0200: Memory Usage (469788K) : norcx_m2m5 has 0 polygons
2026-09-09 20:57:27 +0200: Memory Usage (469948K) : norcx_m2tm1 has 0 polygons
2026-09-09 20:57:27 +0200: Memory Usage (469948K) : norcx_m2tm2 has 0 polygons
2026-09-09 20:57:27 +0200: Memory Usage (469948K) : norcx_m3m4 has 0 polygons
2026-09-09 20:57:27 +0200: Memory Usage (470108K) : norcx_m3m5 has 0 polygons
2026-09-09 20:57:27 +0200: Memory Usage (470108K) : norcx_m3tm1 has 0 polygons
2026-09-09 20:57:27 +0200: Memory Usage (470108K) : norcx_m3tm2 has 0 polygons
2026-09-09 20:57:27 +0200: Memory Usage (470268K) : norcx_m4m5 has 0 polygons
2026-09-09 20:57:27 +0200: Memory Usage (470268K) : norcx_m4tm1 has 0 polygons
2026-09-09 20:57:27 +0200: Memory Usage (470268K) : norcx_m4tm2 has 0 polygons
2026-09-09 20:57:27 +0200: Memory Usage (470428K) : norcx_m5tm1 has 0 polygons
2026-09-09 20:57:27 +0200: Memory Usage (470428K) : norcx_m5tm2 has 0 polygons
2026-09-09 20:57:27 +0200: Memory Usage (470428K) : norcx_tm1tm2 has 0 polygons
2026-09-09 20:57:27 +0200: Memory Usage (470588K) : norcx_m1sub has 0 polygons
2026-09-09 20:57:27 +0200: Memory Usage (470588K) : norcx_m2sub has 0 polygons
2026-09-09 20:57:27 +0200: Memory Usage (470588K) : norcx_m3sub has 0 polygons
2026-09-09 20:57:27 +0200: Memory Usage (470748K) : norcx_m4sub has 0 polygons
2026-09-09 20:57:27 +0200: Memory Usage (470748K) : norcx_m5sub has 0 polygons
2026-09-09 20:57:27 +0200: Memory Usage (470748K) : norcx_tm1sub has 0 polygons
2026-09-09 20:57:27 +0200: Memory Usage (470908K) : norcx_tm2sub has 0 polygons
2026-09-09 20:57:27 +0200: Memory Usage (470908K) : snsbotvia_drw has 0 polygons
2026-09-09 20:57:27 +0200: Memory Usage (470908K) : snstopvia_drw has 0 polygons
2026-09-09 20:57:27 +0200: Memory Usage (471068K) : deepvia_drw has 0 polygons
2026-09-09 20:57:27 +0200: Memory Usage (471068K) : fgetch_drw has 0 polygons
2026-09-09 20:57:27 +0200: Memory Usage (471068K) : ctrgat_drw has 0 polygons
2026-09-09 20:57:27 +0200: Memory Usage (471228K) : fgimp_drw has 0 polygons
2026-09-09 20:57:27 +0200: Memory Usage (471228K) : emwihv_drw has 0 polygons
2026-09-09 20:57:27 +0200: Memory Usage (471228K) : lbe_drw has 0 polygons
2026-09-09 20:57:27 +0200: Memory Usage (471388K) : alcustop_drw has 0 polygons
2026-09-09 20:57:27 +0200: Memory Usage (471388K) : nometfiller_drw has 0 polygons
2026-09-09 20:57:27 +0200: Memory Usage (471388K) : prboundary_drw has 0 polygons
2026-09-09 20:57:27 +0200: Memory Usage (471548K) : exchange0_drw has 0 polygons
2026-09-09 20:57:27 +0200: Memory Usage (471548K) : exchange0_pin has 0 polygons
2026-09-09 20:57:27 +0200: Memory Usage (471548K) : exchange0_text has 0 polygons
2026-09-09 20:57:27 +0200: Memory Usage (471708K) : exchange1_drw has 0 polygons
2026-09-09 20:57:27 +0200: Memory Usage (471708K) : exchange1_pin has 0 polygons
2026-09-09 20:57:27 +0200: Memory Usage (471708K) : exchange1_text has 0 polygons
2026-09-09 20:57:27 +0200: Memory Usage (471868K) : exchange2_drw has 0 polygons
2026-09-09 20:57:27 +0200: Memory Usage (471868K) : exchange2_pin has 0 polygons
2026-09-09 20:57:27 +0200: Memory Usage (471868K) : exchange2_text has 0 polygons
2026-09-09 20:57:27 +0200: Memory Usage (472028K) : exchange3_drw has 0 polygons
2026-09-09 20:57:27 +0200: Memory Usage (472028K) : exchange3_pin has 0 polygons
2026-09-09 20:57:27 +0200: Memory Usage (472028K) : exchange3_text has 0 polygons
2026-09-09 20:57:27 +0200: Memory Usage (472188K) : exchange4_drw has 0 polygons
2026-09-09 20:57:27 +0200: Memory Usage (472188K) : exchange4_pin has 0 polygons
2026-09-09 20:57:27 +0200: Memory Usage (472188K) : exchange4_text has 0 polygons
2026-09-09 20:57:27 +0200: Memory Usage (472188K) : isonwell_drw has 0 polygons
2026-09-09 20:57:27 +0200: Memory Usage (472188K) : Total no. of polygons in the design is 99
2026-09-09 20:57:27 +0200: Memory Usage (472348K) : Loaded TECH DRC rules values from /foss/pdks/ihp-sg13g2/libs.tech/klayout/python/sg13g2_pycell_lib/sg13g2_tech_mod.json
2026-09-09 20:57:27 +0200: Memory Usage (472348K) : Loaded default DRC rules values from /foss/pdks/ihp-sg13g2/libs.tech/klayout/tech/drc/rule_decks/sg13g2_tech_default.json
2026-09-09 20:57:27 +0200: Memory Usage (472348K) : The following rules values were missing in tech json and default values were used:
2026-09-09 20:57:27 +0200: Memory Usage (472348K) :   - NW_f1_digibnd
2026-09-09 20:57:27 +0200: Memory Usage (472348K) :   - Cnt_c_digibnd
2026-09-09 20:57:27 +0200: Memory Usage (472348K) :   - Cnt_c_sram
2026-09-09 20:57:27 +0200: Memory Usage (472348K) :   - Sdiod_b
2026-09-09 20:57:27 +0200: Memory Usage (472348K) :   - Sdiod_c
2026-09-09 20:57:27 +0200: Memory Usage (473320K) : Total area of the design is 18.9648 um^2.
2026-09-09 20:57:27 +0200: Memory Usage (473320K) : The design dimensions are 4.32 µm * 4.39 µm.
2026-09-09 20:57:27 +0200: Memory Usage (473320K) : Starting general IHP-SG13G2 derivations.
2026-09-09 20:57:27 +0200: Memory Usage (473320K) : Starting Pwell derivations
2026-09-09 20:57:27 +0200: Memory Usage (475684K) : Starting n-Activ derivations
2026-09-09 20:57:27 +0200: Memory Usage (475844K) : Starting p-Activ derivations
2026-09-09 20:57:27 +0200: Memory Usage (475844K) : Starting nact FET derivations
2026-09-09 20:57:27 +0200: Memory Usage (475844K) : Starting cont/contbar general derivations
2026-09-09 20:57:27 +0200: Memory Usage (475844K) : Starting SVaricap general derivations
2026-09-09 20:57:27 +0200: Memory Usage (475844K) : Starting IHP-SG13G2 DRC rules.
2026-09-09 20:57:27 +0200: Memory Usage (475844K) : Starting 5.14. Cont table
2026-09-09 20:57:27 +0200: Memory Usage (475844K) : Executing rule Cnt.a
2026-09-09 20:57:27 +0200: Memory Usage (475844K) : Executing rule Cnt.b
2026-09-09 20:57:27 +0200: Memory Usage (476400K) : Executing rule Cnt.c
2026-09-09 20:57:27 +0200: Memory Usage (476240K) : Executing rule Cnt.c.digibnd
2026-09-09 20:57:27 +0200: Memory Usage (476240K) : Executing rule Cnt.c.SRAM
2026-09-09 20:57:27 +0200: Memory Usage (476240K) : Executing rule Cnt.d
2026-09-09 20:57:27 +0200: Memory Usage (476240K) : Executing rule Cnt.e
2026-09-09 20:57:27 +0200: Memory Usage (476076K) : Executing rule Cnt.g1
2026-09-09 20:57:27 +0200: Memory Usage (476076K) : Executing rule Cnt.g2
2026-09-09 20:57:27 +0200: Memory Usage (476232K) : KLayout DRC run for tables 'cont' completed in 0.22 seconds
