# Logfile created on 2026-09-09 20:57:27 +0200 by logger.rb/v1.5.3
2026-09-09 20:57:27 +0200: Memory Usage (456316K) : Starting running IHP-SG13G2 KLayout DRC runset on /foss/designs/aion_chip/flow/regress/AION_nand2_o21ai_0/AION_nand2_o21ai_0.gds
2026-09-09 20:57:27 +0200: Memory Usage (456316K) : Ruby Version for klayout: 3.2.3
2026-09-09 20:57:27 +0200: Memory Usage (457436K) : Loading database to memory is complete.
2026-09-09 20:57:27 +0200: Memory Usage (457436K) : IHP-SG13G2 KLayout DRC runset output at: /foss/designs/aion_chip/flow/regress/AION_nand2_o21ai_0/drc/AION_nand2_o21ai_0.klayout.drc/AION_nand2_o21ai_0_AION_nand2_o21ai_0_nwell.lyrdb
2026-09-09 20:57:27 +0200: Memory Usage (457628K) : Evaluate switches.
2026-09-09 20:57:27 +0200: Memory Usage (457628K) : tables selected: nwell
2026-09-09 20:57:27 +0200: Memory Usage (457628K) : KLayout will use 15 thread(s) in tiling mode.
2026-09-09 20:57:27 +0200: Memory Usage (457628K) : deep mode is enabled.
2026-09-09 20:57:27 +0200: Memory Usage (457628K) : FEOL enabled: false
2026-09-09 20:57:27 +0200: Memory Usage (457628K) : BEOL enabled: false
2026-09-09 20:57:27 +0200: Memory Usage (457628K) : OFFGRID enabled: true
2026-09-09 20:57:27 +0200: Memory Usage (457628K) : ANGLE enabled: true
2026-09-09 20:57:27 +0200: Memory Usage (457628K) : PIN enabled: false
2026-09-09 20:57:27 +0200: Memory Usage (457628K) : FORBIDDEN enabled: false
2026-09-09 20:57:27 +0200: Memory Usage (457628K) : RECOMMENDED enabled: true
2026-09-09 20:57:27 +0200: Memory Usage (457628K) : PreCheck DRC enabled: false
2026-09-09 20:57:27 +0200: Memory Usage (457628K) : CONNECTIVITY_RULES enabled: true.
2026-09-09 20:57:27 +0200: Memory Usage (457628K) : Read in polygons from layers.
2026-09-09 20:57:27 +0200: Memory Usage (458524K) : activ_drw has 5 polygons
2026-09-09 20:57:27 +0200: Memory Usage (458524K) : activ_pin has 0 polygons
2026-09-09 20:57:27 +0200: Memory Usage (458524K) : activ_mask has 0 polygons
2026-09-09 20:57:27 +0200: Memory Usage (458524K) : activ_filler has 0 polygons
2026-09-09 20:57:27 +0200: Memory Usage (458524K) : activ_nofill has 0 polygons
2026-09-09 20:57:27 +0200: Memory Usage (458524K) : activ_opc has 0 polygons
2026-09-09 20:57:27 +0200: Memory Usage (458524K) : activ_iopc has 0 polygons
2026-09-09 20:57:27 +0200: Memory Usage (458524K) : activ_noqrc has 0 polygons
2026-09-09 20:57:27 +0200: Memory Usage (458524K) : biwind_drw has 0 polygons
2026-09-09 20:57:27 +0200: Memory Usage (458524K) : biwind_opc has 0 polygons
2026-09-09 20:57:27 +0200: Memory Usage (458524K) : pemwind_drw has 0 polygons
2026-09-09 20:57:27 +0200: Memory Usage (458524K) : gatpoly_drw has 10 polygons
2026-09-09 20:57:27 +0200: Memory Usage (458524K) : gatpoly_pin has 0 polygons
2026-09-09 20:57:27 +0200: Memory Usage (458524K) : gatpoly_filler has 0 polygons
2026-09-09 20:57:27 +0200: Memory Usage (458524K) : gatpoly_nofill has 0 polygons
2026-09-09 20:57:27 +0200: Memory Usage (458524K) : gatpoly_opc has 0 polygons
2026-09-09 20:57:27 +0200: Memory Usage (458524K) : gatpoly_iopc has 0 polygons
2026-09-09 20:57:27 +0200: Memory Usage (458524K) : gatpoly_noqrc has 0 polygons
2026-09-09 20:57:27 +0200: Memory Usage (458524K) : cont_drw has 41 polygons
2026-09-09 20:57:27 +0200: Memory Usage (458684K) : cont_opc has 0 polygons
2026-09-09 20:57:27 +0200: Memory Usage (458684K) : nsd_drw has 0 polygons
2026-09-09 20:57:27 +0200: Memory Usage (458684K) : nsd_block has 0 polygons
2026-09-09 20:57:27 +0200: Memory Usage (458684K) : metal1_drw has 23 polygons
2026-09-09 20:57:27 +0200: Memory Usage (458684K) : metal1_pin has 6 polygons
2026-09-09 20:57:27 +0200: Memory Usage (458684K) : metal1_mask has 0 polygons
2026-09-09 20:57:27 +0200: Memory Usage (458844K) : metal1_filler has 0 polygons
2026-09-09 20:57:27 +0200: Memory Usage (458844K) : metal1_nofill has 0 polygons
2026-09-09 20:57:27 +0200: Memory Usage (458844K) : metal1_slit has 0 polygons
2026-09-09 20:57:27 +0200: Memory Usage (459196K) : metal1_text has 6 polygons
2026-09-09 20:57:27 +0200: Memory Usage (459196K) : metal1_opc has 0 polygons
2026-09-09 20:57:27 +0200: Memory Usage (459196K) : metal1_noqrc has 0 polygons
2026-09-09 20:57:27 +0200: Memory Usage (459356K) : metal1_res has 0 polygons
2026-09-09 20:57:27 +0200: Memory Usage (459356K) : metal1_iprobe has 0 polygons
2026-09-09 20:57:27 +0200: Memory Usage (459356K) : metal1_diffprb has 0 polygons
2026-09-09 20:57:27 +0200: Memory Usage (459516K) : passiv_drw has 0 polygons
2026-09-09 20:57:27 +0200: Memory Usage (459516K) : passiv_pin has 0 polygons
2026-09-09 20:57:27 +0200: Memory Usage (459516K) : passiv_sbump has 0 polygons
2026-09-09 20:57:27 +0200: Memory Usage (459676K) : passiv_pillar has 0 polygons
2026-09-09 20:57:27 +0200: Memory Usage (459676K) : passiv_pdl has 0 polygons
2026-09-09 20:57:27 +0200: Memory Usage (459676K) : metal2_drw has 1 polygons
2026-09-09 20:57:27 +0200: Memory Usage (459676K) : metal2_pin has 1 polygons
2026-09-09 20:57:27 +0200: Memory Usage (459676K) : metal2_mask has 0 polygons
2026-09-09 20:57:27 +0200: Memory Usage (459676K) : metal2_filler has 0 polygons
2026-09-09 20:57:27 +0200: Memory Usage (459676K) : metal2_nofill has 0 polygons
2026-09-09 20:57:27 +0200: Memory Usage (459676K) : metal2_slit has 0 polygons
2026-09-09 20:57:27 +0200: Memory Usage (459676K) : metal2_text has 1 polygons
2026-09-09 20:57:27 +0200: Memory Usage (459676K) : metal2_opc has 0 polygons
2026-09-09 20:57:27 +0200: Memory Usage (459836K) : metal2_noqrc has 0 polygons
2026-09-09 20:57:27 +0200: Memory Usage (459836K) : metal2_res has 0 polygons
2026-09-09 20:57:27 +0200: Memory Usage (459836K) : metal2_iprobe has 0 polygons
2026-09-09 20:57:27 +0200: Memory Usage (459996K) : metal2_diffprb has 0 polygons
2026-09-09 20:57:27 +0200: Memory Usage (459996K) : baspoly_drw has 0 polygons
2026-09-09 20:57:27 +0200: Memory Usage (459996K) : baspoly_pin has 0 polygons
2026-09-09 20:57:27 +0200: Memory Usage (459996K) : psd_drw has 2 polygons
2026-09-09 20:57:27 +0200: Memory Usage (460156K) : nldb_drw has 0 polygons
2026-09-09 20:57:27 +0200: Memory Usage (460156K) : digibnd_drw has 0 polygons
2026-09-09 20:57:27 +0200: Memory Usage (460156K) : via1_drw has 2 polygons
2026-09-09 20:57:27 +0200: Memory Usage (460316K) : backmetal1_drw has 0 polygons
2026-09-09 20:57:27 +0200: Memory Usage (460316K) : backmetal1_pin has 0 polygons
2026-09-09 20:57:27 +0200: Memory Usage (460316K) : backmetal1_mask has 0 polygons
2026-09-09 20:57:27 +0200: Memory Usage (460476K) : backmetal1_filler has 0 polygons
2026-09-09 20:57:27 +0200: Memory Usage (460476K) : backmetal1_nofill has 0 polygons
2026-09-09 20:57:27 +0200: Memory Usage (460476K) : backmetal1_slit has 0 polygons
2026-09-09 20:57:27 +0200: Memory Usage (460636K) : backmetal1_text has 0 polygons
2026-09-09 20:57:27 +0200: Memory Usage (460636K) : backmetal1_opc has 0 polygons
2026-09-09 20:57:27 +0200: Memory Usage (460636K) : backmetal1_noqrc has 0 polygons
2026-09-09 20:57:27 +0200: Memory Usage (460796K) : backmetal1_res has 0 polygons
2026-09-09 20:57:27 +0200: Memory Usage (460956K) : backmetal1_iprobe has 0 polygons
2026-09-09 20:57:27 +0200: Memory Usage (460956K) : backmetal1_diffprb has 0 polygons
2026-09-09 20:57:27 +0200: Memory Usage (461116K) : backpassiv_drw has 0 polygons
2026-09-09 20:57:27 +0200: Memory Usage (461116K) : res_drw has 0 polygons
2026-09-09 20:57:27 +0200: Memory Usage (461116K) : sram_drw has 0 polygons
2026-09-09 20:57:27 +0200: Memory Usage (461276K) : trans_drw has 0 polygons
2026-09-09 20:57:27 +0200: Memory Usage (461276K) : ind_drw has 0 polygons
2026-09-09 20:57:27 +0200: Memory Usage (461276K) : ind_pin has 0 polygons
2026-09-09 20:57:27 +0200: Memory Usage (461436K) : ind_text has 0 polygons
2026-09-09 20:57:27 +0200: Memory Usage (461436K) : salblock_drw has 0 polygons
2026-09-09 20:57:27 +0200: Memory Usage (461436K) : via2_drw has 0 polygons
2026-09-09 20:57:27 +0200: Memory Usage (461596K) : metal3_drw has 0 polygons
2026-09-09 20:57:27 +0200: Memory Usage (461596K) : metal3_pin has 0 polygons
2026-09-09 20:57:27 +0200: Memory Usage (461596K) : metal3_mask has 0 polygons
2026-09-09 20:57:27 +0200: Memory Usage (461756K) : metal3_filler has 0 polygons
2026-09-09 20:57:27 +0200: Memory Usage (461756K) : metal3_nofill has 0 polygons
2026-09-09 20:57:27 +0200: Memory Usage (461756K) : metal3_slit has 0 polygons
2026-09-09 20:57:27 +0200: Memory Usage (461916K) : metal3_text has 0 polygons
2026-09-09 20:57:27 +0200: Memory Usage (461916K) : metal3_opc has 0 polygons
2026-09-09 20:57:27 +0200: Memory Usage (462076K) : metal3_noqrc has 0 polygons
2026-09-09 20:57:27 +0200: Memory Usage (462076K) : metal3_res has 0 polygons
2026-09-09 20:57:27 +0200: Memory Usage (462076K) : metal3_iprobe has 0 polygons
2026-09-09 20:57:27 +0200: Memory Usage (462076K) : metal3_diffprb has 0 polygons
2026-09-09 20:57:27 +0200: Memory Usage (462236K) : nwell_drw has 1 polygons
2026-09-09 20:57:27 +0200: Memory Usage (462236K) : nwell_pin has 0 polygons
2026-09-09 20:57:27 +0200: Memory Usage (462236K) : nbulay_drw has 0 polygons
2026-09-09 20:57:27 +0200: Memory Usage (462236K) : nbulay_pin has 0 polygons
2026-09-09 20:57:27 +0200: Memory Usage (462396K) : nbulay_block has 0 polygons
2026-09-09 20:57:27 +0200: Memory Usage (462396K) : emwind_drw has 0 polygons
2026-09-09 20:57:27 +0200: Memory Usage (462396K) : emwind_opc has 0 polygons
2026-09-09 20:57:27 +0200: Memory Usage (462396K) : deepco_drw has 0 polygons
2026-09-09 20:57:27 +0200: Memory Usage (462556K) : deepco_drw has 0 polygons
2026-09-09 20:57:27 +0200: Memory Usage (462556K) : mim_drw has 0 polygons
2026-09-09 20:57:27 +0200: Memory Usage (462556K) : edgeseal_drw has 0 polygons
2026-09-09 20:57:27 +0200: Memory Usage (462556K) : edgeseal_bound has 0 polygons
2026-09-09 20:57:27 +0200: Memory Usage (462716K) : substrate_drw has 0 polygons
2026-09-09 20:57:27 +0200: Memory Usage (462716K) : substrate_text has 0 polygons
2026-09-09 20:57:27 +0200: Memory Usage (462716K) : dfpad_drw has 0 polygons
2026-09-09 20:57:27 +0200: Memory Usage (462716K) : dfpad_pillar has 0 polygons
2026-09-09 20:57:27 +0200: Memory Usage (462876K) : dfpad_sbump has 0 polygons
2026-09-09 20:57:27 +0200: Memory Usage (462876K) : thickgateox_drw has 0 polygons
2026-09-09 20:57:27 +0200: Memory Usage (462876K) : pldb_drw has 0 polygons
2026-09-09 20:57:27 +0200: Memory Usage (463036K) : pwell_drw has 0 polygons
2026-09-09 20:57:27 +0200: Memory Usage (463036K) : pwell_pin has 0 polygons
2026-09-09 20:57:27 +0200: Memory Usage (463036K) : pwell_block has 0 polygons
2026-09-09 20:57:27 +0200: Memory Usage (463196K) : ic_drw has 0 polygons
2026-09-09 20:57:27 +0200: Memory Usage (463196K) : via3_drw has 0 polygons
2026-09-09 20:57:27 +0200: Memory Usage (463196K) : metal4_drw has 0 polygons
2026-09-09 20:57:27 +0200: Memory Usage (463356K) : metal4_pin has 0 polygons
2026-09-09 20:57:27 +0200: Memory Usage (463356K) : metal4_mask has 0 polygons
2026-09-09 20:57:27 +0200: Memory Usage (463356K) : metal4_filler has 0 polygons
2026-09-09 20:57:27 +0200: Memory Usage (463516K) : metal4_nofill has 0 polygons
2026-09-09 20:57:27 +0200: Memory Usage (463516K) : metal4_slit has 0 polygons
2026-09-09 20:57:27 +0200: Memory Usage (463516K) : metal4_text has 0 polygons
2026-09-09 20:57:27 +0200: Memory Usage (463676K) : metal4_opc has 0 polygons
2026-09-09 20:57:27 +0200: Memory Usage (463676K) : metal4_noqrc has 0 polygons
2026-09-09 20:57:27 +0200: Memory Usage (463676K) : metal4_res has 0 polygons
2026-09-09 20:57:27 +0200: Memory Usage (463836K) : metal4_iprobe has 0 polygons
2026-09-09 20:57:27 +0200: Memory Usage (463836K) : metal4_diffprb has 0 polygons
2026-09-09 20:57:27 +0200: Memory Usage (463996K) : heattrans_drw has 0 polygons
2026-09-09 20:57:27 +0200: Memory Usage (463996K) : heatres_drw has 0 polygons
2026-09-09 20:57:27 +0200: Memory Usage (463996K) : pempoly_drw has 0 polygons
2026-09-09 20:57:27 +0200: Memory Usage (464156K) : fbe_drw has 0 polygons
2026-09-09 20:57:27 +0200: Memory Usage (464156K) : empoly_drw has 0 polygons
2026-09-09 20:57:27 +0200: Memory Usage (464156K) : ldmos_drw has 0 polygons
2026-09-09 20:57:27 +0200: Memory Usage (464156K) : pbiwind_drw has 0 polygons
2026-09-09 20:57:27 +0200: Memory Usage (464316K) : digisub_drw has 0 polygons
2026-09-09 20:57:27 +0200: Memory Usage (464316K) : nodrc_drw has 0 polygons
2026-09-09 20:57:27 +0200: Memory Usage (464316K) : text_drw has 0 polygons
2026-09-09 20:57:27 +0200: Memory Usage (464316K) : via4_drw has 0 polygons
2026-09-09 20:57:27 +0200: Memory Usage (464476K) : metal5_drw has 0 polygons
2026-09-09 20:57:27 +0200: Memory Usage (464476K) : metal5_pin has 0 polygons
2026-09-09 20:57:27 +0200: Memory Usage (464476K) : metal5_mask has 0 polygons
2026-09-09 20:57:27 +0200: Memory Usage (464476K) : metal5_filler has 0 polygons
2026-09-09 20:57:27 +0200: Memory Usage (464636K) : metal5_nofill has 0 polygons
2026-09-09 20:57:27 +0200: Memory Usage (464636K) : metal5_slit has 0 polygons
2026-09-09 20:57:27 +0200: Memory Usage (464636K) : metal5_text has 0 polygons
2026-09-09 20:57:27 +0200: Memory Usage (464796K) : metal5_opc has 0 polygons
2026-09-09 20:57:27 +0200: Memory Usage (464796K) : metal5_noqrc has 0 polygons
2026-09-09 20:57:27 +0200: Memory Usage (464956K) : metal5_res has 0 polygons
2026-09-09 20:57:27 +0200: Memory Usage (464956K) : metal5_iprobe has 0 polygons
2026-09-09 20:57:27 +0200: Memory Usage (464956K) : metal5_diffprb has 0 polygons
2026-09-09 20:57:27 +0200: Memory Usage (465116K) : radhard_drw has 0 polygons
2026-09-09 20:57:27 +0200: Memory Usage (465116K) : memcap_drw has 0 polygons
2026-09-09 20:57:27 +0200: Memory Usage (465116K) : varicap_drw has 0 polygons
2026-09-09 20:57:27 +0200: Memory Usage (465276K) : flash_drw has 0 polygons
2026-09-09 20:57:27 +0200: Memory Usage (465276K) : intbondvia_drw has 0 polygons
2026-09-09 20:57:27 +0200: Memory Usage (465276K) : intbondmet_drw has 0 polygons
2026-09-09 20:57:27 +0200: Memory Usage (465436K) : devbondvia_drw has 0 polygons
2026-09-09 20:57:27 +0200: Memory Usage (465436K) : devbondmet_drw has 0 polygons
2026-09-09 20:57:27 +0200: Memory Usage (465436K) : devtrench_drw has 0 polygons
2026-09-09 20:57:27 +0200: Memory Usage (465596K) : redist_drw has 0 polygons
2026-09-09 20:57:27 +0200: Memory Usage (465596K) : graphbot_drw has 0 polygons
2026-09-09 20:57:27 +0200: Memory Usage (465596K) : graphtop_drw has 0 polygons
2026-09-09 20:57:27 +0200: Memory Usage (465756K) : antvia1_drw has 0 polygons
2026-09-09 20:57:27 +0200: Memory Usage (465756K) : antmetal2_drw has 0 polygons
2026-09-09 20:57:27 +0200: Memory Usage (465756K) : graphcont_drw has 0 polygons
2026-09-09 20:57:27 +0200: Memory Usage (465916K) : siwg_drw has 0 polygons
2026-09-09 20:57:27 +0200: Memory Usage (465916K) : siwg_filler has 0 polygons
2026-09-09 20:57:27 +0200: Memory Usage (465916K) : siwg_nofill has 0 polygons
2026-09-09 20:57:27 +0200: Memory Usage (466076K) : sigrating_drw has 0 polygons
2026-09-09 20:57:27 +0200: Memory Usage (466076K) : singrating_drw has 0 polygons
2026-09-09 20:57:27 +0200: Memory Usage (466076K) : graphpas_drw has 0 polygons
2026-09-09 20:57:27 +0200: Memory Usage (466076K) : emwind3_drw has 0 polygons
2026-09-09 20:57:27 +0200: Memory Usage (466076K) : emwihv3_drw has 0 polygons
2026-09-09 20:57:27 +0200: Memory Usage (466236K) : redbulay_drw has 0 polygons
2026-09-09 20:57:27 +0200: Memory Usage (466236K) : smos_drw has 0 polygons
2026-09-09 20:57:27 +0200: Memory Usage (466236K) : graphpad_drw has 0 polygons
2026-09-09 20:57:27 +0200: Memory Usage (466236K) : polimide_drw has 0 polygons
2026-09-09 20:57:27 +0200: Memory Usage (466396K) : polimide_pin has 0 polygons
2026-09-09 20:57:27 +0200: Memory Usage (466396K) : recog_drw has 0 polygons
2026-09-09 20:57:27 +0200: Memory Usage (466396K) : recog_pin has 0 polygons
2026-09-09 20:57:27 +0200: Memory Usage (466556K) : recog_esd has 0 polygons
2026-09-09 20:57:27 +0200: Memory Usage (466556K) : recog_diode has 0 polygons
2026-09-09 20:57:27 +0200: Memory Usage (466556K) : recog_tsv has 0 polygons
2026-09-09 20:57:27 +0200: Memory Usage (466716K) : recog_iprobe has 0 polygons
2026-09-09 20:57:27 +0200: Memory Usage (466716K) : recog_diffprb has 0 polygons
2026-09-09 20:57:27 +0200: Memory Usage (466716K) : recog_pillar has 0 polygons
2026-09-09 20:57:27 +0200: Memory Usage (466876K) : recog_sbump has 0 polygons
2026-09-09 20:57:27 +0200: Memory Usage (466876K) : recog_otp has 0 polygons
2026-09-09 20:57:27 +0200: Memory Usage (466876K) : recog_pdiode has 0 polygons
2026-09-09 20:57:27 +0200: Memory Usage (467036K) : recog_mom has 0 polygons
2026-09-09 20:57:27 +0200: Memory Usage (467036K) : recog_pcm has 0 polygons
2026-09-09 20:57:27 +0200: Memory Usage (467036K) : colopen_drw has 0 polygons
2026-09-09 20:57:27 +0200: Memory Usage (467196K) : graphmetal1_drw has 0 polygons
2026-09-09 20:57:27 +0200: Memory Usage (467196K) : graphmetal1_filler has 0 polygons
2026-09-09 20:57:27 +0200: Memory Usage (467196K) : graphmetal1_nofill has 0 polygons
2026-09-09 20:57:27 +0200: Memory Usage (467356K) : graphmetal1_slit has 0 polygons
2026-09-09 20:57:27 +0200: Memory Usage (467356K) : graphmetal1_opc has 0 polygons
2026-09-09 20:57:27 +0200: Memory Usage (467356K) : graphmet1l_drw has 0 polygons
2026-09-09 20:57:27 +0200: Memory Usage (467516K) : graphmet1l_filler has 0 polygons
2026-09-09 20:57:27 +0200: Memory Usage (467516K) : graphmet1l_nofill has 0 polygons
2026-09-09 20:57:27 +0200: Memory Usage (467516K) : graphmet1l_slit has 0 polygons
2026-09-09 20:57:27 +0200: Memory Usage (467676K) : graphmet1l_opc has 0 polygons
2026-09-09 20:57:27 +0200: Memory Usage (467676K) : extblock_drw has 0 polygons
2026-09-09 20:57:27 +0200: Memory Usage (467676K) : nldd_drw has 0 polygons
2026-09-09 20:57:27 +0200: Memory Usage (467836K) : pldd_drw has 0 polygons
2026-09-09 20:57:27 +0200: Memory Usage (467836K) : next_drw has 0 polygons
2026-09-09 20:57:27 +0200: Memory Usage (467836K) : pext_drw has 0 polygons
2026-09-09 20:57:27 +0200: Memory Usage (467996K) : nexthv_drw has 0 polygons
2026-09-09 20:57:27 +0200: Memory Usage (467996K) : pexthv_drw has 0 polygons
2026-09-09 20:57:27 +0200: Memory Usage (467996K) : graphgate_drw has 0 polygons
2026-09-09 20:57:27 +0200: Memory Usage (468156K) : sinwg_drw has 0 polygons
2026-09-09 20:57:27 +0200: Memory Usage (468156K) : sinwg_filler has 0 polygons
2026-09-09 20:57:27 +0200: Memory Usage (468156K) : sinwg_nofill has 0 polygons
2026-09-09 20:57:27 +0200: Memory Usage (468316K) : mempad_drw has 0 polygons
2026-09-09 20:57:27 +0200: Memory Usage (468316K) : topvia1_drw has 0 polygons
2026-09-09 20:57:27 +0200: Memory Usage (468316K) : topmetal1_drw has 0 polygons
2026-09-09 20:57:27 +0200: Memory Usage (468316K) : topmetal1_pin has 0 polygons
2026-09-09 20:57:27 +0200: Memory Usage (468316K) : topmetal1_mask has 0 polygons
2026-09-09 20:57:27 +0200: Memory Usage (468316K) : topmetal1_filler has 0 polygons
2026-09-09 20:57:27 +0200: Memory Usage (468316K) : topmetal1_nofill has 0 polygons
2026-09-09 20:57:27 +0200: Memory Usage (468316K) : topmetal1_slit has 0 polygons
2026-09-09 20:57:27 +0200: Memory Usage (468316K) : topmetal1_text has 0 polygons
2026-09-09 20:57:27 +0200: Memory Usage (468476K) : topmetal1_noqrc has 0 polygons
2026-09-09 20:57:27 +0200: Memory Usage (468476K) : topmetal1_res has 0 polygons
2026-09-09 20:57:27 +0200: Memory Usage (468476K) : topmetal1_iprobe has 0 polygons
2026-09-09 20:57:27 +0200: Memory Usage (468476K) : topmetal1_diffprb has 0 polygons
2026-09-09 20:57:27 +0200: Memory Usage (468636K) : inldpwl_drw has 0 polygons
2026-09-09 20:57:27 +0200: Memory Usage (468636K) : polyres_drw has 0 polygons
2026-09-09 20:57:27 +0200: Memory Usage (468796K) : polyres_pin has 0 polygons
2026-09-09 20:57:27 +0200: Memory Usage (468796K) : vmim_drw has 0 polygons
2026-09-09 20:57:27 +0200: Memory Usage (468796K) : nbulaycut_drw has 0 polygons
2026-09-09 20:57:27 +0200: Memory Usage (468796K) : antmetal1_drw has 0 polygons
2026-09-09 20:57:27 +0200: Memory Usage (468956K) : topvia2_drw has 0 polygons
2026-09-09 20:57:27 +0200: Memory Usage (468956K) : topmetal2_drw has 0 polygons
2026-09-09 20:57:27 +0200: Memory Usage (469116K) : topmetal2_pin has 0 polygons
2026-09-09 20:57:27 +0200: Memory Usage (469116K) : topmetal2_mask has 0 polygons
2026-09-09 20:57:27 +0200: Memory Usage (469116K) : topmetal2_filler has 0 polygons
2026-09-09 20:57:27 +0200: Memory Usage (469276K) : topmetal2_nofill has 0 polygons
2026-09-09 20:57:27 +0200: Memory Usage (469276K) : topmetal2_slit has 0 polygons
2026-09-09 20:57:27 +0200: Memory Usage (469276K) : topmetal2_text has 0 polygons
2026-09-09 20:57:27 +0200: Memory Usage (469436K) : topmetal2_noqrc has 0 polygons
2026-09-09 20:57:27 +0200: Memory Usage (469436K) : topmetal2_res has 0 polygons
2026-09-09 20:57:27 +0200: Memory Usage (469436K) : topmetal2_iprobe has 0 polygons
2026-09-09 20:57:27 +0200: Memory Usage (469596K) : topmetal2_diffprb has 0 polygons
2026-09-09 20:57:27 +0200: Memory Usage (469596K) : snsring_drw has 0 polygons
2026-09-09 20:57:27 +0200: Memory Usage (469596K) : sensor_drw has 0 polygons
2026-09-09 20:57:27 +0200: Memory Usage (469756K) : snsarms_drw has 0 polygons
2026-09-09 20:57:27 +0200: Memory Usage (469756K) : snscmosvia_drw has 0 polygons
2026-09-09 20:57:27 +0200: Memory Usage (469756K) : colwind_drw has 0 polygons
2026-09-09 20:57:27 +0200: Memory Usage (469756K) : flm_drw has 0 polygons
2026-09-09 20:57:27 +0200: Memory Usage (469916K) : hafniumox_drw has 0 polygons
2026-09-09 20:57:27 +0200: Memory Usage (469916K) : memvia_drw has 0 polygons
2026-09-09 20:57:27 +0200: Memory Usage (470076K) : thinfilmres_drw has 0 polygons
2026-09-09 20:57:27 +0200: Memory Usage (470076K) : rfmem_drw has 0 polygons
2026-09-09 20:57:27 +0200: Memory Usage (470076K) : norcx_drw has 0 polygons
2026-09-09 20:57:27 +0200: Memory Usage (470236K) : norcx_m2m3 has 0 polygons
2026-09-09 20:57:27 +0200: Memory Usage (470236K) : norcx_m2m4 has 0 polygons
2026-09-09 20:57:27 +0200: Memory Usage (470236K) : norcx_m2m5 has 0 polygons
2026-09-09 20:57:27 +0200: Memory Usage (470396K) : norcx_m2tm1 has 0 polygons
2026-09-09 20:57:27 +0200: Memory Usage (470396K) : norcx_m2tm2 has 0 polygons
2026-09-09 20:57:27 +0200: Memory Usage (470396K) : norcx_m3m4 has 0 polygons
2026-09-09 20:57:27 +0200: Memory Usage (470556K) : norcx_m3m5 has 0 polygons
2026-09-09 20:57:27 +0200: Memory Usage (470556K) : norcx_m3tm1 has 0 polygons
2026-09-09 20:57:27 +0200: Memory Usage (470556K) : norcx_m3tm2 has 0 polygons
2026-09-09 20:57:27 +0200: Memory Usage (470716K) : norcx_m4m5 has 0 polygons
2026-09-09 20:57:27 +0200: Memory Usage (470716K) : norcx_m4tm1 has 0 polygons
2026-09-09 20:57:27 +0200: Memory Usage (470716K) : norcx_m4tm2 has 0 polygons
2026-09-09 20:57:27 +0200: Memory Usage (470876K) : norcx_m5tm1 has 0 polygons
2026-09-09 20:57:27 +0200: Memory Usage (470876K) : norcx_m5tm2 has 0 polygons
2026-09-09 20:57:27 +0200: Memory Usage (470876K) : norcx_tm1tm2 has 0 polygons
2026-09-09 20:57:27 +0200: Memory Usage (471036K) : norcx_m1sub has 0 polygons
2026-09-09 20:57:27 +0200: Memory Usage (471036K) : norcx_m2sub has 0 polygons
2026-09-09 20:57:27 +0200: Memory Usage (471036K) : norcx_m3sub has 0 polygons
2026-09-09 20:57:27 +0200: Memory Usage (471196K) : norcx_m4sub has 0 polygons
2026-09-09 20:57:27 +0200: Memory Usage (471196K) : norcx_m5sub has 0 polygons
2026-09-09 20:57:27 +0200: Memory Usage (471196K) : norcx_tm1sub has 0 polygons
2026-09-09 20:57:27 +0200: Memory Usage (471356K) : norcx_tm2sub has 0 polygons
2026-09-09 20:57:27 +0200: Memory Usage (471356K) : snsbotvia_drw has 0 polygons
2026-09-09 20:57:27 +0200: Memory Usage (471356K) : snstopvia_drw has 0 polygons
2026-09-09 20:57:27 +0200: Memory Usage (471516K) : deepvia_drw has 0 polygons
2026-09-09 20:57:27 +0200: Memory Usage (471516K) : fgetch_drw has 0 polygons
2026-09-09 20:57:27 +0200: Memory Usage (471516K) : ctrgat_drw has 0 polygons
2026-09-09 20:57:27 +0200: Memory Usage (471676K) : fgimp_drw has 0 polygons
2026-09-09 20:57:27 +0200: Memory Usage (471676K) : emwihv_drw has 0 polygons
2026-09-09 20:57:27 +0200: Memory Usage (471676K) : lbe_drw has 0 polygons
2026-09-09 20:57:27 +0200: Memory Usage (471836K) : alcustop_drw has 0 polygons
2026-09-09 20:57:27 +0200: Memory Usage (471836K) : nometfiller_drw has 0 polygons
2026-09-09 20:57:27 +0200: Memory Usage (471836K) : prboundary_drw has 0 polygons
2026-09-09 20:57:27 +0200: Memory Usage (471996K) : exchange0_drw has 0 polygons
2026-09-09 20:57:27 +0200: Memory Usage (471996K) : exchange0_pin has 0 polygons
2026-09-09 20:57:27 +0200: Memory Usage (471996K) : exchange0_text has 0 polygons
2026-09-09 20:57:27 +0200: Memory Usage (472156K) : exchange1_drw has 0 polygons
2026-09-09 20:57:27 +0200: Memory Usage (472156K) : exchange1_pin has 0 polygons
2026-09-09 20:57:27 +0200: Memory Usage (472156K) : exchange1_text has 0 polygons
2026-09-09 20:57:27 +0200: Memory Usage (472316K) : exchange2_drw has 0 polygons
2026-09-09 20:57:27 +0200: Memory Usage (472316K) : exchange2_pin has 0 polygons
2026-09-09 20:57:27 +0200: Memory Usage (472316K) : exchange2_text has 0 polygons
2026-09-09 20:57:27 +0200: Memory Usage (472476K) : exchange3_drw has 0 polygons
2026-09-09 20:57:27 +0200: Memory Usage (472476K) : exchange3_pin has 0 polygons
2026-09-09 20:57:27 +0200: Memory Usage (472476K) : exchange3_text has 0 polygons
2026-09-09 20:57:27 +0200: Memory Usage (472636K) : exchange4_drw has 0 polygons
2026-09-09 20:57:27 +0200: Memory Usage (472636K) : exchange4_pin has 0 polygons
2026-09-09 20:57:27 +0200: Memory Usage (472796K) : exchange4_text has 0 polygons
2026-09-09 20:57:27 +0200: Memory Usage (472796K) : isonwell_drw has 0 polygons
2026-09-09 20:57:27 +0200: Memory Usage (472796K) : Total no. of polygons in the design is 99
2026-09-09 20:57:27 +0200: Memory Usage (472796K) : Loaded TECH DRC rules values from /foss/pdks/ihp-sg13g2/libs.tech/klayout/python/sg13g2_pycell_lib/sg13g2_tech_mod.json
2026-09-09 20:57:27 +0200: Memory Usage (472796K) : Loaded default DRC rules values from /foss/pdks/ihp-sg13g2/libs.tech/klayout/tech/drc/rule_decks/sg13g2_tech_default.json
2026-09-09 20:57:27 +0200: Memory Usage (472796K) : The following rules values were missing in tech json and default values were used:
2026-09-09 20:57:27 +0200: Memory Usage (472796K) :   - NW_f1_digibnd
2026-09-09 20:57:27 +0200: Memory Usage (472796K) :   - Cnt_c_digibnd
2026-09-09 20:57:27 +0200: Memory Usage (472796K) :   - Cnt_c_sram
2026-09-09 20:57:27 +0200: Memory Usage (472796K) :   - Sdiod_b
2026-09-09 20:57:27 +0200: Memory Usage (472796K) :   - Sdiod_c
2026-09-09 20:57:27 +0200: Memory Usage (473948K) : Total area of the design is 18.9648 um^2.
2026-09-09 20:57:27 +0200: Memory Usage (473948K) : The design dimensions are 4.32 µm * 4.39 µm.
2026-09-09 20:57:27 +0200: Memory Usage (473948K) : Starting general IHP-SG13G2 derivations.
2026-09-09 20:57:27 +0200: Memory Usage (473948K) : Starting Pwell derivations
2026-09-09 20:57:27 +0200: Memory Usage (475840K) : Starting n-Activ derivations
2026-09-09 20:57:27 +0200: Memory Usage (476000K) : Starting p-Activ derivations
2026-09-09 20:57:27 +0200: Memory Usage (476000K) : Starting ptap derivations
2026-09-09 20:57:27 +0200: Memory Usage (476160K) : Starting ntap derivations
2026-09-09 20:57:27 +0200: Memory Usage (476160K) : Starting pact FET derivations
2026-09-09 20:57:27 +0200: Memory Usage (476320K) : Starting nact FET derivations
2026-09-09 20:57:27 +0200: Memory Usage (476320K) : Starting Gate derivations
2026-09-09 20:57:27 +0200: Memory Usage (476160K) : Starting SVaricap general derivations
2026-09-09 20:57:27 +0200: Memory Usage (476160K) : Starting IHP-SG13G2 DRC connectivity related derivations.
2026-09-09 20:57:27 +0200: Memory Usage (476160K) : Starting IHP-SG13G2 DRC connectivity setup
2026-09-09 20:57:27 +0200: Memory Usage (476544K) : Starting IHP-SG13G2 DRC rules.
2026-09-09 20:57:27 +0200: Memory Usage (476544K) : Starting 5.1 NWell table
2026-09-09 20:57:27 +0200: Memory Usage (476544K) : Executing rule NW.b
2026-09-09 20:57:27 +0200: Memory Usage (477088K) : Executing rule NW.b1
2026-09-09 20:57:27 +0200: Memory Usage (477088K) : Executing rule NW.f1
2026-09-09 20:57:27 +0200: Memory Usage (477088K) : Executing rule NW.f1.digibnd
2026-09-09 20:57:27 +0200: Memory Usage (477088K) : KLayout DRC run for tables 'nwell' completed in 0.19 seconds
