# Logfile created on 2026-09-09 20:59:21 +0200 by logger.rb/v1.5.3
2026-09-09 20:59:21 +0200: Memory Usage (457108K) : Starting running IHP-SG13G2 KLayout DRC runset on /foss/designs/aion_chip/flow/regress/AION_a21oi_nor2_1/baseline/reference_AION_a21oi_nor2_1.gds
2026-09-09 20:59:21 +0200: Memory Usage (457108K) : Ruby Version for klayout: 3.2.3
2026-09-09 20:59:21 +0200: Memory Usage (458656K) : Loading database to memory is complete.
2026-09-09 20:59:21 +0200: Memory Usage (458656K) : IHP-SG13G2 KLayout DRC runset output at: /foss/designs/aion_chip/flow/regress/AION_a21oi_nor2_1/baseline/drc/reference_AION_a21oi_nor2_1.klayout.drc/reference_AION_a21oi_nor2_1_reference_AION_a21oi_nor2_1_lbe.lyrdb
2026-09-09 20:59:21 +0200: Memory Usage (458656K) : Evaluate switches.
2026-09-09 20:59:21 +0200: Memory Usage (458656K) : tables selected: lbe
2026-09-09 20:59:21 +0200: Memory Usage (458656K) : KLayout will use 15 thread(s) in tiling mode.
2026-09-09 20:59:21 +0200: Memory Usage (458656K) : deep mode is enabled.
2026-09-09 20:59:21 +0200: Memory Usage (458656K) : FEOL enabled: false
2026-09-09 20:59:21 +0200: Memory Usage (458656K) : BEOL enabled: false
2026-09-09 20:59:21 +0200: Memory Usage (458656K) : OFFGRID enabled: true
2026-09-09 20:59:21 +0200: Memory Usage (458656K) : ANGLE enabled: true
2026-09-09 20:59:21 +0200: Memory Usage (458656K) : PIN enabled: false
2026-09-09 20:59:21 +0200: Memory Usage (458656K) : FORBIDDEN enabled: false
2026-09-09 20:59:21 +0200: Memory Usage (458656K) : RECOMMENDED enabled: true
2026-09-09 20:59:21 +0200: Memory Usage (458656K) : PreCheck DRC enabled: false
2026-09-09 20:59:21 +0200: Memory Usage (458656K) : CONNECTIVITY_RULES enabled: false.
2026-09-09 20:59:21 +0200: Memory Usage (458656K) : Read in polygons from layers.
2026-09-09 20:59:21 +0200: Memory Usage (459616K) : activ_drw has 6 polygons
2026-09-09 20:59:21 +0200: Memory Usage (459616K) : activ_pin has 0 polygons
2026-09-09 20:59:21 +0200: Memory Usage (459616K) : activ_mask has 0 polygons
2026-09-09 20:59:21 +0200: Memory Usage (459616K) : activ_filler has 0 polygons
2026-09-09 20:59:21 +0200: Memory Usage (459616K) : activ_nofill has 0 polygons
2026-09-09 20:59:21 +0200: Memory Usage (459616K) : activ_opc has 0 polygons
2026-09-09 20:59:21 +0200: Memory Usage (459616K) : activ_iopc has 0 polygons
2026-09-09 20:59:21 +0200: Memory Usage (459616K) : activ_noqrc has 0 polygons
2026-09-09 20:59:21 +0200: Memory Usage (459616K) : biwind_drw has 0 polygons
2026-09-09 20:59:21 +0200: Memory Usage (459616K) : biwind_opc has 0 polygons
2026-09-09 20:59:21 +0200: Memory Usage (459616K) : pemwind_drw has 0 polygons
2026-09-09 20:59:21 +0200: Memory Usage (459808K) : gatpoly_drw has 5 polygons
2026-09-09 20:59:21 +0200: Memory Usage (459808K) : gatpoly_pin has 0 polygons
2026-09-09 20:59:21 +0200: Memory Usage (459808K) : gatpoly_filler has 0 polygons
2026-09-09 20:59:21 +0200: Memory Usage (459808K) : gatpoly_nofill has 0 polygons
2026-09-09 20:59:21 +0200: Memory Usage (459808K) : gatpoly_opc has 0 polygons
2026-09-09 20:59:21 +0200: Memory Usage (459808K) : gatpoly_iopc has 0 polygons
2026-09-09 20:59:21 +0200: Memory Usage (459808K) : gatpoly_noqrc has 0 polygons
2026-09-09 20:59:21 +0200: Memory Usage (459808K) : cont_drw has 49 polygons
2026-09-09 20:59:21 +0200: Memory Usage (459968K) : cont_opc has 0 polygons
2026-09-09 20:59:21 +0200: Memory Usage (459968K) : nsd_drw has 0 polygons
2026-09-09 20:59:21 +0200: Memory Usage (459968K) : nsd_block has 0 polygons
2026-09-09 20:59:21 +0200: Memory Usage (460160K) : metal1_drw has 16 polygons
2026-09-09 20:59:21 +0200: Memory Usage (460160K) : metal1_pin has 7 polygons
2026-09-09 20:59:21 +0200: Memory Usage (460160K) : metal1_mask has 0 polygons
2026-09-09 20:59:21 +0200: Memory Usage (460160K) : metal1_filler has 0 polygons
2026-09-09 20:59:21 +0200: Memory Usage (460320K) : metal1_nofill has 0 polygons
2026-09-09 20:59:21 +0200: Memory Usage (460320K) : metal1_slit has 0 polygons
2026-09-09 20:59:21 +0200: Memory Usage (460672K) : metal1_text has 7 polygons
2026-09-09 20:59:21 +0200: Memory Usage (460672K) : metal1_opc has 0 polygons
2026-09-09 20:59:21 +0200: Memory Usage (460672K) : metal1_noqrc has 0 polygons
2026-09-09 20:59:21 +0200: Memory Usage (460832K) : metal1_res has 0 polygons
2026-09-09 20:59:21 +0200: Memory Usage (460832K) : metal1_iprobe has 0 polygons
2026-09-09 20:59:21 +0200: Memory Usage (460832K) : metal1_diffprb has 0 polygons
2026-09-09 20:59:21 +0200: Memory Usage (460992K) : passiv_drw has 0 polygons
2026-09-09 20:59:21 +0200: Memory Usage (460992K) : passiv_pin has 0 polygons
2026-09-09 20:59:21 +0200: Memory Usage (460992K) : passiv_sbump has 0 polygons
2026-09-09 20:59:21 +0200: Memory Usage (461152K) : passiv_pillar has 0 polygons
2026-09-09 20:59:21 +0200: Memory Usage (461152K) : passiv_pdl has 0 polygons
2026-09-09 20:59:21 +0200: Memory Usage (461152K) : metal2_drw has 2 polygons
2026-09-09 20:59:21 +0200: Memory Usage (461152K) : metal2_pin has 0 polygons
2026-09-09 20:59:21 +0200: Memory Usage (461152K) : metal2_mask has 0 polygons
2026-09-09 20:59:21 +0200: Memory Usage (461152K) : metal2_filler has 0 polygons
2026-09-09 20:59:21 +0200: Memory Usage (461152K) : metal2_nofill has 0 polygons
2026-09-09 20:59:21 +0200: Memory Usage (461152K) : metal2_slit has 0 polygons
2026-09-09 20:59:21 +0200: Memory Usage (461152K) : metal2_text has 0 polygons
2026-09-09 20:59:21 +0200: Memory Usage (461152K) : metal2_opc has 0 polygons
2026-09-09 20:59:21 +0200: Memory Usage (461312K) : metal2_noqrc has 0 polygons
2026-09-09 20:59:21 +0200: Memory Usage (461312K) : metal2_res has 0 polygons
2026-09-09 20:59:21 +0200: Memory Usage (461312K) : metal2_iprobe has 0 polygons
2026-09-09 20:59:21 +0200: Memory Usage (461472K) : metal2_diffprb has 0 polygons
2026-09-09 20:59:21 +0200: Memory Usage (461472K) : baspoly_drw has 0 polygons
2026-09-09 20:59:21 +0200: Memory Usage (461472K) : baspoly_pin has 0 polygons
2026-09-09 20:59:21 +0200: Memory Usage (461472K) : psd_drw has 2 polygons
2026-09-09 20:59:21 +0200: Memory Usage (461632K) : nldb_drw has 0 polygons
2026-09-09 20:59:21 +0200: Memory Usage (461632K) : digibnd_drw has 0 polygons
2026-09-09 20:59:21 +0200: Memory Usage (461632K) : via1_drw has 2 polygons
2026-09-09 20:59:21 +0200: Memory Usage (461792K) : backmetal1_drw has 0 polygons
2026-09-09 20:59:21 +0200: Memory Usage (461792K) : backmetal1_pin has 0 polygons
2026-09-09 20:59:21 +0200: Memory Usage (461792K) : backmetal1_mask has 0 polygons
2026-09-09 20:59:21 +0200: Memory Usage (461952K) : backmetal1_filler has 0 polygons
2026-09-09 20:59:21 +0200: Memory Usage (461952K) : backmetal1_nofill has 0 polygons
2026-09-09 20:59:21 +0200: Memory Usage (461952K) : backmetal1_slit has 0 polygons
2026-09-09 20:59:21 +0200: Memory Usage (462112K) : backmetal1_text has 0 polygons
2026-09-09 20:59:21 +0200: Memory Usage (462112K) : backmetal1_opc has 0 polygons
2026-09-09 20:59:21 +0200: Memory Usage (462112K) : backmetal1_noqrc has 0 polygons
2026-09-09 20:59:21 +0200: Memory Usage (462272K) : backmetal1_res has 0 polygons
2026-09-09 20:59:21 +0200: Memory Usage (462272K) : backmetal1_iprobe has 0 polygons
2026-09-09 20:59:21 +0200: Memory Usage (462432K) : backmetal1_diffprb has 0 polygons
2026-09-09 20:59:21 +0200: Memory Usage (462592K) : backpassiv_drw has 0 polygons
2026-09-09 20:59:21 +0200: Memory Usage (462592K) : res_drw has 0 polygons
2026-09-09 20:59:21 +0200: Memory Usage (462592K) : sram_drw has 0 polygons
2026-09-09 20:59:21 +0200: Memory Usage (462752K) : trans_drw has 0 polygons
2026-09-09 20:59:21 +0200: Memory Usage (462752K) : ind_drw has 0 polygons
2026-09-09 20:59:21 +0200: Memory Usage (462752K) : ind_pin has 0 polygons
2026-09-09 20:59:21 +0200: Memory Usage (462912K) : ind_text has 0 polygons
2026-09-09 20:59:21 +0200: Memory Usage (462912K) : salblock_drw has 0 polygons
2026-09-09 20:59:21 +0200: Memory Usage (462912K) : via2_drw has 0 polygons
2026-09-09 20:59:21 +0200: Memory Usage (463072K) : metal3_drw has 0 polygons
2026-09-09 20:59:21 +0200: Memory Usage (463072K) : metal3_pin has 0 polygons
2026-09-09 20:59:21 +0200: Memory Usage (463072K) : metal3_mask has 0 polygons
2026-09-09 20:59:21 +0200: Memory Usage (463232K) : metal3_filler has 0 polygons
2026-09-09 20:59:21 +0200: Memory Usage (463232K) : metal3_nofill has 0 polygons
2026-09-09 20:59:21 +0200: Memory Usage (463232K) : metal3_slit has 0 polygons
2026-09-09 20:59:21 +0200: Memory Usage (463392K) : metal3_text has 0 polygons
2026-09-09 20:59:21 +0200: Memory Usage (463392K) : metal3_opc has 0 polygons
2026-09-09 20:59:21 +0200: Memory Usage (463552K) : metal3_noqrc has 0 polygons
2026-09-09 20:59:21 +0200: Memory Usage (463552K) : metal3_res has 0 polygons
2026-09-09 20:59:21 +0200: Memory Usage (463552K) : metal3_iprobe has 0 polygons
2026-09-09 20:59:21 +0200: Memory Usage (463712K) : metal3_diffprb has 0 polygons
2026-09-09 20:59:21 +0200: Memory Usage (463712K) : nwell_drw has 1 polygons
2026-09-09 20:59:21 +0200: Memory Usage (463712K) : nwell_pin has 0 polygons
2026-09-09 20:59:21 +0200: Memory Usage (463712K) : nbulay_drw has 0 polygons
2026-09-09 20:59:21 +0200: Memory Usage (463872K) : nbulay_pin has 0 polygons
2026-09-09 20:59:21 +0200: Memory Usage (463872K) : nbulay_block has 0 polygons
2026-09-09 20:59:21 +0200: Memory Usage (463872K) : emwind_drw has 0 polygons
2026-09-09 20:59:21 +0200: Memory Usage (463872K) : emwind_opc has 0 polygons
2026-09-09 20:59:21 +0200: Memory Usage (463872K) : deepco_drw has 0 polygons
2026-09-09 20:59:21 +0200: Memory Usage (464032K) : deepco_drw has 0 polygons
2026-09-09 20:59:21 +0200: Memory Usage (464032K) : mim_drw has 0 polygons
2026-09-09 20:59:21 +0200: Memory Usage (464032K) : edgeseal_drw has 0 polygons
2026-09-09 20:59:21 +0200: Memory Usage (464032K) : edgeseal_bound has 0 polygons
2026-09-09 20:59:21 +0200: Memory Usage (464192K) : substrate_drw has 0 polygons
2026-09-09 20:59:21 +0200: Memory Usage (464192K) : substrate_text has 0 polygons
2026-09-09 20:59:21 +0200: Memory Usage (464192K) : dfpad_drw has 0 polygons
2026-09-09 20:59:21 +0200: Memory Usage (464192K) : dfpad_pillar has 0 polygons
2026-09-09 20:59:21 +0200: Memory Usage (464352K) : dfpad_sbump has 0 polygons
2026-09-09 20:59:21 +0200: Memory Usage (464352K) : thickgateox_drw has 0 polygons
2026-09-09 20:59:21 +0200: Memory Usage (464352K) : pldb_drw has 0 polygons
2026-09-09 20:59:21 +0200: Memory Usage (464512K) : pwell_drw has 0 polygons
2026-09-09 20:59:21 +0200: Memory Usage (464512K) : pwell_pin has 0 polygons
2026-09-09 20:59:21 +0200: Memory Usage (464512K) : pwell_block has 0 polygons
2026-09-09 20:59:21 +0200: Memory Usage (464672K) : ic_drw has 0 polygons
2026-09-09 20:59:21 +0200: Memory Usage (464672K) : via3_drw has 0 polygons
2026-09-09 20:59:21 +0200: Memory Usage (464672K) : metal4_drw has 0 polygons
2026-09-09 20:59:21 +0200: Memory Usage (464832K) : metal4_pin has 0 polygons
2026-09-09 20:59:21 +0200: Memory Usage (464832K) : metal4_mask has 0 polygons
2026-09-09 20:59:21 +0200: Memory Usage (464832K) : metal4_filler has 0 polygons
2026-09-09 20:59:21 +0200: Memory Usage (464992K) : metal4_nofill has 0 polygons
2026-09-09 20:59:21 +0200: Memory Usage (464992K) : metal4_slit has 0 polygons
2026-09-09 20:59:21 +0200: Memory Usage (465152K) : metal4_text has 0 polygons
2026-09-09 20:59:21 +0200: Memory Usage (465152K) : metal4_opc has 0 polygons
2026-09-09 20:59:21 +0200: Memory Usage (465152K) : metal4_noqrc has 0 polygons
2026-09-09 20:59:21 +0200: Memory Usage (465152K) : metal4_res has 0 polygons
2026-09-09 20:59:21 +0200: Memory Usage (465312K) : metal4_iprobe has 0 polygons
2026-09-09 20:59:21 +0200: Memory Usage (465312K) : metal4_diffprb has 0 polygons
2026-09-09 20:59:21 +0200: Memory Usage (465472K) : heattrans_drw has 0 polygons
2026-09-09 20:59:21 +0200: Memory Usage (465472K) : heatres_drw has 0 polygons
2026-09-09 20:59:21 +0200: Memory Usage (465472K) : pempoly_drw has 0 polygons
2026-09-09 20:59:21 +0200: Memory Usage (465632K) : fbe_drw has 0 polygons
2026-09-09 20:59:21 +0200: Memory Usage (465632K) : empoly_drw has 0 polygons
2026-09-09 20:59:21 +0200: Memory Usage (465632K) : ldmos_drw has 0 polygons
2026-09-09 20:59:21 +0200: Memory Usage (465792K) : pbiwind_drw has 0 polygons
2026-09-09 20:59:21 +0200: Memory Usage (465792K) : digisub_drw has 0 polygons
2026-09-09 20:59:21 +0200: Memory Usage (465792K) : nodrc_drw has 0 polygons
2026-09-09 20:59:21 +0200: Memory Usage (465792K) : text_drw has 0 polygons
2026-09-09 20:59:21 +0200: Memory Usage (465792K) : via4_drw has 0 polygons
2026-09-09 20:59:21 +0200: Memory Usage (465952K) : metal5_drw has 0 polygons
2026-09-09 20:59:21 +0200: Memory Usage (465952K) : metal5_pin has 0 polygons
2026-09-09 20:59:21 +0200: Memory Usage (465952K) : metal5_mask has 0 polygons
2026-09-09 20:59:21 +0200: Memory Usage (465952K) : metal5_filler has 0 polygons
2026-09-09 20:59:21 +0200: Memory Usage (466112K) : metal5_nofill has 0 polygons
2026-09-09 20:59:21 +0200: Memory Usage (466112K) : metal5_slit has 0 polygons
2026-09-09 20:59:21 +0200: Memory Usage (466272K) : metal5_text has 0 polygons
2026-09-09 20:59:21 +0200: Memory Usage (466272K) : metal5_opc has 0 polygons
2026-09-09 20:59:21 +0200: Memory Usage (466272K) : metal5_noqrc has 0 polygons
2026-09-09 20:59:21 +0200: Memory Usage (466432K) : metal5_res has 0 polygons
2026-09-09 20:59:21 +0200: Memory Usage (466432K) : metal5_iprobe has 0 polygons
2026-09-09 20:59:21 +0200: Memory Usage (466432K) : metal5_diffprb has 0 polygons
2026-09-09 20:59:21 +0200: Memory Usage (466592K) : radhard_drw has 0 polygons
2026-09-09 20:59:21 +0200: Memory Usage (466592K) : memcap_drw has 0 polygons
2026-09-09 20:59:21 +0200: Memory Usage (466592K) : varicap_drw has 0 polygons
2026-09-09 20:59:21 +0200: Memory Usage (466752K) : flash_drw has 0 polygons
2026-09-09 20:59:21 +0200: Memory Usage (466752K) : intbondvia_drw has 0 polygons
2026-09-09 20:59:21 +0200: Memory Usage (466752K) : intbondmet_drw has 0 polygons
2026-09-09 20:59:21 +0200: Memory Usage (466912K) : devbondvia_drw has 0 polygons
2026-09-09 20:59:21 +0200: Memory Usage (466912K) : devbondmet_drw has 0 polygons
2026-09-09 20:59:21 +0200: Memory Usage (466912K) : devtrench_drw has 0 polygons
2026-09-09 20:59:21 +0200: Memory Usage (467072K) : redist_drw has 0 polygons
2026-09-09 20:59:21 +0200: Memory Usage (467072K) : graphbot_drw has 0 polygons
2026-09-09 20:59:21 +0200: Memory Usage (467072K) : graphtop_drw has 0 polygons
2026-09-09 20:59:21 +0200: Memory Usage (467232K) : antvia1_drw has 0 polygons
2026-09-09 20:59:21 +0200: Memory Usage (467232K) : antmetal2_drw has 0 polygons
2026-09-09 20:59:21 +0200: Memory Usage (467232K) : graphcont_drw has 0 polygons
2026-09-09 20:59:21 +0200: Memory Usage (467392K) : siwg_drw has 0 polygons
2026-09-09 20:59:21 +0200: Memory Usage (467392K) : siwg_filler has 0 polygons
2026-09-09 20:59:21 +0200: Memory Usage (467392K) : siwg_nofill has 0 polygons
2026-09-09 20:59:21 +0200: Memory Usage (467552K) : sigrating_drw has 0 polygons
2026-09-09 20:59:21 +0200: Memory Usage (467552K) : singrating_drw has 0 polygons
2026-09-09 20:59:21 +0200: Memory Usage (467552K) : graphpas_drw has 0 polygons
2026-09-09 20:59:21 +0200: Memory Usage (467712K) : emwind3_drw has 0 polygons
2026-09-09 20:59:21 +0200: Memory Usage (467712K) : emwihv3_drw has 0 polygons
2026-09-09 20:59:21 +0200: Memory Usage (467712K) : redbulay_drw has 0 polygons
2026-09-09 20:59:21 +0200: Memory Usage (467712K) : smos_drw has 0 polygons
2026-09-09 20:59:21 +0200: Memory Usage (467712K) : graphpad_drw has 0 polygons
2026-09-09 20:59:21 +0200: Memory Usage (467872K) : polimide_drw has 0 polygons
2026-09-09 20:59:21 +0200: Memory Usage (467872K) : polimide_pin has 0 polygons
2026-09-09 20:59:21 +0200: Memory Usage (467872K) : recog_drw has 0 polygons
2026-09-09 20:59:21 +0200: Memory Usage (467872K) : recog_pin has 0 polygons
2026-09-09 20:59:21 +0200: Memory Usage (468032K) : recog_esd has 0 polygons
2026-09-09 20:59:21 +0200: Memory Usage (468032K) : recog_diode has 0 polygons
2026-09-09 20:59:21 +0200: Memory Usage (468032K) : recog_tsv has 0 polygons
2026-09-09 20:59:21 +0200: Memory Usage (468192K) : recog_iprobe has 0 polygons
2026-09-09 20:59:21 +0200: Memory Usage (468192K) : recog_diffprb has 0 polygons
2026-09-09 20:59:21 +0200: Memory Usage (468192K) : recog_pillar has 0 polygons
2026-09-09 20:59:21 +0200: Memory Usage (468352K) : recog_sbump has 0 polygons
2026-09-09 20:59:21 +0200: Memory Usage (468352K) : recog_otp has 0 polygons
2026-09-09 20:59:21 +0200: Memory Usage (468352K) : recog_pdiode has 0 polygons
2026-09-09 20:59:21 +0200: Memory Usage (468512K) : recog_mom has 0 polygons
2026-09-09 20:59:21 +0200: Memory Usage (468512K) : recog_pcm has 0 polygons
2026-09-09 20:59:21 +0200: Memory Usage (468512K) : colopen_drw has 0 polygons
2026-09-09 20:59:21 +0200: Memory Usage (468672K) : graphmetal1_drw has 0 polygons
2026-09-09 20:59:21 +0200: Memory Usage (468672K) : graphmetal1_filler has 0 polygons
2026-09-09 20:59:21 +0200: Memory Usage (468672K) : graphmetal1_nofill has 0 polygons
2026-09-09 20:59:21 +0200: Memory Usage (468832K) : graphmetal1_slit has 0 polygons
2026-09-09 20:59:21 +0200: Memory Usage (468832K) : graphmetal1_opc has 0 polygons
2026-09-09 20:59:21 +0200: Memory Usage (468832K) : graphmet1l_drw has 0 polygons
2026-09-09 20:59:21 +0200: Memory Usage (468992K) : graphmet1l_filler has 0 polygons
2026-09-09 20:59:21 +0200: Memory Usage (468992K) : graphmet1l_nofill has 0 polygons
2026-09-09 20:59:21 +0200: Memory Usage (468992K) : graphmet1l_slit has 0 polygons
2026-09-09 20:59:21 +0200: Memory Usage (469152K) : graphmet1l_opc has 0 polygons
2026-09-09 20:59:21 +0200: Memory Usage (469152K) : extblock_drw has 0 polygons
2026-09-09 20:59:21 +0200: Memory Usage (469152K) : nldd_drw has 0 polygons
2026-09-09 20:59:21 +0200: Memory Usage (469312K) : pldd_drw has 0 polygons
2026-09-09 20:59:21 +0200: Memory Usage (469312K) : next_drw has 0 polygons
2026-09-09 20:59:21 +0200: Memory Usage (469312K) : pext_drw has 0 polygons
2026-09-09 20:59:21 +0200: Memory Usage (469472K) : nexthv_drw has 0 polygons
2026-09-09 20:59:21 +0200: Memory Usage (469472K) : pexthv_drw has 0 polygons
2026-09-09 20:59:21 +0200: Memory Usage (469472K) : graphgate_drw has 0 polygons
2026-09-09 20:59:21 +0200: Memory Usage (469632K) : sinwg_drw has 0 polygons
2026-09-09 20:59:21 +0200: Memory Usage (469632K) : sinwg_filler has 0 polygons
2026-09-09 20:59:21 +0200: Memory Usage (469632K) : sinwg_nofill has 0 polygons
2026-09-09 20:59:21 +0200: Memory Usage (469792K) : mempad_drw has 0 polygons
2026-09-09 20:59:21 +0200: Memory Usage (469792K) : topvia1_drw has 0 polygons
2026-09-09 20:59:21 +0200: Memory Usage (469792K) : topmetal1_drw has 0 polygons
2026-09-09 20:59:21 +0200: Memory Usage (469792K) : topmetal1_pin has 0 polygons
2026-09-09 20:59:21 +0200: Memory Usage (469792K) : topmetal1_mask has 0 polygons
2026-09-09 20:59:21 +0200: Memory Usage (469792K) : topmetal1_filler has 0 polygons
2026-09-09 20:59:21 +0200: Memory Usage (469792K) : topmetal1_nofill has 0 polygons
2026-09-09 20:59:21 +0200: Memory Usage (469792K) : topmetal1_slit has 0 polygons
2026-09-09 20:59:21 +0200: Memory Usage (469792K) : topmetal1_text has 0 polygons
2026-09-09 20:59:21 +0200: Memory Usage (469792K) : topmetal1_noqrc has 0 polygons
2026-09-09 20:59:21 +0200: Memory Usage (469952K) : topmetal1_res has 0 polygons
2026-09-09 20:59:21 +0200: Memory Usage (469952K) : topmetal1_iprobe has 0 polygons
2026-09-09 20:59:21 +0200: Memory Usage (469952K) : topmetal1_diffprb has 0 polygons
2026-09-09 20:59:21 +0200: Memory Usage (470112K) : inldpwl_drw has 0 polygons
2026-09-09 20:59:21 +0200: Memory Usage (470112K) : polyres_drw has 0 polygons
2026-09-09 20:59:21 +0200: Memory Usage (470112K) : polyres_pin has 0 polygons
2026-09-09 20:59:21 +0200: Memory Usage (470272K) : vmim_drw has 0 polygons
2026-09-09 20:59:21 +0200: Memory Usage (470272K) : nbulaycut_drw has 0 polygons
2026-09-09 20:59:21 +0200: Memory Usage (470272K) : antmetal1_drw has 0 polygons
2026-09-09 20:59:21 +0200: Memory Usage (470432K) : topvia2_drw has 0 polygons
2026-09-09 20:59:21 +0200: Memory Usage (470432K) : topmetal2_drw has 0 polygons
2026-09-09 20:59:21 +0200: Memory Usage (470432K) : topmetal2_pin has 0 polygons
2026-09-09 20:59:21 +0200: Memory Usage (470592K) : topmetal2_mask has 0 polygons
2026-09-09 20:59:21 +0200: Memory Usage (470592K) : topmetal2_filler has 0 polygons
2026-09-09 20:59:21 +0200: Memory Usage (470592K) : topmetal2_nofill has 0 polygons
2026-09-09 20:59:21 +0200: Memory Usage (470752K) : topmetal2_slit has 0 polygons
2026-09-09 20:59:21 +0200: Memory Usage (470752K) : topmetal2_text has 0 polygons
2026-09-09 20:59:21 +0200: Memory Usage (470752K) : topmetal2_noqrc has 0 polygons
2026-09-09 20:59:21 +0200: Memory Usage (470912K) : topmetal2_res has 0 polygons
2026-09-09 20:59:21 +0200: Memory Usage (470912K) : topmetal2_iprobe has 0 polygons
2026-09-09 20:59:21 +0200: Memory Usage (470912K) : topmetal2_diffprb has 0 polygons
2026-09-09 20:59:21 +0200: Memory Usage (471072K) : snsring_drw has 0 polygons
2026-09-09 20:59:21 +0200: Memory Usage (471072K) : sensor_drw has 0 polygons
2026-09-09 20:59:21 +0200: Memory Usage (471072K) : snsarms_drw has 0 polygons
2026-09-09 20:59:21 +0200: Memory Usage (471232K) : snscmosvia_drw has 0 polygons
2026-09-09 20:59:21 +0200: Memory Usage (471232K) : colwind_drw has 0 polygons
2026-09-09 20:59:21 +0200: Memory Usage (471232K) : flm_drw has 0 polygons
2026-09-09 20:59:21 +0200: Memory Usage (471392K) : hafniumox_drw has 0 polygons
2026-09-09 20:59:21 +0200: Memory Usage (471392K) : memvia_drw has 0 polygons
2026-09-09 20:59:21 +0200: Memory Usage (471392K) : thinfilmres_drw has 0 polygons
2026-09-09 20:59:21 +0200: Memory Usage (471552K) : rfmem_drw has 0 polygons
2026-09-09 20:59:21 +0200: Memory Usage (471552K) : norcx_drw has 0 polygons
2026-09-09 20:59:21 +0200: Memory Usage (471552K) : norcx_m2m3 has 0 polygons
2026-09-09 20:59:21 +0200: Memory Usage (471712K) : norcx_m2m4 has 0 polygons
2026-09-09 20:59:21 +0200: Memory Usage (471712K) : norcx_m2m5 has 0 polygons
2026-09-09 20:59:21 +0200: Memory Usage (471712K) : norcx_m2tm1 has 0 polygons
2026-09-09 20:59:21 +0200: Memory Usage (471872K) : norcx_m2tm2 has 0 polygons
2026-09-09 20:59:21 +0200: Memory Usage (471872K) : norcx_m3m4 has 0 polygons
2026-09-09 20:59:21 +0200: Memory Usage (471872K) : norcx_m3m5 has 0 polygons
2026-09-09 20:59:21 +0200: Memory Usage (472032K) : norcx_m3tm1 has 0 polygons
2026-09-09 20:59:21 +0200: Memory Usage (472032K) : norcx_m3tm2 has 0 polygons
2026-09-09 20:59:21 +0200: Memory Usage (472032K) : norcx_m4m5 has 0 polygons
2026-09-09 20:59:21 +0200: Memory Usage (472192K) : norcx_m4tm1 has 0 polygons
2026-09-09 20:59:21 +0200: Memory Usage (472192K) : norcx_m4tm2 has 0 polygons
2026-09-09 20:59:21 +0200: Memory Usage (472192K) : norcx_m5tm1 has 0 polygons
2026-09-09 20:59:21 +0200: Memory Usage (472352K) : norcx_m5tm2 has 0 polygons
2026-09-09 20:59:21 +0200: Memory Usage (472352K) : norcx_tm1tm2 has 0 polygons
2026-09-09 20:59:21 +0200: Memory Usage (472352K) : norcx_m1sub has 0 polygons
2026-09-09 20:59:21 +0200: Memory Usage (472512K) : norcx_m2sub has 0 polygons
2026-09-09 20:59:21 +0200: Memory Usage (472512K) : norcx_m3sub has 0 polygons
2026-09-09 20:59:21 +0200: Memory Usage (472512K) : norcx_m4sub has 0 polygons
2026-09-09 20:59:21 +0200: Memory Usage (472672K) : norcx_m5sub has 0 polygons
2026-09-09 20:59:21 +0200: Memory Usage (472672K) : norcx_tm1sub has 0 polygons
2026-09-09 20:59:21 +0200: Memory Usage (472672K) : norcx_tm2sub has 0 polygons
2026-09-09 20:59:21 +0200: Memory Usage (472832K) : snsbotvia_drw has 0 polygons
2026-09-09 20:59:21 +0200: Memory Usage (472832K) : snstopvia_drw has 0 polygons
2026-09-09 20:59:21 +0200: Memory Usage (472832K) : deepvia_drw has 0 polygons
2026-09-09 20:59:21 +0200: Memory Usage (472992K) : fgetch_drw has 0 polygons
2026-09-09 20:59:21 +0200: Memory Usage (472992K) : ctrgat_drw has 0 polygons
2026-09-09 20:59:21 +0200: Memory Usage (472992K) : fgimp_drw has 0 polygons
2026-09-09 20:59:21 +0200: Memory Usage (473152K) : emwihv_drw has 0 polygons
2026-09-09 20:59:21 +0200: Memory Usage (473152K) : lbe_drw has 0 polygons
2026-09-09 20:59:21 +0200: Memory Usage (473152K) : alcustop_drw has 0 polygons
2026-09-09 20:59:21 +0200: Memory Usage (473312K) : nometfiller_drw has 0 polygons
2026-09-09 20:59:21 +0200: Memory Usage (473312K) : prboundary_drw has 0 polygons
2026-09-09 20:59:21 +0200: Memory Usage (473312K) : exchange0_drw has 0 polygons
2026-09-09 20:59:21 +0200: Memory Usage (473472K) : exchange0_pin has 0 polygons
2026-09-09 20:59:21 +0200: Memory Usage (473472K) : exchange0_text has 0 polygons
2026-09-09 20:59:21 +0200: Memory Usage (473472K) : exchange1_drw has 0 polygons
2026-09-09 20:59:21 +0200: Memory Usage (473632K) : exchange1_pin has 0 polygons
2026-09-09 20:59:21 +0200: Memory Usage (473632K) : exchange1_text has 0 polygons
2026-09-09 20:59:21 +0200: Memory Usage (473632K) : exchange2_drw has 0 polygons
2026-09-09 20:59:21 +0200: Memory Usage (473792K) : exchange2_pin has 0 polygons
2026-09-09 20:59:21 +0200: Memory Usage (473792K) : exchange2_text has 0 polygons
2026-09-09 20:59:21 +0200: Memory Usage (473792K) : exchange3_drw has 0 polygons
2026-09-09 20:59:21 +0200: Memory Usage (473952K) : exchange3_pin has 0 polygons
2026-09-09 20:59:21 +0200: Memory Usage (473952K) : exchange3_text has 0 polygons
2026-09-09 20:59:21 +0200: Memory Usage (473952K) : exchange4_drw has 0 polygons
2026-09-09 20:59:21 +0200: Memory Usage (474112K) : exchange4_pin has 0 polygons
2026-09-09 20:59:21 +0200: Memory Usage (474112K) : exchange4_text has 0 polygons
2026-09-09 20:59:21 +0200: Memory Usage (474112K) : isonwell_drw has 0 polygons
2026-09-09 20:59:21 +0200: Memory Usage (474112K) : Total no. of polygons in the design is 97
2026-09-09 20:59:21 +0200: Memory Usage (474272K) : Loaded TECH DRC rules values from /foss/pdks/ihp-sg13g2/libs.tech/klayout/python/sg13g2_pycell_lib/sg13g2_tech_mod.json
2026-09-09 20:59:21 +0200: Memory Usage (474272K) : Loaded default DRC rules values from /foss/pdks/ihp-sg13g2/libs.tech/klayout/tech/drc/rule_decks/sg13g2_tech_default.json
2026-09-09 20:59:21 +0200: Memory Usage (474272K) : The following rules values were missing in tech json and default values were used:
2026-09-09 20:59:21 +0200: Memory Usage (474272K) :   - NW_f1_digibnd
2026-09-09 20:59:21 +0200: Memory Usage (474272K) :   - Cnt_c_digibnd
2026-09-09 20:59:21 +0200: Memory Usage (474272K) :   - Cnt_c_sram
2026-09-09 20:59:21 +0200: Memory Usage (474272K) :   - Sdiod_b
2026-09-09 20:59:21 +0200: Memory Usage (474272K) :   - Sdiod_c
2026-09-09 20:59:21 +0200: Memory Usage (475424K) : Total area of the design is 21.072 um^2.
2026-09-09 20:59:21 +0200: Memory Usage (475424K) : The design dimensions are 4.800000000000001 µm * 4.39 µm.
2026-09-09 20:59:21 +0200: Memory Usage (475424K) : Starting general IHP-SG13G2 derivations.
2026-09-09 20:59:21 +0200: Memory Usage (475424K) : Starting Pwell derivations
2026-09-09 20:59:21 +0200: Memory Usage (477068K) : Starting IHP-SG13G2 DRC rules.
2026-09-09 20:59:21 +0200: Memory Usage (477068K) : Starting 9.1. LBE table
2026-09-09 20:59:21 +0200: Memory Usage (477068K) : Executing rule LBE.a
2026-09-09 20:59:21 +0200: Memory Usage (477416K) : Executing rule LBE.b
2026-09-09 20:59:21 +0200: Memory Usage (477416K) : Executing rule LBE.b1
2026-09-09 20:59:21 +0200: Memory Usage (477416K) : Executing rule LBE.c
2026-09-09 20:59:21 +0200: Memory Usage (477416K) : Executing rule LBE.d
2026-09-09 20:59:21 +0200: Memory Usage (477416K) : Executing rule LBE.h
2026-09-09 20:59:21 +0200: Memory Usage (477416K) : KLayout DRC run for tables 'lbe' completed in 0.12 seconds
