# Logfile created on 2026-09-09 20:59:20 +0200 by logger.rb/v1.5.3
2026-09-09 20:59:20 +0200: Memory Usage (457748K) : Starting running IHP-SG13G2 KLayout DRC runset on /foss/designs/aion_chip/flow/regress/AION_a21oi_nor2_1/baseline/reference_AION_a21oi_nor2_1.gds
2026-09-09 20:59:20 +0200: Memory Usage (457748K) : Ruby Version for klayout: 3.2.3
2026-09-09 20:59:20 +0200: Memory Usage (458736K) : Loading database to memory is complete.
2026-09-09 20:59:20 +0200: Memory Usage (458736K) : IHP-SG13G2 KLayout DRC runset output at: /foss/designs/aion_chip/flow/regress/AION_a21oi_nor2_1/baseline/drc/reference_AION_a21oi_nor2_1.klayout.drc/reference_AION_a21oi_nor2_1_reference_AION_a21oi_nor2_1_passiv.lyrdb
2026-09-09 20:59:20 +0200: Memory Usage (458736K) : Evaluate switches.
2026-09-09 20:59:20 +0200: Memory Usage (458736K) : tables selected: passiv
2026-09-09 20:59:20 +0200: Memory Usage (458736K) : KLayout will use 15 thread(s) in tiling mode.
2026-09-09 20:59:20 +0200: Memory Usage (458736K) : deep mode is enabled.
2026-09-09 20:59:20 +0200: Memory Usage (458736K) : FEOL enabled: false
2026-09-09 20:59:20 +0200: Memory Usage (458736K) : BEOL enabled: false
2026-09-09 20:59:20 +0200: Memory Usage (458736K) : OFFGRID enabled: true
2026-09-09 20:59:20 +0200: Memory Usage (458736K) : ANGLE enabled: true
2026-09-09 20:59:20 +0200: Memory Usage (458736K) : PIN enabled: false
2026-09-09 20:59:20 +0200: Memory Usage (458736K) : FORBIDDEN enabled: false
2026-09-09 20:59:20 +0200: Memory Usage (458736K) : RECOMMENDED enabled: true
2026-09-09 20:59:20 +0200: Memory Usage (458736K) : PreCheck DRC enabled: false
2026-09-09 20:59:20 +0200: Memory Usage (458736K) : CONNECTIVITY_RULES enabled: false.
2026-09-09 20:59:20 +0200: Memory Usage (458736K) : Read in polygons from layers.
2026-09-09 20:59:20 +0200: Memory Usage (459696K) : activ_drw has 6 polygons
2026-09-09 20:59:20 +0200: Memory Usage (459696K) : activ_pin has 0 polygons
2026-09-09 20:59:20 +0200: Memory Usage (459696K) : activ_mask has 0 polygons
2026-09-09 20:59:20 +0200: Memory Usage (459696K) : activ_filler has 0 polygons
2026-09-09 20:59:20 +0200: Memory Usage (459696K) : activ_nofill has 0 polygons
2026-09-09 20:59:20 +0200: Memory Usage (459696K) : activ_opc has 0 polygons
2026-09-09 20:59:20 +0200: Memory Usage (459696K) : activ_iopc has 0 polygons
2026-09-09 20:59:20 +0200: Memory Usage (459696K) : activ_noqrc has 0 polygons
2026-09-09 20:59:20 +0200: Memory Usage (459696K) : biwind_drw has 0 polygons
2026-09-09 20:59:20 +0200: Memory Usage (459696K) : biwind_opc has 0 polygons
2026-09-09 20:59:20 +0200: Memory Usage (459696K) : pemwind_drw has 0 polygons
2026-09-09 20:59:20 +0200: Memory Usage (459888K) : gatpoly_drw has 5 polygons
2026-09-09 20:59:20 +0200: Memory Usage (459888K) : gatpoly_pin has 0 polygons
2026-09-09 20:59:20 +0200: Memory Usage (459888K) : gatpoly_filler has 0 polygons
2026-09-09 20:59:20 +0200: Memory Usage (459888K) : gatpoly_nofill has 0 polygons
2026-09-09 20:59:20 +0200: Memory Usage (459888K) : gatpoly_opc has 0 polygons
2026-09-09 20:59:20 +0200: Memory Usage (459888K) : gatpoly_iopc has 0 polygons
2026-09-09 20:59:20 +0200: Memory Usage (459888K) : gatpoly_noqrc has 0 polygons
2026-09-09 20:59:20 +0200: Memory Usage (459888K) : cont_drw has 49 polygons
2026-09-09 20:59:20 +0200: Memory Usage (460048K) : cont_opc has 0 polygons
2026-09-09 20:59:20 +0200: Memory Usage (460048K) : nsd_drw has 0 polygons
2026-09-09 20:59:20 +0200: Memory Usage (460048K) : nsd_block has 0 polygons
2026-09-09 20:59:20 +0200: Memory Usage (460240K) : metal1_drw has 16 polygons
2026-09-09 20:59:20 +0200: Memory Usage (460240K) : metal1_pin has 7 polygons
2026-09-09 20:59:20 +0200: Memory Usage (460240K) : metal1_mask has 0 polygons
2026-09-09 20:59:20 +0200: Memory Usage (460400K) : metal1_filler has 0 polygons
2026-09-09 20:59:20 +0200: Memory Usage (460400K) : metal1_nofill has 0 polygons
2026-09-09 20:59:20 +0200: Memory Usage (460400K) : metal1_slit has 0 polygons
2026-09-09 20:59:20 +0200: Memory Usage (460752K) : metal1_text has 7 polygons
2026-09-09 20:59:20 +0200: Memory Usage (460752K) : metal1_opc has 0 polygons
2026-09-09 20:59:20 +0200: Memory Usage (460752K) : metal1_noqrc has 0 polygons
2026-09-09 20:59:20 +0200: Memory Usage (460912K) : metal1_res has 0 polygons
2026-09-09 20:59:20 +0200: Memory Usage (460912K) : metal1_iprobe has 0 polygons
2026-09-09 20:59:20 +0200: Memory Usage (460912K) : metal1_diffprb has 0 polygons
2026-09-09 20:59:20 +0200: Memory Usage (461072K) : passiv_drw has 0 polygons
2026-09-09 20:59:20 +0200: Memory Usage (461072K) : passiv_pin has 0 polygons
2026-09-09 20:59:20 +0200: Memory Usage (461072K) : passiv_sbump has 0 polygons
2026-09-09 20:59:20 +0200: Memory Usage (461232K) : passiv_pillar has 0 polygons
2026-09-09 20:59:20 +0200: Memory Usage (461232K) : passiv_pdl has 0 polygons
2026-09-09 20:59:20 +0200: Memory Usage (461232K) : metal2_drw has 2 polygons
2026-09-09 20:59:20 +0200: Memory Usage (461232K) : metal2_pin has 0 polygons
2026-09-09 20:59:20 +0200: Memory Usage (461232K) : metal2_mask has 0 polygons
2026-09-09 20:59:20 +0200: Memory Usage (461232K) : metal2_filler has 0 polygons
2026-09-09 20:59:20 +0200: Memory Usage (461232K) : metal2_nofill has 0 polygons
2026-09-09 20:59:20 +0200: Memory Usage (461232K) : metal2_slit has 0 polygons
2026-09-09 20:59:20 +0200: Memory Usage (461232K) : metal2_text has 0 polygons
2026-09-09 20:59:20 +0200: Memory Usage (461232K) : metal2_opc has 0 polygons
2026-09-09 20:59:20 +0200: Memory Usage (461392K) : metal2_noqrc has 0 polygons
2026-09-09 20:59:20 +0200: Memory Usage (461392K) : metal2_res has 0 polygons
2026-09-09 20:59:20 +0200: Memory Usage (461392K) : metal2_iprobe has 0 polygons
2026-09-09 20:59:20 +0200: Memory Usage (461552K) : metal2_diffprb has 0 polygons
2026-09-09 20:59:20 +0200: Memory Usage (461552K) : baspoly_drw has 0 polygons
2026-09-09 20:59:20 +0200: Memory Usage (461552K) : baspoly_pin has 0 polygons
2026-09-09 20:59:20 +0200: Memory Usage (461552K) : psd_drw has 2 polygons
2026-09-09 20:59:20 +0200: Memory Usage (461712K) : nldb_drw has 0 polygons
2026-09-09 20:59:21 +0200: Memory Usage (461712K) : digibnd_drw has 0 polygons
2026-09-09 20:59:21 +0200: Memory Usage (461712K) : via1_drw has 2 polygons
2026-09-09 20:59:21 +0200: Memory Usage (461872K) : backmetal1_drw has 0 polygons
2026-09-09 20:59:21 +0200: Memory Usage (461872K) : backmetal1_pin has 0 polygons
2026-09-09 20:59:21 +0200: Memory Usage (461872K) : backmetal1_mask has 0 polygons
2026-09-09 20:59:21 +0200: Memory Usage (462032K) : backmetal1_filler has 0 polygons
2026-09-09 20:59:21 +0200: Memory Usage (462032K) : backmetal1_nofill has 0 polygons
2026-09-09 20:59:21 +0200: Memory Usage (462032K) : backmetal1_slit has 0 polygons
2026-09-09 20:59:21 +0200: Memory Usage (462192K) : backmetal1_text has 0 polygons
2026-09-09 20:59:21 +0200: Memory Usage (462192K) : backmetal1_opc has 0 polygons
2026-09-09 20:59:21 +0200: Memory Usage (462192K) : backmetal1_noqrc has 0 polygons
2026-09-09 20:59:21 +0200: Memory Usage (462352K) : backmetal1_res has 0 polygons
2026-09-09 20:59:21 +0200: Memory Usage (462352K) : backmetal1_iprobe has 0 polygons
2026-09-09 20:59:21 +0200: Memory Usage (462512K) : backmetal1_diffprb has 0 polygons
2026-09-09 20:59:21 +0200: Memory Usage (462672K) : backpassiv_drw has 0 polygons
2026-09-09 20:59:21 +0200: Memory Usage (462672K) : res_drw has 0 polygons
2026-09-09 20:59:21 +0200: Memory Usage (462672K) : sram_drw has 0 polygons
2026-09-09 20:59:21 +0200: Memory Usage (462832K) : trans_drw has 0 polygons
2026-09-09 20:59:21 +0200: Memory Usage (462832K) : ind_drw has 0 polygons
2026-09-09 20:59:21 +0200: Memory Usage (462832K) : ind_pin has 0 polygons
2026-09-09 20:59:21 +0200: Memory Usage (462992K) : ind_text has 0 polygons
2026-09-09 20:59:21 +0200: Memory Usage (462992K) : salblock_drw has 0 polygons
2026-09-09 20:59:21 +0200: Memory Usage (462992K) : via2_drw has 0 polygons
2026-09-09 20:59:21 +0200: Memory Usage (463152K) : metal3_drw has 0 polygons
2026-09-09 20:59:21 +0200: Memory Usage (463152K) : metal3_pin has 0 polygons
2026-09-09 20:59:21 +0200: Memory Usage (463152K) : metal3_mask has 0 polygons
2026-09-09 20:59:21 +0200: Memory Usage (463312K) : metal3_filler has 0 polygons
2026-09-09 20:59:21 +0200: Memory Usage (463312K) : metal3_nofill has 0 polygons
2026-09-09 20:59:21 +0200: Memory Usage (463312K) : metal3_slit has 0 polygons
2026-09-09 20:59:21 +0200: Memory Usage (463472K) : metal3_text has 0 polygons
2026-09-09 20:59:21 +0200: Memory Usage (463472K) : metal3_opc has 0 polygons
2026-09-09 20:59:21 +0200: Memory Usage (463632K) : metal3_noqrc has 0 polygons
2026-09-09 20:59:21 +0200: Memory Usage (463632K) : metal3_res has 0 polygons
2026-09-09 20:59:21 +0200: Memory Usage (463632K) : metal3_iprobe has 0 polygons
2026-09-09 20:59:21 +0200: Memory Usage (463632K) : metal3_diffprb has 0 polygons
2026-09-09 20:59:21 +0200: Memory Usage (463792K) : nwell_drw has 1 polygons
2026-09-09 20:59:21 +0200: Memory Usage (463792K) : nwell_pin has 0 polygons
2026-09-09 20:59:21 +0200: Memory Usage (463792K) : nbulay_drw has 0 polygons
2026-09-09 20:59:21 +0200: Memory Usage (463792K) : nbulay_pin has 0 polygons
2026-09-09 20:59:21 +0200: Memory Usage (463952K) : nbulay_block has 0 polygons
2026-09-09 20:59:21 +0200: Memory Usage (463952K) : emwind_drw has 0 polygons
2026-09-09 20:59:21 +0200: Memory Usage (463952K) : emwind_opc has 0 polygons
2026-09-09 20:59:21 +0200: Memory Usage (463952K) : deepco_drw has 0 polygons
2026-09-09 20:59:21 +0200: Memory Usage (464112K) : deepco_drw has 0 polygons
2026-09-09 20:59:21 +0200: Memory Usage (464112K) : mim_drw has 0 polygons
2026-09-09 20:59:21 +0200: Memory Usage (464112K) : edgeseal_drw has 0 polygons
2026-09-09 20:59:21 +0200: Memory Usage (464112K) : edgeseal_bound has 0 polygons
2026-09-09 20:59:21 +0200: Memory Usage (464272K) : substrate_drw has 0 polygons
2026-09-09 20:59:21 +0200: Memory Usage (464272K) : substrate_text has 0 polygons
2026-09-09 20:59:21 +0200: Memory Usage (464272K) : dfpad_drw has 0 polygons
2026-09-09 20:59:21 +0200: Memory Usage (464272K) : dfpad_pillar has 0 polygons
2026-09-09 20:59:21 +0200: Memory Usage (464432K) : dfpad_sbump has 0 polygons
2026-09-09 20:59:21 +0200: Memory Usage (464432K) : thickgateox_drw has 0 polygons
2026-09-09 20:59:21 +0200: Memory Usage (464432K) : pldb_drw has 0 polygons
2026-09-09 20:59:21 +0200: Memory Usage (464592K) : pwell_drw has 0 polygons
2026-09-09 20:59:21 +0200: Memory Usage (464592K) : pwell_pin has 0 polygons
2026-09-09 20:59:21 +0200: Memory Usage (464592K) : pwell_block has 0 polygons
2026-09-09 20:59:21 +0200: Memory Usage (464752K) : ic_drw has 0 polygons
2026-09-09 20:59:21 +0200: Memory Usage (464752K) : via3_drw has 0 polygons
2026-09-09 20:59:21 +0200: Memory Usage (464752K) : metal4_drw has 0 polygons
2026-09-09 20:59:21 +0200: Memory Usage (464912K) : metal4_pin has 0 polygons
2026-09-09 20:59:21 +0200: Memory Usage (464912K) : metal4_mask has 0 polygons
2026-09-09 20:59:21 +0200: Memory Usage (464912K) : metal4_filler has 0 polygons
2026-09-09 20:59:21 +0200: Memory Usage (465072K) : metal4_nofill has 0 polygons
2026-09-09 20:59:21 +0200: Memory Usage (465072K) : metal4_slit has 0 polygons
2026-09-09 20:59:21 +0200: Memory Usage (465072K) : metal4_text has 0 polygons
2026-09-09 20:59:21 +0200: Memory Usage (465232K) : metal4_opc has 0 polygons
2026-09-09 20:59:21 +0200: Memory Usage (465232K) : metal4_noqrc has 0 polygons
2026-09-09 20:59:21 +0200: Memory Usage (465232K) : metal4_res has 0 polygons
2026-09-09 20:59:21 +0200: Memory Usage (465392K) : metal4_iprobe has 0 polygons
2026-09-09 20:59:21 +0200: Memory Usage (465392K) : metal4_diffprb has 0 polygons
2026-09-09 20:59:21 +0200: Memory Usage (465552K) : heattrans_drw has 0 polygons
2026-09-09 20:59:21 +0200: Memory Usage (465552K) : heatres_drw has 0 polygons
2026-09-09 20:59:21 +0200: Memory Usage (465552K) : pempoly_drw has 0 polygons
2026-09-09 20:59:21 +0200: Memory Usage (465712K) : fbe_drw has 0 polygons
2026-09-09 20:59:21 +0200: Memory Usage (465712K) : empoly_drw has 0 polygons
2026-09-09 20:59:21 +0200: Memory Usage (465712K) : ldmos_drw has 0 polygons
2026-09-09 20:59:21 +0200: Memory Usage (465712K) : pbiwind_drw has 0 polygons
2026-09-09 20:59:21 +0200: Memory Usage (465872K) : digisub_drw has 0 polygons
2026-09-09 20:59:21 +0200: Memory Usage (465872K) : nodrc_drw has 0 polygons
2026-09-09 20:59:21 +0200: Memory Usage (465872K) : text_drw has 0 polygons
2026-09-09 20:59:21 +0200: Memory Usage (465872K) : via4_drw has 0 polygons
2026-09-09 20:59:21 +0200: Memory Usage (466032K) : metal5_drw has 0 polygons
2026-09-09 20:59:21 +0200: Memory Usage (466032K) : metal5_pin has 0 polygons
2026-09-09 20:59:21 +0200: Memory Usage (466032K) : metal5_mask has 0 polygons
2026-09-09 20:59:21 +0200: Memory Usage (466032K) : metal5_filler has 0 polygons
2026-09-09 20:59:21 +0200: Memory Usage (466192K) : metal5_nofill has 0 polygons
2026-09-09 20:59:21 +0200: Memory Usage (466192K) : metal5_slit has 0 polygons
2026-09-09 20:59:21 +0200: Memory Usage (466192K) : metal5_text has 0 polygons
2026-09-09 20:59:21 +0200: Memory Usage (466352K) : metal5_opc has 0 polygons
2026-09-09 20:59:21 +0200: Memory Usage (466352K) : metal5_noqrc has 0 polygons
2026-09-09 20:59:21 +0200: Memory Usage (466352K) : metal5_res has 0 polygons
2026-09-09 20:59:21 +0200: Memory Usage (466512K) : metal5_iprobe has 0 polygons
2026-09-09 20:59:21 +0200: Memory Usage (466512K) : metal5_diffprb has 0 polygons
2026-09-09 20:59:21 +0200: Memory Usage (466512K) : radhard_drw has 0 polygons
2026-09-09 20:59:21 +0200: Memory Usage (466672K) : memcap_drw has 0 polygons
2026-09-09 20:59:21 +0200: Memory Usage (466672K) : varicap_drw has 0 polygons
2026-09-09 20:59:21 +0200: Memory Usage (466832K) : flash_drw has 0 polygons
2026-09-09 20:59:21 +0200: Memory Usage (466832K) : intbondvia_drw has 0 polygons
2026-09-09 20:59:21 +0200: Memory Usage (466832K) : intbondmet_drw has 0 polygons
2026-09-09 20:59:21 +0200: Memory Usage (466832K) : devbondvia_drw has 0 polygons
2026-09-09 20:59:21 +0200: Memory Usage (466992K) : devbondmet_drw has 0 polygons
2026-09-09 20:59:21 +0200: Memory Usage (466992K) : devtrench_drw has 0 polygons
2026-09-09 20:59:21 +0200: Memory Usage (467152K) : redist_drw has 0 polygons
2026-09-09 20:59:21 +0200: Memory Usage (467152K) : graphbot_drw has 0 polygons
2026-09-09 20:59:21 +0200: Memory Usage (467152K) : graphtop_drw has 0 polygons
2026-09-09 20:59:21 +0200: Memory Usage (467312K) : antvia1_drw has 0 polygons
2026-09-09 20:59:21 +0200: Memory Usage (467312K) : antmetal2_drw has 0 polygons
2026-09-09 20:59:21 +0200: Memory Usage (467312K) : graphcont_drw has 0 polygons
2026-09-09 20:59:21 +0200: Memory Usage (467312K) : siwg_drw has 0 polygons
2026-09-09 20:59:21 +0200: Memory Usage (467472K) : siwg_filler has 0 polygons
2026-09-09 20:59:21 +0200: Memory Usage (467472K) : siwg_nofill has 0 polygons
2026-09-09 20:59:21 +0200: Memory Usage (467632K) : sigrating_drw has 0 polygons
2026-09-09 20:59:21 +0200: Memory Usage (467632K) : singrating_drw has 0 polygons
2026-09-09 20:59:21 +0200: Memory Usage (467632K) : graphpas_drw has 0 polygons
2026-09-09 20:59:21 +0200: Memory Usage (467632K) : emwind3_drw has 0 polygons
2026-09-09 20:59:21 +0200: Memory Usage (467632K) : emwihv3_drw has 0 polygons
2026-09-09 20:59:21 +0200: Memory Usage (467792K) : redbulay_drw has 0 polygons
2026-09-09 20:59:21 +0200: Memory Usage (467792K) : smos_drw has 0 polygons
2026-09-09 20:59:21 +0200: Memory Usage (467792K) : graphpad_drw has 0 polygons
2026-09-09 20:59:21 +0200: Memory Usage (467792K) : polimide_drw has 0 polygons
2026-09-09 20:59:21 +0200: Memory Usage (467952K) : polimide_pin has 0 polygons
2026-09-09 20:59:21 +0200: Memory Usage (467952K) : recog_drw has 0 polygons
2026-09-09 20:59:21 +0200: Memory Usage (467952K) : recog_pin has 0 polygons
2026-09-09 20:59:21 +0200: Memory Usage (468112K) : recog_esd has 0 polygons
2026-09-09 20:59:21 +0200: Memory Usage (468112K) : recog_diode has 0 polygons
2026-09-09 20:59:21 +0200: Memory Usage (468112K) : recog_tsv has 0 polygons
2026-09-09 20:59:21 +0200: Memory Usage (468272K) : recog_iprobe has 0 polygons
2026-09-09 20:59:21 +0200: Memory Usage (468272K) : recog_diffprb has 0 polygons
2026-09-09 20:59:21 +0200: Memory Usage (468272K) : recog_pillar has 0 polygons
2026-09-09 20:59:21 +0200: Memory Usage (468432K) : recog_sbump has 0 polygons
2026-09-09 20:59:21 +0200: Memory Usage (468432K) : recog_otp has 0 polygons
2026-09-09 20:59:21 +0200: Memory Usage (468432K) : recog_pdiode has 0 polygons
2026-09-09 20:59:21 +0200: Memory Usage (468592K) : recog_mom has 0 polygons
2026-09-09 20:59:21 +0200: Memory Usage (468592K) : recog_pcm has 0 polygons
2026-09-09 20:59:21 +0200: Memory Usage (468592K) : colopen_drw has 0 polygons
2026-09-09 20:59:21 +0200: Memory Usage (468592K) : graphmetal1_drw has 0 polygons
2026-09-09 20:59:21 +0200: Memory Usage (468752K) : graphmetal1_filler has 0 polygons
2026-09-09 20:59:21 +0200: Memory Usage (468752K) : graphmetal1_nofill has 0 polygons
2026-09-09 20:59:21 +0200: Memory Usage (468912K) : graphmetal1_slit has 0 polygons
2026-09-09 20:59:21 +0200: Memory Usage (468912K) : graphmetal1_opc has 0 polygons
2026-09-09 20:59:21 +0200: Memory Usage (468912K) : graphmet1l_drw has 0 polygons
2026-09-09 20:59:21 +0200: Memory Usage (468912K) : graphmet1l_filler has 0 polygons
2026-09-09 20:59:21 +0200: Memory Usage (469072K) : graphmet1l_nofill has 0 polygons
2026-09-09 20:59:21 +0200: Memory Usage (469072K) : graphmet1l_slit has 0 polygons
2026-09-09 20:59:21 +0200: Memory Usage (469072K) : graphmet1l_opc has 0 polygons
2026-09-09 20:59:21 +0200: Memory Usage (469232K) : extblock_drw has 0 polygons
2026-09-09 20:59:21 +0200: Memory Usage (469232K) : nldd_drw has 0 polygons
2026-09-09 20:59:21 +0200: Memory Usage (469232K) : pldd_drw has 0 polygons
2026-09-09 20:59:21 +0200: Memory Usage (469392K) : next_drw has 0 polygons
2026-09-09 20:59:21 +0200: Memory Usage (469392K) : pext_drw has 0 polygons
2026-09-09 20:59:21 +0200: Memory Usage (469552K) : nexthv_drw has 0 polygons
2026-09-09 20:59:21 +0200: Memory Usage (469552K) : pexthv_drw has 0 polygons
2026-09-09 20:59:21 +0200: Memory Usage (469552K) : graphgate_drw has 0 polygons
2026-09-09 20:59:21 +0200: Memory Usage (469712K) : sinwg_drw has 0 polygons
2026-09-09 20:59:21 +0200: Memory Usage (469712K) : sinwg_filler has 0 polygons
2026-09-09 20:59:21 +0200: Memory Usage (469712K) : sinwg_nofill has 0 polygons
2026-09-09 20:59:21 +0200: Memory Usage (469872K) : mempad_drw has 0 polygons
2026-09-09 20:59:21 +0200: Memory Usage (469872K) : topvia1_drw has 0 polygons
2026-09-09 20:59:21 +0200: Memory Usage (469872K) : topmetal1_drw has 0 polygons
2026-09-09 20:59:21 +0200: Memory Usage (469872K) : topmetal1_pin has 0 polygons
2026-09-09 20:59:21 +0200: Memory Usage (469872K) : topmetal1_mask has 0 polygons
2026-09-09 20:59:21 +0200: Memory Usage (469872K) : topmetal1_filler has 0 polygons
2026-09-09 20:59:21 +0200: Memory Usage (469872K) : topmetal1_nofill has 0 polygons
2026-09-09 20:59:21 +0200: Memory Usage (469872K) : topmetal1_slit has 0 polygons
2026-09-09 20:59:21 +0200: Memory Usage (469872K) : topmetal1_text has 0 polygons
2026-09-09 20:59:21 +0200: Memory Usage (469872K) : topmetal1_noqrc has 0 polygons
2026-09-09 20:59:21 +0200: Memory Usage (470032K) : topmetal1_res has 0 polygons
2026-09-09 20:59:21 +0200: Memory Usage (470032K) : topmetal1_iprobe has 0 polygons
2026-09-09 20:59:21 +0200: Memory Usage (470032K) : topmetal1_diffprb has 0 polygons
2026-09-09 20:59:21 +0200: Memory Usage (470192K) : inldpwl_drw has 0 polygons
2026-09-09 20:59:21 +0200: Memory Usage (470192K) : polyres_drw has 0 polygons
2026-09-09 20:59:21 +0200: Memory Usage (470192K) : polyres_pin has 0 polygons
2026-09-09 20:59:21 +0200: Memory Usage (470352K) : vmim_drw has 0 polygons
2026-09-09 20:59:21 +0200: Memory Usage (470352K) : nbulaycut_drw has 0 polygons
2026-09-09 20:59:21 +0200: Memory Usage (470352K) : antmetal1_drw has 0 polygons
2026-09-09 20:59:21 +0200: Memory Usage (470512K) : topvia2_drw has 0 polygons
2026-09-09 20:59:21 +0200: Memory Usage (470512K) : topmetal2_drw has 0 polygons
2026-09-09 20:59:21 +0200: Memory Usage (470512K) : topmetal2_pin has 0 polygons
2026-09-09 20:59:21 +0200: Memory Usage (470672K) : topmetal2_mask has 0 polygons
2026-09-09 20:59:21 +0200: Memory Usage (470672K) : topmetal2_filler has 0 polygons
2026-09-09 20:59:21 +0200: Memory Usage (470672K) : topmetal2_nofill has 0 polygons
2026-09-09 20:59:21 +0200: Memory Usage (470832K) : topmetal2_slit has 0 polygons
2026-09-09 20:59:21 +0200: Memory Usage (470832K) : topmetal2_text has 0 polygons
2026-09-09 20:59:21 +0200: Memory Usage (470832K) : topmetal2_noqrc has 0 polygons
2026-09-09 20:59:21 +0200: Memory Usage (470992K) : topmetal2_res has 0 polygons
2026-09-09 20:59:21 +0200: Memory Usage (470992K) : topmetal2_iprobe has 0 polygons
2026-09-09 20:59:21 +0200: Memory Usage (470992K) : topmetal2_diffprb has 0 polygons
2026-09-09 20:59:21 +0200: Memory Usage (471152K) : snsring_drw has 0 polygons
2026-09-09 20:59:21 +0200: Memory Usage (471152K) : sensor_drw has 0 polygons
2026-09-09 20:59:21 +0200: Memory Usage (471152K) : snsarms_drw has 0 polygons
2026-09-09 20:59:21 +0200: Memory Usage (471312K) : snscmosvia_drw has 0 polygons
2026-09-09 20:59:21 +0200: Memory Usage (471312K) : colwind_drw has 0 polygons
2026-09-09 20:59:21 +0200: Memory Usage (471312K) : flm_drw has 0 polygons
2026-09-09 20:59:21 +0200: Memory Usage (471472K) : hafniumox_drw has 0 polygons
2026-09-09 20:59:21 +0200: Memory Usage (471472K) : memvia_drw has 0 polygons
2026-09-09 20:59:21 +0200: Memory Usage (471472K) : thinfilmres_drw has 0 polygons
2026-09-09 20:59:21 +0200: Memory Usage (471632K) : rfmem_drw has 0 polygons
2026-09-09 20:59:21 +0200: Memory Usage (471632K) : norcx_drw has 0 polygons
2026-09-09 20:59:21 +0200: Memory Usage (471632K) : norcx_m2m3 has 0 polygons
2026-09-09 20:59:21 +0200: Memory Usage (471792K) : norcx_m2m4 has 0 polygons
2026-09-09 20:59:21 +0200: Memory Usage (471792K) : norcx_m2m5 has 0 polygons
2026-09-09 20:59:21 +0200: Memory Usage (471792K) : norcx_m2tm1 has 0 polygons
2026-09-09 20:59:21 +0200: Memory Usage (471952K) : norcx_m2tm2 has 0 polygons
2026-09-09 20:59:21 +0200: Memory Usage (471952K) : norcx_m3m4 has 0 polygons
2026-09-09 20:59:21 +0200: Memory Usage (471952K) : norcx_m3m5 has 0 polygons
2026-09-09 20:59:21 +0200: Memory Usage (472112K) : norcx_m3tm1 has 0 polygons
2026-09-09 20:59:21 +0200: Memory Usage (472112K) : norcx_m3tm2 has 0 polygons
2026-09-09 20:59:21 +0200: Memory Usage (472112K) : norcx_m4m5 has 0 polygons
2026-09-09 20:59:21 +0200: Memory Usage (472272K) : norcx_m4tm1 has 0 polygons
2026-09-09 20:59:21 +0200: Memory Usage (472272K) : norcx_m4tm2 has 0 polygons
2026-09-09 20:59:21 +0200: Memory Usage (472272K) : norcx_m5tm1 has 0 polygons
2026-09-09 20:59:21 +0200: Memory Usage (472432K) : norcx_m5tm2 has 0 polygons
2026-09-09 20:59:21 +0200: Memory Usage (472432K) : norcx_tm1tm2 has 0 polygons
2026-09-09 20:59:21 +0200: Memory Usage (472432K) : norcx_m1sub has 0 polygons
2026-09-09 20:59:21 +0200: Memory Usage (472592K) : norcx_m2sub has 0 polygons
2026-09-09 20:59:21 +0200: Memory Usage (472592K) : norcx_m3sub has 0 polygons
2026-09-09 20:59:21 +0200: Memory Usage (472592K) : norcx_m4sub has 0 polygons
2026-09-09 20:59:21 +0200: Memory Usage (472752K) : norcx_m5sub has 0 polygons
2026-09-09 20:59:21 +0200: Memory Usage (472752K) : norcx_tm1sub has 0 polygons
2026-09-09 20:59:21 +0200: Memory Usage (472752K) : norcx_tm2sub has 0 polygons
2026-09-09 20:59:21 +0200: Memory Usage (472912K) : snsbotvia_drw has 0 polygons
2026-09-09 20:59:21 +0200: Memory Usage (472912K) : snstopvia_drw has 0 polygons
2026-09-09 20:59:21 +0200: Memory Usage (472912K) : deepvia_drw has 0 polygons
2026-09-09 20:59:21 +0200: Memory Usage (473072K) : fgetch_drw has 0 polygons
2026-09-09 20:59:21 +0200: Memory Usage (473072K) : ctrgat_drw has 0 polygons
2026-09-09 20:59:21 +0200: Memory Usage (473072K) : fgimp_drw has 0 polygons
2026-09-09 20:59:21 +0200: Memory Usage (473232K) : emwihv_drw has 0 polygons
2026-09-09 20:59:21 +0200: Memory Usage (473232K) : lbe_drw has 0 polygons
2026-09-09 20:59:21 +0200: Memory Usage (473232K) : alcustop_drw has 0 polygons
2026-09-09 20:59:21 +0200: Memory Usage (473392K) : nometfiller_drw has 0 polygons
2026-09-09 20:59:21 +0200: Memory Usage (473392K) : prboundary_drw has 0 polygons
2026-09-09 20:59:21 +0200: Memory Usage (473392K) : exchange0_drw has 0 polygons
2026-09-09 20:59:21 +0200: Memory Usage (473552K) : exchange0_pin has 0 polygons
2026-09-09 20:59:21 +0200: Memory Usage (473552K) : exchange0_text has 0 polygons
2026-09-09 20:59:21 +0200: Memory Usage (473552K) : exchange1_drw has 0 polygons
2026-09-09 20:59:21 +0200: Memory Usage (473712K) : exchange1_pin has 0 polygons
2026-09-09 20:59:21 +0200: Memory Usage (473712K) : exchange1_text has 0 polygons
2026-09-09 20:59:21 +0200: Memory Usage (473712K) : exchange2_drw has 0 polygons
2026-09-09 20:59:21 +0200: Memory Usage (473872K) : exchange2_pin has 0 polygons
2026-09-09 20:59:21 +0200: Memory Usage (473872K) : exchange2_text has 0 polygons
2026-09-09 20:59:21 +0200: Memory Usage (473872K) : exchange3_drw has 0 polygons
2026-09-09 20:59:21 +0200: Memory Usage (474032K) : exchange3_pin has 0 polygons
2026-09-09 20:59:21 +0200: Memory Usage (474032K) : exchange3_text has 0 polygons
2026-09-09 20:59:21 +0200: Memory Usage (474032K) : exchange4_drw has 0 polygons
2026-09-09 20:59:21 +0200: Memory Usage (474192K) : exchange4_pin has 0 polygons
2026-09-09 20:59:21 +0200: Memory Usage (474192K) : exchange4_text has 0 polygons
2026-09-09 20:59:21 +0200: Memory Usage (474192K) : isonwell_drw has 0 polygons
2026-09-09 20:59:21 +0200: Memory Usage (474192K) : Total no. of polygons in the design is 97
2026-09-09 20:59:21 +0200: Memory Usage (474192K) : Loaded TECH DRC rules values from /foss/pdks/ihp-sg13g2/libs.tech/klayout/python/sg13g2_pycell_lib/sg13g2_tech_mod.json
2026-09-09 20:59:21 +0200: Memory Usage (474192K) : Loaded default DRC rules values from /foss/pdks/ihp-sg13g2/libs.tech/klayout/tech/drc/rule_decks/sg13g2_tech_default.json
2026-09-09 20:59:21 +0200: Memory Usage (474192K) : The following rules values were missing in tech json and default values were used:
2026-09-09 20:59:21 +0200: Memory Usage (474192K) :   - NW_f1_digibnd
2026-09-09 20:59:21 +0200: Memory Usage (474192K) :   - Cnt_c_digibnd
2026-09-09 20:59:21 +0200: Memory Usage (474192K) :   - Cnt_c_sram
2026-09-09 20:59:21 +0200: Memory Usage (474192K) :   - Sdiod_b
2026-09-09 20:59:21 +0200: Memory Usage (474192K) :   - Sdiod_c
2026-09-09 20:59:21 +0200: Memory Usage (475152K) : Total area of the design is 21.072 um^2.
2026-09-09 20:59:21 +0200: Memory Usage (475152K) : The design dimensions are 4.800000000000001 µm * 4.39 µm.
2026-09-09 20:59:21 +0200: Memory Usage (475152K) : Starting general IHP-SG13G2 derivations.
2026-09-09 20:59:21 +0200: Memory Usage (475152K) : Starting Pwell derivations
2026-09-09 20:59:21 +0200: Memory Usage (477200K) : Starting IHP-SG13G2 DRC rules.
2026-09-09 20:59:21 +0200: Memory Usage (477200K) : Starting 5.27. Passiv table
2026-09-09 20:59:21 +0200: Memory Usage (477200K) : Executing rule Pas.a
2026-09-09 20:59:21 +0200: Memory Usage (477412K) : Executing rule Pas.b
2026-09-09 20:59:21 +0200: Memory Usage (477412K) : Executing rule Pas.c
2026-09-09 20:59:21 +0200: Memory Usage (477412K) : KLayout DRC run for tables 'passiv' completed in 0.18 seconds
