# Logfile created on 2026-09-09 20:59:17 +0200 by logger.rb/v1.5.3
2026-09-09 20:59:17 +0200: Memory Usage (454204K) : Starting running IHP-SG13G2 KLayout DRC runset on /foss/designs/aion_chip/flow/regress/AION_a21oi_nor2_1/baseline/reference_AION_a21oi_nor2_1.gds
2026-09-09 20:59:17 +0200: Memory Usage (454204K) : Ruby Version for klayout: 3.2.3
2026-09-09 20:59:17 +0200: Memory Usage (455292K) : Loading database to memory is complete.
2026-09-09 20:59:17 +0200: Memory Usage (455292K) : IHP-SG13G2 KLayout DRC runset output at: /foss/designs/aion_chip/flow/regress/AION_a21oi_nor2_1/baseline/drc/reference_AION_a21oi_nor2_1.klayout.drc/reference_AION_a21oi_nor2_1_reference_AION_a21oi_nor2_1_nbulay.lyrdb
2026-09-09 20:59:17 +0200: Memory Usage (455292K) : Evaluate switches.
2026-09-09 20:59:17 +0200: Memory Usage (455292K) : tables selected: nbulay
2026-09-09 20:59:17 +0200: Memory Usage (455292K) : KLayout will use 15 thread(s) in tiling mode.
2026-09-09 20:59:17 +0200: Memory Usage (455292K) : deep mode is enabled.
2026-09-09 20:59:17 +0200: Memory Usage (455292K) : FEOL enabled: false
2026-09-09 20:59:17 +0200: Memory Usage (455292K) : BEOL enabled: false
2026-09-09 20:59:17 +0200: Memory Usage (455292K) : OFFGRID enabled: true
2026-09-09 20:59:17 +0200: Memory Usage (455292K) : ANGLE enabled: true
2026-09-09 20:59:17 +0200: Memory Usage (455292K) : PIN enabled: false
2026-09-09 20:59:17 +0200: Memory Usage (455292K) : FORBIDDEN enabled: false
2026-09-09 20:59:17 +0200: Memory Usage (455292K) : RECOMMENDED enabled: true
2026-09-09 20:59:17 +0200: Memory Usage (455292K) : PreCheck DRC enabled: false
2026-09-09 20:59:17 +0200: Memory Usage (455292K) : CONNECTIVITY_RULES enabled: true.
2026-09-09 20:59:17 +0200: Memory Usage (455292K) : Read in polygons from layers.
2026-09-09 20:59:17 +0200: Memory Usage (456252K) : activ_drw has 6 polygons
2026-09-09 20:59:17 +0200: Memory Usage (456252K) : activ_pin has 0 polygons
2026-09-09 20:59:17 +0200: Memory Usage (456252K) : activ_mask has 0 polygons
2026-09-09 20:59:17 +0200: Memory Usage (456252K) : activ_filler has 0 polygons
2026-09-09 20:59:17 +0200: Memory Usage (456252K) : activ_nofill has 0 polygons
2026-09-09 20:59:17 +0200: Memory Usage (456252K) : activ_opc has 0 polygons
2026-09-09 20:59:17 +0200: Memory Usage (456252K) : activ_iopc has 0 polygons
2026-09-09 20:59:17 +0200: Memory Usage (456252K) : activ_noqrc has 0 polygons
2026-09-09 20:59:17 +0200: Memory Usage (456252K) : biwind_drw has 0 polygons
2026-09-09 20:59:17 +0200: Memory Usage (456252K) : biwind_opc has 0 polygons
2026-09-09 20:59:17 +0200: Memory Usage (456252K) : pemwind_drw has 0 polygons
2026-09-09 20:59:17 +0200: Memory Usage (456444K) : gatpoly_drw has 5 polygons
2026-09-09 20:59:17 +0200: Memory Usage (456444K) : gatpoly_pin has 0 polygons
2026-09-09 20:59:17 +0200: Memory Usage (456444K) : gatpoly_filler has 0 polygons
2026-09-09 20:59:17 +0200: Memory Usage (456444K) : gatpoly_nofill has 0 polygons
2026-09-09 20:59:17 +0200: Memory Usage (456444K) : gatpoly_opc has 0 polygons
2026-09-09 20:59:17 +0200: Memory Usage (456444K) : gatpoly_iopc has 0 polygons
2026-09-09 20:59:17 +0200: Memory Usage (456444K) : gatpoly_noqrc has 0 polygons
2026-09-09 20:59:17 +0200: Memory Usage (456444K) : cont_drw has 49 polygons
2026-09-09 20:59:17 +0200: Memory Usage (456604K) : cont_opc has 0 polygons
2026-09-09 20:59:17 +0200: Memory Usage (456604K) : nsd_drw has 0 polygons
2026-09-09 20:59:17 +0200: Memory Usage (456604K) : nsd_block has 0 polygons
2026-09-09 20:59:17 +0200: Memory Usage (456988K) : metal1_drw has 16 polygons
2026-09-09 20:59:17 +0200: Memory Usage (456988K) : metal1_pin has 7 polygons
2026-09-09 20:59:17 +0200: Memory Usage (456988K) : metal1_mask has 0 polygons
2026-09-09 20:59:17 +0200: Memory Usage (457148K) : metal1_filler has 0 polygons
2026-09-09 20:59:17 +0200: Memory Usage (457148K) : metal1_nofill has 0 polygons
2026-09-09 20:59:17 +0200: Memory Usage (457148K) : metal1_slit has 0 polygons
2026-09-09 20:59:17 +0200: Memory Usage (457500K) : metal1_text has 7 polygons
2026-09-09 20:59:17 +0200: Memory Usage (457500K) : metal1_opc has 0 polygons
2026-09-09 20:59:17 +0200: Memory Usage (457500K) : metal1_noqrc has 0 polygons
2026-09-09 20:59:17 +0200: Memory Usage (457660K) : metal1_res has 0 polygons
2026-09-09 20:59:17 +0200: Memory Usage (457660K) : metal1_iprobe has 0 polygons
2026-09-09 20:59:17 +0200: Memory Usage (457660K) : metal1_diffprb has 0 polygons
2026-09-09 20:59:17 +0200: Memory Usage (457820K) : passiv_drw has 0 polygons
2026-09-09 20:59:17 +0200: Memory Usage (457820K) : passiv_pin has 0 polygons
2026-09-09 20:59:17 +0200: Memory Usage (457820K) : passiv_sbump has 0 polygons
2026-09-09 20:59:17 +0200: Memory Usage (457980K) : passiv_pillar has 0 polygons
2026-09-09 20:59:17 +0200: Memory Usage (457980K) : passiv_pdl has 0 polygons
2026-09-09 20:59:17 +0200: Memory Usage (457980K) : metal2_drw has 2 polygons
2026-09-09 20:59:17 +0200: Memory Usage (457980K) : metal2_pin has 0 polygons
2026-09-09 20:59:17 +0200: Memory Usage (457980K) : metal2_mask has 0 polygons
2026-09-09 20:59:17 +0200: Memory Usage (457980K) : metal2_filler has 0 polygons
2026-09-09 20:59:17 +0200: Memory Usage (457980K) : metal2_nofill has 0 polygons
2026-09-09 20:59:17 +0200: Memory Usage (457980K) : metal2_slit has 0 polygons
2026-09-09 20:59:17 +0200: Memory Usage (457980K) : metal2_text has 0 polygons
2026-09-09 20:59:17 +0200: Memory Usage (457980K) : metal2_opc has 0 polygons
2026-09-09 20:59:17 +0200: Memory Usage (458300K) : metal2_noqrc has 0 polygons
2026-09-09 20:59:17 +0200: Memory Usage (458300K) : metal2_res has 0 polygons
2026-09-09 20:59:17 +0200: Memory Usage (458300K) : metal2_iprobe has 0 polygons
2026-09-09 20:59:17 +0200: Memory Usage (458300K) : metal2_diffprb has 0 polygons
2026-09-09 20:59:17 +0200: Memory Usage (458300K) : baspoly_drw has 0 polygons
2026-09-09 20:59:17 +0200: Memory Usage (458300K) : baspoly_pin has 0 polygons
2026-09-09 20:59:17 +0200: Memory Usage (458300K) : psd_drw has 2 polygons
2026-09-09 20:59:17 +0200: Memory Usage (458460K) : nldb_drw has 0 polygons
2026-09-09 20:59:17 +0200: Memory Usage (458460K) : digibnd_drw has 0 polygons
2026-09-09 20:59:17 +0200: Memory Usage (458460K) : via1_drw has 2 polygons
2026-09-09 20:59:17 +0200: Memory Usage (458620K) : backmetal1_drw has 0 polygons
2026-09-09 20:59:17 +0200: Memory Usage (458620K) : backmetal1_pin has 0 polygons
2026-09-09 20:59:17 +0200: Memory Usage (458780K) : backmetal1_mask has 0 polygons
2026-09-09 20:59:17 +0200: Memory Usage (458780K) : backmetal1_filler has 0 polygons
2026-09-09 20:59:17 +0200: Memory Usage (458780K) : backmetal1_nofill has 0 polygons
2026-09-09 20:59:17 +0200: Memory Usage (458940K) : backmetal1_slit has 0 polygons
2026-09-09 20:59:17 +0200: Memory Usage (458940K) : backmetal1_text has 0 polygons
2026-09-09 20:59:17 +0200: Memory Usage (458940K) : backmetal1_opc has 0 polygons
2026-09-09 20:59:17 +0200: Memory Usage (459100K) : backmetal1_noqrc has 0 polygons
2026-09-09 20:59:17 +0200: Memory Usage (459100K) : backmetal1_res has 0 polygons
2026-09-09 20:59:17 +0200: Memory Usage (459260K) : backmetal1_iprobe has 0 polygons
2026-09-09 20:59:17 +0200: Memory Usage (459260K) : backmetal1_diffprb has 0 polygons
2026-09-09 20:59:17 +0200: Memory Usage (459420K) : backpassiv_drw has 0 polygons
2026-09-09 20:59:17 +0200: Memory Usage (459420K) : res_drw has 0 polygons
2026-09-09 20:59:17 +0200: Memory Usage (459420K) : sram_drw has 0 polygons
2026-09-09 20:59:17 +0200: Memory Usage (459580K) : trans_drw has 0 polygons
2026-09-09 20:59:17 +0200: Memory Usage (459580K) : ind_drw has 0 polygons
2026-09-09 20:59:17 +0200: Memory Usage (459580K) : ind_pin has 0 polygons
2026-09-09 20:59:17 +0200: Memory Usage (459740K) : ind_text has 0 polygons
2026-09-09 20:59:17 +0200: Memory Usage (459740K) : salblock_drw has 0 polygons
2026-09-09 20:59:17 +0200: Memory Usage (459740K) : via2_drw has 0 polygons
2026-09-09 20:59:17 +0200: Memory Usage (459900K) : metal3_drw has 0 polygons
2026-09-09 20:59:17 +0200: Memory Usage (459900K) : metal3_pin has 0 polygons
2026-09-09 20:59:17 +0200: Memory Usage (460060K) : metal3_mask has 0 polygons
2026-09-09 20:59:17 +0200: Memory Usage (460060K) : metal3_filler has 0 polygons
2026-09-09 20:59:17 +0200: Memory Usage (460060K) : metal3_nofill has 0 polygons
2026-09-09 20:59:17 +0200: Memory Usage (460220K) : metal3_slit has 0 polygons
2026-09-09 20:59:17 +0200: Memory Usage (460220K) : metal3_text has 0 polygons
2026-09-09 20:59:17 +0200: Memory Usage (460380K) : metal3_opc has 0 polygons
2026-09-09 20:59:17 +0200: Memory Usage (460380K) : metal3_noqrc has 0 polygons
2026-09-09 20:59:17 +0200: Memory Usage (460380K) : metal3_res has 0 polygons
2026-09-09 20:59:17 +0200: Memory Usage (460540K) : metal3_iprobe has 0 polygons
2026-09-09 20:59:17 +0200: Memory Usage (460540K) : metal3_diffprb has 0 polygons
2026-09-09 20:59:17 +0200: Memory Usage (460540K) : nwell_drw has 1 polygons
2026-09-09 20:59:17 +0200: Memory Usage (460540K) : nwell_pin has 0 polygons
2026-09-09 20:59:17 +0200: Memory Usage (460700K) : nbulay_drw has 0 polygons
2026-09-09 20:59:17 +0200: Memory Usage (460700K) : nbulay_pin has 0 polygons
2026-09-09 20:59:17 +0200: Memory Usage (460700K) : nbulay_block has 0 polygons
2026-09-09 20:59:17 +0200: Memory Usage (460700K) : emwind_drw has 0 polygons
2026-09-09 20:59:17 +0200: Memory Usage (460860K) : emwind_opc has 0 polygons
2026-09-09 20:59:17 +0200: Memory Usage (460860K) : deepco_drw has 0 polygons
2026-09-09 20:59:17 +0200: Memory Usage (460860K) : deepco_drw has 0 polygons
2026-09-09 20:59:17 +0200: Memory Usage (460860K) : mim_drw has 0 polygons
2026-09-09 20:59:17 +0200: Memory Usage (461020K) : edgeseal_drw has 0 polygons
2026-09-09 20:59:17 +0200: Memory Usage (461020K) : edgeseal_bound has 0 polygons
2026-09-09 20:59:17 +0200: Memory Usage (461020K) : substrate_drw has 0 polygons
2026-09-09 20:59:17 +0200: Memory Usage (461020K) : substrate_text has 0 polygons
2026-09-09 20:59:17 +0200: Memory Usage (461020K) : dfpad_drw has 0 polygons
2026-09-09 20:59:17 +0200: Memory Usage (461180K) : dfpad_pillar has 0 polygons
2026-09-09 20:59:17 +0200: Memory Usage (461180K) : dfpad_sbump has 0 polygons
2026-09-09 20:59:17 +0200: Memory Usage (461180K) : thickgateox_drw has 0 polygons
2026-09-09 20:59:17 +0200: Memory Usage (461340K) : pldb_drw has 0 polygons
2026-09-09 20:59:17 +0200: Memory Usage (461340K) : pwell_drw has 0 polygons
2026-09-09 20:59:17 +0200: Memory Usage (461340K) : pwell_pin has 0 polygons
2026-09-09 20:59:17 +0200: Memory Usage (461500K) : pwell_block has 0 polygons
2026-09-09 20:59:17 +0200: Memory Usage (461500K) : ic_drw has 0 polygons
2026-09-09 20:59:17 +0200: Memory Usage (461500K) : via3_drw has 0 polygons
2026-09-09 20:59:17 +0200: Memory Usage (461660K) : metal4_drw has 0 polygons
2026-09-09 20:59:17 +0200: Memory Usage (461660K) : metal4_pin has 0 polygons
2026-09-09 20:59:17 +0200: Memory Usage (461660K) : metal4_mask has 0 polygons
2026-09-09 20:59:17 +0200: Memory Usage (461820K) : metal4_filler has 0 polygons
2026-09-09 20:59:17 +0200: Memory Usage (461820K) : metal4_nofill has 0 polygons
2026-09-09 20:59:17 +0200: Memory Usage (461820K) : metal4_slit has 0 polygons
2026-09-09 20:59:17 +0200: Memory Usage (461980K) : metal4_text has 0 polygons
2026-09-09 20:59:17 +0200: Memory Usage (461980K) : metal4_opc has 0 polygons
2026-09-09 20:59:17 +0200: Memory Usage (461980K) : metal4_noqrc has 0 polygons
2026-09-09 20:59:17 +0200: Memory Usage (462140K) : metal4_res has 0 polygons
2026-09-09 20:59:17 +0200: Memory Usage (462140K) : metal4_iprobe has 0 polygons
2026-09-09 20:59:17 +0200: Memory Usage (462140K) : metal4_diffprb has 0 polygons
2026-09-09 20:59:17 +0200: Memory Usage (462300K) : heattrans_drw has 0 polygons
2026-09-09 20:59:17 +0200: Memory Usage (462300K) : heatres_drw has 0 polygons
2026-09-09 20:59:17 +0200: Memory Usage (462300K) : pempoly_drw has 0 polygons
2026-09-09 20:59:17 +0200: Memory Usage (462460K) : fbe_drw has 0 polygons
2026-09-09 20:59:17 +0200: Memory Usage (462460K) : empoly_drw has 0 polygons
2026-09-09 20:59:17 +0200: Memory Usage (462460K) : ldmos_drw has 0 polygons
2026-09-09 20:59:17 +0200: Memory Usage (462620K) : pbiwind_drw has 0 polygons
2026-09-09 20:59:17 +0200: Memory Usage (462620K) : digisub_drw has 0 polygons
2026-09-09 20:59:17 +0200: Memory Usage (462620K) : nodrc_drw has 0 polygons
2026-09-09 20:59:17 +0200: Memory Usage (462620K) : text_drw has 0 polygons
2026-09-09 20:59:17 +0200: Memory Usage (462780K) : via4_drw has 0 polygons
2026-09-09 20:59:17 +0200: Memory Usage (462780K) : metal5_drw has 0 polygons
2026-09-09 20:59:17 +0200: Memory Usage (462780K) : metal5_pin has 0 polygons
2026-09-09 20:59:17 +0200: Memory Usage (462780K) : metal5_mask has 0 polygons
2026-09-09 20:59:17 +0200: Memory Usage (462940K) : metal5_filler has 0 polygons
2026-09-09 20:59:17 +0200: Memory Usage (462940K) : metal5_nofill has 0 polygons
2026-09-09 20:59:17 +0200: Memory Usage (462940K) : metal5_slit has 0 polygons
2026-09-09 20:59:17 +0200: Memory Usage (463100K) : metal5_text has 0 polygons
2026-09-09 20:59:17 +0200: Memory Usage (463100K) : metal5_opc has 0 polygons
2026-09-09 20:59:17 +0200: Memory Usage (463100K) : metal5_noqrc has 0 polygons
2026-09-09 20:59:17 +0200: Memory Usage (463260K) : metal5_res has 0 polygons
2026-09-09 20:59:17 +0200: Memory Usage (463260K) : metal5_iprobe has 0 polygons
2026-09-09 20:59:17 +0200: Memory Usage (463260K) : metal5_diffprb has 0 polygons
2026-09-09 20:59:17 +0200: Memory Usage (463420K) : radhard_drw has 0 polygons
2026-09-09 20:59:17 +0200: Memory Usage (463420K) : memcap_drw has 0 polygons
2026-09-09 20:59:17 +0200: Memory Usage (463420K) : varicap_drw has 0 polygons
2026-09-09 20:59:17 +0200: Memory Usage (463580K) : flash_drw has 0 polygons
2026-09-09 20:59:17 +0200: Memory Usage (463580K) : intbondvia_drw has 0 polygons
2026-09-09 20:59:17 +0200: Memory Usage (463580K) : intbondmet_drw has 0 polygons
2026-09-09 20:59:17 +0200: Memory Usage (463740K) : devbondvia_drw has 0 polygons
2026-09-09 20:59:17 +0200: Memory Usage (463740K) : devbondmet_drw has 0 polygons
2026-09-09 20:59:17 +0200: Memory Usage (463740K) : devtrench_drw has 0 polygons
2026-09-09 20:59:17 +0200: Memory Usage (463900K) : redist_drw has 0 polygons
2026-09-09 20:59:17 +0200: Memory Usage (463900K) : graphbot_drw has 0 polygons
2026-09-09 20:59:17 +0200: Memory Usage (463900K) : graphtop_drw has 0 polygons
2026-09-09 20:59:17 +0200: Memory Usage (463900K) : antvia1_drw has 0 polygons
2026-09-09 20:59:17 +0200: Memory Usage (464060K) : antmetal2_drw has 0 polygons
2026-09-09 20:59:17 +0200: Memory Usage (464060K) : graphcont_drw has 0 polygons
2026-09-09 20:59:17 +0200: Memory Usage (464220K) : siwg_drw has 0 polygons
2026-09-09 20:59:17 +0200: Memory Usage (464220K) : siwg_filler has 0 polygons
2026-09-09 20:59:17 +0200: Memory Usage (464220K) : siwg_nofill has 0 polygons
2026-09-09 20:59:17 +0200: Memory Usage (464380K) : sigrating_drw has 0 polygons
2026-09-09 20:59:17 +0200: Memory Usage (464380K) : singrating_drw has 0 polygons
2026-09-09 20:59:17 +0200: Memory Usage (464380K) : graphpas_drw has 0 polygons
2026-09-09 20:59:17 +0200: Memory Usage (464380K) : emwind3_drw has 0 polygons
2026-09-09 20:59:17 +0200: Memory Usage (464380K) : emwihv3_drw has 0 polygons
2026-09-09 20:59:17 +0200: Memory Usage (464540K) : redbulay_drw has 0 polygons
2026-09-09 20:59:17 +0200: Memory Usage (464540K) : smos_drw has 0 polygons
2026-09-09 20:59:17 +0200: Memory Usage (464540K) : graphpad_drw has 0 polygons
2026-09-09 20:59:17 +0200: Memory Usage (464540K) : polimide_drw has 0 polygons
2026-09-09 20:59:17 +0200: Memory Usage (464700K) : polimide_pin has 0 polygons
2026-09-09 20:59:17 +0200: Memory Usage (464700K) : recog_drw has 0 polygons
2026-09-09 20:59:17 +0200: Memory Usage (464700K) : recog_pin has 0 polygons
2026-09-09 20:59:17 +0200: Memory Usage (464860K) : recog_esd has 0 polygons
2026-09-09 20:59:17 +0200: Memory Usage (464860K) : recog_diode has 0 polygons
2026-09-09 20:59:17 +0200: Memory Usage (464860K) : recog_tsv has 0 polygons
2026-09-09 20:59:17 +0200: Memory Usage (465020K) : recog_iprobe has 0 polygons
2026-09-09 20:59:17 +0200: Memory Usage (465020K) : recog_diffprb has 0 polygons
2026-09-09 20:59:17 +0200: Memory Usage (465020K) : recog_pillar has 0 polygons
2026-09-09 20:59:17 +0200: Memory Usage (465180K) : recog_sbump has 0 polygons
2026-09-09 20:59:17 +0200: Memory Usage (465180K) : recog_otp has 0 polygons
2026-09-09 20:59:17 +0200: Memory Usage (465180K) : recog_pdiode has 0 polygons
2026-09-09 20:59:17 +0200: Memory Usage (465340K) : recog_mom has 0 polygons
2026-09-09 20:59:17 +0200: Memory Usage (465340K) : recog_pcm has 0 polygons
2026-09-09 20:59:17 +0200: Memory Usage (465340K) : colopen_drw has 0 polygons
2026-09-09 20:59:17 +0200: Memory Usage (465500K) : graphmetal1_drw has 0 polygons
2026-09-09 20:59:17 +0200: Memory Usage (465500K) : graphmetal1_filler has 0 polygons
2026-09-09 20:59:17 +0200: Memory Usage (465500K) : graphmetal1_nofill has 0 polygons
2026-09-09 20:59:17 +0200: Memory Usage (465660K) : graphmetal1_slit has 0 polygons
2026-09-09 20:59:17 +0200: Memory Usage (465660K) : graphmetal1_opc has 0 polygons
2026-09-09 20:59:17 +0200: Memory Usage (465660K) : graphmet1l_drw has 0 polygons
2026-09-09 20:59:17 +0200: Memory Usage (465820K) : graphmet1l_filler has 0 polygons
2026-09-09 20:59:17 +0200: Memory Usage (465820K) : graphmet1l_nofill has 0 polygons
2026-09-09 20:59:17 +0200: Memory Usage (465820K) : graphmet1l_slit has 0 polygons
2026-09-09 20:59:17 +0200: Memory Usage (465980K) : graphmet1l_opc has 0 polygons
2026-09-09 20:59:17 +0200: Memory Usage (465980K) : extblock_drw has 0 polygons
2026-09-09 20:59:17 +0200: Memory Usage (465980K) : nldd_drw has 0 polygons
2026-09-09 20:59:17 +0200: Memory Usage (466140K) : pldd_drw has 0 polygons
2026-09-09 20:59:17 +0200: Memory Usage (466140K) : next_drw has 0 polygons
2026-09-09 20:59:17 +0200: Memory Usage (466140K) : pext_drw has 0 polygons
2026-09-09 20:59:17 +0200: Memory Usage (466300K) : nexthv_drw has 0 polygons
2026-09-09 20:59:17 +0200: Memory Usage (466300K) : pexthv_drw has 0 polygons
2026-09-09 20:59:17 +0200: Memory Usage (466300K) : graphgate_drw has 0 polygons
2026-09-09 20:59:17 +0200: Memory Usage (466460K) : sinwg_drw has 0 polygons
2026-09-09 20:59:17 +0200: Memory Usage (466460K) : sinwg_filler has 0 polygons
2026-09-09 20:59:17 +0200: Memory Usage (466460K) : sinwg_nofill has 0 polygons
2026-09-09 20:59:17 +0200: Memory Usage (466620K) : mempad_drw has 0 polygons
2026-09-09 20:59:17 +0200: Memory Usage (466620K) : topvia1_drw has 0 polygons
2026-09-09 20:59:17 +0200: Memory Usage (466620K) : topmetal1_drw has 0 polygons
2026-09-09 20:59:17 +0200: Memory Usage (466620K) : topmetal1_pin has 0 polygons
2026-09-09 20:59:17 +0200: Memory Usage (466620K) : topmetal1_mask has 0 polygons
2026-09-09 20:59:17 +0200: Memory Usage (466620K) : topmetal1_filler has 0 polygons
2026-09-09 20:59:17 +0200: Memory Usage (466620K) : topmetal1_nofill has 0 polygons
2026-09-09 20:59:17 +0200: Memory Usage (466620K) : topmetal1_slit has 0 polygons
2026-09-09 20:59:17 +0200: Memory Usage (466620K) : topmetal1_text has 0 polygons
2026-09-09 20:59:17 +0200: Memory Usage (466780K) : topmetal1_noqrc has 0 polygons
2026-09-09 20:59:17 +0200: Memory Usage (466780K) : topmetal1_res has 0 polygons
2026-09-09 20:59:17 +0200: Memory Usage (466780K) : topmetal1_iprobe has 0 polygons
2026-09-09 20:59:17 +0200: Memory Usage (466940K) : topmetal1_diffprb has 0 polygons
2026-09-09 20:59:17 +0200: Memory Usage (466940K) : inldpwl_drw has 0 polygons
2026-09-09 20:59:17 +0200: Memory Usage (466940K) : polyres_drw has 0 polygons
2026-09-09 20:59:17 +0200: Memory Usage (467100K) : polyres_pin has 0 polygons
2026-09-09 20:59:17 +0200: Memory Usage (467100K) : vmim_drw has 0 polygons
2026-09-09 20:59:17 +0200: Memory Usage (467100K) : nbulaycut_drw has 0 polygons
2026-09-09 20:59:17 +0200: Memory Usage (467260K) : antmetal1_drw has 0 polygons
2026-09-09 20:59:17 +0200: Memory Usage (467260K) : topvia2_drw has 0 polygons
2026-09-09 20:59:17 +0200: Memory Usage (467260K) : topmetal2_drw has 0 polygons
2026-09-09 20:59:17 +0200: Memory Usage (467420K) : topmetal2_pin has 0 polygons
2026-09-09 20:59:17 +0200: Memory Usage (467420K) : topmetal2_mask has 0 polygons
2026-09-09 20:59:17 +0200: Memory Usage (467420K) : topmetal2_filler has 0 polygons
2026-09-09 20:59:17 +0200: Memory Usage (467580K) : topmetal2_nofill has 0 polygons
2026-09-09 20:59:17 +0200: Memory Usage (467580K) : topmetal2_slit has 0 polygons
2026-09-09 20:59:17 +0200: Memory Usage (467580K) : topmetal2_text has 0 polygons
2026-09-09 20:59:17 +0200: Memory Usage (467740K) : topmetal2_noqrc has 0 polygons
2026-09-09 20:59:17 +0200: Memory Usage (467740K) : topmetal2_res has 0 polygons
2026-09-09 20:59:17 +0200: Memory Usage (467740K) : topmetal2_iprobe has 0 polygons
2026-09-09 20:59:17 +0200: Memory Usage (467900K) : topmetal2_diffprb has 0 polygons
2026-09-09 20:59:17 +0200: Memory Usage (467900K) : snsring_drw has 0 polygons
2026-09-09 20:59:17 +0200: Memory Usage (467900K) : sensor_drw has 0 polygons
2026-09-09 20:59:17 +0200: Memory Usage (468060K) : snsarms_drw has 0 polygons
2026-09-09 20:59:17 +0200: Memory Usage (468060K) : snscmosvia_drw has 0 polygons
2026-09-09 20:59:17 +0200: Memory Usage (468060K) : colwind_drw has 0 polygons
2026-09-09 20:59:17 +0200: Memory Usage (468220K) : flm_drw has 0 polygons
2026-09-09 20:59:17 +0200: Memory Usage (468220K) : hafniumox_drw has 0 polygons
2026-09-09 20:59:17 +0200: Memory Usage (468220K) : memvia_drw has 0 polygons
2026-09-09 20:59:17 +0200: Memory Usage (468380K) : thinfilmres_drw has 0 polygons
2026-09-09 20:59:17 +0200: Memory Usage (468380K) : rfmem_drw has 0 polygons
2026-09-09 20:59:17 +0200: Memory Usage (468380K) : norcx_drw has 0 polygons
2026-09-09 20:59:17 +0200: Memory Usage (468380K) : norcx_m2m3 has 0 polygons
2026-09-09 20:59:17 +0200: Memory Usage (468380K) : norcx_m2m4 has 0 polygons
2026-09-09 20:59:17 +0200: Memory Usage (468540K) : norcx_m2m5 has 0 polygons
2026-09-09 20:59:17 +0200: Memory Usage (468540K) : norcx_m2tm1 has 0 polygons
2026-09-09 20:59:17 +0200: Memory Usage (468540K) : norcx_m2tm2 has 0 polygons
2026-09-09 20:59:17 +0200: Memory Usage (468700K) : norcx_m3m4 has 0 polygons
2026-09-09 20:59:17 +0200: Memory Usage (468700K) : norcx_m3m5 has 0 polygons
2026-09-09 20:59:17 +0200: Memory Usage (468700K) : norcx_m3tm1 has 0 polygons
2026-09-09 20:59:17 +0200: Memory Usage (468860K) : norcx_m3tm2 has 0 polygons
2026-09-09 20:59:17 +0200: Memory Usage (468860K) : norcx_m4m5 has 0 polygons
2026-09-09 20:59:17 +0200: Memory Usage (468860K) : norcx_m4tm1 has 0 polygons
2026-09-09 20:59:17 +0200: Memory Usage (469020K) : norcx_m4tm2 has 0 polygons
2026-09-09 20:59:17 +0200: Memory Usage (469020K) : norcx_m5tm1 has 0 polygons
2026-09-09 20:59:17 +0200: Memory Usage (469020K) : norcx_m5tm2 has 0 polygons
2026-09-09 20:59:17 +0200: Memory Usage (469180K) : norcx_tm1tm2 has 0 polygons
2026-09-09 20:59:17 +0200: Memory Usage (469180K) : norcx_m1sub has 0 polygons
2026-09-09 20:59:17 +0200: Memory Usage (469180K) : norcx_m2sub has 0 polygons
2026-09-09 20:59:17 +0200: Memory Usage (469340K) : norcx_m3sub has 0 polygons
2026-09-09 20:59:17 +0200: Memory Usage (469340K) : norcx_m4sub has 0 polygons
2026-09-09 20:59:17 +0200: Memory Usage (469340K) : norcx_m5sub has 0 polygons
2026-09-09 20:59:17 +0200: Memory Usage (469500K) : norcx_tm1sub has 0 polygons
2026-09-09 20:59:17 +0200: Memory Usage (469500K) : norcx_tm2sub has 0 polygons
2026-09-09 20:59:17 +0200: Memory Usage (469660K) : snsbotvia_drw has 0 polygons
2026-09-09 20:59:17 +0200: Memory Usage (469660K) : snstopvia_drw has 0 polygons
2026-09-09 20:59:17 +0200: Memory Usage (469660K) : deepvia_drw has 0 polygons
2026-09-09 20:59:17 +0200: Memory Usage (469820K) : fgetch_drw has 0 polygons
2026-09-09 20:59:17 +0200: Memory Usage (469820K) : ctrgat_drw has 0 polygons
2026-09-09 20:59:17 +0200: Memory Usage (469820K) : fgimp_drw has 0 polygons
2026-09-09 20:59:17 +0200: Memory Usage (469980K) : emwihv_drw has 0 polygons
2026-09-09 20:59:17 +0200: Memory Usage (469980K) : lbe_drw has 0 polygons
2026-09-09 20:59:17 +0200: Memory Usage (469980K) : alcustop_drw has 0 polygons
2026-09-09 20:59:17 +0200: Memory Usage (470140K) : nometfiller_drw has 0 polygons
2026-09-09 20:59:17 +0200: Memory Usage (470140K) : prboundary_drw has 0 polygons
2026-09-09 20:59:17 +0200: Memory Usage (470140K) : exchange0_drw has 0 polygons
2026-09-09 20:59:17 +0200: Memory Usage (470300K) : exchange0_pin has 0 polygons
2026-09-09 20:59:17 +0200: Memory Usage (470300K) : exchange0_text has 0 polygons
2026-09-09 20:59:17 +0200: Memory Usage (470300K) : exchange1_drw has 0 polygons
2026-09-09 20:59:17 +0200: Memory Usage (470460K) : exchange1_pin has 0 polygons
2026-09-09 20:59:17 +0200: Memory Usage (470460K) : exchange1_text has 0 polygons
2026-09-09 20:59:17 +0200: Memory Usage (470460K) : exchange2_drw has 0 polygons
2026-09-09 20:59:17 +0200: Memory Usage (470620K) : exchange2_pin has 0 polygons
2026-09-09 20:59:17 +0200: Memory Usage (470620K) : exchange2_text has 0 polygons
2026-09-09 20:59:17 +0200: Memory Usage (470620K) : exchange3_drw has 0 polygons
2026-09-09 20:59:17 +0200: Memory Usage (470620K) : exchange3_pin has 0 polygons
2026-09-09 20:59:17 +0200: Memory Usage (470780K) : exchange3_text has 0 polygons
2026-09-09 20:59:17 +0200: Memory Usage (470780K) : exchange4_drw has 0 polygons
2026-09-09 20:59:17 +0200: Memory Usage (470780K) : exchange4_pin has 0 polygons
2026-09-09 20:59:17 +0200: Memory Usage (470940K) : exchange4_text has 0 polygons
2026-09-09 20:59:17 +0200: Memory Usage (470940K) : isonwell_drw has 0 polygons
2026-09-09 20:59:17 +0200: Memory Usage (470940K) : Total no. of polygons in the design is 97
2026-09-09 20:59:17 +0200: Memory Usage (471100K) : Loaded TECH DRC rules values from /foss/pdks/ihp-sg13g2/libs.tech/klayout/python/sg13g2_pycell_lib/sg13g2_tech_mod.json
2026-09-09 20:59:17 +0200: Memory Usage (471100K) : Loaded default DRC rules values from /foss/pdks/ihp-sg13g2/libs.tech/klayout/tech/drc/rule_decks/sg13g2_tech_default.json
2026-09-09 20:59:17 +0200: Memory Usage (471100K) : The following rules values were missing in tech json and default values were used:
2026-09-09 20:59:17 +0200: Memory Usage (471100K) :   - NW_f1_digibnd
2026-09-09 20:59:17 +0200: Memory Usage (471100K) :   - Cnt_c_digibnd
2026-09-09 20:59:17 +0200: Memory Usage (471100K) :   - Cnt_c_sram
2026-09-09 20:59:17 +0200: Memory Usage (471100K) :   - Sdiod_b
2026-09-09 20:59:17 +0200: Memory Usage (471100K) :   - Sdiod_c
2026-09-09 20:59:17 +0200: Memory Usage (472084K) : Total area of the design is 21.072 um^2.
2026-09-09 20:59:17 +0200: Memory Usage (472084K) : The design dimensions are 4.800000000000001 µm * 4.39 µm.
2026-09-09 20:59:17 +0200: Memory Usage (472084K) : Starting general IHP-SG13G2 derivations.
2026-09-09 20:59:17 +0200: Memory Usage (472084K) : Starting Pwell derivations
2026-09-09 20:59:17 +0200: Memory Usage (474124K) : Starting n-Activ derivations
2026-09-09 20:59:17 +0200: Memory Usage (474124K) : Starting p-Activ derivations
2026-09-09 20:59:17 +0200: Memory Usage (474124K) : Starting ptap derivations
2026-09-09 20:59:17 +0200: Memory Usage (474284K) : Starting ntap derivations
2026-09-09 20:59:17 +0200: Memory Usage (474284K) : Starting pact FET derivations
2026-09-09 20:59:17 +0200: Memory Usage (474444K) : Starting nact FET derivations
2026-09-09 20:59:17 +0200: Memory Usage (474284K) : Starting Gate derivations
2026-09-09 20:59:17 +0200: Memory Usage (474444K) : Starting SVaricap general derivations
2026-09-09 20:59:17 +0200: Memory Usage (474604K) : Starting IHP-SG13G2 DRC connectivity related derivations.
2026-09-09 20:59:17 +0200: Memory Usage (474604K) : Starting IHP-SG13G2 DRC connectivity setup
2026-09-09 20:59:17 +0200: Memory Usage (475008K) : Starting IHP-SG13G2 DRC rules.
2026-09-09 20:59:17 +0200: Memory Usage (475008K) : Starting 5.3 nBuLay table
2026-09-09 20:59:17 +0200: Memory Usage (475008K) : Executing rule NBL.b
2026-09-09 20:59:17 +0200: Memory Usage (475192K) : Executing rule NBL.c
2026-09-09 20:59:17 +0200: Memory Usage (475192K) : Executing rule NBL.d
2026-09-09 20:59:17 +0200: Memory Usage (475192K) : Executing rule NBL.e
2026-09-09 20:59:17 +0200: Memory Usage (475192K) : Executing rule NBL.f
2026-09-09 20:59:17 +0200: Memory Usage (475192K) : KLayout DRC run for tables 'nbulay' completed in 0.27 seconds
