# Logfile created on 2026-09-09 20:59:22 +0200 by logger.rb/v1.5.3
2026-09-09 20:59:22 +0200: Memory Usage (456044K) : Starting running IHP-SG13G2 KLayout DRC runset on /foss/designs/aion_chip/flow/regress/AION_a21oi_nor2_1/baseline/reference_AION_a21oi_nor2_1.gds
2026-09-09 20:59:22 +0200: Memory Usage (456044K) : Ruby Version for klayout: 3.2.3
2026-09-09 20:59:22 +0200: Memory Usage (457592K) : Loading database to memory is complete.
2026-09-09 20:59:22 +0200: Memory Usage (457592K) : IHP-SG13G2 KLayout DRC runset output at: /foss/designs/aion_chip/flow/regress/AION_a21oi_nor2_1/baseline/drc/reference_AION_a21oi_nor2_1.klayout.drc/reference_AION_a21oi_nor2_1_reference_AION_a21oi_nor2_1_pin.lyrdb
2026-09-09 20:59:22 +0200: Memory Usage (457592K) : Evaluate switches.
2026-09-09 20:59:22 +0200: Memory Usage (457592K) : tables selected: pin
2026-09-09 20:59:22 +0200: Memory Usage (457592K) : KLayout will use 15 thread(s) in tiling mode.
2026-09-09 20:59:22 +0200: Memory Usage (457592K) : deep mode is enabled.
2026-09-09 20:59:22 +0200: Memory Usage (457592K) : FEOL enabled: false
2026-09-09 20:59:22 +0200: Memory Usage (457592K) : BEOL enabled: false
2026-09-09 20:59:22 +0200: Memory Usage (457592K) : OFFGRID enabled: true
2026-09-09 20:59:22 +0200: Memory Usage (457592K) : ANGLE enabled: true
2026-09-09 20:59:22 +0200: Memory Usage (457592K) : PIN enabled: false
2026-09-09 20:59:22 +0200: Memory Usage (457592K) : FORBIDDEN enabled: false
2026-09-09 20:59:22 +0200: Memory Usage (457592K) : RECOMMENDED enabled: true
2026-09-09 20:59:22 +0200: Memory Usage (457592K) : PreCheck DRC enabled: false
2026-09-09 20:59:22 +0200: Memory Usage (457592K) : CONNECTIVITY_RULES enabled: false.
2026-09-09 20:59:22 +0200: Memory Usage (457592K) : Read in polygons from layers.
2026-09-09 20:59:22 +0200: Memory Usage (458552K) : activ_drw has 6 polygons
2026-09-09 20:59:22 +0200: Memory Usage (458552K) : activ_pin has 0 polygons
2026-09-09 20:59:22 +0200: Memory Usage (458552K) : activ_mask has 0 polygons
2026-09-09 20:59:22 +0200: Memory Usage (458552K) : activ_filler has 0 polygons
2026-09-09 20:59:22 +0200: Memory Usage (458552K) : activ_nofill has 0 polygons
2026-09-09 20:59:22 +0200: Memory Usage (458552K) : activ_opc has 0 polygons
2026-09-09 20:59:22 +0200: Memory Usage (458552K) : activ_iopc has 0 polygons
2026-09-09 20:59:22 +0200: Memory Usage (458552K) : activ_noqrc has 0 polygons
2026-09-09 20:59:22 +0200: Memory Usage (458552K) : biwind_drw has 0 polygons
2026-09-09 20:59:22 +0200: Memory Usage (458552K) : biwind_opc has 0 polygons
2026-09-09 20:59:22 +0200: Memory Usage (458552K) : pemwind_drw has 0 polygons
2026-09-09 20:59:22 +0200: Memory Usage (458744K) : gatpoly_drw has 5 polygons
2026-09-09 20:59:22 +0200: Memory Usage (458744K) : gatpoly_pin has 0 polygons
2026-09-09 20:59:22 +0200: Memory Usage (458744K) : gatpoly_filler has 0 polygons
2026-09-09 20:59:22 +0200: Memory Usage (458744K) : gatpoly_nofill has 0 polygons
2026-09-09 20:59:22 +0200: Memory Usage (458744K) : gatpoly_opc has 0 polygons
2026-09-09 20:59:22 +0200: Memory Usage (458744K) : gatpoly_iopc has 0 polygons
2026-09-09 20:59:22 +0200: Memory Usage (458744K) : gatpoly_noqrc has 0 polygons
2026-09-09 20:59:22 +0200: Memory Usage (458744K) : cont_drw has 49 polygons
2026-09-09 20:59:22 +0200: Memory Usage (458904K) : cont_opc has 0 polygons
2026-09-09 20:59:22 +0200: Memory Usage (458904K) : nsd_drw has 0 polygons
2026-09-09 20:59:22 +0200: Memory Usage (458904K) : nsd_block has 0 polygons
2026-09-09 20:59:22 +0200: Memory Usage (459096K) : metal1_drw has 16 polygons
2026-09-09 20:59:22 +0200: Memory Usage (459096K) : metal1_pin has 7 polygons
2026-09-09 20:59:22 +0200: Memory Usage (459256K) : metal1_mask has 0 polygons
2026-09-09 20:59:22 +0200: Memory Usage (459256K) : metal1_filler has 0 polygons
2026-09-09 20:59:22 +0200: Memory Usage (459256K) : metal1_nofill has 0 polygons
2026-09-09 20:59:22 +0200: Memory Usage (459416K) : metal1_slit has 0 polygons
2026-09-09 20:59:22 +0200: Memory Usage (459608K) : metal1_text has 7 polygons
2026-09-09 20:59:22 +0200: Memory Usage (459608K) : metal1_opc has 0 polygons
2026-09-09 20:59:22 +0200: Memory Usage (459768K) : metal1_noqrc has 0 polygons
2026-09-09 20:59:22 +0200: Memory Usage (459768K) : metal1_res has 0 polygons
2026-09-09 20:59:22 +0200: Memory Usage (459768K) : metal1_iprobe has 0 polygons
2026-09-09 20:59:22 +0200: Memory Usage (459928K) : metal1_diffprb has 0 polygons
2026-09-09 20:59:22 +0200: Memory Usage (459928K) : passiv_drw has 0 polygons
2026-09-09 20:59:22 +0200: Memory Usage (459928K) : passiv_pin has 0 polygons
2026-09-09 20:59:22 +0200: Memory Usage (460088K) : passiv_sbump has 0 polygons
2026-09-09 20:59:22 +0200: Memory Usage (460088K) : passiv_pillar has 0 polygons
2026-09-09 20:59:22 +0200: Memory Usage (460088K) : passiv_pdl has 0 polygons
2026-09-09 20:59:22 +0200: Memory Usage (460248K) : metal2_drw has 2 polygons
2026-09-09 20:59:22 +0200: Memory Usage (460248K) : metal2_pin has 0 polygons
2026-09-09 20:59:22 +0200: Memory Usage (460248K) : metal2_mask has 0 polygons
2026-09-09 20:59:22 +0200: Memory Usage (460248K) : metal2_filler has 0 polygons
2026-09-09 20:59:22 +0200: Memory Usage (460248K) : metal2_nofill has 0 polygons
2026-09-09 20:59:22 +0200: Memory Usage (460248K) : metal2_slit has 0 polygons
2026-09-09 20:59:22 +0200: Memory Usage (460248K) : metal2_text has 0 polygons
2026-09-09 20:59:22 +0200: Memory Usage (460248K) : metal2_opc has 0 polygons
2026-09-09 20:59:22 +0200: Memory Usage (460408K) : metal2_noqrc has 0 polygons
2026-09-09 20:59:22 +0200: Memory Usage (460408K) : metal2_res has 0 polygons
2026-09-09 20:59:22 +0200: Memory Usage (460408K) : metal2_iprobe has 0 polygons
2026-09-09 20:59:22 +0200: Memory Usage (460408K) : metal2_diffprb has 0 polygons
2026-09-09 20:59:22 +0200: Memory Usage (460408K) : baspoly_drw has 0 polygons
2026-09-09 20:59:22 +0200: Memory Usage (460408K) : baspoly_pin has 0 polygons
2026-09-09 20:59:22 +0200: Memory Usage (460568K) : psd_drw has 2 polygons
2026-09-09 20:59:22 +0200: Memory Usage (460568K) : nldb_drw has 0 polygons
2026-09-09 20:59:22 +0200: Memory Usage (460568K) : digibnd_drw has 0 polygons
2026-09-09 20:59:22 +0200: Memory Usage (460728K) : via1_drw has 2 polygons
2026-09-09 20:59:22 +0200: Memory Usage (460728K) : backmetal1_drw has 0 polygons
2026-09-09 20:59:22 +0200: Memory Usage (460728K) : backmetal1_pin has 0 polygons
2026-09-09 20:59:22 +0200: Memory Usage (460888K) : backmetal1_mask has 0 polygons
2026-09-09 20:59:22 +0200: Memory Usage (460888K) : backmetal1_filler has 0 polygons
2026-09-09 20:59:22 +0200: Memory Usage (460888K) : backmetal1_nofill has 0 polygons
2026-09-09 20:59:22 +0200: Memory Usage (461048K) : backmetal1_slit has 0 polygons
2026-09-09 20:59:22 +0200: Memory Usage (461048K) : backmetal1_text has 0 polygons
2026-09-09 20:59:22 +0200: Memory Usage (461048K) : backmetal1_opc has 0 polygons
2026-09-09 20:59:22 +0200: Memory Usage (461208K) : backmetal1_noqrc has 0 polygons
2026-09-09 20:59:22 +0200: Memory Usage (461368K) : backmetal1_res has 0 polygons
2026-09-09 20:59:22 +0200: Memory Usage (461368K) : backmetal1_iprobe has 0 polygons
2026-09-09 20:59:22 +0200: Memory Usage (461528K) : backmetal1_diffprb has 0 polygons
2026-09-09 20:59:22 +0200: Memory Usage (461528K) : backpassiv_drw has 0 polygons
2026-09-09 20:59:22 +0200: Memory Usage (461528K) : res_drw has 0 polygons
2026-09-09 20:59:22 +0200: Memory Usage (461688K) : sram_drw has 0 polygons
2026-09-09 20:59:22 +0200: Memory Usage (461688K) : trans_drw has 0 polygons
2026-09-09 20:59:22 +0200: Memory Usage (461688K) : ind_drw has 0 polygons
2026-09-09 20:59:22 +0200: Memory Usage (461848K) : ind_pin has 0 polygons
2026-09-09 20:59:22 +0200: Memory Usage (461848K) : ind_text has 0 polygons
2026-09-09 20:59:22 +0200: Memory Usage (461848K) : salblock_drw has 0 polygons
2026-09-09 20:59:22 +0200: Memory Usage (462008K) : via2_drw has 0 polygons
2026-09-09 20:59:22 +0200: Memory Usage (462008K) : metal3_drw has 0 polygons
2026-09-09 20:59:22 +0200: Memory Usage (462008K) : metal3_pin has 0 polygons
2026-09-09 20:59:22 +0200: Memory Usage (462168K) : metal3_mask has 0 polygons
2026-09-09 20:59:22 +0200: Memory Usage (462168K) : metal3_filler has 0 polygons
2026-09-09 20:59:22 +0200: Memory Usage (462168K) : metal3_nofill has 0 polygons
2026-09-09 20:59:22 +0200: Memory Usage (462328K) : metal3_slit has 0 polygons
2026-09-09 20:59:22 +0200: Memory Usage (462328K) : metal3_text has 0 polygons
2026-09-09 20:59:22 +0200: Memory Usage (462488K) : metal3_opc has 0 polygons
2026-09-09 20:59:22 +0200: Memory Usage (462488K) : metal3_noqrc has 0 polygons
2026-09-09 20:59:22 +0200: Memory Usage (462648K) : metal3_res has 0 polygons
2026-09-09 20:59:22 +0200: Memory Usage (462648K) : metal3_iprobe has 0 polygons
2026-09-09 20:59:22 +0200: Memory Usage (462648K) : metal3_diffprb has 0 polygons
2026-09-09 20:59:22 +0200: Memory Usage (462648K) : nwell_drw has 1 polygons
2026-09-09 20:59:22 +0200: Memory Usage (462808K) : nwell_pin has 0 polygons
2026-09-09 20:59:22 +0200: Memory Usage (462808K) : nbulay_drw has 0 polygons
2026-09-09 20:59:22 +0200: Memory Usage (462808K) : nbulay_pin has 0 polygons
2026-09-09 20:59:22 +0200: Memory Usage (462808K) : nbulay_block has 0 polygons
2026-09-09 20:59:22 +0200: Memory Usage (462808K) : emwind_drw has 0 polygons
2026-09-09 20:59:22 +0200: Memory Usage (462968K) : emwind_opc has 0 polygons
2026-09-09 20:59:22 +0200: Memory Usage (462968K) : deepco_drw has 0 polygons
2026-09-09 20:59:22 +0200: Memory Usage (462968K) : deepco_drw has 0 polygons
2026-09-09 20:59:22 +0200: Memory Usage (462968K) : mim_drw has 0 polygons
2026-09-09 20:59:22 +0200: Memory Usage (463128K) : edgeseal_drw has 0 polygons
2026-09-09 20:59:22 +0200: Memory Usage (463128K) : edgeseal_bound has 0 polygons
2026-09-09 20:59:22 +0200: Memory Usage (463128K) : substrate_drw has 0 polygons
2026-09-09 20:59:22 +0200: Memory Usage (463128K) : substrate_text has 0 polygons
2026-09-09 20:59:22 +0200: Memory Usage (463288K) : dfpad_drw has 0 polygons
2026-09-09 20:59:22 +0200: Memory Usage (463288K) : dfpad_pillar has 0 polygons
2026-09-09 20:59:22 +0200: Memory Usage (463288K) : dfpad_sbump has 0 polygons
2026-09-09 20:59:22 +0200: Memory Usage (463288K) : thickgateox_drw has 0 polygons
2026-09-09 20:59:22 +0200: Memory Usage (463448K) : pldb_drw has 0 polygons
2026-09-09 20:59:22 +0200: Memory Usage (463448K) : pwell_drw has 0 polygons
2026-09-09 20:59:22 +0200: Memory Usage (463448K) : pwell_pin has 0 polygons
2026-09-09 20:59:22 +0200: Memory Usage (463608K) : pwell_block has 0 polygons
2026-09-09 20:59:22 +0200: Memory Usage (463608K) : ic_drw has 0 polygons
2026-09-09 20:59:22 +0200: Memory Usage (463608K) : via3_drw has 0 polygons
2026-09-09 20:59:22 +0200: Memory Usage (463768K) : metal4_drw has 0 polygons
2026-09-09 20:59:22 +0200: Memory Usage (463768K) : metal4_pin has 0 polygons
2026-09-09 20:59:22 +0200: Memory Usage (463928K) : metal4_mask has 0 polygons
2026-09-09 20:59:22 +0200: Memory Usage (463928K) : metal4_filler has 0 polygons
2026-09-09 20:59:22 +0200: Memory Usage (463928K) : metal4_nofill has 0 polygons
2026-09-09 20:59:22 +0200: Memory Usage (464088K) : metal4_slit has 0 polygons
2026-09-09 20:59:22 +0200: Memory Usage (464088K) : metal4_text has 0 polygons
2026-09-09 20:59:22 +0200: Memory Usage (464088K) : metal4_opc has 0 polygons
2026-09-09 20:59:22 +0200: Memory Usage (464088K) : metal4_noqrc has 0 polygons
2026-09-09 20:59:22 +0200: Memory Usage (464248K) : metal4_res has 0 polygons
2026-09-09 20:59:22 +0200: Memory Usage (464248K) : metal4_iprobe has 0 polygons
2026-09-09 20:59:22 +0200: Memory Usage (464408K) : metal4_diffprb has 0 polygons
2026-09-09 20:59:22 +0200: Memory Usage (464408K) : heattrans_drw has 0 polygons
2026-09-09 20:59:22 +0200: Memory Usage (464408K) : heatres_drw has 0 polygons
2026-09-09 20:59:22 +0200: Memory Usage (464568K) : pempoly_drw has 0 polygons
2026-09-09 20:59:22 +0200: Memory Usage (464568K) : fbe_drw has 0 polygons
2026-09-09 20:59:22 +0200: Memory Usage (464568K) : empoly_drw has 0 polygons
2026-09-09 20:59:22 +0200: Memory Usage (464728K) : ldmos_drw has 0 polygons
2026-09-09 20:59:22 +0200: Memory Usage (464728K) : pbiwind_drw has 0 polygons
2026-09-09 20:59:22 +0200: Memory Usage (464728K) : digisub_drw has 0 polygons
2026-09-09 20:59:22 +0200: Memory Usage (464728K) : nodrc_drw has 0 polygons
2026-09-09 20:59:22 +0200: Memory Usage (464888K) : text_drw has 0 polygons
2026-09-09 20:59:22 +0200: Memory Usage (464888K) : via4_drw has 0 polygons
2026-09-09 20:59:22 +0200: Memory Usage (464888K) : metal5_drw has 0 polygons
2026-09-09 20:59:22 +0200: Memory Usage (464888K) : metal5_pin has 0 polygons
2026-09-09 20:59:22 +0200: Memory Usage (465048K) : metal5_mask has 0 polygons
2026-09-09 20:59:22 +0200: Memory Usage (465048K) : metal5_filler has 0 polygons
2026-09-09 20:59:22 +0200: Memory Usage (465048K) : metal5_nofill has 0 polygons
2026-09-09 20:59:22 +0200: Memory Usage (465208K) : metal5_slit has 0 polygons
2026-09-09 20:59:22 +0200: Memory Usage (465208K) : metal5_text has 0 polygons
2026-09-09 20:59:22 +0200: Memory Usage (465208K) : metal5_opc has 0 polygons
2026-09-09 20:59:22 +0200: Memory Usage (465368K) : metal5_noqrc has 0 polygons
2026-09-09 20:59:22 +0200: Memory Usage (465368K) : metal5_res has 0 polygons
2026-09-09 20:59:22 +0200: Memory Usage (465368K) : metal5_iprobe has 0 polygons
2026-09-09 20:59:22 +0200: Memory Usage (465528K) : metal5_diffprb has 0 polygons
2026-09-09 20:59:22 +0200: Memory Usage (465528K) : radhard_drw has 0 polygons
2026-09-09 20:59:22 +0200: Memory Usage (465528K) : memcap_drw has 0 polygons
2026-09-09 20:59:22 +0200: Memory Usage (465688K) : varicap_drw has 0 polygons
2026-09-09 20:59:22 +0200: Memory Usage (465688K) : flash_drw has 0 polygons
2026-09-09 20:59:22 +0200: Memory Usage (465688K) : intbondvia_drw has 0 polygons
2026-09-09 20:59:22 +0200: Memory Usage (465848K) : intbondmet_drw has 0 polygons
2026-09-09 20:59:22 +0200: Memory Usage (465848K) : devbondvia_drw has 0 polygons
2026-09-09 20:59:22 +0200: Memory Usage (465848K) : devbondmet_drw has 0 polygons
2026-09-09 20:59:22 +0200: Memory Usage (466008K) : devtrench_drw has 0 polygons
2026-09-09 20:59:22 +0200: Memory Usage (466008K) : redist_drw has 0 polygons
2026-09-09 20:59:22 +0200: Memory Usage (466008K) : graphbot_drw has 0 polygons
2026-09-09 20:59:22 +0200: Memory Usage (466168K) : graphtop_drw has 0 polygons
2026-09-09 20:59:22 +0200: Memory Usage (466168K) : antvia1_drw has 0 polygons
2026-09-09 20:59:22 +0200: Memory Usage (466168K) : antmetal2_drw has 0 polygons
2026-09-09 20:59:22 +0200: Memory Usage (466328K) : graphcont_drw has 0 polygons
2026-09-09 20:59:22 +0200: Memory Usage (466328K) : siwg_drw has 0 polygons
2026-09-09 20:59:22 +0200: Memory Usage (466328K) : siwg_filler has 0 polygons
2026-09-09 20:59:22 +0200: Memory Usage (466488K) : siwg_nofill has 0 polygons
2026-09-09 20:59:22 +0200: Memory Usage (466488K) : sigrating_drw has 0 polygons
2026-09-09 20:59:22 +0200: Memory Usage (466488K) : singrating_drw has 0 polygons
2026-09-09 20:59:22 +0200: Memory Usage (466648K) : graphpas_drw has 0 polygons
2026-09-09 20:59:22 +0200: Memory Usage (466648K) : emwind3_drw has 0 polygons
2026-09-09 20:59:22 +0200: Memory Usage (466648K) : emwihv3_drw has 0 polygons
2026-09-09 20:59:22 +0200: Memory Usage (466648K) : redbulay_drw has 0 polygons
2026-09-09 20:59:22 +0200: Memory Usage (466648K) : smos_drw has 0 polygons
2026-09-09 20:59:22 +0200: Memory Usage (466808K) : graphpad_drw has 0 polygons
2026-09-09 20:59:22 +0200: Memory Usage (466808K) : polimide_drw has 0 polygons
2026-09-09 20:59:22 +0200: Memory Usage (466808K) : polimide_pin has 0 polygons
2026-09-09 20:59:22 +0200: Memory Usage (466808K) : recog_drw has 0 polygons
2026-09-09 20:59:22 +0200: Memory Usage (466968K) : recog_pin has 0 polygons
2026-09-09 20:59:22 +0200: Memory Usage (466968K) : recog_esd has 0 polygons
2026-09-09 20:59:22 +0200: Memory Usage (466968K) : recog_diode has 0 polygons
2026-09-09 20:59:22 +0200: Memory Usage (467128K) : recog_tsv has 0 polygons
2026-09-09 20:59:22 +0200: Memory Usage (467128K) : recog_iprobe has 0 polygons
2026-09-09 20:59:22 +0200: Memory Usage (467128K) : recog_diffprb has 0 polygons
2026-09-09 20:59:22 +0200: Memory Usage (467288K) : recog_pillar has 0 polygons
2026-09-09 20:59:22 +0200: Memory Usage (467288K) : recog_sbump has 0 polygons
2026-09-09 20:59:22 +0200: Memory Usage (467288K) : recog_otp has 0 polygons
2026-09-09 20:59:22 +0200: Memory Usage (467448K) : recog_pdiode has 0 polygons
2026-09-09 20:59:22 +0200: Memory Usage (467448K) : recog_mom has 0 polygons
2026-09-09 20:59:22 +0200: Memory Usage (467448K) : recog_pcm has 0 polygons
2026-09-09 20:59:22 +0200: Memory Usage (467608K) : colopen_drw has 0 polygons
2026-09-09 20:59:22 +0200: Memory Usage (467608K) : graphmetal1_drw has 0 polygons
2026-09-09 20:59:22 +0200: Memory Usage (467608K) : graphmetal1_filler has 0 polygons
2026-09-09 20:59:22 +0200: Memory Usage (467768K) : graphmetal1_nofill has 0 polygons
2026-09-09 20:59:22 +0200: Memory Usage (467768K) : graphmetal1_slit has 0 polygons
2026-09-09 20:59:22 +0200: Memory Usage (467768K) : graphmetal1_opc has 0 polygons
2026-09-09 20:59:22 +0200: Memory Usage (467928K) : graphmet1l_drw has 0 polygons
2026-09-09 20:59:22 +0200: Memory Usage (467928K) : graphmet1l_filler has 0 polygons
2026-09-09 20:59:22 +0200: Memory Usage (467928K) : graphmet1l_nofill has 0 polygons
2026-09-09 20:59:22 +0200: Memory Usage (468088K) : graphmet1l_slit has 0 polygons
2026-09-09 20:59:22 +0200: Memory Usage (468088K) : graphmet1l_opc has 0 polygons
2026-09-09 20:59:22 +0200: Memory Usage (468088K) : extblock_drw has 0 polygons
2026-09-09 20:59:22 +0200: Memory Usage (468248K) : nldd_drw has 0 polygons
2026-09-09 20:59:22 +0200: Memory Usage (468248K) : pldd_drw has 0 polygons
2026-09-09 20:59:22 +0200: Memory Usage (468248K) : next_drw has 0 polygons
2026-09-09 20:59:22 +0200: Memory Usage (468408K) : pext_drw has 0 polygons
2026-09-09 20:59:22 +0200: Memory Usage (468408K) : nexthv_drw has 0 polygons
2026-09-09 20:59:22 +0200: Memory Usage (468408K) : pexthv_drw has 0 polygons
2026-09-09 20:59:22 +0200: Memory Usage (468568K) : graphgate_drw has 0 polygons
2026-09-09 20:59:22 +0200: Memory Usage (468568K) : sinwg_drw has 0 polygons
2026-09-09 20:59:22 +0200: Memory Usage (468568K) : sinwg_filler has 0 polygons
2026-09-09 20:59:22 +0200: Memory Usage (468728K) : sinwg_nofill has 0 polygons
2026-09-09 20:59:22 +0200: Memory Usage (468728K) : mempad_drw has 0 polygons
2026-09-09 20:59:22 +0200: Memory Usage (468728K) : topvia1_drw has 0 polygons
2026-09-09 20:59:22 +0200: Memory Usage (468728K) : topmetal1_drw has 0 polygons
2026-09-09 20:59:22 +0200: Memory Usage (468728K) : topmetal1_pin has 0 polygons
2026-09-09 20:59:22 +0200: Memory Usage (468728K) : topmetal1_mask has 0 polygons
2026-09-09 20:59:22 +0200: Memory Usage (468728K) : topmetal1_filler has 0 polygons
2026-09-09 20:59:22 +0200: Memory Usage (468728K) : topmetal1_nofill has 0 polygons
2026-09-09 20:59:22 +0200: Memory Usage (468728K) : topmetal1_slit has 0 polygons
2026-09-09 20:59:22 +0200: Memory Usage (468888K) : topmetal1_text has 0 polygons
2026-09-09 20:59:22 +0200: Memory Usage (468888K) : topmetal1_noqrc has 0 polygons
2026-09-09 20:59:22 +0200: Memory Usage (468888K) : topmetal1_res has 0 polygons
2026-09-09 20:59:22 +0200: Memory Usage (469048K) : topmetal1_iprobe has 0 polygons
2026-09-09 20:59:22 +0200: Memory Usage (469048K) : topmetal1_diffprb has 0 polygons
2026-09-09 20:59:22 +0200: Memory Usage (469048K) : inldpwl_drw has 0 polygons
2026-09-09 20:59:22 +0200: Memory Usage (469208K) : polyres_drw has 0 polygons
2026-09-09 20:59:22 +0200: Memory Usage (469208K) : polyres_pin has 0 polygons
2026-09-09 20:59:22 +0200: Memory Usage (469208K) : vmim_drw has 0 polygons
2026-09-09 20:59:22 +0200: Memory Usage (469368K) : nbulaycut_drw has 0 polygons
2026-09-09 20:59:22 +0200: Memory Usage (469368K) : antmetal1_drw has 0 polygons
2026-09-09 20:59:22 +0200: Memory Usage (469368K) : topvia2_drw has 0 polygons
2026-09-09 20:59:22 +0200: Memory Usage (469528K) : topmetal2_drw has 0 polygons
2026-09-09 20:59:22 +0200: Memory Usage (469528K) : topmetal2_pin has 0 polygons
2026-09-09 20:59:22 +0200: Memory Usage (469528K) : topmetal2_mask has 0 polygons
2026-09-09 20:59:22 +0200: Memory Usage (469688K) : topmetal2_filler has 0 polygons
2026-09-09 20:59:22 +0200: Memory Usage (469688K) : topmetal2_nofill has 0 polygons
2026-09-09 20:59:22 +0200: Memory Usage (469688K) : topmetal2_slit has 0 polygons
2026-09-09 20:59:22 +0200: Memory Usage (469848K) : topmetal2_text has 0 polygons
2026-09-09 20:59:22 +0200: Memory Usage (469848K) : topmetal2_noqrc has 0 polygons
2026-09-09 20:59:22 +0200: Memory Usage (469848K) : topmetal2_res has 0 polygons
2026-09-09 20:59:22 +0200: Memory Usage (470008K) : topmetal2_iprobe has 0 polygons
2026-09-09 20:59:22 +0200: Memory Usage (470008K) : topmetal2_diffprb has 0 polygons
2026-09-09 20:59:22 +0200: Memory Usage (470008K) : snsring_drw has 0 polygons
2026-09-09 20:59:22 +0200: Memory Usage (470168K) : sensor_drw has 0 polygons
2026-09-09 20:59:22 +0200: Memory Usage (470168K) : snsarms_drw has 0 polygons
2026-09-09 20:59:22 +0200: Memory Usage (470168K) : snscmosvia_drw has 0 polygons
2026-09-09 20:59:22 +0200: Memory Usage (470328K) : colwind_drw has 0 polygons
2026-09-09 20:59:22 +0200: Memory Usage (470328K) : flm_drw has 0 polygons
2026-09-09 20:59:22 +0200: Memory Usage (470328K) : hafniumox_drw has 0 polygons
2026-09-09 20:59:22 +0200: Memory Usage (470488K) : memvia_drw has 0 polygons
2026-09-09 20:59:22 +0200: Memory Usage (470488K) : thinfilmres_drw has 0 polygons
2026-09-09 20:59:22 +0200: Memory Usage (470488K) : rfmem_drw has 0 polygons
2026-09-09 20:59:22 +0200: Memory Usage (470648K) : norcx_drw has 0 polygons
2026-09-09 20:59:22 +0200: Memory Usage (470648K) : norcx_m2m3 has 0 polygons
2026-09-09 20:59:22 +0200: Memory Usage (470648K) : norcx_m2m4 has 0 polygons
2026-09-09 20:59:22 +0200: Memory Usage (470808K) : norcx_m2m5 has 0 polygons
2026-09-09 20:59:22 +0200: Memory Usage (470808K) : norcx_m2tm1 has 0 polygons
2026-09-09 20:59:22 +0200: Memory Usage (470808K) : norcx_m2tm2 has 0 polygons
2026-09-09 20:59:22 +0200: Memory Usage (470968K) : norcx_m3m4 has 0 polygons
2026-09-09 20:59:22 +0200: Memory Usage (470968K) : norcx_m3m5 has 0 polygons
2026-09-09 20:59:22 +0200: Memory Usage (470968K) : norcx_m3tm1 has 0 polygons
2026-09-09 20:59:22 +0200: Memory Usage (471128K) : norcx_m3tm2 has 0 polygons
2026-09-09 20:59:22 +0200: Memory Usage (471128K) : norcx_m4m5 has 0 polygons
2026-09-09 20:59:22 +0200: Memory Usage (471128K) : norcx_m4tm1 has 0 polygons
2026-09-09 20:59:22 +0200: Memory Usage (471288K) : norcx_m4tm2 has 0 polygons
2026-09-09 20:59:22 +0200: Memory Usage (471288K) : norcx_m5tm1 has 0 polygons
2026-09-09 20:59:22 +0200: Memory Usage (471288K) : norcx_m5tm2 has 0 polygons
2026-09-09 20:59:22 +0200: Memory Usage (471448K) : norcx_tm1tm2 has 0 polygons
2026-09-09 20:59:22 +0200: Memory Usage (471448K) : norcx_m1sub has 0 polygons
2026-09-09 20:59:22 +0200: Memory Usage (471448K) : norcx_m2sub has 0 polygons
2026-09-09 20:59:22 +0200: Memory Usage (471608K) : norcx_m3sub has 0 polygons
2026-09-09 20:59:22 +0200: Memory Usage (471608K) : norcx_m4sub has 0 polygons
2026-09-09 20:59:22 +0200: Memory Usage (471608K) : norcx_m5sub has 0 polygons
2026-09-09 20:59:22 +0200: Memory Usage (471768K) : norcx_tm1sub has 0 polygons
2026-09-09 20:59:22 +0200: Memory Usage (471768K) : norcx_tm2sub has 0 polygons
2026-09-09 20:59:22 +0200: Memory Usage (471768K) : snsbotvia_drw has 0 polygons
2026-09-09 20:59:22 +0200: Memory Usage (471928K) : snstopvia_drw has 0 polygons
2026-09-09 20:59:22 +0200: Memory Usage (471928K) : deepvia_drw has 0 polygons
2026-09-09 20:59:22 +0200: Memory Usage (471928K) : fgetch_drw has 0 polygons
2026-09-09 20:59:22 +0200: Memory Usage (472088K) : ctrgat_drw has 0 polygons
2026-09-09 20:59:22 +0200: Memory Usage (472088K) : fgimp_drw has 0 polygons
2026-09-09 20:59:22 +0200: Memory Usage (472088K) : emwihv_drw has 0 polygons
2026-09-09 20:59:22 +0200: Memory Usage (472248K) : lbe_drw has 0 polygons
2026-09-09 20:59:22 +0200: Memory Usage (472248K) : alcustop_drw has 0 polygons
2026-09-09 20:59:22 +0200: Memory Usage (472248K) : nometfiller_drw has 0 polygons
2026-09-09 20:59:22 +0200: Memory Usage (472408K) : prboundary_drw has 0 polygons
2026-09-09 20:59:22 +0200: Memory Usage (472408K) : exchange0_drw has 0 polygons
2026-09-09 20:59:22 +0200: Memory Usage (472408K) : exchange0_pin has 0 polygons
2026-09-09 20:59:22 +0200: Memory Usage (472568K) : exchange0_text has 0 polygons
2026-09-09 20:59:22 +0200: Memory Usage (472568K) : exchange1_drw has 0 polygons
2026-09-09 20:59:22 +0200: Memory Usage (472568K) : exchange1_pin has 0 polygons
2026-09-09 20:59:22 +0200: Memory Usage (472728K) : exchange1_text has 0 polygons
2026-09-09 20:59:22 +0200: Memory Usage (472728K) : exchange2_drw has 0 polygons
2026-09-09 20:59:22 +0200: Memory Usage (472728K) : exchange2_pin has 0 polygons
2026-09-09 20:59:22 +0200: Memory Usage (472888K) : exchange2_text has 0 polygons
2026-09-09 20:59:22 +0200: Memory Usage (472888K) : exchange3_drw has 0 polygons
2026-09-09 20:59:22 +0200: Memory Usage (472888K) : exchange3_pin has 0 polygons
2026-09-09 20:59:22 +0200: Memory Usage (473048K) : exchange3_text has 0 polygons
2026-09-09 20:59:22 +0200: Memory Usage (473048K) : exchange4_drw has 0 polygons
2026-09-09 20:59:22 +0200: Memory Usage (473048K) : exchange4_pin has 0 polygons
2026-09-09 20:59:22 +0200: Memory Usage (473208K) : exchange4_text has 0 polygons
2026-09-09 20:59:22 +0200: Memory Usage (473208K) : isonwell_drw has 0 polygons
2026-09-09 20:59:22 +0200: Memory Usage (473208K) : Total no. of polygons in the design is 97
2026-09-09 20:59:22 +0200: Memory Usage (473208K) : Loaded TECH DRC rules values from /foss/pdks/ihp-sg13g2/libs.tech/klayout/python/sg13g2_pycell_lib/sg13g2_tech_mod.json
2026-09-09 20:59:22 +0200: Memory Usage (473208K) : Loaded default DRC rules values from /foss/pdks/ihp-sg13g2/libs.tech/klayout/tech/drc/rule_decks/sg13g2_tech_default.json
2026-09-09 20:59:22 +0200: Memory Usage (473208K) : The following rules values were missing in tech json and default values were used:
2026-09-09 20:59:22 +0200: Memory Usage (473208K) :   - NW_f1_digibnd
2026-09-09 20:59:22 +0200: Memory Usage (473208K) :   - Cnt_c_digibnd
2026-09-09 20:59:22 +0200: Memory Usage (473208K) :   - Cnt_c_sram
2026-09-09 20:59:22 +0200: Memory Usage (473208K) :   - Sdiod_b
2026-09-09 20:59:22 +0200: Memory Usage (473208K) :   - Sdiod_c
2026-09-09 20:59:22 +0200: Memory Usage (474360K) : Total area of the design is 21.072 um^2.
2026-09-09 20:59:22 +0200: Memory Usage (474360K) : The design dimensions are 4.800000000000001 µm * 4.39 µm.
2026-09-09 20:59:22 +0200: Memory Usage (474360K) : Starting general IHP-SG13G2 derivations.
2026-09-09 20:59:22 +0200: Memory Usage (474360K) : Starting Pwell derivations
2026-09-09 20:59:22 +0200: Memory Usage (475872K) : Starting IHP-SG13G2 DRC rules.
2026-09-09 20:59:22 +0200: Memory Usage (475872K) : Starting 7.4. PIN table
2026-09-09 20:59:22 +0200: Memory Usage (475872K) : Executing rule Pin.a
2026-09-09 20:59:22 +0200: Memory Usage (475872K) : Executing rule Pin.b
2026-09-09 20:59:22 +0200: Memory Usage (475872K) : Executing rule Pin.e
2026-09-09 20:59:22 +0200: Memory Usage (476032K) : Executing rule Pin.f_M2
2026-09-09 20:59:22 +0200: Memory Usage (476032K) : Executing rule Pin.f_M3
2026-09-09 20:59:22 +0200: Memory Usage (476032K) : Executing rule Pin.f_M4
2026-09-09 20:59:22 +0200: Memory Usage (476192K) : Executing rule Pin.f_M5
2026-09-09 20:59:22 +0200: Memory Usage (476192K) : Executing rule Pin.g
2026-09-09 20:59:22 +0200: Memory Usage (476192K) : Executing rule Pin.h
2026-09-09 20:59:22 +0200: Memory Usage (476192K) : KLayout DRC run for tables 'pin' completed in 0.13 seconds
