# Logfile created on 2026-09-09 20:59:22 +0200 by logger.rb/v1.5.3
2026-09-09 20:59:22 +0200: Memory Usage (456700K) : Starting running IHP-SG13G2 KLayout DRC runset on /foss/designs/aion_chip/flow/regress/AION_a21oi_nor2_1/baseline/reference_AION_a21oi_nor2_1.gds
2026-09-09 20:59:22 +0200: Memory Usage (456700K) : Ruby Version for klayout: 3.2.3
2026-09-09 20:59:22 +0200: Memory Usage (457660K) : Loading database to memory is complete.
2026-09-09 20:59:22 +0200: Memory Usage (457660K) : IHP-SG13G2 KLayout DRC runset output at: /foss/designs/aion_chip/flow/regress/AION_a21oi_nor2_1/baseline/drc/reference_AION_a21oi_nor2_1.klayout.drc/reference_AION_a21oi_nor2_1_reference_AION_a21oi_nor2_1_offgrid.lyrdb
2026-09-09 20:59:22 +0200: Memory Usage (457660K) : Evaluate switches.
2026-09-09 20:59:22 +0200: Memory Usage (457660K) : tables selected: offgrid
2026-09-09 20:59:22 +0200: Memory Usage (457660K) : KLayout will use 15 thread(s) in tiling mode.
2026-09-09 20:59:22 +0200: Memory Usage (457660K) : deep mode is enabled.
2026-09-09 20:59:22 +0200: Memory Usage (457660K) : FEOL enabled: false
2026-09-09 20:59:22 +0200: Memory Usage (457660K) : BEOL enabled: false
2026-09-09 20:59:22 +0200: Memory Usage (457660K) : OFFGRID enabled: true
2026-09-09 20:59:22 +0200: Memory Usage (457660K) : ANGLE enabled: true
2026-09-09 20:59:22 +0200: Memory Usage (457660K) : PIN enabled: false
2026-09-09 20:59:22 +0200: Memory Usage (457660K) : FORBIDDEN enabled: false
2026-09-09 20:59:22 +0200: Memory Usage (457660K) : RECOMMENDED enabled: true
2026-09-09 20:59:22 +0200: Memory Usage (457660K) : PreCheck DRC enabled: false
2026-09-09 20:59:22 +0200: Memory Usage (457660K) : CONNECTIVITY_RULES enabled: false.
2026-09-09 20:59:22 +0200: Memory Usage (457660K) : Read in polygons from layers.
2026-09-09 20:59:22 +0200: Memory Usage (458800K) : activ_drw has 6 polygons
2026-09-09 20:59:22 +0200: Memory Usage (458800K) : activ_pin has 0 polygons
2026-09-09 20:59:22 +0200: Memory Usage (458800K) : activ_mask has 0 polygons
2026-09-09 20:59:22 +0200: Memory Usage (458800K) : activ_filler has 0 polygons
2026-09-09 20:59:22 +0200: Memory Usage (458800K) : activ_nofill has 0 polygons
2026-09-09 20:59:22 +0200: Memory Usage (458800K) : activ_opc has 0 polygons
2026-09-09 20:59:22 +0200: Memory Usage (458800K) : activ_iopc has 0 polygons
2026-09-09 20:59:22 +0200: Memory Usage (458800K) : activ_noqrc has 0 polygons
2026-09-09 20:59:22 +0200: Memory Usage (458800K) : biwind_drw has 0 polygons
2026-09-09 20:59:22 +0200: Memory Usage (458800K) : biwind_opc has 0 polygons
2026-09-09 20:59:22 +0200: Memory Usage (458800K) : pemwind_drw has 0 polygons
2026-09-09 20:59:22 +0200: Memory Usage (458992K) : gatpoly_drw has 5 polygons
2026-09-09 20:59:22 +0200: Memory Usage (458992K) : gatpoly_pin has 0 polygons
2026-09-09 20:59:22 +0200: Memory Usage (458992K) : gatpoly_filler has 0 polygons
2026-09-09 20:59:22 +0200: Memory Usage (459152K) : gatpoly_nofill has 0 polygons
2026-09-09 20:59:22 +0200: Memory Usage (459152K) : gatpoly_opc has 0 polygons
2026-09-09 20:59:22 +0200: Memory Usage (459152K) : gatpoly_iopc has 0 polygons
2026-09-09 20:59:22 +0200: Memory Usage (459152K) : gatpoly_noqrc has 0 polygons
2026-09-09 20:59:22 +0200: Memory Usage (459152K) : cont_drw has 49 polygons
2026-09-09 20:59:22 +0200: Memory Usage (459312K) : cont_opc has 0 polygons
2026-09-09 20:59:22 +0200: Memory Usage (459312K) : nsd_drw has 0 polygons
2026-09-09 20:59:22 +0200: Memory Usage (459312K) : nsd_block has 0 polygons
2026-09-09 20:59:22 +0200: Memory Usage (459504K) : metal1_drw has 16 polygons
2026-09-09 20:59:22 +0200: Memory Usage (459504K) : metal1_pin has 7 polygons
2026-09-09 20:59:22 +0200: Memory Usage (459504K) : metal1_mask has 0 polygons
2026-09-09 20:59:22 +0200: Memory Usage (459504K) : metal1_filler has 0 polygons
2026-09-09 20:59:22 +0200: Memory Usage (459664K) : metal1_nofill has 0 polygons
2026-09-09 20:59:22 +0200: Memory Usage (459664K) : metal1_slit has 0 polygons
2026-09-09 20:59:22 +0200: Memory Usage (459856K) : metal1_text has 7 polygons
2026-09-09 20:59:22 +0200: Memory Usage (460016K) : metal1_opc has 0 polygons
2026-09-09 20:59:22 +0200: Memory Usage (460016K) : metal1_noqrc has 0 polygons
2026-09-09 20:59:22 +0200: Memory Usage (460016K) : metal1_res has 0 polygons
2026-09-09 20:59:22 +0200: Memory Usage (460176K) : metal1_iprobe has 0 polygons
2026-09-09 20:59:22 +0200: Memory Usage (460176K) : metal1_diffprb has 0 polygons
2026-09-09 20:59:22 +0200: Memory Usage (460176K) : passiv_drw has 0 polygons
2026-09-09 20:59:22 +0200: Memory Usage (460336K) : passiv_pin has 0 polygons
2026-09-09 20:59:22 +0200: Memory Usage (460336K) : passiv_sbump has 0 polygons
2026-09-09 20:59:22 +0200: Memory Usage (460336K) : passiv_pillar has 0 polygons
2026-09-09 20:59:22 +0200: Memory Usage (460496K) : passiv_pdl has 0 polygons
2026-09-09 20:59:22 +0200: Memory Usage (460496K) : metal2_drw has 2 polygons
2026-09-09 20:59:22 +0200: Memory Usage (460496K) : metal2_pin has 0 polygons
2026-09-09 20:59:22 +0200: Memory Usage (460496K) : metal2_mask has 0 polygons
2026-09-09 20:59:22 +0200: Memory Usage (460496K) : metal2_filler has 0 polygons
2026-09-09 20:59:22 +0200: Memory Usage (460496K) : metal2_nofill has 0 polygons
2026-09-09 20:59:22 +0200: Memory Usage (460496K) : metal2_slit has 0 polygons
2026-09-09 20:59:22 +0200: Memory Usage (460496K) : metal2_text has 0 polygons
2026-09-09 20:59:22 +0200: Memory Usage (460496K) : metal2_opc has 0 polygons
2026-09-09 20:59:22 +0200: Memory Usage (460656K) : metal2_noqrc has 0 polygons
2026-09-09 20:59:22 +0200: Memory Usage (460656K) : metal2_res has 0 polygons
2026-09-09 20:59:22 +0200: Memory Usage (460656K) : metal2_iprobe has 0 polygons
2026-09-09 20:59:22 +0200: Memory Usage (460656K) : metal2_diffprb has 0 polygons
2026-09-09 20:59:22 +0200: Memory Usage (460656K) : baspoly_drw has 0 polygons
2026-09-09 20:59:22 +0200: Memory Usage (460816K) : baspoly_pin has 0 polygons
2026-09-09 20:59:22 +0200: Memory Usage (460816K) : psd_drw has 2 polygons
2026-09-09 20:59:22 +0200: Memory Usage (460816K) : nldb_drw has 0 polygons
2026-09-09 20:59:22 +0200: Memory Usage (460976K) : digibnd_drw has 0 polygons
2026-09-09 20:59:22 +0200: Memory Usage (460976K) : via1_drw has 2 polygons
2026-09-09 20:59:22 +0200: Memory Usage (460976K) : backmetal1_drw has 0 polygons
2026-09-09 20:59:22 +0200: Memory Usage (461136K) : backmetal1_pin has 0 polygons
2026-09-09 20:59:22 +0200: Memory Usage (461136K) : backmetal1_mask has 0 polygons
2026-09-09 20:59:22 +0200: Memory Usage (461296K) : backmetal1_filler has 0 polygons
2026-09-09 20:59:22 +0200: Memory Usage (461296K) : backmetal1_nofill has 0 polygons
2026-09-09 20:59:22 +0200: Memory Usage (461296K) : backmetal1_slit has 0 polygons
2026-09-09 20:59:22 +0200: Memory Usage (461296K) : backmetal1_text has 0 polygons
2026-09-09 20:59:22 +0200: Memory Usage (461456K) : backmetal1_opc has 0 polygons
2026-09-09 20:59:22 +0200: Memory Usage (461456K) : backmetal1_noqrc has 0 polygons
2026-09-09 20:59:22 +0200: Memory Usage (461616K) : backmetal1_res has 0 polygons
2026-09-09 20:59:22 +0200: Memory Usage (461616K) : backmetal1_iprobe has 0 polygons
2026-09-09 20:59:22 +0200: Memory Usage (461776K) : backmetal1_diffprb has 0 polygons
2026-09-09 20:59:22 +0200: Memory Usage (461776K) : backpassiv_drw has 0 polygons
2026-09-09 20:59:22 +0200: Memory Usage (461936K) : res_drw has 0 polygons
2026-09-09 20:59:22 +0200: Memory Usage (461936K) : sram_drw has 0 polygons
2026-09-09 20:59:22 +0200: Memory Usage (461936K) : trans_drw has 0 polygons
2026-09-09 20:59:22 +0200: Memory Usage (462096K) : ind_drw has 0 polygons
2026-09-09 20:59:22 +0200: Memory Usage (462096K) : ind_pin has 0 polygons
2026-09-09 20:59:22 +0200: Memory Usage (462096K) : ind_text has 0 polygons
2026-09-09 20:59:22 +0200: Memory Usage (462256K) : salblock_drw has 0 polygons
2026-09-09 20:59:22 +0200: Memory Usage (462256K) : via2_drw has 0 polygons
2026-09-09 20:59:22 +0200: Memory Usage (462256K) : metal3_drw has 0 polygons
2026-09-09 20:59:22 +0200: Memory Usage (462416K) : metal3_pin has 0 polygons
2026-09-09 20:59:22 +0200: Memory Usage (462416K) : metal3_mask has 0 polygons
2026-09-09 20:59:22 +0200: Memory Usage (462416K) : metal3_filler has 0 polygons
2026-09-09 20:59:22 +0200: Memory Usage (462576K) : metal3_nofill has 0 polygons
2026-09-09 20:59:22 +0200: Memory Usage (462576K) : metal3_slit has 0 polygons
2026-09-09 20:59:22 +0200: Memory Usage (462576K) : metal3_text has 0 polygons
2026-09-09 20:59:22 +0200: Memory Usage (462736K) : metal3_opc has 0 polygons
2026-09-09 20:59:22 +0200: Memory Usage (462896K) : metal3_noqrc has 0 polygons
2026-09-09 20:59:22 +0200: Memory Usage (462896K) : metal3_res has 0 polygons
2026-09-09 20:59:22 +0200: Memory Usage (462896K) : metal3_iprobe has 0 polygons
2026-09-09 20:59:22 +0200: Memory Usage (462896K) : metal3_diffprb has 0 polygons
2026-09-09 20:59:22 +0200: Memory Usage (463056K) : nwell_drw has 1 polygons
2026-09-09 20:59:22 +0200: Memory Usage (463056K) : nwell_pin has 0 polygons
2026-09-09 20:59:22 +0200: Memory Usage (463056K) : nbulay_drw has 0 polygons
2026-09-09 20:59:22 +0200: Memory Usage (463056K) : nbulay_pin has 0 polygons
2026-09-09 20:59:22 +0200: Memory Usage (463216K) : nbulay_block has 0 polygons
2026-09-09 20:59:22 +0200: Memory Usage (463216K) : emwind_drw has 0 polygons
2026-09-09 20:59:22 +0200: Memory Usage (463216K) : emwind_opc has 0 polygons
2026-09-09 20:59:22 +0200: Memory Usage (463216K) : deepco_drw has 0 polygons
2026-09-09 20:59:22 +0200: Memory Usage (463376K) : deepco_drw has 0 polygons
2026-09-09 20:59:22 +0200: Memory Usage (463376K) : mim_drw has 0 polygons
2026-09-09 20:59:22 +0200: Memory Usage (463376K) : edgeseal_drw has 0 polygons
2026-09-09 20:59:22 +0200: Memory Usage (463376K) : edgeseal_bound has 0 polygons
2026-09-09 20:59:22 +0200: Memory Usage (463376K) : substrate_drw has 0 polygons
2026-09-09 20:59:22 +0200: Memory Usage (463536K) : substrate_text has 0 polygons
2026-09-09 20:59:22 +0200: Memory Usage (463536K) : dfpad_drw has 0 polygons
2026-09-09 20:59:22 +0200: Memory Usage (463536K) : dfpad_pillar has 0 polygons
2026-09-09 20:59:22 +0200: Memory Usage (463536K) : dfpad_sbump has 0 polygons
2026-09-09 20:59:22 +0200: Memory Usage (463696K) : thickgateox_drw has 0 polygons
2026-09-09 20:59:22 +0200: Memory Usage (463696K) : pldb_drw has 0 polygons
2026-09-09 20:59:22 +0200: Memory Usage (463696K) : pwell_drw has 0 polygons
2026-09-09 20:59:22 +0200: Memory Usage (463856K) : pwell_pin has 0 polygons
2026-09-09 20:59:22 +0200: Memory Usage (463856K) : pwell_block has 0 polygons
2026-09-09 20:59:22 +0200: Memory Usage (464016K) : ic_drw has 0 polygons
2026-09-09 20:59:22 +0200: Memory Usage (464016K) : via3_drw has 0 polygons
2026-09-09 20:59:22 +0200: Memory Usage (464016K) : metal4_drw has 0 polygons
2026-09-09 20:59:22 +0200: Memory Usage (464176K) : metal4_pin has 0 polygons
2026-09-09 20:59:22 +0200: Memory Usage (464176K) : metal4_mask has 0 polygons
2026-09-09 20:59:22 +0200: Memory Usage (464176K) : metal4_filler has 0 polygons
2026-09-09 20:59:22 +0200: Memory Usage (464336K) : metal4_nofill has 0 polygons
2026-09-09 20:59:22 +0200: Memory Usage (464336K) : metal4_slit has 0 polygons
2026-09-09 20:59:22 +0200: Memory Usage (464336K) : metal4_text has 0 polygons
2026-09-09 20:59:22 +0200: Memory Usage (464496K) : metal4_opc has 0 polygons
2026-09-09 20:59:22 +0200: Memory Usage (464496K) : metal4_noqrc has 0 polygons
2026-09-09 20:59:22 +0200: Memory Usage (464496K) : metal4_res has 0 polygons
2026-09-09 20:59:22 +0200: Memory Usage (464656K) : metal4_iprobe has 0 polygons
2026-09-09 20:59:22 +0200: Memory Usage (464656K) : metal4_diffprb has 0 polygons
2026-09-09 20:59:22 +0200: Memory Usage (464656K) : heattrans_drw has 0 polygons
2026-09-09 20:59:22 +0200: Memory Usage (464816K) : heatres_drw has 0 polygons
2026-09-09 20:59:22 +0200: Memory Usage (464816K) : pempoly_drw has 0 polygons
2026-09-09 20:59:22 +0200: Memory Usage (464816K) : fbe_drw has 0 polygons
2026-09-09 20:59:22 +0200: Memory Usage (464976K) : empoly_drw has 0 polygons
2026-09-09 20:59:22 +0200: Memory Usage (464976K) : ldmos_drw has 0 polygons
2026-09-09 20:59:22 +0200: Memory Usage (464976K) : pbiwind_drw has 0 polygons
2026-09-09 20:59:22 +0200: Memory Usage (464976K) : digisub_drw has 0 polygons
2026-09-09 20:59:22 +0200: Memory Usage (465136K) : nodrc_drw has 0 polygons
2026-09-09 20:59:22 +0200: Memory Usage (465136K) : text_drw has 0 polygons
2026-09-09 20:59:22 +0200: Memory Usage (465136K) : via4_drw has 0 polygons
2026-09-09 20:59:22 +0200: Memory Usage (465136K) : metal5_drw has 0 polygons
2026-09-09 20:59:22 +0200: Memory Usage (465296K) : metal5_pin has 0 polygons
2026-09-09 20:59:22 +0200: Memory Usage (465296K) : metal5_mask has 0 polygons
2026-09-09 20:59:22 +0200: Memory Usage (465296K) : metal5_filler has 0 polygons
2026-09-09 20:59:22 +0200: Memory Usage (465456K) : metal5_nofill has 0 polygons
2026-09-09 20:59:22 +0200: Memory Usage (465456K) : metal5_slit has 0 polygons
2026-09-09 20:59:22 +0200: Memory Usage (465456K) : metal5_text has 0 polygons
2026-09-09 20:59:22 +0200: Memory Usage (465616K) : metal5_opc has 0 polygons
2026-09-09 20:59:22 +0200: Memory Usage (465616K) : metal5_noqrc has 0 polygons
2026-09-09 20:59:22 +0200: Memory Usage (465616K) : metal5_res has 0 polygons
2026-09-09 20:59:22 +0200: Memory Usage (465776K) : metal5_iprobe has 0 polygons
2026-09-09 20:59:22 +0200: Memory Usage (465776K) : metal5_diffprb has 0 polygons
2026-09-09 20:59:22 +0200: Memory Usage (465776K) : radhard_drw has 0 polygons
2026-09-09 20:59:22 +0200: Memory Usage (465936K) : memcap_drw has 0 polygons
2026-09-09 20:59:22 +0200: Memory Usage (465936K) : varicap_drw has 0 polygons
2026-09-09 20:59:22 +0200: Memory Usage (465936K) : flash_drw has 0 polygons
2026-09-09 20:59:22 +0200: Memory Usage (466096K) : intbondvia_drw has 0 polygons
2026-09-09 20:59:22 +0200: Memory Usage (466096K) : intbondmet_drw has 0 polygons
2026-09-09 20:59:22 +0200: Memory Usage (466096K) : devbondvia_drw has 0 polygons
2026-09-09 20:59:22 +0200: Memory Usage (466256K) : devbondmet_drw has 0 polygons
2026-09-09 20:59:22 +0200: Memory Usage (466256K) : devtrench_drw has 0 polygons
2026-09-09 20:59:22 +0200: Memory Usage (466256K) : redist_drw has 0 polygons
2026-09-09 20:59:22 +0200: Memory Usage (466416K) : graphbot_drw has 0 polygons
2026-09-09 20:59:22 +0200: Memory Usage (466416K) : graphtop_drw has 0 polygons
2026-09-09 20:59:22 +0200: Memory Usage (466416K) : antvia1_drw has 0 polygons
2026-09-09 20:59:22 +0200: Memory Usage (466576K) : antmetal2_drw has 0 polygons
2026-09-09 20:59:22 +0200: Memory Usage (466576K) : graphcont_drw has 0 polygons
2026-09-09 20:59:22 +0200: Memory Usage (466576K) : siwg_drw has 0 polygons
2026-09-09 20:59:22 +0200: Memory Usage (466736K) : siwg_filler has 0 polygons
2026-09-09 20:59:22 +0200: Memory Usage (466736K) : siwg_nofill has 0 polygons
2026-09-09 20:59:22 +0200: Memory Usage (466736K) : sigrating_drw has 0 polygons
2026-09-09 20:59:22 +0200: Memory Usage (466896K) : singrating_drw has 0 polygons
2026-09-09 20:59:22 +0200: Memory Usage (466896K) : graphpas_drw has 0 polygons
2026-09-09 20:59:22 +0200: Memory Usage (466896K) : emwind3_drw has 0 polygons
2026-09-09 20:59:22 +0200: Memory Usage (466896K) : emwihv3_drw has 0 polygons
2026-09-09 20:59:22 +0200: Memory Usage (467056K) : redbulay_drw has 0 polygons
2026-09-09 20:59:22 +0200: Memory Usage (467056K) : smos_drw has 0 polygons
2026-09-09 20:59:22 +0200: Memory Usage (467056K) : graphpad_drw has 0 polygons
2026-09-09 20:59:22 +0200: Memory Usage (467056K) : polimide_drw has 0 polygons
2026-09-09 20:59:22 +0200: Memory Usage (467216K) : polimide_pin has 0 polygons
2026-09-09 20:59:22 +0200: Memory Usage (467216K) : recog_drw has 0 polygons
2026-09-09 20:59:22 +0200: Memory Usage (467216K) : recog_pin has 0 polygons
2026-09-09 20:59:22 +0200: Memory Usage (467216K) : recog_esd has 0 polygons
2026-09-09 20:59:22 +0200: Memory Usage (467376K) : recog_diode has 0 polygons
2026-09-09 20:59:22 +0200: Memory Usage (467376K) : recog_tsv has 0 polygons
2026-09-09 20:59:22 +0200: Memory Usage (467376K) : recog_iprobe has 0 polygons
2026-09-09 20:59:22 +0200: Memory Usage (467536K) : recog_diffprb has 0 polygons
2026-09-09 20:59:22 +0200: Memory Usage (467536K) : recog_pillar has 0 polygons
2026-09-09 20:59:22 +0200: Memory Usage (467536K) : recog_sbump has 0 polygons
2026-09-09 20:59:22 +0200: Memory Usage (467696K) : recog_otp has 0 polygons
2026-09-09 20:59:22 +0200: Memory Usage (467696K) : recog_pdiode has 0 polygons
2026-09-09 20:59:22 +0200: Memory Usage (467696K) : recog_mom has 0 polygons
2026-09-09 20:59:22 +0200: Memory Usage (467856K) : recog_pcm has 0 polygons
2026-09-09 20:59:22 +0200: Memory Usage (467856K) : colopen_drw has 0 polygons
2026-09-09 20:59:22 +0200: Memory Usage (467856K) : graphmetal1_drw has 0 polygons
2026-09-09 20:59:22 +0200: Memory Usage (468016K) : graphmetal1_filler has 0 polygons
2026-09-09 20:59:22 +0200: Memory Usage (468016K) : graphmetal1_nofill has 0 polygons
2026-09-09 20:59:22 +0200: Memory Usage (468176K) : graphmetal1_slit has 0 polygons
2026-09-09 20:59:22 +0200: Memory Usage (468176K) : graphmetal1_opc has 0 polygons
2026-09-09 20:59:22 +0200: Memory Usage (468176K) : graphmet1l_drw has 0 polygons
2026-09-09 20:59:22 +0200: Memory Usage (468336K) : graphmet1l_filler has 0 polygons
2026-09-09 20:59:22 +0200: Memory Usage (468336K) : graphmet1l_nofill has 0 polygons
2026-09-09 20:59:22 +0200: Memory Usage (468336K) : graphmet1l_slit has 0 polygons
2026-09-09 20:59:22 +0200: Memory Usage (468496K) : graphmet1l_opc has 0 polygons
2026-09-09 20:59:22 +0200: Memory Usage (468496K) : extblock_drw has 0 polygons
2026-09-09 20:59:22 +0200: Memory Usage (468496K) : nldd_drw has 0 polygons
2026-09-09 20:59:22 +0200: Memory Usage (468656K) : pldd_drw has 0 polygons
2026-09-09 20:59:22 +0200: Memory Usage (468656K) : next_drw has 0 polygons
2026-09-09 20:59:22 +0200: Memory Usage (468656K) : pext_drw has 0 polygons
2026-09-09 20:59:22 +0200: Memory Usage (468816K) : nexthv_drw has 0 polygons
2026-09-09 20:59:22 +0200: Memory Usage (468816K) : pexthv_drw has 0 polygons
2026-09-09 20:59:22 +0200: Memory Usage (468816K) : graphgate_drw has 0 polygons
2026-09-09 20:59:22 +0200: Memory Usage (468976K) : sinwg_drw has 0 polygons
2026-09-09 20:59:22 +0200: Memory Usage (468976K) : sinwg_filler has 0 polygons
2026-09-09 20:59:22 +0200: Memory Usage (468976K) : sinwg_nofill has 0 polygons
2026-09-09 20:59:22 +0200: Memory Usage (469136K) : mempad_drw has 0 polygons
2026-09-09 20:59:22 +0200: Memory Usage (469136K) : topvia1_drw has 0 polygons
2026-09-09 20:59:22 +0200: Memory Usage (469136K) : topmetal1_drw has 0 polygons
2026-09-09 20:59:22 +0200: Memory Usage (469136K) : topmetal1_pin has 0 polygons
2026-09-09 20:59:22 +0200: Memory Usage (469136K) : topmetal1_mask has 0 polygons
2026-09-09 20:59:22 +0200: Memory Usage (469136K) : topmetal1_filler has 0 polygons
2026-09-09 20:59:22 +0200: Memory Usage (469136K) : topmetal1_nofill has 0 polygons
2026-09-09 20:59:22 +0200: Memory Usage (469136K) : topmetal1_slit has 0 polygons
2026-09-09 20:59:22 +0200: Memory Usage (469136K) : topmetal1_text has 0 polygons
2026-09-09 20:59:22 +0200: Memory Usage (469136K) : topmetal1_noqrc has 0 polygons
2026-09-09 20:59:22 +0200: Memory Usage (469296K) : topmetal1_res has 0 polygons
2026-09-09 20:59:22 +0200: Memory Usage (469296K) : topmetal1_iprobe has 0 polygons
2026-09-09 20:59:22 +0200: Memory Usage (469296K) : topmetal1_diffprb has 0 polygons
2026-09-09 20:59:22 +0200: Memory Usage (469456K) : inldpwl_drw has 0 polygons
2026-09-09 20:59:22 +0200: Memory Usage (469456K) : polyres_drw has 0 polygons
2026-09-09 20:59:22 +0200: Memory Usage (469456K) : polyres_pin has 0 polygons
2026-09-09 20:59:22 +0200: Memory Usage (469616K) : vmim_drw has 0 polygons
2026-09-09 20:59:22 +0200: Memory Usage (469616K) : nbulaycut_drw has 0 polygons
2026-09-09 20:59:22 +0200: Memory Usage (469616K) : antmetal1_drw has 0 polygons
2026-09-09 20:59:22 +0200: Memory Usage (469776K) : topvia2_drw has 0 polygons
2026-09-09 20:59:22 +0200: Memory Usage (469776K) : topmetal2_drw has 0 polygons
2026-09-09 20:59:22 +0200: Memory Usage (469776K) : topmetal2_pin has 0 polygons
2026-09-09 20:59:22 +0200: Memory Usage (469936K) : topmetal2_mask has 0 polygons
2026-09-09 20:59:22 +0200: Memory Usage (469936K) : topmetal2_filler has 0 polygons
2026-09-09 20:59:22 +0200: Memory Usage (469936K) : topmetal2_nofill has 0 polygons
2026-09-09 20:59:22 +0200: Memory Usage (470096K) : topmetal2_slit has 0 polygons
2026-09-09 20:59:22 +0200: Memory Usage (470096K) : topmetal2_text has 0 polygons
2026-09-09 20:59:22 +0200: Memory Usage (470096K) : topmetal2_noqrc has 0 polygons
2026-09-09 20:59:22 +0200: Memory Usage (470256K) : topmetal2_res has 0 polygons
2026-09-09 20:59:22 +0200: Memory Usage (470256K) : topmetal2_iprobe has 0 polygons
2026-09-09 20:59:22 +0200: Memory Usage (470256K) : topmetal2_diffprb has 0 polygons
2026-09-09 20:59:22 +0200: Memory Usage (470416K) : snsring_drw has 0 polygons
2026-09-09 20:59:22 +0200: Memory Usage (470416K) : sensor_drw has 0 polygons
2026-09-09 20:59:22 +0200: Memory Usage (470416K) : snsarms_drw has 0 polygons
2026-09-09 20:59:22 +0200: Memory Usage (470576K) : snscmosvia_drw has 0 polygons
2026-09-09 20:59:22 +0200: Memory Usage (470576K) : colwind_drw has 0 polygons
2026-09-09 20:59:22 +0200: Memory Usage (470576K) : flm_drw has 0 polygons
2026-09-09 20:59:22 +0200: Memory Usage (470736K) : hafniumox_drw has 0 polygons
2026-09-09 20:59:22 +0200: Memory Usage (470736K) : memvia_drw has 0 polygons
2026-09-09 20:59:22 +0200: Memory Usage (470736K) : thinfilmres_drw has 0 polygons
2026-09-09 20:59:22 +0200: Memory Usage (470896K) : rfmem_drw has 0 polygons
2026-09-09 20:59:22 +0200: Memory Usage (470896K) : norcx_drw has 0 polygons
2026-09-09 20:59:22 +0200: Memory Usage (470896K) : norcx_m2m3 has 0 polygons
2026-09-09 20:59:22 +0200: Memory Usage (471056K) : norcx_m2m4 has 0 polygons
2026-09-09 20:59:22 +0200: Memory Usage (471056K) : norcx_m2m5 has 0 polygons
2026-09-09 20:59:22 +0200: Memory Usage (471056K) : norcx_m2tm1 has 0 polygons
2026-09-09 20:59:22 +0200: Memory Usage (471216K) : norcx_m2tm2 has 0 polygons
2026-09-09 20:59:22 +0200: Memory Usage (471216K) : norcx_m3m4 has 0 polygons
2026-09-09 20:59:22 +0200: Memory Usage (471216K) : norcx_m3m5 has 0 polygons
2026-09-09 20:59:22 +0200: Memory Usage (471376K) : norcx_m3tm1 has 0 polygons
2026-09-09 20:59:22 +0200: Memory Usage (471376K) : norcx_m3tm2 has 0 polygons
2026-09-09 20:59:22 +0200: Memory Usage (471376K) : norcx_m4m5 has 0 polygons
2026-09-09 20:59:22 +0200: Memory Usage (471536K) : norcx_m4tm1 has 0 polygons
2026-09-09 20:59:22 +0200: Memory Usage (471536K) : norcx_m4tm2 has 0 polygons
2026-09-09 20:59:22 +0200: Memory Usage (471536K) : norcx_m5tm1 has 0 polygons
2026-09-09 20:59:22 +0200: Memory Usage (471696K) : norcx_m5tm2 has 0 polygons
2026-09-09 20:59:22 +0200: Memory Usage (471696K) : norcx_tm1tm2 has 0 polygons
2026-09-09 20:59:22 +0200: Memory Usage (471696K) : norcx_m1sub has 0 polygons
2026-09-09 20:59:22 +0200: Memory Usage (471856K) : norcx_m2sub has 0 polygons
2026-09-09 20:59:22 +0200: Memory Usage (471856K) : norcx_m3sub has 0 polygons
2026-09-09 20:59:22 +0200: Memory Usage (471856K) : norcx_m4sub has 0 polygons
2026-09-09 20:59:22 +0200: Memory Usage (472016K) : norcx_m5sub has 0 polygons
2026-09-09 20:59:22 +0200: Memory Usage (472016K) : norcx_tm1sub has 0 polygons
2026-09-09 20:59:22 +0200: Memory Usage (472016K) : norcx_tm2sub has 0 polygons
2026-09-09 20:59:22 +0200: Memory Usage (472176K) : snsbotvia_drw has 0 polygons
2026-09-09 20:59:22 +0200: Memory Usage (472176K) : snstopvia_drw has 0 polygons
2026-09-09 20:59:22 +0200: Memory Usage (472176K) : deepvia_drw has 0 polygons
2026-09-09 20:59:22 +0200: Memory Usage (472336K) : fgetch_drw has 0 polygons
2026-09-09 20:59:22 +0200: Memory Usage (472336K) : ctrgat_drw has 0 polygons
2026-09-09 20:59:22 +0200: Memory Usage (472336K) : fgimp_drw has 0 polygons
2026-09-09 20:59:22 +0200: Memory Usage (472496K) : emwihv_drw has 0 polygons
2026-09-09 20:59:22 +0200: Memory Usage (472496K) : lbe_drw has 0 polygons
2026-09-09 20:59:22 +0200: Memory Usage (472496K) : alcustop_drw has 0 polygons
2026-09-09 20:59:22 +0200: Memory Usage (472656K) : nometfiller_drw has 0 polygons
2026-09-09 20:59:22 +0200: Memory Usage (472656K) : prboundary_drw has 0 polygons
2026-09-09 20:59:22 +0200: Memory Usage (472656K) : exchange0_drw has 0 polygons
2026-09-09 20:59:22 +0200: Memory Usage (472816K) : exchange0_pin has 0 polygons
2026-09-09 20:59:22 +0200: Memory Usage (472816K) : exchange0_text has 0 polygons
2026-09-09 20:59:22 +0200: Memory Usage (472816K) : exchange1_drw has 0 polygons
2026-09-09 20:59:22 +0200: Memory Usage (472976K) : exchange1_pin has 0 polygons
2026-09-09 20:59:22 +0200: Memory Usage (472976K) : exchange1_text has 0 polygons
2026-09-09 20:59:22 +0200: Memory Usage (472976K) : exchange2_drw has 0 polygons
2026-09-09 20:59:22 +0200: Memory Usage (473136K) : exchange2_pin has 0 polygons
2026-09-09 20:59:22 +0200: Memory Usage (473136K) : exchange2_text has 0 polygons
2026-09-09 20:59:22 +0200: Memory Usage (473136K) : exchange3_drw has 0 polygons
2026-09-09 20:59:22 +0200: Memory Usage (473296K) : exchange3_pin has 0 polygons
2026-09-09 20:59:22 +0200: Memory Usage (473296K) : exchange3_text has 0 polygons
2026-09-09 20:59:22 +0200: Memory Usage (473296K) : exchange4_drw has 0 polygons
2026-09-09 20:59:22 +0200: Memory Usage (473456K) : exchange4_pin has 0 polygons
2026-09-09 20:59:22 +0200: Memory Usage (473456K) : exchange4_text has 0 polygons
2026-09-09 20:59:22 +0200: Memory Usage (473456K) : isonwell_drw has 0 polygons
2026-09-09 20:59:22 +0200: Memory Usage (473456K) : Total no. of polygons in the design is 97
2026-09-09 20:59:22 +0200: Memory Usage (473616K) : Loaded TECH DRC rules values from /foss/pdks/ihp-sg13g2/libs.tech/klayout/python/sg13g2_pycell_lib/sg13g2_tech_mod.json
2026-09-09 20:59:22 +0200: Memory Usage (473616K) : Loaded default DRC rules values from /foss/pdks/ihp-sg13g2/libs.tech/klayout/tech/drc/rule_decks/sg13g2_tech_default.json
2026-09-09 20:59:22 +0200: Memory Usage (473616K) : The following rules values were missing in tech json and default values were used:
2026-09-09 20:59:22 +0200: Memory Usage (473616K) :   - NW_f1_digibnd
2026-09-09 20:59:22 +0200: Memory Usage (473616K) :   - Cnt_c_digibnd
2026-09-09 20:59:22 +0200: Memory Usage (473616K) :   - Cnt_c_sram
2026-09-09 20:59:22 +0200: Memory Usage (473616K) :   - Sdiod_b
2026-09-09 20:59:22 +0200: Memory Usage (473616K) :   - Sdiod_c
2026-09-09 20:59:22 +0200: Memory Usage (474588K) : Total area of the design is 21.072 um^2.
2026-09-09 20:59:22 +0200: Memory Usage (474588K) : The design dimensions are 4.800000000000001 µm * 4.39 µm.
2026-09-09 20:59:22 +0200: Memory Usage (474588K) : Starting general IHP-SG13G2 derivations.
2026-09-09 20:59:22 +0200: Memory Usage (474588K) : Starting Pwell derivations
2026-09-09 20:59:22 +0200: Memory Usage (476332K) : Starting IHP-SG13G2 DRC rules.
2026-09-09 20:59:22 +0200: Memory Usage (476332K) : Starting 3.1. offgrid table
2026-09-09 20:59:22 +0200: Memory Usage (476332K) : Executing rule activ_drw_Offgrid
2026-09-09 20:59:22 +0200: Memory Usage (476740K) : Executing rule activ_mask_Offgrid
2026-09-09 20:59:22 +0200: Memory Usage (476740K) : Executing rule activ_filler_Offgrid
2026-09-09 20:59:22 +0200: Memory Usage (476740K) : Executing rule activ_opc_Offgrid
2026-09-09 20:59:22 +0200: Memory Usage (476740K) : Executing rule activ_iopc_Offgrid
2026-09-09 20:59:22 +0200: Memory Usage (476740K) : Executing rule biwind_drw_Offgrid
2026-09-09 20:59:22 +0200: Memory Usage (476740K) : Executing rule biwind_opc_Offgrid
2026-09-09 20:59:22 +0200: Memory Usage (476740K) : Executing rule pemwind_drw_Offgrid
2026-09-09 20:59:22 +0200: Memory Usage (476740K) : Executing rule gatpoly_drw_Offgrid
2026-09-09 20:59:22 +0200: Memory Usage (477060K) : Executing rule gatpoly_filler_Offgrid
2026-09-09 20:59:22 +0200: Memory Usage (477540K) : Executing rule gatpoly_opc_Offgrid
2026-09-09 20:59:22 +0200: Memory Usage (478020K) : Executing rule gatpoly_iopc_Offgrid
2026-09-09 20:59:22 +0200: Memory Usage (478340K) : Executing rule gatpoly_noqrc_Offgrid
2026-09-09 20:59:22 +0200: Memory Usage (478820K) : Executing rule cont_drw_Offgrid
2026-09-09 20:59:22 +0200: Memory Usage (479300K) : Executing rule cont_opc_Offgrid
2026-09-09 20:59:22 +0200: Memory Usage (479780K) : Executing rule nsd_drw_Offgrid
2026-09-09 20:59:22 +0200: Memory Usage (480260K) : Executing rule nsd_block_Offgrid
2026-09-09 20:59:22 +0200: Memory Usage (480740K) : Executing rule metal1_drw_Offgrid
2026-09-09 20:59:22 +0200: Memory Usage (481220K) : Executing rule metal1_mask_Offgrid
2026-09-09 20:59:22 +0200: Memory Usage (481700K) : Executing rule metal1_filler_Offgrid
2026-09-09 20:59:22 +0200: Memory Usage (482180K) : Executing rule metal1_slit_Offgrid
2026-09-09 20:59:22 +0200: Memory Usage (482660K) : Executing rule metal1_opc_Offgrid
2026-09-09 20:59:22 +0200: Memory Usage (483140K) : Executing rule metal1_noqrc_Offgrid
2026-09-09 20:59:22 +0200: Memory Usage (483300K) : Executing rule metal1_res_Offgrid
2026-09-09 20:59:22 +0200: Memory Usage (483300K) : Executing rule metal1_iprobe_Offgrid
2026-09-09 20:59:22 +0200: Memory Usage (483300K) : Executing rule metal1_diffprb_Offgrid
2026-09-09 20:59:22 +0200: Memory Usage (483300K) : Executing rule passiv_drw_Offgrid
2026-09-09 20:59:22 +0200: Memory Usage (483300K) : Executing rule passiv_pillar_Offgrid
2026-09-09 20:59:22 +0200: Memory Usage (483460K) : Executing rule passiv_sbump_Offgrid
2026-09-09 20:59:22 +0200: Memory Usage (483620K) : Executing rule passiv_pdl_Offgrid
2026-09-09 20:59:22 +0200: Memory Usage (484100K) : Executing rule metal2_drw_Offgrid
2026-09-09 20:59:22 +0200: Memory Usage (484260K) : Executing rule metal2_mask_Offgrid
2026-09-09 20:59:22 +0200: Memory Usage (484260K) : Executing rule metal2_filler_Offgrid
2026-09-09 20:59:22 +0200: Memory Usage (484260K) : Executing rule metal2_slit_Offgrid
2026-09-09 20:59:22 +0200: Memory Usage (484260K) : Executing rule metal2_opc_Offgrid
2026-09-09 20:59:22 +0200: Memory Usage (484260K) : Executing rule metal2_noqrc_Offgrid
2026-09-09 20:59:22 +0200: Memory Usage (484260K) : Executing rule metal2_res_Offgrid
2026-09-09 20:59:22 +0200: Memory Usage (484580K) : Executing rule metal2_iprobe_Offgrid
2026-09-09 20:59:22 +0200: Memory Usage (484580K) : Executing rule metal2_diffprb_Offgrid
2026-09-09 20:59:22 +0200: Memory Usage (484580K) : Executing rule baspoly_drw_Offgrid
2026-09-09 20:59:22 +0200: Memory Usage (484580K) : Executing rule psd_drw_Offgrid
2026-09-09 20:59:22 +0200: Memory Usage (484580K) : Executing rule nldb_drw_Offgrid
2026-09-09 20:59:22 +0200: Memory Usage (484580K) : Executing rule via1_drw_Offgrid
2026-09-09 20:59:22 +0200: Memory Usage (484580K) : Executing rule backmetal1_drw_Offgrid
2026-09-09 20:59:22 +0200: Memory Usage (484740K) : Executing rule backmetal1_mask_Offgrid
2026-09-09 20:59:22 +0200: Memory Usage (484900K) : Executing rule backmetal1_filler_Offgrid
2026-09-09 20:59:22 +0200: Memory Usage (484900K) : Executing rule backmetal1_slit_Offgrid
2026-09-09 20:59:22 +0200: Memory Usage (484900K) : Executing rule backmetal1_opc_Offgrid
2026-09-09 20:59:22 +0200: Memory Usage (484900K) : Executing rule backmetal1_noqrc_Offgrid
2026-09-09 20:59:22 +0200: Memory Usage (484900K) : Executing rule backmetal1_res_Offgrid
2026-09-09 20:59:22 +0200: Memory Usage (484900K) : Executing rule backmetal1_iprobe_Offgrid
2026-09-09 20:59:22 +0200: Memory Usage (485220K) : Executing rule backmetal1_diffprb_Offgrid
2026-09-09 20:59:22 +0200: Memory Usage (485380K) : Executing rule backpassiv_drw_Offgrid
2026-09-09 20:59:22 +0200: Memory Usage (485860K) : Executing rule salblock_drw_Offgrid
2026-09-09 20:59:22 +0200: Memory Usage (486180K) : Executing rule via2_drw_Offgrid
2026-09-09 20:59:22 +0200: Memory Usage (486180K) : Executing rule metal3_drw_Offgrid
2026-09-09 20:59:22 +0200: Memory Usage (486180K) : Executing rule metal3_mask_Offgrid
2026-09-09 20:59:22 +0200: Memory Usage (486180K) : Executing rule metal3_filler_Offgrid
2026-09-09 20:59:22 +0200: Memory Usage (486180K) : Executing rule metal3_slit_Offgrid
2026-09-09 20:59:22 +0200: Memory Usage (486180K) : Executing rule metal3_opc_Offgrid
2026-09-09 20:59:22 +0200: Memory Usage (486180K) : Executing rule metal3_noqrc_Offgrid
2026-09-09 20:59:22 +0200: Memory Usage (486340K) : Executing rule metal3_res_Offgrid
2026-09-09 20:59:22 +0200: Memory Usage (486660K) : Executing rule metal3_iprobe_Offgrid
2026-09-09 20:59:22 +0200: Memory Usage (486660K) : Executing rule metal3_diffprb_Offgrid
2026-09-09 20:59:22 +0200: Memory Usage (486660K) : Executing rule nwell_drw_Offgrid
2026-09-09 20:59:22 +0200: Memory Usage (486660K) : Executing rule nbulay_drw_Offgrid
2026-09-09 20:59:22 +0200: Memory Usage (486660K) : Executing rule nbulay_block_Offgrid
2026-09-09 20:59:22 +0200: Memory Usage (486660K) : Executing rule pwell_drw_Offgrid
2026-09-09 20:59:22 +0200: Memory Usage (486660K) : Executing rule pwell_block_Offgrid
2026-09-09 20:59:22 +0200: Memory Usage (486660K) : Executing rule emwind_drw_Offgrid
2026-09-09 20:59:22 +0200: Memory Usage (486660K) : Executing rule emwind_opc_Offgrid
2026-09-09 20:59:22 +0200: Memory Usage (486660K) : Executing rule deepco_drw_Offgrid
2026-09-09 20:59:22 +0200: Memory Usage (486660K) : Executing rule mim_drw_Offgrid
2026-09-09 20:59:22 +0200: Memory Usage (486660K) : Executing rule substrate_drw_Offgrid
2026-09-09 20:59:22 +0200: Memory Usage (486660K) : Executing rule ic_drw_Offgrid
2026-09-09 20:59:22 +0200: Memory Usage (486660K) : Executing rule via3_drw_Offgrid
2026-09-09 20:59:22 +0200: Memory Usage (486660K) : Executing rule pldb_drw_Offgrid
2026-09-09 20:59:22 +0200: Memory Usage (486660K) : Executing rule metal4_drw_Offgrid
2026-09-09 20:59:22 +0200: Memory Usage (486660K) : Executing rule metal4_mask_Offgrid
2026-09-09 20:59:22 +0200: Memory Usage (487140K) : Executing rule metal4_filler_Offgrid
2026-09-09 20:59:22 +0200: Memory Usage (487620K) : Executing rule metal4_slit_Offgrid
2026-09-09 20:59:22 +0200: Memory Usage (488100K) : Executing rule metal4_opc_Offgrid
2026-09-09 20:59:22 +0200: Memory Usage (488420K) : Executing rule metal4_noqrc_Offgrid
2026-09-09 20:59:22 +0200: Memory Usage (488900K) : Executing rule metal4_res_Offgrid
2026-09-09 20:59:22 +0200: Memory Usage (489380K) : Executing rule metal4_iprobe_Offgrid
2026-09-09 20:59:22 +0200: Memory Usage (489860K) : Executing rule metal4_diffprb_Offgrid
2026-09-09 20:59:22 +0200: Memory Usage (490340K) : Executing rule via4_drw_Offgrid
2026-09-09 20:59:22 +0200: Memory Usage (490500K) : Executing rule metal5_drw_Offgrid
2026-09-09 20:59:22 +0200: Memory Usage (490500K) : Executing rule metal5_mask_Offgrid
2026-09-09 20:59:22 +0200: Memory Usage (490500K) : Executing rule metal5_filler_Offgrid
2026-09-09 20:59:22 +0200: Memory Usage (490500K) : Executing rule metal5_slit_Offgrid
2026-09-09 20:59:22 +0200: Memory Usage (490500K) : Executing rule metal5_opc_Offgrid
2026-09-09 20:59:22 +0200: Memory Usage (490500K) : Executing rule metal5_noqrc_Offgrid
2026-09-09 20:59:22 +0200: Memory Usage (490500K) : Executing rule metal5_res_Offgrid
2026-09-09 20:59:22 +0200: Memory Usage (490500K) : Executing rule metal5_iprobe_Offgrid
2026-09-09 20:59:22 +0200: Memory Usage (490500K) : Executing rule metal5_diffprb_Offgrid
2026-09-09 20:59:22 +0200: Memory Usage (490500K) : Executing rule prboundary_drw_Offgrid
2026-09-09 20:59:22 +0200: Memory Usage (490500K) : Executing rule exchange0_drw_Offgrid
2026-09-09 20:59:22 +0200: Memory Usage (490500K) : Executing rule exchange1_drw_Offgrid
2026-09-09 20:59:22 +0200: Memory Usage (490500K) : Executing rule exchange2_drw_Offgrid
2026-09-09 20:59:22 +0200: Memory Usage (490500K) : Executing rule exchange3_drw_Offgrid
2026-09-09 20:59:22 +0200: Memory Usage (490500K) : Executing rule exchange4_drw_Offgrid
2026-09-09 20:59:22 +0200: Memory Usage (490500K) : Executing rule isonwell_drw_Offgrid
2026-09-09 20:59:22 +0200: Memory Usage (490500K) : Executing rule thickgateox_drw_Offgrid
2026-09-09 20:59:22 +0200: Memory Usage (490500K) : Executing rule pempoly_drw_Offgrid
2026-09-09 20:59:22 +0200: Memory Usage (490500K) : Executing rule fbe_drw_Offgrid
2026-09-09 20:59:22 +0200: Memory Usage (490500K) : Executing rule empoly_drw_Offgrid
2026-09-09 20:59:22 +0200: Memory Usage (490500K) : Executing rule ldmos_drw_Offgrid
2026-09-09 20:59:22 +0200: Memory Usage (490500K) : Executing rule pbiwind_drw_Offgrid
2026-09-09 20:59:22 +0200: Memory Usage (490500K) : Executing rule colopen_drw_Offgrid
2026-09-09 20:59:22 +0200: Memory Usage (490500K) : Executing rule extblock_drw_Offgrid
2026-09-09 20:59:22 +0200: Memory Usage (490500K) : Executing rule nldd_drw_Offgrid
2026-09-09 20:59:22 +0200: Memory Usage (490500K) : Executing rule pldd_drw_Offgrid
2026-09-09 20:59:22 +0200: Memory Usage (490500K) : Executing rule next_drw_Offgrid
2026-09-09 20:59:22 +0200: Memory Usage (490500K) : Executing rule pext_drw_Offgrid
2026-09-09 20:59:22 +0200: Memory Usage (490500K) : Executing rule nexthv_drw_Offgrid
2026-09-09 20:59:22 +0200: Memory Usage (490500K) : Executing rule pexthv_drw_Offgrid
2026-09-09 20:59:22 +0200: Memory Usage (490500K) : Executing rule graphgate_drw_Offgrid
2026-09-09 20:59:22 +0200: Memory Usage (490500K) : Executing rule mempad_drw_Offgrid
2026-09-09 20:59:22 +0200: Memory Usage (490500K) : Executing rule topvia1_drw_Offgrid
2026-09-09 20:59:22 +0200: Memory Usage (490500K) : Executing rule topmetal1_drw_Offgrid
2026-09-09 20:59:22 +0200: Memory Usage (490500K) : Executing rule topmetal1_mask_Offgrid
2026-09-09 20:59:22 +0200: Memory Usage (490500K) : Executing rule topmetal1_filler_Offgrid
2026-09-09 20:59:22 +0200: Memory Usage (490500K) : Executing rule topmetal1_slit_Offgrid
2026-09-09 20:59:22 +0200: Memory Usage (490500K) : Executing rule topmetal1_noqrc_Offgrid
2026-09-09 20:59:22 +0200: Memory Usage (490500K) : Executing rule topmetal1_res_Offgrid
2026-09-09 20:59:22 +0200: Memory Usage (490500K) : Executing rule topmetal1_iprobe_Offgrid
2026-09-09 20:59:22 +0200: Memory Usage (490500K) : Executing rule topmetal1_diffprb_Offgrid
2026-09-09 20:59:22 +0200: Memory Usage (490500K) : Executing rule inldpwl_drw_Offgrid
2026-09-09 20:59:22 +0200: Memory Usage (490500K) : Executing rule polyres_drw_Offgrid
2026-09-09 20:59:22 +0200: Memory Usage (490500K) : Executing rule vmim_drw_Offgrid
2026-09-09 20:59:22 +0200: Memory Usage (490500K) : Executing rule nbulaycut_drw_Offgrid
2026-09-09 20:59:22 +0200: Memory Usage (490500K) : Executing rule antmetal1_drw_Offgrid
2026-09-09 20:59:22 +0200: Memory Usage (490500K) : Executing rule topvia2_drw_Offgrid
2026-09-09 20:59:22 +0200: Memory Usage (490500K) : Executing rule topmetal2_drw_Offgrid
2026-09-09 20:59:22 +0200: Memory Usage (490500K) : Executing rule topmetal2_mask_Offgrid
2026-09-09 20:59:22 +0200: Memory Usage (490500K) : Executing rule topmetal2_filler_Offgrid
2026-09-09 20:59:22 +0200: Memory Usage (490500K) : Executing rule topmetal2_slit_Offgrid
2026-09-09 20:59:22 +0200: Memory Usage (490500K) : Executing rule topmetal2_noqrc_Offgrid
2026-09-09 20:59:22 +0200: Memory Usage (490500K) : Executing rule topmetal2_res_Offgrid
2026-09-09 20:59:22 +0200: Memory Usage (490500K) : Executing rule topmetal2_iprobe_Offgrid
2026-09-09 20:59:22 +0200: Memory Usage (490500K) : Executing rule topmetal2_diffprb_Offgrid
2026-09-09 20:59:22 +0200: Memory Usage (490500K) : Executing rule snsring_drw_Offgrid
2026-09-09 20:59:22 +0200: Memory Usage (490500K) : Executing rule sensor_drw_Offgrid
2026-09-09 20:59:22 +0200: Memory Usage (490500K) : Executing rule snsarms_drw_Offgrid
2026-09-09 20:59:22 +0200: Memory Usage (490500K) : Executing rule snscmosvia_drw_Offgrid
2026-09-09 20:59:22 +0200: Memory Usage (490500K) : Executing rule colwind_drw_Offgrid
2026-09-09 20:59:22 +0200: Memory Usage (490500K) : Executing rule flm_drw_Offgrid
2026-09-09 20:59:22 +0200: Memory Usage (490500K) : Executing rule hafniumox_drw_Offgrid
2026-09-09 20:59:22 +0200: Memory Usage (490500K) : Executing rule memvia_drw_Offgrid
2026-09-09 20:59:22 +0200: Memory Usage (490500K) : Executing rule thinfilmres_drw_Offgrid
2026-09-09 20:59:22 +0200: Memory Usage (490500K) : Executing rule rfmem_drw_Offgrid
2026-09-09 20:59:22 +0200: Memory Usage (490500K) : Executing rule snsbotvia_drw_Offgrid
2026-09-09 20:59:22 +0200: Memory Usage (490500K) : Executing rule snstopvia_drw_Offgrid
2026-09-09 20:59:22 +0200: Memory Usage (490500K) : Executing rule deepvia_drw_Offgrid
2026-09-09 20:59:22 +0200: Memory Usage (490500K) : Executing rule fgetch_drw_Offgrid
2026-09-09 20:59:22 +0200: Memory Usage (490500K) : Executing rule ctrgat_drw_Offgrid
2026-09-09 20:59:22 +0200: Memory Usage (490500K) : Executing rule fgimp_drw_Offgrid
2026-09-09 20:59:22 +0200: Memory Usage (490500K) : Executing rule emwihv_drw_Offgrid
2026-09-09 20:59:22 +0200: Memory Usage (490500K) : Executing rule lbe_drw_Offgrid
2026-09-09 20:59:22 +0200: Memory Usage (490500K) : Executing rule alcustop_drw_Offgrid
2026-09-09 20:59:22 +0200: Memory Usage (490500K) : KLayout DRC run for tables 'offgrid' completed in 0.55 seconds
