# Logfile created on 2026-09-09 20:59:16 +0200 by logger.rb/v1.5.3
2026-09-09 20:59:16 +0200: Memory Usage (456844K) : Starting running IHP-SG13G2 KLayout DRC runset on /foss/designs/aion_chip/flow/regress/AION_a21oi_nor2_1/baseline/reference_AION_a21oi_nor2_1.gds
2026-09-09 20:59:16 +0200: Memory Usage (456844K) : Ruby Version for klayout: 3.2.3
2026-09-09 20:59:16 +0200: Memory Usage (457772K) : Loading database to memory is complete.
2026-09-09 20:59:16 +0200: Memory Usage (457772K) : IHP-SG13G2 KLayout DRC runset output at: /foss/designs/aion_chip/flow/regress/AION_a21oi_nor2_1/baseline/drc/reference_AION_a21oi_nor2_1.klayout.drc/reference_AION_a21oi_nor2_1_reference_AION_a21oi_nor2_1_npnsubstratetie.lyrdb
2026-09-09 20:59:16 +0200: Memory Usage (457772K) : Evaluate switches.
2026-09-09 20:59:16 +0200: Memory Usage (457772K) : tables selected: npnsubstratetie
2026-09-09 20:59:16 +0200: Memory Usage (457772K) : KLayout will use 15 thread(s) in tiling mode.
2026-09-09 20:59:16 +0200: Memory Usage (457772K) : deep mode is enabled.
2026-09-09 20:59:16 +0200: Memory Usage (457772K) : FEOL enabled: false
2026-09-09 20:59:16 +0200: Memory Usage (457772K) : BEOL enabled: false
2026-09-09 20:59:16 +0200: Memory Usage (457772K) : OFFGRID enabled: true
2026-09-09 20:59:16 +0200: Memory Usage (457772K) : ANGLE enabled: true
2026-09-09 20:59:16 +0200: Memory Usage (457772K) : PIN enabled: false
2026-09-09 20:59:16 +0200: Memory Usage (457772K) : FORBIDDEN enabled: false
2026-09-09 20:59:16 +0200: Memory Usage (457772K) : RECOMMENDED enabled: true
2026-09-09 20:59:16 +0200: Memory Usage (457772K) : PreCheck DRC enabled: false
2026-09-09 20:59:16 +0200: Memory Usage (457772K) : CONNECTIVITY_RULES enabled: false.
2026-09-09 20:59:16 +0200: Memory Usage (457772K) : Read in polygons from layers.
2026-09-09 20:59:16 +0200: Memory Usage (458908K) : activ_drw has 6 polygons
2026-09-09 20:59:16 +0200: Memory Usage (458908K) : activ_pin has 0 polygons
2026-09-09 20:59:16 +0200: Memory Usage (458908K) : activ_mask has 0 polygons
2026-09-09 20:59:16 +0200: Memory Usage (458908K) : activ_filler has 0 polygons
2026-09-09 20:59:16 +0200: Memory Usage (458908K) : activ_nofill has 0 polygons
2026-09-09 20:59:16 +0200: Memory Usage (458908K) : activ_opc has 0 polygons
2026-09-09 20:59:16 +0200: Memory Usage (458908K) : activ_iopc has 0 polygons
2026-09-09 20:59:16 +0200: Memory Usage (458908K) : activ_noqrc has 0 polygons
2026-09-09 20:59:16 +0200: Memory Usage (458908K) : biwind_drw has 0 polygons
2026-09-09 20:59:16 +0200: Memory Usage (458908K) : biwind_opc has 0 polygons
2026-09-09 20:59:16 +0200: Memory Usage (458908K) : pemwind_drw has 0 polygons
2026-09-09 20:59:16 +0200: Memory Usage (459100K) : gatpoly_drw has 5 polygons
2026-09-09 20:59:16 +0200: Memory Usage (459100K) : gatpoly_pin has 0 polygons
2026-09-09 20:59:16 +0200: Memory Usage (459100K) : gatpoly_filler has 0 polygons
2026-09-09 20:59:16 +0200: Memory Usage (459100K) : gatpoly_nofill has 0 polygons
2026-09-09 20:59:16 +0200: Memory Usage (459100K) : gatpoly_opc has 0 polygons
2026-09-09 20:59:16 +0200: Memory Usage (459100K) : gatpoly_iopc has 0 polygons
2026-09-09 20:59:16 +0200: Memory Usage (459100K) : gatpoly_noqrc has 0 polygons
2026-09-09 20:59:16 +0200: Memory Usage (459100K) : cont_drw has 49 polygons
2026-09-09 20:59:16 +0200: Memory Usage (459260K) : cont_opc has 0 polygons
2026-09-09 20:59:16 +0200: Memory Usage (459260K) : nsd_drw has 0 polygons
2026-09-09 20:59:16 +0200: Memory Usage (459260K) : nsd_block has 0 polygons
2026-09-09 20:59:16 +0200: Memory Usage (459452K) : metal1_drw has 16 polygons
2026-09-09 20:59:16 +0200: Memory Usage (459612K) : metal1_pin has 7 polygons
2026-09-09 20:59:16 +0200: Memory Usage (459612K) : metal1_mask has 0 polygons
2026-09-09 20:59:16 +0200: Memory Usage (459612K) : metal1_filler has 0 polygons
2026-09-09 20:59:16 +0200: Memory Usage (459612K) : metal1_nofill has 0 polygons
2026-09-09 20:59:16 +0200: Memory Usage (459772K) : metal1_slit has 0 polygons
2026-09-09 20:59:16 +0200: Memory Usage (459964K) : metal1_text has 7 polygons
2026-09-09 20:59:16 +0200: Memory Usage (459964K) : metal1_opc has 0 polygons
2026-09-09 20:59:16 +0200: Memory Usage (460124K) : metal1_noqrc has 0 polygons
2026-09-09 20:59:16 +0200: Memory Usage (460124K) : metal1_res has 0 polygons
2026-09-09 20:59:16 +0200: Memory Usage (460124K) : metal1_iprobe has 0 polygons
2026-09-09 20:59:16 +0200: Memory Usage (460284K) : metal1_diffprb has 0 polygons
2026-09-09 20:59:16 +0200: Memory Usage (460284K) : passiv_drw has 0 polygons
2026-09-09 20:59:16 +0200: Memory Usage (460284K) : passiv_pin has 0 polygons
2026-09-09 20:59:16 +0200: Memory Usage (460444K) : passiv_sbump has 0 polygons
2026-09-09 20:59:16 +0200: Memory Usage (460444K) : passiv_pillar has 0 polygons
2026-09-09 20:59:16 +0200: Memory Usage (460444K) : passiv_pdl has 0 polygons
2026-09-09 20:59:16 +0200: Memory Usage (460444K) : metal2_drw has 2 polygons
2026-09-09 20:59:16 +0200: Memory Usage (460604K) : metal2_pin has 0 polygons
2026-09-09 20:59:16 +0200: Memory Usage (460604K) : metal2_mask has 0 polygons
2026-09-09 20:59:16 +0200: Memory Usage (460604K) : metal2_filler has 0 polygons
2026-09-09 20:59:16 +0200: Memory Usage (460604K) : metal2_nofill has 0 polygons
2026-09-09 20:59:16 +0200: Memory Usage (460604K) : metal2_slit has 0 polygons
2026-09-09 20:59:16 +0200: Memory Usage (460604K) : metal2_text has 0 polygons
2026-09-09 20:59:16 +0200: Memory Usage (460604K) : metal2_opc has 0 polygons
2026-09-09 20:59:16 +0200: Memory Usage (460764K) : metal2_noqrc has 0 polygons
2026-09-09 20:59:16 +0200: Memory Usage (460764K) : metal2_res has 0 polygons
2026-09-09 20:59:16 +0200: Memory Usage (460764K) : metal2_iprobe has 0 polygons
2026-09-09 20:59:16 +0200: Memory Usage (460764K) : metal2_diffprb has 0 polygons
2026-09-09 20:59:16 +0200: Memory Usage (460764K) : baspoly_drw has 0 polygons
2026-09-09 20:59:16 +0200: Memory Usage (460764K) : baspoly_pin has 0 polygons
2026-09-09 20:59:16 +0200: Memory Usage (460924K) : psd_drw has 2 polygons
2026-09-09 20:59:16 +0200: Memory Usage (460924K) : nldb_drw has 0 polygons
2026-09-09 20:59:16 +0200: Memory Usage (460924K) : digibnd_drw has 0 polygons
2026-09-09 20:59:16 +0200: Memory Usage (461084K) : via1_drw has 2 polygons
2026-09-09 20:59:16 +0200: Memory Usage (461084K) : backmetal1_drw has 0 polygons
2026-09-09 20:59:16 +0200: Memory Usage (461084K) : backmetal1_pin has 0 polygons
2026-09-09 20:59:16 +0200: Memory Usage (461244K) : backmetal1_mask has 0 polygons
2026-09-09 20:59:16 +0200: Memory Usage (461244K) : backmetal1_filler has 0 polygons
2026-09-09 20:59:16 +0200: Memory Usage (461244K) : backmetal1_nofill has 0 polygons
2026-09-09 20:59:16 +0200: Memory Usage (461404K) : backmetal1_slit has 0 polygons
2026-09-09 20:59:16 +0200: Memory Usage (461404K) : backmetal1_text has 0 polygons
2026-09-09 20:59:16 +0200: Memory Usage (461404K) : backmetal1_opc has 0 polygons
2026-09-09 20:59:16 +0200: Memory Usage (461564K) : backmetal1_noqrc has 0 polygons
2026-09-09 20:59:16 +0200: Memory Usage (461724K) : backmetal1_res has 0 polygons
2026-09-09 20:59:16 +0200: Memory Usage (461724K) : backmetal1_iprobe has 0 polygons
2026-09-09 20:59:16 +0200: Memory Usage (461884K) : backmetal1_diffprb has 0 polygons
2026-09-09 20:59:16 +0200: Memory Usage (461884K) : backpassiv_drw has 0 polygons
2026-09-09 20:59:16 +0200: Memory Usage (461884K) : res_drw has 0 polygons
2026-09-09 20:59:16 +0200: Memory Usage (462044K) : sram_drw has 0 polygons
2026-09-09 20:59:16 +0200: Memory Usage (462044K) : trans_drw has 0 polygons
2026-09-09 20:59:16 +0200: Memory Usage (462044K) : ind_drw has 0 polygons
2026-09-09 20:59:16 +0200: Memory Usage (462204K) : ind_pin has 0 polygons
2026-09-09 20:59:16 +0200: Memory Usage (462204K) : ind_text has 0 polygons
2026-09-09 20:59:16 +0200: Memory Usage (462204K) : salblock_drw has 0 polygons
2026-09-09 20:59:16 +0200: Memory Usage (462364K) : via2_drw has 0 polygons
2026-09-09 20:59:16 +0200: Memory Usage (462364K) : metal3_drw has 0 polygons
2026-09-09 20:59:16 +0200: Memory Usage (462364K) : metal3_pin has 0 polygons
2026-09-09 20:59:16 +0200: Memory Usage (462524K) : metal3_mask has 0 polygons
2026-09-09 20:59:16 +0200: Memory Usage (462524K) : metal3_filler has 0 polygons
2026-09-09 20:59:16 +0200: Memory Usage (462524K) : metal3_nofill has 0 polygons
2026-09-09 20:59:16 +0200: Memory Usage (462684K) : metal3_slit has 0 polygons
2026-09-09 20:59:16 +0200: Memory Usage (462684K) : metal3_text has 0 polygons
2026-09-09 20:59:16 +0200: Memory Usage (462684K) : metal3_opc has 0 polygons
2026-09-09 20:59:16 +0200: Memory Usage (462844K) : metal3_noqrc has 0 polygons
2026-09-09 20:59:16 +0200: Memory Usage (463004K) : metal3_res has 0 polygons
2026-09-09 20:59:16 +0200: Memory Usage (463004K) : metal3_iprobe has 0 polygons
2026-09-09 20:59:16 +0200: Memory Usage (463004K) : metal3_diffprb has 0 polygons
2026-09-09 20:59:16 +0200: Memory Usage (463164K) : nwell_drw has 1 polygons
2026-09-09 20:59:16 +0200: Memory Usage (463164K) : nwell_pin has 0 polygons
2026-09-09 20:59:16 +0200: Memory Usage (463164K) : nbulay_drw has 0 polygons
2026-09-09 20:59:16 +0200: Memory Usage (463164K) : nbulay_pin has 0 polygons
2026-09-09 20:59:16 +0200: Memory Usage (463164K) : nbulay_block has 0 polygons
2026-09-09 20:59:16 +0200: Memory Usage (463324K) : emwind_drw has 0 polygons
2026-09-09 20:59:16 +0200: Memory Usage (463324K) : emwind_opc has 0 polygons
2026-09-09 20:59:16 +0200: Memory Usage (463324K) : deepco_drw has 0 polygons
2026-09-09 20:59:16 +0200: Memory Usage (463324K) : deepco_drw has 0 polygons
2026-09-09 20:59:16 +0200: Memory Usage (463484K) : mim_drw has 0 polygons
2026-09-09 20:59:16 +0200: Memory Usage (463484K) : edgeseal_drw has 0 polygons
2026-09-09 20:59:16 +0200: Memory Usage (463484K) : edgeseal_bound has 0 polygons
2026-09-09 20:59:16 +0200: Memory Usage (463484K) : substrate_drw has 0 polygons
2026-09-09 20:59:16 +0200: Memory Usage (463644K) : substrate_text has 0 polygons
2026-09-09 20:59:16 +0200: Memory Usage (463644K) : dfpad_drw has 0 polygons
2026-09-09 20:59:16 +0200: Memory Usage (463644K) : dfpad_pillar has 0 polygons
2026-09-09 20:59:16 +0200: Memory Usage (463644K) : dfpad_sbump has 0 polygons
2026-09-09 20:59:16 +0200: Memory Usage (463804K) : thickgateox_drw has 0 polygons
2026-09-09 20:59:16 +0200: Memory Usage (463804K) : pldb_drw has 0 polygons
2026-09-09 20:59:16 +0200: Memory Usage (463804K) : pwell_drw has 0 polygons
2026-09-09 20:59:16 +0200: Memory Usage (463964K) : pwell_pin has 0 polygons
2026-09-09 20:59:16 +0200: Memory Usage (463964K) : pwell_block has 0 polygons
2026-09-09 20:59:16 +0200: Memory Usage (463964K) : ic_drw has 0 polygons
2026-09-09 20:59:16 +0200: Memory Usage (464124K) : via3_drw has 0 polygons
2026-09-09 20:59:16 +0200: Memory Usage (464124K) : metal4_drw has 0 polygons
2026-09-09 20:59:16 +0200: Memory Usage (464124K) : metal4_pin has 0 polygons
2026-09-09 20:59:16 +0200: Memory Usage (464284K) : metal4_mask has 0 polygons
2026-09-09 20:59:16 +0200: Memory Usage (464284K) : metal4_filler has 0 polygons
2026-09-09 20:59:16 +0200: Memory Usage (464284K) : metal4_nofill has 0 polygons
2026-09-09 20:59:16 +0200: Memory Usage (464444K) : metal4_slit has 0 polygons
2026-09-09 20:59:16 +0200: Memory Usage (464444K) : metal4_text has 0 polygons
2026-09-09 20:59:16 +0200: Memory Usage (464444K) : metal4_opc has 0 polygons
2026-09-09 20:59:16 +0200: Memory Usage (464604K) : metal4_noqrc has 0 polygons
2026-09-09 20:59:16 +0200: Memory Usage (464604K) : metal4_res has 0 polygons
2026-09-09 20:59:16 +0200: Memory Usage (464604K) : metal4_iprobe has 0 polygons
2026-09-09 20:59:16 +0200: Memory Usage (464764K) : metal4_diffprb has 0 polygons
2026-09-09 20:59:16 +0200: Memory Usage (464764K) : heattrans_drw has 0 polygons
2026-09-09 20:59:16 +0200: Memory Usage (464764K) : heatres_drw has 0 polygons
2026-09-09 20:59:16 +0200: Memory Usage (464924K) : pempoly_drw has 0 polygons
2026-09-09 20:59:16 +0200: Memory Usage (464924K) : fbe_drw has 0 polygons
2026-09-09 20:59:16 +0200: Memory Usage (464924K) : empoly_drw has 0 polygons
2026-09-09 20:59:16 +0200: Memory Usage (465084K) : ldmos_drw has 0 polygons
2026-09-09 20:59:16 +0200: Memory Usage (465084K) : pbiwind_drw has 0 polygons
2026-09-09 20:59:16 +0200: Memory Usage (465084K) : digisub_drw has 0 polygons
2026-09-09 20:59:16 +0200: Memory Usage (465244K) : nodrc_drw has 0 polygons
2026-09-09 20:59:16 +0200: Memory Usage (465244K) : text_drw has 0 polygons
2026-09-09 20:59:16 +0200: Memory Usage (465244K) : via4_drw has 0 polygons
2026-09-09 20:59:16 +0200: Memory Usage (465244K) : metal5_drw has 0 polygons
2026-09-09 20:59:16 +0200: Memory Usage (465244K) : metal5_pin has 0 polygons
2026-09-09 20:59:16 +0200: Memory Usage (465404K) : metal5_mask has 0 polygons
2026-09-09 20:59:16 +0200: Memory Usage (465404K) : metal5_filler has 0 polygons
2026-09-09 20:59:16 +0200: Memory Usage (465404K) : metal5_nofill has 0 polygons
2026-09-09 20:59:16 +0200: Memory Usage (465564K) : metal5_slit has 0 polygons
2026-09-09 20:59:16 +0200: Memory Usage (465564K) : metal5_text has 0 polygons
2026-09-09 20:59:16 +0200: Memory Usage (465564K) : metal5_opc has 0 polygons
2026-09-09 20:59:16 +0200: Memory Usage (465724K) : metal5_noqrc has 0 polygons
2026-09-09 20:59:16 +0200: Memory Usage (465724K) : metal5_res has 0 polygons
2026-09-09 20:59:16 +0200: Memory Usage (465724K) : metal5_iprobe has 0 polygons
2026-09-09 20:59:16 +0200: Memory Usage (465884K) : metal5_diffprb has 0 polygons
2026-09-09 20:59:16 +0200: Memory Usage (465884K) : radhard_drw has 0 polygons
2026-09-09 20:59:16 +0200: Memory Usage (465884K) : memcap_drw has 0 polygons
2026-09-09 20:59:17 +0200: Memory Usage (466044K) : varicap_drw has 0 polygons
2026-09-09 20:59:17 +0200: Memory Usage (466044K) : flash_drw has 0 polygons
2026-09-09 20:59:17 +0200: Memory Usage (466044K) : intbondvia_drw has 0 polygons
2026-09-09 20:59:17 +0200: Memory Usage (466204K) : intbondmet_drw has 0 polygons
2026-09-09 20:59:17 +0200: Memory Usage (466204K) : devbondvia_drw has 0 polygons
2026-09-09 20:59:17 +0200: Memory Usage (466204K) : devbondmet_drw has 0 polygons
2026-09-09 20:59:17 +0200: Memory Usage (466364K) : devtrench_drw has 0 polygons
2026-09-09 20:59:17 +0200: Memory Usage (466364K) : redist_drw has 0 polygons
2026-09-09 20:59:17 +0200: Memory Usage (466364K) : graphbot_drw has 0 polygons
2026-09-09 20:59:17 +0200: Memory Usage (466524K) : graphtop_drw has 0 polygons
2026-09-09 20:59:17 +0200: Memory Usage (466524K) : antvia1_drw has 0 polygons
2026-09-09 20:59:17 +0200: Memory Usage (466524K) : antmetal2_drw has 0 polygons
2026-09-09 20:59:17 +0200: Memory Usage (466684K) : graphcont_drw has 0 polygons
2026-09-09 20:59:17 +0200: Memory Usage (466684K) : siwg_drw has 0 polygons
2026-09-09 20:59:17 +0200: Memory Usage (466684K) : siwg_filler has 0 polygons
2026-09-09 20:59:17 +0200: Memory Usage (466844K) : siwg_nofill has 0 polygons
2026-09-09 20:59:17 +0200: Memory Usage (466844K) : sigrating_drw has 0 polygons
2026-09-09 20:59:17 +0200: Memory Usage (466844K) : singrating_drw has 0 polygons
2026-09-09 20:59:17 +0200: Memory Usage (467004K) : graphpas_drw has 0 polygons
2026-09-09 20:59:17 +0200: Memory Usage (467004K) : emwind3_drw has 0 polygons
2026-09-09 20:59:17 +0200: Memory Usage (467004K) : emwihv3_drw has 0 polygons
2026-09-09 20:59:17 +0200: Memory Usage (467004K) : redbulay_drw has 0 polygons
2026-09-09 20:59:17 +0200: Memory Usage (467164K) : smos_drw has 0 polygons
2026-09-09 20:59:17 +0200: Memory Usage (467164K) : graphpad_drw has 0 polygons
2026-09-09 20:59:17 +0200: Memory Usage (467164K) : polimide_drw has 0 polygons
2026-09-09 20:59:17 +0200: Memory Usage (467164K) : polimide_pin has 0 polygons
2026-09-09 20:59:17 +0200: Memory Usage (467324K) : recog_drw has 0 polygons
2026-09-09 20:59:17 +0200: Memory Usage (467324K) : recog_pin has 0 polygons
2026-09-09 20:59:17 +0200: Memory Usage (467324K) : recog_esd has 0 polygons
2026-09-09 20:59:17 +0200: Memory Usage (467324K) : recog_diode has 0 polygons
2026-09-09 20:59:17 +0200: Memory Usage (467484K) : recog_tsv has 0 polygons
2026-09-09 20:59:17 +0200: Memory Usage (467484K) : recog_iprobe has 0 polygons
2026-09-09 20:59:17 +0200: Memory Usage (467484K) : recog_diffprb has 0 polygons
2026-09-09 20:59:17 +0200: Memory Usage (467644K) : recog_pillar has 0 polygons
2026-09-09 20:59:17 +0200: Memory Usage (467644K) : recog_sbump has 0 polygons
2026-09-09 20:59:17 +0200: Memory Usage (467644K) : recog_otp has 0 polygons
2026-09-09 20:59:17 +0200: Memory Usage (467804K) : recog_pdiode has 0 polygons
2026-09-09 20:59:17 +0200: Memory Usage (467804K) : recog_mom has 0 polygons
2026-09-09 20:59:17 +0200: Memory Usage (467804K) : recog_pcm has 0 polygons
2026-09-09 20:59:17 +0200: Memory Usage (467964K) : colopen_drw has 0 polygons
2026-09-09 20:59:17 +0200: Memory Usage (467964K) : graphmetal1_drw has 0 polygons
2026-09-09 20:59:17 +0200: Memory Usage (467964K) : graphmetal1_filler has 0 polygons
2026-09-09 20:59:17 +0200: Memory Usage (468124K) : graphmetal1_nofill has 0 polygons
2026-09-09 20:59:17 +0200: Memory Usage (468124K) : graphmetal1_slit has 0 polygons
2026-09-09 20:59:17 +0200: Memory Usage (468124K) : graphmetal1_opc has 0 polygons
2026-09-09 20:59:17 +0200: Memory Usage (468284K) : graphmet1l_drw has 0 polygons
2026-09-09 20:59:17 +0200: Memory Usage (468284K) : graphmet1l_filler has 0 polygons
2026-09-09 20:59:17 +0200: Memory Usage (468284K) : graphmet1l_nofill has 0 polygons
2026-09-09 20:59:17 +0200: Memory Usage (468444K) : graphmet1l_slit has 0 polygons
2026-09-09 20:59:17 +0200: Memory Usage (468444K) : graphmet1l_opc has 0 polygons
2026-09-09 20:59:17 +0200: Memory Usage (468444K) : extblock_drw has 0 polygons
2026-09-09 20:59:17 +0200: Memory Usage (468604K) : nldd_drw has 0 polygons
2026-09-09 20:59:17 +0200: Memory Usage (468604K) : pldd_drw has 0 polygons
2026-09-09 20:59:17 +0200: Memory Usage (468604K) : next_drw has 0 polygons
2026-09-09 20:59:17 +0200: Memory Usage (468764K) : pext_drw has 0 polygons
2026-09-09 20:59:17 +0200: Memory Usage (468764K) : nexthv_drw has 0 polygons
2026-09-09 20:59:17 +0200: Memory Usage (468764K) : pexthv_drw has 0 polygons
2026-09-09 20:59:17 +0200: Memory Usage (468924K) : graphgate_drw has 0 polygons
2026-09-09 20:59:17 +0200: Memory Usage (468924K) : sinwg_drw has 0 polygons
2026-09-09 20:59:17 +0200: Memory Usage (468924K) : sinwg_filler has 0 polygons
2026-09-09 20:59:17 +0200: Memory Usage (469084K) : sinwg_nofill has 0 polygons
2026-09-09 20:59:17 +0200: Memory Usage (469084K) : mempad_drw has 0 polygons
2026-09-09 20:59:17 +0200: Memory Usage (469084K) : topvia1_drw has 0 polygons
2026-09-09 20:59:17 +0200: Memory Usage (469244K) : topmetal1_drw has 0 polygons
2026-09-09 20:59:17 +0200: Memory Usage (469244K) : topmetal1_pin has 0 polygons
2026-09-09 20:59:17 +0200: Memory Usage (469244K) : topmetal1_mask has 0 polygons
2026-09-09 20:59:17 +0200: Memory Usage (469244K) : topmetal1_filler has 0 polygons
2026-09-09 20:59:17 +0200: Memory Usage (469244K) : topmetal1_nofill has 0 polygons
2026-09-09 20:59:17 +0200: Memory Usage (469244K) : topmetal1_slit has 0 polygons
2026-09-09 20:59:17 +0200: Memory Usage (469244K) : topmetal1_text has 0 polygons
2026-09-09 20:59:17 +0200: Memory Usage (469244K) : topmetal1_noqrc has 0 polygons
2026-09-09 20:59:17 +0200: Memory Usage (469244K) : topmetal1_res has 0 polygons
2026-09-09 20:59:17 +0200: Memory Usage (469404K) : topmetal1_iprobe has 0 polygons
2026-09-09 20:59:17 +0200: Memory Usage (469404K) : topmetal1_diffprb has 0 polygons
2026-09-09 20:59:17 +0200: Memory Usage (469404K) : inldpwl_drw has 0 polygons
2026-09-09 20:59:17 +0200: Memory Usage (469564K) : polyres_drw has 0 polygons
2026-09-09 20:59:17 +0200: Memory Usage (469564K) : polyres_pin has 0 polygons
2026-09-09 20:59:17 +0200: Memory Usage (469564K) : vmim_drw has 0 polygons
2026-09-09 20:59:17 +0200: Memory Usage (469724K) : nbulaycut_drw has 0 polygons
2026-09-09 20:59:17 +0200: Memory Usage (469724K) : antmetal1_drw has 0 polygons
2026-09-09 20:59:17 +0200: Memory Usage (469724K) : topvia2_drw has 0 polygons
2026-09-09 20:59:17 +0200: Memory Usage (469884K) : topmetal2_drw has 0 polygons
2026-09-09 20:59:17 +0200: Memory Usage (469884K) : topmetal2_pin has 0 polygons
2026-09-09 20:59:17 +0200: Memory Usage (469884K) : topmetal2_mask has 0 polygons
2026-09-09 20:59:17 +0200: Memory Usage (470044K) : topmetal2_filler has 0 polygons
2026-09-09 20:59:17 +0200: Memory Usage (470044K) : topmetal2_nofill has 0 polygons
2026-09-09 20:59:17 +0200: Memory Usage (470044K) : topmetal2_slit has 0 polygons
2026-09-09 20:59:17 +0200: Memory Usage (470204K) : topmetal2_text has 0 polygons
2026-09-09 20:59:17 +0200: Memory Usage (470204K) : topmetal2_noqrc has 0 polygons
2026-09-09 20:59:17 +0200: Memory Usage (470204K) : topmetal2_res has 0 polygons
2026-09-09 20:59:17 +0200: Memory Usage (470364K) : topmetal2_iprobe has 0 polygons
2026-09-09 20:59:17 +0200: Memory Usage (470364K) : topmetal2_diffprb has 0 polygons
2026-09-09 20:59:17 +0200: Memory Usage (470364K) : snsring_drw has 0 polygons
2026-09-09 20:59:17 +0200: Memory Usage (470524K) : sensor_drw has 0 polygons
2026-09-09 20:59:17 +0200: Memory Usage (470524K) : snsarms_drw has 0 polygons
2026-09-09 20:59:17 +0200: Memory Usage (470524K) : snscmosvia_drw has 0 polygons
2026-09-09 20:59:17 +0200: Memory Usage (470684K) : colwind_drw has 0 polygons
2026-09-09 20:59:17 +0200: Memory Usage (470684K) : flm_drw has 0 polygons
2026-09-09 20:59:17 +0200: Memory Usage (470684K) : hafniumox_drw has 0 polygons
2026-09-09 20:59:17 +0200: Memory Usage (470844K) : memvia_drw has 0 polygons
2026-09-09 20:59:17 +0200: Memory Usage (470844K) : thinfilmres_drw has 0 polygons
2026-09-09 20:59:17 +0200: Memory Usage (470844K) : rfmem_drw has 0 polygons
2026-09-09 20:59:17 +0200: Memory Usage (471004K) : norcx_drw has 0 polygons
2026-09-09 20:59:17 +0200: Memory Usage (471004K) : norcx_m2m3 has 0 polygons
2026-09-09 20:59:17 +0200: Memory Usage (471004K) : norcx_m2m4 has 0 polygons
2026-09-09 20:59:17 +0200: Memory Usage (471164K) : norcx_m2m5 has 0 polygons
2026-09-09 20:59:17 +0200: Memory Usage (471164K) : norcx_m2tm1 has 0 polygons
2026-09-09 20:59:17 +0200: Memory Usage (471164K) : norcx_m2tm2 has 0 polygons
2026-09-09 20:59:17 +0200: Memory Usage (471324K) : norcx_m3m4 has 0 polygons
2026-09-09 20:59:17 +0200: Memory Usage (471324K) : norcx_m3m5 has 0 polygons
2026-09-09 20:59:17 +0200: Memory Usage (471324K) : norcx_m3tm1 has 0 polygons
2026-09-09 20:59:17 +0200: Memory Usage (471484K) : norcx_m3tm2 has 0 polygons
2026-09-09 20:59:17 +0200: Memory Usage (471484K) : norcx_m4m5 has 0 polygons
2026-09-09 20:59:17 +0200: Memory Usage (471484K) : norcx_m4tm1 has 0 polygons
2026-09-09 20:59:17 +0200: Memory Usage (471644K) : norcx_m4tm2 has 0 polygons
2026-09-09 20:59:17 +0200: Memory Usage (471644K) : norcx_m5tm1 has 0 polygons
2026-09-09 20:59:17 +0200: Memory Usage (471644K) : norcx_m5tm2 has 0 polygons
2026-09-09 20:59:17 +0200: Memory Usage (471804K) : norcx_tm1tm2 has 0 polygons
2026-09-09 20:59:17 +0200: Memory Usage (471804K) : norcx_m1sub has 0 polygons
2026-09-09 20:59:17 +0200: Memory Usage (471804K) : norcx_m2sub has 0 polygons
2026-09-09 20:59:17 +0200: Memory Usage (471964K) : norcx_m3sub has 0 polygons
2026-09-09 20:59:17 +0200: Memory Usage (471964K) : norcx_m4sub has 0 polygons
2026-09-09 20:59:17 +0200: Memory Usage (471964K) : norcx_m5sub has 0 polygons
2026-09-09 20:59:17 +0200: Memory Usage (472124K) : norcx_tm1sub has 0 polygons
2026-09-09 20:59:17 +0200: Memory Usage (472124K) : norcx_tm2sub has 0 polygons
2026-09-09 20:59:17 +0200: Memory Usage (472124K) : snsbotvia_drw has 0 polygons
2026-09-09 20:59:17 +0200: Memory Usage (472284K) : snstopvia_drw has 0 polygons
2026-09-09 20:59:17 +0200: Memory Usage (472284K) : deepvia_drw has 0 polygons
2026-09-09 20:59:17 +0200: Memory Usage (472284K) : fgetch_drw has 0 polygons
2026-09-09 20:59:17 +0200: Memory Usage (472444K) : ctrgat_drw has 0 polygons
2026-09-09 20:59:17 +0200: Memory Usage (472444K) : fgimp_drw has 0 polygons
2026-09-09 20:59:17 +0200: Memory Usage (472444K) : emwihv_drw has 0 polygons
2026-09-09 20:59:17 +0200: Memory Usage (472604K) : lbe_drw has 0 polygons
2026-09-09 20:59:17 +0200: Memory Usage (472604K) : alcustop_drw has 0 polygons
2026-09-09 20:59:17 +0200: Memory Usage (472604K) : nometfiller_drw has 0 polygons
2026-09-09 20:59:17 +0200: Memory Usage (472764K) : prboundary_drw has 0 polygons
2026-09-09 20:59:17 +0200: Memory Usage (472764K) : exchange0_drw has 0 polygons
2026-09-09 20:59:17 +0200: Memory Usage (472764K) : exchange0_pin has 0 polygons
2026-09-09 20:59:17 +0200: Memory Usage (472924K) : exchange0_text has 0 polygons
2026-09-09 20:59:17 +0200: Memory Usage (472924K) : exchange1_drw has 0 polygons
2026-09-09 20:59:17 +0200: Memory Usage (472924K) : exchange1_pin has 0 polygons
2026-09-09 20:59:17 +0200: Memory Usage (473084K) : exchange1_text has 0 polygons
2026-09-09 20:59:17 +0200: Memory Usage (473084K) : exchange2_drw has 0 polygons
2026-09-09 20:59:17 +0200: Memory Usage (473084K) : exchange2_pin has 0 polygons
2026-09-09 20:59:17 +0200: Memory Usage (473244K) : exchange2_text has 0 polygons
2026-09-09 20:59:17 +0200: Memory Usage (473244K) : exchange3_drw has 0 polygons
2026-09-09 20:59:17 +0200: Memory Usage (473244K) : exchange3_pin has 0 polygons
2026-09-09 20:59:17 +0200: Memory Usage (473404K) : exchange3_text has 0 polygons
2026-09-09 20:59:17 +0200: Memory Usage (473404K) : exchange4_drw has 0 polygons
2026-09-09 20:59:17 +0200: Memory Usage (473404K) : exchange4_pin has 0 polygons
2026-09-09 20:59:17 +0200: Memory Usage (473564K) : exchange4_text has 0 polygons
2026-09-09 20:59:17 +0200: Memory Usage (473564K) : isonwell_drw has 0 polygons
2026-09-09 20:59:17 +0200: Memory Usage (473564K) : Total no. of polygons in the design is 97
2026-09-09 20:59:17 +0200: Memory Usage (473564K) : Loaded TECH DRC rules values from /foss/pdks/ihp-sg13g2/libs.tech/klayout/python/sg13g2_pycell_lib/sg13g2_tech_mod.json
2026-09-09 20:59:17 +0200: Memory Usage (473564K) : Loaded default DRC rules values from /foss/pdks/ihp-sg13g2/libs.tech/klayout/tech/drc/rule_decks/sg13g2_tech_default.json
2026-09-09 20:59:17 +0200: Memory Usage (473564K) : The following rules values were missing in tech json and default values were used:
2026-09-09 20:59:17 +0200: Memory Usage (473564K) :   - NW_f1_digibnd
2026-09-09 20:59:17 +0200: Memory Usage (473564K) :   - Cnt_c_digibnd
2026-09-09 20:59:17 +0200: Memory Usage (473564K) :   - Cnt_c_sram
2026-09-09 20:59:17 +0200: Memory Usage (473564K) :   - Sdiod_b
2026-09-09 20:59:17 +0200: Memory Usage (473564K) :   - Sdiod_c
2026-09-09 20:59:17 +0200: Memory Usage (474700K) : Total area of the design is 21.072 um^2.
2026-09-09 20:59:17 +0200: Memory Usage (474700K) : The design dimensions are 4.800000000000001 µm * 4.39 µm.
2026-09-09 20:59:17 +0200: Memory Usage (474700K) : Starting general IHP-SG13G2 derivations.
2026-09-09 20:59:17 +0200: Memory Usage (474700K) : Starting Pwell derivations
2026-09-09 20:59:17 +0200: Memory Usage (476904K) : Starting p-Activ derivations
2026-09-09 20:59:17 +0200: Memory Usage (476904K) : Starting ptap derivations
2026-09-09 20:59:17 +0200: Memory Usage (476904K) : Starting HBT general derivations
2026-09-09 20:59:17 +0200: Memory Usage (476904K) : Starting IHP-SG13G2 DRC rules.
2026-09-09 20:59:17 +0200: Memory Usage (476904K) : Starting 6.1.3 NPN Substrate-Tie table
2026-09-09 20:59:17 +0200: Memory Usage (476904K) : Executing rule npn13G2.bR 
2026-09-09 20:59:17 +0200: Memory Usage (476904K) : Executing rule npn13G2L.cR 
2026-09-09 20:59:17 +0200: Memory Usage (476904K) : Executing rule npn13G2V.cR 
2026-09-09 20:59:17 +0200: Memory Usage (476904K) : KLayout DRC run for tables 'npnsubstratetie' completed in 0.24 seconds
