# Logfile created on 2026-09-09 20:59:17 +0200 by logger.rb/v1.5.3
2026-09-09 20:59:17 +0200: Memory Usage (455944K) : Starting running IHP-SG13G2 KLayout DRC runset on /foss/designs/aion_chip/flow/regress/AION_a21oi_nor2_1/baseline/reference_AION_a21oi_nor2_1.gds
2026-09-09 20:59:17 +0200: Memory Usage (455944K) : Ruby Version for klayout: 3.2.3
2026-09-09 20:59:17 +0200: Memory Usage (457096K) : Loading database to memory is complete.
2026-09-09 20:59:17 +0200: Memory Usage (457096K) : IHP-SG13G2 KLayout DRC runset output at: /foss/designs/aion_chip/flow/regress/AION_a21oi_nor2_1/baseline/drc/reference_AION_a21oi_nor2_1.klayout.drc/reference_AION_a21oi_nor2_1_reference_AION_a21oi_nor2_1_gatpolyfiller.lyrdb
2026-09-09 20:59:17 +0200: Memory Usage (457288K) : Evaluate switches.
2026-09-09 20:59:17 +0200: Memory Usage (457288K) : tables selected: gatpolyfiller
2026-09-09 20:59:17 +0200: Memory Usage (457288K) : KLayout will use 15 thread(s) in tiling mode.
2026-09-09 20:59:17 +0200: Memory Usage (457288K) : deep mode is enabled.
2026-09-09 20:59:17 +0200: Memory Usage (457288K) : FEOL enabled: false
2026-09-09 20:59:17 +0200: Memory Usage (457288K) : BEOL enabled: false
2026-09-09 20:59:17 +0200: Memory Usage (457288K) : OFFGRID enabled: true
2026-09-09 20:59:17 +0200: Memory Usage (457288K) : ANGLE enabled: true
2026-09-09 20:59:17 +0200: Memory Usage (457288K) : PIN enabled: false
2026-09-09 20:59:17 +0200: Memory Usage (457288K) : FORBIDDEN enabled: false
2026-09-09 20:59:17 +0200: Memory Usage (457288K) : RECOMMENDED enabled: true
2026-09-09 20:59:17 +0200: Memory Usage (457288K) : PreCheck DRC enabled: false
2026-09-09 20:59:17 +0200: Memory Usage (457288K) : CONNECTIVITY_RULES enabled: false.
2026-09-09 20:59:17 +0200: Memory Usage (457288K) : Read in polygons from layers.
2026-09-09 20:59:17 +0200: Memory Usage (458064K) : activ_drw has 6 polygons
2026-09-09 20:59:17 +0200: Memory Usage (458064K) : activ_pin has 0 polygons
2026-09-09 20:59:17 +0200: Memory Usage (458064K) : activ_mask has 0 polygons
2026-09-09 20:59:17 +0200: Memory Usage (458064K) : activ_filler has 0 polygons
2026-09-09 20:59:17 +0200: Memory Usage (458064K) : activ_nofill has 0 polygons
2026-09-09 20:59:17 +0200: Memory Usage (458064K) : activ_opc has 0 polygons
2026-09-09 20:59:17 +0200: Memory Usage (458064K) : activ_iopc has 0 polygons
2026-09-09 20:59:17 +0200: Memory Usage (458064K) : activ_noqrc has 0 polygons
2026-09-09 20:59:17 +0200: Memory Usage (458064K) : biwind_drw has 0 polygons
2026-09-09 20:59:17 +0200: Memory Usage (458064K) : biwind_opc has 0 polygons
2026-09-09 20:59:17 +0200: Memory Usage (458064K) : pemwind_drw has 0 polygons
2026-09-09 20:59:17 +0200: Memory Usage (458064K) : gatpoly_drw has 5 polygons
2026-09-09 20:59:17 +0200: Memory Usage (458064K) : gatpoly_pin has 0 polygons
2026-09-09 20:59:17 +0200: Memory Usage (458064K) : gatpoly_filler has 0 polygons
2026-09-09 20:59:17 +0200: Memory Usage (458064K) : gatpoly_nofill has 0 polygons
2026-09-09 20:59:17 +0200: Memory Usage (458064K) : gatpoly_opc has 0 polygons
2026-09-09 20:59:17 +0200: Memory Usage (458064K) : gatpoly_iopc has 0 polygons
2026-09-09 20:59:17 +0200: Memory Usage (458064K) : gatpoly_noqrc has 0 polygons
2026-09-09 20:59:17 +0200: Memory Usage (458064K) : cont_drw has 49 polygons
2026-09-09 20:59:17 +0200: Memory Usage (458224K) : cont_opc has 0 polygons
2026-09-09 20:59:17 +0200: Memory Usage (458224K) : nsd_drw has 0 polygons
2026-09-09 20:59:17 +0200: Memory Usage (458224K) : nsd_block has 0 polygons
2026-09-09 20:59:17 +0200: Memory Usage (458616K) : metal1_drw has 16 polygons
2026-09-09 20:59:17 +0200: Memory Usage (458616K) : metal1_pin has 7 polygons
2026-09-09 20:59:17 +0200: Memory Usage (458616K) : metal1_mask has 0 polygons
2026-09-09 20:59:17 +0200: Memory Usage (458776K) : metal1_filler has 0 polygons
2026-09-09 20:59:17 +0200: Memory Usage (458776K) : metal1_nofill has 0 polygons
2026-09-09 20:59:17 +0200: Memory Usage (458776K) : metal1_slit has 0 polygons
2026-09-09 20:59:17 +0200: Memory Usage (459128K) : metal1_text has 7 polygons
2026-09-09 20:59:17 +0200: Memory Usage (459128K) : metal1_opc has 0 polygons
2026-09-09 20:59:17 +0200: Memory Usage (459128K) : metal1_noqrc has 0 polygons
2026-09-09 20:59:17 +0200: Memory Usage (459288K) : metal1_res has 0 polygons
2026-09-09 20:59:17 +0200: Memory Usage (459288K) : metal1_iprobe has 0 polygons
2026-09-09 20:59:17 +0200: Memory Usage (459288K) : metal1_diffprb has 0 polygons
2026-09-09 20:59:17 +0200: Memory Usage (459448K) : passiv_drw has 0 polygons
2026-09-09 20:59:17 +0200: Memory Usage (459448K) : passiv_pin has 0 polygons
2026-09-09 20:59:17 +0200: Memory Usage (459608K) : passiv_sbump has 0 polygons
2026-09-09 20:59:17 +0200: Memory Usage (459608K) : passiv_pillar has 0 polygons
2026-09-09 20:59:17 +0200: Memory Usage (459608K) : passiv_pdl has 0 polygons
2026-09-09 20:59:17 +0200: Memory Usage (459608K) : metal2_drw has 2 polygons
2026-09-09 20:59:17 +0200: Memory Usage (459608K) : metal2_pin has 0 polygons
2026-09-09 20:59:17 +0200: Memory Usage (459608K) : metal2_mask has 0 polygons
2026-09-09 20:59:17 +0200: Memory Usage (459608K) : metal2_filler has 0 polygons
2026-09-09 20:59:17 +0200: Memory Usage (459608K) : metal2_nofill has 0 polygons
2026-09-09 20:59:17 +0200: Memory Usage (459608K) : metal2_slit has 0 polygons
2026-09-09 20:59:17 +0200: Memory Usage (459608K) : metal2_text has 0 polygons
2026-09-09 20:59:17 +0200: Memory Usage (459608K) : metal2_opc has 0 polygons
2026-09-09 20:59:17 +0200: Memory Usage (459928K) : metal2_noqrc has 0 polygons
2026-09-09 20:59:17 +0200: Memory Usage (459928K) : metal2_res has 0 polygons
2026-09-09 20:59:17 +0200: Memory Usage (459928K) : metal2_iprobe has 0 polygons
2026-09-09 20:59:17 +0200: Memory Usage (459928K) : metal2_diffprb has 0 polygons
2026-09-09 20:59:17 +0200: Memory Usage (459928K) : baspoly_drw has 0 polygons
2026-09-09 20:59:17 +0200: Memory Usage (459928K) : baspoly_pin has 0 polygons
2026-09-09 20:59:17 +0200: Memory Usage (459928K) : psd_drw has 2 polygons
2026-09-09 20:59:17 +0200: Memory Usage (460088K) : nldb_drw has 0 polygons
2026-09-09 20:59:17 +0200: Memory Usage (460088K) : digibnd_drw has 0 polygons
2026-09-09 20:59:17 +0200: Memory Usage (460248K) : via1_drw has 2 polygons
2026-09-09 20:59:17 +0200: Memory Usage (460248K) : backmetal1_drw has 0 polygons
2026-09-09 20:59:17 +0200: Memory Usage (460248K) : backmetal1_pin has 0 polygons
2026-09-09 20:59:17 +0200: Memory Usage (460408K) : backmetal1_mask has 0 polygons
2026-09-09 20:59:17 +0200: Memory Usage (460408K) : backmetal1_filler has 0 polygons
2026-09-09 20:59:17 +0200: Memory Usage (460408K) : backmetal1_nofill has 0 polygons
2026-09-09 20:59:17 +0200: Memory Usage (460568K) : backmetal1_slit has 0 polygons
2026-09-09 20:59:17 +0200: Memory Usage (460568K) : backmetal1_text has 0 polygons
2026-09-09 20:59:17 +0200: Memory Usage (460568K) : backmetal1_opc has 0 polygons
2026-09-09 20:59:17 +0200: Memory Usage (460728K) : backmetal1_noqrc has 0 polygons
2026-09-09 20:59:17 +0200: Memory Usage (460728K) : backmetal1_res has 0 polygons
2026-09-09 20:59:17 +0200: Memory Usage (460888K) : backmetal1_iprobe has 0 polygons
2026-09-09 20:59:17 +0200: Memory Usage (460888K) : backmetal1_diffprb has 0 polygons
2026-09-09 20:59:17 +0200: Memory Usage (461048K) : backpassiv_drw has 0 polygons
2026-09-09 20:59:17 +0200: Memory Usage (461048K) : res_drw has 0 polygons
2026-09-09 20:59:17 +0200: Memory Usage (461048K) : sram_drw has 0 polygons
2026-09-09 20:59:17 +0200: Memory Usage (461208K) : trans_drw has 0 polygons
2026-09-09 20:59:17 +0200: Memory Usage (461208K) : ind_drw has 0 polygons
2026-09-09 20:59:17 +0200: Memory Usage (461368K) : ind_pin has 0 polygons
2026-09-09 20:59:17 +0200: Memory Usage (461368K) : ind_text has 0 polygons
2026-09-09 20:59:17 +0200: Memory Usage (461368K) : salblock_drw has 0 polygons
2026-09-09 20:59:17 +0200: Memory Usage (461528K) : via2_drw has 0 polygons
2026-09-09 20:59:17 +0200: Memory Usage (461528K) : metal3_drw has 0 polygons
2026-09-09 20:59:17 +0200: Memory Usage (461528K) : metal3_pin has 0 polygons
2026-09-09 20:59:17 +0200: Memory Usage (461688K) : metal3_mask has 0 polygons
2026-09-09 20:59:17 +0200: Memory Usage (461688K) : metal3_filler has 0 polygons
2026-09-09 20:59:17 +0200: Memory Usage (461688K) : metal3_nofill has 0 polygons
2026-09-09 20:59:17 +0200: Memory Usage (461848K) : metal3_slit has 0 polygons
2026-09-09 20:59:17 +0200: Memory Usage (461848K) : metal3_text has 0 polygons
2026-09-09 20:59:17 +0200: Memory Usage (461848K) : metal3_opc has 0 polygons
2026-09-09 20:59:17 +0200: Memory Usage (462008K) : metal3_noqrc has 0 polygons
2026-09-09 20:59:17 +0200: Memory Usage (462008K) : metal3_res has 0 polygons
2026-09-09 20:59:17 +0200: Memory Usage (462168K) : metal3_iprobe has 0 polygons
2026-09-09 20:59:17 +0200: Memory Usage (462168K) : metal3_diffprb has 0 polygons
2026-09-09 20:59:17 +0200: Memory Usage (462168K) : nwell_drw has 1 polygons
2026-09-09 20:59:17 +0200: Memory Usage (462168K) : nwell_pin has 0 polygons
2026-09-09 20:59:17 +0200: Memory Usage (462328K) : nbulay_drw has 0 polygons
2026-09-09 20:59:17 +0200: Memory Usage (462328K) : nbulay_pin has 0 polygons
2026-09-09 20:59:17 +0200: Memory Usage (462328K) : nbulay_block has 0 polygons
2026-09-09 20:59:17 +0200: Memory Usage (462328K) : emwind_drw has 0 polygons
2026-09-09 20:59:17 +0200: Memory Usage (462488K) : emwind_opc has 0 polygons
2026-09-09 20:59:17 +0200: Memory Usage (462488K) : deepco_drw has 0 polygons
2026-09-09 20:59:17 +0200: Memory Usage (462488K) : deepco_drw has 0 polygons
2026-09-09 20:59:17 +0200: Memory Usage (462488K) : mim_drw has 0 polygons
2026-09-09 20:59:17 +0200: Memory Usage (462648K) : edgeseal_drw has 0 polygons
2026-09-09 20:59:17 +0200: Memory Usage (462648K) : edgeseal_bound has 0 polygons
2026-09-09 20:59:17 +0200: Memory Usage (462648K) : substrate_drw has 0 polygons
2026-09-09 20:59:17 +0200: Memory Usage (462648K) : substrate_text has 0 polygons
2026-09-09 20:59:17 +0200: Memory Usage (462648K) : dfpad_drw has 0 polygons
2026-09-09 20:59:17 +0200: Memory Usage (462808K) : dfpad_pillar has 0 polygons
2026-09-09 20:59:17 +0200: Memory Usage (462808K) : dfpad_sbump has 0 polygons
2026-09-09 20:59:17 +0200: Memory Usage (462808K) : thickgateox_drw has 0 polygons
2026-09-09 20:59:17 +0200: Memory Usage (462968K) : pldb_drw has 0 polygons
2026-09-09 20:59:17 +0200: Memory Usage (462968K) : pwell_drw has 0 polygons
2026-09-09 20:59:17 +0200: Memory Usage (462968K) : pwell_pin has 0 polygons
2026-09-09 20:59:17 +0200: Memory Usage (463128K) : pwell_block has 0 polygons
2026-09-09 20:59:17 +0200: Memory Usage (463128K) : ic_drw has 0 polygons
2026-09-09 20:59:17 +0200: Memory Usage (463128K) : via3_drw has 0 polygons
2026-09-09 20:59:17 +0200: Memory Usage (463288K) : metal4_drw has 0 polygons
2026-09-09 20:59:17 +0200: Memory Usage (463288K) : metal4_pin has 0 polygons
2026-09-09 20:59:17 +0200: Memory Usage (463288K) : metal4_mask has 0 polygons
2026-09-09 20:59:17 +0200: Memory Usage (463448K) : metal4_filler has 0 polygons
2026-09-09 20:59:17 +0200: Memory Usage (463448K) : metal4_nofill has 0 polygons
2026-09-09 20:59:17 +0200: Memory Usage (463448K) : metal4_slit has 0 polygons
2026-09-09 20:59:17 +0200: Memory Usage (463608K) : metal4_text has 0 polygons
2026-09-09 20:59:17 +0200: Memory Usage (463608K) : metal4_opc has 0 polygons
2026-09-09 20:59:17 +0200: Memory Usage (463608K) : metal4_noqrc has 0 polygons
2026-09-09 20:59:17 +0200: Memory Usage (463768K) : metal4_res has 0 polygons
2026-09-09 20:59:17 +0200: Memory Usage (463768K) : metal4_iprobe has 0 polygons
2026-09-09 20:59:17 +0200: Memory Usage (463768K) : metal4_diffprb has 0 polygons
2026-09-09 20:59:17 +0200: Memory Usage (463928K) : heattrans_drw has 0 polygons
2026-09-09 20:59:17 +0200: Memory Usage (463928K) : heatres_drw has 0 polygons
2026-09-09 20:59:17 +0200: Memory Usage (463928K) : pempoly_drw has 0 polygons
2026-09-09 20:59:17 +0200: Memory Usage (464088K) : fbe_drw has 0 polygons
2026-09-09 20:59:17 +0200: Memory Usage (464088K) : empoly_drw has 0 polygons
2026-09-09 20:59:17 +0200: Memory Usage (464248K) : ldmos_drw has 0 polygons
2026-09-09 20:59:17 +0200: Memory Usage (464248K) : pbiwind_drw has 0 polygons
2026-09-09 20:59:17 +0200: Memory Usage (464248K) : digisub_drw has 0 polygons
2026-09-09 20:59:17 +0200: Memory Usage (464248K) : nodrc_drw has 0 polygons
2026-09-09 20:59:17 +0200: Memory Usage (464408K) : text_drw has 0 polygons
2026-09-09 20:59:17 +0200: Memory Usage (464408K) : via4_drw has 0 polygons
2026-09-09 20:59:17 +0200: Memory Usage (464408K) : metal5_drw has 0 polygons
2026-09-09 20:59:17 +0200: Memory Usage (464408K) : metal5_pin has 0 polygons
2026-09-09 20:59:17 +0200: Memory Usage (464568K) : metal5_mask has 0 polygons
2026-09-09 20:59:17 +0200: Memory Usage (464568K) : metal5_filler has 0 polygons
2026-09-09 20:59:17 +0200: Memory Usage (464568K) : metal5_nofill has 0 polygons
2026-09-09 20:59:17 +0200: Memory Usage (464568K) : metal5_slit has 0 polygons
2026-09-09 20:59:17 +0200: Memory Usage (464728K) : metal5_text has 0 polygons
2026-09-09 20:59:17 +0200: Memory Usage (464728K) : metal5_opc has 0 polygons
2026-09-09 20:59:17 +0200: Memory Usage (464728K) : metal5_noqrc has 0 polygons
2026-09-09 20:59:17 +0200: Memory Usage (464888K) : metal5_res has 0 polygons
2026-09-09 20:59:17 +0200: Memory Usage (464888K) : metal5_iprobe has 0 polygons
2026-09-09 20:59:17 +0200: Memory Usage (464888K) : metal5_diffprb has 0 polygons
2026-09-09 20:59:17 +0200: Memory Usage (465048K) : radhard_drw has 0 polygons
2026-09-09 20:59:17 +0200: Memory Usage (465048K) : memcap_drw has 0 polygons
2026-09-09 20:59:17 +0200: Memory Usage (465048K) : varicap_drw has 0 polygons
2026-09-09 20:59:17 +0200: Memory Usage (465208K) : flash_drw has 0 polygons
2026-09-09 20:59:17 +0200: Memory Usage (465208K) : intbondvia_drw has 0 polygons
2026-09-09 20:59:17 +0200: Memory Usage (465208K) : intbondmet_drw has 0 polygons
2026-09-09 20:59:17 +0200: Memory Usage (465368K) : devbondvia_drw has 0 polygons
2026-09-09 20:59:17 +0200: Memory Usage (465368K) : devbondmet_drw has 0 polygons
2026-09-09 20:59:17 +0200: Memory Usage (465528K) : devtrench_drw has 0 polygons
2026-09-09 20:59:17 +0200: Memory Usage (465528K) : redist_drw has 0 polygons
2026-09-09 20:59:17 +0200: Memory Usage (465528K) : graphbot_drw has 0 polygons
2026-09-09 20:59:17 +0200: Memory Usage (465688K) : graphtop_drw has 0 polygons
2026-09-09 20:59:17 +0200: Memory Usage (465688K) : antvia1_drw has 0 polygons
2026-09-09 20:59:17 +0200: Memory Usage (465688K) : antmetal2_drw has 0 polygons
2026-09-09 20:59:17 +0200: Memory Usage (465848K) : graphcont_drw has 0 polygons
2026-09-09 20:59:17 +0200: Memory Usage (465848K) : siwg_drw has 0 polygons
2026-09-09 20:59:17 +0200: Memory Usage (465848K) : siwg_filler has 0 polygons
2026-09-09 20:59:17 +0200: Memory Usage (465848K) : siwg_nofill has 0 polygons
2026-09-09 20:59:17 +0200: Memory Usage (466008K) : sigrating_drw has 0 polygons
2026-09-09 20:59:17 +0200: Memory Usage (466008K) : singrating_drw has 0 polygons
2026-09-09 20:59:17 +0200: Memory Usage (466168K) : graphpas_drw has 0 polygons
2026-09-09 20:59:17 +0200: Memory Usage (466168K) : emwind3_drw has 0 polygons
2026-09-09 20:59:17 +0200: Memory Usage (466168K) : emwihv3_drw has 0 polygons
2026-09-09 20:59:17 +0200: Memory Usage (466168K) : redbulay_drw has 0 polygons
2026-09-09 20:59:17 +0200: Memory Usage (466328K) : smos_drw has 0 polygons
2026-09-09 20:59:17 +0200: Memory Usage (466328K) : graphpad_drw has 0 polygons
2026-09-09 20:59:17 +0200: Memory Usage (466328K) : polimide_drw has 0 polygons
2026-09-09 20:59:17 +0200: Memory Usage (466328K) : polimide_pin has 0 polygons
2026-09-09 20:59:17 +0200: Memory Usage (466328K) : recog_drw has 0 polygons
2026-09-09 20:59:17 +0200: Memory Usage (466488K) : recog_pin has 0 polygons
2026-09-09 20:59:17 +0200: Memory Usage (466488K) : recog_esd has 0 polygons
2026-09-09 20:59:17 +0200: Memory Usage (466488K) : recog_diode has 0 polygons
2026-09-09 20:59:17 +0200: Memory Usage (466648K) : recog_tsv has 0 polygons
2026-09-09 20:59:17 +0200: Memory Usage (466648K) : recog_iprobe has 0 polygons
2026-09-09 20:59:17 +0200: Memory Usage (466648K) : recog_diffprb has 0 polygons
2026-09-09 20:59:17 +0200: Memory Usage (466808K) : recog_pillar has 0 polygons
2026-09-09 20:59:17 +0200: Memory Usage (466808K) : recog_sbump has 0 polygons
2026-09-09 20:59:17 +0200: Memory Usage (466808K) : recog_otp has 0 polygons
2026-09-09 20:59:17 +0200: Memory Usage (466968K) : recog_pdiode has 0 polygons
2026-09-09 20:59:17 +0200: Memory Usage (466968K) : recog_mom has 0 polygons
2026-09-09 20:59:17 +0200: Memory Usage (466968K) : recog_pcm has 0 polygons
2026-09-09 20:59:17 +0200: Memory Usage (467128K) : colopen_drw has 0 polygons
2026-09-09 20:59:17 +0200: Memory Usage (467128K) : graphmetal1_drw has 0 polygons
2026-09-09 20:59:17 +0200: Memory Usage (467128K) : graphmetal1_filler has 0 polygons
2026-09-09 20:59:17 +0200: Memory Usage (467288K) : graphmetal1_nofill has 0 polygons
2026-09-09 20:59:17 +0200: Memory Usage (467288K) : graphmetal1_slit has 0 polygons
2026-09-09 20:59:17 +0200: Memory Usage (467288K) : graphmetal1_opc has 0 polygons
2026-09-09 20:59:17 +0200: Memory Usage (467448K) : graphmet1l_drw has 0 polygons
2026-09-09 20:59:17 +0200: Memory Usage (467448K) : graphmet1l_filler has 0 polygons
2026-09-09 20:59:17 +0200: Memory Usage (467448K) : graphmet1l_nofill has 0 polygons
2026-09-09 20:59:17 +0200: Memory Usage (467608K) : graphmet1l_slit has 0 polygons
2026-09-09 20:59:17 +0200: Memory Usage (467608K) : graphmet1l_opc has 0 polygons
2026-09-09 20:59:17 +0200: Memory Usage (467608K) : extblock_drw has 0 polygons
2026-09-09 20:59:17 +0200: Memory Usage (467768K) : nldd_drw has 0 polygons
2026-09-09 20:59:17 +0200: Memory Usage (467768K) : pldd_drw has 0 polygons
2026-09-09 20:59:17 +0200: Memory Usage (467768K) : next_drw has 0 polygons
2026-09-09 20:59:17 +0200: Memory Usage (467928K) : pext_drw has 0 polygons
2026-09-09 20:59:17 +0200: Memory Usage (467928K) : nexthv_drw has 0 polygons
2026-09-09 20:59:17 +0200: Memory Usage (467928K) : pexthv_drw has 0 polygons
2026-09-09 20:59:17 +0200: Memory Usage (468088K) : graphgate_drw has 0 polygons
2026-09-09 20:59:17 +0200: Memory Usage (468088K) : sinwg_drw has 0 polygons
2026-09-09 20:59:17 +0200: Memory Usage (468088K) : sinwg_filler has 0 polygons
2026-09-09 20:59:17 +0200: Memory Usage (468248K) : sinwg_nofill has 0 polygons
2026-09-09 20:59:17 +0200: Memory Usage (468248K) : mempad_drw has 0 polygons
2026-09-09 20:59:17 +0200: Memory Usage (468248K) : topvia1_drw has 0 polygons
2026-09-09 20:59:17 +0200: Memory Usage (468248K) : topmetal1_drw has 0 polygons
2026-09-09 20:59:17 +0200: Memory Usage (468248K) : topmetal1_pin has 0 polygons
2026-09-09 20:59:17 +0200: Memory Usage (468248K) : topmetal1_mask has 0 polygons
2026-09-09 20:59:17 +0200: Memory Usage (468248K) : topmetal1_filler has 0 polygons
2026-09-09 20:59:17 +0200: Memory Usage (468248K) : topmetal1_nofill has 0 polygons
2026-09-09 20:59:17 +0200: Memory Usage (468248K) : topmetal1_slit has 0 polygons
2026-09-09 20:59:17 +0200: Memory Usage (468248K) : topmetal1_text has 0 polygons
2026-09-09 20:59:17 +0200: Memory Usage (468408K) : topmetal1_noqrc has 0 polygons
2026-09-09 20:59:17 +0200: Memory Usage (468408K) : topmetal1_res has 0 polygons
2026-09-09 20:59:17 +0200: Memory Usage (468408K) : topmetal1_iprobe has 0 polygons
2026-09-09 20:59:17 +0200: Memory Usage (468568K) : topmetal1_diffprb has 0 polygons
2026-09-09 20:59:17 +0200: Memory Usage (468568K) : inldpwl_drw has 0 polygons
2026-09-09 20:59:17 +0200: Memory Usage (468568K) : polyres_drw has 0 polygons
2026-09-09 20:59:17 +0200: Memory Usage (468728K) : polyres_pin has 0 polygons
2026-09-09 20:59:17 +0200: Memory Usage (468728K) : vmim_drw has 0 polygons
2026-09-09 20:59:17 +0200: Memory Usage (468728K) : nbulaycut_drw has 0 polygons
2026-09-09 20:59:17 +0200: Memory Usage (468888K) : antmetal1_drw has 0 polygons
2026-09-09 20:59:17 +0200: Memory Usage (468888K) : topvia2_drw has 0 polygons
2026-09-09 20:59:17 +0200: Memory Usage (468888K) : topmetal2_drw has 0 polygons
2026-09-09 20:59:17 +0200: Memory Usage (469048K) : topmetal2_pin has 0 polygons
2026-09-09 20:59:17 +0200: Memory Usage (469048K) : topmetal2_mask has 0 polygons
2026-09-09 20:59:17 +0200: Memory Usage (469048K) : topmetal2_filler has 0 polygons
2026-09-09 20:59:17 +0200: Memory Usage (469208K) : topmetal2_nofill has 0 polygons
2026-09-09 20:59:17 +0200: Memory Usage (469208K) : topmetal2_slit has 0 polygons
2026-09-09 20:59:17 +0200: Memory Usage (469208K) : topmetal2_text has 0 polygons
2026-09-09 20:59:17 +0200: Memory Usage (469368K) : topmetal2_noqrc has 0 polygons
2026-09-09 20:59:17 +0200: Memory Usage (469368K) : topmetal2_res has 0 polygons
2026-09-09 20:59:17 +0200: Memory Usage (469368K) : topmetal2_iprobe has 0 polygons
2026-09-09 20:59:17 +0200: Memory Usage (469528K) : topmetal2_diffprb has 0 polygons
2026-09-09 20:59:17 +0200: Memory Usage (469528K) : snsring_drw has 0 polygons
2026-09-09 20:59:17 +0200: Memory Usage (469528K) : sensor_drw has 0 polygons
2026-09-09 20:59:17 +0200: Memory Usage (469688K) : snsarms_drw has 0 polygons
2026-09-09 20:59:17 +0200: Memory Usage (469688K) : snscmosvia_drw has 0 polygons
2026-09-09 20:59:17 +0200: Memory Usage (469688K) : colwind_drw has 0 polygons
2026-09-09 20:59:17 +0200: Memory Usage (469848K) : flm_drw has 0 polygons
2026-09-09 20:59:17 +0200: Memory Usage (469848K) : hafniumox_drw has 0 polygons
2026-09-09 20:59:17 +0200: Memory Usage (469848K) : memvia_drw has 0 polygons
2026-09-09 20:59:17 +0200: Memory Usage (470008K) : thinfilmres_drw has 0 polygons
2026-09-09 20:59:17 +0200: Memory Usage (470008K) : rfmem_drw has 0 polygons
2026-09-09 20:59:17 +0200: Memory Usage (470008K) : norcx_drw has 0 polygons
2026-09-09 20:59:17 +0200: Memory Usage (470168K) : norcx_m2m3 has 0 polygons
2026-09-09 20:59:17 +0200: Memory Usage (470168K) : norcx_m2m4 has 0 polygons
2026-09-09 20:59:17 +0200: Memory Usage (470168K) : norcx_m2m5 has 0 polygons
2026-09-09 20:59:17 +0200: Memory Usage (470328K) : norcx_m2tm1 has 0 polygons
2026-09-09 20:59:17 +0200: Memory Usage (470328K) : norcx_m2tm2 has 0 polygons
2026-09-09 20:59:17 +0200: Memory Usage (470328K) : norcx_m3m4 has 0 polygons
2026-09-09 20:59:17 +0200: Memory Usage (470488K) : norcx_m3m5 has 0 polygons
2026-09-09 20:59:17 +0200: Memory Usage (470488K) : norcx_m3tm1 has 0 polygons
2026-09-09 20:59:17 +0200: Memory Usage (470488K) : norcx_m3tm2 has 0 polygons
2026-09-09 20:59:17 +0200: Memory Usage (470648K) : norcx_m4m5 has 0 polygons
2026-09-09 20:59:17 +0200: Memory Usage (470648K) : norcx_m4tm1 has 0 polygons
2026-09-09 20:59:17 +0200: Memory Usage (470648K) : norcx_m4tm2 has 0 polygons
2026-09-09 20:59:17 +0200: Memory Usage (470808K) : norcx_m5tm1 has 0 polygons
2026-09-09 20:59:17 +0200: Memory Usage (470808K) : norcx_m5tm2 has 0 polygons
2026-09-09 20:59:17 +0200: Memory Usage (470808K) : norcx_tm1tm2 has 0 polygons
2026-09-09 20:59:17 +0200: Memory Usage (470968K) : norcx_m1sub has 0 polygons
2026-09-09 20:59:17 +0200: Memory Usage (470968K) : norcx_m2sub has 0 polygons
2026-09-09 20:59:17 +0200: Memory Usage (470968K) : norcx_m3sub has 0 polygons
2026-09-09 20:59:17 +0200: Memory Usage (471128K) : norcx_m4sub has 0 polygons
2026-09-09 20:59:17 +0200: Memory Usage (471128K) : norcx_m5sub has 0 polygons
2026-09-09 20:59:17 +0200: Memory Usage (471288K) : norcx_tm1sub has 0 polygons
2026-09-09 20:59:17 +0200: Memory Usage (471288K) : norcx_tm2sub has 0 polygons
2026-09-09 20:59:17 +0200: Memory Usage (471288K) : snsbotvia_drw has 0 polygons
2026-09-09 20:59:17 +0200: Memory Usage (471448K) : snstopvia_drw has 0 polygons
2026-09-09 20:59:17 +0200: Memory Usage (471448K) : deepvia_drw has 0 polygons
2026-09-09 20:59:17 +0200: Memory Usage (471448K) : fgetch_drw has 0 polygons
2026-09-09 20:59:17 +0200: Memory Usage (471608K) : ctrgat_drw has 0 polygons
2026-09-09 20:59:17 +0200: Memory Usage (471608K) : fgimp_drw has 0 polygons
2026-09-09 20:59:17 +0200: Memory Usage (471608K) : emwihv_drw has 0 polygons
2026-09-09 20:59:17 +0200: Memory Usage (471768K) : lbe_drw has 0 polygons
2026-09-09 20:59:17 +0200: Memory Usage (471768K) : alcustop_drw has 0 polygons
2026-09-09 20:59:17 +0200: Memory Usage (471768K) : nometfiller_drw has 0 polygons
2026-09-09 20:59:17 +0200: Memory Usage (471928K) : prboundary_drw has 0 polygons
2026-09-09 20:59:17 +0200: Memory Usage (471928K) : exchange0_drw has 0 polygons
2026-09-09 20:59:17 +0200: Memory Usage (471928K) : exchange0_pin has 0 polygons
2026-09-09 20:59:17 +0200: Memory Usage (472088K) : exchange0_text has 0 polygons
2026-09-09 20:59:17 +0200: Memory Usage (472088K) : exchange1_drw has 0 polygons
2026-09-09 20:59:17 +0200: Memory Usage (472088K) : exchange1_pin has 0 polygons
2026-09-09 20:59:17 +0200: Memory Usage (472088K) : exchange1_text has 0 polygons
2026-09-09 20:59:17 +0200: Memory Usage (472248K) : exchange2_drw has 0 polygons
2026-09-09 20:59:17 +0200: Memory Usage (472248K) : exchange2_pin has 0 polygons
2026-09-09 20:59:17 +0200: Memory Usage (472248K) : exchange2_text has 0 polygons
2026-09-09 20:59:17 +0200: Memory Usage (472408K) : exchange3_drw has 0 polygons
2026-09-09 20:59:17 +0200: Memory Usage (472408K) : exchange3_pin has 0 polygons
2026-09-09 20:59:17 +0200: Memory Usage (472408K) : exchange3_text has 0 polygons
2026-09-09 20:59:17 +0200: Memory Usage (472568K) : exchange4_drw has 0 polygons
2026-09-09 20:59:17 +0200: Memory Usage (472568K) : exchange4_pin has 0 polygons
2026-09-09 20:59:17 +0200: Memory Usage (472568K) : exchange4_text has 0 polygons
2026-09-09 20:59:17 +0200: Memory Usage (472728K) : isonwell_drw has 0 polygons
2026-09-09 20:59:17 +0200: Memory Usage (472728K) : Total no. of polygons in the design is 97
2026-09-09 20:59:17 +0200: Memory Usage (472728K) : Loaded TECH DRC rules values from /foss/pdks/ihp-sg13g2/libs.tech/klayout/python/sg13g2_pycell_lib/sg13g2_tech_mod.json
2026-09-09 20:59:17 +0200: Memory Usage (472728K) : Loaded default DRC rules values from /foss/pdks/ihp-sg13g2/libs.tech/klayout/tech/drc/rule_decks/sg13g2_tech_default.json
2026-09-09 20:59:17 +0200: Memory Usage (472728K) : The following rules values were missing in tech json and default values were used:
2026-09-09 20:59:17 +0200: Memory Usage (472728K) :   - NW_f1_digibnd
2026-09-09 20:59:17 +0200: Memory Usage (472728K) :   - Cnt_c_digibnd
2026-09-09 20:59:17 +0200: Memory Usage (472728K) :   - Cnt_c_sram
2026-09-09 20:59:17 +0200: Memory Usage (472728K) :   - Sdiod_b
2026-09-09 20:59:17 +0200: Memory Usage (472728K) :   - Sdiod_c
2026-09-09 20:59:17 +0200: Memory Usage (474040K) : Total area of the design is 21.072 um^2.
2026-09-09 20:59:17 +0200: Memory Usage (474040K) : The design dimensions are 4.800000000000001 µm * 4.39 µm.
2026-09-09 20:59:17 +0200: Memory Usage (474040K) : Starting general IHP-SG13G2 derivations.
2026-09-09 20:59:17 +0200: Memory Usage (474040K) : Starting Pwell derivations
2026-09-09 20:59:17 +0200: Memory Usage (475592K) : Starting IHP-SG13G2 DRC rules.
2026-09-09 20:59:17 +0200: Memory Usage (475592K) : Starting 5.9 GatPoly:filler
2026-09-09 20:59:17 +0200: Memory Usage (475800K) : Executing rule GFil.d
2026-09-09 20:59:17 +0200: Memory Usage (475972K) : Executing rule GFil.e
2026-09-09 20:59:17 +0200: Memory Usage (475972K) : Executing rule GFil.i
2026-09-09 20:59:17 +0200: Memory Usage (475972K) : KLayout DRC run for tables 'gatpolyfiller' completed in 0.2 seconds
