# Logfile created on 2026-09-09 20:59:16 +0200 by logger.rb/v1.5.3
2026-09-09 20:59:16 +0200: Memory Usage (454832K) : Starting running IHP-SG13G2 KLayout DRC runset on /foss/designs/aion_chip/flow/regress/AION_a21oi_nor2_1/baseline/reference_AION_a21oi_nor2_1.gds
2026-09-09 20:59:16 +0200: Memory Usage (454832K) : Ruby Version for klayout: 3.2.3
2026-09-09 20:59:16 +0200: Memory Usage (455988K) : Loading database to memory is complete.
2026-09-09 20:59:16 +0200: Memory Usage (455988K) : IHP-SG13G2 KLayout DRC runset output at: /foss/designs/aion_chip/flow/regress/AION_a21oi_nor2_1/baseline/drc/reference_AION_a21oi_nor2_1.klayout.drc/reference_AION_a21oi_nor2_1_reference_AION_a21oi_nor2_1_psd.lyrdb
2026-09-09 20:59:16 +0200: Memory Usage (456180K) : Evaluate switches.
2026-09-09 20:59:16 +0200: Memory Usage (456180K) : tables selected: psd
2026-09-09 20:59:16 +0200: Memory Usage (456180K) : KLayout will use 15 thread(s) in tiling mode.
2026-09-09 20:59:16 +0200: Memory Usage (456180K) : deep mode is enabled.
2026-09-09 20:59:16 +0200: Memory Usage (456180K) : FEOL enabled: false
2026-09-09 20:59:16 +0200: Memory Usage (456180K) : BEOL enabled: false
2026-09-09 20:59:16 +0200: Memory Usage (456180K) : OFFGRID enabled: true
2026-09-09 20:59:16 +0200: Memory Usage (456180K) : ANGLE enabled: true
2026-09-09 20:59:16 +0200: Memory Usage (456180K) : PIN enabled: false
2026-09-09 20:59:16 +0200: Memory Usage (456180K) : FORBIDDEN enabled: false
2026-09-09 20:59:16 +0200: Memory Usage (456180K) : RECOMMENDED enabled: true
2026-09-09 20:59:16 +0200: Memory Usage (456180K) : PreCheck DRC enabled: false
2026-09-09 20:59:16 +0200: Memory Usage (456180K) : CONNECTIVITY_RULES enabled: false.
2026-09-09 20:59:16 +0200: Memory Usage (456180K) : Read in polygons from layers.
2026-09-09 20:59:16 +0200: Memory Usage (456952K) : activ_drw has 6 polygons
2026-09-09 20:59:16 +0200: Memory Usage (456952K) : activ_pin has 0 polygons
2026-09-09 20:59:16 +0200: Memory Usage (456952K) : activ_mask has 0 polygons
2026-09-09 20:59:16 +0200: Memory Usage (456952K) : activ_filler has 0 polygons
2026-09-09 20:59:16 +0200: Memory Usage (456952K) : activ_nofill has 0 polygons
2026-09-09 20:59:16 +0200: Memory Usage (456952K) : activ_opc has 0 polygons
2026-09-09 20:59:16 +0200: Memory Usage (456952K) : activ_iopc has 0 polygons
2026-09-09 20:59:16 +0200: Memory Usage (456952K) : activ_noqrc has 0 polygons
2026-09-09 20:59:16 +0200: Memory Usage (456952K) : biwind_drw has 0 polygons
2026-09-09 20:59:16 +0200: Memory Usage (456952K) : biwind_opc has 0 polygons
2026-09-09 20:59:16 +0200: Memory Usage (456952K) : pemwind_drw has 0 polygons
2026-09-09 20:59:16 +0200: Memory Usage (457144K) : gatpoly_drw has 5 polygons
2026-09-09 20:59:16 +0200: Memory Usage (457144K) : gatpoly_pin has 0 polygons
2026-09-09 20:59:16 +0200: Memory Usage (457144K) : gatpoly_filler has 0 polygons
2026-09-09 20:59:16 +0200: Memory Usage (457304K) : gatpoly_nofill has 0 polygons
2026-09-09 20:59:16 +0200: Memory Usage (457304K) : gatpoly_opc has 0 polygons
2026-09-09 20:59:16 +0200: Memory Usage (457304K) : gatpoly_iopc has 0 polygons
2026-09-09 20:59:16 +0200: Memory Usage (457304K) : gatpoly_noqrc has 0 polygons
2026-09-09 20:59:16 +0200: Memory Usage (457304K) : cont_drw has 49 polygons
2026-09-09 20:59:16 +0200: Memory Usage (457464K) : cont_opc has 0 polygons
2026-09-09 20:59:16 +0200: Memory Usage (457464K) : nsd_drw has 0 polygons
2026-09-09 20:59:16 +0200: Memory Usage (457464K) : nsd_block has 0 polygons
2026-09-09 20:59:16 +0200: Memory Usage (457656K) : metal1_drw has 16 polygons
2026-09-09 20:59:16 +0200: Memory Usage (457656K) : metal1_pin has 7 polygons
2026-09-09 20:59:16 +0200: Memory Usage (457656K) : metal1_mask has 0 polygons
2026-09-09 20:59:16 +0200: Memory Usage (457656K) : metal1_filler has 0 polygons
2026-09-09 20:59:16 +0200: Memory Usage (457816K) : metal1_nofill has 0 polygons
2026-09-09 20:59:16 +0200: Memory Usage (457816K) : metal1_slit has 0 polygons
2026-09-09 20:59:16 +0200: Memory Usage (458020K) : metal1_text has 7 polygons
2026-09-09 20:59:16 +0200: Memory Usage (458180K) : metal1_opc has 0 polygons
2026-09-09 20:59:16 +0200: Memory Usage (458180K) : metal1_noqrc has 0 polygons
2026-09-09 20:59:16 +0200: Memory Usage (458180K) : metal1_res has 0 polygons
2026-09-09 20:59:16 +0200: Memory Usage (458340K) : metal1_iprobe has 0 polygons
2026-09-09 20:59:16 +0200: Memory Usage (458340K) : metal1_diffprb has 0 polygons
2026-09-09 20:59:16 +0200: Memory Usage (458340K) : passiv_drw has 0 polygons
2026-09-09 20:59:16 +0200: Memory Usage (458500K) : passiv_pin has 0 polygons
2026-09-09 20:59:16 +0200: Memory Usage (458500K) : passiv_sbump has 0 polygons
2026-09-09 20:59:16 +0200: Memory Usage (458660K) : passiv_pillar has 0 polygons
2026-09-09 20:59:16 +0200: Memory Usage (458660K) : passiv_pdl has 0 polygons
2026-09-09 20:59:16 +0200: Memory Usage (458660K) : metal2_drw has 2 polygons
2026-09-09 20:59:16 +0200: Memory Usage (458660K) : metal2_pin has 0 polygons
2026-09-09 20:59:16 +0200: Memory Usage (458660K) : metal2_mask has 0 polygons
2026-09-09 20:59:16 +0200: Memory Usage (458660K) : metal2_filler has 0 polygons
2026-09-09 20:59:16 +0200: Memory Usage (458660K) : metal2_nofill has 0 polygons
2026-09-09 20:59:16 +0200: Memory Usage (458660K) : metal2_slit has 0 polygons
2026-09-09 20:59:16 +0200: Memory Usage (458660K) : metal2_text has 0 polygons
2026-09-09 20:59:16 +0200: Memory Usage (458660K) : metal2_opc has 0 polygons
2026-09-09 20:59:16 +0200: Memory Usage (458820K) : metal2_noqrc has 0 polygons
2026-09-09 20:59:16 +0200: Memory Usage (458820K) : metal2_res has 0 polygons
2026-09-09 20:59:16 +0200: Memory Usage (458820K) : metal2_iprobe has 0 polygons
2026-09-09 20:59:16 +0200: Memory Usage (458820K) : metal2_diffprb has 0 polygons
2026-09-09 20:59:16 +0200: Memory Usage (458980K) : baspoly_drw has 0 polygons
2026-09-09 20:59:16 +0200: Memory Usage (458980K) : baspoly_pin has 0 polygons
2026-09-09 20:59:16 +0200: Memory Usage (458980K) : psd_drw has 2 polygons
2026-09-09 20:59:16 +0200: Memory Usage (459140K) : nldb_drw has 0 polygons
2026-09-09 20:59:16 +0200: Memory Usage (459140K) : digibnd_drw has 0 polygons
2026-09-09 20:59:16 +0200: Memory Usage (459140K) : via1_drw has 2 polygons
2026-09-09 20:59:16 +0200: Memory Usage (459300K) : backmetal1_drw has 0 polygons
2026-09-09 20:59:16 +0200: Memory Usage (459300K) : backmetal1_pin has 0 polygons
2026-09-09 20:59:16 +0200: Memory Usage (459300K) : backmetal1_mask has 0 polygons
2026-09-09 20:59:16 +0200: Memory Usage (459460K) : backmetal1_filler has 0 polygons
2026-09-09 20:59:16 +0200: Memory Usage (459460K) : backmetal1_nofill has 0 polygons
2026-09-09 20:59:16 +0200: Memory Usage (459460K) : backmetal1_slit has 0 polygons
2026-09-09 20:59:16 +0200: Memory Usage (459620K) : backmetal1_text has 0 polygons
2026-09-09 20:59:16 +0200: Memory Usage (459620K) : backmetal1_opc has 0 polygons
2026-09-09 20:59:16 +0200: Memory Usage (459780K) : backmetal1_noqrc has 0 polygons
2026-09-09 20:59:16 +0200: Memory Usage (459780K) : backmetal1_res has 0 polygons
2026-09-09 20:59:16 +0200: Memory Usage (459940K) : backmetal1_iprobe has 0 polygons
2026-09-09 20:59:16 +0200: Memory Usage (459940K) : backmetal1_diffprb has 0 polygons
2026-09-09 20:59:16 +0200: Memory Usage (460100K) : backpassiv_drw has 0 polygons
2026-09-09 20:59:16 +0200: Memory Usage (460100K) : res_drw has 0 polygons
2026-09-09 20:59:16 +0200: Memory Usage (460100K) : sram_drw has 0 polygons
2026-09-09 20:59:16 +0200: Memory Usage (460260K) : trans_drw has 0 polygons
2026-09-09 20:59:16 +0200: Memory Usage (460260K) : ind_drw has 0 polygons
2026-09-09 20:59:16 +0200: Memory Usage (460260K) : ind_pin has 0 polygons
2026-09-09 20:59:16 +0200: Memory Usage (460420K) : ind_text has 0 polygons
2026-09-09 20:59:16 +0200: Memory Usage (460420K) : salblock_drw has 0 polygons
2026-09-09 20:59:16 +0200: Memory Usage (460420K) : via2_drw has 0 polygons
2026-09-09 20:59:16 +0200: Memory Usage (460580K) : metal3_drw has 0 polygons
2026-09-09 20:59:16 +0200: Memory Usage (460580K) : metal3_pin has 0 polygons
2026-09-09 20:59:16 +0200: Memory Usage (460580K) : metal3_mask has 0 polygons
2026-09-09 20:59:16 +0200: Memory Usage (460740K) : metal3_filler has 0 polygons
2026-09-09 20:59:16 +0200: Memory Usage (460740K) : metal3_nofill has 0 polygons
2026-09-09 20:59:16 +0200: Memory Usage (460740K) : metal3_slit has 0 polygons
2026-09-09 20:59:16 +0200: Memory Usage (460900K) : metal3_text has 0 polygons
2026-09-09 20:59:16 +0200: Memory Usage (460900K) : metal3_opc has 0 polygons
2026-09-09 20:59:16 +0200: Memory Usage (461060K) : metal3_noqrc has 0 polygons
2026-09-09 20:59:16 +0200: Memory Usage (461060K) : metal3_res has 0 polygons
2026-09-09 20:59:16 +0200: Memory Usage (461060K) : metal3_iprobe has 0 polygons
2026-09-09 20:59:16 +0200: Memory Usage (461060K) : metal3_diffprb has 0 polygons
2026-09-09 20:59:16 +0200: Memory Usage (461220K) : nwell_drw has 1 polygons
2026-09-09 20:59:16 +0200: Memory Usage (461220K) : nwell_pin has 0 polygons
2026-09-09 20:59:16 +0200: Memory Usage (461220K) : nbulay_drw has 0 polygons
2026-09-09 20:59:16 +0200: Memory Usage (461220K) : nbulay_pin has 0 polygons
2026-09-09 20:59:16 +0200: Memory Usage (461380K) : nbulay_block has 0 polygons
2026-09-09 20:59:16 +0200: Memory Usage (461380K) : emwind_drw has 0 polygons
2026-09-09 20:59:16 +0200: Memory Usage (461380K) : emwind_opc has 0 polygons
2026-09-09 20:59:16 +0200: Memory Usage (461380K) : deepco_drw has 0 polygons
2026-09-09 20:59:16 +0200: Memory Usage (461380K) : deepco_drw has 0 polygons
2026-09-09 20:59:16 +0200: Memory Usage (461540K) : mim_drw has 0 polygons
2026-09-09 20:59:16 +0200: Memory Usage (461540K) : edgeseal_drw has 0 polygons
2026-09-09 20:59:16 +0200: Memory Usage (461540K) : edgeseal_bound has 0 polygons
2026-09-09 20:59:16 +0200: Memory Usage (461540K) : substrate_drw has 0 polygons
2026-09-09 20:59:16 +0200: Memory Usage (461700K) : substrate_text has 0 polygons
2026-09-09 20:59:16 +0200: Memory Usage (461700K) : dfpad_drw has 0 polygons
2026-09-09 20:59:16 +0200: Memory Usage (461700K) : dfpad_pillar has 0 polygons
2026-09-09 20:59:16 +0200: Memory Usage (461860K) : dfpad_sbump has 0 polygons
2026-09-09 20:59:16 +0200: Memory Usage (461860K) : thickgateox_drw has 0 polygons
2026-09-09 20:59:16 +0200: Memory Usage (461860K) : pldb_drw has 0 polygons
2026-09-09 20:59:16 +0200: Memory Usage (462020K) : pwell_drw has 0 polygons
2026-09-09 20:59:16 +0200: Memory Usage (462020K) : pwell_pin has 0 polygons
2026-09-09 20:59:16 +0200: Memory Usage (462020K) : pwell_block has 0 polygons
2026-09-09 20:59:16 +0200: Memory Usage (462180K) : ic_drw has 0 polygons
2026-09-09 20:59:16 +0200: Memory Usage (462180K) : via3_drw has 0 polygons
2026-09-09 20:59:16 +0200: Memory Usage (462180K) : metal4_drw has 0 polygons
2026-09-09 20:59:16 +0200: Memory Usage (462340K) : metal4_pin has 0 polygons
2026-09-09 20:59:16 +0200: Memory Usage (462340K) : metal4_mask has 0 polygons
2026-09-09 20:59:16 +0200: Memory Usage (462340K) : metal4_filler has 0 polygons
2026-09-09 20:59:16 +0200: Memory Usage (462500K) : metal4_nofill has 0 polygons
2026-09-09 20:59:16 +0200: Memory Usage (462500K) : metal4_slit has 0 polygons
2026-09-09 20:59:16 +0200: Memory Usage (462500K) : metal4_text has 0 polygons
2026-09-09 20:59:16 +0200: Memory Usage (462660K) : metal4_opc has 0 polygons
2026-09-09 20:59:16 +0200: Memory Usage (462660K) : metal4_noqrc has 0 polygons
2026-09-09 20:59:16 +0200: Memory Usage (462660K) : metal4_res has 0 polygons
2026-09-09 20:59:16 +0200: Memory Usage (462820K) : metal4_iprobe has 0 polygons
2026-09-09 20:59:16 +0200: Memory Usage (462820K) : metal4_diffprb has 0 polygons
2026-09-09 20:59:16 +0200: Memory Usage (462820K) : heattrans_drw has 0 polygons
2026-09-09 20:59:16 +0200: Memory Usage (462980K) : heatres_drw has 0 polygons
2026-09-09 20:59:16 +0200: Memory Usage (462980K) : pempoly_drw has 0 polygons
2026-09-09 20:59:16 +0200: Memory Usage (462980K) : fbe_drw has 0 polygons
2026-09-09 20:59:16 +0200: Memory Usage (463140K) : empoly_drw has 0 polygons
2026-09-09 20:59:16 +0200: Memory Usage (463140K) : ldmos_drw has 0 polygons
2026-09-09 20:59:16 +0200: Memory Usage (463140K) : pbiwind_drw has 0 polygons
2026-09-09 20:59:16 +0200: Memory Usage (463140K) : digisub_drw has 0 polygons
2026-09-09 20:59:16 +0200: Memory Usage (463300K) : nodrc_drw has 0 polygons
2026-09-09 20:59:16 +0200: Memory Usage (463300K) : text_drw has 0 polygons
2026-09-09 20:59:16 +0200: Memory Usage (463300K) : via4_drw has 0 polygons
2026-09-09 20:59:16 +0200: Memory Usage (463300K) : metal5_drw has 0 polygons
2026-09-09 20:59:16 +0200: Memory Usage (463460K) : metal5_pin has 0 polygons
2026-09-09 20:59:16 +0200: Memory Usage (463460K) : metal5_mask has 0 polygons
2026-09-09 20:59:16 +0200: Memory Usage (463460K) : metal5_filler has 0 polygons
2026-09-09 20:59:16 +0200: Memory Usage (463620K) : metal5_nofill has 0 polygons
2026-09-09 20:59:16 +0200: Memory Usage (463620K) : metal5_slit has 0 polygons
2026-09-09 20:59:16 +0200: Memory Usage (463620K) : metal5_text has 0 polygons
2026-09-09 20:59:16 +0200: Memory Usage (463780K) : metal5_opc has 0 polygons
2026-09-09 20:59:16 +0200: Memory Usage (463780K) : metal5_noqrc has 0 polygons
2026-09-09 20:59:16 +0200: Memory Usage (463780K) : metal5_res has 0 polygons
2026-09-09 20:59:16 +0200: Memory Usage (463940K) : metal5_iprobe has 0 polygons
2026-09-09 20:59:16 +0200: Memory Usage (463940K) : metal5_diffprb has 0 polygons
2026-09-09 20:59:16 +0200: Memory Usage (463940K) : radhard_drw has 0 polygons
2026-09-09 20:59:16 +0200: Memory Usage (464100K) : memcap_drw has 0 polygons
2026-09-09 20:59:16 +0200: Memory Usage (464100K) : varicap_drw has 0 polygons
2026-09-09 20:59:16 +0200: Memory Usage (464100K) : flash_drw has 0 polygons
2026-09-09 20:59:16 +0200: Memory Usage (464260K) : intbondvia_drw has 0 polygons
2026-09-09 20:59:16 +0200: Memory Usage (464260K) : intbondmet_drw has 0 polygons
2026-09-09 20:59:16 +0200: Memory Usage (464260K) : devbondvia_drw has 0 polygons
2026-09-09 20:59:16 +0200: Memory Usage (464420K) : devbondmet_drw has 0 polygons
2026-09-09 20:59:16 +0200: Memory Usage (464420K) : devtrench_drw has 0 polygons
2026-09-09 20:59:16 +0200: Memory Usage (464420K) : redist_drw has 0 polygons
2026-09-09 20:59:16 +0200: Memory Usage (464580K) : graphbot_drw has 0 polygons
2026-09-09 20:59:16 +0200: Memory Usage (464580K) : graphtop_drw has 0 polygons
2026-09-09 20:59:16 +0200: Memory Usage (464580K) : antvia1_drw has 0 polygons
2026-09-09 20:59:16 +0200: Memory Usage (464740K) : antmetal2_drw has 0 polygons
2026-09-09 20:59:16 +0200: Memory Usage (464740K) : graphcont_drw has 0 polygons
2026-09-09 20:59:16 +0200: Memory Usage (464740K) : siwg_drw has 0 polygons
2026-09-09 20:59:16 +0200: Memory Usage (464900K) : siwg_filler has 0 polygons
2026-09-09 20:59:16 +0200: Memory Usage (464900K) : siwg_nofill has 0 polygons
2026-09-09 20:59:16 +0200: Memory Usage (464900K) : sigrating_drw has 0 polygons
2026-09-09 20:59:16 +0200: Memory Usage (465060K) : singrating_drw has 0 polygons
2026-09-09 20:59:16 +0200: Memory Usage (465060K) : graphpas_drw has 0 polygons
2026-09-09 20:59:16 +0200: Memory Usage (465060K) : emwind3_drw has 0 polygons
2026-09-09 20:59:16 +0200: Memory Usage (465060K) : emwihv3_drw has 0 polygons
2026-09-09 20:59:16 +0200: Memory Usage (465220K) : redbulay_drw has 0 polygons
2026-09-09 20:59:16 +0200: Memory Usage (465220K) : smos_drw has 0 polygons
2026-09-09 20:59:16 +0200: Memory Usage (465220K) : graphpad_drw has 0 polygons
2026-09-09 20:59:16 +0200: Memory Usage (465220K) : polimide_drw has 0 polygons
2026-09-09 20:59:16 +0200: Memory Usage (465380K) : polimide_pin has 0 polygons
2026-09-09 20:59:16 +0200: Memory Usage (465380K) : recog_drw has 0 polygons
2026-09-09 20:59:16 +0200: Memory Usage (465380K) : recog_pin has 0 polygons
2026-09-09 20:59:16 +0200: Memory Usage (465540K) : recog_esd has 0 polygons
2026-09-09 20:59:16 +0200: Memory Usage (465540K) : recog_diode has 0 polygons
2026-09-09 20:59:16 +0200: Memory Usage (465540K) : recog_tsv has 0 polygons
2026-09-09 20:59:16 +0200: Memory Usage (465700K) : recog_iprobe has 0 polygons
2026-09-09 20:59:16 +0200: Memory Usage (465700K) : recog_diffprb has 0 polygons
2026-09-09 20:59:16 +0200: Memory Usage (465700K) : recog_pillar has 0 polygons
2026-09-09 20:59:16 +0200: Memory Usage (465860K) : recog_sbump has 0 polygons
2026-09-09 20:59:16 +0200: Memory Usage (465860K) : recog_otp has 0 polygons
2026-09-09 20:59:16 +0200: Memory Usage (465860K) : recog_pdiode has 0 polygons
2026-09-09 20:59:16 +0200: Memory Usage (466020K) : recog_mom has 0 polygons
2026-09-09 20:59:16 +0200: Memory Usage (466020K) : recog_pcm has 0 polygons
2026-09-09 20:59:16 +0200: Memory Usage (466020K) : colopen_drw has 0 polygons
2026-09-09 20:59:16 +0200: Memory Usage (466180K) : graphmetal1_drw has 0 polygons
2026-09-09 20:59:16 +0200: Memory Usage (466180K) : graphmetal1_filler has 0 polygons
2026-09-09 20:59:16 +0200: Memory Usage (466180K) : graphmetal1_nofill has 0 polygons
2026-09-09 20:59:16 +0200: Memory Usage (466340K) : graphmetal1_slit has 0 polygons
2026-09-09 20:59:16 +0200: Memory Usage (466340K) : graphmetal1_opc has 0 polygons
2026-09-09 20:59:16 +0200: Memory Usage (466340K) : graphmet1l_drw has 0 polygons
2026-09-09 20:59:16 +0200: Memory Usage (466500K) : graphmet1l_filler has 0 polygons
2026-09-09 20:59:16 +0200: Memory Usage (466500K) : graphmet1l_nofill has 0 polygons
2026-09-09 20:59:16 +0200: Memory Usage (466500K) : graphmet1l_slit has 0 polygons
2026-09-09 20:59:16 +0200: Memory Usage (466660K) : graphmet1l_opc has 0 polygons
2026-09-09 20:59:16 +0200: Memory Usage (466660K) : extblock_drw has 0 polygons
2026-09-09 20:59:16 +0200: Memory Usage (466660K) : nldd_drw has 0 polygons
2026-09-09 20:59:16 +0200: Memory Usage (466820K) : pldd_drw has 0 polygons
2026-09-09 20:59:16 +0200: Memory Usage (466820K) : next_drw has 0 polygons
2026-09-09 20:59:16 +0200: Memory Usage (466820K) : pext_drw has 0 polygons
2026-09-09 20:59:16 +0200: Memory Usage (466980K) : nexthv_drw has 0 polygons
2026-09-09 20:59:16 +0200: Memory Usage (466980K) : pexthv_drw has 0 polygons
2026-09-09 20:59:16 +0200: Memory Usage (466980K) : graphgate_drw has 0 polygons
2026-09-09 20:59:16 +0200: Memory Usage (467140K) : sinwg_drw has 0 polygons
2026-09-09 20:59:16 +0200: Memory Usage (467140K) : sinwg_filler has 0 polygons
2026-09-09 20:59:16 +0200: Memory Usage (467140K) : sinwg_nofill has 0 polygons
2026-09-09 20:59:16 +0200: Memory Usage (467300K) : mempad_drw has 0 polygons
2026-09-09 20:59:16 +0200: Memory Usage (467300K) : topvia1_drw has 0 polygons
2026-09-09 20:59:16 +0200: Memory Usage (467300K) : topmetal1_drw has 0 polygons
2026-09-09 20:59:16 +0200: Memory Usage (467300K) : topmetal1_pin has 0 polygons
2026-09-09 20:59:16 +0200: Memory Usage (467300K) : topmetal1_mask has 0 polygons
2026-09-09 20:59:16 +0200: Memory Usage (467300K) : topmetal1_filler has 0 polygons
2026-09-09 20:59:16 +0200: Memory Usage (467300K) : topmetal1_nofill has 0 polygons
2026-09-09 20:59:16 +0200: Memory Usage (467300K) : topmetal1_slit has 0 polygons
2026-09-09 20:59:16 +0200: Memory Usage (467300K) : topmetal1_text has 0 polygons
2026-09-09 20:59:16 +0200: Memory Usage (467300K) : topmetal1_noqrc has 0 polygons
2026-09-09 20:59:16 +0200: Memory Usage (467460K) : topmetal1_res has 0 polygons
2026-09-09 20:59:16 +0200: Memory Usage (467460K) : topmetal1_iprobe has 0 polygons
2026-09-09 20:59:16 +0200: Memory Usage (467460K) : topmetal1_diffprb has 0 polygons
2026-09-09 20:59:16 +0200: Memory Usage (467620K) : inldpwl_drw has 0 polygons
2026-09-09 20:59:16 +0200: Memory Usage (467620K) : polyres_drw has 0 polygons
2026-09-09 20:59:16 +0200: Memory Usage (467620K) : polyres_pin has 0 polygons
2026-09-09 20:59:16 +0200: Memory Usage (467780K) : vmim_drw has 0 polygons
2026-09-09 20:59:16 +0200: Memory Usage (467780K) : nbulaycut_drw has 0 polygons
2026-09-09 20:59:16 +0200: Memory Usage (467780K) : antmetal1_drw has 0 polygons
2026-09-09 20:59:16 +0200: Memory Usage (467940K) : topvia2_drw has 0 polygons
2026-09-09 20:59:16 +0200: Memory Usage (467940K) : topmetal2_drw has 0 polygons
2026-09-09 20:59:16 +0200: Memory Usage (468100K) : topmetal2_pin has 0 polygons
2026-09-09 20:59:16 +0200: Memory Usage (468100K) : topmetal2_mask has 0 polygons
2026-09-09 20:59:16 +0200: Memory Usage (468100K) : topmetal2_filler has 0 polygons
2026-09-09 20:59:16 +0200: Memory Usage (468260K) : topmetal2_nofill has 0 polygons
2026-09-09 20:59:16 +0200: Memory Usage (468260K) : topmetal2_slit has 0 polygons
2026-09-09 20:59:16 +0200: Memory Usage (468260K) : topmetal2_text has 0 polygons
2026-09-09 20:59:16 +0200: Memory Usage (468260K) : topmetal2_noqrc has 0 polygons
2026-09-09 20:59:16 +0200: Memory Usage (468420K) : topmetal2_res has 0 polygons
2026-09-09 20:59:16 +0200: Memory Usage (468420K) : topmetal2_iprobe has 0 polygons
2026-09-09 20:59:16 +0200: Memory Usage (468420K) : topmetal2_diffprb has 0 polygons
2026-09-09 20:59:16 +0200: Memory Usage (468580K) : snsring_drw has 0 polygons
2026-09-09 20:59:16 +0200: Memory Usage (468580K) : sensor_drw has 0 polygons
2026-09-09 20:59:16 +0200: Memory Usage (468580K) : snsarms_drw has 0 polygons
2026-09-09 20:59:16 +0200: Memory Usage (468740K) : snscmosvia_drw has 0 polygons
2026-09-09 20:59:16 +0200: Memory Usage (468740K) : colwind_drw has 0 polygons
2026-09-09 20:59:16 +0200: Memory Usage (468740K) : flm_drw has 0 polygons
2026-09-09 20:59:16 +0200: Memory Usage (468900K) : hafniumox_drw has 0 polygons
2026-09-09 20:59:16 +0200: Memory Usage (468900K) : memvia_drw has 0 polygons
2026-09-09 20:59:16 +0200: Memory Usage (468900K) : thinfilmres_drw has 0 polygons
2026-09-09 20:59:16 +0200: Memory Usage (469060K) : rfmem_drw has 0 polygons
2026-09-09 20:59:16 +0200: Memory Usage (469060K) : norcx_drw has 0 polygons
2026-09-09 20:59:16 +0200: Memory Usage (469060K) : norcx_m2m3 has 0 polygons
2026-09-09 20:59:16 +0200: Memory Usage (469220K) : norcx_m2m4 has 0 polygons
2026-09-09 20:59:16 +0200: Memory Usage (469220K) : norcx_m2m5 has 0 polygons
2026-09-09 20:59:16 +0200: Memory Usage (469380K) : norcx_m2tm1 has 0 polygons
2026-09-09 20:59:16 +0200: Memory Usage (469380K) : norcx_m2tm2 has 0 polygons
2026-09-09 20:59:16 +0200: Memory Usage (469380K) : norcx_m3m4 has 0 polygons
2026-09-09 20:59:16 +0200: Memory Usage (469380K) : norcx_m3m5 has 0 polygons
2026-09-09 20:59:16 +0200: Memory Usage (469540K) : norcx_m3tm1 has 0 polygons
2026-09-09 20:59:16 +0200: Memory Usage (469540K) : norcx_m3tm2 has 0 polygons
2026-09-09 20:59:16 +0200: Memory Usage (469540K) : norcx_m4m5 has 0 polygons
2026-09-09 20:59:16 +0200: Memory Usage (469700K) : norcx_m4tm1 has 0 polygons
2026-09-09 20:59:16 +0200: Memory Usage (469700K) : norcx_m4tm2 has 0 polygons
2026-09-09 20:59:16 +0200: Memory Usage (469700K) : norcx_m5tm1 has 0 polygons
2026-09-09 20:59:16 +0200: Memory Usage (469860K) : norcx_m5tm2 has 0 polygons
2026-09-09 20:59:16 +0200: Memory Usage (469860K) : norcx_tm1tm2 has 0 polygons
2026-09-09 20:59:16 +0200: Memory Usage (469860K) : norcx_m1sub has 0 polygons
2026-09-09 20:59:16 +0200: Memory Usage (470020K) : norcx_m2sub has 0 polygons
2026-09-09 20:59:16 +0200: Memory Usage (470020K) : norcx_m3sub has 0 polygons
2026-09-09 20:59:16 +0200: Memory Usage (470020K) : norcx_m4sub has 0 polygons
2026-09-09 20:59:16 +0200: Memory Usage (470180K) : norcx_m5sub has 0 polygons
2026-09-09 20:59:16 +0200: Memory Usage (470180K) : norcx_tm1sub has 0 polygons
2026-09-09 20:59:16 +0200: Memory Usage (470340K) : norcx_tm2sub has 0 polygons
2026-09-09 20:59:16 +0200: Memory Usage (470340K) : snsbotvia_drw has 0 polygons
2026-09-09 20:59:16 +0200: Memory Usage (470340K) : snstopvia_drw has 0 polygons
2026-09-09 20:59:16 +0200: Memory Usage (470500K) : deepvia_drw has 0 polygons
2026-09-09 20:59:16 +0200: Memory Usage (470500K) : fgetch_drw has 0 polygons
2026-09-09 20:59:16 +0200: Memory Usage (470500K) : ctrgat_drw has 0 polygons
2026-09-09 20:59:16 +0200: Memory Usage (470660K) : fgimp_drw has 0 polygons
2026-09-09 20:59:16 +0200: Memory Usage (470660K) : emwihv_drw has 0 polygons
2026-09-09 20:59:16 +0200: Memory Usage (470660K) : lbe_drw has 0 polygons
2026-09-09 20:59:16 +0200: Memory Usage (470820K) : alcustop_drw has 0 polygons
2026-09-09 20:59:16 +0200: Memory Usage (470820K) : nometfiller_drw has 0 polygons
2026-09-09 20:59:16 +0200: Memory Usage (470820K) : prboundary_drw has 0 polygons
2026-09-09 20:59:16 +0200: Memory Usage (470980K) : exchange0_drw has 0 polygons
2026-09-09 20:59:16 +0200: Memory Usage (470980K) : exchange0_pin has 0 polygons
2026-09-09 20:59:16 +0200: Memory Usage (470980K) : exchange0_text has 0 polygons
2026-09-09 20:59:16 +0200: Memory Usage (471140K) : exchange1_drw has 0 polygons
2026-09-09 20:59:16 +0200: Memory Usage (471140K) : exchange1_pin has 0 polygons
2026-09-09 20:59:16 +0200: Memory Usage (471140K) : exchange1_text has 0 polygons
2026-09-09 20:59:16 +0200: Memory Usage (471300K) : exchange2_drw has 0 polygons
2026-09-09 20:59:16 +0200: Memory Usage (471300K) : exchange2_pin has 0 polygons
2026-09-09 20:59:16 +0200: Memory Usage (471300K) : exchange2_text has 0 polygons
2026-09-09 20:59:16 +0200: Memory Usage (471300K) : exchange3_drw has 0 polygons
2026-09-09 20:59:16 +0200: Memory Usage (471460K) : exchange3_pin has 0 polygons
2026-09-09 20:59:16 +0200: Memory Usage (471460K) : exchange3_text has 0 polygons
2026-09-09 20:59:16 +0200: Memory Usage (471460K) : exchange4_drw has 0 polygons
2026-09-09 20:59:16 +0200: Memory Usage (471620K) : exchange4_pin has 0 polygons
2026-09-09 20:59:16 +0200: Memory Usage (471620K) : exchange4_text has 0 polygons
2026-09-09 20:59:16 +0200: Memory Usage (471620K) : isonwell_drw has 0 polygons
2026-09-09 20:59:16 +0200: Memory Usage (471620K) : Total no. of polygons in the design is 97
2026-09-09 20:59:16 +0200: Memory Usage (471620K) : Loaded TECH DRC rules values from /foss/pdks/ihp-sg13g2/libs.tech/klayout/python/sg13g2_pycell_lib/sg13g2_tech_mod.json
2026-09-09 20:59:16 +0200: Memory Usage (471620K) : Loaded default DRC rules values from /foss/pdks/ihp-sg13g2/libs.tech/klayout/tech/drc/rule_decks/sg13g2_tech_default.json
2026-09-09 20:59:16 +0200: Memory Usage (471620K) : The following rules values were missing in tech json and default values were used:
2026-09-09 20:59:16 +0200: Memory Usage (471620K) :   - NW_f1_digibnd
2026-09-09 20:59:16 +0200: Memory Usage (471620K) :   - Cnt_c_digibnd
2026-09-09 20:59:16 +0200: Memory Usage (471620K) :   - Cnt_c_sram
2026-09-09 20:59:16 +0200: Memory Usage (471620K) :   - Sdiod_b
2026-09-09 20:59:16 +0200: Memory Usage (471620K) :   - Sdiod_c
2026-09-09 20:59:16 +0200: Memory Usage (472780K) : Total area of the design is 21.072 um^2.
2026-09-09 20:59:16 +0200: Memory Usage (472780K) : The design dimensions are 4.800000000000001 µm * 4.39 µm.
2026-09-09 20:59:16 +0200: Memory Usage (472780K) : Starting general IHP-SG13G2 derivations.
2026-09-09 20:59:16 +0200: Memory Usage (472780K) : Starting Pwell derivations
2026-09-09 20:59:16 +0200: Memory Usage (475024K) : Starting IHP-SG13G2 DRC rules.
2026-09-09 20:59:16 +0200: Memory Usage (475024K) : Starting 5.10 pSD table
2026-09-09 20:59:16 +0200: Memory Usage (475024K) : Executing rule pSD.c1
2026-09-09 20:59:16 +0200: Memory Usage (475572K) : KLayout DRC run for tables 'psd' completed in 0.17 seconds
