# Logfile created on 2026-09-09 20:59:17 +0200 by logger.rb/v1.5.3
2026-09-09 20:59:17 +0200: Memory Usage (455084K) : Starting running IHP-SG13G2 KLayout DRC runset on /foss/designs/aion_chip/flow/regress/AION_a21oi_nor2_1/baseline/reference_AION_a21oi_nor2_1.gds
2026-09-09 20:59:17 +0200: Memory Usage (455084K) : Ruby Version for klayout: 3.2.3
2026-09-09 20:59:17 +0200: Memory Usage (456048K) : Loading database to memory is complete.
2026-09-09 20:59:17 +0200: Memory Usage (456048K) : IHP-SG13G2 KLayout DRC runset output at: /foss/designs/aion_chip/flow/regress/AION_a21oi_nor2_1/baseline/drc/reference_AION_a21oi_nor2_1.klayout.drc/reference_AION_a21oi_nor2_1_reference_AION_a21oi_nor2_1_metal1.lyrdb
2026-09-09 20:59:17 +0200: Memory Usage (456048K) : Evaluate switches.
2026-09-09 20:59:17 +0200: Memory Usage (456048K) : tables selected: metal1
2026-09-09 20:59:17 +0200: Memory Usage (456048K) : KLayout will use 15 thread(s) in tiling mode.
2026-09-09 20:59:17 +0200: Memory Usage (456048K) : deep mode is enabled.
2026-09-09 20:59:17 +0200: Memory Usage (456048K) : FEOL enabled: false
2026-09-09 20:59:17 +0200: Memory Usage (456048K) : BEOL enabled: false
2026-09-09 20:59:17 +0200: Memory Usage (456048K) : OFFGRID enabled: true
2026-09-09 20:59:17 +0200: Memory Usage (456048K) : ANGLE enabled: true
2026-09-09 20:59:17 +0200: Memory Usage (456048K) : PIN enabled: false
2026-09-09 20:59:17 +0200: Memory Usage (456048K) : FORBIDDEN enabled: false
2026-09-09 20:59:17 +0200: Memory Usage (456048K) : RECOMMENDED enabled: true
2026-09-09 20:59:17 +0200: Memory Usage (456048K) : PreCheck DRC enabled: false
2026-09-09 20:59:17 +0200: Memory Usage (456048K) : CONNECTIVITY_RULES enabled: false.
2026-09-09 20:59:17 +0200: Memory Usage (456048K) : Read in polygons from layers.
2026-09-09 20:59:17 +0200: Memory Usage (457220K) : activ_drw has 6 polygons
2026-09-09 20:59:17 +0200: Memory Usage (457220K) : activ_pin has 0 polygons
2026-09-09 20:59:17 +0200: Memory Usage (457220K) : activ_mask has 0 polygons
2026-09-09 20:59:17 +0200: Memory Usage (457220K) : activ_filler has 0 polygons
2026-09-09 20:59:17 +0200: Memory Usage (457220K) : activ_nofill has 0 polygons
2026-09-09 20:59:17 +0200: Memory Usage (457220K) : activ_opc has 0 polygons
2026-09-09 20:59:17 +0200: Memory Usage (457220K) : activ_iopc has 0 polygons
2026-09-09 20:59:17 +0200: Memory Usage (457220K) : activ_noqrc has 0 polygons
2026-09-09 20:59:17 +0200: Memory Usage (457220K) : biwind_drw has 0 polygons
2026-09-09 20:59:17 +0200: Memory Usage (457220K) : biwind_opc has 0 polygons
2026-09-09 20:59:17 +0200: Memory Usage (457220K) : pemwind_drw has 0 polygons
2026-09-09 20:59:17 +0200: Memory Usage (457412K) : gatpoly_drw has 5 polygons
2026-09-09 20:59:17 +0200: Memory Usage (457412K) : gatpoly_pin has 0 polygons
2026-09-09 20:59:17 +0200: Memory Usage (457412K) : gatpoly_filler has 0 polygons
2026-09-09 20:59:17 +0200: Memory Usage (457412K) : gatpoly_nofill has 0 polygons
2026-09-09 20:59:17 +0200: Memory Usage (457412K) : gatpoly_opc has 0 polygons
2026-09-09 20:59:17 +0200: Memory Usage (457412K) : gatpoly_iopc has 0 polygons
2026-09-09 20:59:17 +0200: Memory Usage (457412K) : gatpoly_noqrc has 0 polygons
2026-09-09 20:59:17 +0200: Memory Usage (457412K) : cont_drw has 49 polygons
2026-09-09 20:59:17 +0200: Memory Usage (457572K) : cont_opc has 0 polygons
2026-09-09 20:59:17 +0200: Memory Usage (457572K) : nsd_drw has 0 polygons
2026-09-09 20:59:17 +0200: Memory Usage (457572K) : nsd_block has 0 polygons
2026-09-09 20:59:17 +0200: Memory Usage (457764K) : metal1_drw has 16 polygons
2026-09-09 20:59:17 +0200: Memory Usage (457764K) : metal1_pin has 7 polygons
2026-09-09 20:59:17 +0200: Memory Usage (457764K) : metal1_mask has 0 polygons
2026-09-09 20:59:17 +0200: Memory Usage (457924K) : metal1_filler has 0 polygons
2026-09-09 20:59:17 +0200: Memory Usage (457924K) : metal1_nofill has 0 polygons
2026-09-09 20:59:17 +0200: Memory Usage (457924K) : metal1_slit has 0 polygons
2026-09-09 20:59:17 +0200: Memory Usage (458276K) : metal1_text has 7 polygons
2026-09-09 20:59:17 +0200: Memory Usage (458276K) : metal1_opc has 0 polygons
2026-09-09 20:59:17 +0200: Memory Usage (458276K) : metal1_noqrc has 0 polygons
2026-09-09 20:59:17 +0200: Memory Usage (458436K) : metal1_res has 0 polygons
2026-09-09 20:59:17 +0200: Memory Usage (458436K) : metal1_iprobe has 0 polygons
2026-09-09 20:59:17 +0200: Memory Usage (458436K) : metal1_diffprb has 0 polygons
2026-09-09 20:59:17 +0200: Memory Usage (458596K) : passiv_drw has 0 polygons
2026-09-09 20:59:17 +0200: Memory Usage (458596K) : passiv_pin has 0 polygons
2026-09-09 20:59:17 +0200: Memory Usage (458596K) : passiv_sbump has 0 polygons
2026-09-09 20:59:17 +0200: Memory Usage (458756K) : passiv_pillar has 0 polygons
2026-09-09 20:59:17 +0200: Memory Usage (458756K) : passiv_pdl has 0 polygons
2026-09-09 20:59:17 +0200: Memory Usage (458756K) : metal2_drw has 2 polygons
2026-09-09 20:59:17 +0200: Memory Usage (458756K) : metal2_pin has 0 polygons
2026-09-09 20:59:17 +0200: Memory Usage (458756K) : metal2_mask has 0 polygons
2026-09-09 20:59:17 +0200: Memory Usage (458756K) : metal2_filler has 0 polygons
2026-09-09 20:59:17 +0200: Memory Usage (458756K) : metal2_nofill has 0 polygons
2026-09-09 20:59:17 +0200: Memory Usage (458756K) : metal2_slit has 0 polygons
2026-09-09 20:59:17 +0200: Memory Usage (458756K) : metal2_text has 0 polygons
2026-09-09 20:59:17 +0200: Memory Usage (458756K) : metal2_opc has 0 polygons
2026-09-09 20:59:17 +0200: Memory Usage (459076K) : metal2_noqrc has 0 polygons
2026-09-09 20:59:17 +0200: Memory Usage (459076K) : metal2_res has 0 polygons
2026-09-09 20:59:17 +0200: Memory Usage (459076K) : metal2_iprobe has 0 polygons
2026-09-09 20:59:17 +0200: Memory Usage (459076K) : metal2_diffprb has 0 polygons
2026-09-09 20:59:17 +0200: Memory Usage (459076K) : baspoly_drw has 0 polygons
2026-09-09 20:59:17 +0200: Memory Usage (459076K) : baspoly_pin has 0 polygons
2026-09-09 20:59:17 +0200: Memory Usage (459076K) : psd_drw has 2 polygons
2026-09-09 20:59:17 +0200: Memory Usage (459236K) : nldb_drw has 0 polygons
2026-09-09 20:59:17 +0200: Memory Usage (459236K) : digibnd_drw has 0 polygons
2026-09-09 20:59:17 +0200: Memory Usage (459236K) : via1_drw has 2 polygons
2026-09-09 20:59:17 +0200: Memory Usage (459396K) : backmetal1_drw has 0 polygons
2026-09-09 20:59:17 +0200: Memory Usage (459396K) : backmetal1_pin has 0 polygons
2026-09-09 20:59:17 +0200: Memory Usage (459396K) : backmetal1_mask has 0 polygons
2026-09-09 20:59:17 +0200: Memory Usage (459556K) : backmetal1_filler has 0 polygons
2026-09-09 20:59:17 +0200: Memory Usage (459556K) : backmetal1_nofill has 0 polygons
2026-09-09 20:59:17 +0200: Memory Usage (459556K) : backmetal1_slit has 0 polygons
2026-09-09 20:59:17 +0200: Memory Usage (459716K) : backmetal1_text has 0 polygons
2026-09-09 20:59:17 +0200: Memory Usage (459716K) : backmetal1_opc has 0 polygons
2026-09-09 20:59:17 +0200: Memory Usage (459716K) : backmetal1_noqrc has 0 polygons
2026-09-09 20:59:17 +0200: Memory Usage (459876K) : backmetal1_res has 0 polygons
2026-09-09 20:59:17 +0200: Memory Usage (460036K) : backmetal1_iprobe has 0 polygons
2026-09-09 20:59:17 +0200: Memory Usage (460036K) : backmetal1_diffprb has 0 polygons
2026-09-09 20:59:17 +0200: Memory Usage (460196K) : backpassiv_drw has 0 polygons
2026-09-09 20:59:17 +0200: Memory Usage (460196K) : res_drw has 0 polygons
2026-09-09 20:59:17 +0200: Memory Usage (460196K) : sram_drw has 0 polygons
2026-09-09 20:59:17 +0200: Memory Usage (460356K) : trans_drw has 0 polygons
2026-09-09 20:59:17 +0200: Memory Usage (460356K) : ind_drw has 0 polygons
2026-09-09 20:59:17 +0200: Memory Usage (460356K) : ind_pin has 0 polygons
2026-09-09 20:59:17 +0200: Memory Usage (460516K) : ind_text has 0 polygons
2026-09-09 20:59:17 +0200: Memory Usage (460516K) : salblock_drw has 0 polygons
2026-09-09 20:59:17 +0200: Memory Usage (460516K) : via2_drw has 0 polygons
2026-09-09 20:59:17 +0200: Memory Usage (460676K) : metal3_drw has 0 polygons
2026-09-09 20:59:17 +0200: Memory Usage (460676K) : metal3_pin has 0 polygons
2026-09-09 20:59:17 +0200: Memory Usage (460676K) : metal3_mask has 0 polygons
2026-09-09 20:59:17 +0200: Memory Usage (460836K) : metal3_filler has 0 polygons
2026-09-09 20:59:17 +0200: Memory Usage (460836K) : metal3_nofill has 0 polygons
2026-09-09 20:59:17 +0200: Memory Usage (460836K) : metal3_slit has 0 polygons
2026-09-09 20:59:17 +0200: Memory Usage (460996K) : metal3_text has 0 polygons
2026-09-09 20:59:17 +0200: Memory Usage (460996K) : metal3_opc has 0 polygons
2026-09-09 20:59:17 +0200: Memory Usage (461156K) : metal3_noqrc has 0 polygons
2026-09-09 20:59:17 +0200: Memory Usage (461156K) : metal3_res has 0 polygons
2026-09-09 20:59:17 +0200: Memory Usage (461316K) : metal3_iprobe has 0 polygons
2026-09-09 20:59:17 +0200: Memory Usage (461316K) : metal3_diffprb has 0 polygons
2026-09-09 20:59:17 +0200: Memory Usage (461316K) : nwell_drw has 1 polygons
2026-09-09 20:59:17 +0200: Memory Usage (461476K) : nwell_pin has 0 polygons
2026-09-09 20:59:17 +0200: Memory Usage (461476K) : nbulay_drw has 0 polygons
2026-09-09 20:59:17 +0200: Memory Usage (461476K) : nbulay_pin has 0 polygons
2026-09-09 20:59:17 +0200: Memory Usage (461476K) : nbulay_block has 0 polygons
2026-09-09 20:59:17 +0200: Memory Usage (461476K) : emwind_drw has 0 polygons
2026-09-09 20:59:17 +0200: Memory Usage (461636K) : emwind_opc has 0 polygons
2026-09-09 20:59:17 +0200: Memory Usage (461636K) : deepco_drw has 0 polygons
2026-09-09 20:59:17 +0200: Memory Usage (461636K) : deepco_drw has 0 polygons
2026-09-09 20:59:17 +0200: Memory Usage (461636K) : mim_drw has 0 polygons
2026-09-09 20:59:17 +0200: Memory Usage (461796K) : edgeseal_drw has 0 polygons
2026-09-09 20:59:17 +0200: Memory Usage (461796K) : edgeseal_bound has 0 polygons
2026-09-09 20:59:17 +0200: Memory Usage (461796K) : substrate_drw has 0 polygons
2026-09-09 20:59:17 +0200: Memory Usage (461796K) : substrate_text has 0 polygons
2026-09-09 20:59:17 +0200: Memory Usage (461796K) : dfpad_drw has 0 polygons
2026-09-09 20:59:17 +0200: Memory Usage (461956K) : dfpad_pillar has 0 polygons
2026-09-09 20:59:17 +0200: Memory Usage (461956K) : dfpad_sbump has 0 polygons
2026-09-09 20:59:17 +0200: Memory Usage (461956K) : thickgateox_drw has 0 polygons
2026-09-09 20:59:17 +0200: Memory Usage (462116K) : pldb_drw has 0 polygons
2026-09-09 20:59:17 +0200: Memory Usage (462116K) : pwell_drw has 0 polygons
2026-09-09 20:59:17 +0200: Memory Usage (462116K) : pwell_pin has 0 polygons
2026-09-09 20:59:17 +0200: Memory Usage (462276K) : pwell_block has 0 polygons
2026-09-09 20:59:17 +0200: Memory Usage (462276K) : ic_drw has 0 polygons
2026-09-09 20:59:17 +0200: Memory Usage (462276K) : via3_drw has 0 polygons
2026-09-09 20:59:17 +0200: Memory Usage (462436K) : metal4_drw has 0 polygons
2026-09-09 20:59:17 +0200: Memory Usage (462436K) : metal4_pin has 0 polygons
2026-09-09 20:59:17 +0200: Memory Usage (462436K) : metal4_mask has 0 polygons
2026-09-09 20:59:17 +0200: Memory Usage (462596K) : metal4_filler has 0 polygons
2026-09-09 20:59:17 +0200: Memory Usage (462596K) : metal4_nofill has 0 polygons
2026-09-09 20:59:17 +0200: Memory Usage (462596K) : metal4_slit has 0 polygons
2026-09-09 20:59:17 +0200: Memory Usage (462756K) : metal4_text has 0 polygons
2026-09-09 20:59:17 +0200: Memory Usage (462756K) : metal4_opc has 0 polygons
2026-09-09 20:59:17 +0200: Memory Usage (462756K) : metal4_noqrc has 0 polygons
2026-09-09 20:59:17 +0200: Memory Usage (462916K) : metal4_res has 0 polygons
2026-09-09 20:59:17 +0200: Memory Usage (462916K) : metal4_iprobe has 0 polygons
2026-09-09 20:59:17 +0200: Memory Usage (462916K) : metal4_diffprb has 0 polygons
2026-09-09 20:59:17 +0200: Memory Usage (463076K) : heattrans_drw has 0 polygons
2026-09-09 20:59:17 +0200: Memory Usage (463076K) : heatres_drw has 0 polygons
2026-09-09 20:59:17 +0200: Memory Usage (463076K) : pempoly_drw has 0 polygons
2026-09-09 20:59:17 +0200: Memory Usage (463236K) : fbe_drw has 0 polygons
2026-09-09 20:59:17 +0200: Memory Usage (463236K) : empoly_drw has 0 polygons
2026-09-09 20:59:17 +0200: Memory Usage (463236K) : ldmos_drw has 0 polygons
2026-09-09 20:59:17 +0200: Memory Usage (463396K) : pbiwind_drw has 0 polygons
2026-09-09 20:59:17 +0200: Memory Usage (463396K) : digisub_drw has 0 polygons
2026-09-09 20:59:17 +0200: Memory Usage (463396K) : nodrc_drw has 0 polygons
2026-09-09 20:59:17 +0200: Memory Usage (463556K) : text_drw has 0 polygons
2026-09-09 20:59:17 +0200: Memory Usage (463556K) : via4_drw has 0 polygons
2026-09-09 20:59:17 +0200: Memory Usage (463556K) : metal5_drw has 0 polygons
2026-09-09 20:59:17 +0200: Memory Usage (463556K) : metal5_pin has 0 polygons
2026-09-09 20:59:17 +0200: Memory Usage (463556K) : metal5_mask has 0 polygons
2026-09-09 20:59:17 +0200: Memory Usage (463716K) : metal5_filler has 0 polygons
2026-09-09 20:59:17 +0200: Memory Usage (463716K) : metal5_nofill has 0 polygons
2026-09-09 20:59:17 +0200: Memory Usage (463716K) : metal5_slit has 0 polygons
2026-09-09 20:59:17 +0200: Memory Usage (463876K) : metal5_text has 0 polygons
2026-09-09 20:59:17 +0200: Memory Usage (463876K) : metal5_opc has 0 polygons
2026-09-09 20:59:17 +0200: Memory Usage (463876K) : metal5_noqrc has 0 polygons
2026-09-09 20:59:17 +0200: Memory Usage (464036K) : metal5_res has 0 polygons
2026-09-09 20:59:17 +0200: Memory Usage (464036K) : metal5_iprobe has 0 polygons
2026-09-09 20:59:17 +0200: Memory Usage (464036K) : metal5_diffprb has 0 polygons
2026-09-09 20:59:17 +0200: Memory Usage (464196K) : radhard_drw has 0 polygons
2026-09-09 20:59:17 +0200: Memory Usage (464196K) : memcap_drw has 0 polygons
2026-09-09 20:59:17 +0200: Memory Usage (464196K) : varicap_drw has 0 polygons
2026-09-09 20:59:17 +0200: Memory Usage (464356K) : flash_drw has 0 polygons
2026-09-09 20:59:17 +0200: Memory Usage (464356K) : intbondvia_drw has 0 polygons
2026-09-09 20:59:17 +0200: Memory Usage (464356K) : intbondmet_drw has 0 polygons
2026-09-09 20:59:17 +0200: Memory Usage (464516K) : devbondvia_drw has 0 polygons
2026-09-09 20:59:17 +0200: Memory Usage (464516K) : devbondmet_drw has 0 polygons
2026-09-09 20:59:17 +0200: Memory Usage (464516K) : devtrench_drw has 0 polygons
2026-09-09 20:59:17 +0200: Memory Usage (464676K) : redist_drw has 0 polygons
2026-09-09 20:59:17 +0200: Memory Usage (464676K) : graphbot_drw has 0 polygons
2026-09-09 20:59:17 +0200: Memory Usage (464676K) : graphtop_drw has 0 polygons
2026-09-09 20:59:17 +0200: Memory Usage (464836K) : antvia1_drw has 0 polygons
2026-09-09 20:59:17 +0200: Memory Usage (464836K) : antmetal2_drw has 0 polygons
2026-09-09 20:59:17 +0200: Memory Usage (464836K) : graphcont_drw has 0 polygons
2026-09-09 20:59:17 +0200: Memory Usage (464996K) : siwg_drw has 0 polygons
2026-09-09 20:59:17 +0200: Memory Usage (464996K) : siwg_filler has 0 polygons
2026-09-09 20:59:17 +0200: Memory Usage (464996K) : siwg_nofill has 0 polygons
2026-09-09 20:59:17 +0200: Memory Usage (465156K) : sigrating_drw has 0 polygons
2026-09-09 20:59:17 +0200: Memory Usage (465156K) : singrating_drw has 0 polygons
2026-09-09 20:59:17 +0200: Memory Usage (465156K) : graphpas_drw has 0 polygons
2026-09-09 20:59:17 +0200: Memory Usage (465316K) : emwind3_drw has 0 polygons
2026-09-09 20:59:17 +0200: Memory Usage (465316K) : emwihv3_drw has 0 polygons
2026-09-09 20:59:17 +0200: Memory Usage (465316K) : redbulay_drw has 0 polygons
2026-09-09 20:59:17 +0200: Memory Usage (465316K) : smos_drw has 0 polygons
2026-09-09 20:59:17 +0200: Memory Usage (465476K) : graphpad_drw has 0 polygons
2026-09-09 20:59:17 +0200: Memory Usage (465476K) : polimide_drw has 0 polygons
2026-09-09 20:59:17 +0200: Memory Usage (465476K) : polimide_pin has 0 polygons
2026-09-09 20:59:17 +0200: Memory Usage (465476K) : recog_drw has 0 polygons
2026-09-09 20:59:17 +0200: Memory Usage (465636K) : recog_pin has 0 polygons
2026-09-09 20:59:17 +0200: Memory Usage (465636K) : recog_esd has 0 polygons
2026-09-09 20:59:17 +0200: Memory Usage (465636K) : recog_diode has 0 polygons
2026-09-09 20:59:17 +0200: Memory Usage (465636K) : recog_tsv has 0 polygons
2026-09-09 20:59:17 +0200: Memory Usage (465796K) : recog_iprobe has 0 polygons
2026-09-09 20:59:17 +0200: Memory Usage (465796K) : recog_diffprb has 0 polygons
2026-09-09 20:59:17 +0200: Memory Usage (465796K) : recog_pillar has 0 polygons
2026-09-09 20:59:17 +0200: Memory Usage (465956K) : recog_sbump has 0 polygons
2026-09-09 20:59:17 +0200: Memory Usage (465956K) : recog_otp has 0 polygons
2026-09-09 20:59:17 +0200: Memory Usage (465956K) : recog_pdiode has 0 polygons
2026-09-09 20:59:17 +0200: Memory Usage (466116K) : recog_mom has 0 polygons
2026-09-09 20:59:17 +0200: Memory Usage (466116K) : recog_pcm has 0 polygons
2026-09-09 20:59:17 +0200: Memory Usage (466116K) : colopen_drw has 0 polygons
2026-09-09 20:59:17 +0200: Memory Usage (466276K) : graphmetal1_drw has 0 polygons
2026-09-09 20:59:17 +0200: Memory Usage (466276K) : graphmetal1_filler has 0 polygons
2026-09-09 20:59:17 +0200: Memory Usage (466276K) : graphmetal1_nofill has 0 polygons
2026-09-09 20:59:17 +0200: Memory Usage (466436K) : graphmetal1_slit has 0 polygons
2026-09-09 20:59:17 +0200: Memory Usage (466436K) : graphmetal1_opc has 0 polygons
2026-09-09 20:59:17 +0200: Memory Usage (466436K) : graphmet1l_drw has 0 polygons
2026-09-09 20:59:17 +0200: Memory Usage (466596K) : graphmet1l_filler has 0 polygons
2026-09-09 20:59:17 +0200: Memory Usage (466596K) : graphmet1l_nofill has 0 polygons
2026-09-09 20:59:17 +0200: Memory Usage (466596K) : graphmet1l_slit has 0 polygons
2026-09-09 20:59:17 +0200: Memory Usage (466756K) : graphmet1l_opc has 0 polygons
2026-09-09 20:59:17 +0200: Memory Usage (466756K) : extblock_drw has 0 polygons
2026-09-09 20:59:17 +0200: Memory Usage (466756K) : nldd_drw has 0 polygons
2026-09-09 20:59:17 +0200: Memory Usage (466916K) : pldd_drw has 0 polygons
2026-09-09 20:59:17 +0200: Memory Usage (466916K) : next_drw has 0 polygons
2026-09-09 20:59:17 +0200: Memory Usage (466916K) : pext_drw has 0 polygons
2026-09-09 20:59:17 +0200: Memory Usage (467076K) : nexthv_drw has 0 polygons
2026-09-09 20:59:17 +0200: Memory Usage (467076K) : pexthv_drw has 0 polygons
2026-09-09 20:59:17 +0200: Memory Usage (467236K) : graphgate_drw has 0 polygons
2026-09-09 20:59:17 +0200: Memory Usage (467236K) : sinwg_drw has 0 polygons
2026-09-09 20:59:17 +0200: Memory Usage (467236K) : sinwg_filler has 0 polygons
2026-09-09 20:59:17 +0200: Memory Usage (467396K) : sinwg_nofill has 0 polygons
2026-09-09 20:59:17 +0200: Memory Usage (467396K) : mempad_drw has 0 polygons
2026-09-09 20:59:17 +0200: Memory Usage (467396K) : topvia1_drw has 0 polygons
2026-09-09 20:59:17 +0200: Memory Usage (467396K) : topmetal1_drw has 0 polygons
2026-09-09 20:59:17 +0200: Memory Usage (467396K) : topmetal1_pin has 0 polygons
2026-09-09 20:59:17 +0200: Memory Usage (467396K) : topmetal1_mask has 0 polygons
2026-09-09 20:59:17 +0200: Memory Usage (467396K) : topmetal1_filler has 0 polygons
2026-09-09 20:59:17 +0200: Memory Usage (467396K) : topmetal1_nofill has 0 polygons
2026-09-09 20:59:17 +0200: Memory Usage (467396K) : topmetal1_slit has 0 polygons
2026-09-09 20:59:17 +0200: Memory Usage (467556K) : topmetal1_text has 0 polygons
2026-09-09 20:59:17 +0200: Memory Usage (467556K) : topmetal1_noqrc has 0 polygons
2026-09-09 20:59:17 +0200: Memory Usage (467556K) : topmetal1_res has 0 polygons
2026-09-09 20:59:17 +0200: Memory Usage (467556K) : topmetal1_iprobe has 0 polygons
2026-09-09 20:59:17 +0200: Memory Usage (467716K) : topmetal1_diffprb has 0 polygons
2026-09-09 20:59:17 +0200: Memory Usage (467716K) : inldpwl_drw has 0 polygons
2026-09-09 20:59:17 +0200: Memory Usage (467716K) : polyres_drw has 0 polygons
2026-09-09 20:59:17 +0200: Memory Usage (467876K) : polyres_pin has 0 polygons
2026-09-09 20:59:17 +0200: Memory Usage (467876K) : vmim_drw has 0 polygons
2026-09-09 20:59:17 +0200: Memory Usage (467876K) : nbulaycut_drw has 0 polygons
2026-09-09 20:59:17 +0200: Memory Usage (468036K) : antmetal1_drw has 0 polygons
2026-09-09 20:59:17 +0200: Memory Usage (468036K) : topvia2_drw has 0 polygons
2026-09-09 20:59:17 +0200: Memory Usage (468036K) : topmetal2_drw has 0 polygons
2026-09-09 20:59:17 +0200: Memory Usage (468196K) : topmetal2_pin has 0 polygons
2026-09-09 20:59:17 +0200: Memory Usage (468196K) : topmetal2_mask has 0 polygons
2026-09-09 20:59:17 +0200: Memory Usage (468196K) : topmetal2_filler has 0 polygons
2026-09-09 20:59:17 +0200: Memory Usage (468356K) : topmetal2_nofill has 0 polygons
2026-09-09 20:59:17 +0200: Memory Usage (468356K) : topmetal2_slit has 0 polygons
2026-09-09 20:59:17 +0200: Memory Usage (468356K) : topmetal2_text has 0 polygons
2026-09-09 20:59:17 +0200: Memory Usage (468516K) : topmetal2_noqrc has 0 polygons
2026-09-09 20:59:17 +0200: Memory Usage (468516K) : topmetal2_res has 0 polygons
2026-09-09 20:59:17 +0200: Memory Usage (468516K) : topmetal2_iprobe has 0 polygons
2026-09-09 20:59:17 +0200: Memory Usage (468676K) : topmetal2_diffprb has 0 polygons
2026-09-09 20:59:17 +0200: Memory Usage (468676K) : snsring_drw has 0 polygons
2026-09-09 20:59:17 +0200: Memory Usage (468676K) : sensor_drw has 0 polygons
2026-09-09 20:59:17 +0200: Memory Usage (468836K) : snsarms_drw has 0 polygons
2026-09-09 20:59:17 +0200: Memory Usage (468836K) : snscmosvia_drw has 0 polygons
2026-09-09 20:59:17 +0200: Memory Usage (468836K) : colwind_drw has 0 polygons
2026-09-09 20:59:17 +0200: Memory Usage (468996K) : flm_drw has 0 polygons
2026-09-09 20:59:17 +0200: Memory Usage (468996K) : hafniumox_drw has 0 polygons
2026-09-09 20:59:17 +0200: Memory Usage (468996K) : memvia_drw has 0 polygons
2026-09-09 20:59:17 +0200: Memory Usage (469156K) : thinfilmres_drw has 0 polygons
2026-09-09 20:59:17 +0200: Memory Usage (469156K) : rfmem_drw has 0 polygons
2026-09-09 20:59:17 +0200: Memory Usage (469156K) : norcx_drw has 0 polygons
2026-09-09 20:59:17 +0200: Memory Usage (469316K) : norcx_m2m3 has 0 polygons
2026-09-09 20:59:17 +0200: Memory Usage (469316K) : norcx_m2m4 has 0 polygons
2026-09-09 20:59:17 +0200: Memory Usage (469316K) : norcx_m2m5 has 0 polygons
2026-09-09 20:59:17 +0200: Memory Usage (469476K) : norcx_m2tm1 has 0 polygons
2026-09-09 20:59:17 +0200: Memory Usage (469476K) : norcx_m2tm2 has 0 polygons
2026-09-09 20:59:17 +0200: Memory Usage (469476K) : norcx_m3m4 has 0 polygons
2026-09-09 20:59:17 +0200: Memory Usage (469636K) : norcx_m3m5 has 0 polygons
2026-09-09 20:59:17 +0200: Memory Usage (469636K) : norcx_m3tm1 has 0 polygons
2026-09-09 20:59:17 +0200: Memory Usage (469636K) : norcx_m3tm2 has 0 polygons
2026-09-09 20:59:17 +0200: Memory Usage (469796K) : norcx_m4m5 has 0 polygons
2026-09-09 20:59:17 +0200: Memory Usage (469796K) : norcx_m4tm1 has 0 polygons
2026-09-09 20:59:17 +0200: Memory Usage (469796K) : norcx_m4tm2 has 0 polygons
2026-09-09 20:59:17 +0200: Memory Usage (469956K) : norcx_m5tm1 has 0 polygons
2026-09-09 20:59:17 +0200: Memory Usage (469956K) : norcx_m5tm2 has 0 polygons
2026-09-09 20:59:17 +0200: Memory Usage (469956K) : norcx_tm1tm2 has 0 polygons
2026-09-09 20:59:17 +0200: Memory Usage (470116K) : norcx_m1sub has 0 polygons
2026-09-09 20:59:17 +0200: Memory Usage (470116K) : norcx_m2sub has 0 polygons
2026-09-09 20:59:17 +0200: Memory Usage (470116K) : norcx_m3sub has 0 polygons
2026-09-09 20:59:17 +0200: Memory Usage (470276K) : norcx_m4sub has 0 polygons
2026-09-09 20:59:17 +0200: Memory Usage (470276K) : norcx_m5sub has 0 polygons
2026-09-09 20:59:17 +0200: Memory Usage (470276K) : norcx_tm1sub has 0 polygons
2026-09-09 20:59:17 +0200: Memory Usage (470436K) : norcx_tm2sub has 0 polygons
2026-09-09 20:59:17 +0200: Memory Usage (470436K) : snsbotvia_drw has 0 polygons
2026-09-09 20:59:17 +0200: Memory Usage (470436K) : snstopvia_drw has 0 polygons
2026-09-09 20:59:17 +0200: Memory Usage (470596K) : deepvia_drw has 0 polygons
2026-09-09 20:59:17 +0200: Memory Usage (470596K) : fgetch_drw has 0 polygons
2026-09-09 20:59:17 +0200: Memory Usage (470596K) : ctrgat_drw has 0 polygons
2026-09-09 20:59:17 +0200: Memory Usage (470756K) : fgimp_drw has 0 polygons
2026-09-09 20:59:17 +0200: Memory Usage (470756K) : emwihv_drw has 0 polygons
2026-09-09 20:59:17 +0200: Memory Usage (470756K) : lbe_drw has 0 polygons
2026-09-09 20:59:17 +0200: Memory Usage (470916K) : alcustop_drw has 0 polygons
2026-09-09 20:59:17 +0200: Memory Usage (470916K) : nometfiller_drw has 0 polygons
2026-09-09 20:59:17 +0200: Memory Usage (470916K) : prboundary_drw has 0 polygons
2026-09-09 20:59:17 +0200: Memory Usage (471076K) : exchange0_drw has 0 polygons
2026-09-09 20:59:17 +0200: Memory Usage (471076K) : exchange0_pin has 0 polygons
2026-09-09 20:59:17 +0200: Memory Usage (471076K) : exchange0_text has 0 polygons
2026-09-09 20:59:17 +0200: Memory Usage (471236K) : exchange1_drw has 0 polygons
2026-09-09 20:59:17 +0200: Memory Usage (471236K) : exchange1_pin has 0 polygons
2026-09-09 20:59:17 +0200: Memory Usage (471236K) : exchange1_text has 0 polygons
2026-09-09 20:59:17 +0200: Memory Usage (471396K) : exchange2_drw has 0 polygons
2026-09-09 20:59:17 +0200: Memory Usage (471396K) : exchange2_pin has 0 polygons
2026-09-09 20:59:17 +0200: Memory Usage (471396K) : exchange2_text has 0 polygons
2026-09-09 20:59:17 +0200: Memory Usage (471556K) : exchange3_drw has 0 polygons
2026-09-09 20:59:17 +0200: Memory Usage (471556K) : exchange3_pin has 0 polygons
2026-09-09 20:59:17 +0200: Memory Usage (471556K) : exchange3_text has 0 polygons
2026-09-09 20:59:17 +0200: Memory Usage (471716K) : exchange4_drw has 0 polygons
2026-09-09 20:59:17 +0200: Memory Usage (471716K) : exchange4_pin has 0 polygons
2026-09-09 20:59:17 +0200: Memory Usage (471716K) : exchange4_text has 0 polygons
2026-09-09 20:59:17 +0200: Memory Usage (471876K) : isonwell_drw has 0 polygons
2026-09-09 20:59:17 +0200: Memory Usage (471876K) : Total no. of polygons in the design is 97
2026-09-09 20:59:17 +0200: Memory Usage (471876K) : Loaded TECH DRC rules values from /foss/pdks/ihp-sg13g2/libs.tech/klayout/python/sg13g2_pycell_lib/sg13g2_tech_mod.json
2026-09-09 20:59:17 +0200: Memory Usage (471876K) : Loaded default DRC rules values from /foss/pdks/ihp-sg13g2/libs.tech/klayout/tech/drc/rule_decks/sg13g2_tech_default.json
2026-09-09 20:59:17 +0200: Memory Usage (471876K) : The following rules values were missing in tech json and default values were used:
2026-09-09 20:59:17 +0200: Memory Usage (471876K) :   - NW_f1_digibnd
2026-09-09 20:59:17 +0200: Memory Usage (471876K) :   - Cnt_c_digibnd
2026-09-09 20:59:17 +0200: Memory Usage (471876K) :   - Cnt_c_sram
2026-09-09 20:59:17 +0200: Memory Usage (471876K) :   - Sdiod_b
2026-09-09 20:59:17 +0200: Memory Usage (471876K) :   - Sdiod_c
2026-09-09 20:59:17 +0200: Memory Usage (472812K) : Total area of the design is 21.072 um^2.
2026-09-09 20:59:17 +0200: Memory Usage (472812K) : The design dimensions are 4.800000000000001 µm * 4.39 µm.
2026-09-09 20:59:17 +0200: Memory Usage (472812K) : Starting general IHP-SG13G2 derivations.
2026-09-09 20:59:17 +0200: Memory Usage (472812K) : Starting Pwell derivations
2026-09-09 20:59:17 +0200: Memory Usage (475036K) : Starting IHP-SG13G2 DRC rules.
2026-09-09 20:59:17 +0200: Memory Usage (475036K) : Starting 5.16. Metal1 table
2026-09-09 20:59:17 +0200: Memory Usage (475036K) : Executing rule M1.a
2026-09-09 20:59:17 +0200: Memory Usage (475408K) : Executing rule M1.b
2026-09-09 20:59:17 +0200: Memory Usage (475600K) : Executing rule M1.e
2026-09-09 20:59:17 +0200: Memory Usage (475600K) : Executing rule M1.f
2026-09-09 20:59:17 +0200: Memory Usage (475600K) : Executing rule M1.g
2026-09-09 20:59:17 +0200: Memory Usage (476128K) : Executing rule M1.i
2026-09-09 20:59:17 +0200: Memory Usage (476128K) : KLayout DRC run for tables 'metal1' completed in 0.33 seconds
