# Logfile created on 2026-09-09 20:59:21 +0200 by logger.rb/v1.5.3
2026-09-09 20:59:21 +0200: Memory Usage (457060K) : Starting running IHP-SG13G2 KLayout DRC runset on /foss/designs/aion_chip/flow/regress/AION_a21oi_nor2_1/baseline/reference_AION_a21oi_nor2_1.gds
2026-09-09 20:59:21 +0200: Memory Usage (457060K) : Ruby Version for klayout: 3.2.3
2026-09-09 20:59:21 +0200: Memory Usage (458020K) : Loading database to memory is complete.
2026-09-09 20:59:21 +0200: Memory Usage (458020K) : IHP-SG13G2 KLayout DRC runset output at: /foss/designs/aion_chip/flow/regress/AION_a21oi_nor2_1/baseline/drc/reference_AION_a21oi_nor2_1.klayout.drc/reference_AION_a21oi_nor2_1_reference_AION_a21oi_nor2_1_pad.lyrdb
2026-09-09 20:59:21 +0200: Memory Usage (458212K) : Evaluate switches.
2026-09-09 20:59:21 +0200: Memory Usage (458212K) : tables selected: pad
2026-09-09 20:59:21 +0200: Memory Usage (458212K) : KLayout will use 15 thread(s) in tiling mode.
2026-09-09 20:59:21 +0200: Memory Usage (458212K) : deep mode is enabled.
2026-09-09 20:59:21 +0200: Memory Usage (458212K) : FEOL enabled: false
2026-09-09 20:59:21 +0200: Memory Usage (458212K) : BEOL enabled: false
2026-09-09 20:59:21 +0200: Memory Usage (458212K) : OFFGRID enabled: true
2026-09-09 20:59:21 +0200: Memory Usage (458212K) : ANGLE enabled: true
2026-09-09 20:59:21 +0200: Memory Usage (458212K) : PIN enabled: false
2026-09-09 20:59:21 +0200: Memory Usage (458212K) : FORBIDDEN enabled: false
2026-09-09 20:59:21 +0200: Memory Usage (458212K) : RECOMMENDED enabled: true
2026-09-09 20:59:21 +0200: Memory Usage (458212K) : PreCheck DRC enabled: false
2026-09-09 20:59:21 +0200: Memory Usage (458212K) : CONNECTIVITY_RULES enabled: false.
2026-09-09 20:59:21 +0200: Memory Usage (458212K) : Read in polygons from layers.
2026-09-09 20:59:21 +0200: Memory Usage (459164K) : activ_drw has 6 polygons
2026-09-09 20:59:21 +0200: Memory Usage (459164K) : activ_pin has 0 polygons
2026-09-09 20:59:21 +0200: Memory Usage (459164K) : activ_mask has 0 polygons
2026-09-09 20:59:21 +0200: Memory Usage (459164K) : activ_filler has 0 polygons
2026-09-09 20:59:21 +0200: Memory Usage (459164K) : activ_nofill has 0 polygons
2026-09-09 20:59:21 +0200: Memory Usage (459164K) : activ_opc has 0 polygons
2026-09-09 20:59:21 +0200: Memory Usage (459164K) : activ_iopc has 0 polygons
2026-09-09 20:59:21 +0200: Memory Usage (459164K) : activ_noqrc has 0 polygons
2026-09-09 20:59:21 +0200: Memory Usage (459164K) : biwind_drw has 0 polygons
2026-09-09 20:59:21 +0200: Memory Usage (459164K) : biwind_opc has 0 polygons
2026-09-09 20:59:21 +0200: Memory Usage (459164K) : pemwind_drw has 0 polygons
2026-09-09 20:59:21 +0200: Memory Usage (459356K) : gatpoly_drw has 5 polygons
2026-09-09 20:59:21 +0200: Memory Usage (459356K) : gatpoly_pin has 0 polygons
2026-09-09 20:59:21 +0200: Memory Usage (459356K) : gatpoly_filler has 0 polygons
2026-09-09 20:59:21 +0200: Memory Usage (459356K) : gatpoly_nofill has 0 polygons
2026-09-09 20:59:21 +0200: Memory Usage (459516K) : gatpoly_opc has 0 polygons
2026-09-09 20:59:21 +0200: Memory Usage (459516K) : gatpoly_iopc has 0 polygons
2026-09-09 20:59:21 +0200: Memory Usage (459516K) : gatpoly_noqrc has 0 polygons
2026-09-09 20:59:21 +0200: Memory Usage (459516K) : cont_drw has 49 polygons
2026-09-09 20:59:21 +0200: Memory Usage (459516K) : cont_opc has 0 polygons
2026-09-09 20:59:21 +0200: Memory Usage (459516K) : nsd_drw has 0 polygons
2026-09-09 20:59:21 +0200: Memory Usage (459516K) : nsd_block has 0 polygons
2026-09-09 20:59:21 +0200: Memory Usage (459708K) : metal1_drw has 16 polygons
2026-09-09 20:59:21 +0200: Memory Usage (459708K) : metal1_pin has 7 polygons
2026-09-09 20:59:21 +0200: Memory Usage (459868K) : metal1_mask has 0 polygons
2026-09-09 20:59:21 +0200: Memory Usage (459868K) : metal1_filler has 0 polygons
2026-09-09 20:59:21 +0200: Memory Usage (459868K) : metal1_nofill has 0 polygons
2026-09-09 20:59:21 +0200: Memory Usage (460028K) : metal1_slit has 0 polygons
2026-09-09 20:59:21 +0200: Memory Usage (460412K) : metal1_text has 7 polygons
2026-09-09 20:59:21 +0200: Memory Usage (460412K) : metal1_opc has 0 polygons
2026-09-09 20:59:21 +0200: Memory Usage (460572K) : metal1_noqrc has 0 polygons
2026-09-09 20:59:21 +0200: Memory Usage (460572K) : metal1_res has 0 polygons
2026-09-09 20:59:21 +0200: Memory Usage (460572K) : metal1_iprobe has 0 polygons
2026-09-09 20:59:21 +0200: Memory Usage (460732K) : metal1_diffprb has 0 polygons
2026-09-09 20:59:21 +0200: Memory Usage (460732K) : passiv_drw has 0 polygons
2026-09-09 20:59:21 +0200: Memory Usage (460732K) : passiv_pin has 0 polygons
2026-09-09 20:59:21 +0200: Memory Usage (460892K) : passiv_sbump has 0 polygons
2026-09-09 20:59:21 +0200: Memory Usage (460892K) : passiv_pillar has 0 polygons
2026-09-09 20:59:21 +0200: Memory Usage (460892K) : passiv_pdl has 0 polygons
2026-09-09 20:59:21 +0200: Memory Usage (460892K) : metal2_drw has 2 polygons
2026-09-09 20:59:21 +0200: Memory Usage (461052K) : metal2_pin has 0 polygons
2026-09-09 20:59:21 +0200: Memory Usage (461052K) : metal2_mask has 0 polygons
2026-09-09 20:59:21 +0200: Memory Usage (461052K) : metal2_filler has 0 polygons
2026-09-09 20:59:21 +0200: Memory Usage (461052K) : metal2_nofill has 0 polygons
2026-09-09 20:59:21 +0200: Memory Usage (461052K) : metal2_slit has 0 polygons
2026-09-09 20:59:21 +0200: Memory Usage (461052K) : metal2_text has 0 polygons
2026-09-09 20:59:21 +0200: Memory Usage (461052K) : metal2_opc has 0 polygons
2026-09-09 20:59:21 +0200: Memory Usage (461212K) : metal2_noqrc has 0 polygons
2026-09-09 20:59:21 +0200: Memory Usage (461212K) : metal2_res has 0 polygons
2026-09-09 20:59:21 +0200: Memory Usage (461212K) : metal2_iprobe has 0 polygons
2026-09-09 20:59:21 +0200: Memory Usage (461212K) : metal2_diffprb has 0 polygons
2026-09-09 20:59:21 +0200: Memory Usage (461212K) : baspoly_drw has 0 polygons
2026-09-09 20:59:21 +0200: Memory Usage (461212K) : baspoly_pin has 0 polygons
2026-09-09 20:59:21 +0200: Memory Usage (461372K) : psd_drw has 2 polygons
2026-09-09 20:59:21 +0200: Memory Usage (461372K) : nldb_drw has 0 polygons
2026-09-09 20:59:21 +0200: Memory Usage (461532K) : digibnd_drw has 0 polygons
2026-09-09 20:59:21 +0200: Memory Usage (461532K) : via1_drw has 2 polygons
2026-09-09 20:59:21 +0200: Memory Usage (461532K) : backmetal1_drw has 0 polygons
2026-09-09 20:59:21 +0200: Memory Usage (461692K) : backmetal1_pin has 0 polygons
2026-09-09 20:59:21 +0200: Memory Usage (461692K) : backmetal1_mask has 0 polygons
2026-09-09 20:59:21 +0200: Memory Usage (461692K) : backmetal1_filler has 0 polygons
2026-09-09 20:59:21 +0200: Memory Usage (461852K) : backmetal1_nofill has 0 polygons
2026-09-09 20:59:21 +0200: Memory Usage (461852K) : backmetal1_slit has 0 polygons
2026-09-09 20:59:21 +0200: Memory Usage (461852K) : backmetal1_text has 0 polygons
2026-09-09 20:59:21 +0200: Memory Usage (462012K) : backmetal1_opc has 0 polygons
2026-09-09 20:59:21 +0200: Memory Usage (462012K) : backmetal1_noqrc has 0 polygons
2026-09-09 20:59:21 +0200: Memory Usage (462172K) : backmetal1_res has 0 polygons
2026-09-09 20:59:21 +0200: Memory Usage (462172K) : backmetal1_iprobe has 0 polygons
2026-09-09 20:59:21 +0200: Memory Usage (462332K) : backmetal1_diffprb has 0 polygons
2026-09-09 20:59:21 +0200: Memory Usage (462332K) : backpassiv_drw has 0 polygons
2026-09-09 20:59:21 +0200: Memory Usage (462332K) : res_drw has 0 polygons
2026-09-09 20:59:21 +0200: Memory Usage (462492K) : sram_drw has 0 polygons
2026-09-09 20:59:21 +0200: Memory Usage (462492K) : trans_drw has 0 polygons
2026-09-09 20:59:21 +0200: Memory Usage (462492K) : ind_drw has 0 polygons
2026-09-09 20:59:21 +0200: Memory Usage (462652K) : ind_pin has 0 polygons
2026-09-09 20:59:21 +0200: Memory Usage (462652K) : ind_text has 0 polygons
2026-09-09 20:59:21 +0200: Memory Usage (462812K) : salblock_drw has 0 polygons
2026-09-09 20:59:21 +0200: Memory Usage (462812K) : via2_drw has 0 polygons
2026-09-09 20:59:21 +0200: Memory Usage (462812K) : metal3_drw has 0 polygons
2026-09-09 20:59:21 +0200: Memory Usage (462972K) : metal3_pin has 0 polygons
2026-09-09 20:59:21 +0200: Memory Usage (462972K) : metal3_mask has 0 polygons
2026-09-09 20:59:21 +0200: Memory Usage (462972K) : metal3_filler has 0 polygons
2026-09-09 20:59:21 +0200: Memory Usage (463132K) : metal3_nofill has 0 polygons
2026-09-09 20:59:21 +0200: Memory Usage (463132K) : metal3_slit has 0 polygons
2026-09-09 20:59:21 +0200: Memory Usage (463132K) : metal3_text has 0 polygons
2026-09-09 20:59:21 +0200: Memory Usage (463292K) : metal3_opc has 0 polygons
2026-09-09 20:59:21 +0200: Memory Usage (463292K) : metal3_noqrc has 0 polygons
2026-09-09 20:59:21 +0200: Memory Usage (463452K) : metal3_res has 0 polygons
2026-09-09 20:59:21 +0200: Memory Usage (463452K) : metal3_iprobe has 0 polygons
2026-09-09 20:59:21 +0200: Memory Usage (463452K) : metal3_diffprb has 0 polygons
2026-09-09 20:59:21 +0200: Memory Usage (463612K) : nwell_drw has 1 polygons
2026-09-09 20:59:21 +0200: Memory Usage (463612K) : nwell_pin has 0 polygons
2026-09-09 20:59:21 +0200: Memory Usage (463612K) : nbulay_drw has 0 polygons
2026-09-09 20:59:21 +0200: Memory Usage (463612K) : nbulay_pin has 0 polygons
2026-09-09 20:59:21 +0200: Memory Usage (463612K) : nbulay_block has 0 polygons
2026-09-09 20:59:21 +0200: Memory Usage (463772K) : emwind_drw has 0 polygons
2026-09-09 20:59:21 +0200: Memory Usage (463772K) : emwind_opc has 0 polygons
2026-09-09 20:59:21 +0200: Memory Usage (463772K) : deepco_drw has 0 polygons
2026-09-09 20:59:21 +0200: Memory Usage (463772K) : deepco_drw has 0 polygons
2026-09-09 20:59:21 +0200: Memory Usage (463932K) : mim_drw has 0 polygons
2026-09-09 20:59:21 +0200: Memory Usage (463932K) : edgeseal_drw has 0 polygons
2026-09-09 20:59:21 +0200: Memory Usage (463932K) : edgeseal_bound has 0 polygons
2026-09-09 20:59:21 +0200: Memory Usage (463932K) : substrate_drw has 0 polygons
2026-09-09 20:59:21 +0200: Memory Usage (464092K) : substrate_text has 0 polygons
2026-09-09 20:59:21 +0200: Memory Usage (464092K) : dfpad_drw has 0 polygons
2026-09-09 20:59:21 +0200: Memory Usage (464092K) : dfpad_pillar has 0 polygons
2026-09-09 20:59:21 +0200: Memory Usage (464092K) : dfpad_sbump has 0 polygons
2026-09-09 20:59:21 +0200: Memory Usage (464252K) : thickgateox_drw has 0 polygons
2026-09-09 20:59:21 +0200: Memory Usage (464252K) : pldb_drw has 0 polygons
2026-09-09 20:59:21 +0200: Memory Usage (464252K) : pwell_drw has 0 polygons
2026-09-09 20:59:21 +0200: Memory Usage (464412K) : pwell_pin has 0 polygons
2026-09-09 20:59:21 +0200: Memory Usage (464412K) : pwell_block has 0 polygons
2026-09-09 20:59:21 +0200: Memory Usage (464412K) : ic_drw has 0 polygons
2026-09-09 20:59:21 +0200: Memory Usage (464572K) : via3_drw has 0 polygons
2026-09-09 20:59:21 +0200: Memory Usage (464572K) : metal4_drw has 0 polygons
2026-09-09 20:59:21 +0200: Memory Usage (464572K) : metal4_pin has 0 polygons
2026-09-09 20:59:21 +0200: Memory Usage (464732K) : metal4_mask has 0 polygons
2026-09-09 20:59:21 +0200: Memory Usage (464732K) : metal4_filler has 0 polygons
2026-09-09 20:59:21 +0200: Memory Usage (464732K) : metal4_nofill has 0 polygons
2026-09-09 20:59:21 +0200: Memory Usage (464892K) : metal4_slit has 0 polygons
2026-09-09 20:59:21 +0200: Memory Usage (464892K) : metal4_text has 0 polygons
2026-09-09 20:59:21 +0200: Memory Usage (464892K) : metal4_opc has 0 polygons
2026-09-09 20:59:21 +0200: Memory Usage (465052K) : metal4_noqrc has 0 polygons
2026-09-09 20:59:21 +0200: Memory Usage (465052K) : metal4_res has 0 polygons
2026-09-09 20:59:21 +0200: Memory Usage (465052K) : metal4_iprobe has 0 polygons
2026-09-09 20:59:21 +0200: Memory Usage (465212K) : metal4_diffprb has 0 polygons
2026-09-09 20:59:21 +0200: Memory Usage (465212K) : heattrans_drw has 0 polygons
2026-09-09 20:59:21 +0200: Memory Usage (465212K) : heatres_drw has 0 polygons
2026-09-09 20:59:21 +0200: Memory Usage (465372K) : pempoly_drw has 0 polygons
2026-09-09 20:59:21 +0200: Memory Usage (465372K) : fbe_drw has 0 polygons
2026-09-09 20:59:21 +0200: Memory Usage (465532K) : empoly_drw has 0 polygons
2026-09-09 20:59:21 +0200: Memory Usage (465532K) : ldmos_drw has 0 polygons
2026-09-09 20:59:21 +0200: Memory Usage (465532K) : pbiwind_drw has 0 polygons
2026-09-09 20:59:21 +0200: Memory Usage (465692K) : digisub_drw has 0 polygons
2026-09-09 20:59:21 +0200: Memory Usage (465692K) : nodrc_drw has 0 polygons
2026-09-09 20:59:21 +0200: Memory Usage (465692K) : text_drw has 0 polygons
2026-09-09 20:59:21 +0200: Memory Usage (465692K) : via4_drw has 0 polygons
2026-09-09 20:59:21 +0200: Memory Usage (465852K) : metal5_drw has 0 polygons
2026-09-09 20:59:21 +0200: Memory Usage (465852K) : metal5_pin has 0 polygons
2026-09-09 20:59:21 +0200: Memory Usage (465852K) : metal5_mask has 0 polygons
2026-09-09 20:59:21 +0200: Memory Usage (465852K) : metal5_filler has 0 polygons
2026-09-09 20:59:21 +0200: Memory Usage (466012K) : metal5_nofill has 0 polygons
2026-09-09 20:59:21 +0200: Memory Usage (466012K) : metal5_slit has 0 polygons
2026-09-09 20:59:21 +0200: Memory Usage (466012K) : metal5_text has 0 polygons
2026-09-09 20:59:21 +0200: Memory Usage (466012K) : metal5_opc has 0 polygons
2026-09-09 20:59:21 +0200: Memory Usage (466172K) : metal5_noqrc has 0 polygons
2026-09-09 20:59:21 +0200: Memory Usage (466172K) : metal5_res has 0 polygons
2026-09-09 20:59:21 +0200: Memory Usage (466172K) : metal5_iprobe has 0 polygons
2026-09-09 20:59:21 +0200: Memory Usage (466332K) : metal5_diffprb has 0 polygons
2026-09-09 20:59:21 +0200: Memory Usage (466332K) : radhard_drw has 0 polygons
2026-09-09 20:59:21 +0200: Memory Usage (466332K) : memcap_drw has 0 polygons
2026-09-09 20:59:21 +0200: Memory Usage (466492K) : varicap_drw has 0 polygons
2026-09-09 20:59:21 +0200: Memory Usage (466492K) : flash_drw has 0 polygons
2026-09-09 20:59:21 +0200: Memory Usage (466492K) : intbondvia_drw has 0 polygons
2026-09-09 20:59:21 +0200: Memory Usage (466652K) : intbondmet_drw has 0 polygons
2026-09-09 20:59:21 +0200: Memory Usage (466652K) : devbondvia_drw has 0 polygons
2026-09-09 20:59:21 +0200: Memory Usage (466652K) : devbondmet_drw has 0 polygons
2026-09-09 20:59:21 +0200: Memory Usage (466812K) : devtrench_drw has 0 polygons
2026-09-09 20:59:21 +0200: Memory Usage (466812K) : redist_drw has 0 polygons
2026-09-09 20:59:21 +0200: Memory Usage (466812K) : graphbot_drw has 0 polygons
2026-09-09 20:59:21 +0200: Memory Usage (466972K) : graphtop_drw has 0 polygons
2026-09-09 20:59:21 +0200: Memory Usage (466972K) : antvia1_drw has 0 polygons
2026-09-09 20:59:21 +0200: Memory Usage (466972K) : antmetal2_drw has 0 polygons
2026-09-09 20:59:21 +0200: Memory Usage (467132K) : graphcont_drw has 0 polygons
2026-09-09 20:59:21 +0200: Memory Usage (467132K) : siwg_drw has 0 polygons
2026-09-09 20:59:21 +0200: Memory Usage (467132K) : siwg_filler has 0 polygons
2026-09-09 20:59:21 +0200: Memory Usage (467292K) : siwg_nofill has 0 polygons
2026-09-09 20:59:21 +0200: Memory Usage (467292K) : sigrating_drw has 0 polygons
2026-09-09 20:59:21 +0200: Memory Usage (467452K) : singrating_drw has 0 polygons
2026-09-09 20:59:21 +0200: Memory Usage (467452K) : graphpas_drw has 0 polygons
2026-09-09 20:59:21 +0200: Memory Usage (467452K) : emwind3_drw has 0 polygons
2026-09-09 20:59:21 +0200: Memory Usage (467612K) : emwihv3_drw has 0 polygons
2026-09-09 20:59:21 +0200: Memory Usage (467612K) : redbulay_drw has 0 polygons
2026-09-09 20:59:21 +0200: Memory Usage (467612K) : smos_drw has 0 polygons
2026-09-09 20:59:21 +0200: Memory Usage (467612K) : graphpad_drw has 0 polygons
2026-09-09 20:59:21 +0200: Memory Usage (467612K) : polimide_drw has 0 polygons
2026-09-09 20:59:21 +0200: Memory Usage (467772K) : polimide_pin has 0 polygons
2026-09-09 20:59:21 +0200: Memory Usage (467772K) : recog_drw has 0 polygons
2026-09-09 20:59:21 +0200: Memory Usage (467772K) : recog_pin has 0 polygons
2026-09-09 20:59:21 +0200: Memory Usage (467772K) : recog_esd has 0 polygons
2026-09-09 20:59:21 +0200: Memory Usage (467932K) : recog_diode has 0 polygons
2026-09-09 20:59:21 +0200: Memory Usage (467932K) : recog_tsv has 0 polygons
2026-09-09 20:59:21 +0200: Memory Usage (467932K) : recog_iprobe has 0 polygons
2026-09-09 20:59:21 +0200: Memory Usage (468092K) : recog_diffprb has 0 polygons
2026-09-09 20:59:21 +0200: Memory Usage (468092K) : recog_pillar has 0 polygons
2026-09-09 20:59:21 +0200: Memory Usage (468092K) : recog_sbump has 0 polygons
2026-09-09 20:59:21 +0200: Memory Usage (468252K) : recog_otp has 0 polygons
2026-09-09 20:59:21 +0200: Memory Usage (468252K) : recog_pdiode has 0 polygons
2026-09-09 20:59:21 +0200: Memory Usage (468252K) : recog_mom has 0 polygons
2026-09-09 20:59:21 +0200: Memory Usage (468412K) : recog_pcm has 0 polygons
2026-09-09 20:59:21 +0200: Memory Usage (468412K) : colopen_drw has 0 polygons
2026-09-09 20:59:21 +0200: Memory Usage (468412K) : graphmetal1_drw has 0 polygons
2026-09-09 20:59:21 +0200: Memory Usage (468572K) : graphmetal1_filler has 0 polygons
2026-09-09 20:59:21 +0200: Memory Usage (468572K) : graphmetal1_nofill has 0 polygons
2026-09-09 20:59:21 +0200: Memory Usage (468572K) : graphmetal1_slit has 0 polygons
2026-09-09 20:59:21 +0200: Memory Usage (468732K) : graphmetal1_opc has 0 polygons
2026-09-09 20:59:21 +0200: Memory Usage (468732K) : graphmet1l_drw has 0 polygons
2026-09-09 20:59:21 +0200: Memory Usage (468732K) : graphmet1l_filler has 0 polygons
2026-09-09 20:59:21 +0200: Memory Usage (468892K) : graphmet1l_nofill has 0 polygons
2026-09-09 20:59:21 +0200: Memory Usage (468892K) : graphmet1l_slit has 0 polygons
2026-09-09 20:59:21 +0200: Memory Usage (468892K) : graphmet1l_opc has 0 polygons
2026-09-09 20:59:21 +0200: Memory Usage (469052K) : extblock_drw has 0 polygons
2026-09-09 20:59:21 +0200: Memory Usage (469052K) : nldd_drw has 0 polygons
2026-09-09 20:59:21 +0200: Memory Usage (469052K) : pldd_drw has 0 polygons
2026-09-09 20:59:21 +0200: Memory Usage (469212K) : next_drw has 0 polygons
2026-09-09 20:59:21 +0200: Memory Usage (469212K) : pext_drw has 0 polygons
2026-09-09 20:59:21 +0200: Memory Usage (469212K) : nexthv_drw has 0 polygons
2026-09-09 20:59:21 +0200: Memory Usage (469372K) : pexthv_drw has 0 polygons
2026-09-09 20:59:21 +0200: Memory Usage (469372K) : graphgate_drw has 0 polygons
2026-09-09 20:59:21 +0200: Memory Usage (469372K) : sinwg_drw has 0 polygons
2026-09-09 20:59:21 +0200: Memory Usage (469532K) : sinwg_filler has 0 polygons
2026-09-09 20:59:21 +0200: Memory Usage (469532K) : sinwg_nofill has 0 polygons
2026-09-09 20:59:21 +0200: Memory Usage (469532K) : mempad_drw has 0 polygons
2026-09-09 20:59:21 +0200: Memory Usage (469692K) : topvia1_drw has 0 polygons
2026-09-09 20:59:21 +0200: Memory Usage (469692K) : topmetal1_drw has 0 polygons
2026-09-09 20:59:21 +0200: Memory Usage (469692K) : topmetal1_pin has 0 polygons
2026-09-09 20:59:21 +0200: Memory Usage (469692K) : topmetal1_mask has 0 polygons
2026-09-09 20:59:21 +0200: Memory Usage (469692K) : topmetal1_filler has 0 polygons
2026-09-09 20:59:21 +0200: Memory Usage (469692K) : topmetal1_nofill has 0 polygons
2026-09-09 20:59:21 +0200: Memory Usage (469692K) : topmetal1_slit has 0 polygons
2026-09-09 20:59:21 +0200: Memory Usage (469692K) : topmetal1_text has 0 polygons
2026-09-09 20:59:21 +0200: Memory Usage (469692K) : topmetal1_noqrc has 0 polygons
2026-09-09 20:59:21 +0200: Memory Usage (469692K) : topmetal1_res has 0 polygons
2026-09-09 20:59:21 +0200: Memory Usage (469852K) : topmetal1_iprobe has 0 polygons
2026-09-09 20:59:21 +0200: Memory Usage (469852K) : topmetal1_diffprb has 0 polygons
2026-09-09 20:59:21 +0200: Memory Usage (469852K) : inldpwl_drw has 0 polygons
2026-09-09 20:59:21 +0200: Memory Usage (470012K) : polyres_drw has 0 polygons
2026-09-09 20:59:21 +0200: Memory Usage (470012K) : polyres_pin has 0 polygons
2026-09-09 20:59:21 +0200: Memory Usage (470012K) : vmim_drw has 0 polygons
2026-09-09 20:59:21 +0200: Memory Usage (470172K) : nbulaycut_drw has 0 polygons
2026-09-09 20:59:21 +0200: Memory Usage (470172K) : antmetal1_drw has 0 polygons
2026-09-09 20:59:21 +0200: Memory Usage (470172K) : topvia2_drw has 0 polygons
2026-09-09 20:59:21 +0200: Memory Usage (470332K) : topmetal2_drw has 0 polygons
2026-09-09 20:59:21 +0200: Memory Usage (470332K) : topmetal2_pin has 0 polygons
2026-09-09 20:59:21 +0200: Memory Usage (470332K) : topmetal2_mask has 0 polygons
2026-09-09 20:59:21 +0200: Memory Usage (470492K) : topmetal2_filler has 0 polygons
2026-09-09 20:59:21 +0200: Memory Usage (470492K) : topmetal2_nofill has 0 polygons
2026-09-09 20:59:21 +0200: Memory Usage (470492K) : topmetal2_slit has 0 polygons
2026-09-09 20:59:21 +0200: Memory Usage (470652K) : topmetal2_text has 0 polygons
2026-09-09 20:59:21 +0200: Memory Usage (470652K) : topmetal2_noqrc has 0 polygons
2026-09-09 20:59:21 +0200: Memory Usage (470652K) : topmetal2_res has 0 polygons
2026-09-09 20:59:21 +0200: Memory Usage (470812K) : topmetal2_iprobe has 0 polygons
2026-09-09 20:59:21 +0200: Memory Usage (470812K) : topmetal2_diffprb has 0 polygons
2026-09-09 20:59:21 +0200: Memory Usage (470812K) : snsring_drw has 0 polygons
2026-09-09 20:59:21 +0200: Memory Usage (470972K) : sensor_drw has 0 polygons
2026-09-09 20:59:21 +0200: Memory Usage (470972K) : snsarms_drw has 0 polygons
2026-09-09 20:59:21 +0200: Memory Usage (470972K) : snscmosvia_drw has 0 polygons
2026-09-09 20:59:21 +0200: Memory Usage (471132K) : colwind_drw has 0 polygons
2026-09-09 20:59:21 +0200: Memory Usage (471132K) : flm_drw has 0 polygons
2026-09-09 20:59:21 +0200: Memory Usage (471132K) : hafniumox_drw has 0 polygons
2026-09-09 20:59:21 +0200: Memory Usage (471292K) : memvia_drw has 0 polygons
2026-09-09 20:59:21 +0200: Memory Usage (471292K) : thinfilmres_drw has 0 polygons
2026-09-09 20:59:21 +0200: Memory Usage (471292K) : rfmem_drw has 0 polygons
2026-09-09 20:59:21 +0200: Memory Usage (471452K) : norcx_drw has 0 polygons
2026-09-09 20:59:21 +0200: Memory Usage (471452K) : norcx_m2m3 has 0 polygons
2026-09-09 20:59:21 +0200: Memory Usage (471452K) : norcx_m2m4 has 0 polygons
2026-09-09 20:59:21 +0200: Memory Usage (471612K) : norcx_m2m5 has 0 polygons
2026-09-09 20:59:21 +0200: Memory Usage (471612K) : norcx_m2tm1 has 0 polygons
2026-09-09 20:59:21 +0200: Memory Usage (471772K) : norcx_m2tm2 has 0 polygons
2026-09-09 20:59:21 +0200: Memory Usage (471772K) : norcx_m3m4 has 0 polygons
2026-09-09 20:59:21 +0200: Memory Usage (471772K) : norcx_m3m5 has 0 polygons
2026-09-09 20:59:21 +0200: Memory Usage (471772K) : norcx_m3tm1 has 0 polygons
2026-09-09 20:59:21 +0200: Memory Usage (471932K) : norcx_m3tm2 has 0 polygons
2026-09-09 20:59:21 +0200: Memory Usage (471932K) : norcx_m4m5 has 0 polygons
2026-09-09 20:59:21 +0200: Memory Usage (471932K) : norcx_m4tm1 has 0 polygons
2026-09-09 20:59:21 +0200: Memory Usage (472092K) : norcx_m4tm2 has 0 polygons
2026-09-09 20:59:21 +0200: Memory Usage (472092K) : norcx_m5tm1 has 0 polygons
2026-09-09 20:59:21 +0200: Memory Usage (472092K) : norcx_m5tm2 has 0 polygons
2026-09-09 20:59:21 +0200: Memory Usage (472252K) : norcx_tm1tm2 has 0 polygons
2026-09-09 20:59:21 +0200: Memory Usage (472252K) : norcx_m1sub has 0 polygons
2026-09-09 20:59:21 +0200: Memory Usage (472252K) : norcx_m2sub has 0 polygons
2026-09-09 20:59:21 +0200: Memory Usage (472412K) : norcx_m3sub has 0 polygons
2026-09-09 20:59:21 +0200: Memory Usage (472412K) : norcx_m4sub has 0 polygons
2026-09-09 20:59:21 +0200: Memory Usage (472572K) : norcx_m5sub has 0 polygons
2026-09-09 20:59:21 +0200: Memory Usage (472572K) : norcx_tm1sub has 0 polygons
2026-09-09 20:59:21 +0200: Memory Usage (472572K) : norcx_tm2sub has 0 polygons
2026-09-09 20:59:21 +0200: Memory Usage (472732K) : snsbotvia_drw has 0 polygons
2026-09-09 20:59:21 +0200: Memory Usage (472732K) : snstopvia_drw has 0 polygons
2026-09-09 20:59:21 +0200: Memory Usage (472732K) : deepvia_drw has 0 polygons
2026-09-09 20:59:21 +0200: Memory Usage (472892K) : fgetch_drw has 0 polygons
2026-09-09 20:59:21 +0200: Memory Usage (472892K) : ctrgat_drw has 0 polygons
2026-09-09 20:59:21 +0200: Memory Usage (472892K) : fgimp_drw has 0 polygons
2026-09-09 20:59:21 +0200: Memory Usage (473052K) : emwihv_drw has 0 polygons
2026-09-09 20:59:21 +0200: Memory Usage (473052K) : lbe_drw has 0 polygons
2026-09-09 20:59:21 +0200: Memory Usage (473052K) : alcustop_drw has 0 polygons
2026-09-09 20:59:21 +0200: Memory Usage (473212K) : nometfiller_drw has 0 polygons
2026-09-09 20:59:21 +0200: Memory Usage (473212K) : prboundary_drw has 0 polygons
2026-09-09 20:59:21 +0200: Memory Usage (473212K) : exchange0_drw has 0 polygons
2026-09-09 20:59:21 +0200: Memory Usage (473372K) : exchange0_pin has 0 polygons
2026-09-09 20:59:21 +0200: Memory Usage (473372K) : exchange0_text has 0 polygons
2026-09-09 20:59:21 +0200: Memory Usage (473372K) : exchange1_drw has 0 polygons
2026-09-09 20:59:21 +0200: Memory Usage (473372K) : exchange1_pin has 0 polygons
2026-09-09 20:59:21 +0200: Memory Usage (473532K) : exchange1_text has 0 polygons
2026-09-09 20:59:21 +0200: Memory Usage (473532K) : exchange2_drw has 0 polygons
2026-09-09 20:59:21 +0200: Memory Usage (473692K) : exchange2_pin has 0 polygons
2026-09-09 20:59:21 +0200: Memory Usage (473692K) : exchange2_text has 0 polygons
2026-09-09 20:59:21 +0200: Memory Usage (473692K) : exchange3_drw has 0 polygons
2026-09-09 20:59:21 +0200: Memory Usage (473692K) : exchange3_pin has 0 polygons
2026-09-09 20:59:21 +0200: Memory Usage (473852K) : exchange3_text has 0 polygons
2026-09-09 20:59:21 +0200: Memory Usage (473852K) : exchange4_drw has 0 polygons
2026-09-09 20:59:21 +0200: Memory Usage (473852K) : exchange4_pin has 0 polygons
2026-09-09 20:59:21 +0200: Memory Usage (474012K) : exchange4_text has 0 polygons
2026-09-09 20:59:21 +0200: Memory Usage (474012K) : isonwell_drw has 0 polygons
2026-09-09 20:59:21 +0200: Memory Usage (474012K) : Total no. of polygons in the design is 97
2026-09-09 20:59:21 +0200: Memory Usage (474012K) : Loaded TECH DRC rules values from /foss/pdks/ihp-sg13g2/libs.tech/klayout/python/sg13g2_pycell_lib/sg13g2_tech_mod.json
2026-09-09 20:59:21 +0200: Memory Usage (474012K) : Loaded default DRC rules values from /foss/pdks/ihp-sg13g2/libs.tech/klayout/tech/drc/rule_decks/sg13g2_tech_default.json
2026-09-09 20:59:21 +0200: Memory Usage (474012K) : The following rules values were missing in tech json and default values were used:
2026-09-09 20:59:21 +0200: Memory Usage (474012K) :   - NW_f1_digibnd
2026-09-09 20:59:21 +0200: Memory Usage (474012K) :   - Cnt_c_digibnd
2026-09-09 20:59:21 +0200: Memory Usage (474012K) :   - Cnt_c_sram
2026-09-09 20:59:21 +0200: Memory Usage (474012K) :   - Sdiod_b
2026-09-09 20:59:21 +0200: Memory Usage (474012K) :   - Sdiod_c
2026-09-09 20:59:21 +0200: Memory Usage (474948K) : Total area of the design is 21.072 um^2.
2026-09-09 20:59:21 +0200: Memory Usage (474948K) : The design dimensions are 4.800000000000001 µm * 4.39 µm.
2026-09-09 20:59:21 +0200: Memory Usage (474948K) : Starting general IHP-SG13G2 derivations.
2026-09-09 20:59:21 +0200: Memory Usage (474948K) : Starting Pwell derivations
2026-09-09 20:59:21 +0200: Memory Usage (476816K) : Starting pad general derivations
2026-09-09 20:59:21 +0200: Memory Usage (476816K) : Starting IHP-SG13G2 DRC rules.
2026-09-09 20:59:21 +0200: Memory Usage (476816K) : Starting 6.9 Pad table
2026-09-09 20:59:21 +0200: Memory Usage (476816K) : Executing rule Pad.m
2026-09-09 20:59:21 +0200: Memory Usage (476816K) : Executing rule Pad.fR_M1
2026-09-09 20:59:21 +0200: Memory Usage (477036K) : Executing rule Pad.fR_M2
2026-09-09 20:59:21 +0200: Memory Usage (477036K) : Executing rule Pad.fR_M3
2026-09-09 20:59:21 +0200: Memory Usage (477036K) : Executing rule Pad.fR_M4
2026-09-09 20:59:21 +0200: Memory Usage (477036K) : Executing rule Pad.fR_M5
2026-09-09 20:59:21 +0200: Memory Usage (477036K) : Executing rule Pad.fR_TM1
2026-09-09 20:59:21 +0200: Memory Usage (477036K) : Executing rule Pad.fR_TM2
2026-09-09 20:59:21 +0200: Memory Usage (477036K) : Executing rule Pad.i
2026-09-09 20:59:21 +0200: Memory Usage (477036K) : KLayout DRC run for tables 'pad' completed in 0.2 seconds
