# Logfile created on 2026-09-09 20:59:16 +0200 by logger.rb/v1.5.3
2026-09-09 20:59:16 +0200: Memory Usage (454488K) : Starting running IHP-SG13G2 KLayout DRC runset on /foss/designs/aion_chip/flow/regress/AION_a21oi_nor2_1/baseline/reference_AION_a21oi_nor2_1.gds
2026-09-09 20:59:16 +0200: Memory Usage (454488K) : Ruby Version for klayout: 3.2.3
2026-09-09 20:59:16 +0200: Memory Usage (455860K) : Loading database to memory is complete.
2026-09-09 20:59:16 +0200: Memory Usage (455860K) : IHP-SG13G2 KLayout DRC runset output at: /foss/designs/aion_chip/flow/regress/AION_a21oi_nor2_1/baseline/drc/reference_AION_a21oi_nor2_1.klayout.drc/reference_AION_a21oi_nor2_1_reference_AION_a21oi_nor2_1_cont.lyrdb
2026-09-09 20:59:16 +0200: Memory Usage (455860K) : Evaluate switches.
2026-09-09 20:59:16 +0200: Memory Usage (455860K) : tables selected: cont
2026-09-09 20:59:16 +0200: Memory Usage (455860K) : KLayout will use 15 thread(s) in tiling mode.
2026-09-09 20:59:16 +0200: Memory Usage (455860K) : deep mode is enabled.
2026-09-09 20:59:16 +0200: Memory Usage (455860K) : FEOL enabled: false
2026-09-09 20:59:16 +0200: Memory Usage (455860K) : BEOL enabled: false
2026-09-09 20:59:16 +0200: Memory Usage (455860K) : OFFGRID enabled: true
2026-09-09 20:59:16 +0200: Memory Usage (455860K) : ANGLE enabled: true
2026-09-09 20:59:16 +0200: Memory Usage (455860K) : PIN enabled: false
2026-09-09 20:59:16 +0200: Memory Usage (455860K) : FORBIDDEN enabled: false
2026-09-09 20:59:16 +0200: Memory Usage (455860K) : RECOMMENDED enabled: true
2026-09-09 20:59:16 +0200: Memory Usage (455860K) : PreCheck DRC enabled: false
2026-09-09 20:59:16 +0200: Memory Usage (455860K) : CONNECTIVITY_RULES enabled: false.
2026-09-09 20:59:16 +0200: Memory Usage (455860K) : Read in polygons from layers.
2026-09-09 20:59:16 +0200: Memory Usage (456868K) : activ_drw has 6 polygons
2026-09-09 20:59:16 +0200: Memory Usage (456868K) : activ_pin has 0 polygons
2026-09-09 20:59:16 +0200: Memory Usage (456868K) : activ_mask has 0 polygons
2026-09-09 20:59:16 +0200: Memory Usage (456868K) : activ_filler has 0 polygons
2026-09-09 20:59:16 +0200: Memory Usage (456868K) : activ_nofill has 0 polygons
2026-09-09 20:59:16 +0200: Memory Usage (456868K) : activ_opc has 0 polygons
2026-09-09 20:59:16 +0200: Memory Usage (456868K) : activ_iopc has 0 polygons
2026-09-09 20:59:16 +0200: Memory Usage (456868K) : activ_noqrc has 0 polygons
2026-09-09 20:59:16 +0200: Memory Usage (456868K) : biwind_drw has 0 polygons
2026-09-09 20:59:16 +0200: Memory Usage (456868K) : biwind_opc has 0 polygons
2026-09-09 20:59:16 +0200: Memory Usage (456868K) : pemwind_drw has 0 polygons
2026-09-09 20:59:16 +0200: Memory Usage (456868K) : gatpoly_drw has 5 polygons
2026-09-09 20:59:16 +0200: Memory Usage (456868K) : gatpoly_pin has 0 polygons
2026-09-09 20:59:16 +0200: Memory Usage (456868K) : gatpoly_filler has 0 polygons
2026-09-09 20:59:16 +0200: Memory Usage (456868K) : gatpoly_nofill has 0 polygons
2026-09-09 20:59:16 +0200: Memory Usage (456868K) : gatpoly_opc has 0 polygons
2026-09-09 20:59:16 +0200: Memory Usage (456868K) : gatpoly_iopc has 0 polygons
2026-09-09 20:59:16 +0200: Memory Usage (456868K) : gatpoly_noqrc has 0 polygons
2026-09-09 20:59:16 +0200: Memory Usage (456868K) : cont_drw has 49 polygons
2026-09-09 20:59:16 +0200: Memory Usage (457028K) : cont_opc has 0 polygons
2026-09-09 20:59:16 +0200: Memory Usage (457028K) : nsd_drw has 0 polygons
2026-09-09 20:59:16 +0200: Memory Usage (457028K) : nsd_block has 0 polygons
2026-09-09 20:59:16 +0200: Memory Usage (457412K) : metal1_drw has 16 polygons
2026-09-09 20:59:16 +0200: Memory Usage (457412K) : metal1_pin has 7 polygons
2026-09-09 20:59:16 +0200: Memory Usage (457412K) : metal1_mask has 0 polygons
2026-09-09 20:59:16 +0200: Memory Usage (457572K) : metal1_filler has 0 polygons
2026-09-09 20:59:16 +0200: Memory Usage (457572K) : metal1_nofill has 0 polygons
2026-09-09 20:59:16 +0200: Memory Usage (457572K) : metal1_slit has 0 polygons
2026-09-09 20:59:16 +0200: Memory Usage (457924K) : metal1_text has 7 polygons
2026-09-09 20:59:16 +0200: Memory Usage (457924K) : metal1_opc has 0 polygons
2026-09-09 20:59:16 +0200: Memory Usage (457924K) : metal1_noqrc has 0 polygons
2026-09-09 20:59:16 +0200: Memory Usage (458084K) : metal1_res has 0 polygons
2026-09-09 20:59:16 +0200: Memory Usage (458084K) : metal1_iprobe has 0 polygons
2026-09-09 20:59:16 +0200: Memory Usage (458084K) : metal1_diffprb has 0 polygons
2026-09-09 20:59:16 +0200: Memory Usage (458244K) : passiv_drw has 0 polygons
2026-09-09 20:59:16 +0200: Memory Usage (458244K) : passiv_pin has 0 polygons
2026-09-09 20:59:16 +0200: Memory Usage (458244K) : passiv_sbump has 0 polygons
2026-09-09 20:59:16 +0200: Memory Usage (458404K) : passiv_pillar has 0 polygons
2026-09-09 20:59:16 +0200: Memory Usage (458404K) : passiv_pdl has 0 polygons
2026-09-09 20:59:16 +0200: Memory Usage (458404K) : metal2_drw has 2 polygons
2026-09-09 20:59:16 +0200: Memory Usage (458404K) : metal2_pin has 0 polygons
2026-09-09 20:59:16 +0200: Memory Usage (458404K) : metal2_mask has 0 polygons
2026-09-09 20:59:16 +0200: Memory Usage (458404K) : metal2_filler has 0 polygons
2026-09-09 20:59:16 +0200: Memory Usage (458404K) : metal2_nofill has 0 polygons
2026-09-09 20:59:16 +0200: Memory Usage (458404K) : metal2_slit has 0 polygons
2026-09-09 20:59:16 +0200: Memory Usage (458404K) : metal2_text has 0 polygons
2026-09-09 20:59:16 +0200: Memory Usage (458404K) : metal2_opc has 0 polygons
2026-09-09 20:59:16 +0200: Memory Usage (458724K) : metal2_noqrc has 0 polygons
2026-09-09 20:59:16 +0200: Memory Usage (458724K) : metal2_res has 0 polygons
2026-09-09 20:59:16 +0200: Memory Usage (458724K) : metal2_iprobe has 0 polygons
2026-09-09 20:59:16 +0200: Memory Usage (458724K) : metal2_diffprb has 0 polygons
2026-09-09 20:59:16 +0200: Memory Usage (458724K) : baspoly_drw has 0 polygons
2026-09-09 20:59:16 +0200: Memory Usage (458724K) : baspoly_pin has 0 polygons
2026-09-09 20:59:16 +0200: Memory Usage (458724K) : psd_drw has 2 polygons
2026-09-09 20:59:16 +0200: Memory Usage (458884K) : nldb_drw has 0 polygons
2026-09-09 20:59:16 +0200: Memory Usage (458884K) : digibnd_drw has 0 polygons
2026-09-09 20:59:16 +0200: Memory Usage (458884K) : via1_drw has 2 polygons
2026-09-09 20:59:16 +0200: Memory Usage (459044K) : backmetal1_drw has 0 polygons
2026-09-09 20:59:16 +0200: Memory Usage (459044K) : backmetal1_pin has 0 polygons
2026-09-09 20:59:16 +0200: Memory Usage (459044K) : backmetal1_mask has 0 polygons
2026-09-09 20:59:16 +0200: Memory Usage (459204K) : backmetal1_filler has 0 polygons
2026-09-09 20:59:16 +0200: Memory Usage (459204K) : backmetal1_nofill has 0 polygons
2026-09-09 20:59:16 +0200: Memory Usage (459204K) : backmetal1_slit has 0 polygons
2026-09-09 20:59:16 +0200: Memory Usage (459364K) : backmetal1_text has 0 polygons
2026-09-09 20:59:16 +0200: Memory Usage (459364K) : backmetal1_opc has 0 polygons
2026-09-09 20:59:16 +0200: Memory Usage (459364K) : backmetal1_noqrc has 0 polygons
2026-09-09 20:59:16 +0200: Memory Usage (459524K) : backmetal1_res has 0 polygons
2026-09-09 20:59:16 +0200: Memory Usage (459684K) : backmetal1_iprobe has 0 polygons
2026-09-09 20:59:16 +0200: Memory Usage (459684K) : backmetal1_diffprb has 0 polygons
2026-09-09 20:59:16 +0200: Memory Usage (459844K) : backpassiv_drw has 0 polygons
2026-09-09 20:59:16 +0200: Memory Usage (459844K) : res_drw has 0 polygons
2026-09-09 20:59:16 +0200: Memory Usage (459844K) : sram_drw has 0 polygons
2026-09-09 20:59:16 +0200: Memory Usage (460004K) : trans_drw has 0 polygons
2026-09-09 20:59:16 +0200: Memory Usage (460004K) : ind_drw has 0 polygons
2026-09-09 20:59:16 +0200: Memory Usage (460004K) : ind_pin has 0 polygons
2026-09-09 20:59:16 +0200: Memory Usage (460164K) : ind_text has 0 polygons
2026-09-09 20:59:16 +0200: Memory Usage (460164K) : salblock_drw has 0 polygons
2026-09-09 20:59:16 +0200: Memory Usage (460164K) : via2_drw has 0 polygons
2026-09-09 20:59:16 +0200: Memory Usage (460324K) : metal3_drw has 0 polygons
2026-09-09 20:59:16 +0200: Memory Usage (460324K) : metal3_pin has 0 polygons
2026-09-09 20:59:16 +0200: Memory Usage (460324K) : metal3_mask has 0 polygons
2026-09-09 20:59:16 +0200: Memory Usage (460484K) : metal3_filler has 0 polygons
2026-09-09 20:59:16 +0200: Memory Usage (460484K) : metal3_nofill has 0 polygons
2026-09-09 20:59:16 +0200: Memory Usage (460484K) : metal3_slit has 0 polygons
2026-09-09 20:59:16 +0200: Memory Usage (460644K) : metal3_text has 0 polygons
2026-09-09 20:59:16 +0200: Memory Usage (460644K) : metal3_opc has 0 polygons
2026-09-09 20:59:16 +0200: Memory Usage (460804K) : metal3_noqrc has 0 polygons
2026-09-09 20:59:16 +0200: Memory Usage (460804K) : metal3_res has 0 polygons
2026-09-09 20:59:16 +0200: Memory Usage (460964K) : metal3_iprobe has 0 polygons
2026-09-09 20:59:16 +0200: Memory Usage (460964K) : metal3_diffprb has 0 polygons
2026-09-09 20:59:16 +0200: Memory Usage (460964K) : nwell_drw has 1 polygons
2026-09-09 20:59:16 +0200: Memory Usage (460964K) : nwell_pin has 0 polygons
2026-09-09 20:59:16 +0200: Memory Usage (461124K) : nbulay_drw has 0 polygons
2026-09-09 20:59:16 +0200: Memory Usage (461124K) : nbulay_pin has 0 polygons
2026-09-09 20:59:16 +0200: Memory Usage (461124K) : nbulay_block has 0 polygons
2026-09-09 20:59:16 +0200: Memory Usage (461124K) : emwind_drw has 0 polygons
2026-09-09 20:59:16 +0200: Memory Usage (461284K) : emwind_opc has 0 polygons
2026-09-09 20:59:16 +0200: Memory Usage (461284K) : deepco_drw has 0 polygons
2026-09-09 20:59:16 +0200: Memory Usage (461284K) : deepco_drw has 0 polygons
2026-09-09 20:59:16 +0200: Memory Usage (461284K) : mim_drw has 0 polygons
2026-09-09 20:59:16 +0200: Memory Usage (461284K) : edgeseal_drw has 0 polygons
2026-09-09 20:59:16 +0200: Memory Usage (461444K) : edgeseal_bound has 0 polygons
2026-09-09 20:59:16 +0200: Memory Usage (461444K) : substrate_drw has 0 polygons
2026-09-09 20:59:16 +0200: Memory Usage (461444K) : substrate_text has 0 polygons
2026-09-09 20:59:16 +0200: Memory Usage (461444K) : dfpad_drw has 0 polygons
2026-09-09 20:59:16 +0200: Memory Usage (461604K) : dfpad_pillar has 0 polygons
2026-09-09 20:59:16 +0200: Memory Usage (461604K) : dfpad_sbump has 0 polygons
2026-09-09 20:59:16 +0200: Memory Usage (461604K) : thickgateox_drw has 0 polygons
2026-09-09 20:59:16 +0200: Memory Usage (461604K) : pldb_drw has 0 polygons
2026-09-09 20:59:16 +0200: Memory Usage (461764K) : pwell_drw has 0 polygons
2026-09-09 20:59:16 +0200: Memory Usage (461764K) : pwell_pin has 0 polygons
2026-09-09 20:59:16 +0200: Memory Usage (461924K) : pwell_block has 0 polygons
2026-09-09 20:59:16 +0200: Memory Usage (461924K) : ic_drw has 0 polygons
2026-09-09 20:59:16 +0200: Memory Usage (461924K) : via3_drw has 0 polygons
2026-09-09 20:59:16 +0200: Memory Usage (462084K) : metal4_drw has 0 polygons
2026-09-09 20:59:16 +0200: Memory Usage (462084K) : metal4_pin has 0 polygons
2026-09-09 20:59:16 +0200: Memory Usage (462084K) : metal4_mask has 0 polygons
2026-09-09 20:59:16 +0200: Memory Usage (462244K) : metal4_filler has 0 polygons
2026-09-09 20:59:16 +0200: Memory Usage (462244K) : metal4_nofill has 0 polygons
2026-09-09 20:59:16 +0200: Memory Usage (462244K) : metal4_slit has 0 polygons
2026-09-09 20:59:16 +0200: Memory Usage (462404K) : metal4_text has 0 polygons
2026-09-09 20:59:16 +0200: Memory Usage (462404K) : metal4_opc has 0 polygons
2026-09-09 20:59:16 +0200: Memory Usage (462404K) : metal4_noqrc has 0 polygons
2026-09-09 20:59:16 +0200: Memory Usage (462564K) : metal4_res has 0 polygons
2026-09-09 20:59:16 +0200: Memory Usage (462564K) : metal4_iprobe has 0 polygons
2026-09-09 20:59:16 +0200: Memory Usage (462564K) : metal4_diffprb has 0 polygons
2026-09-09 20:59:16 +0200: Memory Usage (462724K) : heattrans_drw has 0 polygons
2026-09-09 20:59:16 +0200: Memory Usage (462724K) : heatres_drw has 0 polygons
2026-09-09 20:59:16 +0200: Memory Usage (462724K) : pempoly_drw has 0 polygons
2026-09-09 20:59:16 +0200: Memory Usage (462884K) : fbe_drw has 0 polygons
2026-09-09 20:59:16 +0200: Memory Usage (462884K) : empoly_drw has 0 polygons
2026-09-09 20:59:16 +0200: Memory Usage (462884K) : ldmos_drw has 0 polygons
2026-09-09 20:59:16 +0200: Memory Usage (463044K) : pbiwind_drw has 0 polygons
2026-09-09 20:59:16 +0200: Memory Usage (463044K) : digisub_drw has 0 polygons
2026-09-09 20:59:16 +0200: Memory Usage (463044K) : nodrc_drw has 0 polygons
2026-09-09 20:59:16 +0200: Memory Usage (463044K) : text_drw has 0 polygons
2026-09-09 20:59:16 +0200: Memory Usage (463204K) : via4_drw has 0 polygons
2026-09-09 20:59:16 +0200: Memory Usage (463204K) : metal5_drw has 0 polygons
2026-09-09 20:59:16 +0200: Memory Usage (463204K) : metal5_pin has 0 polygons
2026-09-09 20:59:16 +0200: Memory Usage (463204K) : metal5_mask has 0 polygons
2026-09-09 20:59:16 +0200: Memory Usage (463364K) : metal5_filler has 0 polygons
2026-09-09 20:59:16 +0200: Memory Usage (463364K) : metal5_nofill has 0 polygons
2026-09-09 20:59:16 +0200: Memory Usage (463364K) : metal5_slit has 0 polygons
2026-09-09 20:59:16 +0200: Memory Usage (463524K) : metal5_text has 0 polygons
2026-09-09 20:59:16 +0200: Memory Usage (463524K) : metal5_opc has 0 polygons
2026-09-09 20:59:16 +0200: Memory Usage (463524K) : metal5_noqrc has 0 polygons
2026-09-09 20:59:16 +0200: Memory Usage (463684K) : metal5_res has 0 polygons
2026-09-09 20:59:16 +0200: Memory Usage (463684K) : metal5_iprobe has 0 polygons
2026-09-09 20:59:16 +0200: Memory Usage (463684K) : metal5_diffprb has 0 polygons
2026-09-09 20:59:16 +0200: Memory Usage (463844K) : radhard_drw has 0 polygons
2026-09-09 20:59:16 +0200: Memory Usage (463844K) : memcap_drw has 0 polygons
2026-09-09 20:59:16 +0200: Memory Usage (463844K) : varicap_drw has 0 polygons
2026-09-09 20:59:16 +0200: Memory Usage (464004K) : flash_drw has 0 polygons
2026-09-09 20:59:16 +0200: Memory Usage (464004K) : intbondvia_drw has 0 polygons
2026-09-09 20:59:16 +0200: Memory Usage (464004K) : intbondmet_drw has 0 polygons
2026-09-09 20:59:16 +0200: Memory Usage (464164K) : devbondvia_drw has 0 polygons
2026-09-09 20:59:16 +0200: Memory Usage (464164K) : devbondmet_drw has 0 polygons
2026-09-09 20:59:16 +0200: Memory Usage (464164K) : devtrench_drw has 0 polygons
2026-09-09 20:59:16 +0200: Memory Usage (464324K) : redist_drw has 0 polygons
2026-09-09 20:59:16 +0200: Memory Usage (464324K) : graphbot_drw has 0 polygons
2026-09-09 20:59:16 +0200: Memory Usage (464324K) : graphtop_drw has 0 polygons
2026-09-09 20:59:16 +0200: Memory Usage (464484K) : antvia1_drw has 0 polygons
2026-09-09 20:59:16 +0200: Memory Usage (464484K) : antmetal2_drw has 0 polygons
2026-09-09 20:59:16 +0200: Memory Usage (464484K) : graphcont_drw has 0 polygons
2026-09-09 20:59:16 +0200: Memory Usage (464644K) : siwg_drw has 0 polygons
2026-09-09 20:59:16 +0200: Memory Usage (464644K) : siwg_filler has 0 polygons
2026-09-09 20:59:16 +0200: Memory Usage (464644K) : siwg_nofill has 0 polygons
2026-09-09 20:59:16 +0200: Memory Usage (464804K) : sigrating_drw has 0 polygons
2026-09-09 20:59:16 +0200: Memory Usage (464804K) : singrating_drw has 0 polygons
2026-09-09 20:59:16 +0200: Memory Usage (464804K) : graphpas_drw has 0 polygons
2026-09-09 20:59:16 +0200: Memory Usage (464964K) : emwind3_drw has 0 polygons
2026-09-09 20:59:16 +0200: Memory Usage (464964K) : emwihv3_drw has 0 polygons
2026-09-09 20:59:16 +0200: Memory Usage (464964K) : redbulay_drw has 0 polygons
2026-09-09 20:59:16 +0200: Memory Usage (464964K) : smos_drw has 0 polygons
2026-09-09 20:59:16 +0200: Memory Usage (465124K) : graphpad_drw has 0 polygons
2026-09-09 20:59:16 +0200: Memory Usage (465124K) : polimide_drw has 0 polygons
2026-09-09 20:59:16 +0200: Memory Usage (465124K) : polimide_pin has 0 polygons
2026-09-09 20:59:16 +0200: Memory Usage (465124K) : recog_drw has 0 polygons
2026-09-09 20:59:16 +0200: Memory Usage (465284K) : recog_pin has 0 polygons
2026-09-09 20:59:16 +0200: Memory Usage (465284K) : recog_esd has 0 polygons
2026-09-09 20:59:16 +0200: Memory Usage (465284K) : recog_diode has 0 polygons
2026-09-09 20:59:16 +0200: Memory Usage (465284K) : recog_tsv has 0 polygons
2026-09-09 20:59:16 +0200: Memory Usage (465444K) : recog_iprobe has 0 polygons
2026-09-09 20:59:16 +0200: Memory Usage (465444K) : recog_diffprb has 0 polygons
2026-09-09 20:59:16 +0200: Memory Usage (465444K) : recog_pillar has 0 polygons
2026-09-09 20:59:16 +0200: Memory Usage (465604K) : recog_sbump has 0 polygons
2026-09-09 20:59:16 +0200: Memory Usage (465604K) : recog_otp has 0 polygons
2026-09-09 20:59:16 +0200: Memory Usage (465604K) : recog_pdiode has 0 polygons
2026-09-09 20:59:16 +0200: Memory Usage (465764K) : recog_mom has 0 polygons
2026-09-09 20:59:16 +0200: Memory Usage (465764K) : recog_pcm has 0 polygons
2026-09-09 20:59:16 +0200: Memory Usage (465764K) : colopen_drw has 0 polygons
2026-09-09 20:59:16 +0200: Memory Usage (465924K) : graphmetal1_drw has 0 polygons
2026-09-09 20:59:16 +0200: Memory Usage (465924K) : graphmetal1_filler has 0 polygons
2026-09-09 20:59:16 +0200: Memory Usage (465924K) : graphmetal1_nofill has 0 polygons
2026-09-09 20:59:16 +0200: Memory Usage (466084K) : graphmetal1_slit has 0 polygons
2026-09-09 20:59:16 +0200: Memory Usage (466084K) : graphmetal1_opc has 0 polygons
2026-09-09 20:59:16 +0200: Memory Usage (466084K) : graphmet1l_drw has 0 polygons
2026-09-09 20:59:16 +0200: Memory Usage (466244K) : graphmet1l_filler has 0 polygons
2026-09-09 20:59:16 +0200: Memory Usage (466244K) : graphmet1l_nofill has 0 polygons
2026-09-09 20:59:16 +0200: Memory Usage (466244K) : graphmet1l_slit has 0 polygons
2026-09-09 20:59:16 +0200: Memory Usage (466404K) : graphmet1l_opc has 0 polygons
2026-09-09 20:59:16 +0200: Memory Usage (466404K) : extblock_drw has 0 polygons
2026-09-09 20:59:16 +0200: Memory Usage (466404K) : nldd_drw has 0 polygons
2026-09-09 20:59:16 +0200: Memory Usage (466564K) : pldd_drw has 0 polygons
2026-09-09 20:59:16 +0200: Memory Usage (466564K) : next_drw has 0 polygons
2026-09-09 20:59:16 +0200: Memory Usage (466564K) : pext_drw has 0 polygons
2026-09-09 20:59:16 +0200: Memory Usage (466724K) : nexthv_drw has 0 polygons
2026-09-09 20:59:16 +0200: Memory Usage (466724K) : pexthv_drw has 0 polygons
2026-09-09 20:59:16 +0200: Memory Usage (466724K) : graphgate_drw has 0 polygons
2026-09-09 20:59:16 +0200: Memory Usage (466884K) : sinwg_drw has 0 polygons
2026-09-09 20:59:16 +0200: Memory Usage (466884K) : sinwg_filler has 0 polygons
2026-09-09 20:59:16 +0200: Memory Usage (467044K) : sinwg_nofill has 0 polygons
2026-09-09 20:59:16 +0200: Memory Usage (467044K) : mempad_drw has 0 polygons
2026-09-09 20:59:16 +0200: Memory Usage (467044K) : topvia1_drw has 0 polygons
2026-09-09 20:59:16 +0200: Memory Usage (467044K) : topmetal1_drw has 0 polygons
2026-09-09 20:59:16 +0200: Memory Usage (467044K) : topmetal1_pin has 0 polygons
2026-09-09 20:59:16 +0200: Memory Usage (467044K) : topmetal1_mask has 0 polygons
2026-09-09 20:59:16 +0200: Memory Usage (467044K) : topmetal1_filler has 0 polygons
2026-09-09 20:59:16 +0200: Memory Usage (467044K) : topmetal1_nofill has 0 polygons
2026-09-09 20:59:16 +0200: Memory Usage (467044K) : topmetal1_slit has 0 polygons
2026-09-09 20:59:16 +0200: Memory Usage (467044K) : topmetal1_text has 0 polygons
2026-09-09 20:59:16 +0200: Memory Usage (467204K) : topmetal1_noqrc has 0 polygons
2026-09-09 20:59:16 +0200: Memory Usage (467204K) : topmetal1_res has 0 polygons
2026-09-09 20:59:16 +0200: Memory Usage (467204K) : topmetal1_iprobe has 0 polygons
2026-09-09 20:59:16 +0200: Memory Usage (467364K) : topmetal1_diffprb has 0 polygons
2026-09-09 20:59:16 +0200: Memory Usage (467364K) : inldpwl_drw has 0 polygons
2026-09-09 20:59:16 +0200: Memory Usage (467364K) : polyres_drw has 0 polygons
2026-09-09 20:59:16 +0200: Memory Usage (467524K) : polyres_pin has 0 polygons
2026-09-09 20:59:16 +0200: Memory Usage (467524K) : vmim_drw has 0 polygons
2026-09-09 20:59:16 +0200: Memory Usage (467524K) : nbulaycut_drw has 0 polygons
2026-09-09 20:59:16 +0200: Memory Usage (467684K) : antmetal1_drw has 0 polygons
2026-09-09 20:59:16 +0200: Memory Usage (467684K) : topvia2_drw has 0 polygons
2026-09-09 20:59:16 +0200: Memory Usage (467684K) : topmetal2_drw has 0 polygons
2026-09-09 20:59:16 +0200: Memory Usage (467844K) : topmetal2_pin has 0 polygons
2026-09-09 20:59:16 +0200: Memory Usage (467844K) : topmetal2_mask has 0 polygons
2026-09-09 20:59:16 +0200: Memory Usage (467844K) : topmetal2_filler has 0 polygons
2026-09-09 20:59:16 +0200: Memory Usage (468004K) : topmetal2_nofill has 0 polygons
2026-09-09 20:59:16 +0200: Memory Usage (468004K) : topmetal2_slit has 0 polygons
2026-09-09 20:59:16 +0200: Memory Usage (468004K) : topmetal2_text has 0 polygons
2026-09-09 20:59:16 +0200: Memory Usage (468164K) : topmetal2_noqrc has 0 polygons
2026-09-09 20:59:16 +0200: Memory Usage (468164K) : topmetal2_res has 0 polygons
2026-09-09 20:59:16 +0200: Memory Usage (468164K) : topmetal2_iprobe has 0 polygons
2026-09-09 20:59:16 +0200: Memory Usage (468324K) : topmetal2_diffprb has 0 polygons
2026-09-09 20:59:16 +0200: Memory Usage (468324K) : snsring_drw has 0 polygons
2026-09-09 20:59:16 +0200: Memory Usage (468324K) : sensor_drw has 0 polygons
2026-09-09 20:59:16 +0200: Memory Usage (468484K) : snsarms_drw has 0 polygons
2026-09-09 20:59:16 +0200: Memory Usage (468484K) : snscmosvia_drw has 0 polygons
2026-09-09 20:59:16 +0200: Memory Usage (468484K) : colwind_drw has 0 polygons
2026-09-09 20:59:16 +0200: Memory Usage (468644K) : flm_drw has 0 polygons
2026-09-09 20:59:16 +0200: Memory Usage (468644K) : hafniumox_drw has 0 polygons
2026-09-09 20:59:16 +0200: Memory Usage (468644K) : memvia_drw has 0 polygons
2026-09-09 20:59:16 +0200: Memory Usage (468804K) : thinfilmres_drw has 0 polygons
2026-09-09 20:59:16 +0200: Memory Usage (468804K) : rfmem_drw has 0 polygons
2026-09-09 20:59:16 +0200: Memory Usage (468804K) : norcx_drw has 0 polygons
2026-09-09 20:59:16 +0200: Memory Usage (468964K) : norcx_m2m3 has 0 polygons
2026-09-09 20:59:16 +0200: Memory Usage (468964K) : norcx_m2m4 has 0 polygons
2026-09-09 20:59:16 +0200: Memory Usage (468964K) : norcx_m2m5 has 0 polygons
2026-09-09 20:59:16 +0200: Memory Usage (469124K) : norcx_m2tm1 has 0 polygons
2026-09-09 20:59:16 +0200: Memory Usage (469124K) : norcx_m2tm2 has 0 polygons
2026-09-09 20:59:16 +0200: Memory Usage (469124K) : norcx_m3m4 has 0 polygons
2026-09-09 20:59:16 +0200: Memory Usage (469284K) : norcx_m3m5 has 0 polygons
2026-09-09 20:59:16 +0200: Memory Usage (469284K) : norcx_m3tm1 has 0 polygons
2026-09-09 20:59:16 +0200: Memory Usage (469284K) : norcx_m3tm2 has 0 polygons
2026-09-09 20:59:16 +0200: Memory Usage (469444K) : norcx_m4m5 has 0 polygons
2026-09-09 20:59:16 +0200: Memory Usage (469444K) : norcx_m4tm1 has 0 polygons
2026-09-09 20:59:16 +0200: Memory Usage (469444K) : norcx_m4tm2 has 0 polygons
2026-09-09 20:59:16 +0200: Memory Usage (469604K) : norcx_m5tm1 has 0 polygons
2026-09-09 20:59:16 +0200: Memory Usage (469604K) : norcx_m5tm2 has 0 polygons
2026-09-09 20:59:16 +0200: Memory Usage (469604K) : norcx_tm1tm2 has 0 polygons
2026-09-09 20:59:16 +0200: Memory Usage (469764K) : norcx_m1sub has 0 polygons
2026-09-09 20:59:16 +0200: Memory Usage (469764K) : norcx_m2sub has 0 polygons
2026-09-09 20:59:16 +0200: Memory Usage (469764K) : norcx_m3sub has 0 polygons
2026-09-09 20:59:16 +0200: Memory Usage (469924K) : norcx_m4sub has 0 polygons
2026-09-09 20:59:16 +0200: Memory Usage (469924K) : norcx_m5sub has 0 polygons
2026-09-09 20:59:16 +0200: Memory Usage (469924K) : norcx_tm1sub has 0 polygons
2026-09-09 20:59:16 +0200: Memory Usage (470084K) : norcx_tm2sub has 0 polygons
2026-09-09 20:59:16 +0200: Memory Usage (470084K) : snsbotvia_drw has 0 polygons
2026-09-09 20:59:16 +0200: Memory Usage (470084K) : snstopvia_drw has 0 polygons
2026-09-09 20:59:16 +0200: Memory Usage (470244K) : deepvia_drw has 0 polygons
2026-09-09 20:59:16 +0200: Memory Usage (470244K) : fgetch_drw has 0 polygons
2026-09-09 20:59:16 +0200: Memory Usage (470244K) : ctrgat_drw has 0 polygons
2026-09-09 20:59:16 +0200: Memory Usage (470404K) : fgimp_drw has 0 polygons
2026-09-09 20:59:16 +0200: Memory Usage (470404K) : emwihv_drw has 0 polygons
2026-09-09 20:59:16 +0200: Memory Usage (470404K) : lbe_drw has 0 polygons
2026-09-09 20:59:16 +0200: Memory Usage (470564K) : alcustop_drw has 0 polygons
2026-09-09 20:59:16 +0200: Memory Usage (470564K) : nometfiller_drw has 0 polygons
2026-09-09 20:59:16 +0200: Memory Usage (470564K) : prboundary_drw has 0 polygons
2026-09-09 20:59:16 +0200: Memory Usage (470724K) : exchange0_drw has 0 polygons
2026-09-09 20:59:16 +0200: Memory Usage (470724K) : exchange0_pin has 0 polygons
2026-09-09 20:59:16 +0200: Memory Usage (470724K) : exchange0_text has 0 polygons
2026-09-09 20:59:16 +0200: Memory Usage (470884K) : exchange1_drw has 0 polygons
2026-09-09 20:59:16 +0200: Memory Usage (470884K) : exchange1_pin has 0 polygons
2026-09-09 20:59:16 +0200: Memory Usage (470884K) : exchange1_text has 0 polygons
2026-09-09 20:59:16 +0200: Memory Usage (471044K) : exchange2_drw has 0 polygons
2026-09-09 20:59:16 +0200: Memory Usage (471044K) : exchange2_pin has 0 polygons
2026-09-09 20:59:16 +0200: Memory Usage (471044K) : exchange2_text has 0 polygons
2026-09-09 20:59:16 +0200: Memory Usage (471204K) : exchange3_drw has 0 polygons
2026-09-09 20:59:16 +0200: Memory Usage (471204K) : exchange3_pin has 0 polygons
2026-09-09 20:59:16 +0200: Memory Usage (471204K) : exchange3_text has 0 polygons
2026-09-09 20:59:16 +0200: Memory Usage (471364K) : exchange4_drw has 0 polygons
2026-09-09 20:59:16 +0200: Memory Usage (471364K) : exchange4_pin has 0 polygons
2026-09-09 20:59:16 +0200: Memory Usage (471364K) : exchange4_text has 0 polygons
2026-09-09 20:59:16 +0200: Memory Usage (471364K) : isonwell_drw has 0 polygons
2026-09-09 20:59:16 +0200: Memory Usage (471364K) : Total no. of polygons in the design is 97
2026-09-09 20:59:16 +0200: Memory Usage (471524K) : Loaded TECH DRC rules values from /foss/pdks/ihp-sg13g2/libs.tech/klayout/python/sg13g2_pycell_lib/sg13g2_tech_mod.json
2026-09-09 20:59:16 +0200: Memory Usage (471524K) : Loaded default DRC rules values from /foss/pdks/ihp-sg13g2/libs.tech/klayout/tech/drc/rule_decks/sg13g2_tech_default.json
2026-09-09 20:59:16 +0200: Memory Usage (471524K) : The following rules values were missing in tech json and default values were used:
2026-09-09 20:59:16 +0200: Memory Usage (471524K) :   - NW_f1_digibnd
2026-09-09 20:59:16 +0200: Memory Usage (471524K) :   - Cnt_c_digibnd
2026-09-09 20:59:16 +0200: Memory Usage (471524K) :   - Cnt_c_sram
2026-09-09 20:59:16 +0200: Memory Usage (471524K) :   - Sdiod_b
2026-09-09 20:59:16 +0200: Memory Usage (471524K) :   - Sdiod_c
2026-09-09 20:59:16 +0200: Memory Usage (472676K) : Total area of the design is 21.072 um^2.
2026-09-09 20:59:16 +0200: Memory Usage (472676K) : The design dimensions are 4.800000000000001 µm * 4.39 µm.
2026-09-09 20:59:16 +0200: Memory Usage (472676K) : Starting general IHP-SG13G2 derivations.
2026-09-09 20:59:16 +0200: Memory Usage (472676K) : Starting Pwell derivations
2026-09-09 20:59:16 +0200: Memory Usage (474676K) : Starting n-Activ derivations
2026-09-09 20:59:16 +0200: Memory Usage (474836K) : Starting p-Activ derivations
2026-09-09 20:59:16 +0200: Memory Usage (474836K) : Starting nact FET derivations
2026-09-09 20:59:16 +0200: Memory Usage (474996K) : Starting cont/contbar general derivations
2026-09-09 20:59:16 +0200: Memory Usage (474996K) : Starting SVaricap general derivations
2026-09-09 20:59:16 +0200: Memory Usage (474996K) : Starting IHP-SG13G2 DRC rules.
2026-09-09 20:59:16 +0200: Memory Usage (474996K) : Starting 5.14. Cont table
2026-09-09 20:59:16 +0200: Memory Usage (474996K) : Executing rule Cnt.a
2026-09-09 20:59:16 +0200: Memory Usage (474996K) : Executing rule Cnt.b
2026-09-09 20:59:16 +0200: Memory Usage (475364K) : Executing rule Cnt.c
2026-09-09 20:59:16 +0200: Memory Usage (475364K) : Executing rule Cnt.c.digibnd
2026-09-09 20:59:16 +0200: Memory Usage (475196K) : Executing rule Cnt.c.SRAM
2026-09-09 20:59:16 +0200: Memory Usage (475196K) : Executing rule Cnt.d
2026-09-09 20:59:16 +0200: Memory Usage (475196K) : Executing rule Cnt.e
2026-09-09 20:59:16 +0200: Memory Usage (475356K) : Executing rule Cnt.g1
2026-09-09 20:59:16 +0200: Memory Usage (475516K) : Executing rule Cnt.g2
2026-09-09 20:59:16 +0200: Memory Usage (475676K) : KLayout DRC run for tables 'cont' completed in 0.21 seconds
