# Logfile created on 2026-09-09 20:59:16 +0200 by logger.rb/v1.5.3
2026-09-09 20:59:16 +0200: Memory Usage (457540K) : Starting running IHP-SG13G2 KLayout DRC runset on /foss/designs/aion_chip/flow/regress/AION_a21oi_nor2_1/baseline/reference_AION_a21oi_nor2_1.gds
2026-09-09 20:59:16 +0200: Memory Usage (457540K) : Ruby Version for klayout: 3.2.3
2026-09-09 20:59:16 +0200: Memory Usage (458528K) : Loading database to memory is complete.
2026-09-09 20:59:16 +0200: Memory Usage (458528K) : IHP-SG13G2 KLayout DRC runset output at: /foss/designs/aion_chip/flow/regress/AION_a21oi_nor2_1/baseline/drc/reference_AION_a21oi_nor2_1.klayout.drc/reference_AION_a21oi_nor2_1_reference_AION_a21oi_nor2_1_nwell.lyrdb
2026-09-09 20:59:16 +0200: Memory Usage (458720K) : Evaluate switches.
2026-09-09 20:59:16 +0200: Memory Usage (458720K) : tables selected: nwell
2026-09-09 20:59:16 +0200: Memory Usage (458720K) : KLayout will use 15 thread(s) in tiling mode.
2026-09-09 20:59:16 +0200: Memory Usage (458720K) : deep mode is enabled.
2026-09-09 20:59:16 +0200: Memory Usage (458720K) : FEOL enabled: false
2026-09-09 20:59:16 +0200: Memory Usage (458720K) : BEOL enabled: false
2026-09-09 20:59:16 +0200: Memory Usage (458720K) : OFFGRID enabled: true
2026-09-09 20:59:16 +0200: Memory Usage (458720K) : ANGLE enabled: true
2026-09-09 20:59:16 +0200: Memory Usage (458720K) : PIN enabled: false
2026-09-09 20:59:16 +0200: Memory Usage (458720K) : FORBIDDEN enabled: false
2026-09-09 20:59:16 +0200: Memory Usage (458720K) : RECOMMENDED enabled: true
2026-09-09 20:59:16 +0200: Memory Usage (458720K) : PreCheck DRC enabled: false
2026-09-09 20:59:16 +0200: Memory Usage (458720K) : CONNECTIVITY_RULES enabled: true.
2026-09-09 20:59:16 +0200: Memory Usage (458720K) : Read in polygons from layers.
2026-09-09 20:59:16 +0200: Memory Usage (459488K) : activ_drw has 6 polygons
2026-09-09 20:59:16 +0200: Memory Usage (459488K) : activ_pin has 0 polygons
2026-09-09 20:59:16 +0200: Memory Usage (459488K) : activ_mask has 0 polygons
2026-09-09 20:59:16 +0200: Memory Usage (459488K) : activ_filler has 0 polygons
2026-09-09 20:59:16 +0200: Memory Usage (459488K) : activ_nofill has 0 polygons
2026-09-09 20:59:16 +0200: Memory Usage (459488K) : activ_opc has 0 polygons
2026-09-09 20:59:16 +0200: Memory Usage (459488K) : activ_iopc has 0 polygons
2026-09-09 20:59:16 +0200: Memory Usage (459488K) : activ_noqrc has 0 polygons
2026-09-09 20:59:16 +0200: Memory Usage (459488K) : biwind_drw has 0 polygons
2026-09-09 20:59:16 +0200: Memory Usage (459488K) : biwind_opc has 0 polygons
2026-09-09 20:59:16 +0200: Memory Usage (459488K) : pemwind_drw has 0 polygons
2026-09-09 20:59:16 +0200: Memory Usage (459680K) : gatpoly_drw has 5 polygons
2026-09-09 20:59:16 +0200: Memory Usage (459680K) : gatpoly_pin has 0 polygons
2026-09-09 20:59:16 +0200: Memory Usage (459680K) : gatpoly_filler has 0 polygons
2026-09-09 20:59:16 +0200: Memory Usage (459680K) : gatpoly_nofill has 0 polygons
2026-09-09 20:59:16 +0200: Memory Usage (459680K) : gatpoly_opc has 0 polygons
2026-09-09 20:59:16 +0200: Memory Usage (459680K) : gatpoly_iopc has 0 polygons
2026-09-09 20:59:16 +0200: Memory Usage (459680K) : gatpoly_noqrc has 0 polygons
2026-09-09 20:59:16 +0200: Memory Usage (459680K) : cont_drw has 49 polygons
2026-09-09 20:59:16 +0200: Memory Usage (459840K) : cont_opc has 0 polygons
2026-09-09 20:59:16 +0200: Memory Usage (459840K) : nsd_drw has 0 polygons
2026-09-09 20:59:16 +0200: Memory Usage (459840K) : nsd_block has 0 polygons
2026-09-09 20:59:16 +0200: Memory Usage (460032K) : metal1_drw has 16 polygons
2026-09-09 20:59:16 +0200: Memory Usage (460032K) : metal1_pin has 7 polygons
2026-09-09 20:59:16 +0200: Memory Usage (460032K) : metal1_mask has 0 polygons
2026-09-09 20:59:16 +0200: Memory Usage (460192K) : metal1_filler has 0 polygons
2026-09-09 20:59:16 +0200: Memory Usage (460192K) : metal1_nofill has 0 polygons
2026-09-09 20:59:16 +0200: Memory Usage (460352K) : metal1_slit has 0 polygons
2026-09-09 20:59:16 +0200: Memory Usage (460544K) : metal1_text has 7 polygons
2026-09-09 20:59:16 +0200: Memory Usage (460544K) : metal1_opc has 0 polygons
2026-09-09 20:59:16 +0200: Memory Usage (460704K) : metal1_noqrc has 0 polygons
2026-09-09 20:59:16 +0200: Memory Usage (460704K) : metal1_res has 0 polygons
2026-09-09 20:59:16 +0200: Memory Usage (460704K) : metal1_iprobe has 0 polygons
2026-09-09 20:59:16 +0200: Memory Usage (460864K) : metal1_diffprb has 0 polygons
2026-09-09 20:59:16 +0200: Memory Usage (460864K) : passiv_drw has 0 polygons
2026-09-09 20:59:16 +0200: Memory Usage (460864K) : passiv_pin has 0 polygons
2026-09-09 20:59:16 +0200: Memory Usage (461024K) : passiv_sbump has 0 polygons
2026-09-09 20:59:16 +0200: Memory Usage (461024K) : passiv_pillar has 0 polygons
2026-09-09 20:59:16 +0200: Memory Usage (461024K) : passiv_pdl has 0 polygons
2026-09-09 20:59:16 +0200: Memory Usage (461024K) : metal2_drw has 2 polygons
2026-09-09 20:59:16 +0200: Memory Usage (461184K) : metal2_pin has 0 polygons
2026-09-09 20:59:16 +0200: Memory Usage (461184K) : metal2_mask has 0 polygons
2026-09-09 20:59:16 +0200: Memory Usage (461184K) : metal2_filler has 0 polygons
2026-09-09 20:59:16 +0200: Memory Usage (461184K) : metal2_nofill has 0 polygons
2026-09-09 20:59:16 +0200: Memory Usage (461184K) : metal2_slit has 0 polygons
2026-09-09 20:59:16 +0200: Memory Usage (461184K) : metal2_text has 0 polygons
2026-09-09 20:59:16 +0200: Memory Usage (461184K) : metal2_opc has 0 polygons
2026-09-09 20:59:16 +0200: Memory Usage (461344K) : metal2_noqrc has 0 polygons
2026-09-09 20:59:16 +0200: Memory Usage (461344K) : metal2_res has 0 polygons
2026-09-09 20:59:16 +0200: Memory Usage (461344K) : metal2_iprobe has 0 polygons
2026-09-09 20:59:16 +0200: Memory Usage (461344K) : metal2_diffprb has 0 polygons
2026-09-09 20:59:16 +0200: Memory Usage (461344K) : baspoly_drw has 0 polygons
2026-09-09 20:59:16 +0200: Memory Usage (461344K) : baspoly_pin has 0 polygons
2026-09-09 20:59:16 +0200: Memory Usage (461504K) : psd_drw has 2 polygons
2026-09-09 20:59:16 +0200: Memory Usage (461504K) : nldb_drw has 0 polygons
2026-09-09 20:59:16 +0200: Memory Usage (461504K) : digibnd_drw has 0 polygons
2026-09-09 20:59:16 +0200: Memory Usage (461664K) : via1_drw has 2 polygons
2026-09-09 20:59:16 +0200: Memory Usage (461664K) : backmetal1_drw has 0 polygons
2026-09-09 20:59:16 +0200: Memory Usage (461664K) : backmetal1_pin has 0 polygons
2026-09-09 20:59:16 +0200: Memory Usage (461824K) : backmetal1_mask has 0 polygons
2026-09-09 20:59:16 +0200: Memory Usage (461824K) : backmetal1_filler has 0 polygons
2026-09-09 20:59:16 +0200: Memory Usage (461824K) : backmetal1_nofill has 0 polygons
2026-09-09 20:59:16 +0200: Memory Usage (461984K) : backmetal1_slit has 0 polygons
2026-09-09 20:59:16 +0200: Memory Usage (461984K) : backmetal1_text has 0 polygons
2026-09-09 20:59:16 +0200: Memory Usage (461984K) : backmetal1_opc has 0 polygons
2026-09-09 20:59:16 +0200: Memory Usage (462144K) : backmetal1_noqrc has 0 polygons
2026-09-09 20:59:16 +0200: Memory Usage (462144K) : backmetal1_res has 0 polygons
2026-09-09 20:59:16 +0200: Memory Usage (462304K) : backmetal1_iprobe has 0 polygons
2026-09-09 20:59:16 +0200: Memory Usage (462464K) : backmetal1_diffprb has 0 polygons
2026-09-09 20:59:16 +0200: Memory Usage (462464K) : backpassiv_drw has 0 polygons
2026-09-09 20:59:16 +0200: Memory Usage (462464K) : res_drw has 0 polygons
2026-09-09 20:59:16 +0200: Memory Usage (462624K) : sram_drw has 0 polygons
2026-09-09 20:59:16 +0200: Memory Usage (462624K) : trans_drw has 0 polygons
2026-09-09 20:59:16 +0200: Memory Usage (462624K) : ind_drw has 0 polygons
2026-09-09 20:59:16 +0200: Memory Usage (462784K) : ind_pin has 0 polygons
2026-09-09 20:59:16 +0200: Memory Usage (462784K) : ind_text has 0 polygons
2026-09-09 20:59:16 +0200: Memory Usage (462784K) : salblock_drw has 0 polygons
2026-09-09 20:59:16 +0200: Memory Usage (462944K) : via2_drw has 0 polygons
2026-09-09 20:59:16 +0200: Memory Usage (462944K) : metal3_drw has 0 polygons
2026-09-09 20:59:16 +0200: Memory Usage (462944K) : metal3_pin has 0 polygons
2026-09-09 20:59:16 +0200: Memory Usage (463104K) : metal3_mask has 0 polygons
2026-09-09 20:59:16 +0200: Memory Usage (463104K) : metal3_filler has 0 polygons
2026-09-09 20:59:16 +0200: Memory Usage (463104K) : metal3_nofill has 0 polygons
2026-09-09 20:59:16 +0200: Memory Usage (463264K) : metal3_slit has 0 polygons
2026-09-09 20:59:16 +0200: Memory Usage (463264K) : metal3_text has 0 polygons
2026-09-09 20:59:16 +0200: Memory Usage (463424K) : metal3_opc has 0 polygons
2026-09-09 20:59:16 +0200: Memory Usage (463424K) : metal3_noqrc has 0 polygons
2026-09-09 20:59:16 +0200: Memory Usage (463424K) : metal3_res has 0 polygons
2026-09-09 20:59:16 +0200: Memory Usage (463584K) : metal3_iprobe has 0 polygons
2026-09-09 20:59:16 +0200: Memory Usage (463584K) : metal3_diffprb has 0 polygons
2026-09-09 20:59:16 +0200: Memory Usage (463584K) : nwell_drw has 1 polygons
2026-09-09 20:59:16 +0200: Memory Usage (463584K) : nwell_pin has 0 polygons
2026-09-09 20:59:16 +0200: Memory Usage (463744K) : nbulay_drw has 0 polygons
2026-09-09 20:59:16 +0200: Memory Usage (463744K) : nbulay_pin has 0 polygons
2026-09-09 20:59:16 +0200: Memory Usage (463744K) : nbulay_block has 0 polygons
2026-09-09 20:59:16 +0200: Memory Usage (463744K) : emwind_drw has 0 polygons
2026-09-09 20:59:16 +0200: Memory Usage (463744K) : emwind_opc has 0 polygons
2026-09-09 20:59:16 +0200: Memory Usage (463904K) : deepco_drw has 0 polygons
2026-09-09 20:59:16 +0200: Memory Usage (463904K) : deepco_drw has 0 polygons
2026-09-09 20:59:16 +0200: Memory Usage (463904K) : mim_drw has 0 polygons
2026-09-09 20:59:16 +0200: Memory Usage (463904K) : edgeseal_drw has 0 polygons
2026-09-09 20:59:16 +0200: Memory Usage (464064K) : edgeseal_bound has 0 polygons
2026-09-09 20:59:16 +0200: Memory Usage (464064K) : substrate_drw has 0 polygons
2026-09-09 20:59:16 +0200: Memory Usage (464064K) : substrate_text has 0 polygons
2026-09-09 20:59:16 +0200: Memory Usage (464064K) : dfpad_drw has 0 polygons
2026-09-09 20:59:16 +0200: Memory Usage (464224K) : dfpad_pillar has 0 polygons
2026-09-09 20:59:16 +0200: Memory Usage (464224K) : dfpad_sbump has 0 polygons
2026-09-09 20:59:16 +0200: Memory Usage (464224K) : thickgateox_drw has 0 polygons
2026-09-09 20:59:16 +0200: Memory Usage (464384K) : pldb_drw has 0 polygons
2026-09-09 20:59:16 +0200: Memory Usage (464384K) : pwell_drw has 0 polygons
2026-09-09 20:59:16 +0200: Memory Usage (464384K) : pwell_pin has 0 polygons
2026-09-09 20:59:16 +0200: Memory Usage (464544K) : pwell_block has 0 polygons
2026-09-09 20:59:16 +0200: Memory Usage (464544K) : ic_drw has 0 polygons
2026-09-09 20:59:16 +0200: Memory Usage (464544K) : via3_drw has 0 polygons
2026-09-09 20:59:16 +0200: Memory Usage (464704K) : metal4_drw has 0 polygons
2026-09-09 20:59:16 +0200: Memory Usage (464704K) : metal4_pin has 0 polygons
2026-09-09 20:59:16 +0200: Memory Usage (464704K) : metal4_mask has 0 polygons
2026-09-09 20:59:16 +0200: Memory Usage (464864K) : metal4_filler has 0 polygons
2026-09-09 20:59:16 +0200: Memory Usage (464864K) : metal4_nofill has 0 polygons
2026-09-09 20:59:16 +0200: Memory Usage (464864K) : metal4_slit has 0 polygons
2026-09-09 20:59:16 +0200: Memory Usage (465024K) : metal4_text has 0 polygons
2026-09-09 20:59:16 +0200: Memory Usage (465024K) : metal4_opc has 0 polygons
2026-09-09 20:59:16 +0200: Memory Usage (465024K) : metal4_noqrc has 0 polygons
2026-09-09 20:59:16 +0200: Memory Usage (465184K) : metal4_res has 0 polygons
2026-09-09 20:59:16 +0200: Memory Usage (465184K) : metal4_iprobe has 0 polygons
2026-09-09 20:59:16 +0200: Memory Usage (465184K) : metal4_diffprb has 0 polygons
2026-09-09 20:59:16 +0200: Memory Usage (465344K) : heattrans_drw has 0 polygons
2026-09-09 20:59:16 +0200: Memory Usage (465344K) : heatres_drw has 0 polygons
2026-09-09 20:59:16 +0200: Memory Usage (465344K) : pempoly_drw has 0 polygons
2026-09-09 20:59:16 +0200: Memory Usage (465504K) : fbe_drw has 0 polygons
2026-09-09 20:59:16 +0200: Memory Usage (465504K) : empoly_drw has 0 polygons
2026-09-09 20:59:16 +0200: Memory Usage (465664K) : ldmos_drw has 0 polygons
2026-09-09 20:59:16 +0200: Memory Usage (465664K) : pbiwind_drw has 0 polygons
2026-09-09 20:59:16 +0200: Memory Usage (465664K) : digisub_drw has 0 polygons
2026-09-09 20:59:16 +0200: Memory Usage (465664K) : nodrc_drw has 0 polygons
2026-09-09 20:59:16 +0200: Memory Usage (465664K) : text_drw has 0 polygons
2026-09-09 20:59:16 +0200: Memory Usage (465824K) : via4_drw has 0 polygons
2026-09-09 20:59:16 +0200: Memory Usage (465824K) : metal5_drw has 0 polygons
2026-09-09 20:59:16 +0200: Memory Usage (465824K) : metal5_pin has 0 polygons
2026-09-09 20:59:16 +0200: Memory Usage (465824K) : metal5_mask has 0 polygons
2026-09-09 20:59:16 +0200: Memory Usage (465984K) : metal5_filler has 0 polygons
2026-09-09 20:59:16 +0200: Memory Usage (465984K) : metal5_nofill has 0 polygons
2026-09-09 20:59:16 +0200: Memory Usage (465984K) : metal5_slit has 0 polygons
2026-09-09 20:59:16 +0200: Memory Usage (466144K) : metal5_text has 0 polygons
2026-09-09 20:59:16 +0200: Memory Usage (466144K) : metal5_opc has 0 polygons
2026-09-09 20:59:16 +0200: Memory Usage (466144K) : metal5_noqrc has 0 polygons
2026-09-09 20:59:16 +0200: Memory Usage (466304K) : metal5_res has 0 polygons
2026-09-09 20:59:16 +0200: Memory Usage (466304K) : metal5_iprobe has 0 polygons
2026-09-09 20:59:16 +0200: Memory Usage (466304K) : metal5_diffprb has 0 polygons
2026-09-09 20:59:16 +0200: Memory Usage (466464K) : radhard_drw has 0 polygons
2026-09-09 20:59:16 +0200: Memory Usage (466464K) : memcap_drw has 0 polygons
2026-09-09 20:59:16 +0200: Memory Usage (466464K) : varicap_drw has 0 polygons
2026-09-09 20:59:16 +0200: Memory Usage (466624K) : flash_drw has 0 polygons
2026-09-09 20:59:16 +0200: Memory Usage (466624K) : intbondvia_drw has 0 polygons
2026-09-09 20:59:16 +0200: Memory Usage (466784K) : intbondmet_drw has 0 polygons
2026-09-09 20:59:16 +0200: Memory Usage (466784K) : devbondvia_drw has 0 polygons
2026-09-09 20:59:16 +0200: Memory Usage (466784K) : devbondmet_drw has 0 polygons
2026-09-09 20:59:16 +0200: Memory Usage (466944K) : devtrench_drw has 0 polygons
2026-09-09 20:59:16 +0200: Memory Usage (466944K) : redist_drw has 0 polygons
2026-09-09 20:59:16 +0200: Memory Usage (466944K) : graphbot_drw has 0 polygons
2026-09-09 20:59:16 +0200: Memory Usage (467104K) : graphtop_drw has 0 polygons
2026-09-09 20:59:16 +0200: Memory Usage (467104K) : antvia1_drw has 0 polygons
2026-09-09 20:59:16 +0200: Memory Usage (467104K) : antmetal2_drw has 0 polygons
2026-09-09 20:59:16 +0200: Memory Usage (467104K) : graphcont_drw has 0 polygons
2026-09-09 20:59:16 +0200: Memory Usage (467264K) : siwg_drw has 0 polygons
2026-09-09 20:59:16 +0200: Memory Usage (467264K) : siwg_filler has 0 polygons
2026-09-09 20:59:16 +0200: Memory Usage (467264K) : siwg_nofill has 0 polygons
2026-09-09 20:59:16 +0200: Memory Usage (467424K) : sigrating_drw has 0 polygons
2026-09-09 20:59:16 +0200: Memory Usage (467424K) : singrating_drw has 0 polygons
2026-09-09 20:59:16 +0200: Memory Usage (467424K) : graphpas_drw has 0 polygons
2026-09-09 20:59:16 +0200: Memory Usage (467584K) : emwind3_drw has 0 polygons
2026-09-09 20:59:16 +0200: Memory Usage (467584K) : emwihv3_drw has 0 polygons
2026-09-09 20:59:16 +0200: Memory Usage (467584K) : redbulay_drw has 0 polygons
2026-09-09 20:59:16 +0200: Memory Usage (467584K) : smos_drw has 0 polygons
2026-09-09 20:59:16 +0200: Memory Usage (467744K) : graphpad_drw has 0 polygons
2026-09-09 20:59:16 +0200: Memory Usage (467744K) : polimide_drw has 0 polygons
2026-09-09 20:59:16 +0200: Memory Usage (467744K) : polimide_pin has 0 polygons
2026-09-09 20:59:16 +0200: Memory Usage (467744K) : recog_drw has 0 polygons
2026-09-09 20:59:16 +0200: Memory Usage (467904K) : recog_pin has 0 polygons
2026-09-09 20:59:16 +0200: Memory Usage (467904K) : recog_esd has 0 polygons
2026-09-09 20:59:16 +0200: Memory Usage (467904K) : recog_diode has 0 polygons
2026-09-09 20:59:16 +0200: Memory Usage (468064K) : recog_tsv has 0 polygons
2026-09-09 20:59:16 +0200: Memory Usage (468064K) : recog_iprobe has 0 polygons
2026-09-09 20:59:16 +0200: Memory Usage (468064K) : recog_diffprb has 0 polygons
2026-09-09 20:59:16 +0200: Memory Usage (468224K) : recog_pillar has 0 polygons
2026-09-09 20:59:16 +0200: Memory Usage (468224K) : recog_sbump has 0 polygons
2026-09-09 20:59:16 +0200: Memory Usage (468224K) : recog_otp has 0 polygons
2026-09-09 20:59:16 +0200: Memory Usage (468384K) : recog_pdiode has 0 polygons
2026-09-09 20:59:16 +0200: Memory Usage (468384K) : recog_mom has 0 polygons
2026-09-09 20:59:16 +0200: Memory Usage (468384K) : recog_pcm has 0 polygons
2026-09-09 20:59:16 +0200: Memory Usage (468544K) : colopen_drw has 0 polygons
2026-09-09 20:59:16 +0200: Memory Usage (468544K) : graphmetal1_drw has 0 polygons
2026-09-09 20:59:16 +0200: Memory Usage (468544K) : graphmetal1_filler has 0 polygons
2026-09-09 20:59:16 +0200: Memory Usage (468704K) : graphmetal1_nofill has 0 polygons
2026-09-09 20:59:16 +0200: Memory Usage (468704K) : graphmetal1_slit has 0 polygons
2026-09-09 20:59:16 +0200: Memory Usage (468704K) : graphmetal1_opc has 0 polygons
2026-09-09 20:59:16 +0200: Memory Usage (468864K) : graphmet1l_drw has 0 polygons
2026-09-09 20:59:16 +0200: Memory Usage (468864K) : graphmet1l_filler has 0 polygons
2026-09-09 20:59:16 +0200: Memory Usage (468864K) : graphmet1l_nofill has 0 polygons
2026-09-09 20:59:16 +0200: Memory Usage (469024K) : graphmet1l_slit has 0 polygons
2026-09-09 20:59:16 +0200: Memory Usage (469024K) : graphmet1l_opc has 0 polygons
2026-09-09 20:59:16 +0200: Memory Usage (469024K) : extblock_drw has 0 polygons
2026-09-09 20:59:16 +0200: Memory Usage (469184K) : nldd_drw has 0 polygons
2026-09-09 20:59:16 +0200: Memory Usage (469184K) : pldd_drw has 0 polygons
2026-09-09 20:59:16 +0200: Memory Usage (469184K) : next_drw has 0 polygons
2026-09-09 20:59:16 +0200: Memory Usage (469344K) : pext_drw has 0 polygons
2026-09-09 20:59:16 +0200: Memory Usage (469344K) : nexthv_drw has 0 polygons
2026-09-09 20:59:16 +0200: Memory Usage (469344K) : pexthv_drw has 0 polygons
2026-09-09 20:59:16 +0200: Memory Usage (469504K) : graphgate_drw has 0 polygons
2026-09-09 20:59:16 +0200: Memory Usage (469504K) : sinwg_drw has 0 polygons
2026-09-09 20:59:16 +0200: Memory Usage (469504K) : sinwg_filler has 0 polygons
2026-09-09 20:59:16 +0200: Memory Usage (469664K) : sinwg_nofill has 0 polygons
2026-09-09 20:59:16 +0200: Memory Usage (469664K) : mempad_drw has 0 polygons
2026-09-09 20:59:16 +0200: Memory Usage (469664K) : topvia1_drw has 0 polygons
2026-09-09 20:59:16 +0200: Memory Usage (469664K) : topmetal1_drw has 0 polygons
2026-09-09 20:59:16 +0200: Memory Usage (469664K) : topmetal1_pin has 0 polygons
2026-09-09 20:59:16 +0200: Memory Usage (469664K) : topmetal1_mask has 0 polygons
2026-09-09 20:59:16 +0200: Memory Usage (469664K) : topmetal1_filler has 0 polygons
2026-09-09 20:59:16 +0200: Memory Usage (469664K) : topmetal1_nofill has 0 polygons
2026-09-09 20:59:16 +0200: Memory Usage (469664K) : topmetal1_slit has 0 polygons
2026-09-09 20:59:16 +0200: Memory Usage (469824K) : topmetal1_text has 0 polygons
2026-09-09 20:59:16 +0200: Memory Usage (469824K) : topmetal1_noqrc has 0 polygons
2026-09-09 20:59:16 +0200: Memory Usage (469824K) : topmetal1_res has 0 polygons
2026-09-09 20:59:16 +0200: Memory Usage (469824K) : topmetal1_iprobe has 0 polygons
2026-09-09 20:59:16 +0200: Memory Usage (469984K) : topmetal1_diffprb has 0 polygons
2026-09-09 20:59:16 +0200: Memory Usage (469984K) : inldpwl_drw has 0 polygons
2026-09-09 20:59:16 +0200: Memory Usage (469984K) : polyres_drw has 0 polygons
2026-09-09 20:59:16 +0200: Memory Usage (470144K) : polyres_pin has 0 polygons
2026-09-09 20:59:16 +0200: Memory Usage (470144K) : vmim_drw has 0 polygons
2026-09-09 20:59:16 +0200: Memory Usage (470144K) : nbulaycut_drw has 0 polygons
2026-09-09 20:59:16 +0200: Memory Usage (470304K) : antmetal1_drw has 0 polygons
2026-09-09 20:59:16 +0200: Memory Usage (470304K) : topvia2_drw has 0 polygons
2026-09-09 20:59:16 +0200: Memory Usage (470464K) : topmetal2_drw has 0 polygons
2026-09-09 20:59:16 +0200: Memory Usage (470464K) : topmetal2_pin has 0 polygons
2026-09-09 20:59:16 +0200: Memory Usage (470464K) : topmetal2_mask has 0 polygons
2026-09-09 20:59:16 +0200: Memory Usage (470464K) : topmetal2_filler has 0 polygons
2026-09-09 20:59:16 +0200: Memory Usage (470624K) : topmetal2_nofill has 0 polygons
2026-09-09 20:59:16 +0200: Memory Usage (470624K) : topmetal2_slit has 0 polygons
2026-09-09 20:59:16 +0200: Memory Usage (470784K) : topmetal2_text has 0 polygons
2026-09-09 20:59:16 +0200: Memory Usage (470784K) : topmetal2_noqrc has 0 polygons
2026-09-09 20:59:16 +0200: Memory Usage (470784K) : topmetal2_res has 0 polygons
2026-09-09 20:59:16 +0200: Memory Usage (470944K) : topmetal2_iprobe has 0 polygons
2026-09-09 20:59:16 +0200: Memory Usage (470944K) : topmetal2_diffprb has 0 polygons
2026-09-09 20:59:16 +0200: Memory Usage (470944K) : snsring_drw has 0 polygons
2026-09-09 20:59:16 +0200: Memory Usage (471104K) : sensor_drw has 0 polygons
2026-09-09 20:59:16 +0200: Memory Usage (471104K) : snsarms_drw has 0 polygons
2026-09-09 20:59:16 +0200: Memory Usage (471104K) : snscmosvia_drw has 0 polygons
2026-09-09 20:59:16 +0200: Memory Usage (471104K) : colwind_drw has 0 polygons
2026-09-09 20:59:16 +0200: Memory Usage (471264K) : flm_drw has 0 polygons
2026-09-09 20:59:16 +0200: Memory Usage (471264K) : hafniumox_drw has 0 polygons
2026-09-09 20:59:16 +0200: Memory Usage (471264K) : memvia_drw has 0 polygons
2026-09-09 20:59:16 +0200: Memory Usage (471424K) : thinfilmres_drw has 0 polygons
2026-09-09 20:59:16 +0200: Memory Usage (471424K) : rfmem_drw has 0 polygons
2026-09-09 20:59:16 +0200: Memory Usage (471424K) : norcx_drw has 0 polygons
2026-09-09 20:59:16 +0200: Memory Usage (471584K) : norcx_m2m3 has 0 polygons
2026-09-09 20:59:16 +0200: Memory Usage (471584K) : norcx_m2m4 has 0 polygons
2026-09-09 20:59:16 +0200: Memory Usage (471744K) : norcx_m2m5 has 0 polygons
2026-09-09 20:59:16 +0200: Memory Usage (471744K) : norcx_m2tm1 has 0 polygons
2026-09-09 20:59:16 +0200: Memory Usage (471744K) : norcx_m2tm2 has 0 polygons
2026-09-09 20:59:16 +0200: Memory Usage (471904K) : norcx_m3m4 has 0 polygons
2026-09-09 20:59:16 +0200: Memory Usage (471904K) : norcx_m3m5 has 0 polygons
2026-09-09 20:59:16 +0200: Memory Usage (471904K) : norcx_m3tm1 has 0 polygons
2026-09-09 20:59:16 +0200: Memory Usage (472064K) : norcx_m3tm2 has 0 polygons
2026-09-09 20:59:16 +0200: Memory Usage (472064K) : norcx_m4m5 has 0 polygons
2026-09-09 20:59:16 +0200: Memory Usage (472064K) : norcx_m4tm1 has 0 polygons
2026-09-09 20:59:16 +0200: Memory Usage (472224K) : norcx_m4tm2 has 0 polygons
2026-09-09 20:59:16 +0200: Memory Usage (472224K) : norcx_m5tm1 has 0 polygons
2026-09-09 20:59:16 +0200: Memory Usage (472224K) : norcx_m5tm2 has 0 polygons
2026-09-09 20:59:16 +0200: Memory Usage (472384K) : norcx_tm1tm2 has 0 polygons
2026-09-09 20:59:16 +0200: Memory Usage (472384K) : norcx_m1sub has 0 polygons
2026-09-09 20:59:16 +0200: Memory Usage (472384K) : norcx_m2sub has 0 polygons
2026-09-09 20:59:16 +0200: Memory Usage (472544K) : norcx_m3sub has 0 polygons
2026-09-09 20:59:16 +0200: Memory Usage (472544K) : norcx_m4sub has 0 polygons
2026-09-09 20:59:16 +0200: Memory Usage (472544K) : norcx_m5sub has 0 polygons
2026-09-09 20:59:16 +0200: Memory Usage (472704K) : norcx_tm1sub has 0 polygons
2026-09-09 20:59:16 +0200: Memory Usage (472704K) : norcx_tm2sub has 0 polygons
2026-09-09 20:59:16 +0200: Memory Usage (472704K) : snsbotvia_drw has 0 polygons
2026-09-09 20:59:16 +0200: Memory Usage (472864K) : snstopvia_drw has 0 polygons
2026-09-09 20:59:16 +0200: Memory Usage (472864K) : deepvia_drw has 0 polygons
2026-09-09 20:59:16 +0200: Memory Usage (472864K) : fgetch_drw has 0 polygons
2026-09-09 20:59:16 +0200: Memory Usage (473024K) : ctrgat_drw has 0 polygons
2026-09-09 20:59:16 +0200: Memory Usage (473024K) : fgimp_drw has 0 polygons
2026-09-09 20:59:16 +0200: Memory Usage (473024K) : emwihv_drw has 0 polygons
2026-09-09 20:59:16 +0200: Memory Usage (473184K) : lbe_drw has 0 polygons
2026-09-09 20:59:16 +0200: Memory Usage (473184K) : alcustop_drw has 0 polygons
2026-09-09 20:59:16 +0200: Memory Usage (473184K) : nometfiller_drw has 0 polygons
2026-09-09 20:59:16 +0200: Memory Usage (473344K) : prboundary_drw has 0 polygons
2026-09-09 20:59:16 +0200: Memory Usage (473344K) : exchange0_drw has 0 polygons
2026-09-09 20:59:16 +0200: Memory Usage (473344K) : exchange0_pin has 0 polygons
2026-09-09 20:59:16 +0200: Memory Usage (473504K) : exchange0_text has 0 polygons
2026-09-09 20:59:16 +0200: Memory Usage (473504K) : exchange1_drw has 0 polygons
2026-09-09 20:59:16 +0200: Memory Usage (473504K) : exchange1_pin has 0 polygons
2026-09-09 20:59:16 +0200: Memory Usage (473664K) : exchange1_text has 0 polygons
2026-09-09 20:59:16 +0200: Memory Usage (473664K) : exchange2_drw has 0 polygons
2026-09-09 20:59:16 +0200: Memory Usage (473664K) : exchange2_pin has 0 polygons
2026-09-09 20:59:16 +0200: Memory Usage (473824K) : exchange2_text has 0 polygons
2026-09-09 20:59:16 +0200: Memory Usage (473824K) : exchange3_drw has 0 polygons
2026-09-09 20:59:16 +0200: Memory Usage (473824K) : exchange3_pin has 0 polygons
2026-09-09 20:59:16 +0200: Memory Usage (473984K) : exchange3_text has 0 polygons
2026-09-09 20:59:16 +0200: Memory Usage (473984K) : exchange4_drw has 0 polygons
2026-09-09 20:59:16 +0200: Memory Usage (473984K) : exchange4_pin has 0 polygons
2026-09-09 20:59:16 +0200: Memory Usage (474144K) : exchange4_text has 0 polygons
2026-09-09 20:59:16 +0200: Memory Usage (474144K) : isonwell_drw has 0 polygons
2026-09-09 20:59:16 +0200: Memory Usage (474144K) : Total no. of polygons in the design is 97
2026-09-09 20:59:16 +0200: Memory Usage (474144K) : Loaded TECH DRC rules values from /foss/pdks/ihp-sg13g2/libs.tech/klayout/python/sg13g2_pycell_lib/sg13g2_tech_mod.json
2026-09-09 20:59:16 +0200: Memory Usage (474144K) : Loaded default DRC rules values from /foss/pdks/ihp-sg13g2/libs.tech/klayout/tech/drc/rule_decks/sg13g2_tech_default.json
2026-09-09 20:59:16 +0200: Memory Usage (474144K) : The following rules values were missing in tech json and default values were used:
2026-09-09 20:59:16 +0200: Memory Usage (474144K) :   - NW_f1_digibnd
2026-09-09 20:59:16 +0200: Memory Usage (474144K) :   - Cnt_c_digibnd
2026-09-09 20:59:16 +0200: Memory Usage (474144K) :   - Cnt_c_sram
2026-09-09 20:59:16 +0200: Memory Usage (474144K) :   - Sdiod_b
2026-09-09 20:59:16 +0200: Memory Usage (474144K) :   - Sdiod_c
2026-09-09 20:59:16 +0200: Memory Usage (475296K) : Total area of the design is 21.072 um^2.
2026-09-09 20:59:16 +0200: Memory Usage (475296K) : The design dimensions are 4.800000000000001 µm * 4.39 µm.
2026-09-09 20:59:16 +0200: Memory Usage (475296K) : Starting general IHP-SG13G2 derivations.
2026-09-09 20:59:16 +0200: Memory Usage (475296K) : Starting Pwell derivations
2026-09-09 20:59:16 +0200: Memory Usage (477328K) : Starting n-Activ derivations
2026-09-09 20:59:16 +0200: Memory Usage (477488K) : Starting p-Activ derivations
2026-09-09 20:59:16 +0200: Memory Usage (477324K) : Starting ptap derivations
2026-09-09 20:59:16 +0200: Memory Usage (477484K) : Starting ntap derivations
2026-09-09 20:59:16 +0200: Memory Usage (477320K) : Starting pact FET derivations
2026-09-09 20:59:16 +0200: Memory Usage (477320K) : Starting nact FET derivations
2026-09-09 20:59:16 +0200: Memory Usage (477480K) : Starting Gate derivations
2026-09-09 20:59:16 +0200: Memory Usage (477640K) : Starting SVaricap general derivations
2026-09-09 20:59:16 +0200: Memory Usage (477480K) : Starting IHP-SG13G2 DRC connectivity related derivations.
2026-09-09 20:59:16 +0200: Memory Usage (477480K) : Starting IHP-SG13G2 DRC connectivity setup
2026-09-09 20:59:16 +0200: Memory Usage (477672K) : Starting IHP-SG13G2 DRC rules.
2026-09-09 20:59:16 +0200: Memory Usage (477672K) : Starting 5.1 NWell table
2026-09-09 20:59:16 +0200: Memory Usage (477672K) : Executing rule NW.b
2026-09-09 20:59:16 +0200: Memory Usage (478384K) : Executing rule NW.b1
2026-09-09 20:59:16 +0200: Memory Usage (478384K) : Executing rule NW.f1
2026-09-09 20:59:16 +0200: Memory Usage (478384K) : Executing rule NW.f1.digibnd
2026-09-09 20:59:16 +0200: Memory Usage (478384K) : KLayout DRC run for tables 'nwell' completed in 0.2 seconds
