# Logfile created on 2026-09-09 20:59:17 +0200 by logger.rb/v1.5.3
2026-09-09 20:59:17 +0200: Memory Usage (455000K) : Starting running IHP-SG13G2 KLayout DRC runset on /foss/designs/aion_chip/flow/regress/AION_a21oi_nor2_1/baseline/reference_AION_a21oi_nor2_1.gds
2026-09-09 20:59:17 +0200: Memory Usage (455000K) : Ruby Version for klayout: 3.2.3
2026-09-09 20:59:17 +0200: Memory Usage (455988K) : Loading database to memory is complete.
2026-09-09 20:59:17 +0200: Memory Usage (455988K) : IHP-SG13G2 KLayout DRC runset output at: /foss/designs/aion_chip/flow/regress/AION_a21oi_nor2_1/baseline/drc/reference_AION_a21oi_nor2_1.klayout.drc/reference_AION_a21oi_nor2_1_reference_AION_a21oi_nor2_1_latchup.lyrdb
2026-09-09 20:59:17 +0200: Memory Usage (456196K) : Evaluate switches.
2026-09-09 20:59:17 +0200: Memory Usage (456196K) : tables selected: latchup
2026-09-09 20:59:17 +0200: Memory Usage (456196K) : KLayout will use 15 thread(s) in tiling mode.
2026-09-09 20:59:17 +0200: Memory Usage (456196K) : deep mode is enabled.
2026-09-09 20:59:17 +0200: Memory Usage (456196K) : FEOL enabled: false
2026-09-09 20:59:17 +0200: Memory Usage (456196K) : BEOL enabled: false
2026-09-09 20:59:17 +0200: Memory Usage (456196K) : OFFGRID enabled: true
2026-09-09 20:59:17 +0200: Memory Usage (456196K) : ANGLE enabled: true
2026-09-09 20:59:17 +0200: Memory Usage (456196K) : PIN enabled: false
2026-09-09 20:59:17 +0200: Memory Usage (456196K) : FORBIDDEN enabled: false
2026-09-09 20:59:17 +0200: Memory Usage (456196K) : RECOMMENDED enabled: true
2026-09-09 20:59:17 +0200: Memory Usage (456196K) : PreCheck DRC enabled: false
2026-09-09 20:59:17 +0200: Memory Usage (456196K) : CONNECTIVITY_RULES enabled: false.
2026-09-09 20:59:17 +0200: Memory Usage (456196K) : Read in polygons from layers.
2026-09-09 20:59:17 +0200: Memory Usage (457000K) : activ_drw has 6 polygons
2026-09-09 20:59:17 +0200: Memory Usage (457000K) : activ_pin has 0 polygons
2026-09-09 20:59:17 +0200: Memory Usage (457000K) : activ_mask has 0 polygons
2026-09-09 20:59:17 +0200: Memory Usage (457000K) : activ_filler has 0 polygons
2026-09-09 20:59:17 +0200: Memory Usage (457000K) : activ_nofill has 0 polygons
2026-09-09 20:59:17 +0200: Memory Usage (457000K) : activ_opc has 0 polygons
2026-09-09 20:59:17 +0200: Memory Usage (457000K) : activ_iopc has 0 polygons
2026-09-09 20:59:17 +0200: Memory Usage (457000K) : activ_noqrc has 0 polygons
2026-09-09 20:59:17 +0200: Memory Usage (457000K) : biwind_drw has 0 polygons
2026-09-09 20:59:17 +0200: Memory Usage (457000K) : biwind_opc has 0 polygons
2026-09-09 20:59:17 +0200: Memory Usage (457000K) : pemwind_drw has 0 polygons
2026-09-09 20:59:17 +0200: Memory Usage (457192K) : gatpoly_drw has 5 polygons
2026-09-09 20:59:17 +0200: Memory Usage (457192K) : gatpoly_pin has 0 polygons
2026-09-09 20:59:17 +0200: Memory Usage (457192K) : gatpoly_filler has 0 polygons
2026-09-09 20:59:17 +0200: Memory Usage (457192K) : gatpoly_nofill has 0 polygons
2026-09-09 20:59:17 +0200: Memory Usage (457352K) : gatpoly_opc has 0 polygons
2026-09-09 20:59:17 +0200: Memory Usage (457352K) : gatpoly_iopc has 0 polygons
2026-09-09 20:59:17 +0200: Memory Usage (457352K) : gatpoly_noqrc has 0 polygons
2026-09-09 20:59:17 +0200: Memory Usage (457352K) : cont_drw has 49 polygons
2026-09-09 20:59:17 +0200: Memory Usage (457512K) : cont_opc has 0 polygons
2026-09-09 20:59:17 +0200: Memory Usage (457512K) : nsd_drw has 0 polygons
2026-09-09 20:59:17 +0200: Memory Usage (457512K) : nsd_block has 0 polygons
2026-09-09 20:59:17 +0200: Memory Usage (457704K) : metal1_drw has 16 polygons
2026-09-09 20:59:17 +0200: Memory Usage (457704K) : metal1_pin has 7 polygons
2026-09-09 20:59:17 +0200: Memory Usage (457704K) : metal1_mask has 0 polygons
2026-09-09 20:59:17 +0200: Memory Usage (457704K) : metal1_filler has 0 polygons
2026-09-09 20:59:17 +0200: Memory Usage (457864K) : metal1_nofill has 0 polygons
2026-09-09 20:59:17 +0200: Memory Usage (457864K) : metal1_slit has 0 polygons
2026-09-09 20:59:17 +0200: Memory Usage (458056K) : metal1_text has 7 polygons
2026-09-09 20:59:17 +0200: Memory Usage (458216K) : metal1_opc has 0 polygons
2026-09-09 20:59:17 +0200: Memory Usage (458216K) : metal1_noqrc has 0 polygons
2026-09-09 20:59:17 +0200: Memory Usage (458216K) : metal1_res has 0 polygons
2026-09-09 20:59:17 +0200: Memory Usage (458376K) : metal1_iprobe has 0 polygons
2026-09-09 20:59:17 +0200: Memory Usage (458376K) : metal1_diffprb has 0 polygons
2026-09-09 20:59:17 +0200: Memory Usage (458376K) : passiv_drw has 0 polygons
2026-09-09 20:59:17 +0200: Memory Usage (458536K) : passiv_pin has 0 polygons
2026-09-09 20:59:17 +0200: Memory Usage (458536K) : passiv_sbump has 0 polygons
2026-09-09 20:59:17 +0200: Memory Usage (458536K) : passiv_pillar has 0 polygons
2026-09-09 20:59:17 +0200: Memory Usage (458696K) : passiv_pdl has 0 polygons
2026-09-09 20:59:17 +0200: Memory Usage (458696K) : metal2_drw has 2 polygons
2026-09-09 20:59:17 +0200: Memory Usage (458696K) : metal2_pin has 0 polygons
2026-09-09 20:59:17 +0200: Memory Usage (458696K) : metal2_mask has 0 polygons
2026-09-09 20:59:17 +0200: Memory Usage (458696K) : metal2_filler has 0 polygons
2026-09-09 20:59:17 +0200: Memory Usage (458696K) : metal2_nofill has 0 polygons
2026-09-09 20:59:17 +0200: Memory Usage (458696K) : metal2_slit has 0 polygons
2026-09-09 20:59:17 +0200: Memory Usage (458696K) : metal2_text has 0 polygons
2026-09-09 20:59:17 +0200: Memory Usage (458696K) : metal2_opc has 0 polygons
2026-09-09 20:59:17 +0200: Memory Usage (458856K) : metal2_noqrc has 0 polygons
2026-09-09 20:59:17 +0200: Memory Usage (458856K) : metal2_res has 0 polygons
2026-09-09 20:59:17 +0200: Memory Usage (458856K) : metal2_iprobe has 0 polygons
2026-09-09 20:59:17 +0200: Memory Usage (458856K) : metal2_diffprb has 0 polygons
2026-09-09 20:59:17 +0200: Memory Usage (458856K) : baspoly_drw has 0 polygons
2026-09-09 20:59:17 +0200: Memory Usage (459016K) : baspoly_pin has 0 polygons
2026-09-09 20:59:17 +0200: Memory Usage (459016K) : psd_drw has 2 polygons
2026-09-09 20:59:17 +0200: Memory Usage (459016K) : nldb_drw has 0 polygons
2026-09-09 20:59:17 +0200: Memory Usage (459176K) : digibnd_drw has 0 polygons
2026-09-09 20:59:17 +0200: Memory Usage (459176K) : via1_drw has 2 polygons
2026-09-09 20:59:17 +0200: Memory Usage (459176K) : backmetal1_drw has 0 polygons
2026-09-09 20:59:17 +0200: Memory Usage (459336K) : backmetal1_pin has 0 polygons
2026-09-09 20:59:17 +0200: Memory Usage (459336K) : backmetal1_mask has 0 polygons
2026-09-09 20:59:17 +0200: Memory Usage (459336K) : backmetal1_filler has 0 polygons
2026-09-09 20:59:17 +0200: Memory Usage (459496K) : backmetal1_nofill has 0 polygons
2026-09-09 20:59:17 +0200: Memory Usage (459496K) : backmetal1_slit has 0 polygons
2026-09-09 20:59:17 +0200: Memory Usage (459496K) : backmetal1_text has 0 polygons
2026-09-09 20:59:17 +0200: Memory Usage (459656K) : backmetal1_opc has 0 polygons
2026-09-09 20:59:17 +0200: Memory Usage (459656K) : backmetal1_noqrc has 0 polygons
2026-09-09 20:59:17 +0200: Memory Usage (459816K) : backmetal1_res has 0 polygons
2026-09-09 20:59:17 +0200: Memory Usage (459816K) : backmetal1_iprobe has 0 polygons
2026-09-09 20:59:17 +0200: Memory Usage (459976K) : backmetal1_diffprb has 0 polygons
2026-09-09 20:59:17 +0200: Memory Usage (459976K) : backpassiv_drw has 0 polygons
2026-09-09 20:59:17 +0200: Memory Usage (460136K) : res_drw has 0 polygons
2026-09-09 20:59:17 +0200: Memory Usage (460136K) : sram_drw has 0 polygons
2026-09-09 20:59:17 +0200: Memory Usage (460136K) : trans_drw has 0 polygons
2026-09-09 20:59:17 +0200: Memory Usage (460296K) : ind_drw has 0 polygons
2026-09-09 20:59:17 +0200: Memory Usage (460296K) : ind_pin has 0 polygons
2026-09-09 20:59:17 +0200: Memory Usage (460296K) : ind_text has 0 polygons
2026-09-09 20:59:17 +0200: Memory Usage (460456K) : salblock_drw has 0 polygons
2026-09-09 20:59:17 +0200: Memory Usage (460456K) : via2_drw has 0 polygons
2026-09-09 20:59:17 +0200: Memory Usage (460456K) : metal3_drw has 0 polygons
2026-09-09 20:59:17 +0200: Memory Usage (460616K) : metal3_pin has 0 polygons
2026-09-09 20:59:17 +0200: Memory Usage (460616K) : metal3_mask has 0 polygons
2026-09-09 20:59:17 +0200: Memory Usage (460616K) : metal3_filler has 0 polygons
2026-09-09 20:59:17 +0200: Memory Usage (460776K) : metal3_nofill has 0 polygons
2026-09-09 20:59:17 +0200: Memory Usage (460776K) : metal3_slit has 0 polygons
2026-09-09 20:59:17 +0200: Memory Usage (460776K) : metal3_text has 0 polygons
2026-09-09 20:59:17 +0200: Memory Usage (460936K) : metal3_opc has 0 polygons
2026-09-09 20:59:17 +0200: Memory Usage (461096K) : metal3_noqrc has 0 polygons
2026-09-09 20:59:17 +0200: Memory Usage (461096K) : metal3_res has 0 polygons
2026-09-09 20:59:17 +0200: Memory Usage (461096K) : metal3_iprobe has 0 polygons
2026-09-09 20:59:17 +0200: Memory Usage (461256K) : metal3_diffprb has 0 polygons
2026-09-09 20:59:17 +0200: Memory Usage (461256K) : nwell_drw has 1 polygons
2026-09-09 20:59:17 +0200: Memory Usage (461256K) : nwell_pin has 0 polygons
2026-09-09 20:59:17 +0200: Memory Usage (461416K) : nbulay_drw has 0 polygons
2026-09-09 20:59:17 +0200: Memory Usage (461416K) : nbulay_pin has 0 polygons
2026-09-09 20:59:17 +0200: Memory Usage (461416K) : nbulay_block has 0 polygons
2026-09-09 20:59:17 +0200: Memory Usage (461416K) : emwind_drw has 0 polygons
2026-09-09 20:59:17 +0200: Memory Usage (461416K) : emwind_opc has 0 polygons
2026-09-09 20:59:17 +0200: Memory Usage (461576K) : deepco_drw has 0 polygons
2026-09-09 20:59:17 +0200: Memory Usage (461576K) : deepco_drw has 0 polygons
2026-09-09 20:59:17 +0200: Memory Usage (461576K) : mim_drw has 0 polygons
2026-09-09 20:59:17 +0200: Memory Usage (461576K) : edgeseal_drw has 0 polygons
2026-09-09 20:59:17 +0200: Memory Usage (461576K) : edgeseal_bound has 0 polygons
2026-09-09 20:59:17 +0200: Memory Usage (461736K) : substrate_drw has 0 polygons
2026-09-09 20:59:17 +0200: Memory Usage (461736K) : substrate_text has 0 polygons
2026-09-09 20:59:17 +0200: Memory Usage (461736K) : dfpad_drw has 0 polygons
2026-09-09 20:59:17 +0200: Memory Usage (461736K) : dfpad_pillar has 0 polygons
2026-09-09 20:59:17 +0200: Memory Usage (461896K) : dfpad_sbump has 0 polygons
2026-09-09 20:59:17 +0200: Memory Usage (461896K) : thickgateox_drw has 0 polygons
2026-09-09 20:59:17 +0200: Memory Usage (461896K) : pldb_drw has 0 polygons
2026-09-09 20:59:17 +0200: Memory Usage (461896K) : pwell_drw has 0 polygons
2026-09-09 20:59:17 +0200: Memory Usage (462056K) : pwell_pin has 0 polygons
2026-09-09 20:59:17 +0200: Memory Usage (462056K) : pwell_block has 0 polygons
2026-09-09 20:59:17 +0200: Memory Usage (462056K) : ic_drw has 0 polygons
2026-09-09 20:59:17 +0200: Memory Usage (462216K) : via3_drw has 0 polygons
2026-09-09 20:59:17 +0200: Memory Usage (462216K) : metal4_drw has 0 polygons
2026-09-09 20:59:17 +0200: Memory Usage (462376K) : metal4_pin has 0 polygons
2026-09-09 20:59:17 +0200: Memory Usage (462376K) : metal4_mask has 0 polygons
2026-09-09 20:59:17 +0200: Memory Usage (462376K) : metal4_filler has 0 polygons
2026-09-09 20:59:17 +0200: Memory Usage (462536K) : metal4_nofill has 0 polygons
2026-09-09 20:59:17 +0200: Memory Usage (462536K) : metal4_slit has 0 polygons
2026-09-09 20:59:17 +0200: Memory Usage (462536K) : metal4_text has 0 polygons
2026-09-09 20:59:17 +0200: Memory Usage (462696K) : metal4_opc has 0 polygons
2026-09-09 20:59:17 +0200: Memory Usage (462696K) : metal4_noqrc has 0 polygons
2026-09-09 20:59:17 +0200: Memory Usage (462696K) : metal4_res has 0 polygons
2026-09-09 20:59:17 +0200: Memory Usage (462856K) : metal4_iprobe has 0 polygons
2026-09-09 20:59:17 +0200: Memory Usage (462856K) : metal4_diffprb has 0 polygons
2026-09-09 20:59:17 +0200: Memory Usage (462856K) : heattrans_drw has 0 polygons
2026-09-09 20:59:17 +0200: Memory Usage (463016K) : heatres_drw has 0 polygons
2026-09-09 20:59:17 +0200: Memory Usage (463016K) : pempoly_drw has 0 polygons
2026-09-09 20:59:17 +0200: Memory Usage (463016K) : fbe_drw has 0 polygons
2026-09-09 20:59:17 +0200: Memory Usage (463176K) : empoly_drw has 0 polygons
2026-09-09 20:59:17 +0200: Memory Usage (463176K) : ldmos_drw has 0 polygons
2026-09-09 20:59:17 +0200: Memory Usage (463176K) : pbiwind_drw has 0 polygons
2026-09-09 20:59:17 +0200: Memory Usage (463336K) : digisub_drw has 0 polygons
2026-09-09 20:59:17 +0200: Memory Usage (463336K) : nodrc_drw has 0 polygons
2026-09-09 20:59:17 +0200: Memory Usage (463336K) : text_drw has 0 polygons
2026-09-09 20:59:17 +0200: Memory Usage (463496K) : via4_drw has 0 polygons
2026-09-09 20:59:17 +0200: Memory Usage (463496K) : metal5_drw has 0 polygons
2026-09-09 20:59:17 +0200: Memory Usage (463496K) : metal5_pin has 0 polygons
2026-09-09 20:59:17 +0200: Memory Usage (463496K) : metal5_mask has 0 polygons
2026-09-09 20:59:17 +0200: Memory Usage (463656K) : metal5_filler has 0 polygons
2026-09-09 20:59:17 +0200: Memory Usage (463656K) : metal5_nofill has 0 polygons
2026-09-09 20:59:17 +0200: Memory Usage (463656K) : metal5_slit has 0 polygons
2026-09-09 20:59:17 +0200: Memory Usage (463656K) : metal5_text has 0 polygons
2026-09-09 20:59:17 +0200: Memory Usage (463816K) : metal5_opc has 0 polygons
2026-09-09 20:59:17 +0200: Memory Usage (463816K) : metal5_noqrc has 0 polygons
2026-09-09 20:59:17 +0200: Memory Usage (463816K) : metal5_res has 0 polygons
2026-09-09 20:59:17 +0200: Memory Usage (463976K) : metal5_iprobe has 0 polygons
2026-09-09 20:59:17 +0200: Memory Usage (463976K) : metal5_diffprb has 0 polygons
2026-09-09 20:59:17 +0200: Memory Usage (463976K) : radhard_drw has 0 polygons
2026-09-09 20:59:17 +0200: Memory Usage (464136K) : memcap_drw has 0 polygons
2026-09-09 20:59:17 +0200: Memory Usage (464136K) : varicap_drw has 0 polygons
2026-09-09 20:59:17 +0200: Memory Usage (464136K) : flash_drw has 0 polygons
2026-09-09 20:59:17 +0200: Memory Usage (464296K) : intbondvia_drw has 0 polygons
2026-09-09 20:59:17 +0200: Memory Usage (464296K) : intbondmet_drw has 0 polygons
2026-09-09 20:59:17 +0200: Memory Usage (464296K) : devbondvia_drw has 0 polygons
2026-09-09 20:59:17 +0200: Memory Usage (464456K) : devbondmet_drw has 0 polygons
2026-09-09 20:59:17 +0200: Memory Usage (464456K) : devtrench_drw has 0 polygons
2026-09-09 20:59:17 +0200: Memory Usage (464456K) : redist_drw has 0 polygons
2026-09-09 20:59:17 +0200: Memory Usage (464616K) : graphbot_drw has 0 polygons
2026-09-09 20:59:17 +0200: Memory Usage (464616K) : graphtop_drw has 0 polygons
2026-09-09 20:59:17 +0200: Memory Usage (464616K) : antvia1_drw has 0 polygons
2026-09-09 20:59:17 +0200: Memory Usage (464776K) : antmetal2_drw has 0 polygons
2026-09-09 20:59:17 +0200: Memory Usage (464776K) : graphcont_drw has 0 polygons
2026-09-09 20:59:17 +0200: Memory Usage (464776K) : siwg_drw has 0 polygons
2026-09-09 20:59:17 +0200: Memory Usage (464936K) : siwg_filler has 0 polygons
2026-09-09 20:59:17 +0200: Memory Usage (464936K) : siwg_nofill has 0 polygons
2026-09-09 20:59:17 +0200: Memory Usage (464936K) : sigrating_drw has 0 polygons
2026-09-09 20:59:17 +0200: Memory Usage (465096K) : singrating_drw has 0 polygons
2026-09-09 20:59:17 +0200: Memory Usage (465096K) : graphpas_drw has 0 polygons
2026-09-09 20:59:17 +0200: Memory Usage (465096K) : emwind3_drw has 0 polygons
2026-09-09 20:59:17 +0200: Memory Usage (465256K) : emwihv3_drw has 0 polygons
2026-09-09 20:59:17 +0200: Memory Usage (465256K) : redbulay_drw has 0 polygons
2026-09-09 20:59:17 +0200: Memory Usage (465256K) : smos_drw has 0 polygons
2026-09-09 20:59:17 +0200: Memory Usage (465256K) : graphpad_drw has 0 polygons
2026-09-09 20:59:17 +0200: Memory Usage (465416K) : polimide_drw has 0 polygons
2026-09-09 20:59:17 +0200: Memory Usage (465416K) : polimide_pin has 0 polygons
2026-09-09 20:59:17 +0200: Memory Usage (465416K) : recog_drw has 0 polygons
2026-09-09 20:59:17 +0200: Memory Usage (465416K) : recog_pin has 0 polygons
2026-09-09 20:59:17 +0200: Memory Usage (465576K) : recog_esd has 0 polygons
2026-09-09 20:59:17 +0200: Memory Usage (465576K) : recog_diode has 0 polygons
2026-09-09 20:59:17 +0200: Memory Usage (465576K) : recog_tsv has 0 polygons
2026-09-09 20:59:17 +0200: Memory Usage (465576K) : recog_iprobe has 0 polygons
2026-09-09 20:59:17 +0200: Memory Usage (465736K) : recog_diffprb has 0 polygons
2026-09-09 20:59:17 +0200: Memory Usage (465736K) : recog_pillar has 0 polygons
2026-09-09 20:59:17 +0200: Memory Usage (465736K) : recog_sbump has 0 polygons
2026-09-09 20:59:17 +0200: Memory Usage (465896K) : recog_otp has 0 polygons
2026-09-09 20:59:17 +0200: Memory Usage (465896K) : recog_pdiode has 0 polygons
2026-09-09 20:59:17 +0200: Memory Usage (465896K) : recog_mom has 0 polygons
2026-09-09 20:59:17 +0200: Memory Usage (466056K) : recog_pcm has 0 polygons
2026-09-09 20:59:17 +0200: Memory Usage (466056K) : colopen_drw has 0 polygons
2026-09-09 20:59:17 +0200: Memory Usage (466056K) : graphmetal1_drw has 0 polygons
2026-09-09 20:59:17 +0200: Memory Usage (466216K) : graphmetal1_filler has 0 polygons
2026-09-09 20:59:17 +0200: Memory Usage (466216K) : graphmetal1_nofill has 0 polygons
2026-09-09 20:59:17 +0200: Memory Usage (466216K) : graphmetal1_slit has 0 polygons
2026-09-09 20:59:17 +0200: Memory Usage (466376K) : graphmetal1_opc has 0 polygons
2026-09-09 20:59:17 +0200: Memory Usage (466376K) : graphmet1l_drw has 0 polygons
2026-09-09 20:59:17 +0200: Memory Usage (466376K) : graphmet1l_filler has 0 polygons
2026-09-09 20:59:17 +0200: Memory Usage (466536K) : graphmet1l_nofill has 0 polygons
2026-09-09 20:59:17 +0200: Memory Usage (466536K) : graphmet1l_slit has 0 polygons
2026-09-09 20:59:17 +0200: Memory Usage (466536K) : graphmet1l_opc has 0 polygons
2026-09-09 20:59:17 +0200: Memory Usage (466696K) : extblock_drw has 0 polygons
2026-09-09 20:59:17 +0200: Memory Usage (466696K) : nldd_drw has 0 polygons
2026-09-09 20:59:17 +0200: Memory Usage (466696K) : pldd_drw has 0 polygons
2026-09-09 20:59:17 +0200: Memory Usage (466856K) : next_drw has 0 polygons
2026-09-09 20:59:17 +0200: Memory Usage (466856K) : pext_drw has 0 polygons
2026-09-09 20:59:17 +0200: Memory Usage (466856K) : nexthv_drw has 0 polygons
2026-09-09 20:59:17 +0200: Memory Usage (467016K) : pexthv_drw has 0 polygons
2026-09-09 20:59:17 +0200: Memory Usage (467016K) : graphgate_drw has 0 polygons
2026-09-09 20:59:17 +0200: Memory Usage (467016K) : sinwg_drw has 0 polygons
2026-09-09 20:59:17 +0200: Memory Usage (467176K) : sinwg_filler has 0 polygons
2026-09-09 20:59:17 +0200: Memory Usage (467176K) : sinwg_nofill has 0 polygons
2026-09-09 20:59:17 +0200: Memory Usage (467176K) : mempad_drw has 0 polygons
2026-09-09 20:59:17 +0200: Memory Usage (467336K) : topvia1_drw has 0 polygons
2026-09-09 20:59:17 +0200: Memory Usage (467336K) : topmetal1_drw has 0 polygons
2026-09-09 20:59:17 +0200: Memory Usage (467336K) : topmetal1_pin has 0 polygons
2026-09-09 20:59:17 +0200: Memory Usage (467336K) : topmetal1_mask has 0 polygons
2026-09-09 20:59:17 +0200: Memory Usage (467336K) : topmetal1_filler has 0 polygons
2026-09-09 20:59:17 +0200: Memory Usage (467336K) : topmetal1_nofill has 0 polygons
2026-09-09 20:59:17 +0200: Memory Usage (467336K) : topmetal1_slit has 0 polygons
2026-09-09 20:59:17 +0200: Memory Usage (467336K) : topmetal1_text has 0 polygons
2026-09-09 20:59:17 +0200: Memory Usage (467336K) : topmetal1_noqrc has 0 polygons
2026-09-09 20:59:17 +0200: Memory Usage (467496K) : topmetal1_res has 0 polygons
2026-09-09 20:59:17 +0200: Memory Usage (467496K) : topmetal1_iprobe has 0 polygons
2026-09-09 20:59:17 +0200: Memory Usage (467496K) : topmetal1_diffprb has 0 polygons
2026-09-09 20:59:17 +0200: Memory Usage (467656K) : inldpwl_drw has 0 polygons
2026-09-09 20:59:17 +0200: Memory Usage (467656K) : polyres_drw has 0 polygons
2026-09-09 20:59:17 +0200: Memory Usage (467656K) : polyres_pin has 0 polygons
2026-09-09 20:59:17 +0200: Memory Usage (467816K) : vmim_drw has 0 polygons
2026-09-09 20:59:17 +0200: Memory Usage (467816K) : nbulaycut_drw has 0 polygons
2026-09-09 20:59:17 +0200: Memory Usage (467816K) : antmetal1_drw has 0 polygons
2026-09-09 20:59:17 +0200: Memory Usage (467976K) : topvia2_drw has 0 polygons
2026-09-09 20:59:17 +0200: Memory Usage (467976K) : topmetal2_drw has 0 polygons
2026-09-09 20:59:17 +0200: Memory Usage (467976K) : topmetal2_pin has 0 polygons
2026-09-09 20:59:17 +0200: Memory Usage (468136K) : topmetal2_mask has 0 polygons
2026-09-09 20:59:17 +0200: Memory Usage (468136K) : topmetal2_filler has 0 polygons
2026-09-09 20:59:17 +0200: Memory Usage (468136K) : topmetal2_nofill has 0 polygons
2026-09-09 20:59:17 +0200: Memory Usage (468296K) : topmetal2_slit has 0 polygons
2026-09-09 20:59:17 +0200: Memory Usage (468296K) : topmetal2_text has 0 polygons
2026-09-09 20:59:17 +0200: Memory Usage (468296K) : topmetal2_noqrc has 0 polygons
2026-09-09 20:59:17 +0200: Memory Usage (468456K) : topmetal2_res has 0 polygons
2026-09-09 20:59:17 +0200: Memory Usage (468456K) : topmetal2_iprobe has 0 polygons
2026-09-09 20:59:17 +0200: Memory Usage (468456K) : topmetal2_diffprb has 0 polygons
2026-09-09 20:59:17 +0200: Memory Usage (468616K) : snsring_drw has 0 polygons
2026-09-09 20:59:17 +0200: Memory Usage (468616K) : sensor_drw has 0 polygons
2026-09-09 20:59:17 +0200: Memory Usage (468616K) : snsarms_drw has 0 polygons
2026-09-09 20:59:17 +0200: Memory Usage (468776K) : snscmosvia_drw has 0 polygons
2026-09-09 20:59:17 +0200: Memory Usage (468776K) : colwind_drw has 0 polygons
2026-09-09 20:59:17 +0200: Memory Usage (468776K) : flm_drw has 0 polygons
2026-09-09 20:59:17 +0200: Memory Usage (468776K) : hafniumox_drw has 0 polygons
2026-09-09 20:59:17 +0200: Memory Usage (468936K) : memvia_drw has 0 polygons
2026-09-09 20:59:17 +0200: Memory Usage (468936K) : thinfilmres_drw has 0 polygons
2026-09-09 20:59:17 +0200: Memory Usage (469096K) : rfmem_drw has 0 polygons
2026-09-09 20:59:17 +0200: Memory Usage (469096K) : norcx_drw has 0 polygons
2026-09-09 20:59:17 +0200: Memory Usage (469096K) : norcx_m2m3 has 0 polygons
2026-09-09 20:59:17 +0200: Memory Usage (469256K) : norcx_m2m4 has 0 polygons
2026-09-09 20:59:17 +0200: Memory Usage (469256K) : norcx_m2m5 has 0 polygons
2026-09-09 20:59:17 +0200: Memory Usage (469256K) : norcx_m2tm1 has 0 polygons
2026-09-09 20:59:17 +0200: Memory Usage (469416K) : norcx_m2tm2 has 0 polygons
2026-09-09 20:59:17 +0200: Memory Usage (469416K) : norcx_m3m4 has 0 polygons
2026-09-09 20:59:17 +0200: Memory Usage (469416K) : norcx_m3m5 has 0 polygons
2026-09-09 20:59:17 +0200: Memory Usage (469576K) : norcx_m3tm1 has 0 polygons
2026-09-09 20:59:17 +0200: Memory Usage (469576K) : norcx_m3tm2 has 0 polygons
2026-09-09 20:59:17 +0200: Memory Usage (469576K) : norcx_m4m5 has 0 polygons
2026-09-09 20:59:17 +0200: Memory Usage (469736K) : norcx_m4tm1 has 0 polygons
2026-09-09 20:59:17 +0200: Memory Usage (469736K) : norcx_m4tm2 has 0 polygons
2026-09-09 20:59:17 +0200: Memory Usage (469736K) : norcx_m5tm1 has 0 polygons
2026-09-09 20:59:17 +0200: Memory Usage (469896K) : norcx_m5tm2 has 0 polygons
2026-09-09 20:59:17 +0200: Memory Usage (469896K) : norcx_tm1tm2 has 0 polygons
2026-09-09 20:59:17 +0200: Memory Usage (469896K) : norcx_m1sub has 0 polygons
2026-09-09 20:59:17 +0200: Memory Usage (470056K) : norcx_m2sub has 0 polygons
2026-09-09 20:59:17 +0200: Memory Usage (470056K) : norcx_m3sub has 0 polygons
2026-09-09 20:59:17 +0200: Memory Usage (470056K) : norcx_m4sub has 0 polygons
2026-09-09 20:59:17 +0200: Memory Usage (470216K) : norcx_m5sub has 0 polygons
2026-09-09 20:59:17 +0200: Memory Usage (470216K) : norcx_tm1sub has 0 polygons
2026-09-09 20:59:17 +0200: Memory Usage (470216K) : norcx_tm2sub has 0 polygons
2026-09-09 20:59:17 +0200: Memory Usage (470376K) : snsbotvia_drw has 0 polygons
2026-09-09 20:59:17 +0200: Memory Usage (470376K) : snstopvia_drw has 0 polygons
2026-09-09 20:59:17 +0200: Memory Usage (470376K) : deepvia_drw has 0 polygons
2026-09-09 20:59:17 +0200: Memory Usage (470536K) : fgetch_drw has 0 polygons
2026-09-09 20:59:17 +0200: Memory Usage (470536K) : ctrgat_drw has 0 polygons
2026-09-09 20:59:17 +0200: Memory Usage (470536K) : fgimp_drw has 0 polygons
2026-09-09 20:59:17 +0200: Memory Usage (470696K) : emwihv_drw has 0 polygons
2026-09-09 20:59:17 +0200: Memory Usage (470696K) : lbe_drw has 0 polygons
2026-09-09 20:59:17 +0200: Memory Usage (470696K) : alcustop_drw has 0 polygons
2026-09-09 20:59:17 +0200: Memory Usage (470856K) : nometfiller_drw has 0 polygons
2026-09-09 20:59:17 +0200: Memory Usage (470856K) : prboundary_drw has 0 polygons
2026-09-09 20:59:17 +0200: Memory Usage (470856K) : exchange0_drw has 0 polygons
2026-09-09 20:59:17 +0200: Memory Usage (471016K) : exchange0_pin has 0 polygons
2026-09-09 20:59:17 +0200: Memory Usage (471016K) : exchange0_text has 0 polygons
2026-09-09 20:59:17 +0200: Memory Usage (471016K) : exchange1_drw has 0 polygons
2026-09-09 20:59:17 +0200: Memory Usage (471176K) : exchange1_pin has 0 polygons
2026-09-09 20:59:17 +0200: Memory Usage (471176K) : exchange1_text has 0 polygons
2026-09-09 20:59:17 +0200: Memory Usage (471176K) : exchange2_drw has 0 polygons
2026-09-09 20:59:17 +0200: Memory Usage (471336K) : exchange2_pin has 0 polygons
2026-09-09 20:59:17 +0200: Memory Usage (471336K) : exchange2_text has 0 polygons
2026-09-09 20:59:17 +0200: Memory Usage (471336K) : exchange3_drw has 0 polygons
2026-09-09 20:59:17 +0200: Memory Usage (471496K) : exchange3_pin has 0 polygons
2026-09-09 20:59:17 +0200: Memory Usage (471496K) : exchange3_text has 0 polygons
2026-09-09 20:59:17 +0200: Memory Usage (471496K) : exchange4_drw has 0 polygons
2026-09-09 20:59:17 +0200: Memory Usage (471656K) : exchange4_pin has 0 polygons
2026-09-09 20:59:17 +0200: Memory Usage (471656K) : exchange4_text has 0 polygons
2026-09-09 20:59:17 +0200: Memory Usage (471656K) : isonwell_drw has 0 polygons
2026-09-09 20:59:17 +0200: Memory Usage (471656K) : Total no. of polygons in the design is 97
2026-09-09 20:59:17 +0200: Memory Usage (471656K) : Loaded TECH DRC rules values from /foss/pdks/ihp-sg13g2/libs.tech/klayout/python/sg13g2_pycell_lib/sg13g2_tech_mod.json
2026-09-09 20:59:17 +0200: Memory Usage (471656K) : Loaded default DRC rules values from /foss/pdks/ihp-sg13g2/libs.tech/klayout/tech/drc/rule_decks/sg13g2_tech_default.json
2026-09-09 20:59:17 +0200: Memory Usage (471656K) : The following rules values were missing in tech json and default values were used:
2026-09-09 20:59:17 +0200: Memory Usage (471656K) :   - NW_f1_digibnd
2026-09-09 20:59:17 +0200: Memory Usage (471656K) :   - Cnt_c_digibnd
2026-09-09 20:59:17 +0200: Memory Usage (471656K) :   - Cnt_c_sram
2026-09-09 20:59:17 +0200: Memory Usage (471656K) :   - Sdiod_b
2026-09-09 20:59:17 +0200: Memory Usage (471656K) :   - Sdiod_c
2026-09-09 20:59:17 +0200: Memory Usage (472968K) : Total area of the design is 21.072 um^2.
2026-09-09 20:59:17 +0200: Memory Usage (472968K) : The design dimensions are 4.800000000000001 µm * 4.39 µm.
2026-09-09 20:59:17 +0200: Memory Usage (472968K) : Starting general IHP-SG13G2 derivations.
2026-09-09 20:59:17 +0200: Memory Usage (472968K) : Starting Pwell derivations
2026-09-09 20:59:17 +0200: Memory Usage (475160K) : Starting n-Activ derivations
2026-09-09 20:59:17 +0200: Memory Usage (475320K) : Starting p-Activ derivations
2026-09-09 20:59:17 +0200: Memory Usage (475320K) : Starting ptap derivations
2026-09-09 20:59:17 +0200: Memory Usage (475320K) : Starting nact FET derivations
2026-09-09 20:59:17 +0200: Memory Usage (475156K) : Starting IHP-SG13G2 DRC rules.
2026-09-09 20:59:17 +0200: Memory Usage (475156K) : Starting 7.2 Latch-up table
2026-09-09 20:59:17 +0200: Memory Usage (475156K) : Executing rule LU.b
2026-09-09 20:59:17 +0200: Memory Usage (475316K) : KLayout DRC run for tables 'latchup' completed in 0.33 seconds
