# Logfile created on 2026-09-09 20:59:17 +0200 by logger.rb/v1.5.3
2026-09-09 20:59:17 +0200: Memory Usage (455264K) : Starting running IHP-SG13G2 KLayout DRC runset on /foss/designs/aion_chip/flow/regress/AION_a21oi_nor2_1/baseline/reference_AION_a21oi_nor2_1.gds
2026-09-09 20:59:17 +0200: Memory Usage (455264K) : Ruby Version for klayout: 3.2.3
2026-09-09 20:59:17 +0200: Memory Usage (456844K) : Loading database to memory is complete.
2026-09-09 20:59:17 +0200: Memory Usage (456844K) : IHP-SG13G2 KLayout DRC runset output at: /foss/designs/aion_chip/flow/regress/AION_a21oi_nor2_1/baseline/drc/reference_AION_a21oi_nor2_1.klayout.drc/reference_AION_a21oi_nor2_1_reference_AION_a21oi_nor2_1_gatpoly.lyrdb
2026-09-09 20:59:17 +0200: Memory Usage (456844K) : Evaluate switches.
2026-09-09 20:59:17 +0200: Memory Usage (456844K) : tables selected: gatpoly
2026-09-09 20:59:17 +0200: Memory Usage (456844K) : KLayout will use 15 thread(s) in tiling mode.
2026-09-09 20:59:17 +0200: Memory Usage (456844K) : deep mode is enabled.
2026-09-09 20:59:17 +0200: Memory Usage (456844K) : FEOL enabled: false
2026-09-09 20:59:17 +0200: Memory Usage (456844K) : BEOL enabled: false
2026-09-09 20:59:17 +0200: Memory Usage (456844K) : OFFGRID enabled: true
2026-09-09 20:59:17 +0200: Memory Usage (456844K) : ANGLE enabled: true
2026-09-09 20:59:17 +0200: Memory Usage (456844K) : PIN enabled: false
2026-09-09 20:59:17 +0200: Memory Usage (456844K) : FORBIDDEN enabled: false
2026-09-09 20:59:17 +0200: Memory Usage (456844K) : RECOMMENDED enabled: true
2026-09-09 20:59:17 +0200: Memory Usage (456844K) : PreCheck DRC enabled: false
2026-09-09 20:59:17 +0200: Memory Usage (456844K) : CONNECTIVITY_RULES enabled: false.
2026-09-09 20:59:17 +0200: Memory Usage (456844K) : Read in polygons from layers.
2026-09-09 20:59:17 +0200: Memory Usage (457828K) : activ_drw has 6 polygons
2026-09-09 20:59:17 +0200: Memory Usage (457828K) : activ_pin has 0 polygons
2026-09-09 20:59:17 +0200: Memory Usage (457828K) : activ_mask has 0 polygons
2026-09-09 20:59:17 +0200: Memory Usage (457828K) : activ_filler has 0 polygons
2026-09-09 20:59:17 +0200: Memory Usage (457828K) : activ_nofill has 0 polygons
2026-09-09 20:59:17 +0200: Memory Usage (457828K) : activ_opc has 0 polygons
2026-09-09 20:59:17 +0200: Memory Usage (457828K) : activ_iopc has 0 polygons
2026-09-09 20:59:17 +0200: Memory Usage (457828K) : activ_noqrc has 0 polygons
2026-09-09 20:59:17 +0200: Memory Usage (457828K) : biwind_drw has 0 polygons
2026-09-09 20:59:17 +0200: Memory Usage (457828K) : biwind_opc has 0 polygons
2026-09-09 20:59:17 +0200: Memory Usage (457828K) : pemwind_drw has 0 polygons
2026-09-09 20:59:17 +0200: Memory Usage (458020K) : gatpoly_drw has 5 polygons
2026-09-09 20:59:17 +0200: Memory Usage (458020K) : gatpoly_pin has 0 polygons
2026-09-09 20:59:17 +0200: Memory Usage (458020K) : gatpoly_filler has 0 polygons
2026-09-09 20:59:17 +0200: Memory Usage (458020K) : gatpoly_nofill has 0 polygons
2026-09-09 20:59:17 +0200: Memory Usage (458020K) : gatpoly_opc has 0 polygons
2026-09-09 20:59:17 +0200: Memory Usage (458020K) : gatpoly_iopc has 0 polygons
2026-09-09 20:59:17 +0200: Memory Usage (458020K) : gatpoly_noqrc has 0 polygons
2026-09-09 20:59:17 +0200: Memory Usage (458020K) : cont_drw has 49 polygons
2026-09-09 20:59:17 +0200: Memory Usage (458020K) : cont_opc has 0 polygons
2026-09-09 20:59:17 +0200: Memory Usage (458020K) : nsd_drw has 0 polygons
2026-09-09 20:59:17 +0200: Memory Usage (458020K) : nsd_block has 0 polygons
2026-09-09 20:59:17 +0200: Memory Usage (458212K) : metal1_drw has 16 polygons
2026-09-09 20:59:17 +0200: Memory Usage (458372K) : metal1_pin has 7 polygons
2026-09-09 20:59:17 +0200: Memory Usage (458372K) : metal1_mask has 0 polygons
2026-09-09 20:59:17 +0200: Memory Usage (458372K) : metal1_filler has 0 polygons
2026-09-09 20:59:17 +0200: Memory Usage (458532K) : metal1_nofill has 0 polygons
2026-09-09 20:59:17 +0200: Memory Usage (458532K) : metal1_slit has 0 polygons
2026-09-09 20:59:17 +0200: Memory Usage (458724K) : metal1_text has 7 polygons
2026-09-09 20:59:17 +0200: Memory Usage (458884K) : metal1_opc has 0 polygons
2026-09-09 20:59:17 +0200: Memory Usage (458884K) : metal1_noqrc has 0 polygons
2026-09-09 20:59:17 +0200: Memory Usage (458884K) : metal1_res has 0 polygons
2026-09-09 20:59:17 +0200: Memory Usage (459044K) : metal1_iprobe has 0 polygons
2026-09-09 20:59:17 +0200: Memory Usage (459044K) : metal1_diffprb has 0 polygons
2026-09-09 20:59:17 +0200: Memory Usage (459044K) : passiv_drw has 0 polygons
2026-09-09 20:59:17 +0200: Memory Usage (459204K) : passiv_pin has 0 polygons
2026-09-09 20:59:17 +0200: Memory Usage (459204K) : passiv_sbump has 0 polygons
2026-09-09 20:59:17 +0200: Memory Usage (459204K) : passiv_pillar has 0 polygons
2026-09-09 20:59:17 +0200: Memory Usage (459364K) : passiv_pdl has 0 polygons
2026-09-09 20:59:17 +0200: Memory Usage (459364K) : metal2_drw has 2 polygons
2026-09-09 20:59:17 +0200: Memory Usage (459364K) : metal2_pin has 0 polygons
2026-09-09 20:59:17 +0200: Memory Usage (459364K) : metal2_mask has 0 polygons
2026-09-09 20:59:17 +0200: Memory Usage (459364K) : metal2_filler has 0 polygons
2026-09-09 20:59:17 +0200: Memory Usage (459364K) : metal2_nofill has 0 polygons
2026-09-09 20:59:17 +0200: Memory Usage (459364K) : metal2_slit has 0 polygons
2026-09-09 20:59:17 +0200: Memory Usage (459364K) : metal2_text has 0 polygons
2026-09-09 20:59:17 +0200: Memory Usage (459364K) : metal2_opc has 0 polygons
2026-09-09 20:59:17 +0200: Memory Usage (459524K) : metal2_noqrc has 0 polygons
2026-09-09 20:59:17 +0200: Memory Usage (459524K) : metal2_res has 0 polygons
2026-09-09 20:59:17 +0200: Memory Usage (459524K) : metal2_iprobe has 0 polygons
2026-09-09 20:59:17 +0200: Memory Usage (459684K) : metal2_diffprb has 0 polygons
2026-09-09 20:59:17 +0200: Memory Usage (459684K) : baspoly_drw has 0 polygons
2026-09-09 20:59:17 +0200: Memory Usage (459684K) : baspoly_pin has 0 polygons
2026-09-09 20:59:17 +0200: Memory Usage (459684K) : psd_drw has 2 polygons
2026-09-09 20:59:17 +0200: Memory Usage (459844K) : nldb_drw has 0 polygons
2026-09-09 20:59:17 +0200: Memory Usage (459844K) : digibnd_drw has 0 polygons
2026-09-09 20:59:17 +0200: Memory Usage (459844K) : via1_drw has 2 polygons
2026-09-09 20:59:17 +0200: Memory Usage (460004K) : backmetal1_drw has 0 polygons
2026-09-09 20:59:17 +0200: Memory Usage (460004K) : backmetal1_pin has 0 polygons
2026-09-09 20:59:17 +0200: Memory Usage (460004K) : backmetal1_mask has 0 polygons
2026-09-09 20:59:17 +0200: Memory Usage (460164K) : backmetal1_filler has 0 polygons
2026-09-09 20:59:17 +0200: Memory Usage (460164K) : backmetal1_nofill has 0 polygons
2026-09-09 20:59:17 +0200: Memory Usage (460164K) : backmetal1_slit has 0 polygons
2026-09-09 20:59:17 +0200: Memory Usage (460324K) : backmetal1_text has 0 polygons
2026-09-09 20:59:17 +0200: Memory Usage (460324K) : backmetal1_opc has 0 polygons
2026-09-09 20:59:17 +0200: Memory Usage (460484K) : backmetal1_noqrc has 0 polygons
2026-09-09 20:59:17 +0200: Memory Usage (460484K) : backmetal1_res has 0 polygons
2026-09-09 20:59:17 +0200: Memory Usage (460644K) : backmetal1_iprobe has 0 polygons
2026-09-09 20:59:17 +0200: Memory Usage (460644K) : backmetal1_diffprb has 0 polygons
2026-09-09 20:59:17 +0200: Memory Usage (460804K) : backpassiv_drw has 0 polygons
2026-09-09 20:59:17 +0200: Memory Usage (460804K) : res_drw has 0 polygons
2026-09-09 20:59:17 +0200: Memory Usage (460804K) : sram_drw has 0 polygons
2026-09-09 20:59:17 +0200: Memory Usage (460964K) : trans_drw has 0 polygons
2026-09-09 20:59:17 +0200: Memory Usage (460964K) : ind_drw has 0 polygons
2026-09-09 20:59:17 +0200: Memory Usage (460964K) : ind_pin has 0 polygons
2026-09-09 20:59:17 +0200: Memory Usage (461124K) : ind_text has 0 polygons
2026-09-09 20:59:17 +0200: Memory Usage (461124K) : salblock_drw has 0 polygons
2026-09-09 20:59:17 +0200: Memory Usage (461124K) : via2_drw has 0 polygons
2026-09-09 20:59:17 +0200: Memory Usage (461284K) : metal3_drw has 0 polygons
2026-09-09 20:59:17 +0200: Memory Usage (461284K) : metal3_pin has 0 polygons
2026-09-09 20:59:17 +0200: Memory Usage (461284K) : metal3_mask has 0 polygons
2026-09-09 20:59:17 +0200: Memory Usage (461444K) : metal3_filler has 0 polygons
2026-09-09 20:59:17 +0200: Memory Usage (461444K) : metal3_nofill has 0 polygons
2026-09-09 20:59:17 +0200: Memory Usage (461444K) : metal3_slit has 0 polygons
2026-09-09 20:59:17 +0200: Memory Usage (461604K) : metal3_text has 0 polygons
2026-09-09 20:59:17 +0200: Memory Usage (461604K) : metal3_opc has 0 polygons
2026-09-09 20:59:17 +0200: Memory Usage (461764K) : metal3_noqrc has 0 polygons
2026-09-09 20:59:17 +0200: Memory Usage (461764K) : metal3_res has 0 polygons
2026-09-09 20:59:17 +0200: Memory Usage (461764K) : metal3_iprobe has 0 polygons
2026-09-09 20:59:17 +0200: Memory Usage (461764K) : metal3_diffprb has 0 polygons
2026-09-09 20:59:17 +0200: Memory Usage (461924K) : nwell_drw has 1 polygons
2026-09-09 20:59:17 +0200: Memory Usage (461924K) : nwell_pin has 0 polygons
2026-09-09 20:59:17 +0200: Memory Usage (461924K) : nbulay_drw has 0 polygons
2026-09-09 20:59:17 +0200: Memory Usage (461924K) : nbulay_pin has 0 polygons
2026-09-09 20:59:17 +0200: Memory Usage (462084K) : nbulay_block has 0 polygons
2026-09-09 20:59:17 +0200: Memory Usage (462084K) : emwind_drw has 0 polygons
2026-09-09 20:59:17 +0200: Memory Usage (462084K) : emwind_opc has 0 polygons
2026-09-09 20:59:17 +0200: Memory Usage (462084K) : deepco_drw has 0 polygons
2026-09-09 20:59:17 +0200: Memory Usage (462244K) : deepco_drw has 0 polygons
2026-09-09 20:59:17 +0200: Memory Usage (462244K) : mim_drw has 0 polygons
2026-09-09 20:59:17 +0200: Memory Usage (462244K) : edgeseal_drw has 0 polygons
2026-09-09 20:59:17 +0200: Memory Usage (462244K) : edgeseal_bound has 0 polygons
2026-09-09 20:59:17 +0200: Memory Usage (462404K) : substrate_drw has 0 polygons
2026-09-09 20:59:17 +0200: Memory Usage (462404K) : substrate_text has 0 polygons
2026-09-09 20:59:17 +0200: Memory Usage (462404K) : dfpad_drw has 0 polygons
2026-09-09 20:59:17 +0200: Memory Usage (462404K) : dfpad_pillar has 0 polygons
2026-09-09 20:59:17 +0200: Memory Usage (462564K) : dfpad_sbump has 0 polygons
2026-09-09 20:59:17 +0200: Memory Usage (462564K) : thickgateox_drw has 0 polygons
2026-09-09 20:59:17 +0200: Memory Usage (462564K) : pldb_drw has 0 polygons
2026-09-09 20:59:17 +0200: Memory Usage (462724K) : pwell_drw has 0 polygons
2026-09-09 20:59:17 +0200: Memory Usage (462724K) : pwell_pin has 0 polygons
2026-09-09 20:59:17 +0200: Memory Usage (462724K) : pwell_block has 0 polygons
2026-09-09 20:59:17 +0200: Memory Usage (462884K) : ic_drw has 0 polygons
2026-09-09 20:59:17 +0200: Memory Usage (462884K) : via3_drw has 0 polygons
2026-09-09 20:59:17 +0200: Memory Usage (462884K) : metal4_drw has 0 polygons
2026-09-09 20:59:17 +0200: Memory Usage (463044K) : metal4_pin has 0 polygons
2026-09-09 20:59:17 +0200: Memory Usage (463044K) : metal4_mask has 0 polygons
2026-09-09 20:59:17 +0200: Memory Usage (463044K) : metal4_filler has 0 polygons
2026-09-09 20:59:17 +0200: Memory Usage (463204K) : metal4_nofill has 0 polygons
2026-09-09 20:59:17 +0200: Memory Usage (463204K) : metal4_slit has 0 polygons
2026-09-09 20:59:17 +0200: Memory Usage (463204K) : metal4_text has 0 polygons
2026-09-09 20:59:17 +0200: Memory Usage (463364K) : metal4_opc has 0 polygons
2026-09-09 20:59:17 +0200: Memory Usage (463364K) : metal4_noqrc has 0 polygons
2026-09-09 20:59:17 +0200: Memory Usage (463364K) : metal4_res has 0 polygons
2026-09-09 20:59:17 +0200: Memory Usage (463364K) : metal4_iprobe has 0 polygons
2026-09-09 20:59:17 +0200: Memory Usage (463364K) : metal4_diffprb has 0 polygons
2026-09-09 20:59:17 +0200: Memory Usage (463524K) : heattrans_drw has 0 polygons
2026-09-09 20:59:17 +0200: Memory Usage (463524K) : heatres_drw has 0 polygons
2026-09-09 20:59:17 +0200: Memory Usage (463524K) : pempoly_drw has 0 polygons
2026-09-09 20:59:17 +0200: Memory Usage (463684K) : fbe_drw has 0 polygons
2026-09-09 20:59:17 +0200: Memory Usage (463684K) : empoly_drw has 0 polygons
2026-09-09 20:59:17 +0200: Memory Usage (463684K) : ldmos_drw has 0 polygons
2026-09-09 20:59:17 +0200: Memory Usage (463684K) : pbiwind_drw has 0 polygons
2026-09-09 20:59:17 +0200: Memory Usage (463844K) : digisub_drw has 0 polygons
2026-09-09 20:59:17 +0200: Memory Usage (463844K) : nodrc_drw has 0 polygons
2026-09-09 20:59:17 +0200: Memory Usage (463844K) : text_drw has 0 polygons
2026-09-09 20:59:17 +0200: Memory Usage (463844K) : via4_drw has 0 polygons
2026-09-09 20:59:17 +0200: Memory Usage (464004K) : metal5_drw has 0 polygons
2026-09-09 20:59:17 +0200: Memory Usage (464004K) : metal5_pin has 0 polygons
2026-09-09 20:59:17 +0200: Memory Usage (464004K) : metal5_mask has 0 polygons
2026-09-09 20:59:17 +0200: Memory Usage (464004K) : metal5_filler has 0 polygons
2026-09-09 20:59:17 +0200: Memory Usage (464164K) : metal5_nofill has 0 polygons
2026-09-09 20:59:17 +0200: Memory Usage (464164K) : metal5_slit has 0 polygons
2026-09-09 20:59:17 +0200: Memory Usage (464324K) : metal5_text has 0 polygons
2026-09-09 20:59:17 +0200: Memory Usage (464324K) : metal5_opc has 0 polygons
2026-09-09 20:59:17 +0200: Memory Usage (464324K) : metal5_noqrc has 0 polygons
2026-09-09 20:59:17 +0200: Memory Usage (464484K) : metal5_res has 0 polygons
2026-09-09 20:59:17 +0200: Memory Usage (464484K) : metal5_iprobe has 0 polygons
2026-09-09 20:59:17 +0200: Memory Usage (464484K) : metal5_diffprb has 0 polygons
2026-09-09 20:59:17 +0200: Memory Usage (464644K) : radhard_drw has 0 polygons
2026-09-09 20:59:17 +0200: Memory Usage (464644K) : memcap_drw has 0 polygons
2026-09-09 20:59:17 +0200: Memory Usage (464644K) : varicap_drw has 0 polygons
2026-09-09 20:59:17 +0200: Memory Usage (464804K) : flash_drw has 0 polygons
2026-09-09 20:59:17 +0200: Memory Usage (464804K) : intbondvia_drw has 0 polygons
2026-09-09 20:59:17 +0200: Memory Usage (464804K) : intbondmet_drw has 0 polygons
2026-09-09 20:59:17 +0200: Memory Usage (464964K) : devbondvia_drw has 0 polygons
2026-09-09 20:59:17 +0200: Memory Usage (464964K) : devbondmet_drw has 0 polygons
2026-09-09 20:59:17 +0200: Memory Usage (464964K) : devtrench_drw has 0 polygons
2026-09-09 20:59:17 +0200: Memory Usage (465124K) : redist_drw has 0 polygons
2026-09-09 20:59:17 +0200: Memory Usage (465124K) : graphbot_drw has 0 polygons
2026-09-09 20:59:17 +0200: Memory Usage (465124K) : graphtop_drw has 0 polygons
2026-09-09 20:59:17 +0200: Memory Usage (465284K) : antvia1_drw has 0 polygons
2026-09-09 20:59:17 +0200: Memory Usage (465284K) : antmetal2_drw has 0 polygons
2026-09-09 20:59:17 +0200: Memory Usage (465284K) : graphcont_drw has 0 polygons
2026-09-09 20:59:17 +0200: Memory Usage (465444K) : siwg_drw has 0 polygons
2026-09-09 20:59:17 +0200: Memory Usage (465444K) : siwg_filler has 0 polygons
2026-09-09 20:59:17 +0200: Memory Usage (465444K) : siwg_nofill has 0 polygons
2026-09-09 20:59:17 +0200: Memory Usage (465604K) : sigrating_drw has 0 polygons
2026-09-09 20:59:17 +0200: Memory Usage (465604K) : singrating_drw has 0 polygons
2026-09-09 20:59:17 +0200: Memory Usage (465604K) : graphpas_drw has 0 polygons
2026-09-09 20:59:17 +0200: Memory Usage (465604K) : emwind3_drw has 0 polygons
2026-09-09 20:59:17 +0200: Memory Usage (465604K) : emwihv3_drw has 0 polygons
2026-09-09 20:59:17 +0200: Memory Usage (465764K) : redbulay_drw has 0 polygons
2026-09-09 20:59:17 +0200: Memory Usage (465764K) : smos_drw has 0 polygons
2026-09-09 20:59:17 +0200: Memory Usage (465764K) : graphpad_drw has 0 polygons
2026-09-09 20:59:17 +0200: Memory Usage (465764K) : polimide_drw has 0 polygons
2026-09-09 20:59:17 +0200: Memory Usage (465924K) : polimide_pin has 0 polygons
2026-09-09 20:59:17 +0200: Memory Usage (465924K) : recog_drw has 0 polygons
2026-09-09 20:59:17 +0200: Memory Usage (465924K) : recog_pin has 0 polygons
2026-09-09 20:59:17 +0200: Memory Usage (466084K) : recog_esd has 0 polygons
2026-09-09 20:59:17 +0200: Memory Usage (466084K) : recog_diode has 0 polygons
2026-09-09 20:59:17 +0200: Memory Usage (466084K) : recog_tsv has 0 polygons
2026-09-09 20:59:17 +0200: Memory Usage (466244K) : recog_iprobe has 0 polygons
2026-09-09 20:59:17 +0200: Memory Usage (466244K) : recog_diffprb has 0 polygons
2026-09-09 20:59:17 +0200: Memory Usage (466244K) : recog_pillar has 0 polygons
2026-09-09 20:59:17 +0200: Memory Usage (466404K) : recog_sbump has 0 polygons
2026-09-09 20:59:17 +0200: Memory Usage (466404K) : recog_otp has 0 polygons
2026-09-09 20:59:17 +0200: Memory Usage (466404K) : recog_pdiode has 0 polygons
2026-09-09 20:59:17 +0200: Memory Usage (466564K) : recog_mom has 0 polygons
2026-09-09 20:59:17 +0200: Memory Usage (466564K) : recog_pcm has 0 polygons
2026-09-09 20:59:17 +0200: Memory Usage (466564K) : colopen_drw has 0 polygons
2026-09-09 20:59:17 +0200: Memory Usage (466724K) : graphmetal1_drw has 0 polygons
2026-09-09 20:59:17 +0200: Memory Usage (466724K) : graphmetal1_filler has 0 polygons
2026-09-09 20:59:17 +0200: Memory Usage (466724K) : graphmetal1_nofill has 0 polygons
2026-09-09 20:59:17 +0200: Memory Usage (466884K) : graphmetal1_slit has 0 polygons
2026-09-09 20:59:17 +0200: Memory Usage (466884K) : graphmetal1_opc has 0 polygons
2026-09-09 20:59:17 +0200: Memory Usage (466884K) : graphmet1l_drw has 0 polygons
2026-09-09 20:59:17 +0200: Memory Usage (467044K) : graphmet1l_filler has 0 polygons
2026-09-09 20:59:17 +0200: Memory Usage (467044K) : graphmet1l_nofill has 0 polygons
2026-09-09 20:59:17 +0200: Memory Usage (467044K) : graphmet1l_slit has 0 polygons
2026-09-09 20:59:17 +0200: Memory Usage (467044K) : graphmet1l_opc has 0 polygons
2026-09-09 20:59:17 +0200: Memory Usage (467204K) : extblock_drw has 0 polygons
2026-09-09 20:59:17 +0200: Memory Usage (467204K) : nldd_drw has 0 polygons
2026-09-09 20:59:17 +0200: Memory Usage (467364K) : pldd_drw has 0 polygons
2026-09-09 20:59:17 +0200: Memory Usage (467364K) : next_drw has 0 polygons
2026-09-09 20:59:17 +0200: Memory Usage (467364K) : pext_drw has 0 polygons
2026-09-09 20:59:17 +0200: Memory Usage (467524K) : nexthv_drw has 0 polygons
2026-09-09 20:59:17 +0200: Memory Usage (467524K) : pexthv_drw has 0 polygons
2026-09-09 20:59:17 +0200: Memory Usage (467524K) : graphgate_drw has 0 polygons
2026-09-09 20:59:17 +0200: Memory Usage (467684K) : sinwg_drw has 0 polygons
2026-09-09 20:59:17 +0200: Memory Usage (467684K) : sinwg_filler has 0 polygons
2026-09-09 20:59:17 +0200: Memory Usage (467684K) : sinwg_nofill has 0 polygons
2026-09-09 20:59:17 +0200: Memory Usage (467844K) : mempad_drw has 0 polygons
2026-09-09 20:59:17 +0200: Memory Usage (467844K) : topvia1_drw has 0 polygons
2026-09-09 20:59:17 +0200: Memory Usage (467844K) : topmetal1_drw has 0 polygons
2026-09-09 20:59:17 +0200: Memory Usage (467844K) : topmetal1_pin has 0 polygons
2026-09-09 20:59:17 +0200: Memory Usage (467844K) : topmetal1_mask has 0 polygons
2026-09-09 20:59:17 +0200: Memory Usage (467844K) : topmetal1_filler has 0 polygons
2026-09-09 20:59:17 +0200: Memory Usage (467844K) : topmetal1_nofill has 0 polygons
2026-09-09 20:59:17 +0200: Memory Usage (467844K) : topmetal1_slit has 0 polygons
2026-09-09 20:59:17 +0200: Memory Usage (467844K) : topmetal1_text has 0 polygons
2026-09-09 20:59:17 +0200: Memory Usage (467844K) : topmetal1_noqrc has 0 polygons
2026-09-09 20:59:17 +0200: Memory Usage (468004K) : topmetal1_res has 0 polygons
2026-09-09 20:59:17 +0200: Memory Usage (468004K) : topmetal1_iprobe has 0 polygons
2026-09-09 20:59:17 +0200: Memory Usage (468004K) : topmetal1_diffprb has 0 polygons
2026-09-09 20:59:17 +0200: Memory Usage (468164K) : inldpwl_drw has 0 polygons
2026-09-09 20:59:17 +0200: Memory Usage (468164K) : polyres_drw has 0 polygons
2026-09-09 20:59:17 +0200: Memory Usage (468164K) : polyres_pin has 0 polygons
2026-09-09 20:59:17 +0200: Memory Usage (468324K) : vmim_drw has 0 polygons
2026-09-09 20:59:17 +0200: Memory Usage (468324K) : nbulaycut_drw has 0 polygons
2026-09-09 20:59:17 +0200: Memory Usage (468324K) : antmetal1_drw has 0 polygons
2026-09-09 20:59:17 +0200: Memory Usage (468484K) : topvia2_drw has 0 polygons
2026-09-09 20:59:17 +0200: Memory Usage (468484K) : topmetal2_drw has 0 polygons
2026-09-09 20:59:17 +0200: Memory Usage (468484K) : topmetal2_pin has 0 polygons
2026-09-09 20:59:17 +0200: Memory Usage (468644K) : topmetal2_mask has 0 polygons
2026-09-09 20:59:17 +0200: Memory Usage (468644K) : topmetal2_filler has 0 polygons
2026-09-09 20:59:17 +0200: Memory Usage (468644K) : topmetal2_nofill has 0 polygons
2026-09-09 20:59:17 +0200: Memory Usage (468804K) : topmetal2_slit has 0 polygons
2026-09-09 20:59:17 +0200: Memory Usage (468804K) : topmetal2_text has 0 polygons
2026-09-09 20:59:17 +0200: Memory Usage (468804K) : topmetal2_noqrc has 0 polygons
2026-09-09 20:59:17 +0200: Memory Usage (468964K) : topmetal2_res has 0 polygons
2026-09-09 20:59:17 +0200: Memory Usage (468964K) : topmetal2_iprobe has 0 polygons
2026-09-09 20:59:17 +0200: Memory Usage (468964K) : topmetal2_diffprb has 0 polygons
2026-09-09 20:59:17 +0200: Memory Usage (469124K) : snsring_drw has 0 polygons
2026-09-09 20:59:17 +0200: Memory Usage (469124K) : sensor_drw has 0 polygons
2026-09-09 20:59:17 +0200: Memory Usage (469124K) : snsarms_drw has 0 polygons
2026-09-09 20:59:17 +0200: Memory Usage (469284K) : snscmosvia_drw has 0 polygons
2026-09-09 20:59:17 +0200: Memory Usage (469284K) : colwind_drw has 0 polygons
2026-09-09 20:59:17 +0200: Memory Usage (469284K) : flm_drw has 0 polygons
2026-09-09 20:59:17 +0200: Memory Usage (469444K) : hafniumox_drw has 0 polygons
2026-09-09 20:59:17 +0200: Memory Usage (469444K) : memvia_drw has 0 polygons
2026-09-09 20:59:17 +0200: Memory Usage (469444K) : thinfilmres_drw has 0 polygons
2026-09-09 20:59:17 +0200: Memory Usage (469604K) : rfmem_drw has 0 polygons
2026-09-09 20:59:17 +0200: Memory Usage (469604K) : norcx_drw has 0 polygons
2026-09-09 20:59:17 +0200: Memory Usage (469604K) : norcx_m2m3 has 0 polygons
2026-09-09 20:59:17 +0200: Memory Usage (469764K) : norcx_m2m4 has 0 polygons
2026-09-09 20:59:17 +0200: Memory Usage (469764K) : norcx_m2m5 has 0 polygons
2026-09-09 20:59:17 +0200: Memory Usage (469764K) : norcx_m2tm1 has 0 polygons
2026-09-09 20:59:17 +0200: Memory Usage (469924K) : norcx_m2tm2 has 0 polygons
2026-09-09 20:59:17 +0200: Memory Usage (469924K) : norcx_m3m4 has 0 polygons
2026-09-09 20:59:17 +0200: Memory Usage (469924K) : norcx_m3m5 has 0 polygons
2026-09-09 20:59:17 +0200: Memory Usage (470084K) : norcx_m3tm1 has 0 polygons
2026-09-09 20:59:17 +0200: Memory Usage (470084K) : norcx_m3tm2 has 0 polygons
2026-09-09 20:59:17 +0200: Memory Usage (470084K) : norcx_m4m5 has 0 polygons
2026-09-09 20:59:17 +0200: Memory Usage (470244K) : norcx_m4tm1 has 0 polygons
2026-09-09 20:59:17 +0200: Memory Usage (470244K) : norcx_m4tm2 has 0 polygons
2026-09-09 20:59:17 +0200: Memory Usage (470244K) : norcx_m5tm1 has 0 polygons
2026-09-09 20:59:17 +0200: Memory Usage (470404K) : norcx_m5tm2 has 0 polygons
2026-09-09 20:59:17 +0200: Memory Usage (470404K) : norcx_tm1tm2 has 0 polygons
2026-09-09 20:59:17 +0200: Memory Usage (470404K) : norcx_m1sub has 0 polygons
2026-09-09 20:59:17 +0200: Memory Usage (470564K) : norcx_m2sub has 0 polygons
2026-09-09 20:59:17 +0200: Memory Usage (470564K) : norcx_m3sub has 0 polygons
2026-09-09 20:59:17 +0200: Memory Usage (470564K) : norcx_m4sub has 0 polygons
2026-09-09 20:59:17 +0200: Memory Usage (470724K) : norcx_m5sub has 0 polygons
2026-09-09 20:59:17 +0200: Memory Usage (470724K) : norcx_tm1sub has 0 polygons
2026-09-09 20:59:17 +0200: Memory Usage (470724K) : norcx_tm2sub has 0 polygons
2026-09-09 20:59:17 +0200: Memory Usage (470884K) : snsbotvia_drw has 0 polygons
2026-09-09 20:59:17 +0200: Memory Usage (470884K) : snstopvia_drw has 0 polygons
2026-09-09 20:59:17 +0200: Memory Usage (470884K) : deepvia_drw has 0 polygons
2026-09-09 20:59:17 +0200: Memory Usage (471044K) : fgetch_drw has 0 polygons
2026-09-09 20:59:17 +0200: Memory Usage (471044K) : ctrgat_drw has 0 polygons
2026-09-09 20:59:17 +0200: Memory Usage (471044K) : fgimp_drw has 0 polygons
2026-09-09 20:59:17 +0200: Memory Usage (471204K) : emwihv_drw has 0 polygons
2026-09-09 20:59:17 +0200: Memory Usage (471204K) : lbe_drw has 0 polygons
2026-09-09 20:59:17 +0200: Memory Usage (471204K) : alcustop_drw has 0 polygons
2026-09-09 20:59:17 +0200: Memory Usage (471364K) : nometfiller_drw has 0 polygons
2026-09-09 20:59:17 +0200: Memory Usage (471364K) : prboundary_drw has 0 polygons
2026-09-09 20:59:17 +0200: Memory Usage (471364K) : exchange0_drw has 0 polygons
2026-09-09 20:59:17 +0200: Memory Usage (471524K) : exchange0_pin has 0 polygons
2026-09-09 20:59:17 +0200: Memory Usage (471524K) : exchange0_text has 0 polygons
2026-09-09 20:59:17 +0200: Memory Usage (471524K) : exchange1_drw has 0 polygons
2026-09-09 20:59:17 +0200: Memory Usage (471684K) : exchange1_pin has 0 polygons
2026-09-09 20:59:17 +0200: Memory Usage (471684K) : exchange1_text has 0 polygons
2026-09-09 20:59:17 +0200: Memory Usage (471684K) : exchange2_drw has 0 polygons
2026-09-09 20:59:17 +0200: Memory Usage (471844K) : exchange2_pin has 0 polygons
2026-09-09 20:59:17 +0200: Memory Usage (471844K) : exchange2_text has 0 polygons
2026-09-09 20:59:17 +0200: Memory Usage (471844K) : exchange3_drw has 0 polygons
2026-09-09 20:59:17 +0200: Memory Usage (472004K) : exchange3_pin has 0 polygons
2026-09-09 20:59:17 +0200: Memory Usage (472004K) : exchange3_text has 0 polygons
2026-09-09 20:59:17 +0200: Memory Usage (472004K) : exchange4_drw has 0 polygons
2026-09-09 20:59:17 +0200: Memory Usage (472164K) : exchange4_pin has 0 polygons
2026-09-09 20:59:17 +0200: Memory Usage (472164K) : exchange4_text has 0 polygons
2026-09-09 20:59:17 +0200: Memory Usage (472164K) : isonwell_drw has 0 polygons
2026-09-09 20:59:17 +0200: Memory Usage (472164K) : Total no. of polygons in the design is 97
2026-09-09 20:59:17 +0200: Memory Usage (472164K) : Loaded TECH DRC rules values from /foss/pdks/ihp-sg13g2/libs.tech/klayout/python/sg13g2_pycell_lib/sg13g2_tech_mod.json
2026-09-09 20:59:17 +0200: Memory Usage (472164K) : Loaded default DRC rules values from /foss/pdks/ihp-sg13g2/libs.tech/klayout/tech/drc/rule_decks/sg13g2_tech_default.json
2026-09-09 20:59:17 +0200: Memory Usage (472164K) : The following rules values were missing in tech json and default values were used:
2026-09-09 20:59:17 +0200: Memory Usage (472164K) :   - NW_f1_digibnd
2026-09-09 20:59:17 +0200: Memory Usage (472164K) :   - Cnt_c_digibnd
2026-09-09 20:59:17 +0200: Memory Usage (472164K) :   - Cnt_c_sram
2026-09-09 20:59:17 +0200: Memory Usage (472164K) :   - Sdiod_b
2026-09-09 20:59:17 +0200: Memory Usage (472164K) :   - Sdiod_c
2026-09-09 20:59:17 +0200: Memory Usage (473124K) : Total area of the design is 21.072 um^2.
2026-09-09 20:59:17 +0200: Memory Usage (473124K) : The design dimensions are 4.800000000000001 µm * 4.39 µm.
2026-09-09 20:59:17 +0200: Memory Usage (473124K) : Starting general IHP-SG13G2 derivations.
2026-09-09 20:59:17 +0200: Memory Usage (473124K) : Starting Pwell derivations
2026-09-09 20:59:17 +0200: Memory Usage (474792K) : Starting n-Activ derivations
2026-09-09 20:59:17 +0200: Memory Usage (474952K) : Starting p-Activ derivations
2026-09-09 20:59:17 +0200: Memory Usage (475112K) : Starting pact FET derivations
2026-09-09 20:59:17 +0200: Memory Usage (475112K) : Starting nact FET derivations
2026-09-09 20:59:17 +0200: Memory Usage (475272K) : Starting Gate derivations
2026-09-09 20:59:17 +0200: Memory Usage (475432K) : Starting IHP-SG13G2 DRC rules.
2026-09-09 20:59:17 +0200: Memory Usage (475432K) : Starting 5.8. GatPoly table
2026-09-09 20:59:17 +0200: Memory Usage (475432K) : Executing rule Gat.a
2026-09-09 20:59:17 +0200: Memory Usage (475624K) : Executing rule Gat.b
2026-09-09 20:59:17 +0200: Memory Usage (476024K) : Executing rule Gat.d
2026-09-09 20:59:17 +0200: Memory Usage (475860K) : Executing rule Gat.a1
2026-09-09 20:59:17 +0200: Memory Usage (476996K) : Executing rule Gat.a2
2026-09-09 20:59:17 +0200: Memory Usage (476996K) : Executing rule Gat.g
2026-09-09 20:59:17 +0200: Memory Usage (477048K) : KLayout DRC run for tables 'gatpoly' completed in 0.24 seconds
