# Logfile created on 2026-09-09 20:59:22 +0200 by logger.rb/v1.5.3
2026-09-09 20:59:22 +0200: Memory Usage (456544K) : Starting running IHP-SG13G2 KLayout DRC runset on /foss/designs/aion_chip/flow/regress/AION_a21oi_nor2_1/baseline/reference_AION_a21oi_nor2_1.gds
2026-09-09 20:59:22 +0200: Memory Usage (456544K) : Ruby Version for klayout: 3.2.3
2026-09-09 20:59:22 +0200: Memory Usage (457664K) : Loading database to memory is complete.
2026-09-09 20:59:22 +0200: Memory Usage (457664K) : IHP-SG13G2 KLayout DRC runset output at: /foss/designs/aion_chip/flow/regress/AION_a21oi_nor2_1/baseline/drc/reference_AION_a21oi_nor2_1.klayout.drc/reference_AION_a21oi_nor2_1_reference_AION_a21oi_nor2_1_angle.lyrdb
2026-09-09 20:59:22 +0200: Memory Usage (457856K) : Evaluate switches.
2026-09-09 20:59:22 +0200: Memory Usage (457856K) : tables selected: angle
2026-09-09 20:59:22 +0200: Memory Usage (457856K) : KLayout will use 15 thread(s) in tiling mode.
2026-09-09 20:59:22 +0200: Memory Usage (457856K) : deep mode is enabled.
2026-09-09 20:59:22 +0200: Memory Usage (457856K) : FEOL enabled: false
2026-09-09 20:59:22 +0200: Memory Usage (457856K) : BEOL enabled: false
2026-09-09 20:59:22 +0200: Memory Usage (457856K) : OFFGRID enabled: true
2026-09-09 20:59:22 +0200: Memory Usage (457856K) : ANGLE enabled: true
2026-09-09 20:59:22 +0200: Memory Usage (457856K) : PIN enabled: false
2026-09-09 20:59:22 +0200: Memory Usage (457856K) : FORBIDDEN enabled: false
2026-09-09 20:59:22 +0200: Memory Usage (457856K) : RECOMMENDED enabled: true
2026-09-09 20:59:22 +0200: Memory Usage (457856K) : PreCheck DRC enabled: false
2026-09-09 20:59:22 +0200: Memory Usage (457856K) : CONNECTIVITY_RULES enabled: false.
2026-09-09 20:59:22 +0200: Memory Usage (457856K) : Read in polygons from layers.
2026-09-09 20:59:22 +0200: Memory Usage (458624K) : activ_drw has 6 polygons
2026-09-09 20:59:22 +0200: Memory Usage (458624K) : activ_pin has 0 polygons
2026-09-09 20:59:22 +0200: Memory Usage (458624K) : activ_mask has 0 polygons
2026-09-09 20:59:22 +0200: Memory Usage (458624K) : activ_filler has 0 polygons
2026-09-09 20:59:22 +0200: Memory Usage (458624K) : activ_nofill has 0 polygons
2026-09-09 20:59:22 +0200: Memory Usage (458624K) : activ_opc has 0 polygons
2026-09-09 20:59:22 +0200: Memory Usage (458624K) : activ_iopc has 0 polygons
2026-09-09 20:59:22 +0200: Memory Usage (458624K) : activ_noqrc has 0 polygons
2026-09-09 20:59:22 +0200: Memory Usage (458624K) : biwind_drw has 0 polygons
2026-09-09 20:59:22 +0200: Memory Usage (458624K) : biwind_opc has 0 polygons
2026-09-09 20:59:22 +0200: Memory Usage (458624K) : pemwind_drw has 0 polygons
2026-09-09 20:59:22 +0200: Memory Usage (458816K) : gatpoly_drw has 5 polygons
2026-09-09 20:59:22 +0200: Memory Usage (458816K) : gatpoly_pin has 0 polygons
2026-09-09 20:59:22 +0200: Memory Usage (458816K) : gatpoly_filler has 0 polygons
2026-09-09 20:59:22 +0200: Memory Usage (458816K) : gatpoly_nofill has 0 polygons
2026-09-09 20:59:22 +0200: Memory Usage (458816K) : gatpoly_opc has 0 polygons
2026-09-09 20:59:22 +0200: Memory Usage (458816K) : gatpoly_iopc has 0 polygons
2026-09-09 20:59:22 +0200: Memory Usage (458816K) : gatpoly_noqrc has 0 polygons
2026-09-09 20:59:22 +0200: Memory Usage (458816K) : cont_drw has 49 polygons
2026-09-09 20:59:22 +0200: Memory Usage (458976K) : cont_opc has 0 polygons
2026-09-09 20:59:22 +0200: Memory Usage (458976K) : nsd_drw has 0 polygons
2026-09-09 20:59:22 +0200: Memory Usage (458976K) : nsd_block has 0 polygons
2026-09-09 20:59:22 +0200: Memory Usage (459168K) : metal1_drw has 16 polygons
2026-09-09 20:59:22 +0200: Memory Usage (459168K) : metal1_pin has 7 polygons
2026-09-09 20:59:22 +0200: Memory Usage (459168K) : metal1_mask has 0 polygons
2026-09-09 20:59:22 +0200: Memory Usage (459328K) : metal1_filler has 0 polygons
2026-09-09 20:59:22 +0200: Memory Usage (459328K) : metal1_nofill has 0 polygons
2026-09-09 20:59:22 +0200: Memory Usage (459328K) : metal1_slit has 0 polygons
2026-09-09 20:59:22 +0200: Memory Usage (459680K) : metal1_text has 7 polygons
2026-09-09 20:59:22 +0200: Memory Usage (459680K) : metal1_opc has 0 polygons
2026-09-09 20:59:22 +0200: Memory Usage (459680K) : metal1_noqrc has 0 polygons
2026-09-09 20:59:22 +0200: Memory Usage (459840K) : metal1_res has 0 polygons
2026-09-09 20:59:22 +0200: Memory Usage (459840K) : metal1_iprobe has 0 polygons
2026-09-09 20:59:22 +0200: Memory Usage (460000K) : metal1_diffprb has 0 polygons
2026-09-09 20:59:22 +0200: Memory Usage (460000K) : passiv_drw has 0 polygons
2026-09-09 20:59:22 +0200: Memory Usage (460000K) : passiv_pin has 0 polygons
2026-09-09 20:59:22 +0200: Memory Usage (460160K) : passiv_sbump has 0 polygons
2026-09-09 20:59:22 +0200: Memory Usage (460160K) : passiv_pillar has 0 polygons
2026-09-09 20:59:22 +0200: Memory Usage (460160K) : passiv_pdl has 0 polygons
2026-09-09 20:59:22 +0200: Memory Usage (460320K) : metal2_drw has 2 polygons
2026-09-09 20:59:22 +0200: Memory Usage (460320K) : metal2_pin has 0 polygons
2026-09-09 20:59:22 +0200: Memory Usage (460320K) : metal2_mask has 0 polygons
2026-09-09 20:59:22 +0200: Memory Usage (460320K) : metal2_filler has 0 polygons
2026-09-09 20:59:22 +0200: Memory Usage (460320K) : metal2_nofill has 0 polygons
2026-09-09 20:59:22 +0200: Memory Usage (460320K) : metal2_slit has 0 polygons
2026-09-09 20:59:22 +0200: Memory Usage (460320K) : metal2_text has 0 polygons
2026-09-09 20:59:22 +0200: Memory Usage (460320K) : metal2_opc has 0 polygons
2026-09-09 20:59:22 +0200: Memory Usage (460480K) : metal2_noqrc has 0 polygons
2026-09-09 20:59:22 +0200: Memory Usage (460480K) : metal2_res has 0 polygons
2026-09-09 20:59:22 +0200: Memory Usage (460480K) : metal2_iprobe has 0 polygons
2026-09-09 20:59:22 +0200: Memory Usage (460480K) : metal2_diffprb has 0 polygons
2026-09-09 20:59:22 +0200: Memory Usage (460480K) : baspoly_drw has 0 polygons
2026-09-09 20:59:22 +0200: Memory Usage (460480K) : baspoly_pin has 0 polygons
2026-09-09 20:59:22 +0200: Memory Usage (460480K) : psd_drw has 2 polygons
2026-09-09 20:59:22 +0200: Memory Usage (460640K) : nldb_drw has 0 polygons
2026-09-09 20:59:22 +0200: Memory Usage (460640K) : digibnd_drw has 0 polygons
2026-09-09 20:59:22 +0200: Memory Usage (460800K) : via1_drw has 2 polygons
2026-09-09 20:59:22 +0200: Memory Usage (460800K) : backmetal1_drw has 0 polygons
2026-09-09 20:59:22 +0200: Memory Usage (460800K) : backmetal1_pin has 0 polygons
2026-09-09 20:59:22 +0200: Memory Usage (460960K) : backmetal1_mask has 0 polygons
2026-09-09 20:59:22 +0200: Memory Usage (460960K) : backmetal1_filler has 0 polygons
2026-09-09 20:59:22 +0200: Memory Usage (460960K) : backmetal1_nofill has 0 polygons
2026-09-09 20:59:22 +0200: Memory Usage (461120K) : backmetal1_slit has 0 polygons
2026-09-09 20:59:22 +0200: Memory Usage (461120K) : backmetal1_text has 0 polygons
2026-09-09 20:59:22 +0200: Memory Usage (461120K) : backmetal1_opc has 0 polygons
2026-09-09 20:59:22 +0200: Memory Usage (461280K) : backmetal1_noqrc has 0 polygons
2026-09-09 20:59:22 +0200: Memory Usage (461280K) : backmetal1_res has 0 polygons
2026-09-09 20:59:22 +0200: Memory Usage (461440K) : backmetal1_iprobe has 0 polygons
2026-09-09 20:59:22 +0200: Memory Usage (461600K) : backmetal1_diffprb has 0 polygons
2026-09-09 20:59:22 +0200: Memory Usage (461600K) : backpassiv_drw has 0 polygons
2026-09-09 20:59:22 +0200: Memory Usage (461600K) : res_drw has 0 polygons
2026-09-09 20:59:22 +0200: Memory Usage (461760K) : sram_drw has 0 polygons
2026-09-09 20:59:22 +0200: Memory Usage (461760K) : trans_drw has 0 polygons
2026-09-09 20:59:22 +0200: Memory Usage (461760K) : ind_drw has 0 polygons
2026-09-09 20:59:22 +0200: Memory Usage (461920K) : ind_pin has 0 polygons
2026-09-09 20:59:22 +0200: Memory Usage (461920K) : ind_text has 0 polygons
2026-09-09 20:59:22 +0200: Memory Usage (461920K) : salblock_drw has 0 polygons
2026-09-09 20:59:22 +0200: Memory Usage (462080K) : via2_drw has 0 polygons
2026-09-09 20:59:22 +0200: Memory Usage (462080K) : metal3_drw has 0 polygons
2026-09-09 20:59:22 +0200: Memory Usage (462080K) : metal3_pin has 0 polygons
2026-09-09 20:59:22 +0200: Memory Usage (462240K) : metal3_mask has 0 polygons
2026-09-09 20:59:22 +0200: Memory Usage (462240K) : metal3_filler has 0 polygons
2026-09-09 20:59:22 +0200: Memory Usage (462240K) : metal3_nofill has 0 polygons
2026-09-09 20:59:22 +0200: Memory Usage (462400K) : metal3_slit has 0 polygons
2026-09-09 20:59:22 +0200: Memory Usage (462400K) : metal3_text has 0 polygons
2026-09-09 20:59:22 +0200: Memory Usage (462560K) : metal3_opc has 0 polygons
2026-09-09 20:59:22 +0200: Memory Usage (462560K) : metal3_noqrc has 0 polygons
2026-09-09 20:59:22 +0200: Memory Usage (462560K) : metal3_res has 0 polygons
2026-09-09 20:59:22 +0200: Memory Usage (462720K) : metal3_iprobe has 0 polygons
2026-09-09 20:59:22 +0200: Memory Usage (462720K) : metal3_diffprb has 0 polygons
2026-09-09 20:59:22 +0200: Memory Usage (462720K) : nwell_drw has 1 polygons
2026-09-09 20:59:22 +0200: Memory Usage (462720K) : nwell_pin has 0 polygons
2026-09-09 20:59:22 +0200: Memory Usage (462880K) : nbulay_drw has 0 polygons
2026-09-09 20:59:22 +0200: Memory Usage (462880K) : nbulay_pin has 0 polygons
2026-09-09 20:59:22 +0200: Memory Usage (462880K) : nbulay_block has 0 polygons
2026-09-09 20:59:22 +0200: Memory Usage (462880K) : emwind_drw has 0 polygons
2026-09-09 20:59:22 +0200: Memory Usage (463040K) : emwind_opc has 0 polygons
2026-09-09 20:59:22 +0200: Memory Usage (463040K) : deepco_drw has 0 polygons
2026-09-09 20:59:22 +0200: Memory Usage (463040K) : deepco_drw has 0 polygons
2026-09-09 20:59:22 +0200: Memory Usage (463040K) : mim_drw has 0 polygons
2026-09-09 20:59:22 +0200: Memory Usage (463040K) : edgeseal_drw has 0 polygons
2026-09-09 20:59:22 +0200: Memory Usage (463200K) : edgeseal_bound has 0 polygons
2026-09-09 20:59:22 +0200: Memory Usage (463200K) : substrate_drw has 0 polygons
2026-09-09 20:59:22 +0200: Memory Usage (463200K) : substrate_text has 0 polygons
2026-09-09 20:59:22 +0200: Memory Usage (463200K) : dfpad_drw has 0 polygons
2026-09-09 20:59:22 +0200: Memory Usage (463360K) : dfpad_pillar has 0 polygons
2026-09-09 20:59:22 +0200: Memory Usage (463360K) : dfpad_sbump has 0 polygons
2026-09-09 20:59:22 +0200: Memory Usage (463360K) : thickgateox_drw has 0 polygons
2026-09-09 20:59:22 +0200: Memory Usage (463520K) : pldb_drw has 0 polygons
2026-09-09 20:59:22 +0200: Memory Usage (463520K) : pwell_drw has 0 polygons
2026-09-09 20:59:22 +0200: Memory Usage (463520K) : pwell_pin has 0 polygons
2026-09-09 20:59:22 +0200: Memory Usage (463680K) : pwell_block has 0 polygons
2026-09-09 20:59:22 +0200: Memory Usage (463680K) : ic_drw has 0 polygons
2026-09-09 20:59:22 +0200: Memory Usage (463680K) : via3_drw has 0 polygons
2026-09-09 20:59:22 +0200: Memory Usage (463840K) : metal4_drw has 0 polygons
2026-09-09 20:59:22 +0200: Memory Usage (463840K) : metal4_pin has 0 polygons
2026-09-09 20:59:22 +0200: Memory Usage (463840K) : metal4_mask has 0 polygons
2026-09-09 20:59:22 +0200: Memory Usage (464000K) : metal4_filler has 0 polygons
2026-09-09 20:59:22 +0200: Memory Usage (464000K) : metal4_nofill has 0 polygons
2026-09-09 20:59:22 +0200: Memory Usage (464000K) : metal4_slit has 0 polygons
2026-09-09 20:59:22 +0200: Memory Usage (464160K) : metal4_text has 0 polygons
2026-09-09 20:59:22 +0200: Memory Usage (464160K) : metal4_opc has 0 polygons
2026-09-09 20:59:22 +0200: Memory Usage (464160K) : metal4_noqrc has 0 polygons
2026-09-09 20:59:22 +0200: Memory Usage (464320K) : metal4_res has 0 polygons
2026-09-09 20:59:22 +0200: Memory Usage (464320K) : metal4_iprobe has 0 polygons
2026-09-09 20:59:22 +0200: Memory Usage (464320K) : metal4_diffprb has 0 polygons
2026-09-09 20:59:22 +0200: Memory Usage (464480K) : heattrans_drw has 0 polygons
2026-09-09 20:59:22 +0200: Memory Usage (464480K) : heatres_drw has 0 polygons
2026-09-09 20:59:22 +0200: Memory Usage (464480K) : pempoly_drw has 0 polygons
2026-09-09 20:59:22 +0200: Memory Usage (464640K) : fbe_drw has 0 polygons
2026-09-09 20:59:22 +0200: Memory Usage (464640K) : empoly_drw has 0 polygons
2026-09-09 20:59:22 +0200: Memory Usage (464640K) : ldmos_drw has 0 polygons
2026-09-09 20:59:22 +0200: Memory Usage (464800K) : pbiwind_drw has 0 polygons
2026-09-09 20:59:22 +0200: Memory Usage (464800K) : digisub_drw has 0 polygons
2026-09-09 20:59:22 +0200: Memory Usage (464800K) : nodrc_drw has 0 polygons
2026-09-09 20:59:22 +0200: Memory Usage (464800K) : text_drw has 0 polygons
2026-09-09 20:59:22 +0200: Memory Usage (464960K) : via4_drw has 0 polygons
2026-09-09 20:59:22 +0200: Memory Usage (464960K) : metal5_drw has 0 polygons
2026-09-09 20:59:22 +0200: Memory Usage (464960K) : metal5_pin has 0 polygons
2026-09-09 20:59:22 +0200: Memory Usage (464960K) : metal5_mask has 0 polygons
2026-09-09 20:59:22 +0200: Memory Usage (465120K) : metal5_filler has 0 polygons
2026-09-09 20:59:22 +0200: Memory Usage (465120K) : metal5_nofill has 0 polygons
2026-09-09 20:59:22 +0200: Memory Usage (465120K) : metal5_slit has 0 polygons
2026-09-09 20:59:22 +0200: Memory Usage (465280K) : metal5_text has 0 polygons
2026-09-09 20:59:22 +0200: Memory Usage (465280K) : metal5_opc has 0 polygons
2026-09-09 20:59:22 +0200: Memory Usage (465280K) : metal5_noqrc has 0 polygons
2026-09-09 20:59:22 +0200: Memory Usage (465440K) : metal5_res has 0 polygons
2026-09-09 20:59:22 +0200: Memory Usage (465440K) : metal5_iprobe has 0 polygons
2026-09-09 20:59:22 +0200: Memory Usage (465440K) : metal5_diffprb has 0 polygons
2026-09-09 20:59:22 +0200: Memory Usage (465600K) : radhard_drw has 0 polygons
2026-09-09 20:59:22 +0200: Memory Usage (465600K) : memcap_drw has 0 polygons
2026-09-09 20:59:22 +0200: Memory Usage (465600K) : varicap_drw has 0 polygons
2026-09-09 20:59:22 +0200: Memory Usage (465760K) : flash_drw has 0 polygons
2026-09-09 20:59:22 +0200: Memory Usage (465760K) : intbondvia_drw has 0 polygons
2026-09-09 20:59:22 +0200: Memory Usage (465760K) : intbondmet_drw has 0 polygons
2026-09-09 20:59:22 +0200: Memory Usage (465920K) : devbondvia_drw has 0 polygons
2026-09-09 20:59:22 +0200: Memory Usage (465920K) : devbondmet_drw has 0 polygons
2026-09-09 20:59:22 +0200: Memory Usage (465920K) : devtrench_drw has 0 polygons
2026-09-09 20:59:22 +0200: Memory Usage (466080K) : redist_drw has 0 polygons
2026-09-09 20:59:22 +0200: Memory Usage (466080K) : graphbot_drw has 0 polygons
2026-09-09 20:59:22 +0200: Memory Usage (466080K) : graphtop_drw has 0 polygons
2026-09-09 20:59:22 +0200: Memory Usage (466240K) : antvia1_drw has 0 polygons
2026-09-09 20:59:22 +0200: Memory Usage (466240K) : antmetal2_drw has 0 polygons
2026-09-09 20:59:22 +0200: Memory Usage (466240K) : graphcont_drw has 0 polygons
2026-09-09 20:59:22 +0200: Memory Usage (466400K) : siwg_drw has 0 polygons
2026-09-09 20:59:22 +0200: Memory Usage (466400K) : siwg_filler has 0 polygons
2026-09-09 20:59:22 +0200: Memory Usage (466560K) : siwg_nofill has 0 polygons
2026-09-09 20:59:22 +0200: Memory Usage (466560K) : sigrating_drw has 0 polygons
2026-09-09 20:59:22 +0200: Memory Usage (466560K) : singrating_drw has 0 polygons
2026-09-09 20:59:22 +0200: Memory Usage (466560K) : graphpas_drw has 0 polygons
2026-09-09 20:59:22 +0200: Memory Usage (466560K) : emwind3_drw has 0 polygons
2026-09-09 20:59:22 +0200: Memory Usage (466560K) : emwihv3_drw has 0 polygons
2026-09-09 20:59:22 +0200: Memory Usage (466720K) : redbulay_drw has 0 polygons
2026-09-09 20:59:22 +0200: Memory Usage (466720K) : smos_drw has 0 polygons
2026-09-09 20:59:22 +0200: Memory Usage (466720K) : graphpad_drw has 0 polygons
2026-09-09 20:59:22 +0200: Memory Usage (466720K) : polimide_drw has 0 polygons
2026-09-09 20:59:22 +0200: Memory Usage (466880K) : polimide_pin has 0 polygons
2026-09-09 20:59:22 +0200: Memory Usage (466880K) : recog_drw has 0 polygons
2026-09-09 20:59:22 +0200: Memory Usage (466880K) : recog_pin has 0 polygons
2026-09-09 20:59:22 +0200: Memory Usage (466880K) : recog_esd has 0 polygons
2026-09-09 20:59:22 +0200: Memory Usage (467040K) : recog_diode has 0 polygons
2026-09-09 20:59:22 +0200: Memory Usage (467040K) : recog_tsv has 0 polygons
2026-09-09 20:59:22 +0200: Memory Usage (467040K) : recog_iprobe has 0 polygons
2026-09-09 20:59:22 +0200: Memory Usage (467200K) : recog_diffprb has 0 polygons
2026-09-09 20:59:22 +0200: Memory Usage (467200K) : recog_pillar has 0 polygons
2026-09-09 20:59:22 +0200: Memory Usage (467200K) : recog_sbump has 0 polygons
2026-09-09 20:59:22 +0200: Memory Usage (467360K) : recog_otp has 0 polygons
2026-09-09 20:59:22 +0200: Memory Usage (467360K) : recog_pdiode has 0 polygons
2026-09-09 20:59:22 +0200: Memory Usage (467360K) : recog_mom has 0 polygons
2026-09-09 20:59:22 +0200: Memory Usage (467520K) : recog_pcm has 0 polygons
2026-09-09 20:59:22 +0200: Memory Usage (467520K) : colopen_drw has 0 polygons
2026-09-09 20:59:22 +0200: Memory Usage (467520K) : graphmetal1_drw has 0 polygons
2026-09-09 20:59:22 +0200: Memory Usage (467520K) : graphmetal1_filler has 0 polygons
2026-09-09 20:59:22 +0200: Memory Usage (467520K) : graphmetal1_nofill has 0 polygons
2026-09-09 20:59:22 +0200: Memory Usage (467520K) : graphmetal1_slit has 0 polygons
2026-09-09 20:59:22 +0200: Memory Usage (467680K) : graphmetal1_opc has 0 polygons
2026-09-09 20:59:22 +0200: Memory Usage (467680K) : graphmet1l_drw has 0 polygons
2026-09-09 20:59:22 +0200: Memory Usage (467680K) : graphmet1l_filler has 0 polygons
2026-09-09 20:59:22 +0200: Memory Usage (467840K) : graphmet1l_nofill has 0 polygons
2026-09-09 20:59:22 +0200: Memory Usage (467840K) : graphmet1l_slit has 0 polygons
2026-09-09 20:59:22 +0200: Memory Usage (467840K) : graphmet1l_opc has 0 polygons
2026-09-09 20:59:22 +0200: Memory Usage (468000K) : extblock_drw has 0 polygons
2026-09-09 20:59:22 +0200: Memory Usage (468000K) : nldd_drw has 0 polygons
2026-09-09 20:59:22 +0200: Memory Usage (468000K) : pldd_drw has 0 polygons
2026-09-09 20:59:22 +0200: Memory Usage (468160K) : next_drw has 0 polygons
2026-09-09 20:59:22 +0200: Memory Usage (468160K) : pext_drw has 0 polygons
2026-09-09 20:59:22 +0200: Memory Usage (468160K) : nexthv_drw has 0 polygons
2026-09-09 20:59:22 +0200: Memory Usage (468320K) : pexthv_drw has 0 polygons
2026-09-09 20:59:22 +0200: Memory Usage (468320K) : graphgate_drw has 0 polygons
2026-09-09 20:59:22 +0200: Memory Usage (468320K) : sinwg_drw has 0 polygons
2026-09-09 20:59:22 +0200: Memory Usage (468480K) : sinwg_filler has 0 polygons
2026-09-09 20:59:22 +0200: Memory Usage (468480K) : sinwg_nofill has 0 polygons
2026-09-09 20:59:22 +0200: Memory Usage (468480K) : mempad_drw has 0 polygons
2026-09-09 20:59:22 +0200: Memory Usage (468480K) : topvia1_drw has 0 polygons
2026-09-09 20:59:22 +0200: Memory Usage (468480K) : topmetal1_drw has 0 polygons
2026-09-09 20:59:22 +0200: Memory Usage (468480K) : topmetal1_pin has 0 polygons
2026-09-09 20:59:22 +0200: Memory Usage (468480K) : topmetal1_mask has 0 polygons
2026-09-09 20:59:22 +0200: Memory Usage (468480K) : topmetal1_filler has 0 polygons
2026-09-09 20:59:22 +0200: Memory Usage (468480K) : topmetal1_nofill has 0 polygons
2026-09-09 20:59:22 +0200: Memory Usage (468480K) : topmetal1_slit has 0 polygons
2026-09-09 20:59:22 +0200: Memory Usage (468640K) : topmetal1_text has 0 polygons
2026-09-09 20:59:22 +0200: Memory Usage (468640K) : topmetal1_noqrc has 0 polygons
2026-09-09 20:59:22 +0200: Memory Usage (468640K) : topmetal1_res has 0 polygons
2026-09-09 20:59:22 +0200: Memory Usage (468800K) : topmetal1_iprobe has 0 polygons
2026-09-09 20:59:22 +0200: Memory Usage (468800K) : topmetal1_diffprb has 0 polygons
2026-09-09 20:59:22 +0200: Memory Usage (468800K) : inldpwl_drw has 0 polygons
2026-09-09 20:59:22 +0200: Memory Usage (468960K) : polyres_drw has 0 polygons
2026-09-09 20:59:22 +0200: Memory Usage (468960K) : polyres_pin has 0 polygons
2026-09-09 20:59:22 +0200: Memory Usage (468960K) : vmim_drw has 0 polygons
2026-09-09 20:59:22 +0200: Memory Usage (469120K) : nbulaycut_drw has 0 polygons
2026-09-09 20:59:22 +0200: Memory Usage (469120K) : antmetal1_drw has 0 polygons
2026-09-09 20:59:22 +0200: Memory Usage (469120K) : topvia2_drw has 0 polygons
2026-09-09 20:59:22 +0200: Memory Usage (469280K) : topmetal2_drw has 0 polygons
2026-09-09 20:59:22 +0200: Memory Usage (469280K) : topmetal2_pin has 0 polygons
2026-09-09 20:59:22 +0200: Memory Usage (469280K) : topmetal2_mask has 0 polygons
2026-09-09 20:59:22 +0200: Memory Usage (469440K) : topmetal2_filler has 0 polygons
2026-09-09 20:59:22 +0200: Memory Usage (469440K) : topmetal2_nofill has 0 polygons
2026-09-09 20:59:22 +0200: Memory Usage (469440K) : topmetal2_slit has 0 polygons
2026-09-09 20:59:22 +0200: Memory Usage (469600K) : topmetal2_text has 0 polygons
2026-09-09 20:59:22 +0200: Memory Usage (469600K) : topmetal2_noqrc has 0 polygons
2026-09-09 20:59:22 +0200: Memory Usage (469600K) : topmetal2_res has 0 polygons
2026-09-09 20:59:22 +0200: Memory Usage (469760K) : topmetal2_iprobe has 0 polygons
2026-09-09 20:59:22 +0200: Memory Usage (469760K) : topmetal2_diffprb has 0 polygons
2026-09-09 20:59:22 +0200: Memory Usage (469760K) : snsring_drw has 0 polygons
2026-09-09 20:59:22 +0200: Memory Usage (469920K) : sensor_drw has 0 polygons
2026-09-09 20:59:22 +0200: Memory Usage (469920K) : snsarms_drw has 0 polygons
2026-09-09 20:59:22 +0200: Memory Usage (469920K) : snscmosvia_drw has 0 polygons
2026-09-09 20:59:22 +0200: Memory Usage (470080K) : colwind_drw has 0 polygons
2026-09-09 20:59:22 +0200: Memory Usage (470080K) : flm_drw has 0 polygons
2026-09-09 20:59:22 +0200: Memory Usage (470080K) : hafniumox_drw has 0 polygons
2026-09-09 20:59:22 +0200: Memory Usage (470240K) : memvia_drw has 0 polygons
2026-09-09 20:59:22 +0200: Memory Usage (470240K) : thinfilmres_drw has 0 polygons
2026-09-09 20:59:22 +0200: Memory Usage (470240K) : rfmem_drw has 0 polygons
2026-09-09 20:59:22 +0200: Memory Usage (470400K) : norcx_drw has 0 polygons
2026-09-09 20:59:22 +0200: Memory Usage (470400K) : norcx_m2m3 has 0 polygons
2026-09-09 20:59:22 +0200: Memory Usage (470400K) : norcx_m2m4 has 0 polygons
2026-09-09 20:59:22 +0200: Memory Usage (470560K) : norcx_m2m5 has 0 polygons
2026-09-09 20:59:22 +0200: Memory Usage (470560K) : norcx_m2tm1 has 0 polygons
2026-09-09 20:59:22 +0200: Memory Usage (470560K) : norcx_m2tm2 has 0 polygons
2026-09-09 20:59:22 +0200: Memory Usage (470720K) : norcx_m3m4 has 0 polygons
2026-09-09 20:59:22 +0200: Memory Usage (470720K) : norcx_m3m5 has 0 polygons
2026-09-09 20:59:22 +0200: Memory Usage (470720K) : norcx_m3tm1 has 0 polygons
2026-09-09 20:59:22 +0200: Memory Usage (470880K) : norcx_m3tm2 has 0 polygons
2026-09-09 20:59:22 +0200: Memory Usage (470880K) : norcx_m4m5 has 0 polygons
2026-09-09 20:59:22 +0200: Memory Usage (470880K) : norcx_m4tm1 has 0 polygons
2026-09-09 20:59:22 +0200: Memory Usage (471040K) : norcx_m4tm2 has 0 polygons
2026-09-09 20:59:22 +0200: Memory Usage (471040K) : norcx_m5tm1 has 0 polygons
2026-09-09 20:59:22 +0200: Memory Usage (471040K) : norcx_m5tm2 has 0 polygons
2026-09-09 20:59:22 +0200: Memory Usage (471200K) : norcx_tm1tm2 has 0 polygons
2026-09-09 20:59:22 +0200: Memory Usage (471200K) : norcx_m1sub has 0 polygons
2026-09-09 20:59:22 +0200: Memory Usage (471200K) : norcx_m2sub has 0 polygons
2026-09-09 20:59:22 +0200: Memory Usage (471360K) : norcx_m3sub has 0 polygons
2026-09-09 20:59:22 +0200: Memory Usage (471360K) : norcx_m4sub has 0 polygons
2026-09-09 20:59:22 +0200: Memory Usage (471360K) : norcx_m5sub has 0 polygons
2026-09-09 20:59:22 +0200: Memory Usage (471520K) : norcx_tm1sub has 0 polygons
2026-09-09 20:59:22 +0200: Memory Usage (471520K) : norcx_tm2sub has 0 polygons
2026-09-09 20:59:22 +0200: Memory Usage (471520K) : snsbotvia_drw has 0 polygons
2026-09-09 20:59:22 +0200: Memory Usage (471680K) : snstopvia_drw has 0 polygons
2026-09-09 20:59:22 +0200: Memory Usage (471680K) : deepvia_drw has 0 polygons
2026-09-09 20:59:22 +0200: Memory Usage (471680K) : fgetch_drw has 0 polygons
2026-09-09 20:59:22 +0200: Memory Usage (471840K) : ctrgat_drw has 0 polygons
2026-09-09 20:59:22 +0200: Memory Usage (471840K) : fgimp_drw has 0 polygons
2026-09-09 20:59:22 +0200: Memory Usage (471840K) : emwihv_drw has 0 polygons
2026-09-09 20:59:22 +0200: Memory Usage (472000K) : lbe_drw has 0 polygons
2026-09-09 20:59:22 +0200: Memory Usage (472000K) : alcustop_drw has 0 polygons
2026-09-09 20:59:22 +0200: Memory Usage (472000K) : nometfiller_drw has 0 polygons
2026-09-09 20:59:22 +0200: Memory Usage (472160K) : prboundary_drw has 0 polygons
2026-09-09 20:59:22 +0200: Memory Usage (472160K) : exchange0_drw has 0 polygons
2026-09-09 20:59:22 +0200: Memory Usage (472160K) : exchange0_pin has 0 polygons
2026-09-09 20:59:22 +0200: Memory Usage (472320K) : exchange0_text has 0 polygons
2026-09-09 20:59:22 +0200: Memory Usage (472320K) : exchange1_drw has 0 polygons
2026-09-09 20:59:22 +0200: Memory Usage (472320K) : exchange1_pin has 0 polygons
2026-09-09 20:59:22 +0200: Memory Usage (472480K) : exchange1_text has 0 polygons
2026-09-09 20:59:22 +0200: Memory Usage (472480K) : exchange2_drw has 0 polygons
2026-09-09 20:59:22 +0200: Memory Usage (472480K) : exchange2_pin has 0 polygons
2026-09-09 20:59:22 +0200: Memory Usage (472640K) : exchange2_text has 0 polygons
2026-09-09 20:59:22 +0200: Memory Usage (472640K) : exchange3_drw has 0 polygons
2026-09-09 20:59:22 +0200: Memory Usage (472640K) : exchange3_pin has 0 polygons
2026-09-09 20:59:22 +0200: Memory Usage (472800K) : exchange3_text has 0 polygons
2026-09-09 20:59:22 +0200: Memory Usage (472800K) : exchange4_drw has 0 polygons
2026-09-09 20:59:22 +0200: Memory Usage (472800K) : exchange4_pin has 0 polygons
2026-09-09 20:59:22 +0200: Memory Usage (472960K) : exchange4_text has 0 polygons
2026-09-09 20:59:22 +0200: Memory Usage (472960K) : isonwell_drw has 0 polygons
2026-09-09 20:59:22 +0200: Memory Usage (472960K) : Total no. of polygons in the design is 97
2026-09-09 20:59:22 +0200: Memory Usage (472960K) : Loaded TECH DRC rules values from /foss/pdks/ihp-sg13g2/libs.tech/klayout/python/sg13g2_pycell_lib/sg13g2_tech_mod.json
2026-09-09 20:59:22 +0200: Memory Usage (472960K) : Loaded default DRC rules values from /foss/pdks/ihp-sg13g2/libs.tech/klayout/tech/drc/rule_decks/sg13g2_tech_default.json
2026-09-09 20:59:22 +0200: Memory Usage (472960K) : The following rules values were missing in tech json and default values were used:
2026-09-09 20:59:22 +0200: Memory Usage (472960K) :   - NW_f1_digibnd
2026-09-09 20:59:22 +0200: Memory Usage (472960K) :   - Cnt_c_digibnd
2026-09-09 20:59:22 +0200: Memory Usage (472960K) :   - Cnt_c_sram
2026-09-09 20:59:22 +0200: Memory Usage (472960K) :   - Sdiod_b
2026-09-09 20:59:22 +0200: Memory Usage (472960K) :   - Sdiod_c
2026-09-09 20:59:22 +0200: Memory Usage (474112K) : Total area of the design is 21.072 um^2.
2026-09-09 20:59:22 +0200: Memory Usage (474112K) : The design dimensions are 4.800000000000001 µm * 4.39 µm.
2026-09-09 20:59:22 +0200: Memory Usage (474112K) : Starting general IHP-SG13G2 derivations.
2026-09-09 20:59:22 +0200: Memory Usage (474112K) : Starting Pwell derivations
2026-09-09 20:59:22 +0200: Memory Usage (475744K) : Starting IHP-SG13G2 DRC rules.
2026-09-09 20:59:22 +0200: Memory Usage (475744K) : Starting 3.2. angle table
2026-09-09 20:59:22 +0200: Memory Usage (475744K) : Executing rule activ_drw_Acute
2026-09-09 20:59:22 +0200: Memory Usage (475912K) : Executing rule activ_pin_Acute
2026-09-09 20:59:22 +0200: Memory Usage (475912K) : Executing rule activ_mask_Acute
2026-09-09 20:59:22 +0200: Memory Usage (475912K) : Executing rule activ_filler_Acute
2026-09-09 20:59:22 +0200: Memory Usage (475912K) : Executing rule activ_nofill_Acute
2026-09-09 20:59:22 +0200: Memory Usage (475912K) : Executing rule activ_opc_Acute
2026-09-09 20:59:22 +0200: Memory Usage (475912K) : Executing rule activ_iopc_Acute
2026-09-09 20:59:22 +0200: Memory Usage (475912K) : Executing rule activ_noqrc_Acute
2026-09-09 20:59:22 +0200: Memory Usage (475912K) : Executing rule biwind_drw_Acute
2026-09-09 20:59:22 +0200: Memory Usage (476392K) : Executing rule biwind_opc_Acute
2026-09-09 20:59:22 +0200: Memory Usage (476872K) : Executing rule pemwind_drw_Acute
2026-09-09 20:59:22 +0200: Memory Usage (477352K) : Executing rule gatpoly_drw_Acute
2026-09-09 20:59:22 +0200: Memory Usage (477832K) : Executing rule gatpoly_pin_Acute
2026-09-09 20:59:22 +0200: Memory Usage (478312K) : Executing rule gatpoly_filler_Acute
2026-09-09 20:59:22 +0200: Memory Usage (478792K) : Executing rule gatpoly_nofill_Acute
2026-09-09 20:59:22 +0200: Memory Usage (479272K) : Executing rule gatpoly_opc_Acute
2026-09-09 20:59:22 +0200: Memory Usage (479752K) : Executing rule gatpoly_iopc_Acute
2026-09-09 20:59:22 +0200: Memory Usage (480232K) : Executing rule gatpoly_noqrc_Acute
2026-09-09 20:59:22 +0200: Memory Usage (480712K) : Executing rule cont_drw_Acute
2026-09-09 20:59:22 +0200: Memory Usage (481192K) : Executing rule cont_opc_Acute
2026-09-09 20:59:22 +0200: Memory Usage (481832K) : Executing rule nsd_drw_Acute
2026-09-09 20:59:22 +0200: Memory Usage (482312K) : Executing rule nsd_block_Acute
2026-09-09 20:59:22 +0200: Memory Usage (482472K) : Executing rule metal1_drw_Acute
2026-09-09 20:59:22 +0200: Memory Usage (482640K) : Executing rule metal1_pin_Acute
2026-09-09 20:59:22 +0200: Memory Usage (482640K) : Executing rule metal1_mask_Acute
2026-09-09 20:59:22 +0200: Memory Usage (482640K) : Executing rule metal1_filler_Acute
2026-09-09 20:59:22 +0200: Memory Usage (482640K) : Executing rule metal1_nofill_Acute
2026-09-09 20:59:22 +0200: Memory Usage (482640K) : Executing rule metal1_slit_Acute
2026-09-09 20:59:22 +0200: Memory Usage (483120K) : Executing rule metal1_opc_Acute
2026-09-09 20:59:22 +0200: Memory Usage (483600K) : Executing rule metal1_noqrc_Acute
2026-09-09 20:59:22 +0200: Memory Usage (483600K) : Executing rule metal1_res_Acute
2026-09-09 20:59:22 +0200: Memory Usage (483600K) : Executing rule metal1_iprobe_Acute
2026-09-09 20:59:22 +0200: Memory Usage (483600K) : Executing rule metal1_diffprb_Acute
2026-09-09 20:59:22 +0200: Memory Usage (483600K) : Executing rule passiv_drw_Acute
2026-09-09 20:59:22 +0200: Memory Usage (483600K) : Executing rule passiv_pin_Acute
2026-09-09 20:59:22 +0200: Memory Usage (483760K) : Executing rule passiv_pillar_Acute
2026-09-09 20:59:22 +0200: Memory Usage (483920K) : Executing rule passiv_sbump_Acute
2026-09-09 20:59:22 +0200: Memory Usage (483920K) : Executing rule passiv_pdl_Acute
2026-09-09 20:59:22 +0200: Memory Usage (483920K) : Executing rule metal2_drw_Acute
2026-09-09 20:59:22 +0200: Memory Usage (483920K) : Executing rule metal2_pin_Acute
2026-09-09 20:59:22 +0200: Memory Usage (483920K) : Executing rule metal2_mask_Acute
2026-09-09 20:59:22 +0200: Memory Usage (483920K) : Executing rule metal2_filler_Acute
2026-09-09 20:59:22 +0200: Memory Usage (483920K) : Executing rule metal2_nofill_Acute
2026-09-09 20:59:22 +0200: Memory Usage (483920K) : Executing rule metal2_slit_Acute
2026-09-09 20:59:22 +0200: Memory Usage (483920K) : Executing rule metal2_opc_Acute
2026-09-09 20:59:22 +0200: Memory Usage (483920K) : Executing rule metal2_noqrc_Acute
2026-09-09 20:59:22 +0200: Memory Usage (483920K) : Executing rule metal2_res_Acute
2026-09-09 20:59:22 +0200: Memory Usage (483920K) : Executing rule metal2_iprobe_Acute
2026-09-09 20:59:22 +0200: Memory Usage (483920K) : Executing rule metal2_diffprb_Acute
2026-09-09 20:59:22 +0200: Memory Usage (484400K) : Executing rule baspoly_drw_Acute
2026-09-09 20:59:22 +0200: Memory Usage (484880K) : Executing rule baspoly_pin_Acute
2026-09-09 20:59:22 +0200: Memory Usage (485360K) : Executing rule psd_drw_Acute
2026-09-09 20:59:22 +0200: Memory Usage (485840K) : Executing rule nldb_drw_Acute
2026-09-09 20:59:22 +0200: Memory Usage (485840K) : Executing rule via1_drw_Acute
2026-09-09 20:59:22 +0200: Memory Usage (485840K) : Executing rule backmetal1_drw_Acute
2026-09-09 20:59:22 +0200: Memory Usage (485840K) : Executing rule backmetal1_pin_Acute
2026-09-09 20:59:22 +0200: Memory Usage (485840K) : Executing rule backmetal1_mask_Acute
2026-09-09 20:59:22 +0200: Memory Usage (485840K) : Executing rule backmetal1_filler_Acute
2026-09-09 20:59:22 +0200: Memory Usage (485840K) : Executing rule backmetal1_nofill_Acute
2026-09-09 20:59:22 +0200: Memory Usage (486320K) : Executing rule backmetal1_slit_Acute
2026-09-09 20:59:22 +0200: Memory Usage (486480K) : Executing rule backmetal1_opc_Acute
2026-09-09 20:59:22 +0200: Memory Usage (486480K) : Executing rule backmetal1_noqrc_Acute
2026-09-09 20:59:22 +0200: Memory Usage (486480K) : Executing rule backmetal1_res_Acute
2026-09-09 20:59:22 +0200: Memory Usage (486480K) : Executing rule backmetal1_iprobe_Acute
2026-09-09 20:59:22 +0200: Memory Usage (486480K) : Executing rule backmetal1_diffprb_Acute
2026-09-09 20:59:22 +0200: Memory Usage (486480K) : Executing rule backpassiv_drw_Acute
2026-09-09 20:59:22 +0200: Memory Usage (486480K) : Executing rule salblock_drw_Acute
2026-09-09 20:59:22 +0200: Memory Usage (486480K) : Executing rule via2_drw_Acute
2026-09-09 20:59:22 +0200: Memory Usage (486480K) : Executing rule metal3_drw_Acute
2026-09-09 20:59:22 +0200: Memory Usage (486480K) : Executing rule metal3_pin_Acute
2026-09-09 20:59:22 +0200: Memory Usage (486480K) : Executing rule metal3_mask_Acute
2026-09-09 20:59:22 +0200: Memory Usage (486480K) : Executing rule metal3_filler_Acute
2026-09-09 20:59:22 +0200: Memory Usage (486480K) : Executing rule metal3_nofill_Acute
2026-09-09 20:59:22 +0200: Memory Usage (486480K) : Executing rule metal3_slit_Acute
2026-09-09 20:59:22 +0200: Memory Usage (486480K) : Executing rule metal3_opc_Acute
2026-09-09 20:59:22 +0200: Memory Usage (486640K) : Executing rule metal3_noqrc_Acute
2026-09-09 20:59:22 +0200: Memory Usage (487120K) : Executing rule metal3_res_Acute
2026-09-09 20:59:22 +0200: Memory Usage (487600K) : Executing rule metal3_iprobe_Acute
2026-09-09 20:59:22 +0200: Memory Usage (488080K) : Executing rule metal3_diffprb_Acute
2026-09-09 20:59:22 +0200: Memory Usage (488560K) : Executing rule nwell_drw_Acute
2026-09-09 20:59:22 +0200: Memory Usage (489040K) : Executing rule nwell_pin_Acute
2026-09-09 20:59:22 +0200: Memory Usage (489360K) : Executing rule nbulay_drw_Acute
2026-09-09 20:59:22 +0200: Memory Usage (489840K) : Executing rule nbulay_pin_Acute
2026-09-09 20:59:22 +0200: Memory Usage (490320K) : Executing rule nbulay_block_Acute
2026-09-09 20:59:22 +0200: Memory Usage (490800K) : Executing rule pwell_drw_Acute
2026-09-09 20:59:22 +0200: Memory Usage (491120K) : Executing rule pwell_pin_Acute
2026-09-09 20:59:22 +0200: Memory Usage (491120K) : Executing rule pwell_block_Acute
2026-09-09 20:59:22 +0200: Memory Usage (491120K) : Executing rule emwind_drw_Acute
2026-09-09 20:59:22 +0200: Memory Usage (491120K) : Executing rule emwind_opc_Acute
2026-09-09 20:59:22 +0200: Memory Usage (491120K) : Executing rule deepco_drw_Acute
2026-09-09 20:59:22 +0200: Memory Usage (491120K) : Executing rule mim_drw_Acute
2026-09-09 20:59:22 +0200: Memory Usage (491120K) : Executing rule substrate_drw_Acute
2026-09-09 20:59:22 +0200: Memory Usage (491120K) : Executing rule ic_drw_Acute
2026-09-09 20:59:22 +0200: Memory Usage (491120K) : Executing rule via3_drw_Acute
2026-09-09 20:59:22 +0200: Memory Usage (491120K) : Executing rule pldb_drw_Acute
2026-09-09 20:59:22 +0200: Memory Usage (491120K) : Executing rule metal4_drw_Acute
2026-09-09 20:59:22 +0200: Memory Usage (491120K) : Executing rule metal4_pin_Acute
2026-09-09 20:59:22 +0200: Memory Usage (491120K) : Executing rule metal4_mask_Acute
2026-09-09 20:59:22 +0200: Memory Usage (491120K) : Executing rule metal4_filler_Acute
2026-09-09 20:59:22 +0200: Memory Usage (491120K) : Executing rule metal4_nofill_Acute
2026-09-09 20:59:22 +0200: Memory Usage (491120K) : Executing rule metal4_slit_Acute
2026-09-09 20:59:22 +0200: Memory Usage (491120K) : Executing rule metal4_opc_Acute
2026-09-09 20:59:22 +0200: Memory Usage (491120K) : Executing rule metal4_noqrc_Acute
2026-09-09 20:59:22 +0200: Memory Usage (491120K) : Executing rule metal4_res_Acute
2026-09-09 20:59:22 +0200: Memory Usage (491120K) : Executing rule metal4_iprobe_Acute
2026-09-09 20:59:22 +0200: Memory Usage (491120K) : Executing rule metal4_diffprb_Acute
2026-09-09 20:59:22 +0200: Memory Usage (491120K) : Executing rule via4_drw_Acute
2026-09-09 20:59:22 +0200: Memory Usage (491120K) : Executing rule metal5_drw_Acute
2026-09-09 20:59:22 +0200: Memory Usage (491120K) : Executing rule metal5_pin_Acute
2026-09-09 20:59:22 +0200: Memory Usage (491120K) : Executing rule metal5_mask_Acute
2026-09-09 20:59:22 +0200: Memory Usage (491120K) : Executing rule metal5_filler_Acute
2026-09-09 20:59:22 +0200: Memory Usage (491120K) : Executing rule metal5_nofill_Acute
2026-09-09 20:59:22 +0200: Memory Usage (491120K) : Executing rule metal5_slit_Acute
2026-09-09 20:59:22 +0200: Memory Usage (491120K) : Executing rule metal5_opc_Acute
2026-09-09 20:59:22 +0200: Memory Usage (491120K) : Executing rule metal5_noqrc_Acute
2026-09-09 20:59:22 +0200: Memory Usage (491120K) : Executing rule metal5_res_Acute
2026-09-09 20:59:22 +0200: Memory Usage (491120K) : Executing rule metal5_iprobe_Acute
2026-09-09 20:59:22 +0200: Memory Usage (491120K) : Executing rule metal5_diffprb_Acute
2026-09-09 20:59:22 +0200: Memory Usage (491120K) : Executing rule prboundary_drw_Acute
2026-09-09 20:59:22 +0200: Memory Usage (491120K) : Executing rule exchange0_drw_Acute
2026-09-09 20:59:22 +0200: Memory Usage (491120K) : Executing rule exchange0_pin_Acute
2026-09-09 20:59:22 +0200: Memory Usage (491120K) : Executing rule exchange1_drw_Acute
2026-09-09 20:59:22 +0200: Memory Usage (491120K) : Executing rule exchange1_pin_Acute
2026-09-09 20:59:22 +0200: Memory Usage (491120K) : Executing rule exchange2_drw_Acute
2026-09-09 20:59:22 +0200: Memory Usage (491120K) : Executing rule exchange2_pin_Acute
2026-09-09 20:59:22 +0200: Memory Usage (491120K) : Executing rule exchange3_drw_Acute
2026-09-09 20:59:22 +0200: Memory Usage (491120K) : Executing rule exchange3_pin_Acute
2026-09-09 20:59:22 +0200: Memory Usage (491120K) : Executing rule exchange4_drw_Acute
2026-09-09 20:59:22 +0200: Memory Usage (491120K) : Executing rule exchange4_pin_Acute
2026-09-09 20:59:22 +0200: Memory Usage (491120K) : Executing rule isonwell_drw_Acute
2026-09-09 20:59:22 +0200: Memory Usage (491120K) : Executing rule thickgateox_drw_Acute
2026-09-09 20:59:22 +0200: Memory Usage (491120K) : Executing rule pempoly_drw_Acute
2026-09-09 20:59:22 +0200: Memory Usage (491120K) : Executing rule fbe_drw_Acute
2026-09-09 20:59:22 +0200: Memory Usage (491120K) : Executing rule empoly_drw_Acute
2026-09-09 20:59:22 +0200: Memory Usage (491120K) : Executing rule ldmos_drw_Acute
2026-09-09 20:59:22 +0200: Memory Usage (491120K) : Executing rule pbiwind_drw_Acute
2026-09-09 20:59:22 +0200: Memory Usage (491120K) : Executing rule colopen_drw_Acute
2026-09-09 20:59:22 +0200: Memory Usage (491120K) : Executing rule extblock_drw_Acute
2026-09-09 20:59:22 +0200: Memory Usage (491120K) : Executing rule nldd_drw_Acute
2026-09-09 20:59:22 +0200: Memory Usage (491120K) : Executing rule pldd_drw_Acute
2026-09-09 20:59:22 +0200: Memory Usage (491120K) : Executing rule next_drw_Acute
2026-09-09 20:59:22 +0200: Memory Usage (491120K) : Executing rule pext_drw_Acute
2026-09-09 20:59:22 +0200: Memory Usage (491120K) : Executing rule nexthv_drw_Acute
2026-09-09 20:59:22 +0200: Memory Usage (491120K) : Executing rule pexthv_drw_Acute
2026-09-09 20:59:22 +0200: Memory Usage (491120K) : Executing rule graphgate_drw_Acute
2026-09-09 20:59:22 +0200: Memory Usage (491120K) : Executing rule mempad_drw_Acute
2026-09-09 20:59:22 +0200: Memory Usage (491120K) : Executing rule topvia1_drw_Acute
2026-09-09 20:59:22 +0200: Memory Usage (491120K) : Executing rule topmetal1_drw_Acute
2026-09-09 20:59:22 +0200: Memory Usage (491120K) : Executing rule topmetal1_pin_Acute
2026-09-09 20:59:22 +0200: Memory Usage (491120K) : Executing rule topmetal1_mask_Acute
2026-09-09 20:59:22 +0200: Memory Usage (491120K) : Executing rule topmetal1_filler_Acute
2026-09-09 20:59:22 +0200: Memory Usage (491120K) : Executing rule topmetal1_nofill_Acute
2026-09-09 20:59:22 +0200: Memory Usage (491120K) : Executing rule topmetal1_slit_Acute
2026-09-09 20:59:22 +0200: Memory Usage (491120K) : Executing rule topmetal1_noqrc_Acute
2026-09-09 20:59:22 +0200: Memory Usage (491120K) : Executing rule topmetal1_res_Acute
2026-09-09 20:59:22 +0200: Memory Usage (491120K) : Executing rule topmetal1_iprobe_Acute
2026-09-09 20:59:22 +0200: Memory Usage (491120K) : Executing rule topmetal1_diffprb_Acute
2026-09-09 20:59:22 +0200: Memory Usage (491120K) : Executing rule inldpwl_drw_Acute
2026-09-09 20:59:22 +0200: Memory Usage (491120K) : Executing rule polyres_drw_Acute
2026-09-09 20:59:22 +0200: Memory Usage (491120K) : Executing rule polyres_pin_Acute
2026-09-09 20:59:22 +0200: Memory Usage (491120K) : Executing rule vmim_drw_Acute
2026-09-09 20:59:22 +0200: Memory Usage (491120K) : Executing rule nbulaycut_drw_Acute
2026-09-09 20:59:22 +0200: Memory Usage (491120K) : Executing rule antmetal1_drw_Acute
2026-09-09 20:59:22 +0200: Memory Usage (491120K) : Executing rule topvia2_drw_Acute
2026-09-09 20:59:22 +0200: Memory Usage (491120K) : Executing rule topmetal2_drw_Acute
2026-09-09 20:59:22 +0200: Memory Usage (491120K) : Executing rule topmetal2_pin_Acute
2026-09-09 20:59:22 +0200: Memory Usage (491120K) : Executing rule topmetal2_mask_Acute
2026-09-09 20:59:22 +0200: Memory Usage (491120K) : Executing rule topmetal2_filler_Acute
2026-09-09 20:59:22 +0200: Memory Usage (491120K) : Executing rule topmetal2_nofill_Acute
2026-09-09 20:59:22 +0200: Memory Usage (491120K) : Executing rule topmetal2_slit_Acute
2026-09-09 20:59:22 +0200: Memory Usage (491120K) : Executing rule topmetal2_noqrc_Acute
2026-09-09 20:59:22 +0200: Memory Usage (491120K) : Executing rule topmetal2_res_Acute
2026-09-09 20:59:22 +0200: Memory Usage (491120K) : Executing rule topmetal2_iprobe_Acute
2026-09-09 20:59:22 +0200: Memory Usage (491120K) : Executing rule topmetal2_diffprb_Acute
2026-09-09 20:59:22 +0200: Memory Usage (491120K) : Executing rule snsring_drw_Acute
2026-09-09 20:59:22 +0200: Memory Usage (491120K) : Executing rule sensor_drw_Acute
2026-09-09 20:59:22 +0200: Memory Usage (491120K) : Executing rule snsarms_drw_Acute
2026-09-09 20:59:22 +0200: Memory Usage (491120K) : Executing rule snscmosvia_drw_Acute
2026-09-09 20:59:22 +0200: Memory Usage (491120K) : Executing rule colwind_drw_Acute
2026-09-09 20:59:23 +0200: Memory Usage (491120K) : Executing rule flm_drw_Acute
2026-09-09 20:59:23 +0200: Memory Usage (491120K) : Executing rule hafniumox_drw_Acute
2026-09-09 20:59:23 +0200: Memory Usage (491120K) : Executing rule memvia_drw_Acute
2026-09-09 20:59:23 +0200: Memory Usage (491120K) : Executing rule thinfilmres_drw_Acute
2026-09-09 20:59:23 +0200: Memory Usage (491120K) : Executing rule rfmem_drw_Acute
2026-09-09 20:59:23 +0200: Memory Usage (491120K) : Executing rule snsbotvia_drw_Acute
2026-09-09 20:59:23 +0200: Memory Usage (491120K) : Executing rule snstopvia_drw_Acute
2026-09-09 20:59:23 +0200: Memory Usage (491120K) : Executing rule deepvia_drw_Acute
2026-09-09 20:59:23 +0200: Memory Usage (491120K) : Executing rule fgetch_drw_Acute
2026-09-09 20:59:23 +0200: Memory Usage (491120K) : Executing rule ctrgat_drw_Acute
2026-09-09 20:59:23 +0200: Memory Usage (491120K) : Executing rule fgimp_drw_Acute
2026-09-09 20:59:23 +0200: Memory Usage (491120K) : Executing rule emwihv_drw_Acute
2026-09-09 20:59:23 +0200: Memory Usage (491120K) : Executing rule lbe_drw_Acute
2026-09-09 20:59:23 +0200: Memory Usage (491120K) : Executing rule alcustop_drw_Acute
2026-09-09 20:59:23 +0200: Memory Usage (491120K) : Executing rule cont_drw_Angle90
2026-09-09 20:59:23 +0200: Memory Usage (491688K) : Executing rule via1_drw_Angle90
2026-09-09 20:59:23 +0200: Memory Usage (491848K) : Executing rule via2_drw_Angle90
2026-09-09 20:59:23 +0200: Memory Usage (491848K) : Executing rule via3_drw_Angle90
2026-09-09 20:59:23 +0200: Memory Usage (491848K) : Executing rule via4_drw_Angle90
2026-09-09 20:59:23 +0200: Memory Usage (491848K) : Executing rule vmim_drw_Angle90
2026-09-09 20:59:23 +0200: Memory Usage (491848K) : Executing rule topvia1_drw_Angle90
2026-09-09 20:59:23 +0200: Memory Usage (491848K) : Executing rule topvia2_drw_Angle90
2026-09-09 20:59:23 +0200: Memory Usage (491848K) : Executing rule gatpoly_drw_Angle45
2026-09-09 20:59:23 +0200: Memory Usage (491848K) : Executing rule activ_drw_Angle45
2026-09-09 20:59:23 +0200: Memory Usage (492168K) : Executing rule metal1_drw_Angle45
2026-09-09 20:59:23 +0200: Memory Usage (492532K) : Executing rule metal2_drw_Angle45
2026-09-09 20:59:23 +0200: Memory Usage (492692K) : Executing rule metal3_drw_Angle45
2026-09-09 20:59:23 +0200: Memory Usage (492692K) : Executing rule metal4_drw_Angle45
2026-09-09 20:59:23 +0200: Memory Usage (492692K) : Executing rule metal5_drw_Angle45
2026-09-09 20:59:23 +0200: Memory Usage (492692K) : Executing rule topmetal1_drw_Angle45
2026-09-09 20:59:23 +0200: Memory Usage (492692K) : Executing rule topmetal2_drw_Angle45
2026-09-09 20:59:23 +0200: Memory Usage (492692K) : KLayout DRC run for tables 'angle' completed in 0.68 seconds
