# Logfile created on 2026-09-09 20:59:21 +0200 by logger.rb/v1.5.3
2026-09-09 20:59:21 +0200: Memory Usage (456848K) : Starting running IHP-SG13G2 KLayout DRC runset on /foss/designs/aion_chip/flow/regress/AION_a21oi_nor2_1/baseline/reference_AION_a21oi_nor2_1.gds
2026-09-09 20:59:21 +0200: Memory Usage (456848K) : Ruby Version for klayout: 3.2.3
2026-09-09 20:59:21 +0200: Memory Usage (457836K) : Loading database to memory is complete.
2026-09-09 20:59:21 +0200: Memory Usage (457836K) : IHP-SG13G2 KLayout DRC runset output at: /foss/designs/aion_chip/flow/regress/AION_a21oi_nor2_1/baseline/drc/reference_AION_a21oi_nor2_1.klayout.drc/reference_AION_a21oi_nor2_1_reference_AION_a21oi_nor2_1_solderbump.lyrdb
2026-09-09 20:59:21 +0200: Memory Usage (457836K) : Evaluate switches.
2026-09-09 20:59:21 +0200: Memory Usage (457836K) : tables selected: solderbump
2026-09-09 20:59:21 +0200: Memory Usage (457836K) : KLayout will use 15 thread(s) in tiling mode.
2026-09-09 20:59:21 +0200: Memory Usage (457836K) : deep mode is enabled.
2026-09-09 20:59:21 +0200: Memory Usage (457836K) : FEOL enabled: false
2026-09-09 20:59:21 +0200: Memory Usage (457836K) : BEOL enabled: false
2026-09-09 20:59:21 +0200: Memory Usage (457836K) : OFFGRID enabled: true
2026-09-09 20:59:21 +0200: Memory Usage (457836K) : ANGLE enabled: true
2026-09-09 20:59:21 +0200: Memory Usage (457836K) : PIN enabled: false
2026-09-09 20:59:21 +0200: Memory Usage (457836K) : FORBIDDEN enabled: false
2026-09-09 20:59:21 +0200: Memory Usage (457836K) : RECOMMENDED enabled: true
2026-09-09 20:59:21 +0200: Memory Usage (457836K) : PreCheck DRC enabled: false
2026-09-09 20:59:21 +0200: Memory Usage (457836K) : CONNECTIVITY_RULES enabled: false.
2026-09-09 20:59:21 +0200: Memory Usage (457836K) : Read in polygons from layers.
2026-09-09 20:59:21 +0200: Memory Usage (458792K) : activ_drw has 6 polygons
2026-09-09 20:59:21 +0200: Memory Usage (458792K) : activ_pin has 0 polygons
2026-09-09 20:59:21 +0200: Memory Usage (458792K) : activ_mask has 0 polygons
2026-09-09 20:59:21 +0200: Memory Usage (458792K) : activ_filler has 0 polygons
2026-09-09 20:59:21 +0200: Memory Usage (458792K) : activ_nofill has 0 polygons
2026-09-09 20:59:21 +0200: Memory Usage (458792K) : activ_opc has 0 polygons
2026-09-09 20:59:21 +0200: Memory Usage (458792K) : activ_iopc has 0 polygons
2026-09-09 20:59:21 +0200: Memory Usage (458792K) : activ_noqrc has 0 polygons
2026-09-09 20:59:21 +0200: Memory Usage (458792K) : biwind_drw has 0 polygons
2026-09-09 20:59:21 +0200: Memory Usage (458792K) : biwind_opc has 0 polygons
2026-09-09 20:59:21 +0200: Memory Usage (458792K) : pemwind_drw has 0 polygons
2026-09-09 20:59:21 +0200: Memory Usage (458984K) : gatpoly_drw has 5 polygons
2026-09-09 20:59:21 +0200: Memory Usage (458984K) : gatpoly_pin has 0 polygons
2026-09-09 20:59:21 +0200: Memory Usage (458984K) : gatpoly_filler has 0 polygons
2026-09-09 20:59:21 +0200: Memory Usage (458984K) : gatpoly_nofill has 0 polygons
2026-09-09 20:59:21 +0200: Memory Usage (459144K) : gatpoly_opc has 0 polygons
2026-09-09 20:59:21 +0200: Memory Usage (459144K) : gatpoly_iopc has 0 polygons
2026-09-09 20:59:21 +0200: Memory Usage (459144K) : gatpoly_noqrc has 0 polygons
2026-09-09 20:59:21 +0200: Memory Usage (459144K) : cont_drw has 49 polygons
2026-09-09 20:59:21 +0200: Memory Usage (459144K) : cont_opc has 0 polygons
2026-09-09 20:59:21 +0200: Memory Usage (459304K) : nsd_drw has 0 polygons
2026-09-09 20:59:21 +0200: Memory Usage (459304K) : nsd_block has 0 polygons
2026-09-09 20:59:21 +0200: Memory Usage (459496K) : metal1_drw has 16 polygons
2026-09-09 20:59:21 +0200: Memory Usage (459496K) : metal1_pin has 7 polygons
2026-09-09 20:59:21 +0200: Memory Usage (459496K) : metal1_mask has 0 polygons
2026-09-09 20:59:21 +0200: Memory Usage (459496K) : metal1_filler has 0 polygons
2026-09-09 20:59:21 +0200: Memory Usage (459656K) : metal1_nofill has 0 polygons
2026-09-09 20:59:21 +0200: Memory Usage (459656K) : metal1_slit has 0 polygons
2026-09-09 20:59:21 +0200: Memory Usage (460040K) : metal1_text has 7 polygons
2026-09-09 20:59:21 +0200: Memory Usage (460200K) : metal1_opc has 0 polygons
2026-09-09 20:59:21 +0200: Memory Usage (460200K) : metal1_noqrc has 0 polygons
2026-09-09 20:59:21 +0200: Memory Usage (460200K) : metal1_res has 0 polygons
2026-09-09 20:59:21 +0200: Memory Usage (460360K) : metal1_iprobe has 0 polygons
2026-09-09 20:59:21 +0200: Memory Usage (460360K) : metal1_diffprb has 0 polygons
2026-09-09 20:59:21 +0200: Memory Usage (460360K) : passiv_drw has 0 polygons
2026-09-09 20:59:21 +0200: Memory Usage (460520K) : passiv_pin has 0 polygons
2026-09-09 20:59:21 +0200: Memory Usage (460520K) : passiv_sbump has 0 polygons
2026-09-09 20:59:21 +0200: Memory Usage (460520K) : passiv_pillar has 0 polygons
2026-09-09 20:59:21 +0200: Memory Usage (460680K) : passiv_pdl has 0 polygons
2026-09-09 20:59:21 +0200: Memory Usage (460680K) : metal2_drw has 2 polygons
2026-09-09 20:59:21 +0200: Memory Usage (460680K) : metal2_pin has 0 polygons
2026-09-09 20:59:21 +0200: Memory Usage (460680K) : metal2_mask has 0 polygons
2026-09-09 20:59:21 +0200: Memory Usage (460680K) : metal2_filler has 0 polygons
2026-09-09 20:59:21 +0200: Memory Usage (460680K) : metal2_nofill has 0 polygons
2026-09-09 20:59:21 +0200: Memory Usage (460680K) : metal2_slit has 0 polygons
2026-09-09 20:59:21 +0200: Memory Usage (460680K) : metal2_text has 0 polygons
2026-09-09 20:59:21 +0200: Memory Usage (460680K) : metal2_opc has 0 polygons
2026-09-09 20:59:21 +0200: Memory Usage (460840K) : metal2_noqrc has 0 polygons
2026-09-09 20:59:21 +0200: Memory Usage (460840K) : metal2_res has 0 polygons
2026-09-09 20:59:21 +0200: Memory Usage (460840K) : metal2_iprobe has 0 polygons
2026-09-09 20:59:21 +0200: Memory Usage (460840K) : metal2_diffprb has 0 polygons
2026-09-09 20:59:21 +0200: Memory Usage (461000K) : baspoly_drw has 0 polygons
2026-09-09 20:59:21 +0200: Memory Usage (461000K) : baspoly_pin has 0 polygons
2026-09-09 20:59:21 +0200: Memory Usage (461000K) : psd_drw has 2 polygons
2026-09-09 20:59:21 +0200: Memory Usage (461000K) : nldb_drw has 0 polygons
2026-09-09 20:59:21 +0200: Memory Usage (461160K) : digibnd_drw has 0 polygons
2026-09-09 20:59:21 +0200: Memory Usage (461160K) : via1_drw has 2 polygons
2026-09-09 20:59:21 +0200: Memory Usage (461160K) : backmetal1_drw has 0 polygons
2026-09-09 20:59:21 +0200: Memory Usage (461320K) : backmetal1_pin has 0 polygons
2026-09-09 20:59:21 +0200: Memory Usage (461320K) : backmetal1_mask has 0 polygons
2026-09-09 20:59:21 +0200: Memory Usage (461320K) : backmetal1_filler has 0 polygons
2026-09-09 20:59:21 +0200: Memory Usage (461480K) : backmetal1_nofill has 0 polygons
2026-09-09 20:59:21 +0200: Memory Usage (461480K) : backmetal1_slit has 0 polygons
2026-09-09 20:59:21 +0200: Memory Usage (461480K) : backmetal1_text has 0 polygons
2026-09-09 20:59:21 +0200: Memory Usage (461640K) : backmetal1_opc has 0 polygons
2026-09-09 20:59:21 +0200: Memory Usage (461640K) : backmetal1_noqrc has 0 polygons
2026-09-09 20:59:21 +0200: Memory Usage (461800K) : backmetal1_res has 0 polygons
2026-09-09 20:59:21 +0200: Memory Usage (461800K) : backmetal1_iprobe has 0 polygons
2026-09-09 20:59:21 +0200: Memory Usage (461960K) : backmetal1_diffprb has 0 polygons
2026-09-09 20:59:21 +0200: Memory Usage (461960K) : backpassiv_drw has 0 polygons
2026-09-09 20:59:21 +0200: Memory Usage (462120K) : res_drw has 0 polygons
2026-09-09 20:59:21 +0200: Memory Usage (462120K) : sram_drw has 0 polygons
2026-09-09 20:59:21 +0200: Memory Usage (462120K) : trans_drw has 0 polygons
2026-09-09 20:59:21 +0200: Memory Usage (462280K) : ind_drw has 0 polygons
2026-09-09 20:59:21 +0200: Memory Usage (462280K) : ind_pin has 0 polygons
2026-09-09 20:59:21 +0200: Memory Usage (462280K) : ind_text has 0 polygons
2026-09-09 20:59:21 +0200: Memory Usage (462440K) : salblock_drw has 0 polygons
2026-09-09 20:59:21 +0200: Memory Usage (462440K) : via2_drw has 0 polygons
2026-09-09 20:59:21 +0200: Memory Usage (462440K) : metal3_drw has 0 polygons
2026-09-09 20:59:21 +0200: Memory Usage (462600K) : metal3_pin has 0 polygons
2026-09-09 20:59:21 +0200: Memory Usage (462600K) : metal3_mask has 0 polygons
2026-09-09 20:59:21 +0200: Memory Usage (462600K) : metal3_filler has 0 polygons
2026-09-09 20:59:21 +0200: Memory Usage (462760K) : metal3_nofill has 0 polygons
2026-09-09 20:59:21 +0200: Memory Usage (462760K) : metal3_slit has 0 polygons
2026-09-09 20:59:21 +0200: Memory Usage (462760K) : metal3_text has 0 polygons
2026-09-09 20:59:21 +0200: Memory Usage (462920K) : metal3_opc has 0 polygons
2026-09-09 20:59:21 +0200: Memory Usage (462920K) : metal3_noqrc has 0 polygons
2026-09-09 20:59:21 +0200: Memory Usage (463080K) : metal3_res has 0 polygons
2026-09-09 20:59:21 +0200: Memory Usage (463080K) : metal3_iprobe has 0 polygons
2026-09-09 20:59:21 +0200: Memory Usage (463240K) : metal3_diffprb has 0 polygons
2026-09-09 20:59:21 +0200: Memory Usage (463240K) : nwell_drw has 1 polygons
2026-09-09 20:59:21 +0200: Memory Usage (463240K) : nwell_pin has 0 polygons
2026-09-09 20:59:21 +0200: Memory Usage (463240K) : nbulay_drw has 0 polygons
2026-09-09 20:59:21 +0200: Memory Usage (463240K) : nbulay_pin has 0 polygons
2026-09-09 20:59:21 +0200: Memory Usage (463400K) : nbulay_block has 0 polygons
2026-09-09 20:59:21 +0200: Memory Usage (463400K) : emwind_drw has 0 polygons
2026-09-09 20:59:21 +0200: Memory Usage (463400K) : emwind_opc has 0 polygons
2026-09-09 20:59:21 +0200: Memory Usage (463400K) : deepco_drw has 0 polygons
2026-09-09 20:59:21 +0200: Memory Usage (463560K) : deepco_drw has 0 polygons
2026-09-09 20:59:21 +0200: Memory Usage (463560K) : mim_drw has 0 polygons
2026-09-09 20:59:21 +0200: Memory Usage (463560K) : edgeseal_drw has 0 polygons
2026-09-09 20:59:21 +0200: Memory Usage (463560K) : edgeseal_bound has 0 polygons
2026-09-09 20:59:21 +0200: Memory Usage (463560K) : substrate_drw has 0 polygons
2026-09-09 20:59:21 +0200: Memory Usage (463560K) : substrate_text has 0 polygons
2026-09-09 20:59:21 +0200: Memory Usage (463560K) : dfpad_drw has 0 polygons
2026-09-09 20:59:21 +0200: Memory Usage (463560K) : dfpad_pillar has 0 polygons
2026-09-09 20:59:21 +0200: Memory Usage (463720K) : dfpad_sbump has 0 polygons
2026-09-09 20:59:21 +0200: Memory Usage (463720K) : thickgateox_drw has 0 polygons
2026-09-09 20:59:21 +0200: Memory Usage (463720K) : pldb_drw has 0 polygons
2026-09-09 20:59:21 +0200: Memory Usage (463880K) : pwell_drw has 0 polygons
2026-09-09 20:59:21 +0200: Memory Usage (463880K) : pwell_pin has 0 polygons
2026-09-09 20:59:21 +0200: Memory Usage (463880K) : pwell_block has 0 polygons
2026-09-09 20:59:21 +0200: Memory Usage (464040K) : ic_drw has 0 polygons
2026-09-09 20:59:21 +0200: Memory Usage (464040K) : via3_drw has 0 polygons
2026-09-09 20:59:21 +0200: Memory Usage (464040K) : metal4_drw has 0 polygons
2026-09-09 20:59:21 +0200: Memory Usage (464200K) : metal4_pin has 0 polygons
2026-09-09 20:59:21 +0200: Memory Usage (464200K) : metal4_mask has 0 polygons
2026-09-09 20:59:21 +0200: Memory Usage (464200K) : metal4_filler has 0 polygons
2026-09-09 20:59:21 +0200: Memory Usage (464360K) : metal4_nofill has 0 polygons
2026-09-09 20:59:21 +0200: Memory Usage (464360K) : metal4_slit has 0 polygons
2026-09-09 20:59:21 +0200: Memory Usage (464360K) : metal4_text has 0 polygons
2026-09-09 20:59:21 +0200: Memory Usage (464520K) : metal4_opc has 0 polygons
2026-09-09 20:59:21 +0200: Memory Usage (464520K) : metal4_noqrc has 0 polygons
2026-09-09 20:59:21 +0200: Memory Usage (464520K) : metal4_res has 0 polygons
2026-09-09 20:59:21 +0200: Memory Usage (464680K) : metal4_iprobe has 0 polygons
2026-09-09 20:59:21 +0200: Memory Usage (464680K) : metal4_diffprb has 0 polygons
2026-09-09 20:59:21 +0200: Memory Usage (464840K) : heattrans_drw has 0 polygons
2026-09-09 20:59:21 +0200: Memory Usage (464840K) : heatres_drw has 0 polygons
2026-09-09 20:59:21 +0200: Memory Usage (464840K) : pempoly_drw has 0 polygons
2026-09-09 20:59:21 +0200: Memory Usage (465000K) : fbe_drw has 0 polygons
2026-09-09 20:59:21 +0200: Memory Usage (465000K) : empoly_drw has 0 polygons
2026-09-09 20:59:21 +0200: Memory Usage (465000K) : ldmos_drw has 0 polygons
2026-09-09 20:59:21 +0200: Memory Usage (465160K) : pbiwind_drw has 0 polygons
2026-09-09 20:59:21 +0200: Memory Usage (465160K) : digisub_drw has 0 polygons
2026-09-09 20:59:21 +0200: Memory Usage (465160K) : nodrc_drw has 0 polygons
2026-09-09 20:59:21 +0200: Memory Usage (465160K) : text_drw has 0 polygons
2026-09-09 20:59:21 +0200: Memory Usage (465320K) : via4_drw has 0 polygons
2026-09-09 20:59:21 +0200: Memory Usage (465320K) : metal5_drw has 0 polygons
2026-09-09 20:59:21 +0200: Memory Usage (465320K) : metal5_pin has 0 polygons
2026-09-09 20:59:21 +0200: Memory Usage (465320K) : metal5_mask has 0 polygons
2026-09-09 20:59:21 +0200: Memory Usage (465480K) : metal5_filler has 0 polygons
2026-09-09 20:59:21 +0200: Memory Usage (465480K) : metal5_nofill has 0 polygons
2026-09-09 20:59:21 +0200: Memory Usage (465480K) : metal5_slit has 0 polygons
2026-09-09 20:59:21 +0200: Memory Usage (465480K) : metal5_text has 0 polygons
2026-09-09 20:59:21 +0200: Memory Usage (465640K) : metal5_opc has 0 polygons
2026-09-09 20:59:21 +0200: Memory Usage (465640K) : metal5_noqrc has 0 polygons
2026-09-09 20:59:21 +0200: Memory Usage (465640K) : metal5_res has 0 polygons
2026-09-09 20:59:21 +0200: Memory Usage (465800K) : metal5_iprobe has 0 polygons
2026-09-09 20:59:21 +0200: Memory Usage (465800K) : metal5_diffprb has 0 polygons
2026-09-09 20:59:21 +0200: Memory Usage (465800K) : radhard_drw has 0 polygons
2026-09-09 20:59:21 +0200: Memory Usage (465960K) : memcap_drw has 0 polygons
2026-09-09 20:59:21 +0200: Memory Usage (465960K) : varicap_drw has 0 polygons
2026-09-09 20:59:21 +0200: Memory Usage (465960K) : flash_drw has 0 polygons
2026-09-09 20:59:21 +0200: Memory Usage (466120K) : intbondvia_drw has 0 polygons
2026-09-09 20:59:21 +0200: Memory Usage (466120K) : intbondmet_drw has 0 polygons
2026-09-09 20:59:21 +0200: Memory Usage (466120K) : devbondvia_drw has 0 polygons
2026-09-09 20:59:21 +0200: Memory Usage (466280K) : devbondmet_drw has 0 polygons
2026-09-09 20:59:21 +0200: Memory Usage (466280K) : devtrench_drw has 0 polygons
2026-09-09 20:59:21 +0200: Memory Usage (466440K) : redist_drw has 0 polygons
2026-09-09 20:59:21 +0200: Memory Usage (466440K) : graphbot_drw has 0 polygons
2026-09-09 20:59:21 +0200: Memory Usage (466440K) : graphtop_drw has 0 polygons
2026-09-09 20:59:21 +0200: Memory Usage (466600K) : antvia1_drw has 0 polygons
2026-09-09 20:59:21 +0200: Memory Usage (466600K) : antmetal2_drw has 0 polygons
2026-09-09 20:59:21 +0200: Memory Usage (466600K) : graphcont_drw has 0 polygons
2026-09-09 20:59:21 +0200: Memory Usage (466760K) : siwg_drw has 0 polygons
2026-09-09 20:59:21 +0200: Memory Usage (466760K) : siwg_filler has 0 polygons
2026-09-09 20:59:21 +0200: Memory Usage (466760K) : siwg_nofill has 0 polygons
2026-09-09 20:59:21 +0200: Memory Usage (466920K) : sigrating_drw has 0 polygons
2026-09-09 20:59:21 +0200: Memory Usage (466920K) : singrating_drw has 0 polygons
2026-09-09 20:59:21 +0200: Memory Usage (466920K) : graphpas_drw has 0 polygons
2026-09-09 20:59:21 +0200: Memory Usage (467080K) : emwind3_drw has 0 polygons
2026-09-09 20:59:21 +0200: Memory Usage (467080K) : emwihv3_drw has 0 polygons
2026-09-09 20:59:21 +0200: Memory Usage (467080K) : redbulay_drw has 0 polygons
2026-09-09 20:59:21 +0200: Memory Usage (467080K) : smos_drw has 0 polygons
2026-09-09 20:59:21 +0200: Memory Usage (467240K) : graphpad_drw has 0 polygons
2026-09-09 20:59:21 +0200: Memory Usage (467240K) : polimide_drw has 0 polygons
2026-09-09 20:59:21 +0200: Memory Usage (467240K) : polimide_pin has 0 polygons
2026-09-09 20:59:21 +0200: Memory Usage (467240K) : recog_drw has 0 polygons
2026-09-09 20:59:21 +0200: Memory Usage (467400K) : recog_pin has 0 polygons
2026-09-09 20:59:21 +0200: Memory Usage (467400K) : recog_esd has 0 polygons
2026-09-09 20:59:21 +0200: Memory Usage (467400K) : recog_diode has 0 polygons
2026-09-09 20:59:21 +0200: Memory Usage (467400K) : recog_tsv has 0 polygons
2026-09-09 20:59:21 +0200: Memory Usage (467560K) : recog_iprobe has 0 polygons
2026-09-09 20:59:21 +0200: Memory Usage (467560K) : recog_diffprb has 0 polygons
2026-09-09 20:59:21 +0200: Memory Usage (467560K) : recog_pillar has 0 polygons
2026-09-09 20:59:21 +0200: Memory Usage (467720K) : recog_sbump has 0 polygons
2026-09-09 20:59:21 +0200: Memory Usage (467720K) : recog_otp has 0 polygons
2026-09-09 20:59:21 +0200: Memory Usage (467720K) : recog_pdiode has 0 polygons
2026-09-09 20:59:21 +0200: Memory Usage (467880K) : recog_mom has 0 polygons
2026-09-09 20:59:21 +0200: Memory Usage (467880K) : recog_pcm has 0 polygons
2026-09-09 20:59:21 +0200: Memory Usage (467880K) : colopen_drw has 0 polygons
2026-09-09 20:59:21 +0200: Memory Usage (468040K) : graphmetal1_drw has 0 polygons
2026-09-09 20:59:21 +0200: Memory Usage (468040K) : graphmetal1_filler has 0 polygons
2026-09-09 20:59:21 +0200: Memory Usage (468040K) : graphmetal1_nofill has 0 polygons
2026-09-09 20:59:21 +0200: Memory Usage (468200K) : graphmetal1_slit has 0 polygons
2026-09-09 20:59:21 +0200: Memory Usage (468200K) : graphmetal1_opc has 0 polygons
2026-09-09 20:59:21 +0200: Memory Usage (468200K) : graphmet1l_drw has 0 polygons
2026-09-09 20:59:21 +0200: Memory Usage (468360K) : graphmet1l_filler has 0 polygons
2026-09-09 20:59:21 +0200: Memory Usage (468360K) : graphmet1l_nofill has 0 polygons
2026-09-09 20:59:21 +0200: Memory Usage (468360K) : graphmet1l_slit has 0 polygons
2026-09-09 20:59:21 +0200: Memory Usage (468520K) : graphmet1l_opc has 0 polygons
2026-09-09 20:59:21 +0200: Memory Usage (468520K) : extblock_drw has 0 polygons
2026-09-09 20:59:21 +0200: Memory Usage (468520K) : nldd_drw has 0 polygons
2026-09-09 20:59:21 +0200: Memory Usage (468680K) : pldd_drw has 0 polygons
2026-09-09 20:59:21 +0200: Memory Usage (468680K) : next_drw has 0 polygons
2026-09-09 20:59:21 +0200: Memory Usage (468680K) : pext_drw has 0 polygons
2026-09-09 20:59:21 +0200: Memory Usage (468840K) : nexthv_drw has 0 polygons
2026-09-09 20:59:21 +0200: Memory Usage (468840K) : pexthv_drw has 0 polygons
2026-09-09 20:59:21 +0200: Memory Usage (468840K) : graphgate_drw has 0 polygons
2026-09-09 20:59:21 +0200: Memory Usage (469000K) : sinwg_drw has 0 polygons
2026-09-09 20:59:21 +0200: Memory Usage (469000K) : sinwg_filler has 0 polygons
2026-09-09 20:59:21 +0200: Memory Usage (469000K) : sinwg_nofill has 0 polygons
2026-09-09 20:59:21 +0200: Memory Usage (469160K) : mempad_drw has 0 polygons
2026-09-09 20:59:21 +0200: Memory Usage (469160K) : topvia1_drw has 0 polygons
2026-09-09 20:59:21 +0200: Memory Usage (469160K) : topmetal1_drw has 0 polygons
2026-09-09 20:59:21 +0200: Memory Usage (469160K) : topmetal1_pin has 0 polygons
2026-09-09 20:59:21 +0200: Memory Usage (469160K) : topmetal1_mask has 0 polygons
2026-09-09 20:59:21 +0200: Memory Usage (469160K) : topmetal1_filler has 0 polygons
2026-09-09 20:59:21 +0200: Memory Usage (469160K) : topmetal1_nofill has 0 polygons
2026-09-09 20:59:21 +0200: Memory Usage (469160K) : topmetal1_slit has 0 polygons
2026-09-09 20:59:21 +0200: Memory Usage (469160K) : topmetal1_text has 0 polygons
2026-09-09 20:59:21 +0200: Memory Usage (469320K) : topmetal1_noqrc has 0 polygons
2026-09-09 20:59:21 +0200: Memory Usage (469320K) : topmetal1_res has 0 polygons
2026-09-09 20:59:21 +0200: Memory Usage (469320K) : topmetal1_iprobe has 0 polygons
2026-09-09 20:59:21 +0200: Memory Usage (469480K) : topmetal1_diffprb has 0 polygons
2026-09-09 20:59:21 +0200: Memory Usage (469480K) : inldpwl_drw has 0 polygons
2026-09-09 20:59:21 +0200: Memory Usage (469480K) : polyres_drw has 0 polygons
2026-09-09 20:59:21 +0200: Memory Usage (469640K) : polyres_pin has 0 polygons
2026-09-09 20:59:21 +0200: Memory Usage (469640K) : vmim_drw has 0 polygons
2026-09-09 20:59:21 +0200: Memory Usage (469640K) : nbulaycut_drw has 0 polygons
2026-09-09 20:59:21 +0200: Memory Usage (469800K) : antmetal1_drw has 0 polygons
2026-09-09 20:59:21 +0200: Memory Usage (469800K) : topvia2_drw has 0 polygons
2026-09-09 20:59:21 +0200: Memory Usage (469800K) : topmetal2_drw has 0 polygons
2026-09-09 20:59:21 +0200: Memory Usage (469960K) : topmetal2_pin has 0 polygons
2026-09-09 20:59:21 +0200: Memory Usage (469960K) : topmetal2_mask has 0 polygons
2026-09-09 20:59:21 +0200: Memory Usage (469960K) : topmetal2_filler has 0 polygons
2026-09-09 20:59:21 +0200: Memory Usage (470120K) : topmetal2_nofill has 0 polygons
2026-09-09 20:59:21 +0200: Memory Usage (470120K) : topmetal2_slit has 0 polygons
2026-09-09 20:59:21 +0200: Memory Usage (470120K) : topmetal2_text has 0 polygons
2026-09-09 20:59:21 +0200: Memory Usage (470280K) : topmetal2_noqrc has 0 polygons
2026-09-09 20:59:21 +0200: Memory Usage (470280K) : topmetal2_res has 0 polygons
2026-09-09 20:59:21 +0200: Memory Usage (470280K) : topmetal2_iprobe has 0 polygons
2026-09-09 20:59:21 +0200: Memory Usage (470440K) : topmetal2_diffprb has 0 polygons
2026-09-09 20:59:21 +0200: Memory Usage (470440K) : snsring_drw has 0 polygons
2026-09-09 20:59:21 +0200: Memory Usage (470440K) : sensor_drw has 0 polygons
2026-09-09 20:59:21 +0200: Memory Usage (470600K) : snsarms_drw has 0 polygons
2026-09-09 20:59:21 +0200: Memory Usage (470600K) : snscmosvia_drw has 0 polygons
2026-09-09 20:59:21 +0200: Memory Usage (470600K) : colwind_drw has 0 polygons
2026-09-09 20:59:21 +0200: Memory Usage (470600K) : flm_drw has 0 polygons
2026-09-09 20:59:21 +0200: Memory Usage (470760K) : hafniumox_drw has 0 polygons
2026-09-09 20:59:21 +0200: Memory Usage (470760K) : memvia_drw has 0 polygons
2026-09-09 20:59:21 +0200: Memory Usage (470760K) : thinfilmres_drw has 0 polygons
2026-09-09 20:59:21 +0200: Memory Usage (470920K) : rfmem_drw has 0 polygons
2026-09-09 20:59:21 +0200: Memory Usage (470920K) : norcx_drw has 0 polygons
2026-09-09 20:59:21 +0200: Memory Usage (470920K) : norcx_m2m3 has 0 polygons
2026-09-09 20:59:21 +0200: Memory Usage (471080K) : norcx_m2m4 has 0 polygons
2026-09-09 20:59:21 +0200: Memory Usage (471080K) : norcx_m2m5 has 0 polygons
2026-09-09 20:59:21 +0200: Memory Usage (471240K) : norcx_m2tm1 has 0 polygons
2026-09-09 20:59:21 +0200: Memory Usage (471240K) : norcx_m2tm2 has 0 polygons
2026-09-09 20:59:21 +0200: Memory Usage (471240K) : norcx_m3m4 has 0 polygons
2026-09-09 20:59:21 +0200: Memory Usage (471240K) : norcx_m3m5 has 0 polygons
2026-09-09 20:59:21 +0200: Memory Usage (471400K) : norcx_m3tm1 has 0 polygons
2026-09-09 20:59:21 +0200: Memory Usage (471400K) : norcx_m3tm2 has 0 polygons
2026-09-09 20:59:21 +0200: Memory Usage (471400K) : norcx_m4m5 has 0 polygons
2026-09-09 20:59:21 +0200: Memory Usage (471560K) : norcx_m4tm1 has 0 polygons
2026-09-09 20:59:21 +0200: Memory Usage (471560K) : norcx_m4tm2 has 0 polygons
2026-09-09 20:59:21 +0200: Memory Usage (471720K) : norcx_m5tm1 has 0 polygons
2026-09-09 20:59:21 +0200: Memory Usage (471720K) : norcx_m5tm2 has 0 polygons
2026-09-09 20:59:21 +0200: Memory Usage (471720K) : norcx_tm1tm2 has 0 polygons
2026-09-09 20:59:21 +0200: Memory Usage (471720K) : norcx_m1sub has 0 polygons
2026-09-09 20:59:21 +0200: Memory Usage (471880K) : norcx_m2sub has 0 polygons
2026-09-09 20:59:21 +0200: Memory Usage (471880K) : norcx_m3sub has 0 polygons
2026-09-09 20:59:21 +0200: Memory Usage (472040K) : norcx_m4sub has 0 polygons
2026-09-09 20:59:21 +0200: Memory Usage (472040K) : norcx_m5sub has 0 polygons
2026-09-09 20:59:21 +0200: Memory Usage (472040K) : norcx_tm1sub has 0 polygons
2026-09-09 20:59:21 +0200: Memory Usage (472200K) : norcx_tm2sub has 0 polygons
2026-09-09 20:59:21 +0200: Memory Usage (472200K) : snsbotvia_drw has 0 polygons
2026-09-09 20:59:21 +0200: Memory Usage (472200K) : snstopvia_drw has 0 polygons
2026-09-09 20:59:21 +0200: Memory Usage (472360K) : deepvia_drw has 0 polygons
2026-09-09 20:59:21 +0200: Memory Usage (472360K) : fgetch_drw has 0 polygons
2026-09-09 20:59:21 +0200: Memory Usage (472360K) : ctrgat_drw has 0 polygons
2026-09-09 20:59:21 +0200: Memory Usage (472520K) : fgimp_drw has 0 polygons
2026-09-09 20:59:21 +0200: Memory Usage (472520K) : emwihv_drw has 0 polygons
2026-09-09 20:59:21 +0200: Memory Usage (472520K) : lbe_drw has 0 polygons
2026-09-09 20:59:21 +0200: Memory Usage (472680K) : alcustop_drw has 0 polygons
2026-09-09 20:59:21 +0200: Memory Usage (472680K) : nometfiller_drw has 0 polygons
2026-09-09 20:59:21 +0200: Memory Usage (472680K) : prboundary_drw has 0 polygons
2026-09-09 20:59:21 +0200: Memory Usage (472840K) : exchange0_drw has 0 polygons
2026-09-09 20:59:21 +0200: Memory Usage (472840K) : exchange0_pin has 0 polygons
2026-09-09 20:59:21 +0200: Memory Usage (472840K) : exchange0_text has 0 polygons
2026-09-09 20:59:21 +0200: Memory Usage (473000K) : exchange1_drw has 0 polygons
2026-09-09 20:59:21 +0200: Memory Usage (473000K) : exchange1_pin has 0 polygons
2026-09-09 20:59:21 +0200: Memory Usage (473000K) : exchange1_text has 0 polygons
2026-09-09 20:59:21 +0200: Memory Usage (473160K) : exchange2_drw has 0 polygons
2026-09-09 20:59:21 +0200: Memory Usage (473160K) : exchange2_pin has 0 polygons
2026-09-09 20:59:21 +0200: Memory Usage (473160K) : exchange2_text has 0 polygons
2026-09-09 20:59:21 +0200: Memory Usage (473160K) : exchange3_drw has 0 polygons
2026-09-09 20:59:21 +0200: Memory Usage (473320K) : exchange3_pin has 0 polygons
2026-09-09 20:59:21 +0200: Memory Usage (473320K) : exchange3_text has 0 polygons
2026-09-09 20:59:21 +0200: Memory Usage (473320K) : exchange4_drw has 0 polygons
2026-09-09 20:59:21 +0200: Memory Usage (473480K) : exchange4_pin has 0 polygons
2026-09-09 20:59:21 +0200: Memory Usage (473480K) : exchange4_text has 0 polygons
2026-09-09 20:59:21 +0200: Memory Usage (473480K) : isonwell_drw has 0 polygons
2026-09-09 20:59:21 +0200: Memory Usage (473480K) : Total no. of polygons in the design is 97
2026-09-09 20:59:21 +0200: Memory Usage (473640K) : Loaded TECH DRC rules values from /foss/pdks/ihp-sg13g2/libs.tech/klayout/python/sg13g2_pycell_lib/sg13g2_tech_mod.json
2026-09-09 20:59:21 +0200: Memory Usage (473640K) : Loaded default DRC rules values from /foss/pdks/ihp-sg13g2/libs.tech/klayout/tech/drc/rule_decks/sg13g2_tech_default.json
2026-09-09 20:59:21 +0200: Memory Usage (473640K) : The following rules values were missing in tech json and default values were used:
2026-09-09 20:59:21 +0200: Memory Usage (473640K) :   - NW_f1_digibnd
2026-09-09 20:59:21 +0200: Memory Usage (473640K) :   - Cnt_c_digibnd
2026-09-09 20:59:21 +0200: Memory Usage (473640K) :   - Cnt_c_sram
2026-09-09 20:59:21 +0200: Memory Usage (473640K) :   - Sdiod_b
2026-09-09 20:59:21 +0200: Memory Usage (473640K) :   - Sdiod_c
2026-09-09 20:59:21 +0200: Memory Usage (474604K) : Total area of the design is 21.072 um^2.
2026-09-09 20:59:21 +0200: Memory Usage (474604K) : The design dimensions are 4.800000000000001 µm * 4.39 µm.
2026-09-09 20:59:21 +0200: Memory Usage (474604K) : Starting general IHP-SG13G2 derivations.
2026-09-09 20:59:21 +0200: Memory Usage (474604K) : Starting Pwell derivations
2026-09-09 20:59:21 +0200: Memory Usage (476636K) : Starting pad general derivations
2026-09-09 20:59:21 +0200: Memory Usage (476636K) : Starting IHP-SG13G2 DRC rules.
2026-09-09 20:59:21 +0200: Memory Usage (476636K) : Starting 6.9.1 Solder Bump
2026-09-09 20:59:21 +0200: Memory Usage (476636K) : Executing rule Padb.a
2026-09-09 20:59:21 +0200: Memory Usage (476988K) : Executing rule Padb.b
2026-09-09 20:59:21 +0200: Memory Usage (476988K) : Executing rule Padb.c
2026-09-09 20:59:21 +0200: Memory Usage (476988K) : Executing rule Padb.f
2026-09-09 20:59:21 +0200: Memory Usage (476988K) : Executing rule Padb.d
2026-09-09 20:59:21 +0200: Memory Usage (476988K) : KLayout DRC run for tables 'solderbump' completed in 0.22 seconds
