# Logfile created on 2026-09-09 20:59:20 +0200 by logger.rb/v1.5.3
2026-09-09 20:59:20 +0200: Memory Usage (457080K) : Starting running IHP-SG13G2 KLayout DRC runset on /foss/designs/aion_chip/flow/regress/AION_a21oi_nor2_1/baseline/reference_AION_a21oi_nor2_1.gds
2026-09-09 20:59:20 +0200: Memory Usage (457080K) : Ruby Version for klayout: 3.2.3
2026-09-09 20:59:20 +0200: Memory Usage (458068K) : Loading database to memory is complete.
2026-09-09 20:59:20 +0200: Memory Usage (458068K) : IHP-SG13G2 KLayout DRC runset output at: /foss/designs/aion_chip/flow/regress/AION_a21oi_nor2_1/baseline/drc/reference_AION_a21oi_nor2_1.klayout.drc/reference_AION_a21oi_nor2_1_reference_AION_a21oi_nor2_1_sealring.lyrdb
2026-09-09 20:59:20 +0200: Memory Usage (458068K) : Evaluate switches.
2026-09-09 20:59:20 +0200: Memory Usage (458068K) : tables selected: sealring
2026-09-09 20:59:20 +0200: Memory Usage (458068K) : KLayout will use 15 thread(s) in tiling mode.
2026-09-09 20:59:20 +0200: Memory Usage (458068K) : deep mode is enabled.
2026-09-09 20:59:20 +0200: Memory Usage (458068K) : FEOL enabled: false
2026-09-09 20:59:20 +0200: Memory Usage (458068K) : BEOL enabled: false
2026-09-09 20:59:20 +0200: Memory Usage (458068K) : OFFGRID enabled: true
2026-09-09 20:59:20 +0200: Memory Usage (458068K) : ANGLE enabled: true
2026-09-09 20:59:20 +0200: Memory Usage (458068K) : PIN enabled: false
2026-09-09 20:59:20 +0200: Memory Usage (458068K) : FORBIDDEN enabled: false
2026-09-09 20:59:20 +0200: Memory Usage (458068K) : RECOMMENDED enabled: true
2026-09-09 20:59:20 +0200: Memory Usage (458068K) : PreCheck DRC enabled: false
2026-09-09 20:59:20 +0200: Memory Usage (458068K) : CONNECTIVITY_RULES enabled: false.
2026-09-09 20:59:20 +0200: Memory Usage (458068K) : Read in polygons from layers.
2026-09-09 20:59:20 +0200: Memory Usage (459028K) : activ_drw has 6 polygons
2026-09-09 20:59:20 +0200: Memory Usage (459028K) : activ_pin has 0 polygons
2026-09-09 20:59:20 +0200: Memory Usage (459028K) : activ_mask has 0 polygons
2026-09-09 20:59:20 +0200: Memory Usage (459028K) : activ_filler has 0 polygons
2026-09-09 20:59:20 +0200: Memory Usage (459028K) : activ_nofill has 0 polygons
2026-09-09 20:59:20 +0200: Memory Usage (459028K) : activ_opc has 0 polygons
2026-09-09 20:59:20 +0200: Memory Usage (459028K) : activ_iopc has 0 polygons
2026-09-09 20:59:20 +0200: Memory Usage (459028K) : activ_noqrc has 0 polygons
2026-09-09 20:59:20 +0200: Memory Usage (459028K) : biwind_drw has 0 polygons
2026-09-09 20:59:20 +0200: Memory Usage (459028K) : biwind_opc has 0 polygons
2026-09-09 20:59:20 +0200: Memory Usage (459028K) : pemwind_drw has 0 polygons
2026-09-09 20:59:20 +0200: Memory Usage (459220K) : gatpoly_drw has 5 polygons
2026-09-09 20:59:20 +0200: Memory Usage (459220K) : gatpoly_pin has 0 polygons
2026-09-09 20:59:20 +0200: Memory Usage (459220K) : gatpoly_filler has 0 polygons
2026-09-09 20:59:20 +0200: Memory Usage (459220K) : gatpoly_nofill has 0 polygons
2026-09-09 20:59:20 +0200: Memory Usage (459220K) : gatpoly_opc has 0 polygons
2026-09-09 20:59:20 +0200: Memory Usage (459220K) : gatpoly_iopc has 0 polygons
2026-09-09 20:59:20 +0200: Memory Usage (459220K) : gatpoly_noqrc has 0 polygons
2026-09-09 20:59:20 +0200: Memory Usage (459220K) : cont_drw has 49 polygons
2026-09-09 20:59:20 +0200: Memory Usage (459380K) : cont_opc has 0 polygons
2026-09-09 20:59:20 +0200: Memory Usage (459380K) : nsd_drw has 0 polygons
2026-09-09 20:59:20 +0200: Memory Usage (459380K) : nsd_block has 0 polygons
2026-09-09 20:59:20 +0200: Memory Usage (459764K) : metal1_drw has 16 polygons
2026-09-09 20:59:20 +0200: Memory Usage (459764K) : metal1_pin has 7 polygons
2026-09-09 20:59:20 +0200: Memory Usage (459764K) : metal1_mask has 0 polygons
2026-09-09 20:59:20 +0200: Memory Usage (459924K) : metal1_filler has 0 polygons
2026-09-09 20:59:20 +0200: Memory Usage (459924K) : metal1_nofill has 0 polygons
2026-09-09 20:59:20 +0200: Memory Usage (459924K) : metal1_slit has 0 polygons
2026-09-09 20:59:20 +0200: Memory Usage (460276K) : metal1_text has 7 polygons
2026-09-09 20:59:20 +0200: Memory Usage (460276K) : metal1_opc has 0 polygons
2026-09-09 20:59:20 +0200: Memory Usage (460276K) : metal1_noqrc has 0 polygons
2026-09-09 20:59:20 +0200: Memory Usage (460436K) : metal1_res has 0 polygons
2026-09-09 20:59:20 +0200: Memory Usage (460436K) : metal1_iprobe has 0 polygons
2026-09-09 20:59:20 +0200: Memory Usage (460436K) : metal1_diffprb has 0 polygons
2026-09-09 20:59:20 +0200: Memory Usage (460596K) : passiv_drw has 0 polygons
2026-09-09 20:59:20 +0200: Memory Usage (460596K) : passiv_pin has 0 polygons
2026-09-09 20:59:20 +0200: Memory Usage (460596K) : passiv_sbump has 0 polygons
2026-09-09 20:59:20 +0200: Memory Usage (460756K) : passiv_pillar has 0 polygons
2026-09-09 20:59:20 +0200: Memory Usage (460756K) : passiv_pdl has 0 polygons
2026-09-09 20:59:20 +0200: Memory Usage (460756K) : metal2_drw has 2 polygons
2026-09-09 20:59:20 +0200: Memory Usage (460756K) : metal2_pin has 0 polygons
2026-09-09 20:59:20 +0200: Memory Usage (460756K) : metal2_mask has 0 polygons
2026-09-09 20:59:20 +0200: Memory Usage (460756K) : metal2_filler has 0 polygons
2026-09-09 20:59:20 +0200: Memory Usage (460756K) : metal2_nofill has 0 polygons
2026-09-09 20:59:20 +0200: Memory Usage (460756K) : metal2_slit has 0 polygons
2026-09-09 20:59:20 +0200: Memory Usage (460756K) : metal2_text has 0 polygons
2026-09-09 20:59:20 +0200: Memory Usage (460756K) : metal2_opc has 0 polygons
2026-09-09 20:59:20 +0200: Memory Usage (461076K) : metal2_noqrc has 0 polygons
2026-09-09 20:59:20 +0200: Memory Usage (461076K) : metal2_res has 0 polygons
2026-09-09 20:59:20 +0200: Memory Usage (461076K) : metal2_iprobe has 0 polygons
2026-09-09 20:59:20 +0200: Memory Usage (461076K) : metal2_diffprb has 0 polygons
2026-09-09 20:59:20 +0200: Memory Usage (461076K) : baspoly_drw has 0 polygons
2026-09-09 20:59:20 +0200: Memory Usage (461076K) : baspoly_pin has 0 polygons
2026-09-09 20:59:20 +0200: Memory Usage (461076K) : psd_drw has 2 polygons
2026-09-09 20:59:20 +0200: Memory Usage (461236K) : nldb_drw has 0 polygons
2026-09-09 20:59:20 +0200: Memory Usage (461236K) : digibnd_drw has 0 polygons
2026-09-09 20:59:20 +0200: Memory Usage (461236K) : via1_drw has 2 polygons
2026-09-09 20:59:20 +0200: Memory Usage (461396K) : backmetal1_drw has 0 polygons
2026-09-09 20:59:20 +0200: Memory Usage (461396K) : backmetal1_pin has 0 polygons
2026-09-09 20:59:20 +0200: Memory Usage (461556K) : backmetal1_mask has 0 polygons
2026-09-09 20:59:20 +0200: Memory Usage (461556K) : backmetal1_filler has 0 polygons
2026-09-09 20:59:20 +0200: Memory Usage (461556K) : backmetal1_nofill has 0 polygons
2026-09-09 20:59:20 +0200: Memory Usage (461716K) : backmetal1_slit has 0 polygons
2026-09-09 20:59:20 +0200: Memory Usage (461716K) : backmetal1_text has 0 polygons
2026-09-09 20:59:20 +0200: Memory Usage (461716K) : backmetal1_opc has 0 polygons
2026-09-09 20:59:20 +0200: Memory Usage (461876K) : backmetal1_noqrc has 0 polygons
2026-09-09 20:59:20 +0200: Memory Usage (461876K) : backmetal1_res has 0 polygons
2026-09-09 20:59:20 +0200: Memory Usage (462036K) : backmetal1_iprobe has 0 polygons
2026-09-09 20:59:20 +0200: Memory Usage (462036K) : backmetal1_diffprb has 0 polygons
2026-09-09 20:59:20 +0200: Memory Usage (462196K) : backpassiv_drw has 0 polygons
2026-09-09 20:59:20 +0200: Memory Usage (462196K) : res_drw has 0 polygons
2026-09-09 20:59:20 +0200: Memory Usage (462196K) : sram_drw has 0 polygons
2026-09-09 20:59:20 +0200: Memory Usage (462356K) : trans_drw has 0 polygons
2026-09-09 20:59:20 +0200: Memory Usage (462356K) : ind_drw has 0 polygons
2026-09-09 20:59:20 +0200: Memory Usage (462356K) : ind_pin has 0 polygons
2026-09-09 20:59:20 +0200: Memory Usage (462516K) : ind_text has 0 polygons
2026-09-09 20:59:20 +0200: Memory Usage (462516K) : salblock_drw has 0 polygons
2026-09-09 20:59:20 +0200: Memory Usage (462676K) : via2_drw has 0 polygons
2026-09-09 20:59:20 +0200: Memory Usage (462676K) : metal3_drw has 0 polygons
2026-09-09 20:59:20 +0200: Memory Usage (462676K) : metal3_pin has 0 polygons
2026-09-09 20:59:20 +0200: Memory Usage (462836K) : metal3_mask has 0 polygons
2026-09-09 20:59:20 +0200: Memory Usage (462836K) : metal3_filler has 0 polygons
2026-09-09 20:59:20 +0200: Memory Usage (462836K) : metal3_nofill has 0 polygons
2026-09-09 20:59:20 +0200: Memory Usage (462996K) : metal3_slit has 0 polygons
2026-09-09 20:59:20 +0200: Memory Usage (462996K) : metal3_text has 0 polygons
2026-09-09 20:59:20 +0200: Memory Usage (463156K) : metal3_opc has 0 polygons
2026-09-09 20:59:20 +0200: Memory Usage (463156K) : metal3_noqrc has 0 polygons
2026-09-09 20:59:20 +0200: Memory Usage (463156K) : metal3_res has 0 polygons
2026-09-09 20:59:20 +0200: Memory Usage (463156K) : metal3_iprobe has 0 polygons
2026-09-09 20:59:20 +0200: Memory Usage (463316K) : metal3_diffprb has 0 polygons
2026-09-09 20:59:20 +0200: Memory Usage (463316K) : nwell_drw has 1 polygons
2026-09-09 20:59:20 +0200: Memory Usage (463316K) : nwell_pin has 0 polygons
2026-09-09 20:59:20 +0200: Memory Usage (463316K) : nbulay_drw has 0 polygons
2026-09-09 20:59:20 +0200: Memory Usage (463476K) : nbulay_pin has 0 polygons
2026-09-09 20:59:20 +0200: Memory Usage (463476K) : nbulay_block has 0 polygons
2026-09-09 20:59:20 +0200: Memory Usage (463476K) : emwind_drw has 0 polygons
2026-09-09 20:59:20 +0200: Memory Usage (463476K) : emwind_opc has 0 polygons
2026-09-09 20:59:20 +0200: Memory Usage (463636K) : deepco_drw has 0 polygons
2026-09-09 20:59:20 +0200: Memory Usage (463636K) : deepco_drw has 0 polygons
2026-09-09 20:59:20 +0200: Memory Usage (463636K) : mim_drw has 0 polygons
2026-09-09 20:59:20 +0200: Memory Usage (463636K) : edgeseal_drw has 0 polygons
2026-09-09 20:59:20 +0200: Memory Usage (463636K) : edgeseal_bound has 0 polygons
2026-09-09 20:59:20 +0200: Memory Usage (463796K) : substrate_drw has 0 polygons
2026-09-09 20:59:20 +0200: Memory Usage (463796K) : substrate_text has 0 polygons
2026-09-09 20:59:20 +0200: Memory Usage (463796K) : dfpad_drw has 0 polygons
2026-09-09 20:59:20 +0200: Memory Usage (463956K) : dfpad_pillar has 0 polygons
2026-09-09 20:59:20 +0200: Memory Usage (463956K) : dfpad_sbump has 0 polygons
2026-09-09 20:59:20 +0200: Memory Usage (463956K) : thickgateox_drw has 0 polygons
2026-09-09 20:59:20 +0200: Memory Usage (463956K) : pldb_drw has 0 polygons
2026-09-09 20:59:20 +0200: Memory Usage (464116K) : pwell_drw has 0 polygons
2026-09-09 20:59:20 +0200: Memory Usage (464116K) : pwell_pin has 0 polygons
2026-09-09 20:59:20 +0200: Memory Usage (464276K) : pwell_block has 0 polygons
2026-09-09 20:59:20 +0200: Memory Usage (464276K) : ic_drw has 0 polygons
2026-09-09 20:59:20 +0200: Memory Usage (464276K) : via3_drw has 0 polygons
2026-09-09 20:59:20 +0200: Memory Usage (464436K) : metal4_drw has 0 polygons
2026-09-09 20:59:20 +0200: Memory Usage (464436K) : metal4_pin has 0 polygons
2026-09-09 20:59:20 +0200: Memory Usage (464436K) : metal4_mask has 0 polygons
2026-09-09 20:59:20 +0200: Memory Usage (464596K) : metal4_filler has 0 polygons
2026-09-09 20:59:20 +0200: Memory Usage (464596K) : metal4_nofill has 0 polygons
2026-09-09 20:59:20 +0200: Memory Usage (464596K) : metal4_slit has 0 polygons
2026-09-09 20:59:20 +0200: Memory Usage (464756K) : metal4_text has 0 polygons
2026-09-09 20:59:20 +0200: Memory Usage (464756K) : metal4_opc has 0 polygons
2026-09-09 20:59:20 +0200: Memory Usage (464756K) : metal4_noqrc has 0 polygons
2026-09-09 20:59:20 +0200: Memory Usage (464916K) : metal4_res has 0 polygons
2026-09-09 20:59:20 +0200: Memory Usage (464916K) : metal4_iprobe has 0 polygons
2026-09-09 20:59:20 +0200: Memory Usage (464916K) : metal4_diffprb has 0 polygons
2026-09-09 20:59:20 +0200: Memory Usage (465076K) : heattrans_drw has 0 polygons
2026-09-09 20:59:20 +0200: Memory Usage (465076K) : heatres_drw has 0 polygons
2026-09-09 20:59:20 +0200: Memory Usage (465076K) : pempoly_drw has 0 polygons
2026-09-09 20:59:20 +0200: Memory Usage (465236K) : fbe_drw has 0 polygons
2026-09-09 20:59:20 +0200: Memory Usage (465236K) : empoly_drw has 0 polygons
2026-09-09 20:59:20 +0200: Memory Usage (465236K) : ldmos_drw has 0 polygons
2026-09-09 20:59:20 +0200: Memory Usage (465236K) : pbiwind_drw has 0 polygons
2026-09-09 20:59:20 +0200: Memory Usage (465396K) : digisub_drw has 0 polygons
2026-09-09 20:59:20 +0200: Memory Usage (465396K) : nodrc_drw has 0 polygons
2026-09-09 20:59:20 +0200: Memory Usage (465396K) : text_drw has 0 polygons
2026-09-09 20:59:20 +0200: Memory Usage (465396K) : via4_drw has 0 polygons
2026-09-09 20:59:20 +0200: Memory Usage (465556K) : metal5_drw has 0 polygons
2026-09-09 20:59:20 +0200: Memory Usage (465556K) : metal5_pin has 0 polygons
2026-09-09 20:59:20 +0200: Memory Usage (465556K) : metal5_mask has 0 polygons
2026-09-09 20:59:20 +0200: Memory Usage (465716K) : metal5_filler has 0 polygons
2026-09-09 20:59:20 +0200: Memory Usage (465716K) : metal5_nofill has 0 polygons
2026-09-09 20:59:20 +0200: Memory Usage (465716K) : metal5_slit has 0 polygons
2026-09-09 20:59:20 +0200: Memory Usage (465876K) : metal5_text has 0 polygons
2026-09-09 20:59:20 +0200: Memory Usage (465876K) : metal5_opc has 0 polygons
2026-09-09 20:59:20 +0200: Memory Usage (465876K) : metal5_noqrc has 0 polygons
2026-09-09 20:59:20 +0200: Memory Usage (466036K) : metal5_res has 0 polygons
2026-09-09 20:59:20 +0200: Memory Usage (466036K) : metal5_iprobe has 0 polygons
2026-09-09 20:59:20 +0200: Memory Usage (466036K) : metal5_diffprb has 0 polygons
2026-09-09 20:59:20 +0200: Memory Usage (466196K) : radhard_drw has 0 polygons
2026-09-09 20:59:20 +0200: Memory Usage (466196K) : memcap_drw has 0 polygons
2026-09-09 20:59:20 +0200: Memory Usage (466196K) : varicap_drw has 0 polygons
2026-09-09 20:59:20 +0200: Memory Usage (466356K) : flash_drw has 0 polygons
2026-09-09 20:59:20 +0200: Memory Usage (466356K) : intbondvia_drw has 0 polygons
2026-09-09 20:59:20 +0200: Memory Usage (466356K) : intbondmet_drw has 0 polygons
2026-09-09 20:59:20 +0200: Memory Usage (466516K) : devbondvia_drw has 0 polygons
2026-09-09 20:59:20 +0200: Memory Usage (466516K) : devbondmet_drw has 0 polygons
2026-09-09 20:59:20 +0200: Memory Usage (466516K) : devtrench_drw has 0 polygons
2026-09-09 20:59:20 +0200: Memory Usage (466676K) : redist_drw has 0 polygons
2026-09-09 20:59:20 +0200: Memory Usage (466676K) : graphbot_drw has 0 polygons
2026-09-09 20:59:20 +0200: Memory Usage (466676K) : graphtop_drw has 0 polygons
2026-09-09 20:59:20 +0200: Memory Usage (466836K) : antvia1_drw has 0 polygons
2026-09-09 20:59:20 +0200: Memory Usage (466836K) : antmetal2_drw has 0 polygons
2026-09-09 20:59:20 +0200: Memory Usage (466836K) : graphcont_drw has 0 polygons
2026-09-09 20:59:20 +0200: Memory Usage (466996K) : siwg_drw has 0 polygons
2026-09-09 20:59:20 +0200: Memory Usage (466996K) : siwg_filler has 0 polygons
2026-09-09 20:59:20 +0200: Memory Usage (466996K) : siwg_nofill has 0 polygons
2026-09-09 20:59:20 +0200: Memory Usage (467156K) : sigrating_drw has 0 polygons
2026-09-09 20:59:20 +0200: Memory Usage (467156K) : singrating_drw has 0 polygons
2026-09-09 20:59:20 +0200: Memory Usage (467156K) : graphpas_drw has 0 polygons
2026-09-09 20:59:20 +0200: Memory Usage (467156K) : emwind3_drw has 0 polygons
2026-09-09 20:59:20 +0200: Memory Usage (467316K) : emwihv3_drw has 0 polygons
2026-09-09 20:59:20 +0200: Memory Usage (467316K) : redbulay_drw has 0 polygons
2026-09-09 20:59:20 +0200: Memory Usage (467316K) : smos_drw has 0 polygons
2026-09-09 20:59:20 +0200: Memory Usage (467316K) : graphpad_drw has 0 polygons
2026-09-09 20:59:20 +0200: Memory Usage (467476K) : polimide_drw has 0 polygons
2026-09-09 20:59:20 +0200: Memory Usage (467476K) : polimide_pin has 0 polygons
2026-09-09 20:59:20 +0200: Memory Usage (467476K) : recog_drw has 0 polygons
2026-09-09 20:59:20 +0200: Memory Usage (467636K) : recog_pin has 0 polygons
2026-09-09 20:59:20 +0200: Memory Usage (467636K) : recog_esd has 0 polygons
2026-09-09 20:59:20 +0200: Memory Usage (467636K) : recog_diode has 0 polygons
2026-09-09 20:59:20 +0200: Memory Usage (467796K) : recog_tsv has 0 polygons
2026-09-09 20:59:20 +0200: Memory Usage (467796K) : recog_iprobe has 0 polygons
2026-09-09 20:59:20 +0200: Memory Usage (467796K) : recog_diffprb has 0 polygons
2026-09-09 20:59:20 +0200: Memory Usage (467956K) : recog_pillar has 0 polygons
2026-09-09 20:59:20 +0200: Memory Usage (467956K) : recog_sbump has 0 polygons
2026-09-09 20:59:20 +0200: Memory Usage (467956K) : recog_otp has 0 polygons
2026-09-09 20:59:20 +0200: Memory Usage (468116K) : recog_pdiode has 0 polygons
2026-09-09 20:59:20 +0200: Memory Usage (468116K) : recog_mom has 0 polygons
2026-09-09 20:59:20 +0200: Memory Usage (468116K) : recog_pcm has 0 polygons
2026-09-09 20:59:20 +0200: Memory Usage (468276K) : colopen_drw has 0 polygons
2026-09-09 20:59:20 +0200: Memory Usage (468276K) : graphmetal1_drw has 0 polygons
2026-09-09 20:59:20 +0200: Memory Usage (468276K) : graphmetal1_filler has 0 polygons
2026-09-09 20:59:20 +0200: Memory Usage (468436K) : graphmetal1_nofill has 0 polygons
2026-09-09 20:59:20 +0200: Memory Usage (468436K) : graphmetal1_slit has 0 polygons
2026-09-09 20:59:20 +0200: Memory Usage (468436K) : graphmetal1_opc has 0 polygons
2026-09-09 20:59:20 +0200: Memory Usage (468596K) : graphmet1l_drw has 0 polygons
2026-09-09 20:59:20 +0200: Memory Usage (468596K) : graphmet1l_filler has 0 polygons
2026-09-09 20:59:20 +0200: Memory Usage (468596K) : graphmet1l_nofill has 0 polygons
2026-09-09 20:59:20 +0200: Memory Usage (468756K) : graphmet1l_slit has 0 polygons
2026-09-09 20:59:20 +0200: Memory Usage (468756K) : graphmet1l_opc has 0 polygons
2026-09-09 20:59:20 +0200: Memory Usage (468756K) : extblock_drw has 0 polygons
2026-09-09 20:59:20 +0200: Memory Usage (468916K) : nldd_drw has 0 polygons
2026-09-09 20:59:20 +0200: Memory Usage (468916K) : pldd_drw has 0 polygons
2026-09-09 20:59:20 +0200: Memory Usage (468916K) : next_drw has 0 polygons
2026-09-09 20:59:20 +0200: Memory Usage (469076K) : pext_drw has 0 polygons
2026-09-09 20:59:20 +0200: Memory Usage (469076K) : nexthv_drw has 0 polygons
2026-09-09 20:59:20 +0200: Memory Usage (469076K) : pexthv_drw has 0 polygons
2026-09-09 20:59:20 +0200: Memory Usage (469236K) : graphgate_drw has 0 polygons
2026-09-09 20:59:20 +0200: Memory Usage (469236K) : sinwg_drw has 0 polygons
2026-09-09 20:59:20 +0200: Memory Usage (469236K) : sinwg_filler has 0 polygons
2026-09-09 20:59:20 +0200: Memory Usage (469396K) : sinwg_nofill has 0 polygons
2026-09-09 20:59:20 +0200: Memory Usage (469396K) : mempad_drw has 0 polygons
2026-09-09 20:59:20 +0200: Memory Usage (469396K) : topvia1_drw has 0 polygons
2026-09-09 20:59:20 +0200: Memory Usage (469396K) : topmetal1_drw has 0 polygons
2026-09-09 20:59:20 +0200: Memory Usage (469396K) : topmetal1_pin has 0 polygons
2026-09-09 20:59:20 +0200: Memory Usage (469396K) : topmetal1_mask has 0 polygons
2026-09-09 20:59:20 +0200: Memory Usage (469396K) : topmetal1_filler has 0 polygons
2026-09-09 20:59:20 +0200: Memory Usage (469396K) : topmetal1_nofill has 0 polygons
2026-09-09 20:59:20 +0200: Memory Usage (469396K) : topmetal1_slit has 0 polygons
2026-09-09 20:59:20 +0200: Memory Usage (469396K) : topmetal1_text has 0 polygons
2026-09-09 20:59:20 +0200: Memory Usage (469556K) : topmetal1_noqrc has 0 polygons
2026-09-09 20:59:20 +0200: Memory Usage (469556K) : topmetal1_res has 0 polygons
2026-09-09 20:59:20 +0200: Memory Usage (469556K) : topmetal1_iprobe has 0 polygons
2026-09-09 20:59:20 +0200: Memory Usage (469716K) : topmetal1_diffprb has 0 polygons
2026-09-09 20:59:20 +0200: Memory Usage (469716K) : inldpwl_drw has 0 polygons
2026-09-09 20:59:20 +0200: Memory Usage (469716K) : polyres_drw has 0 polygons
2026-09-09 20:59:20 +0200: Memory Usage (469876K) : polyres_pin has 0 polygons
2026-09-09 20:59:20 +0200: Memory Usage (469876K) : vmim_drw has 0 polygons
2026-09-09 20:59:20 +0200: Memory Usage (469876K) : nbulaycut_drw has 0 polygons
2026-09-09 20:59:20 +0200: Memory Usage (470036K) : antmetal1_drw has 0 polygons
2026-09-09 20:59:20 +0200: Memory Usage (470036K) : topvia2_drw has 0 polygons
2026-09-09 20:59:20 +0200: Memory Usage (470036K) : topmetal2_drw has 0 polygons
2026-09-09 20:59:20 +0200: Memory Usage (470196K) : topmetal2_pin has 0 polygons
2026-09-09 20:59:20 +0200: Memory Usage (470196K) : topmetal2_mask has 0 polygons
2026-09-09 20:59:20 +0200: Memory Usage (470196K) : topmetal2_filler has 0 polygons
2026-09-09 20:59:20 +0200: Memory Usage (470356K) : topmetal2_nofill has 0 polygons
2026-09-09 20:59:20 +0200: Memory Usage (470356K) : topmetal2_slit has 0 polygons
2026-09-09 20:59:20 +0200: Memory Usage (470356K) : topmetal2_text has 0 polygons
2026-09-09 20:59:20 +0200: Memory Usage (470516K) : topmetal2_noqrc has 0 polygons
2026-09-09 20:59:20 +0200: Memory Usage (470516K) : topmetal2_res has 0 polygons
2026-09-09 20:59:20 +0200: Memory Usage (470516K) : topmetal2_iprobe has 0 polygons
2026-09-09 20:59:20 +0200: Memory Usage (470676K) : topmetal2_diffprb has 0 polygons
2026-09-09 20:59:20 +0200: Memory Usage (470676K) : snsring_drw has 0 polygons
2026-09-09 20:59:20 +0200: Memory Usage (470676K) : sensor_drw has 0 polygons
2026-09-09 20:59:20 +0200: Memory Usage (470836K) : snsarms_drw has 0 polygons
2026-09-09 20:59:20 +0200: Memory Usage (470836K) : snscmosvia_drw has 0 polygons
2026-09-09 20:59:20 +0200: Memory Usage (470836K) : colwind_drw has 0 polygons
2026-09-09 20:59:20 +0200: Memory Usage (470996K) : flm_drw has 0 polygons
2026-09-09 20:59:20 +0200: Memory Usage (470996K) : hafniumox_drw has 0 polygons
2026-09-09 20:59:20 +0200: Memory Usage (470996K) : memvia_drw has 0 polygons
2026-09-09 20:59:20 +0200: Memory Usage (471156K) : thinfilmres_drw has 0 polygons
2026-09-09 20:59:20 +0200: Memory Usage (471156K) : rfmem_drw has 0 polygons
2026-09-09 20:59:20 +0200: Memory Usage (471156K) : norcx_drw has 0 polygons
2026-09-09 20:59:20 +0200: Memory Usage (471316K) : norcx_m2m3 has 0 polygons
2026-09-09 20:59:20 +0200: Memory Usage (471316K) : norcx_m2m4 has 0 polygons
2026-09-09 20:59:20 +0200: Memory Usage (471316K) : norcx_m2m5 has 0 polygons
2026-09-09 20:59:20 +0200: Memory Usage (471476K) : norcx_m2tm1 has 0 polygons
2026-09-09 20:59:20 +0200: Memory Usage (471476K) : norcx_m2tm2 has 0 polygons
2026-09-09 20:59:20 +0200: Memory Usage (471476K) : norcx_m3m4 has 0 polygons
2026-09-09 20:59:20 +0200: Memory Usage (471636K) : norcx_m3m5 has 0 polygons
2026-09-09 20:59:20 +0200: Memory Usage (471636K) : norcx_m3tm1 has 0 polygons
2026-09-09 20:59:20 +0200: Memory Usage (471636K) : norcx_m3tm2 has 0 polygons
2026-09-09 20:59:20 +0200: Memory Usage (471796K) : norcx_m4m5 has 0 polygons
2026-09-09 20:59:20 +0200: Memory Usage (471796K) : norcx_m4tm1 has 0 polygons
2026-09-09 20:59:20 +0200: Memory Usage (471956K) : norcx_m4tm2 has 0 polygons
2026-09-09 20:59:20 +0200: Memory Usage (471956K) : norcx_m5tm1 has 0 polygons
2026-09-09 20:59:20 +0200: Memory Usage (471956K) : norcx_m5tm2 has 0 polygons
2026-09-09 20:59:20 +0200: Memory Usage (472116K) : norcx_tm1tm2 has 0 polygons
2026-09-09 20:59:20 +0200: Memory Usage (472116K) : norcx_m1sub has 0 polygons
2026-09-09 20:59:20 +0200: Memory Usage (472116K) : norcx_m2sub has 0 polygons
2026-09-09 20:59:20 +0200: Memory Usage (472276K) : norcx_m3sub has 0 polygons
2026-09-09 20:59:20 +0200: Memory Usage (472276K) : norcx_m4sub has 0 polygons
2026-09-09 20:59:20 +0200: Memory Usage (472276K) : norcx_m5sub has 0 polygons
2026-09-09 20:59:20 +0200: Memory Usage (472436K) : norcx_tm1sub has 0 polygons
2026-09-09 20:59:20 +0200: Memory Usage (472436K) : norcx_tm2sub has 0 polygons
2026-09-09 20:59:20 +0200: Memory Usage (472436K) : snsbotvia_drw has 0 polygons
2026-09-09 20:59:20 +0200: Memory Usage (472596K) : snstopvia_drw has 0 polygons
2026-09-09 20:59:20 +0200: Memory Usage (472596K) : deepvia_drw has 0 polygons
2026-09-09 20:59:20 +0200: Memory Usage (472596K) : fgetch_drw has 0 polygons
2026-09-09 20:59:20 +0200: Memory Usage (472756K) : ctrgat_drw has 0 polygons
2026-09-09 20:59:20 +0200: Memory Usage (472756K) : fgimp_drw has 0 polygons
2026-09-09 20:59:20 +0200: Memory Usage (472756K) : emwihv_drw has 0 polygons
2026-09-09 20:59:20 +0200: Memory Usage (472916K) : lbe_drw has 0 polygons
2026-09-09 20:59:20 +0200: Memory Usage (472916K) : alcustop_drw has 0 polygons
2026-09-09 20:59:20 +0200: Memory Usage (472916K) : nometfiller_drw has 0 polygons
2026-09-09 20:59:20 +0200: Memory Usage (473076K) : prboundary_drw has 0 polygons
2026-09-09 20:59:20 +0200: Memory Usage (473076K) : exchange0_drw has 0 polygons
2026-09-09 20:59:20 +0200: Memory Usage (473076K) : exchange0_pin has 0 polygons
2026-09-09 20:59:20 +0200: Memory Usage (473236K) : exchange0_text has 0 polygons
2026-09-09 20:59:20 +0200: Memory Usage (473236K) : exchange1_drw has 0 polygons
2026-09-09 20:59:20 +0200: Memory Usage (473236K) : exchange1_pin has 0 polygons
2026-09-09 20:59:20 +0200: Memory Usage (473396K) : exchange1_text has 0 polygons
2026-09-09 20:59:20 +0200: Memory Usage (473396K) : exchange2_drw has 0 polygons
2026-09-09 20:59:20 +0200: Memory Usage (473396K) : exchange2_pin has 0 polygons
2026-09-09 20:59:20 +0200: Memory Usage (473556K) : exchange2_text has 0 polygons
2026-09-09 20:59:20 +0200: Memory Usage (473556K) : exchange3_drw has 0 polygons
2026-09-09 20:59:20 +0200: Memory Usage (473556K) : exchange3_pin has 0 polygons
2026-09-09 20:59:20 +0200: Memory Usage (473716K) : exchange3_text has 0 polygons
2026-09-09 20:59:20 +0200: Memory Usage (473716K) : exchange4_drw has 0 polygons
2026-09-09 20:59:20 +0200: Memory Usage (473716K) : exchange4_pin has 0 polygons
2026-09-09 20:59:20 +0200: Memory Usage (473716K) : exchange4_text has 0 polygons
2026-09-09 20:59:20 +0200: Memory Usage (473716K) : isonwell_drw has 0 polygons
2026-09-09 20:59:20 +0200: Memory Usage (473716K) : Total no. of polygons in the design is 97
2026-09-09 20:59:20 +0200: Memory Usage (473876K) : Loaded TECH DRC rules values from /foss/pdks/ihp-sg13g2/libs.tech/klayout/python/sg13g2_pycell_lib/sg13g2_tech_mod.json
2026-09-09 20:59:20 +0200: Memory Usage (473876K) : Loaded default DRC rules values from /foss/pdks/ihp-sg13g2/libs.tech/klayout/tech/drc/rule_decks/sg13g2_tech_default.json
2026-09-09 20:59:20 +0200: Memory Usage (473876K) : The following rules values were missing in tech json and default values were used:
2026-09-09 20:59:20 +0200: Memory Usage (473876K) :   - NW_f1_digibnd
2026-09-09 20:59:20 +0200: Memory Usage (473876K) :   - Cnt_c_digibnd
2026-09-09 20:59:20 +0200: Memory Usage (473876K) :   - Cnt_c_sram
2026-09-09 20:59:20 +0200: Memory Usage (473876K) :   - Sdiod_b
2026-09-09 20:59:20 +0200: Memory Usage (473876K) :   - Sdiod_c
2026-09-09 20:59:20 +0200: Memory Usage (474836K) : Total area of the design is 21.072 um^2.
2026-09-09 20:59:20 +0200: Memory Usage (474836K) : The design dimensions are 4.800000000000001 µm * 4.39 µm.
2026-09-09 20:59:20 +0200: Memory Usage (474836K) : Starting general IHP-SG13G2 derivations.
2026-09-09 20:59:20 +0200: Memory Usage (474836K) : Starting Pwell derivations
2026-09-09 20:59:20 +0200: Memory Usage (477072K) : Starting IHP-SG13G2 DRC rules.
2026-09-09 20:59:20 +0200: Memory Usage (477072K) : Starting 6.10 Sealring table
2026-09-09 20:59:20 +0200: Memory Usage (477072K) : Executing rule Seal.l
2026-09-09 20:59:20 +0200: Memory Usage (477072K) : Executing rule Seal.n
2026-09-09 20:59:20 +0200: Memory Usage (477236K) : Executing rule seal.b_metal1
2026-09-09 20:59:20 +0200: Memory Usage (477236K) : Executing rule seal.b_metal2
2026-09-09 20:59:20 +0200: Memory Usage (477236K) : Executing rule seal.b_metal3
2026-09-09 20:59:20 +0200: Memory Usage (477236K) : Executing rule seal.b_metal4
2026-09-09 20:59:20 +0200: Memory Usage (477236K) : Executing rule seal.b_metal5
2026-09-09 20:59:20 +0200: Memory Usage (477236K) : Executing rule seal.b_topmetal1
2026-09-09 20:59:20 +0200: Memory Usage (477236K) : Executing rule seal.b_topmetal2
2026-09-09 20:59:20 +0200: Memory Usage (477236K) : Executing rule seal.b_activ
2026-09-09 20:59:20 +0200: Memory Usage (477236K) : Executing rule seal.b_psd
2026-09-09 20:59:20 +0200: Memory Usage (477236K) : Executing rule Seal.k
2026-09-09 20:59:20 +0200: Memory Usage (477428K) : Executing rule Seal.m
2026-09-09 20:59:20 +0200: Memory Usage (477428K) : KLayout DRC run for tables 'sealring' completed in 0.26 seconds
