
Circuit 1 cell sg13_lv_nmos and Circuit 2 cell sg13_lv_nmos are black boxes.
Warning: Equate pins:  cell sg13_lv_nmos is a placeholder, treated as a black box.
Warning: Equate pins:  cell sg13_lv_nmos is a placeholder, treated as a black box.

Subcircuit pins:
Circuit 1: sg13_lv_nmos                    |Circuit 2: sg13_lv_nmos                    
-------------------------------------------|-------------------------------------------
1                                          |1                                          
2                                          |2                                          
3                                          |3                                          
4                                          |4                                          
---------------------------------------------------------------------------------------
Cell pin lists are equivalent.
Device classes sg13_lv_nmos and sg13_lv_nmos are equivalent.

Circuit 1 cell sg13_lv_pmos and Circuit 2 cell sg13_lv_pmos are black boxes.
Warning: Equate pins:  cell sg13_lv_pmos is a placeholder, treated as a black box.
Warning: Equate pins:  cell sg13_lv_pmos is a placeholder, treated as a black box.

Subcircuit pins:
Circuit 1: sg13_lv_pmos                    |Circuit 2: sg13_lv_pmos                    
-------------------------------------------|-------------------------------------------
1                                          |1                                          
2                                          |2                                          
3                                          |3                                          
4                                          |4                                          
---------------------------------------------------------------------------------------
Cell pin lists are equivalent.
Device classes sg13_lv_pmos and sg13_lv_pmos are equivalent.
Flattening unmatched subcell sg13g2_a21oi_1 in circuit reference_AION_a21oi_nor2_1 (1)(1 instance)
Flattening unmatched subcell sg13g2_nor2_1 in circuit reference_AION_a21oi_nor2_1 (1)(1 instance)

Subcircuit summary:
Circuit 1: reference_AION_a21oi_nor2_1     |Circuit 2: reference_AION_a21oi_nor2_1     
-------------------------------------------|-------------------------------------------
sg13_lv_nmos (5)                           |sg13_lv_nmos (5)                           
sg13_lv_pmos (5)                           |sg13_lv_pmos (5)                           
Number of devices: 10                      |Number of devices: 10                      
Number of nets: 11                         |Number of nets: 11                         
---------------------------------------------------------------------------------------
Netlists match uniquely.

Subcircuit pins:
Circuit 1: reference_AION_a21oi_nor2_1     |Circuit 2: reference_AION_a21oi_nor2_1     
-------------------------------------------|-------------------------------------------
VDD                                        |VDD                                        
I0                                         |I0                                         
I1                                         |I1                                         
I2                                         |I2                                         
I3                                         |I3                                         
VSS                                        |VSS                                        
O0                                         |O0                                         
---------------------------------------------------------------------------------------
Cell pin lists are equivalent.
Device classes reference_AION_a21oi_nor2_1 and reference_AION_a21oi_nor2_1 are equivalent.

Final result: Circuits match uniquely.
.
